<?xml version="1.0" encoding="UTF-8"?>
<testsuites>
  <testsuite name="E:\coupony-backend\phpunit.xml" tests="6215" assertions="47157" errors="7" failures="51" skipped="0" time="592.146590">
    <testsuite name="Unit" tests="2164" assertions="25555" errors="0" failures="0" skipped="0" time="19.372241">
      <testsuite name="Tests\Unit\AuthenticationServiceTest" file="E:\coupony-backend\tests\Unit\AuthenticationServiceTest.php" tests="9" assertions="22" errors="0" failures="0" skipped="0" time="2.893338">
        <testcase name="test_login_with_valid_credentials" file="E:\coupony-backend\tests\Unit\AuthenticationServiceTest.php" line="42" class="Tests\Unit\AuthenticationServiceTest" classname="Tests.Unit.AuthenticationServiceTest" assertions="6" time="1.947197"/>
        <testcase name="test_login_fails_with_invalid_credentials" file="E:\coupony-backend\tests\Unit\AuthenticationServiceTest.php" line="76" class="Tests\Unit\AuthenticationServiceTest" classname="Tests.Unit.AuthenticationServiceTest" assertions="1" time="0.652898"/>
        <testcase name="test_login_fails_with_suspended_account" file="E:\coupony-backend\tests\Unit\AuthenticationServiceTest.php" line="88" class="Tests\Unit\AuthenticationServiceTest" classname="Tests.Unit.AuthenticationServiceTest" assertions="2" time="0.040434"/>
        <testcase name="test_login_sends_otp_for_unverified_user" file="E:\coupony-backend\tests\Unit\AuthenticationServiceTest.php" line="102" class="Tests\Unit\AuthenticationServiceTest" classname="Tests.Unit.AuthenticationServiceTest" assertions="2" time="0.049362"/>
        <testcase name="test_logout_revokes_current_token" file="E:\coupony-backend\tests\Unit\AuthenticationServiceTest.php" line="129" class="Tests\Unit\AuthenticationServiceTest" classname="Tests.Unit.AuthenticationServiceTest" assertions="2" time="0.042345"/>
        <testcase name="test_logout_all_revokes_all_tokens" file="E:\coupony-backend\tests\Unit\AuthenticationServiceTest.php" line="151" class="Tests\Unit\AuthenticationServiceTest" classname="Tests.Unit.AuthenticationServiceTest" assertions="1" time="0.035422"/>
        <testcase name="test_refresh_token_generates_new_tokens" file="E:\coupony-backend\tests\Unit\AuthenticationServiceTest.php" line="164" class="Tests\Unit\AuthenticationServiceTest" classname="Tests.Unit.AuthenticationServiceTest" assertions="6" time="0.047702"/>
        <testcase name="test_refresh_token_fails_for_legacy_remember_token_cutover" file="E:\coupony-backend\tests\Unit\AuthenticationServiceTest.php" line="193" class="Tests\Unit\AuthenticationServiceTest" classname="Tests.Unit.AuthenticationServiceTest" assertions="1" time="0.036606"/>
        <testcase name="test_refresh_token_fails_when_session_is_expired" file="E:\coupony-backend\tests\Unit\AuthenticationServiceTest.php" line="207" class="Tests\Unit\AuthenticationServiceTest" classname="Tests.Unit.AuthenticationServiceTest" assertions="1" time="0.041373"/>
      </testsuite>
      <testsuite name="Tests\Unit\ConfirmPaymentActionTest" file="E:\coupony-backend\tests\Unit\ConfirmPaymentActionTest.php" tests="9" assertions="21" errors="0" failures="0" skipped="0" time="0.352287">
        <testcase name="test_throws_not_found_when_session_does_not_exist" file="E:\coupony-backend\tests\Unit\ConfirmPaymentActionTest.php" line="35" class="Tests\Unit\ConfirmPaymentActionTest" classname="Tests.Unit.ConfirmPaymentActionTest" assertions="1" time="0.039615"/>
        <testcase name="test_throws_not_found_when_session_belongs_to_different_store" file="E:\coupony-backend\tests\Unit\ConfirmPaymentActionTest.php" line="44" class="Tests\Unit\ConfirmPaymentActionTest" classname="Tests.Unit.ConfirmPaymentActionTest" assertions="1" time="0.037393"/>
        <testcase name="test_throws_already_used_when_session_status_is_failed" file="E:\coupony-backend\tests\Unit\ConfirmPaymentActionTest.php" line="66" class="Tests\Unit\ConfirmPaymentActionTest" classname="Tests.Unit.ConfirmPaymentActionTest" assertions="1" time="0.036090"/>
        <testcase name="test_throws_expired_when_session_is_expired" file="E:\coupony-backend\tests\Unit\ConfirmPaymentActionTest.php" line="88" class="Tests\Unit\ConfirmPaymentActionTest" classname="Tests.Unit.ConfirmPaymentActionTest" assertions="1" time="0.033953"/>
        <testcase name="test_activates_subscription_when_session_is_paid" file="E:\coupony-backend\tests\Unit\ConfirmPaymentActionTest.php" line="108" class="Tests\Unit\ConfirmPaymentActionTest" classname="Tests.Unit.ConfirmPaymentActionTest" assertions="4" time="0.042686"/>
        <testcase name="test_creates_subscription_history_entry_on_activation" file="E:\coupony-backend\tests\Unit\ConfirmPaymentActionTest.php" line="138" class="Tests\Unit\ConfirmPaymentActionTest" classname="Tests.Unit.ConfirmPaymentActionTest" assertions="5" time="0.045226"/>
        <testcase name="test_dispatches_subscription_payment_approved_event" file="E:\coupony-backend\tests\Unit\ConfirmPaymentActionTest.php" line="169" class="Tests\Unit\ConfirmPaymentActionTest" classname="Tests.Unit.ConfirmPaymentActionTest" assertions="1" time="0.039070"/>
        <testcase name="test_returns_existing_subscription_when_pending_session" file="E:\coupony-backend\tests\Unit\ConfirmPaymentActionTest.php" line="195" class="Tests\Unit\ConfirmPaymentActionTest" classname="Tests.Unit.ConfirmPaymentActionTest" assertions="2" time="0.036224"/>
        <testcase name="test_activates_subscription_with_yearly_billing_cycle" file="E:\coupony-backend\tests\Unit\ConfirmPaymentActionTest.php" line="216" class="Tests\Unit\ConfirmPaymentActionTest" classname="Tests.Unit.ConfirmPaymentActionTest" assertions="5" time="0.042028"/>
      </testsuite>
      <testsuite name="Tests\Unit\CreateStoreTest" file="E:\coupony-backend\tests\Unit\CreateStoreTest.php" tests="7" assertions="13" errors="0" failures="0" skipped="0" time="0.342202">
        <testcase name="test_create_store_with_valid_data" file="E:\coupony-backend\tests\Unit\CreateStoreTest.php" line="38" class="Tests\Unit\CreateStoreTest" classname="Tests.Unit.CreateStoreTest" assertions="2" time="0.063352"/>
        <testcase name="test_create_store_assigns_categories" file="E:\coupony-backend\tests\Unit\CreateStoreTest.php" line="66" class="Tests\Unit\CreateStoreTest" classname="Tests.Unit.CreateStoreTest" assertions="1" time="0.053872"/>
        <testcase name="test_create_store_creates_address" file="E:\coupony-backend\tests\Unit\CreateStoreTest.php" line="89" class="Tests\Unit\CreateStoreTest" classname="Tests.Unit.CreateStoreTest" assertions="2" time="0.046483"/>
        <testcase name="test_create_store_assigns_seller_pending_role" file="E:\coupony-backend\tests\Unit\CreateStoreTest.php" line="115" class="Tests\Unit\CreateStoreTest" classname="Tests.Unit.CreateStoreTest" assertions="5" time="0.050155"/>
        <testcase name="test_create_store_creates_default_hours" file="E:\coupony-backend\tests\Unit\CreateStoreTest.php" line="155" class="Tests\Unit\CreateStoreTest" classname="Tests.Unit.CreateStoreTest" assertions="1" time="0.041527"/>
        <testcase name="test_create_store_creates_verifications" file="E:\coupony-backend\tests\Unit\CreateStoreTest.php" line="177" class="Tests\Unit\CreateStoreTest" classname="Tests.Unit.CreateStoreTest" assertions="1" time="0.045488"/>
        <testcase name="test_create_store_does_not_create_duplicate_seller_pending_role_rows" file="E:\coupony-backend\tests\Unit\CreateStoreTest.php" line="203" class="Tests\Unit\CreateStoreTest" classname="Tests.Unit.CreateStoreTest" assertions="1" time="0.041324"/>
      </testsuite>
      <testsuite name="Tests\Unit\Domain\Analytics\GrowthCalculatorTest" file="E:\coupony-backend\tests\Unit\Domain\Analytics\GrowthCalculatorTest.php" tests="409" assertions="512" errors="0" failures="0" skipped="0" time="0.035392">
        <testsuite name="Tests\Unit\Domain\Analytics\GrowthCalculatorTest::test_growth_calculation_matches_formula_when_previous_is_positive" tests="100" assertions="100" errors="0" failures="0" skipped="0" time="0.008604">
          <testcase name="test_growth_calculation_matches_formula_when_previous_is_positive with data set &quot;iteration_0&quot;" file="E:\coupony-backend\tests\Unit\Domain\Analytics\GrowthCalculatorTest.php" line="23" class="Tests\Unit\Domain\Analytics\GrowthCalculatorTest" classname="Tests.Unit.Domain.Analytics.GrowthCalculatorTest" assertions="1" time="0.000586"/>
          <testcase name="test_growth_calculation_matches_formula_when_previous_is_positive with data set &quot;iteration_1&quot;" file="E:\coupony-backend\tests\Unit\Domain\Analytics\GrowthCalculatorTest.php" line="23" class="Tests\Unit\Domain\Analytics\GrowthCalculatorTest" classname="Tests.Unit.Domain.Analytics.GrowthCalculatorTest" assertions="1" time="0.000136"/>
          <testcase name="test_growth_calculation_matches_formula_when_previous_is_positive with data set &quot;iteration_2&quot;" file="E:\coupony-backend\tests\Unit\Domain\Analytics\GrowthCalculatorTest.php" line="23" class="Tests\Unit\Domain\Analytics\GrowthCalculatorTest" classname="Tests.Unit.Domain.Analytics.GrowthCalculatorTest" assertions="1" time="0.000097"/>
          <testcase name="test_growth_calculation_matches_formula_when_previous_is_positive with data set &quot;iteration_3&quot;" file="E:\coupony-backend\tests\Unit\Domain\Analytics\GrowthCalculatorTest.php" line="23" class="Tests\Unit\Domain\Analytics\GrowthCalculatorTest" classname="Tests.Unit.Domain.Analytics.GrowthCalculatorTest" assertions="1" time="0.000124"/>
          <testcase name="test_growth_calculation_matches_formula_when_previous_is_positive with data set &quot;iteration_4&quot;" file="E:\coupony-backend\tests\Unit\Domain\Analytics\GrowthCalculatorTest.php" line="23" class="Tests\Unit\Domain\Analytics\GrowthCalculatorTest" classname="Tests.Unit.Domain.Analytics.GrowthCalculatorTest" assertions="1" time="0.000105"/>
          <testcase name="test_growth_calculation_matches_formula_when_previous_is_positive with data set &quot;iteration_5&quot;" file="E:\coupony-backend\tests\Unit\Domain\Analytics\GrowthCalculatorTest.php" line="23" class="Tests\Unit\Domain\Analytics\GrowthCalculatorTest" classname="Tests.Unit.Domain.Analytics.GrowthCalculatorTest" assertions="1" time="0.000143"/>
          <testcase name="test_growth_calculation_matches_formula_when_previous_is_positive with data set &quot;iteration_6&quot;" file="E:\coupony-backend\tests\Unit\Domain\Analytics\GrowthCalculatorTest.php" line="23" class="Tests\Unit\Domain\Analytics\GrowthCalculatorTest" classname="Tests.Unit.Domain.Analytics.GrowthCalculatorTest" assertions="1" time="0.000133"/>
          <testcase name="test_growth_calculation_matches_formula_when_previous_is_positive with data set &quot;iteration_7&quot;" file="E:\coupony-backend\tests\Unit\Domain\Analytics\GrowthCalculatorTest.php" line="23" class="Tests\Unit\Domain\Analytics\GrowthCalculatorTest" classname="Tests.Unit.Domain.Analytics.GrowthCalculatorTest" assertions="1" time="0.000103"/>
          <testcase name="test_growth_calculation_matches_formula_when_previous_is_positive with data set &quot;iteration_8&quot;" file="E:\coupony-backend\tests\Unit\Domain\Analytics\GrowthCalculatorTest.php" line="23" class="Tests\Unit\Domain\Analytics\GrowthCalculatorTest" classname="Tests.Unit.Domain.Analytics.GrowthCalculatorTest" assertions="1" time="0.000086"/>
          <testcase name="test_growth_calculation_matches_formula_when_previous_is_positive with data set &quot;iteration_9&quot;" file="E:\coupony-backend\tests\Unit\Domain\Analytics\GrowthCalculatorTest.php" line="23" class="Tests\Unit\Domain\Analytics\GrowthCalculatorTest" classname="Tests.Unit.Domain.Analytics.GrowthCalculatorTest" assertions="1" time="0.000118"/>
          <testcase name="test_growth_calculation_matches_formula_when_previous_is_positive with data set &quot;iteration_10&quot;" file="E:\coupony-backend\tests\Unit\Domain\Analytics\GrowthCalculatorTest.php" line="23" class="Tests\Unit\Domain\Analytics\GrowthCalculatorTest" classname="Tests.Unit.Domain.Analytics.GrowthCalculatorTest" assertions="1" time="0.000115"/>
          <testcase name="test_growth_calculation_matches_formula_when_previous_is_positive with data set &quot;iteration_11&quot;" file="E:\coupony-backend\tests\Unit\Domain\Analytics\GrowthCalculatorTest.php" line="23" class="Tests\Unit\Domain\Analytics\GrowthCalculatorTest" classname="Tests.Unit.Domain.Analytics.GrowthCalculatorTest" assertions="1" time="0.000089"/>
          <testcase name="test_growth_calculation_matches_formula_when_previous_is_positive with data set &quot;iteration_12&quot;" file="E:\coupony-backend\tests\Unit\Domain\Analytics\GrowthCalculatorTest.php" line="23" class="Tests\Unit\Domain\Analytics\GrowthCalculatorTest" classname="Tests.Unit.Domain.Analytics.GrowthCalculatorTest" assertions="1" time="0.000080"/>
          <testcase name="test_growth_calculation_matches_formula_when_previous_is_positive with data set &quot;iteration_13&quot;" file="E:\coupony-backend\tests\Unit\Domain\Analytics\GrowthCalculatorTest.php" line="23" class="Tests\Unit\Domain\Analytics\GrowthCalculatorTest" classname="Tests.Unit.Domain.Analytics.GrowthCalculatorTest" assertions="1" time="0.000079"/>
          <testcase name="test_growth_calculation_matches_formula_when_previous_is_positive with data set &quot;iteration_14&quot;" file="E:\coupony-backend\tests\Unit\Domain\Analytics\GrowthCalculatorTest.php" line="23" class="Tests\Unit\Domain\Analytics\GrowthCalculatorTest" classname="Tests.Unit.Domain.Analytics.GrowthCalculatorTest" assertions="1" time="0.000078"/>
          <testcase name="test_growth_calculation_matches_formula_when_previous_is_positive with data set &quot;iteration_15&quot;" file="E:\coupony-backend\tests\Unit\Domain\Analytics\GrowthCalculatorTest.php" line="23" class="Tests\Unit\Domain\Analytics\GrowthCalculatorTest" classname="Tests.Unit.Domain.Analytics.GrowthCalculatorTest" assertions="1" time="0.000080"/>
          <testcase name="test_growth_calculation_matches_formula_when_previous_is_positive with data set &quot;iteration_16&quot;" file="E:\coupony-backend\tests\Unit\Domain\Analytics\GrowthCalculatorTest.php" line="23" class="Tests\Unit\Domain\Analytics\GrowthCalculatorTest" classname="Tests.Unit.Domain.Analytics.GrowthCalculatorTest" assertions="1" time="0.000078"/>
          <testcase name="test_growth_calculation_matches_formula_when_previous_is_positive with data set &quot;iteration_17&quot;" file="E:\coupony-backend\tests\Unit\Domain\Analytics\GrowthCalculatorTest.php" line="23" class="Tests\Unit\Domain\Analytics\GrowthCalculatorTest" classname="Tests.Unit.Domain.Analytics.GrowthCalculatorTest" assertions="1" time="0.000077"/>
          <testcase name="test_growth_calculation_matches_formula_when_previous_is_positive with data set &quot;iteration_18&quot;" file="E:\coupony-backend\tests\Unit\Domain\Analytics\GrowthCalculatorTest.php" line="23" class="Tests\Unit\Domain\Analytics\GrowthCalculatorTest" classname="Tests.Unit.Domain.Analytics.GrowthCalculatorTest" assertions="1" time="0.000077"/>
          <testcase name="test_growth_calculation_matches_formula_when_previous_is_positive with data set &quot;iteration_19&quot;" file="E:\coupony-backend\tests\Unit\Domain\Analytics\GrowthCalculatorTest.php" line="23" class="Tests\Unit\Domain\Analytics\GrowthCalculatorTest" classname="Tests.Unit.Domain.Analytics.GrowthCalculatorTest" assertions="1" time="0.000076"/>
          <testcase name="test_growth_calculation_matches_formula_when_previous_is_positive with data set &quot;iteration_20&quot;" file="E:\coupony-backend\tests\Unit\Domain\Analytics\GrowthCalculatorTest.php" line="23" class="Tests\Unit\Domain\Analytics\GrowthCalculatorTest" classname="Tests.Unit.Domain.Analytics.GrowthCalculatorTest" assertions="1" time="0.000076"/>
          <testcase name="test_growth_calculation_matches_formula_when_previous_is_positive with data set &quot;iteration_21&quot;" file="E:\coupony-backend\tests\Unit\Domain\Analytics\GrowthCalculatorTest.php" line="23" class="Tests\Unit\Domain\Analytics\GrowthCalculatorTest" classname="Tests.Unit.Domain.Analytics.GrowthCalculatorTest" assertions="1" time="0.000076"/>
          <testcase name="test_growth_calculation_matches_formula_when_previous_is_positive with data set &quot;iteration_22&quot;" file="E:\coupony-backend\tests\Unit\Domain\Analytics\GrowthCalculatorTest.php" line="23" class="Tests\Unit\Domain\Analytics\GrowthCalculatorTest" classname="Tests.Unit.Domain.Analytics.GrowthCalculatorTest" assertions="1" time="0.000076"/>
          <testcase name="test_growth_calculation_matches_formula_when_previous_is_positive with data set &quot;iteration_23&quot;" file="E:\coupony-backend\tests\Unit\Domain\Analytics\GrowthCalculatorTest.php" line="23" class="Tests\Unit\Domain\Analytics\GrowthCalculatorTest" classname="Tests.Unit.Domain.Analytics.GrowthCalculatorTest" assertions="1" time="0.000076"/>
          <testcase name="test_growth_calculation_matches_formula_when_previous_is_positive with data set &quot;iteration_24&quot;" file="E:\coupony-backend\tests\Unit\Domain\Analytics\GrowthCalculatorTest.php" line="23" class="Tests\Unit\Domain\Analytics\GrowthCalculatorTest" classname="Tests.Unit.Domain.Analytics.GrowthCalculatorTest" assertions="1" time="0.000077"/>
          <testcase name="test_growth_calculation_matches_formula_when_previous_is_positive with data set &quot;iteration_25&quot;" file="E:\coupony-backend\tests\Unit\Domain\Analytics\GrowthCalculatorTest.php" line="23" class="Tests\Unit\Domain\Analytics\GrowthCalculatorTest" classname="Tests.Unit.Domain.Analytics.GrowthCalculatorTest" assertions="1" time="0.000077"/>
          <testcase name="test_growth_calculation_matches_formula_when_previous_is_positive with data set &quot;iteration_26&quot;" file="E:\coupony-backend\tests\Unit\Domain\Analytics\GrowthCalculatorTest.php" line="23" class="Tests\Unit\Domain\Analytics\GrowthCalculatorTest" classname="Tests.Unit.Domain.Analytics.GrowthCalculatorTest" assertions="1" time="0.000076"/>
          <testcase name="test_growth_calculation_matches_formula_when_previous_is_positive with data set &quot;iteration_27&quot;" file="E:\coupony-backend\tests\Unit\Domain\Analytics\GrowthCalculatorTest.php" line="23" class="Tests\Unit\Domain\Analytics\GrowthCalculatorTest" classname="Tests.Unit.Domain.Analytics.GrowthCalculatorTest" assertions="1" time="0.000076"/>
          <testcase name="test_growth_calculation_matches_formula_when_previous_is_positive with data set &quot;iteration_28&quot;" file="E:\coupony-backend\tests\Unit\Domain\Analytics\GrowthCalculatorTest.php" line="23" class="Tests\Unit\Domain\Analytics\GrowthCalculatorTest" classname="Tests.Unit.Domain.Analytics.GrowthCalculatorTest" assertions="1" time="0.000076"/>
          <testcase name="test_growth_calculation_matches_formula_when_previous_is_positive with data set &quot;iteration_29&quot;" file="E:\coupony-backend\tests\Unit\Domain\Analytics\GrowthCalculatorTest.php" line="23" class="Tests\Unit\Domain\Analytics\GrowthCalculatorTest" classname="Tests.Unit.Domain.Analytics.GrowthCalculatorTest" assertions="1" time="0.000075"/>
          <testcase name="test_growth_calculation_matches_formula_when_previous_is_positive with data set &quot;iteration_30&quot;" file="E:\coupony-backend\tests\Unit\Domain\Analytics\GrowthCalculatorTest.php" line="23" class="Tests\Unit\Domain\Analytics\GrowthCalculatorTest" classname="Tests.Unit.Domain.Analytics.GrowthCalculatorTest" assertions="1" time="0.000076"/>
          <testcase name="test_growth_calculation_matches_formula_when_previous_is_positive with data set &quot;iteration_31&quot;" file="E:\coupony-backend\tests\Unit\Domain\Analytics\GrowthCalculatorTest.php" line="23" class="Tests\Unit\Domain\Analytics\GrowthCalculatorTest" classname="Tests.Unit.Domain.Analytics.GrowthCalculatorTest" assertions="1" time="0.000083"/>
          <testcase name="test_growth_calculation_matches_formula_when_previous_is_positive with data set &quot;iteration_32&quot;" file="E:\coupony-backend\tests\Unit\Domain\Analytics\GrowthCalculatorTest.php" line="23" class="Tests\Unit\Domain\Analytics\GrowthCalculatorTest" classname="Tests.Unit.Domain.Analytics.GrowthCalculatorTest" assertions="1" time="0.000076"/>
          <testcase name="test_growth_calculation_matches_formula_when_previous_is_positive with data set &quot;iteration_33&quot;" file="E:\coupony-backend\tests\Unit\Domain\Analytics\GrowthCalculatorTest.php" line="23" class="Tests\Unit\Domain\Analytics\GrowthCalculatorTest" classname="Tests.Unit.Domain.Analytics.GrowthCalculatorTest" assertions="1" time="0.000084"/>
          <testcase name="test_growth_calculation_matches_formula_when_previous_is_positive with data set &quot;iteration_34&quot;" file="E:\coupony-backend\tests\Unit\Domain\Analytics\GrowthCalculatorTest.php" line="23" class="Tests\Unit\Domain\Analytics\GrowthCalculatorTest" classname="Tests.Unit.Domain.Analytics.GrowthCalculatorTest" assertions="1" time="0.000077"/>
          <testcase name="test_growth_calculation_matches_formula_when_previous_is_positive with data set &quot;iteration_35&quot;" file="E:\coupony-backend\tests\Unit\Domain\Analytics\GrowthCalculatorTest.php" line="23" class="Tests\Unit\Domain\Analytics\GrowthCalculatorTest" classname="Tests.Unit.Domain.Analytics.GrowthCalculatorTest" assertions="1" time="0.000076"/>
          <testcase name="test_growth_calculation_matches_formula_when_previous_is_positive with data set &quot;iteration_36&quot;" file="E:\coupony-backend\tests\Unit\Domain\Analytics\GrowthCalculatorTest.php" line="23" class="Tests\Unit\Domain\Analytics\GrowthCalculatorTest" classname="Tests.Unit.Domain.Analytics.GrowthCalculatorTest" assertions="1" time="0.000078"/>
          <testcase name="test_growth_calculation_matches_formula_when_previous_is_positive with data set &quot;iteration_37&quot;" file="E:\coupony-backend\tests\Unit\Domain\Analytics\GrowthCalculatorTest.php" line="23" class="Tests\Unit\Domain\Analytics\GrowthCalculatorTest" classname="Tests.Unit.Domain.Analytics.GrowthCalculatorTest" assertions="1" time="0.000077"/>
          <testcase name="test_growth_calculation_matches_formula_when_previous_is_positive with data set &quot;iteration_38&quot;" file="E:\coupony-backend\tests\Unit\Domain\Analytics\GrowthCalculatorTest.php" line="23" class="Tests\Unit\Domain\Analytics\GrowthCalculatorTest" classname="Tests.Unit.Domain.Analytics.GrowthCalculatorTest" assertions="1" time="0.000076"/>
          <testcase name="test_growth_calculation_matches_formula_when_previous_is_positive with data set &quot;iteration_39&quot;" file="E:\coupony-backend\tests\Unit\Domain\Analytics\GrowthCalculatorTest.php" line="23" class="Tests\Unit\Domain\Analytics\GrowthCalculatorTest" classname="Tests.Unit.Domain.Analytics.GrowthCalculatorTest" assertions="1" time="0.000077"/>
          <testcase name="test_growth_calculation_matches_formula_when_previous_is_positive with data set &quot;iteration_40&quot;" file="E:\coupony-backend\tests\Unit\Domain\Analytics\GrowthCalculatorTest.php" line="23" class="Tests\Unit\Domain\Analytics\GrowthCalculatorTest" classname="Tests.Unit.Domain.Analytics.GrowthCalculatorTest" assertions="1" time="0.000077"/>
          <testcase name="test_growth_calculation_matches_formula_when_previous_is_positive with data set &quot;iteration_41&quot;" file="E:\coupony-backend\tests\Unit\Domain\Analytics\GrowthCalculatorTest.php" line="23" class="Tests\Unit\Domain\Analytics\GrowthCalculatorTest" classname="Tests.Unit.Domain.Analytics.GrowthCalculatorTest" assertions="1" time="0.000075"/>
          <testcase name="test_growth_calculation_matches_formula_when_previous_is_positive with data set &quot;iteration_42&quot;" file="E:\coupony-backend\tests\Unit\Domain\Analytics\GrowthCalculatorTest.php" line="23" class="Tests\Unit\Domain\Analytics\GrowthCalculatorTest" classname="Tests.Unit.Domain.Analytics.GrowthCalculatorTest" assertions="1" time="0.000076"/>
          <testcase name="test_growth_calculation_matches_formula_when_previous_is_positive with data set &quot;iteration_43&quot;" file="E:\coupony-backend\tests\Unit\Domain\Analytics\GrowthCalculatorTest.php" line="23" class="Tests\Unit\Domain\Analytics\GrowthCalculatorTest" classname="Tests.Unit.Domain.Analytics.GrowthCalculatorTest" assertions="1" time="0.000076"/>
          <testcase name="test_growth_calculation_matches_formula_when_previous_is_positive with data set &quot;iteration_44&quot;" file="E:\coupony-backend\tests\Unit\Domain\Analytics\GrowthCalculatorTest.php" line="23" class="Tests\Unit\Domain\Analytics\GrowthCalculatorTest" classname="Tests.Unit.Domain.Analytics.GrowthCalculatorTest" assertions="1" time="0.000076"/>
          <testcase name="test_growth_calculation_matches_formula_when_previous_is_positive with data set &quot;iteration_45&quot;" file="E:\coupony-backend\tests\Unit\Domain\Analytics\GrowthCalculatorTest.php" line="23" class="Tests\Unit\Domain\Analytics\GrowthCalculatorTest" classname="Tests.Unit.Domain.Analytics.GrowthCalculatorTest" assertions="1" time="0.000075"/>
          <testcase name="test_growth_calculation_matches_formula_when_previous_is_positive with data set &quot;iteration_46&quot;" file="E:\coupony-backend\tests\Unit\Domain\Analytics\GrowthCalculatorTest.php" line="23" class="Tests\Unit\Domain\Analytics\GrowthCalculatorTest" classname="Tests.Unit.Domain.Analytics.GrowthCalculatorTest" assertions="1" time="0.000076"/>
          <testcase name="test_growth_calculation_matches_formula_when_previous_is_positive with data set &quot;iteration_47&quot;" file="E:\coupony-backend\tests\Unit\Domain\Analytics\GrowthCalculatorTest.php" line="23" class="Tests\Unit\Domain\Analytics\GrowthCalculatorTest" classname="Tests.Unit.Domain.Analytics.GrowthCalculatorTest" assertions="1" time="0.000075"/>
          <testcase name="test_growth_calculation_matches_formula_when_previous_is_positive with data set &quot;iteration_48&quot;" file="E:\coupony-backend\tests\Unit\Domain\Analytics\GrowthCalculatorTest.php" line="23" class="Tests\Unit\Domain\Analytics\GrowthCalculatorTest" classname="Tests.Unit.Domain.Analytics.GrowthCalculatorTest" assertions="1" time="0.000075"/>
          <testcase name="test_growth_calculation_matches_formula_when_previous_is_positive with data set &quot;iteration_49&quot;" file="E:\coupony-backend\tests\Unit\Domain\Analytics\GrowthCalculatorTest.php" line="23" class="Tests\Unit\Domain\Analytics\GrowthCalculatorTest" classname="Tests.Unit.Domain.Analytics.GrowthCalculatorTest" assertions="1" time="0.000075"/>
          <testcase name="test_growth_calculation_matches_formula_when_previous_is_positive with data set &quot;iteration_50&quot;" file="E:\coupony-backend\tests\Unit\Domain\Analytics\GrowthCalculatorTest.php" line="23" class="Tests\Unit\Domain\Analytics\GrowthCalculatorTest" classname="Tests.Unit.Domain.Analytics.GrowthCalculatorTest" assertions="1" time="0.000075"/>
          <testcase name="test_growth_calculation_matches_formula_when_previous_is_positive with data set &quot;iteration_51&quot;" file="E:\coupony-backend\tests\Unit\Domain\Analytics\GrowthCalculatorTest.php" line="23" class="Tests\Unit\Domain\Analytics\GrowthCalculatorTest" classname="Tests.Unit.Domain.Analytics.GrowthCalculatorTest" assertions="1" time="0.000074"/>
          <testcase name="test_growth_calculation_matches_formula_when_previous_is_positive with data set &quot;iteration_52&quot;" file="E:\coupony-backend\tests\Unit\Domain\Analytics\GrowthCalculatorTest.php" line="23" class="Tests\Unit\Domain\Analytics\GrowthCalculatorTest" classname="Tests.Unit.Domain.Analytics.GrowthCalculatorTest" assertions="1" time="0.000078"/>
          <testcase name="test_growth_calculation_matches_formula_when_previous_is_positive with data set &quot;iteration_53&quot;" file="E:\coupony-backend\tests\Unit\Domain\Analytics\GrowthCalculatorTest.php" line="23" class="Tests\Unit\Domain\Analytics\GrowthCalculatorTest" classname="Tests.Unit.Domain.Analytics.GrowthCalculatorTest" assertions="1" time="0.000076"/>
          <testcase name="test_growth_calculation_matches_formula_when_previous_is_positive with data set &quot;iteration_54&quot;" file="E:\coupony-backend\tests\Unit\Domain\Analytics\GrowthCalculatorTest.php" line="23" class="Tests\Unit\Domain\Analytics\GrowthCalculatorTest" classname="Tests.Unit.Domain.Analytics.GrowthCalculatorTest" assertions="1" time="0.000075"/>
          <testcase name="test_growth_calculation_matches_formula_when_previous_is_positive with data set &quot;iteration_55&quot;" file="E:\coupony-backend\tests\Unit\Domain\Analytics\GrowthCalculatorTest.php" line="23" class="Tests\Unit\Domain\Analytics\GrowthCalculatorTest" classname="Tests.Unit.Domain.Analytics.GrowthCalculatorTest" assertions="1" time="0.000075"/>
          <testcase name="test_growth_calculation_matches_formula_when_previous_is_positive with data set &quot;iteration_56&quot;" file="E:\coupony-backend\tests\Unit\Domain\Analytics\GrowthCalculatorTest.php" line="23" class="Tests\Unit\Domain\Analytics\GrowthCalculatorTest" classname="Tests.Unit.Domain.Analytics.GrowthCalculatorTest" assertions="1" time="0.000076"/>
          <testcase name="test_growth_calculation_matches_formula_when_previous_is_positive with data set &quot;iteration_57&quot;" file="E:\coupony-backend\tests\Unit\Domain\Analytics\GrowthCalculatorTest.php" line="23" class="Tests\Unit\Domain\Analytics\GrowthCalculatorTest" classname="Tests.Unit.Domain.Analytics.GrowthCalculatorTest" assertions="1" time="0.000077"/>
          <testcase name="test_growth_calculation_matches_formula_when_previous_is_positive with data set &quot;iteration_58&quot;" file="E:\coupony-backend\tests\Unit\Domain\Analytics\GrowthCalculatorTest.php" line="23" class="Tests\Unit\Domain\Analytics\GrowthCalculatorTest" classname="Tests.Unit.Domain.Analytics.GrowthCalculatorTest" assertions="1" time="0.000075"/>
          <testcase name="test_growth_calculation_matches_formula_when_previous_is_positive with data set &quot;iteration_59&quot;" file="E:\coupony-backend\tests\Unit\Domain\Analytics\GrowthCalculatorTest.php" line="23" class="Tests\Unit\Domain\Analytics\GrowthCalculatorTest" classname="Tests.Unit.Domain.Analytics.GrowthCalculatorTest" assertions="1" time="0.000076"/>
          <testcase name="test_growth_calculation_matches_formula_when_previous_is_positive with data set &quot;iteration_60&quot;" file="E:\coupony-backend\tests\Unit\Domain\Analytics\GrowthCalculatorTest.php" line="23" class="Tests\Unit\Domain\Analytics\GrowthCalculatorTest" classname="Tests.Unit.Domain.Analytics.GrowthCalculatorTest" assertions="1" time="0.000075"/>
          <testcase name="test_growth_calculation_matches_formula_when_previous_is_positive with data set &quot;iteration_61&quot;" file="E:\coupony-backend\tests\Unit\Domain\Analytics\GrowthCalculatorTest.php" line="23" class="Tests\Unit\Domain\Analytics\GrowthCalculatorTest" classname="Tests.Unit.Domain.Analytics.GrowthCalculatorTest" assertions="1" time="0.000076"/>
          <testcase name="test_growth_calculation_matches_formula_when_previous_is_positive with data set &quot;iteration_62&quot;" file="E:\coupony-backend\tests\Unit\Domain\Analytics\GrowthCalculatorTest.php" line="23" class="Tests\Unit\Domain\Analytics\GrowthCalculatorTest" classname="Tests.Unit.Domain.Analytics.GrowthCalculatorTest" assertions="1" time="0.000075"/>
          <testcase name="test_growth_calculation_matches_formula_when_previous_is_positive with data set &quot;iteration_63&quot;" file="E:\coupony-backend\tests\Unit\Domain\Analytics\GrowthCalculatorTest.php" line="23" class="Tests\Unit\Domain\Analytics\GrowthCalculatorTest" classname="Tests.Unit.Domain.Analytics.GrowthCalculatorTest" assertions="1" time="0.000081"/>
          <testcase name="test_growth_calculation_matches_formula_when_previous_is_positive with data set &quot;iteration_64&quot;" file="E:\coupony-backend\tests\Unit\Domain\Analytics\GrowthCalculatorTest.php" line="23" class="Tests\Unit\Domain\Analytics\GrowthCalculatorTest" classname="Tests.Unit.Domain.Analytics.GrowthCalculatorTest" assertions="1" time="0.000076"/>
          <testcase name="test_growth_calculation_matches_formula_when_previous_is_positive with data set &quot;iteration_65&quot;" file="E:\coupony-backend\tests\Unit\Domain\Analytics\GrowthCalculatorTest.php" line="23" class="Tests\Unit\Domain\Analytics\GrowthCalculatorTest" classname="Tests.Unit.Domain.Analytics.GrowthCalculatorTest" assertions="1" time="0.000075"/>
          <testcase name="test_growth_calculation_matches_formula_when_previous_is_positive with data set &quot;iteration_66&quot;" file="E:\coupony-backend\tests\Unit\Domain\Analytics\GrowthCalculatorTest.php" line="23" class="Tests\Unit\Domain\Analytics\GrowthCalculatorTest" classname="Tests.Unit.Domain.Analytics.GrowthCalculatorTest" assertions="1" time="0.000076"/>
          <testcase name="test_growth_calculation_matches_formula_when_previous_is_positive with data set &quot;iteration_67&quot;" file="E:\coupony-backend\tests\Unit\Domain\Analytics\GrowthCalculatorTest.php" line="23" class="Tests\Unit\Domain\Analytics\GrowthCalculatorTest" classname="Tests.Unit.Domain.Analytics.GrowthCalculatorTest" assertions="1" time="0.000075"/>
          <testcase name="test_growth_calculation_matches_formula_when_previous_is_positive with data set &quot;iteration_68&quot;" file="E:\coupony-backend\tests\Unit\Domain\Analytics\GrowthCalculatorTest.php" line="23" class="Tests\Unit\Domain\Analytics\GrowthCalculatorTest" classname="Tests.Unit.Domain.Analytics.GrowthCalculatorTest" assertions="1" time="0.000075"/>
          <testcase name="test_growth_calculation_matches_formula_when_previous_is_positive with data set &quot;iteration_69&quot;" file="E:\coupony-backend\tests\Unit\Domain\Analytics\GrowthCalculatorTest.php" line="23" class="Tests\Unit\Domain\Analytics\GrowthCalculatorTest" classname="Tests.Unit.Domain.Analytics.GrowthCalculatorTest" assertions="1" time="0.000074"/>
          <testcase name="test_growth_calculation_matches_formula_when_previous_is_positive with data set &quot;iteration_70&quot;" file="E:\coupony-backend\tests\Unit\Domain\Analytics\GrowthCalculatorTest.php" line="23" class="Tests\Unit\Domain\Analytics\GrowthCalculatorTest" classname="Tests.Unit.Domain.Analytics.GrowthCalculatorTest" assertions="1" time="0.000081"/>
          <testcase name="test_growth_calculation_matches_formula_when_previous_is_positive with data set &quot;iteration_71&quot;" file="E:\coupony-backend\tests\Unit\Domain\Analytics\GrowthCalculatorTest.php" line="23" class="Tests\Unit\Domain\Analytics\GrowthCalculatorTest" classname="Tests.Unit.Domain.Analytics.GrowthCalculatorTest" assertions="1" time="0.000078"/>
          <testcase name="test_growth_calculation_matches_formula_when_previous_is_positive with data set &quot;iteration_72&quot;" file="E:\coupony-backend\tests\Unit\Domain\Analytics\GrowthCalculatorTest.php" line="23" class="Tests\Unit\Domain\Analytics\GrowthCalculatorTest" classname="Tests.Unit.Domain.Analytics.GrowthCalculatorTest" assertions="1" time="0.000120"/>
          <testcase name="test_growth_calculation_matches_formula_when_previous_is_positive with data set &quot;iteration_73&quot;" file="E:\coupony-backend\tests\Unit\Domain\Analytics\GrowthCalculatorTest.php" line="23" class="Tests\Unit\Domain\Analytics\GrowthCalculatorTest" classname="Tests.Unit.Domain.Analytics.GrowthCalculatorTest" assertions="1" time="0.000078"/>
          <testcase name="test_growth_calculation_matches_formula_when_previous_is_positive with data set &quot;iteration_74&quot;" file="E:\coupony-backend\tests\Unit\Domain\Analytics\GrowthCalculatorTest.php" line="23" class="Tests\Unit\Domain\Analytics\GrowthCalculatorTest" classname="Tests.Unit.Domain.Analytics.GrowthCalculatorTest" assertions="1" time="0.000076"/>
          <testcase name="test_growth_calculation_matches_formula_when_previous_is_positive with data set &quot;iteration_75&quot;" file="E:\coupony-backend\tests\Unit\Domain\Analytics\GrowthCalculatorTest.php" line="23" class="Tests\Unit\Domain\Analytics\GrowthCalculatorTest" classname="Tests.Unit.Domain.Analytics.GrowthCalculatorTest" assertions="1" time="0.000075"/>
          <testcase name="test_growth_calculation_matches_formula_when_previous_is_positive with data set &quot;iteration_76&quot;" file="E:\coupony-backend\tests\Unit\Domain\Analytics\GrowthCalculatorTest.php" line="23" class="Tests\Unit\Domain\Analytics\GrowthCalculatorTest" classname="Tests.Unit.Domain.Analytics.GrowthCalculatorTest" assertions="1" time="0.000075"/>
          <testcase name="test_growth_calculation_matches_formula_when_previous_is_positive with data set &quot;iteration_77&quot;" file="E:\coupony-backend\tests\Unit\Domain\Analytics\GrowthCalculatorTest.php" line="23" class="Tests\Unit\Domain\Analytics\GrowthCalculatorTest" classname="Tests.Unit.Domain.Analytics.GrowthCalculatorTest" assertions="1" time="0.000075"/>
          <testcase name="test_growth_calculation_matches_formula_when_previous_is_positive with data set &quot;iteration_78&quot;" file="E:\coupony-backend\tests\Unit\Domain\Analytics\GrowthCalculatorTest.php" line="23" class="Tests\Unit\Domain\Analytics\GrowthCalculatorTest" classname="Tests.Unit.Domain.Analytics.GrowthCalculatorTest" assertions="1" time="0.000075"/>
          <testcase name="test_growth_calculation_matches_formula_when_previous_is_positive with data set &quot;iteration_79&quot;" file="E:\coupony-backend\tests\Unit\Domain\Analytics\GrowthCalculatorTest.php" line="23" class="Tests\Unit\Domain\Analytics\GrowthCalculatorTest" classname="Tests.Unit.Domain.Analytics.GrowthCalculatorTest" assertions="1" time="0.000075"/>
          <testcase name="test_growth_calculation_matches_formula_when_previous_is_positive with data set &quot;iteration_80&quot;" file="E:\coupony-backend\tests\Unit\Domain\Analytics\GrowthCalculatorTest.php" line="23" class="Tests\Unit\Domain\Analytics\GrowthCalculatorTest" classname="Tests.Unit.Domain.Analytics.GrowthCalculatorTest" assertions="1" time="0.000075"/>
          <testcase name="test_growth_calculation_matches_formula_when_previous_is_positive with data set &quot;iteration_81&quot;" file="E:\coupony-backend\tests\Unit\Domain\Analytics\GrowthCalculatorTest.php" line="23" class="Tests\Unit\Domain\Analytics\GrowthCalculatorTest" classname="Tests.Unit.Domain.Analytics.GrowthCalculatorTest" assertions="1" time="0.000075"/>
          <testcase name="test_growth_calculation_matches_formula_when_previous_is_positive with data set &quot;iteration_82&quot;" file="E:\coupony-backend\tests\Unit\Domain\Analytics\GrowthCalculatorTest.php" line="23" class="Tests\Unit\Domain\Analytics\GrowthCalculatorTest" classname="Tests.Unit.Domain.Analytics.GrowthCalculatorTest" assertions="1" time="0.000084"/>
          <testcase name="test_growth_calculation_matches_formula_when_previous_is_positive with data set &quot;iteration_83&quot;" file="E:\coupony-backend\tests\Unit\Domain\Analytics\GrowthCalculatorTest.php" line="23" class="Tests\Unit\Domain\Analytics\GrowthCalculatorTest" classname="Tests.Unit.Domain.Analytics.GrowthCalculatorTest" assertions="1" time="0.000075"/>
          <testcase name="test_growth_calculation_matches_formula_when_previous_is_positive with data set &quot;iteration_84&quot;" file="E:\coupony-backend\tests\Unit\Domain\Analytics\GrowthCalculatorTest.php" line="23" class="Tests\Unit\Domain\Analytics\GrowthCalculatorTest" classname="Tests.Unit.Domain.Analytics.GrowthCalculatorTest" assertions="1" time="0.000075"/>
          <testcase name="test_growth_calculation_matches_formula_when_previous_is_positive with data set &quot;iteration_85&quot;" file="E:\coupony-backend\tests\Unit\Domain\Analytics\GrowthCalculatorTest.php" line="23" class="Tests\Unit\Domain\Analytics\GrowthCalculatorTest" classname="Tests.Unit.Domain.Analytics.GrowthCalculatorTest" assertions="1" time="0.000075"/>
          <testcase name="test_growth_calculation_matches_formula_when_previous_is_positive with data set &quot;iteration_86&quot;" file="E:\coupony-backend\tests\Unit\Domain\Analytics\GrowthCalculatorTest.php" line="23" class="Tests\Unit\Domain\Analytics\GrowthCalculatorTest" classname="Tests.Unit.Domain.Analytics.GrowthCalculatorTest" assertions="1" time="0.000075"/>
          <testcase name="test_growth_calculation_matches_formula_when_previous_is_positive with data set &quot;iteration_87&quot;" file="E:\coupony-backend\tests\Unit\Domain\Analytics\GrowthCalculatorTest.php" line="23" class="Tests\Unit\Domain\Analytics\GrowthCalculatorTest" classname="Tests.Unit.Domain.Analytics.GrowthCalculatorTest" assertions="1" time="0.000076"/>
          <testcase name="test_growth_calculation_matches_formula_when_previous_is_positive with data set &quot;iteration_88&quot;" file="E:\coupony-backend\tests\Unit\Domain\Analytics\GrowthCalculatorTest.php" line="23" class="Tests\Unit\Domain\Analytics\GrowthCalculatorTest" classname="Tests.Unit.Domain.Analytics.GrowthCalculatorTest" assertions="1" time="0.000075"/>
          <testcase name="test_growth_calculation_matches_formula_when_previous_is_positive with data set &quot;iteration_89&quot;" file="E:\coupony-backend\tests\Unit\Domain\Analytics\GrowthCalculatorTest.php" line="23" class="Tests\Unit\Domain\Analytics\GrowthCalculatorTest" classname="Tests.Unit.Domain.Analytics.GrowthCalculatorTest" assertions="1" time="0.000077"/>
          <testcase name="test_growth_calculation_matches_formula_when_previous_is_positive with data set &quot;iteration_90&quot;" file="E:\coupony-backend\tests\Unit\Domain\Analytics\GrowthCalculatorTest.php" line="23" class="Tests\Unit\Domain\Analytics\GrowthCalculatorTest" classname="Tests.Unit.Domain.Analytics.GrowthCalculatorTest" assertions="1" time="0.000075"/>
          <testcase name="test_growth_calculation_matches_formula_when_previous_is_positive with data set &quot;iteration_91&quot;" file="E:\coupony-backend\tests\Unit\Domain\Analytics\GrowthCalculatorTest.php" line="23" class="Tests\Unit\Domain\Analytics\GrowthCalculatorTest" classname="Tests.Unit.Domain.Analytics.GrowthCalculatorTest" assertions="1" time="0.000075"/>
          <testcase name="test_growth_calculation_matches_formula_when_previous_is_positive with data set &quot;iteration_92&quot;" file="E:\coupony-backend\tests\Unit\Domain\Analytics\GrowthCalculatorTest.php" line="23" class="Tests\Unit\Domain\Analytics\GrowthCalculatorTest" classname="Tests.Unit.Domain.Analytics.GrowthCalculatorTest" assertions="1" time="0.000076"/>
          <testcase name="test_growth_calculation_matches_formula_when_previous_is_positive with data set &quot;iteration_93&quot;" file="E:\coupony-backend\tests\Unit\Domain\Analytics\GrowthCalculatorTest.php" line="23" class="Tests\Unit\Domain\Analytics\GrowthCalculatorTest" classname="Tests.Unit.Domain.Analytics.GrowthCalculatorTest" assertions="1" time="0.000075"/>
          <testcase name="test_growth_calculation_matches_formula_when_previous_is_positive with data set &quot;iteration_94&quot;" file="E:\coupony-backend\tests\Unit\Domain\Analytics\GrowthCalculatorTest.php" line="23" class="Tests\Unit\Domain\Analytics\GrowthCalculatorTest" classname="Tests.Unit.Domain.Analytics.GrowthCalculatorTest" assertions="1" time="0.000075"/>
          <testcase name="test_growth_calculation_matches_formula_when_previous_is_positive with data set &quot;iteration_95&quot;" file="E:\coupony-backend\tests\Unit\Domain\Analytics\GrowthCalculatorTest.php" line="23" class="Tests\Unit\Domain\Analytics\GrowthCalculatorTest" classname="Tests.Unit.Domain.Analytics.GrowthCalculatorTest" assertions="1" time="0.000083"/>
          <testcase name="test_growth_calculation_matches_formula_when_previous_is_positive with data set &quot;iteration_96&quot;" file="E:\coupony-backend\tests\Unit\Domain\Analytics\GrowthCalculatorTest.php" line="23" class="Tests\Unit\Domain\Analytics\GrowthCalculatorTest" classname="Tests.Unit.Domain.Analytics.GrowthCalculatorTest" assertions="1" time="0.000076"/>
          <testcase name="test_growth_calculation_matches_formula_when_previous_is_positive with data set &quot;iteration_97&quot;" file="E:\coupony-backend\tests\Unit\Domain\Analytics\GrowthCalculatorTest.php" line="23" class="Tests\Unit\Domain\Analytics\GrowthCalculatorTest" classname="Tests.Unit.Domain.Analytics.GrowthCalculatorTest" assertions="1" time="0.000077"/>
          <testcase name="test_growth_calculation_matches_formula_when_previous_is_positive with data set &quot;iteration_98&quot;" file="E:\coupony-backend\tests\Unit\Domain\Analytics\GrowthCalculatorTest.php" line="23" class="Tests\Unit\Domain\Analytics\GrowthCalculatorTest" classname="Tests.Unit.Domain.Analytics.GrowthCalculatorTest" assertions="1" time="0.000076"/>
          <testcase name="test_growth_calculation_matches_formula_when_previous_is_positive with data set &quot;iteration_99&quot;" file="E:\coupony-backend\tests\Unit\Domain\Analytics\GrowthCalculatorTest.php" line="23" class="Tests\Unit\Domain\Analytics\GrowthCalculatorTest" classname="Tests.Unit.Domain.Analytics.GrowthCalculatorTest" assertions="1" time="0.000076"/>
        </testsuite>
        <testsuite name="Tests\Unit\Domain\Analytics\GrowthCalculatorTest::test_returns_zero_when_previous_is_zero" tests="103" assertions="103" errors="0" failures="0" skipped="0" time="0.009075">
          <testcase name="test_returns_zero_when_previous_is_zero with data set &quot;iteration_0&quot;" file="E:\coupony-backend\tests\Unit\Domain\Analytics\GrowthCalculatorTest.php" line="38" class="Tests\Unit\Domain\Analytics\GrowthCalculatorTest" classname="Tests.Unit.Domain.Analytics.GrowthCalculatorTest" assertions="1" time="0.000132"/>
          <testcase name="test_returns_zero_when_previous_is_zero with data set &quot;iteration_1&quot;" file="E:\coupony-backend\tests\Unit\Domain\Analytics\GrowthCalculatorTest.php" line="38" class="Tests\Unit\Domain\Analytics\GrowthCalculatorTest" classname="Tests.Unit.Domain.Analytics.GrowthCalculatorTest" assertions="1" time="0.000096"/>
          <testcase name="test_returns_zero_when_previous_is_zero with data set &quot;iteration_2&quot;" file="E:\coupony-backend\tests\Unit\Domain\Analytics\GrowthCalculatorTest.php" line="38" class="Tests\Unit\Domain\Analytics\GrowthCalculatorTest" classname="Tests.Unit.Domain.Analytics.GrowthCalculatorTest" assertions="1" time="0.000082"/>
          <testcase name="test_returns_zero_when_previous_is_zero with data set &quot;iteration_3&quot;" file="E:\coupony-backend\tests\Unit\Domain\Analytics\GrowthCalculatorTest.php" line="38" class="Tests\Unit\Domain\Analytics\GrowthCalculatorTest" classname="Tests.Unit.Domain.Analytics.GrowthCalculatorTest" assertions="1" time="0.000088"/>
          <testcase name="test_returns_zero_when_previous_is_zero with data set &quot;iteration_4&quot;" file="E:\coupony-backend\tests\Unit\Domain\Analytics\GrowthCalculatorTest.php" line="38" class="Tests\Unit\Domain\Analytics\GrowthCalculatorTest" classname="Tests.Unit.Domain.Analytics.GrowthCalculatorTest" assertions="1" time="0.000091"/>
          <testcase name="test_returns_zero_when_previous_is_zero with data set &quot;iteration_5&quot;" file="E:\coupony-backend\tests\Unit\Domain\Analytics\GrowthCalculatorTest.php" line="38" class="Tests\Unit\Domain\Analytics\GrowthCalculatorTest" classname="Tests.Unit.Domain.Analytics.GrowthCalculatorTest" assertions="1" time="0.000115"/>
          <testcase name="test_returns_zero_when_previous_is_zero with data set &quot;iteration_6&quot;" file="E:\coupony-backend\tests\Unit\Domain\Analytics\GrowthCalculatorTest.php" line="38" class="Tests\Unit\Domain\Analytics\GrowthCalculatorTest" classname="Tests.Unit.Domain.Analytics.GrowthCalculatorTest" assertions="1" time="0.000224"/>
          <testcase name="test_returns_zero_when_previous_is_zero with data set &quot;iteration_7&quot;" file="E:\coupony-backend\tests\Unit\Domain\Analytics\GrowthCalculatorTest.php" line="38" class="Tests\Unit\Domain\Analytics\GrowthCalculatorTest" classname="Tests.Unit.Domain.Analytics.GrowthCalculatorTest" assertions="1" time="0.000220"/>
          <testcase name="test_returns_zero_when_previous_is_zero with data set &quot;iteration_8&quot;" file="E:\coupony-backend\tests\Unit\Domain\Analytics\GrowthCalculatorTest.php" line="38" class="Tests\Unit\Domain\Analytics\GrowthCalculatorTest" classname="Tests.Unit.Domain.Analytics.GrowthCalculatorTest" assertions="1" time="0.000209"/>
          <testcase name="test_returns_zero_when_previous_is_zero with data set &quot;iteration_9&quot;" file="E:\coupony-backend\tests\Unit\Domain\Analytics\GrowthCalculatorTest.php" line="38" class="Tests\Unit\Domain\Analytics\GrowthCalculatorTest" classname="Tests.Unit.Domain.Analytics.GrowthCalculatorTest" assertions="1" time="0.000169"/>
          <testcase name="test_returns_zero_when_previous_is_zero with data set &quot;iteration_10&quot;" file="E:\coupony-backend\tests\Unit\Domain\Analytics\GrowthCalculatorTest.php" line="38" class="Tests\Unit\Domain\Analytics\GrowthCalculatorTest" classname="Tests.Unit.Domain.Analytics.GrowthCalculatorTest" assertions="1" time="0.000181"/>
          <testcase name="test_returns_zero_when_previous_is_zero with data set &quot;iteration_11&quot;" file="E:\coupony-backend\tests\Unit\Domain\Analytics\GrowthCalculatorTest.php" line="38" class="Tests\Unit\Domain\Analytics\GrowthCalculatorTest" classname="Tests.Unit.Domain.Analytics.GrowthCalculatorTest" assertions="1" time="0.000147"/>
          <testcase name="test_returns_zero_when_previous_is_zero with data set &quot;iteration_12&quot;" file="E:\coupony-backend\tests\Unit\Domain\Analytics\GrowthCalculatorTest.php" line="38" class="Tests\Unit\Domain\Analytics\GrowthCalculatorTest" classname="Tests.Unit.Domain.Analytics.GrowthCalculatorTest" assertions="1" time="0.000135"/>
          <testcase name="test_returns_zero_when_previous_is_zero with data set &quot;iteration_13&quot;" file="E:\coupony-backend\tests\Unit\Domain\Analytics\GrowthCalculatorTest.php" line="38" class="Tests\Unit\Domain\Analytics\GrowthCalculatorTest" classname="Tests.Unit.Domain.Analytics.GrowthCalculatorTest" assertions="1" time="0.000120"/>
          <testcase name="test_returns_zero_when_previous_is_zero with data set &quot;iteration_14&quot;" file="E:\coupony-backend\tests\Unit\Domain\Analytics\GrowthCalculatorTest.php" line="38" class="Tests\Unit\Domain\Analytics\GrowthCalculatorTest" classname="Tests.Unit.Domain.Analytics.GrowthCalculatorTest" assertions="1" time="0.000117"/>
          <testcase name="test_returns_zero_when_previous_is_zero with data set &quot;iteration_15&quot;" file="E:\coupony-backend\tests\Unit\Domain\Analytics\GrowthCalculatorTest.php" line="38" class="Tests\Unit\Domain\Analytics\GrowthCalculatorTest" classname="Tests.Unit.Domain.Analytics.GrowthCalculatorTest" assertions="1" time="0.000157"/>
          <testcase name="test_returns_zero_when_previous_is_zero with data set &quot;iteration_16&quot;" file="E:\coupony-backend\tests\Unit\Domain\Analytics\GrowthCalculatorTest.php" line="38" class="Tests\Unit\Domain\Analytics\GrowthCalculatorTest" classname="Tests.Unit.Domain.Analytics.GrowthCalculatorTest" assertions="1" time="0.000127"/>
          <testcase name="test_returns_zero_when_previous_is_zero with data set &quot;iteration_17&quot;" file="E:\coupony-backend\tests\Unit\Domain\Analytics\GrowthCalculatorTest.php" line="38" class="Tests\Unit\Domain\Analytics\GrowthCalculatorTest" classname="Tests.Unit.Domain.Analytics.GrowthCalculatorTest" assertions="1" time="0.000137"/>
          <testcase name="test_returns_zero_when_previous_is_zero with data set &quot;iteration_18&quot;" file="E:\coupony-backend\tests\Unit\Domain\Analytics\GrowthCalculatorTest.php" line="38" class="Tests\Unit\Domain\Analytics\GrowthCalculatorTest" classname="Tests.Unit.Domain.Analytics.GrowthCalculatorTest" assertions="1" time="0.000130"/>
          <testcase name="test_returns_zero_when_previous_is_zero with data set &quot;iteration_19&quot;" file="E:\coupony-backend\tests\Unit\Domain\Analytics\GrowthCalculatorTest.php" line="38" class="Tests\Unit\Domain\Analytics\GrowthCalculatorTest" classname="Tests.Unit.Domain.Analytics.GrowthCalculatorTest" assertions="1" time="0.000098"/>
          <testcase name="test_returns_zero_when_previous_is_zero with data set &quot;iteration_20&quot;" file="E:\coupony-backend\tests\Unit\Domain\Analytics\GrowthCalculatorTest.php" line="38" class="Tests\Unit\Domain\Analytics\GrowthCalculatorTest" classname="Tests.Unit.Domain.Analytics.GrowthCalculatorTest" assertions="1" time="0.000108"/>
          <testcase name="test_returns_zero_when_previous_is_zero with data set &quot;iteration_21&quot;" file="E:\coupony-backend\tests\Unit\Domain\Analytics\GrowthCalculatorTest.php" line="38" class="Tests\Unit\Domain\Analytics\GrowthCalculatorTest" classname="Tests.Unit.Domain.Analytics.GrowthCalculatorTest" assertions="1" time="0.000105"/>
          <testcase name="test_returns_zero_when_previous_is_zero with data set &quot;iteration_22&quot;" file="E:\coupony-backend\tests\Unit\Domain\Analytics\GrowthCalculatorTest.php" line="38" class="Tests\Unit\Domain\Analytics\GrowthCalculatorTest" classname="Tests.Unit.Domain.Analytics.GrowthCalculatorTest" assertions="1" time="0.000079"/>
          <testcase name="test_returns_zero_when_previous_is_zero with data set &quot;iteration_23&quot;" file="E:\coupony-backend\tests\Unit\Domain\Analytics\GrowthCalculatorTest.php" line="38" class="Tests\Unit\Domain\Analytics\GrowthCalculatorTest" classname="Tests.Unit.Domain.Analytics.GrowthCalculatorTest" assertions="1" time="0.000074"/>
          <testcase name="test_returns_zero_when_previous_is_zero with data set &quot;iteration_24&quot;" file="E:\coupony-backend\tests\Unit\Domain\Analytics\GrowthCalculatorTest.php" line="38" class="Tests\Unit\Domain\Analytics\GrowthCalculatorTest" classname="Tests.Unit.Domain.Analytics.GrowthCalculatorTest" assertions="1" time="0.000074"/>
          <testcase name="test_returns_zero_when_previous_is_zero with data set &quot;iteration_25&quot;" file="E:\coupony-backend\tests\Unit\Domain\Analytics\GrowthCalculatorTest.php" line="38" class="Tests\Unit\Domain\Analytics\GrowthCalculatorTest" classname="Tests.Unit.Domain.Analytics.GrowthCalculatorTest" assertions="1" time="0.000074"/>
          <testcase name="test_returns_zero_when_previous_is_zero with data set &quot;iteration_26&quot;" file="E:\coupony-backend\tests\Unit\Domain\Analytics\GrowthCalculatorTest.php" line="38" class="Tests\Unit\Domain\Analytics\GrowthCalculatorTest" classname="Tests.Unit.Domain.Analytics.GrowthCalculatorTest" assertions="1" time="0.000076"/>
          <testcase name="test_returns_zero_when_previous_is_zero with data set &quot;iteration_27&quot;" file="E:\coupony-backend\tests\Unit\Domain\Analytics\GrowthCalculatorTest.php" line="38" class="Tests\Unit\Domain\Analytics\GrowthCalculatorTest" classname="Tests.Unit.Domain.Analytics.GrowthCalculatorTest" assertions="1" time="0.000073"/>
          <testcase name="test_returns_zero_when_previous_is_zero with data set &quot;iteration_28&quot;" file="E:\coupony-backend\tests\Unit\Domain\Analytics\GrowthCalculatorTest.php" line="38" class="Tests\Unit\Domain\Analytics\GrowthCalculatorTest" classname="Tests.Unit.Domain.Analytics.GrowthCalculatorTest" assertions="1" time="0.000072"/>
          <testcase name="test_returns_zero_when_previous_is_zero with data set &quot;iteration_29&quot;" file="E:\coupony-backend\tests\Unit\Domain\Analytics\GrowthCalculatorTest.php" line="38" class="Tests\Unit\Domain\Analytics\GrowthCalculatorTest" classname="Tests.Unit.Domain.Analytics.GrowthCalculatorTest" assertions="1" time="0.000099"/>
          <testcase name="test_returns_zero_when_previous_is_zero with data set &quot;iteration_30&quot;" file="E:\coupony-backend\tests\Unit\Domain\Analytics\GrowthCalculatorTest.php" line="38" class="Tests\Unit\Domain\Analytics\GrowthCalculatorTest" classname="Tests.Unit.Domain.Analytics.GrowthCalculatorTest" assertions="1" time="0.000074"/>
          <testcase name="test_returns_zero_when_previous_is_zero with data set &quot;iteration_31&quot;" file="E:\coupony-backend\tests\Unit\Domain\Analytics\GrowthCalculatorTest.php" line="38" class="Tests\Unit\Domain\Analytics\GrowthCalculatorTest" classname="Tests.Unit.Domain.Analytics.GrowthCalculatorTest" assertions="1" time="0.000073"/>
          <testcase name="test_returns_zero_when_previous_is_zero with data set &quot;iteration_32&quot;" file="E:\coupony-backend\tests\Unit\Domain\Analytics\GrowthCalculatorTest.php" line="38" class="Tests\Unit\Domain\Analytics\GrowthCalculatorTest" classname="Tests.Unit.Domain.Analytics.GrowthCalculatorTest" assertions="1" time="0.000072"/>
          <testcase name="test_returns_zero_when_previous_is_zero with data set &quot;iteration_33&quot;" file="E:\coupony-backend\tests\Unit\Domain\Analytics\GrowthCalculatorTest.php" line="38" class="Tests\Unit\Domain\Analytics\GrowthCalculatorTest" classname="Tests.Unit.Domain.Analytics.GrowthCalculatorTest" assertions="1" time="0.000071"/>
          <testcase name="test_returns_zero_when_previous_is_zero with data set &quot;iteration_34&quot;" file="E:\coupony-backend\tests\Unit\Domain\Analytics\GrowthCalculatorTest.php" line="38" class="Tests\Unit\Domain\Analytics\GrowthCalculatorTest" classname="Tests.Unit.Domain.Analytics.GrowthCalculatorTest" assertions="1" time="0.000072"/>
          <testcase name="test_returns_zero_when_previous_is_zero with data set &quot;iteration_35&quot;" file="E:\coupony-backend\tests\Unit\Domain\Analytics\GrowthCalculatorTest.php" line="38" class="Tests\Unit\Domain\Analytics\GrowthCalculatorTest" classname="Tests.Unit.Domain.Analytics.GrowthCalculatorTest" assertions="1" time="0.000072"/>
          <testcase name="test_returns_zero_when_previous_is_zero with data set &quot;iteration_36&quot;" file="E:\coupony-backend\tests\Unit\Domain\Analytics\GrowthCalculatorTest.php" line="38" class="Tests\Unit\Domain\Analytics\GrowthCalculatorTest" classname="Tests.Unit.Domain.Analytics.GrowthCalculatorTest" assertions="1" time="0.000071"/>
          <testcase name="test_returns_zero_when_previous_is_zero with data set &quot;iteration_37&quot;" file="E:\coupony-backend\tests\Unit\Domain\Analytics\GrowthCalculatorTest.php" line="38" class="Tests\Unit\Domain\Analytics\GrowthCalculatorTest" classname="Tests.Unit.Domain.Analytics.GrowthCalculatorTest" assertions="1" time="0.000072"/>
          <testcase name="test_returns_zero_when_previous_is_zero with data set &quot;iteration_38&quot;" file="E:\coupony-backend\tests\Unit\Domain\Analytics\GrowthCalculatorTest.php" line="38" class="Tests\Unit\Domain\Analytics\GrowthCalculatorTest" classname="Tests.Unit.Domain.Analytics.GrowthCalculatorTest" assertions="1" time="0.000081"/>
          <testcase name="test_returns_zero_when_previous_is_zero with data set &quot;iteration_39&quot;" file="E:\coupony-backend\tests\Unit\Domain\Analytics\GrowthCalculatorTest.php" line="38" class="Tests\Unit\Domain\Analytics\GrowthCalculatorTest" classname="Tests.Unit.Domain.Analytics.GrowthCalculatorTest" assertions="1" time="0.000074"/>
          <testcase name="test_returns_zero_when_previous_is_zero with data set &quot;iteration_40&quot;" file="E:\coupony-backend\tests\Unit\Domain\Analytics\GrowthCalculatorTest.php" line="38" class="Tests\Unit\Domain\Analytics\GrowthCalculatorTest" classname="Tests.Unit.Domain.Analytics.GrowthCalculatorTest" assertions="1" time="0.000072"/>
          <testcase name="test_returns_zero_when_previous_is_zero with data set &quot;iteration_41&quot;" file="E:\coupony-backend\tests\Unit\Domain\Analytics\GrowthCalculatorTest.php" line="38" class="Tests\Unit\Domain\Analytics\GrowthCalculatorTest" classname="Tests.Unit.Domain.Analytics.GrowthCalculatorTest" assertions="1" time="0.000071"/>
          <testcase name="test_returns_zero_when_previous_is_zero with data set &quot;iteration_42&quot;" file="E:\coupony-backend\tests\Unit\Domain\Analytics\GrowthCalculatorTest.php" line="38" class="Tests\Unit\Domain\Analytics\GrowthCalculatorTest" classname="Tests.Unit.Domain.Analytics.GrowthCalculatorTest" assertions="1" time="0.000072"/>
          <testcase name="test_returns_zero_when_previous_is_zero with data set &quot;iteration_43&quot;" file="E:\coupony-backend\tests\Unit\Domain\Analytics\GrowthCalculatorTest.php" line="38" class="Tests\Unit\Domain\Analytics\GrowthCalculatorTest" classname="Tests.Unit.Domain.Analytics.GrowthCalculatorTest" assertions="1" time="0.000071"/>
          <testcase name="test_returns_zero_when_previous_is_zero with data set &quot;iteration_44&quot;" file="E:\coupony-backend\tests\Unit\Domain\Analytics\GrowthCalculatorTest.php" line="38" class="Tests\Unit\Domain\Analytics\GrowthCalculatorTest" classname="Tests.Unit.Domain.Analytics.GrowthCalculatorTest" assertions="1" time="0.000072"/>
          <testcase name="test_returns_zero_when_previous_is_zero with data set &quot;iteration_45&quot;" file="E:\coupony-backend\tests\Unit\Domain\Analytics\GrowthCalculatorTest.php" line="38" class="Tests\Unit\Domain\Analytics\GrowthCalculatorTest" classname="Tests.Unit.Domain.Analytics.GrowthCalculatorTest" assertions="1" time="0.000072"/>
          <testcase name="test_returns_zero_when_previous_is_zero with data set &quot;iteration_46&quot;" file="E:\coupony-backend\tests\Unit\Domain\Analytics\GrowthCalculatorTest.php" line="38" class="Tests\Unit\Domain\Analytics\GrowthCalculatorTest" classname="Tests.Unit.Domain.Analytics.GrowthCalculatorTest" assertions="1" time="0.000071"/>
          <testcase name="test_returns_zero_when_previous_is_zero with data set &quot;iteration_47&quot;" file="E:\coupony-backend\tests\Unit\Domain\Analytics\GrowthCalculatorTest.php" line="38" class="Tests\Unit\Domain\Analytics\GrowthCalculatorTest" classname="Tests.Unit.Domain.Analytics.GrowthCalculatorTest" assertions="1" time="0.000070"/>
          <testcase name="test_returns_zero_when_previous_is_zero with data set &quot;iteration_48&quot;" file="E:\coupony-backend\tests\Unit\Domain\Analytics\GrowthCalculatorTest.php" line="38" class="Tests\Unit\Domain\Analytics\GrowthCalculatorTest" classname="Tests.Unit.Domain.Analytics.GrowthCalculatorTest" assertions="1" time="0.000090"/>
          <testcase name="test_returns_zero_when_previous_is_zero with data set &quot;iteration_49&quot;" file="E:\coupony-backend\tests\Unit\Domain\Analytics\GrowthCalculatorTest.php" line="38" class="Tests\Unit\Domain\Analytics\GrowthCalculatorTest" classname="Tests.Unit.Domain.Analytics.GrowthCalculatorTest" assertions="1" time="0.000073"/>
          <testcase name="test_returns_zero_when_previous_is_zero with data set &quot;iteration_50&quot;" file="E:\coupony-backend\tests\Unit\Domain\Analytics\GrowthCalculatorTest.php" line="38" class="Tests\Unit\Domain\Analytics\GrowthCalculatorTest" classname="Tests.Unit.Domain.Analytics.GrowthCalculatorTest" assertions="1" time="0.000072"/>
          <testcase name="test_returns_zero_when_previous_is_zero with data set &quot;iteration_51&quot;" file="E:\coupony-backend\tests\Unit\Domain\Analytics\GrowthCalculatorTest.php" line="38" class="Tests\Unit\Domain\Analytics\GrowthCalculatorTest" classname="Tests.Unit.Domain.Analytics.GrowthCalculatorTest" assertions="1" time="0.000071"/>
          <testcase name="test_returns_zero_when_previous_is_zero with data set &quot;iteration_52&quot;" file="E:\coupony-backend\tests\Unit\Domain\Analytics\GrowthCalculatorTest.php" line="38" class="Tests\Unit\Domain\Analytics\GrowthCalculatorTest" classname="Tests.Unit.Domain.Analytics.GrowthCalculatorTest" assertions="1" time="0.000071"/>
          <testcase name="test_returns_zero_when_previous_is_zero with data set &quot;iteration_53&quot;" file="E:\coupony-backend\tests\Unit\Domain\Analytics\GrowthCalculatorTest.php" line="38" class="Tests\Unit\Domain\Analytics\GrowthCalculatorTest" classname="Tests.Unit.Domain.Analytics.GrowthCalculatorTest" assertions="1" time="0.000071"/>
          <testcase name="test_returns_zero_when_previous_is_zero with data set &quot;iteration_54&quot;" file="E:\coupony-backend\tests\Unit\Domain\Analytics\GrowthCalculatorTest.php" line="38" class="Tests\Unit\Domain\Analytics\GrowthCalculatorTest" classname="Tests.Unit.Domain.Analytics.GrowthCalculatorTest" assertions="1" time="0.000070"/>
          <testcase name="test_returns_zero_when_previous_is_zero with data set &quot;iteration_55&quot;" file="E:\coupony-backend\tests\Unit\Domain\Analytics\GrowthCalculatorTest.php" line="38" class="Tests\Unit\Domain\Analytics\GrowthCalculatorTest" classname="Tests.Unit.Domain.Analytics.GrowthCalculatorTest" assertions="1" time="0.000071"/>
          <testcase name="test_returns_zero_when_previous_is_zero with data set &quot;iteration_56&quot;" file="E:\coupony-backend\tests\Unit\Domain\Analytics\GrowthCalculatorTest.php" line="38" class="Tests\Unit\Domain\Analytics\GrowthCalculatorTest" classname="Tests.Unit.Domain.Analytics.GrowthCalculatorTest" assertions="1" time="0.000071"/>
          <testcase name="test_returns_zero_when_previous_is_zero with data set &quot;iteration_57&quot;" file="E:\coupony-backend\tests\Unit\Domain\Analytics\GrowthCalculatorTest.php" line="38" class="Tests\Unit\Domain\Analytics\GrowthCalculatorTest" classname="Tests.Unit.Domain.Analytics.GrowthCalculatorTest" assertions="1" time="0.000071"/>
          <testcase name="test_returns_zero_when_previous_is_zero with data set &quot;iteration_58&quot;" file="E:\coupony-backend\tests\Unit\Domain\Analytics\GrowthCalculatorTest.php" line="38" class="Tests\Unit\Domain\Analytics\GrowthCalculatorTest" classname="Tests.Unit.Domain.Analytics.GrowthCalculatorTest" assertions="1" time="0.000079"/>
          <testcase name="test_returns_zero_when_previous_is_zero with data set &quot;iteration_59&quot;" file="E:\coupony-backend\tests\Unit\Domain\Analytics\GrowthCalculatorTest.php" line="38" class="Tests\Unit\Domain\Analytics\GrowthCalculatorTest" classname="Tests.Unit.Domain.Analytics.GrowthCalculatorTest" assertions="1" time="0.000072"/>
          <testcase name="test_returns_zero_when_previous_is_zero with data set &quot;iteration_60&quot;" file="E:\coupony-backend\tests\Unit\Domain\Analytics\GrowthCalculatorTest.php" line="38" class="Tests\Unit\Domain\Analytics\GrowthCalculatorTest" classname="Tests.Unit.Domain.Analytics.GrowthCalculatorTest" assertions="1" time="0.000071"/>
          <testcase name="test_returns_zero_when_previous_is_zero with data set &quot;iteration_61&quot;" file="E:\coupony-backend\tests\Unit\Domain\Analytics\GrowthCalculatorTest.php" line="38" class="Tests\Unit\Domain\Analytics\GrowthCalculatorTest" classname="Tests.Unit.Domain.Analytics.GrowthCalculatorTest" assertions="1" time="0.000072"/>
          <testcase name="test_returns_zero_when_previous_is_zero with data set &quot;iteration_62&quot;" file="E:\coupony-backend\tests\Unit\Domain\Analytics\GrowthCalculatorTest.php" line="38" class="Tests\Unit\Domain\Analytics\GrowthCalculatorTest" classname="Tests.Unit.Domain.Analytics.GrowthCalculatorTest" assertions="1" time="0.000074"/>
          <testcase name="test_returns_zero_when_previous_is_zero with data set &quot;iteration_63&quot;" file="E:\coupony-backend\tests\Unit\Domain\Analytics\GrowthCalculatorTest.php" line="38" class="Tests\Unit\Domain\Analytics\GrowthCalculatorTest" classname="Tests.Unit.Domain.Analytics.GrowthCalculatorTest" assertions="1" time="0.000071"/>
          <testcase name="test_returns_zero_when_previous_is_zero with data set &quot;iteration_64&quot;" file="E:\coupony-backend\tests\Unit\Domain\Analytics\GrowthCalculatorTest.php" line="38" class="Tests\Unit\Domain\Analytics\GrowthCalculatorTest" classname="Tests.Unit.Domain.Analytics.GrowthCalculatorTest" assertions="1" time="0.000071"/>
          <testcase name="test_returns_zero_when_previous_is_zero with data set &quot;iteration_65&quot;" file="E:\coupony-backend\tests\Unit\Domain\Analytics\GrowthCalculatorTest.php" line="38" class="Tests\Unit\Domain\Analytics\GrowthCalculatorTest" classname="Tests.Unit.Domain.Analytics.GrowthCalculatorTest" assertions="1" time="0.000071"/>
          <testcase name="test_returns_zero_when_previous_is_zero with data set &quot;iteration_66&quot;" file="E:\coupony-backend\tests\Unit\Domain\Analytics\GrowthCalculatorTest.php" line="38" class="Tests\Unit\Domain\Analytics\GrowthCalculatorTest" classname="Tests.Unit.Domain.Analytics.GrowthCalculatorTest" assertions="1" time="0.000069"/>
          <testcase name="test_returns_zero_when_previous_is_zero with data set &quot;iteration_67&quot;" file="E:\coupony-backend\tests\Unit\Domain\Analytics\GrowthCalculatorTest.php" line="38" class="Tests\Unit\Domain\Analytics\GrowthCalculatorTest" classname="Tests.Unit.Domain.Analytics.GrowthCalculatorTest" assertions="1" time="0.000078"/>
          <testcase name="test_returns_zero_when_previous_is_zero with data set &quot;iteration_68&quot;" file="E:\coupony-backend\tests\Unit\Domain\Analytics\GrowthCalculatorTest.php" line="38" class="Tests\Unit\Domain\Analytics\GrowthCalculatorTest" classname="Tests.Unit.Domain.Analytics.GrowthCalculatorTest" assertions="1" time="0.000071"/>
          <testcase name="test_returns_zero_when_previous_is_zero with data set &quot;iteration_69&quot;" file="E:\coupony-backend\tests\Unit\Domain\Analytics\GrowthCalculatorTest.php" line="38" class="Tests\Unit\Domain\Analytics\GrowthCalculatorTest" classname="Tests.Unit.Domain.Analytics.GrowthCalculatorTest" assertions="1" time="0.000071"/>
          <testcase name="test_returns_zero_when_previous_is_zero with data set &quot;iteration_70&quot;" file="E:\coupony-backend\tests\Unit\Domain\Analytics\GrowthCalculatorTest.php" line="38" class="Tests\Unit\Domain\Analytics\GrowthCalculatorTest" classname="Tests.Unit.Domain.Analytics.GrowthCalculatorTest" assertions="1" time="0.000070"/>
          <testcase name="test_returns_zero_when_previous_is_zero with data set &quot;iteration_71&quot;" file="E:\coupony-backend\tests\Unit\Domain\Analytics\GrowthCalculatorTest.php" line="38" class="Tests\Unit\Domain\Analytics\GrowthCalculatorTest" classname="Tests.Unit.Domain.Analytics.GrowthCalculatorTest" assertions="1" time="0.000071"/>
          <testcase name="test_returns_zero_when_previous_is_zero with data set &quot;iteration_72&quot;" file="E:\coupony-backend\tests\Unit\Domain\Analytics\GrowthCalculatorTest.php" line="38" class="Tests\Unit\Domain\Analytics\GrowthCalculatorTest" classname="Tests.Unit.Domain.Analytics.GrowthCalculatorTest" assertions="1" time="0.000070"/>
          <testcase name="test_returns_zero_when_previous_is_zero with data set &quot;iteration_73&quot;" file="E:\coupony-backend\tests\Unit\Domain\Analytics\GrowthCalculatorTest.php" line="38" class="Tests\Unit\Domain\Analytics\GrowthCalculatorTest" classname="Tests.Unit.Domain.Analytics.GrowthCalculatorTest" assertions="1" time="0.000069"/>
          <testcase name="test_returns_zero_when_previous_is_zero with data set &quot;iteration_74&quot;" file="E:\coupony-backend\tests\Unit\Domain\Analytics\GrowthCalculatorTest.php" line="38" class="Tests\Unit\Domain\Analytics\GrowthCalculatorTest" classname="Tests.Unit.Domain.Analytics.GrowthCalculatorTest" assertions="1" time="0.000070"/>
          <testcase name="test_returns_zero_when_previous_is_zero with data set &quot;iteration_75&quot;" file="E:\coupony-backend\tests\Unit\Domain\Analytics\GrowthCalculatorTest.php" line="38" class="Tests\Unit\Domain\Analytics\GrowthCalculatorTest" classname="Tests.Unit.Domain.Analytics.GrowthCalculatorTest" assertions="1" time="0.000070"/>
          <testcase name="test_returns_zero_when_previous_is_zero with data set &quot;iteration_76&quot;" file="E:\coupony-backend\tests\Unit\Domain\Analytics\GrowthCalculatorTest.php" line="38" class="Tests\Unit\Domain\Analytics\GrowthCalculatorTest" classname="Tests.Unit.Domain.Analytics.GrowthCalculatorTest" assertions="1" time="0.000070"/>
          <testcase name="test_returns_zero_when_previous_is_zero with data set &quot;iteration_77&quot;" file="E:\coupony-backend\tests\Unit\Domain\Analytics\GrowthCalculatorTest.php" line="38" class="Tests\Unit\Domain\Analytics\GrowthCalculatorTest" classname="Tests.Unit.Domain.Analytics.GrowthCalculatorTest" assertions="1" time="0.000137"/>
          <testcase name="test_returns_zero_when_previous_is_zero with data set &quot;iteration_78&quot;" file="E:\coupony-backend\tests\Unit\Domain\Analytics\GrowthCalculatorTest.php" line="38" class="Tests\Unit\Domain\Analytics\GrowthCalculatorTest" classname="Tests.Unit.Domain.Analytics.GrowthCalculatorTest" assertions="1" time="0.000110"/>
          <testcase name="test_returns_zero_when_previous_is_zero with data set &quot;iteration_79&quot;" file="E:\coupony-backend\tests\Unit\Domain\Analytics\GrowthCalculatorTest.php" line="38" class="Tests\Unit\Domain\Analytics\GrowthCalculatorTest" classname="Tests.Unit.Domain.Analytics.GrowthCalculatorTest" assertions="1" time="0.000075"/>
          <testcase name="test_returns_zero_when_previous_is_zero with data set &quot;iteration_80&quot;" file="E:\coupony-backend\tests\Unit\Domain\Analytics\GrowthCalculatorTest.php" line="38" class="Tests\Unit\Domain\Analytics\GrowthCalculatorTest" classname="Tests.Unit.Domain.Analytics.GrowthCalculatorTest" assertions="1" time="0.000073"/>
          <testcase name="test_returns_zero_when_previous_is_zero with data set &quot;iteration_81&quot;" file="E:\coupony-backend\tests\Unit\Domain\Analytics\GrowthCalculatorTest.php" line="38" class="Tests\Unit\Domain\Analytics\GrowthCalculatorTest" classname="Tests.Unit.Domain.Analytics.GrowthCalculatorTest" assertions="1" time="0.000072"/>
          <testcase name="test_returns_zero_when_previous_is_zero with data set &quot;iteration_82&quot;" file="E:\coupony-backend\tests\Unit\Domain\Analytics\GrowthCalculatorTest.php" line="38" class="Tests\Unit\Domain\Analytics\GrowthCalculatorTest" classname="Tests.Unit.Domain.Analytics.GrowthCalculatorTest" assertions="1" time="0.000072"/>
          <testcase name="test_returns_zero_when_previous_is_zero with data set &quot;iteration_83&quot;" file="E:\coupony-backend\tests\Unit\Domain\Analytics\GrowthCalculatorTest.php" line="38" class="Tests\Unit\Domain\Analytics\GrowthCalculatorTest" classname="Tests.Unit.Domain.Analytics.GrowthCalculatorTest" assertions="1" time="0.000072"/>
          <testcase name="test_returns_zero_when_previous_is_zero with data set &quot;iteration_84&quot;" file="E:\coupony-backend\tests\Unit\Domain\Analytics\GrowthCalculatorTest.php" line="38" class="Tests\Unit\Domain\Analytics\GrowthCalculatorTest" classname="Tests.Unit.Domain.Analytics.GrowthCalculatorTest" assertions="1" time="0.000071"/>
          <testcase name="test_returns_zero_when_previous_is_zero with data set &quot;iteration_85&quot;" file="E:\coupony-backend\tests\Unit\Domain\Analytics\GrowthCalculatorTest.php" line="38" class="Tests\Unit\Domain\Analytics\GrowthCalculatorTest" classname="Tests.Unit.Domain.Analytics.GrowthCalculatorTest" assertions="1" time="0.000125"/>
          <testcase name="test_returns_zero_when_previous_is_zero with data set &quot;iteration_86&quot;" file="E:\coupony-backend\tests\Unit\Domain\Analytics\GrowthCalculatorTest.php" line="38" class="Tests\Unit\Domain\Analytics\GrowthCalculatorTest" classname="Tests.Unit.Domain.Analytics.GrowthCalculatorTest" assertions="1" time="0.000076"/>
          <testcase name="test_returns_zero_when_previous_is_zero with data set &quot;iteration_87&quot;" file="E:\coupony-backend\tests\Unit\Domain\Analytics\GrowthCalculatorTest.php" line="38" class="Tests\Unit\Domain\Analytics\GrowthCalculatorTest" classname="Tests.Unit.Domain.Analytics.GrowthCalculatorTest" assertions="1" time="0.000073"/>
          <testcase name="test_returns_zero_when_previous_is_zero with data set &quot;iteration_88&quot;" file="E:\coupony-backend\tests\Unit\Domain\Analytics\GrowthCalculatorTest.php" line="38" class="Tests\Unit\Domain\Analytics\GrowthCalculatorTest" classname="Tests.Unit.Domain.Analytics.GrowthCalculatorTest" assertions="1" time="0.000072"/>
          <testcase name="test_returns_zero_when_previous_is_zero with data set &quot;iteration_89&quot;" file="E:\coupony-backend\tests\Unit\Domain\Analytics\GrowthCalculatorTest.php" line="38" class="Tests\Unit\Domain\Analytics\GrowthCalculatorTest" classname="Tests.Unit.Domain.Analytics.GrowthCalculatorTest" assertions="1" time="0.000072"/>
          <testcase name="test_returns_zero_when_previous_is_zero with data set &quot;iteration_90&quot;" file="E:\coupony-backend\tests\Unit\Domain\Analytics\GrowthCalculatorTest.php" line="38" class="Tests\Unit\Domain\Analytics\GrowthCalculatorTest" classname="Tests.Unit.Domain.Analytics.GrowthCalculatorTest" assertions="1" time="0.000071"/>
          <testcase name="test_returns_zero_when_previous_is_zero with data set &quot;iteration_91&quot;" file="E:\coupony-backend\tests\Unit\Domain\Analytics\GrowthCalculatorTest.php" line="38" class="Tests\Unit\Domain\Analytics\GrowthCalculatorTest" classname="Tests.Unit.Domain.Analytics.GrowthCalculatorTest" assertions="1" time="0.000071"/>
          <testcase name="test_returns_zero_when_previous_is_zero with data set &quot;iteration_92&quot;" file="E:\coupony-backend\tests\Unit\Domain\Analytics\GrowthCalculatorTest.php" line="38" class="Tests\Unit\Domain\Analytics\GrowthCalculatorTest" classname="Tests.Unit.Domain.Analytics.GrowthCalculatorTest" assertions="1" time="0.000070"/>
          <testcase name="test_returns_zero_when_previous_is_zero with data set &quot;iteration_93&quot;" file="E:\coupony-backend\tests\Unit\Domain\Analytics\GrowthCalculatorTest.php" line="38" class="Tests\Unit\Domain\Analytics\GrowthCalculatorTest" classname="Tests.Unit.Domain.Analytics.GrowthCalculatorTest" assertions="1" time="0.000071"/>
          <testcase name="test_returns_zero_when_previous_is_zero with data set &quot;iteration_94&quot;" file="E:\coupony-backend\tests\Unit\Domain\Analytics\GrowthCalculatorTest.php" line="38" class="Tests\Unit\Domain\Analytics\GrowthCalculatorTest" classname="Tests.Unit.Domain.Analytics.GrowthCalculatorTest" assertions="1" time="0.000092"/>
          <testcase name="test_returns_zero_when_previous_is_zero with data set &quot;iteration_95&quot;" file="E:\coupony-backend\tests\Unit\Domain\Analytics\GrowthCalculatorTest.php" line="38" class="Tests\Unit\Domain\Analytics\GrowthCalculatorTest" classname="Tests.Unit.Domain.Analytics.GrowthCalculatorTest" assertions="1" time="0.000074"/>
          <testcase name="test_returns_zero_when_previous_is_zero with data set &quot;iteration_96&quot;" file="E:\coupony-backend\tests\Unit\Domain\Analytics\GrowthCalculatorTest.php" line="38" class="Tests\Unit\Domain\Analytics\GrowthCalculatorTest" classname="Tests.Unit.Domain.Analytics.GrowthCalculatorTest" assertions="1" time="0.000072"/>
          <testcase name="test_returns_zero_when_previous_is_zero with data set &quot;iteration_97&quot;" file="E:\coupony-backend\tests\Unit\Domain\Analytics\GrowthCalculatorTest.php" line="38" class="Tests\Unit\Domain\Analytics\GrowthCalculatorTest" classname="Tests.Unit.Domain.Analytics.GrowthCalculatorTest" assertions="1" time="0.000075"/>
          <testcase name="test_returns_zero_when_previous_is_zero with data set &quot;iteration_98&quot;" file="E:\coupony-backend\tests\Unit\Domain\Analytics\GrowthCalculatorTest.php" line="38" class="Tests\Unit\Domain\Analytics\GrowthCalculatorTest" classname="Tests.Unit.Domain.Analytics.GrowthCalculatorTest" assertions="1" time="0.000071"/>
          <testcase name="test_returns_zero_when_previous_is_zero with data set &quot;iteration_99&quot;" file="E:\coupony-backend\tests\Unit\Domain\Analytics\GrowthCalculatorTest.php" line="38" class="Tests\Unit\Domain\Analytics\GrowthCalculatorTest" classname="Tests.Unit.Domain.Analytics.GrowthCalculatorTest" assertions="1" time="0.000072"/>
          <testcase name="test_returns_zero_when_previous_is_zero with data set &quot;zero_current&quot;" file="E:\coupony-backend\tests\Unit\Domain\Analytics\GrowthCalculatorTest.php" line="38" class="Tests\Unit\Domain\Analytics\GrowthCalculatorTest" classname="Tests.Unit.Domain.Analytics.GrowthCalculatorTest" assertions="1" time="0.000078"/>
          <testcase name="test_returns_zero_when_previous_is_zero with data set &quot;large_current&quot;" file="E:\coupony-backend\tests\Unit\Domain\Analytics\GrowthCalculatorTest.php" line="38" class="Tests\Unit\Domain\Analytics\GrowthCalculatorTest" classname="Tests.Unit.Domain.Analytics.GrowthCalculatorTest" assertions="1" time="0.000072"/>
          <testcase name="test_returns_zero_when_previous_is_zero with data set &quot;small_current&quot;" file="E:\coupony-backend\tests\Unit\Domain\Analytics\GrowthCalculatorTest.php" line="38" class="Tests\Unit\Domain\Analytics\GrowthCalculatorTest" classname="Tests.Unit.Domain.Analytics.GrowthCalculatorTest" assertions="1" time="0.000089"/>
        </testsuite>
        <testsuite name="Tests\Unit\Domain\Analytics\GrowthCalculatorTest::test_supports_negative_growth_when_current_less_than_previous" tests="100" assertions="100" errors="0" failures="0" skipped="0" time="0.008260">
          <testcase name="test_supports_negative_growth_when_current_less_than_previous with data set &quot;iteration_0&quot;" file="E:\coupony-backend\tests\Unit\Domain\Analytics\GrowthCalculatorTest.php" line="51" class="Tests\Unit\Domain\Analytics\GrowthCalculatorTest" classname="Tests.Unit.Domain.Analytics.GrowthCalculatorTest" assertions="1" time="0.000129"/>
          <testcase name="test_supports_negative_growth_when_current_less_than_previous with data set &quot;iteration_1&quot;" file="E:\coupony-backend\tests\Unit\Domain\Analytics\GrowthCalculatorTest.php" line="51" class="Tests\Unit\Domain\Analytics\GrowthCalculatorTest" classname="Tests.Unit.Domain.Analytics.GrowthCalculatorTest" assertions="1" time="0.000177"/>
          <testcase name="test_supports_negative_growth_when_current_less_than_previous with data set &quot;iteration_2&quot;" file="E:\coupony-backend\tests\Unit\Domain\Analytics\GrowthCalculatorTest.php" line="51" class="Tests\Unit\Domain\Analytics\GrowthCalculatorTest" classname="Tests.Unit.Domain.Analytics.GrowthCalculatorTest" assertions="1" time="0.000132"/>
          <testcase name="test_supports_negative_growth_when_current_less_than_previous with data set &quot;iteration_3&quot;" file="E:\coupony-backend\tests\Unit\Domain\Analytics\GrowthCalculatorTest.php" line="51" class="Tests\Unit\Domain\Analytics\GrowthCalculatorTest" classname="Tests.Unit.Domain.Analytics.GrowthCalculatorTest" assertions="1" time="0.000091"/>
          <testcase name="test_supports_negative_growth_when_current_less_than_previous with data set &quot;iteration_4&quot;" file="E:\coupony-backend\tests\Unit\Domain\Analytics\GrowthCalculatorTest.php" line="51" class="Tests\Unit\Domain\Analytics\GrowthCalculatorTest" classname="Tests.Unit.Domain.Analytics.GrowthCalculatorTest" assertions="1" time="0.000081"/>
          <testcase name="test_supports_negative_growth_when_current_less_than_previous with data set &quot;iteration_5&quot;" file="E:\coupony-backend\tests\Unit\Domain\Analytics\GrowthCalculatorTest.php" line="51" class="Tests\Unit\Domain\Analytics\GrowthCalculatorTest" classname="Tests.Unit.Domain.Analytics.GrowthCalculatorTest" assertions="1" time="0.000086"/>
          <testcase name="test_supports_negative_growth_when_current_less_than_previous with data set &quot;iteration_6&quot;" file="E:\coupony-backend\tests\Unit\Domain\Analytics\GrowthCalculatorTest.php" line="51" class="Tests\Unit\Domain\Analytics\GrowthCalculatorTest" classname="Tests.Unit.Domain.Analytics.GrowthCalculatorTest" assertions="1" time="0.000081"/>
          <testcase name="test_supports_negative_growth_when_current_less_than_previous with data set &quot;iteration_7&quot;" file="E:\coupony-backend\tests\Unit\Domain\Analytics\GrowthCalculatorTest.php" line="51" class="Tests\Unit\Domain\Analytics\GrowthCalculatorTest" classname="Tests.Unit.Domain.Analytics.GrowthCalculatorTest" assertions="1" time="0.000160"/>
          <testcase name="test_supports_negative_growth_when_current_less_than_previous with data set &quot;iteration_8&quot;" file="E:\coupony-backend\tests\Unit\Domain\Analytics\GrowthCalculatorTest.php" line="51" class="Tests\Unit\Domain\Analytics\GrowthCalculatorTest" classname="Tests.Unit.Domain.Analytics.GrowthCalculatorTest" assertions="1" time="0.000099"/>
          <testcase name="test_supports_negative_growth_when_current_less_than_previous with data set &quot;iteration_9&quot;" file="E:\coupony-backend\tests\Unit\Domain\Analytics\GrowthCalculatorTest.php" line="51" class="Tests\Unit\Domain\Analytics\GrowthCalculatorTest" classname="Tests.Unit.Domain.Analytics.GrowthCalculatorTest" assertions="1" time="0.000082"/>
          <testcase name="test_supports_negative_growth_when_current_less_than_previous with data set &quot;iteration_10&quot;" file="E:\coupony-backend\tests\Unit\Domain\Analytics\GrowthCalculatorTest.php" line="51" class="Tests\Unit\Domain\Analytics\GrowthCalculatorTest" classname="Tests.Unit.Domain.Analytics.GrowthCalculatorTest" assertions="1" time="0.000079"/>
          <testcase name="test_supports_negative_growth_when_current_less_than_previous with data set &quot;iteration_11&quot;" file="E:\coupony-backend\tests\Unit\Domain\Analytics\GrowthCalculatorTest.php" line="51" class="Tests\Unit\Domain\Analytics\GrowthCalculatorTest" classname="Tests.Unit.Domain.Analytics.GrowthCalculatorTest" assertions="1" time="0.000079"/>
          <testcase name="test_supports_negative_growth_when_current_less_than_previous with data set &quot;iteration_12&quot;" file="E:\coupony-backend\tests\Unit\Domain\Analytics\GrowthCalculatorTest.php" line="51" class="Tests\Unit\Domain\Analytics\GrowthCalculatorTest" classname="Tests.Unit.Domain.Analytics.GrowthCalculatorTest" assertions="1" time="0.000091"/>
          <testcase name="test_supports_negative_growth_when_current_less_than_previous with data set &quot;iteration_13&quot;" file="E:\coupony-backend\tests\Unit\Domain\Analytics\GrowthCalculatorTest.php" line="51" class="Tests\Unit\Domain\Analytics\GrowthCalculatorTest" classname="Tests.Unit.Domain.Analytics.GrowthCalculatorTest" assertions="1" time="0.000078"/>
          <testcase name="test_supports_negative_growth_when_current_less_than_previous with data set &quot;iteration_14&quot;" file="E:\coupony-backend\tests\Unit\Domain\Analytics\GrowthCalculatorTest.php" line="51" class="Tests\Unit\Domain\Analytics\GrowthCalculatorTest" classname="Tests.Unit.Domain.Analytics.GrowthCalculatorTest" assertions="1" time="0.000077"/>
          <testcase name="test_supports_negative_growth_when_current_less_than_previous with data set &quot;iteration_15&quot;" file="E:\coupony-backend\tests\Unit\Domain\Analytics\GrowthCalculatorTest.php" line="51" class="Tests\Unit\Domain\Analytics\GrowthCalculatorTest" classname="Tests.Unit.Domain.Analytics.GrowthCalculatorTest" assertions="1" time="0.000076"/>
          <testcase name="test_supports_negative_growth_when_current_less_than_previous with data set &quot;iteration_16&quot;" file="E:\coupony-backend\tests\Unit\Domain\Analytics\GrowthCalculatorTest.php" line="51" class="Tests\Unit\Domain\Analytics\GrowthCalculatorTest" classname="Tests.Unit.Domain.Analytics.GrowthCalculatorTest" assertions="1" time="0.000078"/>
          <testcase name="test_supports_negative_growth_when_current_less_than_previous with data set &quot;iteration_17&quot;" file="E:\coupony-backend\tests\Unit\Domain\Analytics\GrowthCalculatorTest.php" line="51" class="Tests\Unit\Domain\Analytics\GrowthCalculatorTest" classname="Tests.Unit.Domain.Analytics.GrowthCalculatorTest" assertions="1" time="0.000095"/>
          <testcase name="test_supports_negative_growth_when_current_less_than_previous with data set &quot;iteration_18&quot;" file="E:\coupony-backend\tests\Unit\Domain\Analytics\GrowthCalculatorTest.php" line="51" class="Tests\Unit\Domain\Analytics\GrowthCalculatorTest" classname="Tests.Unit.Domain.Analytics.GrowthCalculatorTest" assertions="1" time="0.000077"/>
          <testcase name="test_supports_negative_growth_when_current_less_than_previous with data set &quot;iteration_19&quot;" file="E:\coupony-backend\tests\Unit\Domain\Analytics\GrowthCalculatorTest.php" line="51" class="Tests\Unit\Domain\Analytics\GrowthCalculatorTest" classname="Tests.Unit.Domain.Analytics.GrowthCalculatorTest" assertions="1" time="0.000076"/>
          <testcase name="test_supports_negative_growth_when_current_less_than_previous with data set &quot;iteration_20&quot;" file="E:\coupony-backend\tests\Unit\Domain\Analytics\GrowthCalculatorTest.php" line="51" class="Tests\Unit\Domain\Analytics\GrowthCalculatorTest" classname="Tests.Unit.Domain.Analytics.GrowthCalculatorTest" assertions="1" time="0.000076"/>
          <testcase name="test_supports_negative_growth_when_current_less_than_previous with data set &quot;iteration_21&quot;" file="E:\coupony-backend\tests\Unit\Domain\Analytics\GrowthCalculatorTest.php" line="51" class="Tests\Unit\Domain\Analytics\GrowthCalculatorTest" classname="Tests.Unit.Domain.Analytics.GrowthCalculatorTest" assertions="1" time="0.000102"/>
          <testcase name="test_supports_negative_growth_when_current_less_than_previous with data set &quot;iteration_22&quot;" file="E:\coupony-backend\tests\Unit\Domain\Analytics\GrowthCalculatorTest.php" line="51" class="Tests\Unit\Domain\Analytics\GrowthCalculatorTest" classname="Tests.Unit.Domain.Analytics.GrowthCalculatorTest" assertions="1" time="0.000078"/>
          <testcase name="test_supports_negative_growth_when_current_less_than_previous with data set &quot;iteration_23&quot;" file="E:\coupony-backend\tests\Unit\Domain\Analytics\GrowthCalculatorTest.php" line="51" class="Tests\Unit\Domain\Analytics\GrowthCalculatorTest" classname="Tests.Unit.Domain.Analytics.GrowthCalculatorTest" assertions="1" time="0.000076"/>
          <testcase name="test_supports_negative_growth_when_current_less_than_previous with data set &quot;iteration_24&quot;" file="E:\coupony-backend\tests\Unit\Domain\Analytics\GrowthCalculatorTest.php" line="51" class="Tests\Unit\Domain\Analytics\GrowthCalculatorTest" classname="Tests.Unit.Domain.Analytics.GrowthCalculatorTest" assertions="1" time="0.000075"/>
          <testcase name="test_supports_negative_growth_when_current_less_than_previous with data set &quot;iteration_25&quot;" file="E:\coupony-backend\tests\Unit\Domain\Analytics\GrowthCalculatorTest.php" line="51" class="Tests\Unit\Domain\Analytics\GrowthCalculatorTest" classname="Tests.Unit.Domain.Analytics.GrowthCalculatorTest" assertions="1" time="0.000075"/>
          <testcase name="test_supports_negative_growth_when_current_less_than_previous with data set &quot;iteration_26&quot;" file="E:\coupony-backend\tests\Unit\Domain\Analytics\GrowthCalculatorTest.php" line="51" class="Tests\Unit\Domain\Analytics\GrowthCalculatorTest" classname="Tests.Unit.Domain.Analytics.GrowthCalculatorTest" assertions="1" time="0.000075"/>
          <testcase name="test_supports_negative_growth_when_current_less_than_previous with data set &quot;iteration_27&quot;" file="E:\coupony-backend\tests\Unit\Domain\Analytics\GrowthCalculatorTest.php" line="51" class="Tests\Unit\Domain\Analytics\GrowthCalculatorTest" classname="Tests.Unit.Domain.Analytics.GrowthCalculatorTest" assertions="1" time="0.000075"/>
          <testcase name="test_supports_negative_growth_when_current_less_than_previous with data set &quot;iteration_28&quot;" file="E:\coupony-backend\tests\Unit\Domain\Analytics\GrowthCalculatorTest.php" line="51" class="Tests\Unit\Domain\Analytics\GrowthCalculatorTest" classname="Tests.Unit.Domain.Analytics.GrowthCalculatorTest" assertions="1" time="0.000076"/>
          <testcase name="test_supports_negative_growth_when_current_less_than_previous with data set &quot;iteration_29&quot;" file="E:\coupony-backend\tests\Unit\Domain\Analytics\GrowthCalculatorTest.php" line="51" class="Tests\Unit\Domain\Analytics\GrowthCalculatorTest" classname="Tests.Unit.Domain.Analytics.GrowthCalculatorTest" assertions="1" time="0.000075"/>
          <testcase name="test_supports_negative_growth_when_current_less_than_previous with data set &quot;iteration_30&quot;" file="E:\coupony-backend\tests\Unit\Domain\Analytics\GrowthCalculatorTest.php" line="51" class="Tests\Unit\Domain\Analytics\GrowthCalculatorTest" classname="Tests.Unit.Domain.Analytics.GrowthCalculatorTest" assertions="1" time="0.000096"/>
          <testcase name="test_supports_negative_growth_when_current_less_than_previous with data set &quot;iteration_31&quot;" file="E:\coupony-backend\tests\Unit\Domain\Analytics\GrowthCalculatorTest.php" line="51" class="Tests\Unit\Domain\Analytics\GrowthCalculatorTest" classname="Tests.Unit.Domain.Analytics.GrowthCalculatorTest" assertions="1" time="0.000076"/>
          <testcase name="test_supports_negative_growth_when_current_less_than_previous with data set &quot;iteration_32&quot;" file="E:\coupony-backend\tests\Unit\Domain\Analytics\GrowthCalculatorTest.php" line="51" class="Tests\Unit\Domain\Analytics\GrowthCalculatorTest" classname="Tests.Unit.Domain.Analytics.GrowthCalculatorTest" assertions="1" time="0.000075"/>
          <testcase name="test_supports_negative_growth_when_current_less_than_previous with data set &quot;iteration_33&quot;" file="E:\coupony-backend\tests\Unit\Domain\Analytics\GrowthCalculatorTest.php" line="51" class="Tests\Unit\Domain\Analytics\GrowthCalculatorTest" classname="Tests.Unit.Domain.Analytics.GrowthCalculatorTest" assertions="1" time="0.000074"/>
          <testcase name="test_supports_negative_growth_when_current_less_than_previous with data set &quot;iteration_34&quot;" file="E:\coupony-backend\tests\Unit\Domain\Analytics\GrowthCalculatorTest.php" line="51" class="Tests\Unit\Domain\Analytics\GrowthCalculatorTest" classname="Tests.Unit.Domain.Analytics.GrowthCalculatorTest" assertions="1" time="0.000074"/>
          <testcase name="test_supports_negative_growth_when_current_less_than_previous with data set &quot;iteration_35&quot;" file="E:\coupony-backend\tests\Unit\Domain\Analytics\GrowthCalculatorTest.php" line="51" class="Tests\Unit\Domain\Analytics\GrowthCalculatorTest" classname="Tests.Unit.Domain.Analytics.GrowthCalculatorTest" assertions="1" time="0.000074"/>
          <testcase name="test_supports_negative_growth_when_current_less_than_previous with data set &quot;iteration_36&quot;" file="E:\coupony-backend\tests\Unit\Domain\Analytics\GrowthCalculatorTest.php" line="51" class="Tests\Unit\Domain\Analytics\GrowthCalculatorTest" classname="Tests.Unit.Domain.Analytics.GrowthCalculatorTest" assertions="1" time="0.000131"/>
          <testcase name="test_supports_negative_growth_when_current_less_than_previous with data set &quot;iteration_37&quot;" file="E:\coupony-backend\tests\Unit\Domain\Analytics\GrowthCalculatorTest.php" line="51" class="Tests\Unit\Domain\Analytics\GrowthCalculatorTest" classname="Tests.Unit.Domain.Analytics.GrowthCalculatorTest" assertions="1" time="0.000077"/>
          <testcase name="test_supports_negative_growth_when_current_less_than_previous with data set &quot;iteration_38&quot;" file="E:\coupony-backend\tests\Unit\Domain\Analytics\GrowthCalculatorTest.php" line="51" class="Tests\Unit\Domain\Analytics\GrowthCalculatorTest" classname="Tests.Unit.Domain.Analytics.GrowthCalculatorTest" assertions="1" time="0.000075"/>
          <testcase name="test_supports_negative_growth_when_current_less_than_previous with data set &quot;iteration_39&quot;" file="E:\coupony-backend\tests\Unit\Domain\Analytics\GrowthCalculatorTest.php" line="51" class="Tests\Unit\Domain\Analytics\GrowthCalculatorTest" classname="Tests.Unit.Domain.Analytics.GrowthCalculatorTest" assertions="1" time="0.000090"/>
          <testcase name="test_supports_negative_growth_when_current_less_than_previous with data set &quot;iteration_40&quot;" file="E:\coupony-backend\tests\Unit\Domain\Analytics\GrowthCalculatorTest.php" line="51" class="Tests\Unit\Domain\Analytics\GrowthCalculatorTest" classname="Tests.Unit.Domain.Analytics.GrowthCalculatorTest" assertions="1" time="0.000078"/>
          <testcase name="test_supports_negative_growth_when_current_less_than_previous with data set &quot;iteration_41&quot;" file="E:\coupony-backend\tests\Unit\Domain\Analytics\GrowthCalculatorTest.php" line="51" class="Tests\Unit\Domain\Analytics\GrowthCalculatorTest" classname="Tests.Unit.Domain.Analytics.GrowthCalculatorTest" assertions="1" time="0.000077"/>
          <testcase name="test_supports_negative_growth_when_current_less_than_previous with data set &quot;iteration_42&quot;" file="E:\coupony-backend\tests\Unit\Domain\Analytics\GrowthCalculatorTest.php" line="51" class="Tests\Unit\Domain\Analytics\GrowthCalculatorTest" classname="Tests.Unit.Domain.Analytics.GrowthCalculatorTest" assertions="1" time="0.000075"/>
          <testcase name="test_supports_negative_growth_when_current_less_than_previous with data set &quot;iteration_43&quot;" file="E:\coupony-backend\tests\Unit\Domain\Analytics\GrowthCalculatorTest.php" line="51" class="Tests\Unit\Domain\Analytics\GrowthCalculatorTest" classname="Tests.Unit.Domain.Analytics.GrowthCalculatorTest" assertions="1" time="0.000075"/>
          <testcase name="test_supports_negative_growth_when_current_less_than_previous with data set &quot;iteration_44&quot;" file="E:\coupony-backend\tests\Unit\Domain\Analytics\GrowthCalculatorTest.php" line="51" class="Tests\Unit\Domain\Analytics\GrowthCalculatorTest" classname="Tests.Unit.Domain.Analytics.GrowthCalculatorTest" assertions="1" time="0.000075"/>
          <testcase name="test_supports_negative_growth_when_current_less_than_previous with data set &quot;iteration_45&quot;" file="E:\coupony-backend\tests\Unit\Domain\Analytics\GrowthCalculatorTest.php" line="51" class="Tests\Unit\Domain\Analytics\GrowthCalculatorTest" classname="Tests.Unit.Domain.Analytics.GrowthCalculatorTest" assertions="1" time="0.000075"/>
          <testcase name="test_supports_negative_growth_when_current_less_than_previous with data set &quot;iteration_46&quot;" file="E:\coupony-backend\tests\Unit\Domain\Analytics\GrowthCalculatorTest.php" line="51" class="Tests\Unit\Domain\Analytics\GrowthCalculatorTest" classname="Tests.Unit.Domain.Analytics.GrowthCalculatorTest" assertions="1" time="0.000076"/>
          <testcase name="test_supports_negative_growth_when_current_less_than_previous with data set &quot;iteration_47&quot;" file="E:\coupony-backend\tests\Unit\Domain\Analytics\GrowthCalculatorTest.php" line="51" class="Tests\Unit\Domain\Analytics\GrowthCalculatorTest" classname="Tests.Unit.Domain.Analytics.GrowthCalculatorTest" assertions="1" time="0.000096"/>
          <testcase name="test_supports_negative_growth_when_current_less_than_previous with data set &quot;iteration_48&quot;" file="E:\coupony-backend\tests\Unit\Domain\Analytics\GrowthCalculatorTest.php" line="51" class="Tests\Unit\Domain\Analytics\GrowthCalculatorTest" classname="Tests.Unit.Domain.Analytics.GrowthCalculatorTest" assertions="1" time="0.000080"/>
          <testcase name="test_supports_negative_growth_when_current_less_than_previous with data set &quot;iteration_49&quot;" file="E:\coupony-backend\tests\Unit\Domain\Analytics\GrowthCalculatorTest.php" line="51" class="Tests\Unit\Domain\Analytics\GrowthCalculatorTest" classname="Tests.Unit.Domain.Analytics.GrowthCalculatorTest" assertions="1" time="0.000077"/>
          <testcase name="test_supports_negative_growth_when_current_less_than_previous with data set &quot;iteration_50&quot;" file="E:\coupony-backend\tests\Unit\Domain\Analytics\GrowthCalculatorTest.php" line="51" class="Tests\Unit\Domain\Analytics\GrowthCalculatorTest" classname="Tests.Unit.Domain.Analytics.GrowthCalculatorTest" assertions="1" time="0.000075"/>
          <testcase name="test_supports_negative_growth_when_current_less_than_previous with data set &quot;iteration_51&quot;" file="E:\coupony-backend\tests\Unit\Domain\Analytics\GrowthCalculatorTest.php" line="51" class="Tests\Unit\Domain\Analytics\GrowthCalculatorTest" classname="Tests.Unit.Domain.Analytics.GrowthCalculatorTest" assertions="1" time="0.000075"/>
          <testcase name="test_supports_negative_growth_when_current_less_than_previous with data set &quot;iteration_52&quot;" file="E:\coupony-backend\tests\Unit\Domain\Analytics\GrowthCalculatorTest.php" line="51" class="Tests\Unit\Domain\Analytics\GrowthCalculatorTest" classname="Tests.Unit.Domain.Analytics.GrowthCalculatorTest" assertions="1" time="0.000075"/>
          <testcase name="test_supports_negative_growth_when_current_less_than_previous with data set &quot;iteration_53&quot;" file="E:\coupony-backend\tests\Unit\Domain\Analytics\GrowthCalculatorTest.php" line="51" class="Tests\Unit\Domain\Analytics\GrowthCalculatorTest" classname="Tests.Unit.Domain.Analytics.GrowthCalculatorTest" assertions="1" time="0.000075"/>
          <testcase name="test_supports_negative_growth_when_current_less_than_previous with data set &quot;iteration_54&quot;" file="E:\coupony-backend\tests\Unit\Domain\Analytics\GrowthCalculatorTest.php" line="51" class="Tests\Unit\Domain\Analytics\GrowthCalculatorTest" classname="Tests.Unit.Domain.Analytics.GrowthCalculatorTest" assertions="1" time="0.000075"/>
          <testcase name="test_supports_negative_growth_when_current_less_than_previous with data set &quot;iteration_55&quot;" file="E:\coupony-backend\tests\Unit\Domain\Analytics\GrowthCalculatorTest.php" line="51" class="Tests\Unit\Domain\Analytics\GrowthCalculatorTest" classname="Tests.Unit.Domain.Analytics.GrowthCalculatorTest" assertions="1" time="0.000075"/>
          <testcase name="test_supports_negative_growth_when_current_less_than_previous with data set &quot;iteration_56&quot;" file="E:\coupony-backend\tests\Unit\Domain\Analytics\GrowthCalculatorTest.php" line="51" class="Tests\Unit\Domain\Analytics\GrowthCalculatorTest" classname="Tests.Unit.Domain.Analytics.GrowthCalculatorTest" assertions="1" time="0.000095"/>
          <testcase name="test_supports_negative_growth_when_current_less_than_previous with data set &quot;iteration_57&quot;" file="E:\coupony-backend\tests\Unit\Domain\Analytics\GrowthCalculatorTest.php" line="51" class="Tests\Unit\Domain\Analytics\GrowthCalculatorTest" classname="Tests.Unit.Domain.Analytics.GrowthCalculatorTest" assertions="1" time="0.000087"/>
          <testcase name="test_supports_negative_growth_when_current_less_than_previous with data set &quot;iteration_58&quot;" file="E:\coupony-backend\tests\Unit\Domain\Analytics\GrowthCalculatorTest.php" line="51" class="Tests\Unit\Domain\Analytics\GrowthCalculatorTest" classname="Tests.Unit.Domain.Analytics.GrowthCalculatorTest" assertions="1" time="0.000078"/>
          <testcase name="test_supports_negative_growth_when_current_less_than_previous with data set &quot;iteration_59&quot;" file="E:\coupony-backend\tests\Unit\Domain\Analytics\GrowthCalculatorTest.php" line="51" class="Tests\Unit\Domain\Analytics\GrowthCalculatorTest" classname="Tests.Unit.Domain.Analytics.GrowthCalculatorTest" assertions="1" time="0.000076"/>
          <testcase name="test_supports_negative_growth_when_current_less_than_previous with data set &quot;iteration_60&quot;" file="E:\coupony-backend\tests\Unit\Domain\Analytics\GrowthCalculatorTest.php" line="51" class="Tests\Unit\Domain\Analytics\GrowthCalculatorTest" classname="Tests.Unit.Domain.Analytics.GrowthCalculatorTest" assertions="1" time="0.000076"/>
          <testcase name="test_supports_negative_growth_when_current_less_than_previous with data set &quot;iteration_61&quot;" file="E:\coupony-backend\tests\Unit\Domain\Analytics\GrowthCalculatorTest.php" line="51" class="Tests\Unit\Domain\Analytics\GrowthCalculatorTest" classname="Tests.Unit.Domain.Analytics.GrowthCalculatorTest" assertions="1" time="0.000076"/>
          <testcase name="test_supports_negative_growth_when_current_less_than_previous with data set &quot;iteration_62&quot;" file="E:\coupony-backend\tests\Unit\Domain\Analytics\GrowthCalculatorTest.php" line="51" class="Tests\Unit\Domain\Analytics\GrowthCalculatorTest" classname="Tests.Unit.Domain.Analytics.GrowthCalculatorTest" assertions="1" time="0.000075"/>
          <testcase name="test_supports_negative_growth_when_current_less_than_previous with data set &quot;iteration_63&quot;" file="E:\coupony-backend\tests\Unit\Domain\Analytics\GrowthCalculatorTest.php" line="51" class="Tests\Unit\Domain\Analytics\GrowthCalculatorTest" classname="Tests.Unit.Domain.Analytics.GrowthCalculatorTest" assertions="1" time="0.000076"/>
          <testcase name="test_supports_negative_growth_when_current_less_than_previous with data set &quot;iteration_64&quot;" file="E:\coupony-backend\tests\Unit\Domain\Analytics\GrowthCalculatorTest.php" line="51" class="Tests\Unit\Domain\Analytics\GrowthCalculatorTest" classname="Tests.Unit.Domain.Analytics.GrowthCalculatorTest" assertions="1" time="0.000074"/>
          <testcase name="test_supports_negative_growth_when_current_less_than_previous with data set &quot;iteration_65&quot;" file="E:\coupony-backend\tests\Unit\Domain\Analytics\GrowthCalculatorTest.php" line="51" class="Tests\Unit\Domain\Analytics\GrowthCalculatorTest" classname="Tests.Unit.Domain.Analytics.GrowthCalculatorTest" assertions="1" time="0.000101"/>
          <testcase name="test_supports_negative_growth_when_current_less_than_previous with data set &quot;iteration_66&quot;" file="E:\coupony-backend\tests\Unit\Domain\Analytics\GrowthCalculatorTest.php" line="51" class="Tests\Unit\Domain\Analytics\GrowthCalculatorTest" classname="Tests.Unit.Domain.Analytics.GrowthCalculatorTest" assertions="1" time="0.000080"/>
          <testcase name="test_supports_negative_growth_when_current_less_than_previous with data set &quot;iteration_67&quot;" file="E:\coupony-backend\tests\Unit\Domain\Analytics\GrowthCalculatorTest.php" line="51" class="Tests\Unit\Domain\Analytics\GrowthCalculatorTest" classname="Tests.Unit.Domain.Analytics.GrowthCalculatorTest" assertions="1" time="0.000076"/>
          <testcase name="test_supports_negative_growth_when_current_less_than_previous with data set &quot;iteration_68&quot;" file="E:\coupony-backend\tests\Unit\Domain\Analytics\GrowthCalculatorTest.php" line="51" class="Tests\Unit\Domain\Analytics\GrowthCalculatorTest" classname="Tests.Unit.Domain.Analytics.GrowthCalculatorTest" assertions="1" time="0.000076"/>
          <testcase name="test_supports_negative_growth_when_current_less_than_previous with data set &quot;iteration_69&quot;" file="E:\coupony-backend\tests\Unit\Domain\Analytics\GrowthCalculatorTest.php" line="51" class="Tests\Unit\Domain\Analytics\GrowthCalculatorTest" classname="Tests.Unit.Domain.Analytics.GrowthCalculatorTest" assertions="1" time="0.000075"/>
          <testcase name="test_supports_negative_growth_when_current_less_than_previous with data set &quot;iteration_70&quot;" file="E:\coupony-backend\tests\Unit\Domain\Analytics\GrowthCalculatorTest.php" line="51" class="Tests\Unit\Domain\Analytics\GrowthCalculatorTest" classname="Tests.Unit.Domain.Analytics.GrowthCalculatorTest" assertions="1" time="0.000075"/>
          <testcase name="test_supports_negative_growth_when_current_less_than_previous with data set &quot;iteration_71&quot;" file="E:\coupony-backend\tests\Unit\Domain\Analytics\GrowthCalculatorTest.php" line="51" class="Tests\Unit\Domain\Analytics\GrowthCalculatorTest" classname="Tests.Unit.Domain.Analytics.GrowthCalculatorTest" assertions="1" time="0.000075"/>
          <testcase name="test_supports_negative_growth_when_current_less_than_previous with data set &quot;iteration_72&quot;" file="E:\coupony-backend\tests\Unit\Domain\Analytics\GrowthCalculatorTest.php" line="51" class="Tests\Unit\Domain\Analytics\GrowthCalculatorTest" classname="Tests.Unit.Domain.Analytics.GrowthCalculatorTest" assertions="1" time="0.000076"/>
          <testcase name="test_supports_negative_growth_when_current_less_than_previous with data set &quot;iteration_73&quot;" file="E:\coupony-backend\tests\Unit\Domain\Analytics\GrowthCalculatorTest.php" line="51" class="Tests\Unit\Domain\Analytics\GrowthCalculatorTest" classname="Tests.Unit.Domain.Analytics.GrowthCalculatorTest" assertions="1" time="0.000076"/>
          <testcase name="test_supports_negative_growth_when_current_less_than_previous with data set &quot;iteration_74&quot;" file="E:\coupony-backend\tests\Unit\Domain\Analytics\GrowthCalculatorTest.php" line="51" class="Tests\Unit\Domain\Analytics\GrowthCalculatorTest" classname="Tests.Unit.Domain.Analytics.GrowthCalculatorTest" assertions="1" time="0.000089"/>
          <testcase name="test_supports_negative_growth_when_current_less_than_previous with data set &quot;iteration_75&quot;" file="E:\coupony-backend\tests\Unit\Domain\Analytics\GrowthCalculatorTest.php" line="51" class="Tests\Unit\Domain\Analytics\GrowthCalculatorTest" classname="Tests.Unit.Domain.Analytics.GrowthCalculatorTest" assertions="1" time="0.000079"/>
          <testcase name="test_supports_negative_growth_when_current_less_than_previous with data set &quot;iteration_76&quot;" file="E:\coupony-backend\tests\Unit\Domain\Analytics\GrowthCalculatorTest.php" line="51" class="Tests\Unit\Domain\Analytics\GrowthCalculatorTest" classname="Tests.Unit.Domain.Analytics.GrowthCalculatorTest" assertions="1" time="0.000075"/>
          <testcase name="test_supports_negative_growth_when_current_less_than_previous with data set &quot;iteration_77&quot;" file="E:\coupony-backend\tests\Unit\Domain\Analytics\GrowthCalculatorTest.php" line="51" class="Tests\Unit\Domain\Analytics\GrowthCalculatorTest" classname="Tests.Unit.Domain.Analytics.GrowthCalculatorTest" assertions="1" time="0.000077"/>
          <testcase name="test_supports_negative_growth_when_current_less_than_previous with data set &quot;iteration_78&quot;" file="E:\coupony-backend\tests\Unit\Domain\Analytics\GrowthCalculatorTest.php" line="51" class="Tests\Unit\Domain\Analytics\GrowthCalculatorTest" classname="Tests.Unit.Domain.Analytics.GrowthCalculatorTest" assertions="1" time="0.000076"/>
          <testcase name="test_supports_negative_growth_when_current_less_than_previous with data set &quot;iteration_79&quot;" file="E:\coupony-backend\tests\Unit\Domain\Analytics\GrowthCalculatorTest.php" line="51" class="Tests\Unit\Domain\Analytics\GrowthCalculatorTest" classname="Tests.Unit.Domain.Analytics.GrowthCalculatorTest" assertions="1" time="0.000075"/>
          <testcase name="test_supports_negative_growth_when_current_less_than_previous with data set &quot;iteration_80&quot;" file="E:\coupony-backend\tests\Unit\Domain\Analytics\GrowthCalculatorTest.php" line="51" class="Tests\Unit\Domain\Analytics\GrowthCalculatorTest" classname="Tests.Unit.Domain.Analytics.GrowthCalculatorTest" assertions="1" time="0.000075"/>
          <testcase name="test_supports_negative_growth_when_current_less_than_previous with data set &quot;iteration_81&quot;" file="E:\coupony-backend\tests\Unit\Domain\Analytics\GrowthCalculatorTest.php" line="51" class="Tests\Unit\Domain\Analytics\GrowthCalculatorTest" classname="Tests.Unit.Domain.Analytics.GrowthCalculatorTest" assertions="1" time="0.000124"/>
          <testcase name="test_supports_negative_growth_when_current_less_than_previous with data set &quot;iteration_82&quot;" file="E:\coupony-backend\tests\Unit\Domain\Analytics\GrowthCalculatorTest.php" line="51" class="Tests\Unit\Domain\Analytics\GrowthCalculatorTest" classname="Tests.Unit.Domain.Analytics.GrowthCalculatorTest" assertions="1" time="0.000077"/>
          <testcase name="test_supports_negative_growth_when_current_less_than_previous with data set &quot;iteration_83&quot;" file="E:\coupony-backend\tests\Unit\Domain\Analytics\GrowthCalculatorTest.php" line="51" class="Tests\Unit\Domain\Analytics\GrowthCalculatorTest" classname="Tests.Unit.Domain.Analytics.GrowthCalculatorTest" assertions="1" time="0.000093"/>
          <testcase name="test_supports_negative_growth_when_current_less_than_previous with data set &quot;iteration_84&quot;" file="E:\coupony-backend\tests\Unit\Domain\Analytics\GrowthCalculatorTest.php" line="51" class="Tests\Unit\Domain\Analytics\GrowthCalculatorTest" classname="Tests.Unit.Domain.Analytics.GrowthCalculatorTest" assertions="1" time="0.000077"/>
          <testcase name="test_supports_negative_growth_when_current_less_than_previous with data set &quot;iteration_85&quot;" file="E:\coupony-backend\tests\Unit\Domain\Analytics\GrowthCalculatorTest.php" line="51" class="Tests\Unit\Domain\Analytics\GrowthCalculatorTest" classname="Tests.Unit.Domain.Analytics.GrowthCalculatorTest" assertions="1" time="0.000076"/>
          <testcase name="test_supports_negative_growth_when_current_less_than_previous with data set &quot;iteration_86&quot;" file="E:\coupony-backend\tests\Unit\Domain\Analytics\GrowthCalculatorTest.php" line="51" class="Tests\Unit\Domain\Analytics\GrowthCalculatorTest" classname="Tests.Unit.Domain.Analytics.GrowthCalculatorTest" assertions="1" time="0.000076"/>
          <testcase name="test_supports_negative_growth_when_current_less_than_previous with data set &quot;iteration_87&quot;" file="E:\coupony-backend\tests\Unit\Domain\Analytics\GrowthCalculatorTest.php" line="51" class="Tests\Unit\Domain\Analytics\GrowthCalculatorTest" classname="Tests.Unit.Domain.Analytics.GrowthCalculatorTest" assertions="1" time="0.000075"/>
          <testcase name="test_supports_negative_growth_when_current_less_than_previous with data set &quot;iteration_88&quot;" file="E:\coupony-backend\tests\Unit\Domain\Analytics\GrowthCalculatorTest.php" line="51" class="Tests\Unit\Domain\Analytics\GrowthCalculatorTest" classname="Tests.Unit.Domain.Analytics.GrowthCalculatorTest" assertions="1" time="0.000074"/>
          <testcase name="test_supports_negative_growth_when_current_less_than_previous with data set &quot;iteration_89&quot;" file="E:\coupony-backend\tests\Unit\Domain\Analytics\GrowthCalculatorTest.php" line="51" class="Tests\Unit\Domain\Analytics\GrowthCalculatorTest" classname="Tests.Unit.Domain.Analytics.GrowthCalculatorTest" assertions="1" time="0.000075"/>
          <testcase name="test_supports_negative_growth_when_current_less_than_previous with data set &quot;iteration_90&quot;" file="E:\coupony-backend\tests\Unit\Domain\Analytics\GrowthCalculatorTest.php" line="51" class="Tests\Unit\Domain\Analytics\GrowthCalculatorTest" classname="Tests.Unit.Domain.Analytics.GrowthCalculatorTest" assertions="1" time="0.000075"/>
          <testcase name="test_supports_negative_growth_when_current_less_than_previous with data set &quot;iteration_91&quot;" file="E:\coupony-backend\tests\Unit\Domain\Analytics\GrowthCalculatorTest.php" line="51" class="Tests\Unit\Domain\Analytics\GrowthCalculatorTest" classname="Tests.Unit.Domain.Analytics.GrowthCalculatorTest" assertions="1" time="0.000075"/>
          <testcase name="test_supports_negative_growth_when_current_less_than_previous with data set &quot;iteration_92&quot;" file="E:\coupony-backend\tests\Unit\Domain\Analytics\GrowthCalculatorTest.php" line="51" class="Tests\Unit\Domain\Analytics\GrowthCalculatorTest" classname="Tests.Unit.Domain.Analytics.GrowthCalculatorTest" assertions="1" time="0.000085"/>
          <testcase name="test_supports_negative_growth_when_current_less_than_previous with data set &quot;iteration_93&quot;" file="E:\coupony-backend\tests\Unit\Domain\Analytics\GrowthCalculatorTest.php" line="51" class="Tests\Unit\Domain\Analytics\GrowthCalculatorTest" classname="Tests.Unit.Domain.Analytics.GrowthCalculatorTest" assertions="1" time="0.000077"/>
          <testcase name="test_supports_negative_growth_when_current_less_than_previous with data set &quot;iteration_94&quot;" file="E:\coupony-backend\tests\Unit\Domain\Analytics\GrowthCalculatorTest.php" line="51" class="Tests\Unit\Domain\Analytics\GrowthCalculatorTest" classname="Tests.Unit.Domain.Analytics.GrowthCalculatorTest" assertions="1" time="0.000075"/>
          <testcase name="test_supports_negative_growth_when_current_less_than_previous with data set &quot;iteration_95&quot;" file="E:\coupony-backend\tests\Unit\Domain\Analytics\GrowthCalculatorTest.php" line="51" class="Tests\Unit\Domain\Analytics\GrowthCalculatorTest" classname="Tests.Unit.Domain.Analytics.GrowthCalculatorTest" assertions="1" time="0.000075"/>
          <testcase name="test_supports_negative_growth_when_current_less_than_previous with data set &quot;iteration_96&quot;" file="E:\coupony-backend\tests\Unit\Domain\Analytics\GrowthCalculatorTest.php" line="51" class="Tests\Unit\Domain\Analytics\GrowthCalculatorTest" classname="Tests.Unit.Domain.Analytics.GrowthCalculatorTest" assertions="1" time="0.000074"/>
          <testcase name="test_supports_negative_growth_when_current_less_than_previous with data set &quot;iteration_97&quot;" file="E:\coupony-backend\tests\Unit\Domain\Analytics\GrowthCalculatorTest.php" line="51" class="Tests\Unit\Domain\Analytics\GrowthCalculatorTest" classname="Tests.Unit.Domain.Analytics.GrowthCalculatorTest" assertions="1" time="0.000076"/>
          <testcase name="test_supports_negative_growth_when_current_less_than_previous with data set &quot;iteration_98&quot;" file="E:\coupony-backend\tests\Unit\Domain\Analytics\GrowthCalculatorTest.php" line="51" class="Tests\Unit\Domain\Analytics\GrowthCalculatorTest" classname="Tests.Unit.Domain.Analytics.GrowthCalculatorTest" assertions="1" time="0.000076"/>
          <testcase name="test_supports_negative_growth_when_current_less_than_previous with data set &quot;iteration_99&quot;" file="E:\coupony-backend\tests\Unit\Domain\Analytics\GrowthCalculatorTest.php" line="51" class="Tests\Unit\Domain\Analytics\GrowthCalculatorTest" classname="Tests.Unit.Domain.Analytics.GrowthCalculatorTest" assertions="1" time="0.000075"/>
        </testsuite>
        <testsuite name="Tests\Unit\Domain\Analytics\GrowthCalculatorTest::test_result_is_always_float_rounded_to_one_decimal" tests="103" assertions="206" errors="0" failures="0" skipped="0" time="0.009266">
          <testcase name="test_result_is_always_float_rounded_to_one_decimal with data set &quot;positive_previous_0&quot;" file="E:\coupony-backend\tests\Unit\Domain\Analytics\GrowthCalculatorTest.php" line="64" class="Tests\Unit\Domain\Analytics\GrowthCalculatorTest" classname="Tests.Unit.Domain.Analytics.GrowthCalculatorTest" assertions="2" time="0.000759"/>
          <testcase name="test_result_is_always_float_rounded_to_one_decimal with data set &quot;positive_previous_1&quot;" file="E:\coupony-backend\tests\Unit\Domain\Analytics\GrowthCalculatorTest.php" line="64" class="Tests\Unit\Domain\Analytics\GrowthCalculatorTest" classname="Tests.Unit.Domain.Analytics.GrowthCalculatorTest" assertions="2" time="0.000230"/>
          <testcase name="test_result_is_always_float_rounded_to_one_decimal with data set &quot;positive_previous_2&quot;" file="E:\coupony-backend\tests\Unit\Domain\Analytics\GrowthCalculatorTest.php" line="64" class="Tests\Unit\Domain\Analytics\GrowthCalculatorTest" classname="Tests.Unit.Domain.Analytics.GrowthCalculatorTest" assertions="2" time="0.000170"/>
          <testcase name="test_result_is_always_float_rounded_to_one_decimal with data set &quot;positive_previous_3&quot;" file="E:\coupony-backend\tests\Unit\Domain\Analytics\GrowthCalculatorTest.php" line="64" class="Tests\Unit\Domain\Analytics\GrowthCalculatorTest" classname="Tests.Unit.Domain.Analytics.GrowthCalculatorTest" assertions="2" time="0.000136"/>
          <testcase name="test_result_is_always_float_rounded_to_one_decimal with data set &quot;positive_previous_4&quot;" file="E:\coupony-backend\tests\Unit\Domain\Analytics\GrowthCalculatorTest.php" line="64" class="Tests\Unit\Domain\Analytics\GrowthCalculatorTest" classname="Tests.Unit.Domain.Analytics.GrowthCalculatorTest" assertions="2" time="0.000093"/>
          <testcase name="test_result_is_always_float_rounded_to_one_decimal with data set &quot;positive_previous_5&quot;" file="E:\coupony-backend\tests\Unit\Domain\Analytics\GrowthCalculatorTest.php" line="64" class="Tests\Unit\Domain\Analytics\GrowthCalculatorTest" classname="Tests.Unit.Domain.Analytics.GrowthCalculatorTest" assertions="2" time="0.000084"/>
          <testcase name="test_result_is_always_float_rounded_to_one_decimal with data set &quot;positive_previous_6&quot;" file="E:\coupony-backend\tests\Unit\Domain\Analytics\GrowthCalculatorTest.php" line="64" class="Tests\Unit\Domain\Analytics\GrowthCalculatorTest" classname="Tests.Unit.Domain.Analytics.GrowthCalculatorTest" assertions="2" time="0.000095"/>
          <testcase name="test_result_is_always_float_rounded_to_one_decimal with data set &quot;positive_previous_7&quot;" file="E:\coupony-backend\tests\Unit\Domain\Analytics\GrowthCalculatorTest.php" line="64" class="Tests\Unit\Domain\Analytics\GrowthCalculatorTest" classname="Tests.Unit.Domain.Analytics.GrowthCalculatorTest" assertions="2" time="0.000096"/>
          <testcase name="test_result_is_always_float_rounded_to_one_decimal with data set &quot;positive_previous_8&quot;" file="E:\coupony-backend\tests\Unit\Domain\Analytics\GrowthCalculatorTest.php" line="64" class="Tests\Unit\Domain\Analytics\GrowthCalculatorTest" classname="Tests.Unit.Domain.Analytics.GrowthCalculatorTest" assertions="2" time="0.000095"/>
          <testcase name="test_result_is_always_float_rounded_to_one_decimal with data set &quot;positive_previous_9&quot;" file="E:\coupony-backend\tests\Unit\Domain\Analytics\GrowthCalculatorTest.php" line="64" class="Tests\Unit\Domain\Analytics\GrowthCalculatorTest" classname="Tests.Unit.Domain.Analytics.GrowthCalculatorTest" assertions="2" time="0.000143"/>
          <testcase name="test_result_is_always_float_rounded_to_one_decimal with data set &quot;positive_previous_10&quot;" file="E:\coupony-backend\tests\Unit\Domain\Analytics\GrowthCalculatorTest.php" line="64" class="Tests\Unit\Domain\Analytics\GrowthCalculatorTest" classname="Tests.Unit.Domain.Analytics.GrowthCalculatorTest" assertions="2" time="0.000084"/>
          <testcase name="test_result_is_always_float_rounded_to_one_decimal with data set &quot;positive_previous_11&quot;" file="E:\coupony-backend\tests\Unit\Domain\Analytics\GrowthCalculatorTest.php" line="64" class="Tests\Unit\Domain\Analytics\GrowthCalculatorTest" classname="Tests.Unit.Domain.Analytics.GrowthCalculatorTest" assertions="2" time="0.000079"/>
          <testcase name="test_result_is_always_float_rounded_to_one_decimal with data set &quot;positive_previous_12&quot;" file="E:\coupony-backend\tests\Unit\Domain\Analytics\GrowthCalculatorTest.php" line="64" class="Tests\Unit\Domain\Analytics\GrowthCalculatorTest" classname="Tests.Unit.Domain.Analytics.GrowthCalculatorTest" assertions="2" time="0.000079"/>
          <testcase name="test_result_is_always_float_rounded_to_one_decimal with data set &quot;positive_previous_13&quot;" file="E:\coupony-backend\tests\Unit\Domain\Analytics\GrowthCalculatorTest.php" line="64" class="Tests\Unit\Domain\Analytics\GrowthCalculatorTest" classname="Tests.Unit.Domain.Analytics.GrowthCalculatorTest" assertions="2" time="0.000078"/>
          <testcase name="test_result_is_always_float_rounded_to_one_decimal with data set &quot;positive_previous_14&quot;" file="E:\coupony-backend\tests\Unit\Domain\Analytics\GrowthCalculatorTest.php" line="64" class="Tests\Unit\Domain\Analytics\GrowthCalculatorTest" classname="Tests.Unit.Domain.Analytics.GrowthCalculatorTest" assertions="2" time="0.000077"/>
          <testcase name="test_result_is_always_float_rounded_to_one_decimal with data set &quot;positive_previous_15&quot;" file="E:\coupony-backend\tests\Unit\Domain\Analytics\GrowthCalculatorTest.php" line="64" class="Tests\Unit\Domain\Analytics\GrowthCalculatorTest" classname="Tests.Unit.Domain.Analytics.GrowthCalculatorTest" assertions="2" time="0.000098"/>
          <testcase name="test_result_is_always_float_rounded_to_one_decimal with data set &quot;positive_previous_16&quot;" file="E:\coupony-backend\tests\Unit\Domain\Analytics\GrowthCalculatorTest.php" line="64" class="Tests\Unit\Domain\Analytics\GrowthCalculatorTest" classname="Tests.Unit.Domain.Analytics.GrowthCalculatorTest" assertions="2" time="0.000080"/>
          <testcase name="test_result_is_always_float_rounded_to_one_decimal with data set &quot;positive_previous_17&quot;" file="E:\coupony-backend\tests\Unit\Domain\Analytics\GrowthCalculatorTest.php" line="64" class="Tests\Unit\Domain\Analytics\GrowthCalculatorTest" classname="Tests.Unit.Domain.Analytics.GrowthCalculatorTest" assertions="2" time="0.000078"/>
          <testcase name="test_result_is_always_float_rounded_to_one_decimal with data set &quot;positive_previous_18&quot;" file="E:\coupony-backend\tests\Unit\Domain\Analytics\GrowthCalculatorTest.php" line="64" class="Tests\Unit\Domain\Analytics\GrowthCalculatorTest" classname="Tests.Unit.Domain.Analytics.GrowthCalculatorTest" assertions="2" time="0.000078"/>
          <testcase name="test_result_is_always_float_rounded_to_one_decimal with data set &quot;positive_previous_19&quot;" file="E:\coupony-backend\tests\Unit\Domain\Analytics\GrowthCalculatorTest.php" line="64" class="Tests\Unit\Domain\Analytics\GrowthCalculatorTest" classname="Tests.Unit.Domain.Analytics.GrowthCalculatorTest" assertions="2" time="0.000078"/>
          <testcase name="test_result_is_always_float_rounded_to_one_decimal with data set &quot;positive_previous_20&quot;" file="E:\coupony-backend\tests\Unit\Domain\Analytics\GrowthCalculatorTest.php" line="64" class="Tests\Unit\Domain\Analytics\GrowthCalculatorTest" classname="Tests.Unit.Domain.Analytics.GrowthCalculatorTest" assertions="2" time="0.000077"/>
          <testcase name="test_result_is_always_float_rounded_to_one_decimal with data set &quot;positive_previous_21&quot;" file="E:\coupony-backend\tests\Unit\Domain\Analytics\GrowthCalculatorTest.php" line="64" class="Tests\Unit\Domain\Analytics\GrowthCalculatorTest" classname="Tests.Unit.Domain.Analytics.GrowthCalculatorTest" assertions="2" time="0.000077"/>
          <testcase name="test_result_is_always_float_rounded_to_one_decimal with data set &quot;positive_previous_22&quot;" file="E:\coupony-backend\tests\Unit\Domain\Analytics\GrowthCalculatorTest.php" line="64" class="Tests\Unit\Domain\Analytics\GrowthCalculatorTest" classname="Tests.Unit.Domain.Analytics.GrowthCalculatorTest" assertions="2" time="0.000076"/>
          <testcase name="test_result_is_always_float_rounded_to_one_decimal with data set &quot;positive_previous_23&quot;" file="E:\coupony-backend\tests\Unit\Domain\Analytics\GrowthCalculatorTest.php" line="64" class="Tests\Unit\Domain\Analytics\GrowthCalculatorTest" classname="Tests.Unit.Domain.Analytics.GrowthCalculatorTest" assertions="2" time="0.000076"/>
          <testcase name="test_result_is_always_float_rounded_to_one_decimal with data set &quot;positive_previous_24&quot;" file="E:\coupony-backend\tests\Unit\Domain\Analytics\GrowthCalculatorTest.php" line="64" class="Tests\Unit\Domain\Analytics\GrowthCalculatorTest" classname="Tests.Unit.Domain.Analytics.GrowthCalculatorTest" assertions="2" time="0.000085"/>
          <testcase name="test_result_is_always_float_rounded_to_one_decimal with data set &quot;positive_previous_25&quot;" file="E:\coupony-backend\tests\Unit\Domain\Analytics\GrowthCalculatorTest.php" line="64" class="Tests\Unit\Domain\Analytics\GrowthCalculatorTest" classname="Tests.Unit.Domain.Analytics.GrowthCalculatorTest" assertions="2" time="0.000076"/>
          <testcase name="test_result_is_always_float_rounded_to_one_decimal with data set &quot;positive_previous_26&quot;" file="E:\coupony-backend\tests\Unit\Domain\Analytics\GrowthCalculatorTest.php" line="64" class="Tests\Unit\Domain\Analytics\GrowthCalculatorTest" classname="Tests.Unit.Domain.Analytics.GrowthCalculatorTest" assertions="2" time="0.000077"/>
          <testcase name="test_result_is_always_float_rounded_to_one_decimal with data set &quot;positive_previous_27&quot;" file="E:\coupony-backend\tests\Unit\Domain\Analytics\GrowthCalculatorTest.php" line="64" class="Tests\Unit\Domain\Analytics\GrowthCalculatorTest" classname="Tests.Unit.Domain.Analytics.GrowthCalculatorTest" assertions="2" time="0.000076"/>
          <testcase name="test_result_is_always_float_rounded_to_one_decimal with data set &quot;positive_previous_28&quot;" file="E:\coupony-backend\tests\Unit\Domain\Analytics\GrowthCalculatorTest.php" line="64" class="Tests\Unit\Domain\Analytics\GrowthCalculatorTest" classname="Tests.Unit.Domain.Analytics.GrowthCalculatorTest" assertions="2" time="0.000076"/>
          <testcase name="test_result_is_always_float_rounded_to_one_decimal with data set &quot;positive_previous_29&quot;" file="E:\coupony-backend\tests\Unit\Domain\Analytics\GrowthCalculatorTest.php" line="64" class="Tests\Unit\Domain\Analytics\GrowthCalculatorTest" classname="Tests.Unit.Domain.Analytics.GrowthCalculatorTest" assertions="2" time="0.000077"/>
          <testcase name="test_result_is_always_float_rounded_to_one_decimal with data set &quot;positive_previous_30&quot;" file="E:\coupony-backend\tests\Unit\Domain\Analytics\GrowthCalculatorTest.php" line="64" class="Tests\Unit\Domain\Analytics\GrowthCalculatorTest" classname="Tests.Unit.Domain.Analytics.GrowthCalculatorTest" assertions="2" time="0.000077"/>
          <testcase name="test_result_is_always_float_rounded_to_one_decimal with data set &quot;positive_previous_31&quot;" file="E:\coupony-backend\tests\Unit\Domain\Analytics\GrowthCalculatorTest.php" line="64" class="Tests\Unit\Domain\Analytics\GrowthCalculatorTest" classname="Tests.Unit.Domain.Analytics.GrowthCalculatorTest" assertions="2" time="0.000075"/>
          <testcase name="test_result_is_always_float_rounded_to_one_decimal with data set &quot;positive_previous_32&quot;" file="E:\coupony-backend\tests\Unit\Domain\Analytics\GrowthCalculatorTest.php" line="64" class="Tests\Unit\Domain\Analytics\GrowthCalculatorTest" classname="Tests.Unit.Domain.Analytics.GrowthCalculatorTest" assertions="2" time="0.000075"/>
          <testcase name="test_result_is_always_float_rounded_to_one_decimal with data set &quot;positive_previous_33&quot;" file="E:\coupony-backend\tests\Unit\Domain\Analytics\GrowthCalculatorTest.php" line="64" class="Tests\Unit\Domain\Analytics\GrowthCalculatorTest" classname="Tests.Unit.Domain.Analytics.GrowthCalculatorTest" assertions="2" time="0.000109"/>
          <testcase name="test_result_is_always_float_rounded_to_one_decimal with data set &quot;positive_previous_34&quot;" file="E:\coupony-backend\tests\Unit\Domain\Analytics\GrowthCalculatorTest.php" line="64" class="Tests\Unit\Domain\Analytics\GrowthCalculatorTest" classname="Tests.Unit.Domain.Analytics.GrowthCalculatorTest" assertions="2" time="0.000079"/>
          <testcase name="test_result_is_always_float_rounded_to_one_decimal with data set &quot;positive_previous_35&quot;" file="E:\coupony-backend\tests\Unit\Domain\Analytics\GrowthCalculatorTest.php" line="64" class="Tests\Unit\Domain\Analytics\GrowthCalculatorTest" classname="Tests.Unit.Domain.Analytics.GrowthCalculatorTest" assertions="2" time="0.000092"/>
          <testcase name="test_result_is_always_float_rounded_to_one_decimal with data set &quot;positive_previous_36&quot;" file="E:\coupony-backend\tests\Unit\Domain\Analytics\GrowthCalculatorTest.php" line="64" class="Tests\Unit\Domain\Analytics\GrowthCalculatorTest" classname="Tests.Unit.Domain.Analytics.GrowthCalculatorTest" assertions="2" time="0.000077"/>
          <testcase name="test_result_is_always_float_rounded_to_one_decimal with data set &quot;positive_previous_37&quot;" file="E:\coupony-backend\tests\Unit\Domain\Analytics\GrowthCalculatorTest.php" line="64" class="Tests\Unit\Domain\Analytics\GrowthCalculatorTest" classname="Tests.Unit.Domain.Analytics.GrowthCalculatorTest" assertions="2" time="0.000076"/>
          <testcase name="test_result_is_always_float_rounded_to_one_decimal with data set &quot;positive_previous_38&quot;" file="E:\coupony-backend\tests\Unit\Domain\Analytics\GrowthCalculatorTest.php" line="64" class="Tests\Unit\Domain\Analytics\GrowthCalculatorTest" classname="Tests.Unit.Domain.Analytics.GrowthCalculatorTest" assertions="2" time="0.000077"/>
          <testcase name="test_result_is_always_float_rounded_to_one_decimal with data set &quot;positive_previous_39&quot;" file="E:\coupony-backend\tests\Unit\Domain\Analytics\GrowthCalculatorTest.php" line="64" class="Tests\Unit\Domain\Analytics\GrowthCalculatorTest" classname="Tests.Unit.Domain.Analytics.GrowthCalculatorTest" assertions="2" time="0.000076"/>
          <testcase name="test_result_is_always_float_rounded_to_one_decimal with data set &quot;positive_previous_40&quot;" file="E:\coupony-backend\tests\Unit\Domain\Analytics\GrowthCalculatorTest.php" line="64" class="Tests\Unit\Domain\Analytics\GrowthCalculatorTest" classname="Tests.Unit.Domain.Analytics.GrowthCalculatorTest" assertions="2" time="0.000076"/>
          <testcase name="test_result_is_always_float_rounded_to_one_decimal with data set &quot;positive_previous_41&quot;" file="E:\coupony-backend\tests\Unit\Domain\Analytics\GrowthCalculatorTest.php" line="64" class="Tests\Unit\Domain\Analytics\GrowthCalculatorTest" classname="Tests.Unit.Domain.Analytics.GrowthCalculatorTest" assertions="2" time="0.000075"/>
          <testcase name="test_result_is_always_float_rounded_to_one_decimal with data set &quot;positive_previous_42&quot;" file="E:\coupony-backend\tests\Unit\Domain\Analytics\GrowthCalculatorTest.php" line="64" class="Tests\Unit\Domain\Analytics\GrowthCalculatorTest" classname="Tests.Unit.Domain.Analytics.GrowthCalculatorTest" assertions="2" time="0.000081"/>
          <testcase name="test_result_is_always_float_rounded_to_one_decimal with data set &quot;positive_previous_43&quot;" file="E:\coupony-backend\tests\Unit\Domain\Analytics\GrowthCalculatorTest.php" line="64" class="Tests\Unit\Domain\Analytics\GrowthCalculatorTest" classname="Tests.Unit.Domain.Analytics.GrowthCalculatorTest" assertions="2" time="0.000077"/>
          <testcase name="test_result_is_always_float_rounded_to_one_decimal with data set &quot;positive_previous_44&quot;" file="E:\coupony-backend\tests\Unit\Domain\Analytics\GrowthCalculatorTest.php" line="64" class="Tests\Unit\Domain\Analytics\GrowthCalculatorTest" classname="Tests.Unit.Domain.Analytics.GrowthCalculatorTest" assertions="2" time="0.000085"/>
          <testcase name="test_result_is_always_float_rounded_to_one_decimal with data set &quot;positive_previous_45&quot;" file="E:\coupony-backend\tests\Unit\Domain\Analytics\GrowthCalculatorTest.php" line="64" class="Tests\Unit\Domain\Analytics\GrowthCalculatorTest" classname="Tests.Unit.Domain.Analytics.GrowthCalculatorTest" assertions="2" time="0.000078"/>
          <testcase name="test_result_is_always_float_rounded_to_one_decimal with data set &quot;positive_previous_46&quot;" file="E:\coupony-backend\tests\Unit\Domain\Analytics\GrowthCalculatorTest.php" line="64" class="Tests\Unit\Domain\Analytics\GrowthCalculatorTest" classname="Tests.Unit.Domain.Analytics.GrowthCalculatorTest" assertions="2" time="0.000077"/>
          <testcase name="test_result_is_always_float_rounded_to_one_decimal with data set &quot;positive_previous_47&quot;" file="E:\coupony-backend\tests\Unit\Domain\Analytics\GrowthCalculatorTest.php" line="64" class="Tests\Unit\Domain\Analytics\GrowthCalculatorTest" classname="Tests.Unit.Domain.Analytics.GrowthCalculatorTest" assertions="2" time="0.000077"/>
          <testcase name="test_result_is_always_float_rounded_to_one_decimal with data set &quot;positive_previous_48&quot;" file="E:\coupony-backend\tests\Unit\Domain\Analytics\GrowthCalculatorTest.php" line="64" class="Tests\Unit\Domain\Analytics\GrowthCalculatorTest" classname="Tests.Unit.Domain.Analytics.GrowthCalculatorTest" assertions="2" time="0.000076"/>
          <testcase name="test_result_is_always_float_rounded_to_one_decimal with data set &quot;positive_previous_49&quot;" file="E:\coupony-backend\tests\Unit\Domain\Analytics\GrowthCalculatorTest.php" line="64" class="Tests\Unit\Domain\Analytics\GrowthCalculatorTest" classname="Tests.Unit.Domain.Analytics.GrowthCalculatorTest" assertions="2" time="0.000076"/>
          <testcase name="test_result_is_always_float_rounded_to_one_decimal with data set &quot;positive_previous_50&quot;" file="E:\coupony-backend\tests\Unit\Domain\Analytics\GrowthCalculatorTest.php" line="64" class="Tests\Unit\Domain\Analytics\GrowthCalculatorTest" classname="Tests.Unit.Domain.Analytics.GrowthCalculatorTest" assertions="2" time="0.000088"/>
          <testcase name="test_result_is_always_float_rounded_to_one_decimal with data set &quot;positive_previous_51&quot;" file="E:\coupony-backend\tests\Unit\Domain\Analytics\GrowthCalculatorTest.php" line="64" class="Tests\Unit\Domain\Analytics\GrowthCalculatorTest" classname="Tests.Unit.Domain.Analytics.GrowthCalculatorTest" assertions="2" time="0.000078"/>
          <testcase name="test_result_is_always_float_rounded_to_one_decimal with data set &quot;positive_previous_52&quot;" file="E:\coupony-backend\tests\Unit\Domain\Analytics\GrowthCalculatorTest.php" line="64" class="Tests\Unit\Domain\Analytics\GrowthCalculatorTest" classname="Tests.Unit.Domain.Analytics.GrowthCalculatorTest" assertions="2" time="0.000077"/>
          <testcase name="test_result_is_always_float_rounded_to_one_decimal with data set &quot;positive_previous_53&quot;" file="E:\coupony-backend\tests\Unit\Domain\Analytics\GrowthCalculatorTest.php" line="64" class="Tests\Unit\Domain\Analytics\GrowthCalculatorTest" classname="Tests.Unit.Domain.Analytics.GrowthCalculatorTest" assertions="2" time="0.000076"/>
          <testcase name="test_result_is_always_float_rounded_to_one_decimal with data set &quot;positive_previous_54&quot;" file="E:\coupony-backend\tests\Unit\Domain\Analytics\GrowthCalculatorTest.php" line="64" class="Tests\Unit\Domain\Analytics\GrowthCalculatorTest" classname="Tests.Unit.Domain.Analytics.GrowthCalculatorTest" assertions="2" time="0.000076"/>
          <testcase name="test_result_is_always_float_rounded_to_one_decimal with data set &quot;positive_previous_55&quot;" file="E:\coupony-backend\tests\Unit\Domain\Analytics\GrowthCalculatorTest.php" line="64" class="Tests\Unit\Domain\Analytics\GrowthCalculatorTest" classname="Tests.Unit.Domain.Analytics.GrowthCalculatorTest" assertions="2" time="0.000076"/>
          <testcase name="test_result_is_always_float_rounded_to_one_decimal with data set &quot;positive_previous_56&quot;" file="E:\coupony-backend\tests\Unit\Domain\Analytics\GrowthCalculatorTest.php" line="64" class="Tests\Unit\Domain\Analytics\GrowthCalculatorTest" classname="Tests.Unit.Domain.Analytics.GrowthCalculatorTest" assertions="2" time="0.000076"/>
          <testcase name="test_result_is_always_float_rounded_to_one_decimal with data set &quot;positive_previous_57&quot;" file="E:\coupony-backend\tests\Unit\Domain\Analytics\GrowthCalculatorTest.php" line="64" class="Tests\Unit\Domain\Analytics\GrowthCalculatorTest" classname="Tests.Unit.Domain.Analytics.GrowthCalculatorTest" assertions="2" time="0.000075"/>
          <testcase name="test_result_is_always_float_rounded_to_one_decimal with data set &quot;positive_previous_58&quot;" file="E:\coupony-backend\tests\Unit\Domain\Analytics\GrowthCalculatorTest.php" line="64" class="Tests\Unit\Domain\Analytics\GrowthCalculatorTest" classname="Tests.Unit.Domain.Analytics.GrowthCalculatorTest" assertions="2" time="0.000075"/>
          <testcase name="test_result_is_always_float_rounded_to_one_decimal with data set &quot;positive_previous_59&quot;" file="E:\coupony-backend\tests\Unit\Domain\Analytics\GrowthCalculatorTest.php" line="64" class="Tests\Unit\Domain\Analytics\GrowthCalculatorTest" classname="Tests.Unit.Domain.Analytics.GrowthCalculatorTest" assertions="2" time="0.000088"/>
          <testcase name="test_result_is_always_float_rounded_to_one_decimal with data set &quot;positive_previous_60&quot;" file="E:\coupony-backend\tests\Unit\Domain\Analytics\GrowthCalculatorTest.php" line="64" class="Tests\Unit\Domain\Analytics\GrowthCalculatorTest" classname="Tests.Unit.Domain.Analytics.GrowthCalculatorTest" assertions="2" time="0.000080"/>
          <testcase name="test_result_is_always_float_rounded_to_one_decimal with data set &quot;positive_previous_61&quot;" file="E:\coupony-backend\tests\Unit\Domain\Analytics\GrowthCalculatorTest.php" line="64" class="Tests\Unit\Domain\Analytics\GrowthCalculatorTest" classname="Tests.Unit.Domain.Analytics.GrowthCalculatorTest" assertions="2" time="0.000077"/>
          <testcase name="test_result_is_always_float_rounded_to_one_decimal with data set &quot;positive_previous_62&quot;" file="E:\coupony-backend\tests\Unit\Domain\Analytics\GrowthCalculatorTest.php" line="64" class="Tests\Unit\Domain\Analytics\GrowthCalculatorTest" classname="Tests.Unit.Domain.Analytics.GrowthCalculatorTest" assertions="2" time="0.000075"/>
          <testcase name="test_result_is_always_float_rounded_to_one_decimal with data set &quot;positive_previous_63&quot;" file="E:\coupony-backend\tests\Unit\Domain\Analytics\GrowthCalculatorTest.php" line="64" class="Tests\Unit\Domain\Analytics\GrowthCalculatorTest" classname="Tests.Unit.Domain.Analytics.GrowthCalculatorTest" assertions="2" time="0.000074"/>
          <testcase name="test_result_is_always_float_rounded_to_one_decimal with data set &quot;positive_previous_64&quot;" file="E:\coupony-backend\tests\Unit\Domain\Analytics\GrowthCalculatorTest.php" line="64" class="Tests\Unit\Domain\Analytics\GrowthCalculatorTest" classname="Tests.Unit.Domain.Analytics.GrowthCalculatorTest" assertions="2" time="0.000076"/>
          <testcase name="test_result_is_always_float_rounded_to_one_decimal with data set &quot;positive_previous_65&quot;" file="E:\coupony-backend\tests\Unit\Domain\Analytics\GrowthCalculatorTest.php" line="64" class="Tests\Unit\Domain\Analytics\GrowthCalculatorTest" classname="Tests.Unit.Domain.Analytics.GrowthCalculatorTest" assertions="2" time="0.000075"/>
          <testcase name="test_result_is_always_float_rounded_to_one_decimal with data set &quot;positive_previous_66&quot;" file="E:\coupony-backend\tests\Unit\Domain\Analytics\GrowthCalculatorTest.php" line="64" class="Tests\Unit\Domain\Analytics\GrowthCalculatorTest" classname="Tests.Unit.Domain.Analytics.GrowthCalculatorTest" assertions="2" time="0.000075"/>
          <testcase name="test_result_is_always_float_rounded_to_one_decimal with data set &quot;positive_previous_67&quot;" file="E:\coupony-backend\tests\Unit\Domain\Analytics\GrowthCalculatorTest.php" line="64" class="Tests\Unit\Domain\Analytics\GrowthCalculatorTest" classname="Tests.Unit.Domain.Analytics.GrowthCalculatorTest" assertions="2" time="0.000075"/>
          <testcase name="test_result_is_always_float_rounded_to_one_decimal with data set &quot;positive_previous_68&quot;" file="E:\coupony-backend\tests\Unit\Domain\Analytics\GrowthCalculatorTest.php" line="64" class="Tests\Unit\Domain\Analytics\GrowthCalculatorTest" classname="Tests.Unit.Domain.Analytics.GrowthCalculatorTest" assertions="2" time="0.000076"/>
          <testcase name="test_result_is_always_float_rounded_to_one_decimal with data set &quot;positive_previous_69&quot;" file="E:\coupony-backend\tests\Unit\Domain\Analytics\GrowthCalculatorTest.php" line="64" class="Tests\Unit\Domain\Analytics\GrowthCalculatorTest" classname="Tests.Unit.Domain.Analytics.GrowthCalculatorTest" assertions="2" time="0.000083"/>
          <testcase name="test_result_is_always_float_rounded_to_one_decimal with data set &quot;positive_previous_70&quot;" file="E:\coupony-backend\tests\Unit\Domain\Analytics\GrowthCalculatorTest.php" line="64" class="Tests\Unit\Domain\Analytics\GrowthCalculatorTest" classname="Tests.Unit.Domain.Analytics.GrowthCalculatorTest" assertions="2" time="0.000077"/>
          <testcase name="test_result_is_always_float_rounded_to_one_decimal with data set &quot;positive_previous_71&quot;" file="E:\coupony-backend\tests\Unit\Domain\Analytics\GrowthCalculatorTest.php" line="64" class="Tests\Unit\Domain\Analytics\GrowthCalculatorTest" classname="Tests.Unit.Domain.Analytics.GrowthCalculatorTest" assertions="2" time="0.000076"/>
          <testcase name="test_result_is_always_float_rounded_to_one_decimal with data set &quot;positive_previous_72&quot;" file="E:\coupony-backend\tests\Unit\Domain\Analytics\GrowthCalculatorTest.php" line="64" class="Tests\Unit\Domain\Analytics\GrowthCalculatorTest" classname="Tests.Unit.Domain.Analytics.GrowthCalculatorTest" assertions="2" time="0.000076"/>
          <testcase name="test_result_is_always_float_rounded_to_one_decimal with data set &quot;positive_previous_73&quot;" file="E:\coupony-backend\tests\Unit\Domain\Analytics\GrowthCalculatorTest.php" line="64" class="Tests\Unit\Domain\Analytics\GrowthCalculatorTest" classname="Tests.Unit.Domain.Analytics.GrowthCalculatorTest" assertions="2" time="0.000099"/>
          <testcase name="test_result_is_always_float_rounded_to_one_decimal with data set &quot;positive_previous_74&quot;" file="E:\coupony-backend\tests\Unit\Domain\Analytics\GrowthCalculatorTest.php" line="64" class="Tests\Unit\Domain\Analytics\GrowthCalculatorTest" classname="Tests.Unit.Domain.Analytics.GrowthCalculatorTest" assertions="2" time="0.000079"/>
          <testcase name="test_result_is_always_float_rounded_to_one_decimal with data set &quot;positive_previous_75&quot;" file="E:\coupony-backend\tests\Unit\Domain\Analytics\GrowthCalculatorTest.php" line="64" class="Tests\Unit\Domain\Analytics\GrowthCalculatorTest" classname="Tests.Unit.Domain.Analytics.GrowthCalculatorTest" assertions="2" time="0.000076"/>
          <testcase name="test_result_is_always_float_rounded_to_one_decimal with data set &quot;positive_previous_76&quot;" file="E:\coupony-backend\tests\Unit\Domain\Analytics\GrowthCalculatorTest.php" line="64" class="Tests\Unit\Domain\Analytics\GrowthCalculatorTest" classname="Tests.Unit.Domain.Analytics.GrowthCalculatorTest" assertions="2" time="0.000076"/>
          <testcase name="test_result_is_always_float_rounded_to_one_decimal with data set &quot;positive_previous_77&quot;" file="E:\coupony-backend\tests\Unit\Domain\Analytics\GrowthCalculatorTest.php" line="64" class="Tests\Unit\Domain\Analytics\GrowthCalculatorTest" classname="Tests.Unit.Domain.Analytics.GrowthCalculatorTest" assertions="2" time="0.000076"/>
          <testcase name="test_result_is_always_float_rounded_to_one_decimal with data set &quot;positive_previous_78&quot;" file="E:\coupony-backend\tests\Unit\Domain\Analytics\GrowthCalculatorTest.php" line="64" class="Tests\Unit\Domain\Analytics\GrowthCalculatorTest" classname="Tests.Unit.Domain.Analytics.GrowthCalculatorTest" assertions="2" time="0.000076"/>
          <testcase name="test_result_is_always_float_rounded_to_one_decimal with data set &quot;positive_previous_79&quot;" file="E:\coupony-backend\tests\Unit\Domain\Analytics\GrowthCalculatorTest.php" line="64" class="Tests\Unit\Domain\Analytics\GrowthCalculatorTest" classname="Tests.Unit.Domain.Analytics.GrowthCalculatorTest" assertions="2" time="0.000075"/>
          <testcase name="test_result_is_always_float_rounded_to_one_decimal with data set &quot;zero_previous_0&quot;" file="E:\coupony-backend\tests\Unit\Domain\Analytics\GrowthCalculatorTest.php" line="64" class="Tests\Unit\Domain\Analytics\GrowthCalculatorTest" classname="Tests.Unit.Domain.Analytics.GrowthCalculatorTest" assertions="2" time="0.000077"/>
          <testcase name="test_result_is_always_float_rounded_to_one_decimal with data set &quot;zero_previous_1&quot;" file="E:\coupony-backend\tests\Unit\Domain\Analytics\GrowthCalculatorTest.php" line="64" class="Tests\Unit\Domain\Analytics\GrowthCalculatorTest" classname="Tests.Unit.Domain.Analytics.GrowthCalculatorTest" assertions="2" time="0.000075"/>
          <testcase name="test_result_is_always_float_rounded_to_one_decimal with data set &quot;zero_previous_2&quot;" file="E:\coupony-backend\tests\Unit\Domain\Analytics\GrowthCalculatorTest.php" line="64" class="Tests\Unit\Domain\Analytics\GrowthCalculatorTest" classname="Tests.Unit.Domain.Analytics.GrowthCalculatorTest" assertions="2" time="0.000090"/>
          <testcase name="test_result_is_always_float_rounded_to_one_decimal with data set &quot;zero_previous_3&quot;" file="E:\coupony-backend\tests\Unit\Domain\Analytics\GrowthCalculatorTest.php" line="64" class="Tests\Unit\Domain\Analytics\GrowthCalculatorTest" classname="Tests.Unit.Domain.Analytics.GrowthCalculatorTest" assertions="2" time="0.000078"/>
          <testcase name="test_result_is_always_float_rounded_to_one_decimal with data set &quot;zero_previous_4&quot;" file="E:\coupony-backend\tests\Unit\Domain\Analytics\GrowthCalculatorTest.php" line="64" class="Tests\Unit\Domain\Analytics\GrowthCalculatorTest" classname="Tests.Unit.Domain.Analytics.GrowthCalculatorTest" assertions="2" time="0.000076"/>
          <testcase name="test_result_is_always_float_rounded_to_one_decimal with data set &quot;zero_previous_5&quot;" file="E:\coupony-backend\tests\Unit\Domain\Analytics\GrowthCalculatorTest.php" line="64" class="Tests\Unit\Domain\Analytics\GrowthCalculatorTest" classname="Tests.Unit.Domain.Analytics.GrowthCalculatorTest" assertions="2" time="0.000075"/>
          <testcase name="test_result_is_always_float_rounded_to_one_decimal with data set &quot;zero_previous_6&quot;" file="E:\coupony-backend\tests\Unit\Domain\Analytics\GrowthCalculatorTest.php" line="64" class="Tests\Unit\Domain\Analytics\GrowthCalculatorTest" classname="Tests.Unit.Domain.Analytics.GrowthCalculatorTest" assertions="2" time="0.000074"/>
          <testcase name="test_result_is_always_float_rounded_to_one_decimal with data set &quot;zero_previous_7&quot;" file="E:\coupony-backend\tests\Unit\Domain\Analytics\GrowthCalculatorTest.php" line="64" class="Tests\Unit\Domain\Analytics\GrowthCalculatorTest" classname="Tests.Unit.Domain.Analytics.GrowthCalculatorTest" assertions="2" time="0.000075"/>
          <testcase name="test_result_is_always_float_rounded_to_one_decimal with data set &quot;zero_previous_8&quot;" file="E:\coupony-backend\tests\Unit\Domain\Analytics\GrowthCalculatorTest.php" line="64" class="Tests\Unit\Domain\Analytics\GrowthCalculatorTest" classname="Tests.Unit.Domain.Analytics.GrowthCalculatorTest" assertions="2" time="0.000075"/>
          <testcase name="test_result_is_always_float_rounded_to_one_decimal with data set &quot;zero_previous_9&quot;" file="E:\coupony-backend\tests\Unit\Domain\Analytics\GrowthCalculatorTest.php" line="64" class="Tests\Unit\Domain\Analytics\GrowthCalculatorTest" classname="Tests.Unit.Domain.Analytics.GrowthCalculatorTest" assertions="2" time="0.000074"/>
          <testcase name="test_result_is_always_float_rounded_to_one_decimal with data set &quot;zero_previous_10&quot;" file="E:\coupony-backend\tests\Unit\Domain\Analytics\GrowthCalculatorTest.php" line="64" class="Tests\Unit\Domain\Analytics\GrowthCalculatorTest" classname="Tests.Unit.Domain.Analytics.GrowthCalculatorTest" assertions="2" time="0.000075"/>
          <testcase name="test_result_is_always_float_rounded_to_one_decimal with data set &quot;zero_previous_11&quot;" file="E:\coupony-backend\tests\Unit\Domain\Analytics\GrowthCalculatorTest.php" line="64" class="Tests\Unit\Domain\Analytics\GrowthCalculatorTest" classname="Tests.Unit.Domain.Analytics.GrowthCalculatorTest" assertions="2" time="0.000092"/>
          <testcase name="test_result_is_always_float_rounded_to_one_decimal with data set &quot;zero_previous_12&quot;" file="E:\coupony-backend\tests\Unit\Domain\Analytics\GrowthCalculatorTest.php" line="64" class="Tests\Unit\Domain\Analytics\GrowthCalculatorTest" classname="Tests.Unit.Domain.Analytics.GrowthCalculatorTest" assertions="2" time="0.000143"/>
          <testcase name="test_result_is_always_float_rounded_to_one_decimal with data set &quot;zero_previous_13&quot;" file="E:\coupony-backend\tests\Unit\Domain\Analytics\GrowthCalculatorTest.php" line="64" class="Tests\Unit\Domain\Analytics\GrowthCalculatorTest" classname="Tests.Unit.Domain.Analytics.GrowthCalculatorTest" assertions="2" time="0.000079"/>
          <testcase name="test_result_is_always_float_rounded_to_one_decimal with data set &quot;zero_previous_14&quot;" file="E:\coupony-backend\tests\Unit\Domain\Analytics\GrowthCalculatorTest.php" line="64" class="Tests\Unit\Domain\Analytics\GrowthCalculatorTest" classname="Tests.Unit.Domain.Analytics.GrowthCalculatorTest" assertions="2" time="0.000075"/>
          <testcase name="test_result_is_always_float_rounded_to_one_decimal with data set &quot;zero_previous_15&quot;" file="E:\coupony-backend\tests\Unit\Domain\Analytics\GrowthCalculatorTest.php" line="64" class="Tests\Unit\Domain\Analytics\GrowthCalculatorTest" classname="Tests.Unit.Domain.Analytics.GrowthCalculatorTest" assertions="2" time="0.000075"/>
          <testcase name="test_result_is_always_float_rounded_to_one_decimal with data set &quot;zero_previous_16&quot;" file="E:\coupony-backend\tests\Unit\Domain\Analytics\GrowthCalculatorTest.php" line="64" class="Tests\Unit\Domain\Analytics\GrowthCalculatorTest" classname="Tests.Unit.Domain.Analytics.GrowthCalculatorTest" assertions="2" time="0.000076"/>
          <testcase name="test_result_is_always_float_rounded_to_one_decimal with data set &quot;zero_previous_17&quot;" file="E:\coupony-backend\tests\Unit\Domain\Analytics\GrowthCalculatorTest.php" line="64" class="Tests\Unit\Domain\Analytics\GrowthCalculatorTest" classname="Tests.Unit.Domain.Analytics.GrowthCalculatorTest" assertions="2" time="0.000074"/>
          <testcase name="test_result_is_always_float_rounded_to_one_decimal with data set &quot;zero_previous_18&quot;" file="E:\coupony-backend\tests\Unit\Domain\Analytics\GrowthCalculatorTest.php" line="64" class="Tests\Unit\Domain\Analytics\GrowthCalculatorTest" classname="Tests.Unit.Domain.Analytics.GrowthCalculatorTest" assertions="2" time="0.000076"/>
          <testcase name="test_result_is_always_float_rounded_to_one_decimal with data set &quot;zero_previous_19&quot;" file="E:\coupony-backend\tests\Unit\Domain\Analytics\GrowthCalculatorTest.php" line="64" class="Tests\Unit\Domain\Analytics\GrowthCalculatorTest" classname="Tests.Unit.Domain.Analytics.GrowthCalculatorTest" assertions="2" time="0.000076"/>
          <testcase name="test_result_is_always_float_rounded_to_one_decimal with data set &quot;both_zero&quot;" file="E:\coupony-backend\tests\Unit\Domain\Analytics\GrowthCalculatorTest.php" line="64" class="Tests\Unit\Domain\Analytics\GrowthCalculatorTest" classname="Tests.Unit.Domain.Analytics.GrowthCalculatorTest" assertions="2" time="0.000093"/>
          <testcase name="test_result_is_always_float_rounded_to_one_decimal with data set &quot;same_values&quot;" file="E:\coupony-backend\tests\Unit\Domain\Analytics\GrowthCalculatorTest.php" line="64" class="Tests\Unit\Domain\Analytics\GrowthCalculatorTest" classname="Tests.Unit.Domain.Analytics.GrowthCalculatorTest" assertions="2" time="0.000077"/>
          <testcase name="test_result_is_always_float_rounded_to_one_decimal with data set &quot;large_growth&quot;" file="E:\coupony-backend\tests\Unit\Domain\Analytics\GrowthCalculatorTest.php" line="64" class="Tests\Unit\Domain\Analytics\GrowthCalculatorTest" classname="Tests.Unit.Domain.Analytics.GrowthCalculatorTest" assertions="2" time="0.000075"/>
        </testsuite>
        <testcase name="test_returns_zero_when_both_values_are_zero" file="E:\coupony-backend\tests\Unit\Domain\Analytics\GrowthCalculatorTest.php" line="76" class="Tests\Unit\Domain\Analytics\GrowthCalculatorTest" classname="Tests.Unit.Domain.Analytics.GrowthCalculatorTest" assertions="1" time="0.000067"/>
        <testcase name="test_returns_zero_when_previous_zero_and_current_positive" file="E:\coupony-backend\tests\Unit\Domain\Analytics\GrowthCalculatorTest.php" line="87" class="Tests\Unit\Domain\Analytics\GrowthCalculatorTest" classname="Tests.Unit.Domain.Analytics.GrowthCalculatorTest" assertions="1" time="0.000061"/>
        <testcase name="test_negative_growth_with_known_values" file="E:\coupony-backend\tests\Unit\Domain\Analytics\GrowthCalculatorTest.php" line="98" class="Tests\Unit\Domain\Analytics\GrowthCalculatorTest" classname="Tests.Unit.Domain.Analytics.GrowthCalculatorTest" assertions="1" time="0.000059"/>
      </testsuite>
      <testsuite name="Tests\Unit\Domain\Analytics\HeatmapBuilderTest" file="E:\coupony-backend\tests\Unit\Domain\Analytics\HeatmapBuilderTest.php" tests="600" assertions="22600" errors="0" failures="0" skipped="0" time="0.526354">
        <testsuite name="Tests\Unit\Domain\Analytics\HeatmapBuilderTest::test_heatmap_always_returns_exactly_28_elements" tests="100" assertions="100" errors="0" failures="0" skipped="0" time="0.084015">
          <testcase name="test_heatmap_always_returns_exactly_28_elements with data set #0" file="E:\coupony-backend\tests\Unit\Domain\Analytics\HeatmapBuilderTest.php" line="73" class="Tests\Unit\Domain\Analytics\HeatmapBuilderTest" classname="Tests.Unit.Domain.Analytics.HeatmapBuilderTest" assertions="1" time="0.001549"/>
          <testcase name="test_heatmap_always_returns_exactly_28_elements with data set #1" file="E:\coupony-backend\tests\Unit\Domain\Analytics\HeatmapBuilderTest.php" line="73" class="Tests\Unit\Domain\Analytics\HeatmapBuilderTest" classname="Tests.Unit.Domain.Analytics.HeatmapBuilderTest" assertions="1" time="0.000711"/>
          <testcase name="test_heatmap_always_returns_exactly_28_elements with data set #2" file="E:\coupony-backend\tests\Unit\Domain\Analytics\HeatmapBuilderTest.php" line="73" class="Tests\Unit\Domain\Analytics\HeatmapBuilderTest" classname="Tests.Unit.Domain.Analytics.HeatmapBuilderTest" assertions="1" time="0.000263"/>
          <testcase name="test_heatmap_always_returns_exactly_28_elements with data set #3" file="E:\coupony-backend\tests\Unit\Domain\Analytics\HeatmapBuilderTest.php" line="73" class="Tests\Unit\Domain\Analytics\HeatmapBuilderTest" classname="Tests.Unit.Domain.Analytics.HeatmapBuilderTest" assertions="1" time="0.000494"/>
          <testcase name="test_heatmap_always_returns_exactly_28_elements with data set #4" file="E:\coupony-backend\tests\Unit\Domain\Analytics\HeatmapBuilderTest.php" line="73" class="Tests\Unit\Domain\Analytics\HeatmapBuilderTest" classname="Tests.Unit.Domain.Analytics.HeatmapBuilderTest" assertions="1" time="0.000641"/>
          <testcase name="test_heatmap_always_returns_exactly_28_elements with data set #5" file="E:\coupony-backend\tests\Unit\Domain\Analytics\HeatmapBuilderTest.php" line="73" class="Tests\Unit\Domain\Analytics\HeatmapBuilderTest" classname="Tests.Unit.Domain.Analytics.HeatmapBuilderTest" assertions="1" time="0.000250"/>
          <testcase name="test_heatmap_always_returns_exactly_28_elements with data set #6" file="E:\coupony-backend\tests\Unit\Domain\Analytics\HeatmapBuilderTest.php" line="73" class="Tests\Unit\Domain\Analytics\HeatmapBuilderTest" classname="Tests.Unit.Domain.Analytics.HeatmapBuilderTest" assertions="1" time="0.001182"/>
          <testcase name="test_heatmap_always_returns_exactly_28_elements with data set #7" file="E:\coupony-backend\tests\Unit\Domain\Analytics\HeatmapBuilderTest.php" line="73" class="Tests\Unit\Domain\Analytics\HeatmapBuilderTest" classname="Tests.Unit.Domain.Analytics.HeatmapBuilderTest" assertions="1" time="0.000597"/>
          <testcase name="test_heatmap_always_returns_exactly_28_elements with data set #8" file="E:\coupony-backend\tests\Unit\Domain\Analytics\HeatmapBuilderTest.php" line="73" class="Tests\Unit\Domain\Analytics\HeatmapBuilderTest" classname="Tests.Unit.Domain.Analytics.HeatmapBuilderTest" assertions="1" time="0.000308"/>
          <testcase name="test_heatmap_always_returns_exactly_28_elements with data set #9" file="E:\coupony-backend\tests\Unit\Domain\Analytics\HeatmapBuilderTest.php" line="73" class="Tests\Unit\Domain\Analytics\HeatmapBuilderTest" classname="Tests.Unit.Domain.Analytics.HeatmapBuilderTest" assertions="1" time="0.000385"/>
          <testcase name="test_heatmap_always_returns_exactly_28_elements with data set #10" file="E:\coupony-backend\tests\Unit\Domain\Analytics\HeatmapBuilderTest.php" line="73" class="Tests\Unit\Domain\Analytics\HeatmapBuilderTest" classname="Tests.Unit.Domain.Analytics.HeatmapBuilderTest" assertions="1" time="0.000933"/>
          <testcase name="test_heatmap_always_returns_exactly_28_elements with data set #11" file="E:\coupony-backend\tests\Unit\Domain\Analytics\HeatmapBuilderTest.php" line="73" class="Tests\Unit\Domain\Analytics\HeatmapBuilderTest" classname="Tests.Unit.Domain.Analytics.HeatmapBuilderTest" assertions="1" time="0.000584"/>
          <testcase name="test_heatmap_always_returns_exactly_28_elements with data set #12" file="E:\coupony-backend\tests\Unit\Domain\Analytics\HeatmapBuilderTest.php" line="73" class="Tests\Unit\Domain\Analytics\HeatmapBuilderTest" classname="Tests.Unit.Domain.Analytics.HeatmapBuilderTest" assertions="1" time="0.000324"/>
          <testcase name="test_heatmap_always_returns_exactly_28_elements with data set #13" file="E:\coupony-backend\tests\Unit\Domain\Analytics\HeatmapBuilderTest.php" line="73" class="Tests\Unit\Domain\Analytics\HeatmapBuilderTest" classname="Tests.Unit.Domain.Analytics.HeatmapBuilderTest" assertions="1" time="0.001184"/>
          <testcase name="test_heatmap_always_returns_exactly_28_elements with data set #14" file="E:\coupony-backend\tests\Unit\Domain\Analytics\HeatmapBuilderTest.php" line="73" class="Tests\Unit\Domain\Analytics\HeatmapBuilderTest" classname="Tests.Unit.Domain.Analytics.HeatmapBuilderTest" assertions="1" time="0.000447"/>
          <testcase name="test_heatmap_always_returns_exactly_28_elements with data set #15" file="E:\coupony-backend\tests\Unit\Domain\Analytics\HeatmapBuilderTest.php" line="73" class="Tests\Unit\Domain\Analytics\HeatmapBuilderTest" classname="Tests.Unit.Domain.Analytics.HeatmapBuilderTest" assertions="1" time="0.002035"/>
          <testcase name="test_heatmap_always_returns_exactly_28_elements with data set #16" file="E:\coupony-backend\tests\Unit\Domain\Analytics\HeatmapBuilderTest.php" line="73" class="Tests\Unit\Domain\Analytics\HeatmapBuilderTest" classname="Tests.Unit.Domain.Analytics.HeatmapBuilderTest" assertions="1" time="0.000913"/>
          <testcase name="test_heatmap_always_returns_exactly_28_elements with data set #17" file="E:\coupony-backend\tests\Unit\Domain\Analytics\HeatmapBuilderTest.php" line="73" class="Tests\Unit\Domain\Analytics\HeatmapBuilderTest" classname="Tests.Unit.Domain.Analytics.HeatmapBuilderTest" assertions="1" time="0.000364"/>
          <testcase name="test_heatmap_always_returns_exactly_28_elements with data set #18" file="E:\coupony-backend\tests\Unit\Domain\Analytics\HeatmapBuilderTest.php" line="73" class="Tests\Unit\Domain\Analytics\HeatmapBuilderTest" classname="Tests.Unit.Domain.Analytics.HeatmapBuilderTest" assertions="1" time="0.000529"/>
          <testcase name="test_heatmap_always_returns_exactly_28_elements with data set #19" file="E:\coupony-backend\tests\Unit\Domain\Analytics\HeatmapBuilderTest.php" line="73" class="Tests\Unit\Domain\Analytics\HeatmapBuilderTest" classname="Tests.Unit.Domain.Analytics.HeatmapBuilderTest" assertions="1" time="0.001256"/>
          <testcase name="test_heatmap_always_returns_exactly_28_elements with data set #20" file="E:\coupony-backend\tests\Unit\Domain\Analytics\HeatmapBuilderTest.php" line="73" class="Tests\Unit\Domain\Analytics\HeatmapBuilderTest" classname="Tests.Unit.Domain.Analytics.HeatmapBuilderTest" assertions="1" time="0.000393"/>
          <testcase name="test_heatmap_always_returns_exactly_28_elements with data set #21" file="E:\coupony-backend\tests\Unit\Domain\Analytics\HeatmapBuilderTest.php" line="73" class="Tests\Unit\Domain\Analytics\HeatmapBuilderTest" classname="Tests.Unit.Domain.Analytics.HeatmapBuilderTest" assertions="1" time="0.001120"/>
          <testcase name="test_heatmap_always_returns_exactly_28_elements with data set #22" file="E:\coupony-backend\tests\Unit\Domain\Analytics\HeatmapBuilderTest.php" line="73" class="Tests\Unit\Domain\Analytics\HeatmapBuilderTest" classname="Tests.Unit.Domain.Analytics.HeatmapBuilderTest" assertions="1" time="0.001136"/>
          <testcase name="test_heatmap_always_returns_exactly_28_elements with data set #23" file="E:\coupony-backend\tests\Unit\Domain\Analytics\HeatmapBuilderTest.php" line="73" class="Tests\Unit\Domain\Analytics\HeatmapBuilderTest" classname="Tests.Unit.Domain.Analytics.HeatmapBuilderTest" assertions="1" time="0.000751"/>
          <testcase name="test_heatmap_always_returns_exactly_28_elements with data set #24" file="E:\coupony-backend\tests\Unit\Domain\Analytics\HeatmapBuilderTest.php" line="73" class="Tests\Unit\Domain\Analytics\HeatmapBuilderTest" classname="Tests.Unit.Domain.Analytics.HeatmapBuilderTest" assertions="1" time="0.000958"/>
          <testcase name="test_heatmap_always_returns_exactly_28_elements with data set #25" file="E:\coupony-backend\tests\Unit\Domain\Analytics\HeatmapBuilderTest.php" line="73" class="Tests\Unit\Domain\Analytics\HeatmapBuilderTest" classname="Tests.Unit.Domain.Analytics.HeatmapBuilderTest" assertions="1" time="0.000720"/>
          <testcase name="test_heatmap_always_returns_exactly_28_elements with data set #26" file="E:\coupony-backend\tests\Unit\Domain\Analytics\HeatmapBuilderTest.php" line="73" class="Tests\Unit\Domain\Analytics\HeatmapBuilderTest" classname="Tests.Unit.Domain.Analytics.HeatmapBuilderTest" assertions="1" time="0.000393"/>
          <testcase name="test_heatmap_always_returns_exactly_28_elements with data set #27" file="E:\coupony-backend\tests\Unit\Domain\Analytics\HeatmapBuilderTest.php" line="73" class="Tests\Unit\Domain\Analytics\HeatmapBuilderTest" classname="Tests.Unit.Domain.Analytics.HeatmapBuilderTest" assertions="1" time="0.002376"/>
          <testcase name="test_heatmap_always_returns_exactly_28_elements with data set #28" file="E:\coupony-backend\tests\Unit\Domain\Analytics\HeatmapBuilderTest.php" line="73" class="Tests\Unit\Domain\Analytics\HeatmapBuilderTest" classname="Tests.Unit.Domain.Analytics.HeatmapBuilderTest" assertions="1" time="0.001335"/>
          <testcase name="test_heatmap_always_returns_exactly_28_elements with data set #29" file="E:\coupony-backend\tests\Unit\Domain\Analytics\HeatmapBuilderTest.php" line="73" class="Tests\Unit\Domain\Analytics\HeatmapBuilderTest" classname="Tests.Unit.Domain.Analytics.HeatmapBuilderTest" assertions="1" time="0.000881"/>
          <testcase name="test_heatmap_always_returns_exactly_28_elements with data set #30" file="E:\coupony-backend\tests\Unit\Domain\Analytics\HeatmapBuilderTest.php" line="73" class="Tests\Unit\Domain\Analytics\HeatmapBuilderTest" classname="Tests.Unit.Domain.Analytics.HeatmapBuilderTest" assertions="1" time="0.000234"/>
          <testcase name="test_heatmap_always_returns_exactly_28_elements with data set #31" file="E:\coupony-backend\tests\Unit\Domain\Analytics\HeatmapBuilderTest.php" line="73" class="Tests\Unit\Domain\Analytics\HeatmapBuilderTest" classname="Tests.Unit.Domain.Analytics.HeatmapBuilderTest" assertions="1" time="0.000653"/>
          <testcase name="test_heatmap_always_returns_exactly_28_elements with data set #32" file="E:\coupony-backend\tests\Unit\Domain\Analytics\HeatmapBuilderTest.php" line="73" class="Tests\Unit\Domain\Analytics\HeatmapBuilderTest" classname="Tests.Unit.Domain.Analytics.HeatmapBuilderTest" assertions="1" time="0.000374"/>
          <testcase name="test_heatmap_always_returns_exactly_28_elements with data set #33" file="E:\coupony-backend\tests\Unit\Domain\Analytics\HeatmapBuilderTest.php" line="73" class="Tests\Unit\Domain\Analytics\HeatmapBuilderTest" classname="Tests.Unit.Domain.Analytics.HeatmapBuilderTest" assertions="1" time="0.000901"/>
          <testcase name="test_heatmap_always_returns_exactly_28_elements with data set #34" file="E:\coupony-backend\tests\Unit\Domain\Analytics\HeatmapBuilderTest.php" line="73" class="Tests\Unit\Domain\Analytics\HeatmapBuilderTest" classname="Tests.Unit.Domain.Analytics.HeatmapBuilderTest" assertions="1" time="0.000474"/>
          <testcase name="test_heatmap_always_returns_exactly_28_elements with data set #35" file="E:\coupony-backend\tests\Unit\Domain\Analytics\HeatmapBuilderTest.php" line="73" class="Tests\Unit\Domain\Analytics\HeatmapBuilderTest" classname="Tests.Unit.Domain.Analytics.HeatmapBuilderTest" assertions="1" time="0.001165"/>
          <testcase name="test_heatmap_always_returns_exactly_28_elements with data set #36" file="E:\coupony-backend\tests\Unit\Domain\Analytics\HeatmapBuilderTest.php" line="73" class="Tests\Unit\Domain\Analytics\HeatmapBuilderTest" classname="Tests.Unit.Domain.Analytics.HeatmapBuilderTest" assertions="1" time="0.000958"/>
          <testcase name="test_heatmap_always_returns_exactly_28_elements with data set #37" file="E:\coupony-backend\tests\Unit\Domain\Analytics\HeatmapBuilderTest.php" line="73" class="Tests\Unit\Domain\Analytics\HeatmapBuilderTest" classname="Tests.Unit.Domain.Analytics.HeatmapBuilderTest" assertions="1" time="0.001263"/>
          <testcase name="test_heatmap_always_returns_exactly_28_elements with data set #38" file="E:\coupony-backend\tests\Unit\Domain\Analytics\HeatmapBuilderTest.php" line="73" class="Tests\Unit\Domain\Analytics\HeatmapBuilderTest" classname="Tests.Unit.Domain.Analytics.HeatmapBuilderTest" assertions="1" time="0.000157"/>
          <testcase name="test_heatmap_always_returns_exactly_28_elements with data set #39" file="E:\coupony-backend\tests\Unit\Domain\Analytics\HeatmapBuilderTest.php" line="73" class="Tests\Unit\Domain\Analytics\HeatmapBuilderTest" classname="Tests.Unit.Domain.Analytics.HeatmapBuilderTest" assertions="1" time="0.001238"/>
          <testcase name="test_heatmap_always_returns_exactly_28_elements with data set #40" file="E:\coupony-backend\tests\Unit\Domain\Analytics\HeatmapBuilderTest.php" line="73" class="Tests\Unit\Domain\Analytics\HeatmapBuilderTest" classname="Tests.Unit.Domain.Analytics.HeatmapBuilderTest" assertions="1" time="0.002235"/>
          <testcase name="test_heatmap_always_returns_exactly_28_elements with data set #41" file="E:\coupony-backend\tests\Unit\Domain\Analytics\HeatmapBuilderTest.php" line="73" class="Tests\Unit\Domain\Analytics\HeatmapBuilderTest" classname="Tests.Unit.Domain.Analytics.HeatmapBuilderTest" assertions="1" time="0.000477"/>
          <testcase name="test_heatmap_always_returns_exactly_28_elements with data set #42" file="E:\coupony-backend\tests\Unit\Domain\Analytics\HeatmapBuilderTest.php" line="73" class="Tests\Unit\Domain\Analytics\HeatmapBuilderTest" classname="Tests.Unit.Domain.Analytics.HeatmapBuilderTest" assertions="1" time="0.000550"/>
          <testcase name="test_heatmap_always_returns_exactly_28_elements with data set #43" file="E:\coupony-backend\tests\Unit\Domain\Analytics\HeatmapBuilderTest.php" line="73" class="Tests\Unit\Domain\Analytics\HeatmapBuilderTest" classname="Tests.Unit.Domain.Analytics.HeatmapBuilderTest" assertions="1" time="0.000715"/>
          <testcase name="test_heatmap_always_returns_exactly_28_elements with data set #44" file="E:\coupony-backend\tests\Unit\Domain\Analytics\HeatmapBuilderTest.php" line="73" class="Tests\Unit\Domain\Analytics\HeatmapBuilderTest" classname="Tests.Unit.Domain.Analytics.HeatmapBuilderTest" assertions="1" time="0.000364"/>
          <testcase name="test_heatmap_always_returns_exactly_28_elements with data set #45" file="E:\coupony-backend\tests\Unit\Domain\Analytics\HeatmapBuilderTest.php" line="73" class="Tests\Unit\Domain\Analytics\HeatmapBuilderTest" classname="Tests.Unit.Domain.Analytics.HeatmapBuilderTest" assertions="1" time="0.001065"/>
          <testcase name="test_heatmap_always_returns_exactly_28_elements with data set #46" file="E:\coupony-backend\tests\Unit\Domain\Analytics\HeatmapBuilderTest.php" line="73" class="Tests\Unit\Domain\Analytics\HeatmapBuilderTest" classname="Tests.Unit.Domain.Analytics.HeatmapBuilderTest" assertions="1" time="0.001168"/>
          <testcase name="test_heatmap_always_returns_exactly_28_elements with data set #47" file="E:\coupony-backend\tests\Unit\Domain\Analytics\HeatmapBuilderTest.php" line="73" class="Tests\Unit\Domain\Analytics\HeatmapBuilderTest" classname="Tests.Unit.Domain.Analytics.HeatmapBuilderTest" assertions="1" time="0.000599"/>
          <testcase name="test_heatmap_always_returns_exactly_28_elements with data set #48" file="E:\coupony-backend\tests\Unit\Domain\Analytics\HeatmapBuilderTest.php" line="73" class="Tests\Unit\Domain\Analytics\HeatmapBuilderTest" classname="Tests.Unit.Domain.Analytics.HeatmapBuilderTest" assertions="1" time="0.000308"/>
          <testcase name="test_heatmap_always_returns_exactly_28_elements with data set #49" file="E:\coupony-backend\tests\Unit\Domain\Analytics\HeatmapBuilderTest.php" line="73" class="Tests\Unit\Domain\Analytics\HeatmapBuilderTest" classname="Tests.Unit.Domain.Analytics.HeatmapBuilderTest" assertions="1" time="0.000632"/>
          <testcase name="test_heatmap_always_returns_exactly_28_elements with data set #50" file="E:\coupony-backend\tests\Unit\Domain\Analytics\HeatmapBuilderTest.php" line="73" class="Tests\Unit\Domain\Analytics\HeatmapBuilderTest" classname="Tests.Unit.Domain.Analytics.HeatmapBuilderTest" assertions="1" time="0.000534"/>
          <testcase name="test_heatmap_always_returns_exactly_28_elements with data set #51" file="E:\coupony-backend\tests\Unit\Domain\Analytics\HeatmapBuilderTest.php" line="73" class="Tests\Unit\Domain\Analytics\HeatmapBuilderTest" classname="Tests.Unit.Domain.Analytics.HeatmapBuilderTest" assertions="1" time="0.000227"/>
          <testcase name="test_heatmap_always_returns_exactly_28_elements with data set #52" file="E:\coupony-backend\tests\Unit\Domain\Analytics\HeatmapBuilderTest.php" line="73" class="Tests\Unit\Domain\Analytics\HeatmapBuilderTest" classname="Tests.Unit.Domain.Analytics.HeatmapBuilderTest" assertions="1" time="0.000600"/>
          <testcase name="test_heatmap_always_returns_exactly_28_elements with data set #53" file="E:\coupony-backend\tests\Unit\Domain\Analytics\HeatmapBuilderTest.php" line="73" class="Tests\Unit\Domain\Analytics\HeatmapBuilderTest" classname="Tests.Unit.Domain.Analytics.HeatmapBuilderTest" assertions="1" time="0.001942"/>
          <testcase name="test_heatmap_always_returns_exactly_28_elements with data set #54" file="E:\coupony-backend\tests\Unit\Domain\Analytics\HeatmapBuilderTest.php" line="73" class="Tests\Unit\Domain\Analytics\HeatmapBuilderTest" classname="Tests.Unit.Domain.Analytics.HeatmapBuilderTest" assertions="1" time="0.002465"/>
          <testcase name="test_heatmap_always_returns_exactly_28_elements with data set #55" file="E:\coupony-backend\tests\Unit\Domain\Analytics\HeatmapBuilderTest.php" line="73" class="Tests\Unit\Domain\Analytics\HeatmapBuilderTest" classname="Tests.Unit.Domain.Analytics.HeatmapBuilderTest" assertions="1" time="0.000620"/>
          <testcase name="test_heatmap_always_returns_exactly_28_elements with data set #56" file="E:\coupony-backend\tests\Unit\Domain\Analytics\HeatmapBuilderTest.php" line="73" class="Tests\Unit\Domain\Analytics\HeatmapBuilderTest" classname="Tests.Unit.Domain.Analytics.HeatmapBuilderTest" assertions="1" time="0.000584"/>
          <testcase name="test_heatmap_always_returns_exactly_28_elements with data set #57" file="E:\coupony-backend\tests\Unit\Domain\Analytics\HeatmapBuilderTest.php" line="73" class="Tests\Unit\Domain\Analytics\HeatmapBuilderTest" classname="Tests.Unit.Domain.Analytics.HeatmapBuilderTest" assertions="1" time="0.000254"/>
          <testcase name="test_heatmap_always_returns_exactly_28_elements with data set #58" file="E:\coupony-backend\tests\Unit\Domain\Analytics\HeatmapBuilderTest.php" line="73" class="Tests\Unit\Domain\Analytics\HeatmapBuilderTest" classname="Tests.Unit.Domain.Analytics.HeatmapBuilderTest" assertions="1" time="0.000547"/>
          <testcase name="test_heatmap_always_returns_exactly_28_elements with data set #59" file="E:\coupony-backend\tests\Unit\Domain\Analytics\HeatmapBuilderTest.php" line="73" class="Tests\Unit\Domain\Analytics\HeatmapBuilderTest" classname="Tests.Unit.Domain.Analytics.HeatmapBuilderTest" assertions="1" time="0.001012"/>
          <testcase name="test_heatmap_always_returns_exactly_28_elements with data set #60" file="E:\coupony-backend\tests\Unit\Domain\Analytics\HeatmapBuilderTest.php" line="73" class="Tests\Unit\Domain\Analytics\HeatmapBuilderTest" classname="Tests.Unit.Domain.Analytics.HeatmapBuilderTest" assertions="1" time="0.000155"/>
          <testcase name="test_heatmap_always_returns_exactly_28_elements with data set #61" file="E:\coupony-backend\tests\Unit\Domain\Analytics\HeatmapBuilderTest.php" line="73" class="Tests\Unit\Domain\Analytics\HeatmapBuilderTest" classname="Tests.Unit.Domain.Analytics.HeatmapBuilderTest" assertions="1" time="0.000427"/>
          <testcase name="test_heatmap_always_returns_exactly_28_elements with data set #62" file="E:\coupony-backend\tests\Unit\Domain\Analytics\HeatmapBuilderTest.php" line="73" class="Tests\Unit\Domain\Analytics\HeatmapBuilderTest" classname="Tests.Unit.Domain.Analytics.HeatmapBuilderTest" assertions="1" time="0.001414"/>
          <testcase name="test_heatmap_always_returns_exactly_28_elements with data set #63" file="E:\coupony-backend\tests\Unit\Domain\Analytics\HeatmapBuilderTest.php" line="73" class="Tests\Unit\Domain\Analytics\HeatmapBuilderTest" classname="Tests.Unit.Domain.Analytics.HeatmapBuilderTest" assertions="1" time="0.000502"/>
          <testcase name="test_heatmap_always_returns_exactly_28_elements with data set #64" file="E:\coupony-backend\tests\Unit\Domain\Analytics\HeatmapBuilderTest.php" line="73" class="Tests\Unit\Domain\Analytics\HeatmapBuilderTest" classname="Tests.Unit.Domain.Analytics.HeatmapBuilderTest" assertions="1" time="0.001409"/>
          <testcase name="test_heatmap_always_returns_exactly_28_elements with data set #65" file="E:\coupony-backend\tests\Unit\Domain\Analytics\HeatmapBuilderTest.php" line="73" class="Tests\Unit\Domain\Analytics\HeatmapBuilderTest" classname="Tests.Unit.Domain.Analytics.HeatmapBuilderTest" assertions="1" time="0.002990"/>
          <testcase name="test_heatmap_always_returns_exactly_28_elements with data set #66" file="E:\coupony-backend\tests\Unit\Domain\Analytics\HeatmapBuilderTest.php" line="73" class="Tests\Unit\Domain\Analytics\HeatmapBuilderTest" classname="Tests.Unit.Domain.Analytics.HeatmapBuilderTest" assertions="1" time="0.001001"/>
          <testcase name="test_heatmap_always_returns_exactly_28_elements with data set #67" file="E:\coupony-backend\tests\Unit\Domain\Analytics\HeatmapBuilderTest.php" line="73" class="Tests\Unit\Domain\Analytics\HeatmapBuilderTest" classname="Tests.Unit.Domain.Analytics.HeatmapBuilderTest" assertions="1" time="0.000780"/>
          <testcase name="test_heatmap_always_returns_exactly_28_elements with data set #68" file="E:\coupony-backend\tests\Unit\Domain\Analytics\HeatmapBuilderTest.php" line="73" class="Tests\Unit\Domain\Analytics\HeatmapBuilderTest" classname="Tests.Unit.Domain.Analytics.HeatmapBuilderTest" assertions="1" time="0.001263"/>
          <testcase name="test_heatmap_always_returns_exactly_28_elements with data set #69" file="E:\coupony-backend\tests\Unit\Domain\Analytics\HeatmapBuilderTest.php" line="73" class="Tests\Unit\Domain\Analytics\HeatmapBuilderTest" classname="Tests.Unit.Domain.Analytics.HeatmapBuilderTest" assertions="1" time="0.000562"/>
          <testcase name="test_heatmap_always_returns_exactly_28_elements with data set #70" file="E:\coupony-backend\tests\Unit\Domain\Analytics\HeatmapBuilderTest.php" line="73" class="Tests\Unit\Domain\Analytics\HeatmapBuilderTest" classname="Tests.Unit.Domain.Analytics.HeatmapBuilderTest" assertions="1" time="0.000237"/>
          <testcase name="test_heatmap_always_returns_exactly_28_elements with data set #71" file="E:\coupony-backend\tests\Unit\Domain\Analytics\HeatmapBuilderTest.php" line="73" class="Tests\Unit\Domain\Analytics\HeatmapBuilderTest" classname="Tests.Unit.Domain.Analytics.HeatmapBuilderTest" assertions="1" time="0.000266"/>
          <testcase name="test_heatmap_always_returns_exactly_28_elements with data set #72" file="E:\coupony-backend\tests\Unit\Domain\Analytics\HeatmapBuilderTest.php" line="73" class="Tests\Unit\Domain\Analytics\HeatmapBuilderTest" classname="Tests.Unit.Domain.Analytics.HeatmapBuilderTest" assertions="1" time="0.000245"/>
          <testcase name="test_heatmap_always_returns_exactly_28_elements with data set #73" file="E:\coupony-backend\tests\Unit\Domain\Analytics\HeatmapBuilderTest.php" line="73" class="Tests\Unit\Domain\Analytics\HeatmapBuilderTest" classname="Tests.Unit.Domain.Analytics.HeatmapBuilderTest" assertions="1" time="0.000524"/>
          <testcase name="test_heatmap_always_returns_exactly_28_elements with data set #74" file="E:\coupony-backend\tests\Unit\Domain\Analytics\HeatmapBuilderTest.php" line="73" class="Tests\Unit\Domain\Analytics\HeatmapBuilderTest" classname="Tests.Unit.Domain.Analytics.HeatmapBuilderTest" assertions="1" time="0.001372"/>
          <testcase name="test_heatmap_always_returns_exactly_28_elements with data set #75" file="E:\coupony-backend\tests\Unit\Domain\Analytics\HeatmapBuilderTest.php" line="73" class="Tests\Unit\Domain\Analytics\HeatmapBuilderTest" classname="Tests.Unit.Domain.Analytics.HeatmapBuilderTest" assertions="1" time="0.001042"/>
          <testcase name="test_heatmap_always_returns_exactly_28_elements with data set #76" file="E:\coupony-backend\tests\Unit\Domain\Analytics\HeatmapBuilderTest.php" line="73" class="Tests\Unit\Domain\Analytics\HeatmapBuilderTest" classname="Tests.Unit.Domain.Analytics.HeatmapBuilderTest" assertions="1" time="0.000296"/>
          <testcase name="test_heatmap_always_returns_exactly_28_elements with data set #77" file="E:\coupony-backend\tests\Unit\Domain\Analytics\HeatmapBuilderTest.php" line="73" class="Tests\Unit\Domain\Analytics\HeatmapBuilderTest" classname="Tests.Unit.Domain.Analytics.HeatmapBuilderTest" assertions="1" time="0.000803"/>
          <testcase name="test_heatmap_always_returns_exactly_28_elements with data set #78" file="E:\coupony-backend\tests\Unit\Domain\Analytics\HeatmapBuilderTest.php" line="73" class="Tests\Unit\Domain\Analytics\HeatmapBuilderTest" classname="Tests.Unit.Domain.Analytics.HeatmapBuilderTest" assertions="1" time="0.000987"/>
          <testcase name="test_heatmap_always_returns_exactly_28_elements with data set #79" file="E:\coupony-backend\tests\Unit\Domain\Analytics\HeatmapBuilderTest.php" line="73" class="Tests\Unit\Domain\Analytics\HeatmapBuilderTest" classname="Tests.Unit.Domain.Analytics.HeatmapBuilderTest" assertions="1" time="0.001432"/>
          <testcase name="test_heatmap_always_returns_exactly_28_elements with data set #80" file="E:\coupony-backend\tests\Unit\Domain\Analytics\HeatmapBuilderTest.php" line="73" class="Tests\Unit\Domain\Analytics\HeatmapBuilderTest" classname="Tests.Unit.Domain.Analytics.HeatmapBuilderTest" assertions="1" time="0.000513"/>
          <testcase name="test_heatmap_always_returns_exactly_28_elements with data set #81" file="E:\coupony-backend\tests\Unit\Domain\Analytics\HeatmapBuilderTest.php" line="73" class="Tests\Unit\Domain\Analytics\HeatmapBuilderTest" classname="Tests.Unit.Domain.Analytics.HeatmapBuilderTest" assertions="1" time="0.001463"/>
          <testcase name="test_heatmap_always_returns_exactly_28_elements with data set #82" file="E:\coupony-backend\tests\Unit\Domain\Analytics\HeatmapBuilderTest.php" line="73" class="Tests\Unit\Domain\Analytics\HeatmapBuilderTest" classname="Tests.Unit.Domain.Analytics.HeatmapBuilderTest" assertions="1" time="0.000463"/>
          <testcase name="test_heatmap_always_returns_exactly_28_elements with data set #83" file="E:\coupony-backend\tests\Unit\Domain\Analytics\HeatmapBuilderTest.php" line="73" class="Tests\Unit\Domain\Analytics\HeatmapBuilderTest" classname="Tests.Unit.Domain.Analytics.HeatmapBuilderTest" assertions="1" time="0.000936"/>
          <testcase name="test_heatmap_always_returns_exactly_28_elements with data set #84" file="E:\coupony-backend\tests\Unit\Domain\Analytics\HeatmapBuilderTest.php" line="73" class="Tests\Unit\Domain\Analytics\HeatmapBuilderTest" classname="Tests.Unit.Domain.Analytics.HeatmapBuilderTest" assertions="1" time="0.000993"/>
          <testcase name="test_heatmap_always_returns_exactly_28_elements with data set #85" file="E:\coupony-backend\tests\Unit\Domain\Analytics\HeatmapBuilderTest.php" line="73" class="Tests\Unit\Domain\Analytics\HeatmapBuilderTest" classname="Tests.Unit.Domain.Analytics.HeatmapBuilderTest" assertions="1" time="0.001409"/>
          <testcase name="test_heatmap_always_returns_exactly_28_elements with data set #86" file="E:\coupony-backend\tests\Unit\Domain\Analytics\HeatmapBuilderTest.php" line="73" class="Tests\Unit\Domain\Analytics\HeatmapBuilderTest" classname="Tests.Unit.Domain.Analytics.HeatmapBuilderTest" assertions="1" time="0.000601"/>
          <testcase name="test_heatmap_always_returns_exactly_28_elements with data set #87" file="E:\coupony-backend\tests\Unit\Domain\Analytics\HeatmapBuilderTest.php" line="73" class="Tests\Unit\Domain\Analytics\HeatmapBuilderTest" classname="Tests.Unit.Domain.Analytics.HeatmapBuilderTest" assertions="1" time="0.000723"/>
          <testcase name="test_heatmap_always_returns_exactly_28_elements with data set #88" file="E:\coupony-backend\tests\Unit\Domain\Analytics\HeatmapBuilderTest.php" line="73" class="Tests\Unit\Domain\Analytics\HeatmapBuilderTest" classname="Tests.Unit.Domain.Analytics.HeatmapBuilderTest" assertions="1" time="0.000905"/>
          <testcase name="test_heatmap_always_returns_exactly_28_elements with data set #89" file="E:\coupony-backend\tests\Unit\Domain\Analytics\HeatmapBuilderTest.php" line="73" class="Tests\Unit\Domain\Analytics\HeatmapBuilderTest" classname="Tests.Unit.Domain.Analytics.HeatmapBuilderTest" assertions="1" time="0.001538"/>
          <testcase name="test_heatmap_always_returns_exactly_28_elements with data set #90" file="E:\coupony-backend\tests\Unit\Domain\Analytics\HeatmapBuilderTest.php" line="73" class="Tests\Unit\Domain\Analytics\HeatmapBuilderTest" classname="Tests.Unit.Domain.Analytics.HeatmapBuilderTest" assertions="1" time="0.001500"/>
          <testcase name="test_heatmap_always_returns_exactly_28_elements with data set #91" file="E:\coupony-backend\tests\Unit\Domain\Analytics\HeatmapBuilderTest.php" line="73" class="Tests\Unit\Domain\Analytics\HeatmapBuilderTest" classname="Tests.Unit.Domain.Analytics.HeatmapBuilderTest" assertions="1" time="0.000404"/>
          <testcase name="test_heatmap_always_returns_exactly_28_elements with data set #92" file="E:\coupony-backend\tests\Unit\Domain\Analytics\HeatmapBuilderTest.php" line="73" class="Tests\Unit\Domain\Analytics\HeatmapBuilderTest" classname="Tests.Unit.Domain.Analytics.HeatmapBuilderTest" assertions="1" time="0.000803"/>
          <testcase name="test_heatmap_always_returns_exactly_28_elements with data set #93" file="E:\coupony-backend\tests\Unit\Domain\Analytics\HeatmapBuilderTest.php" line="73" class="Tests\Unit\Domain\Analytics\HeatmapBuilderTest" classname="Tests.Unit.Domain.Analytics.HeatmapBuilderTest" assertions="1" time="0.000600"/>
          <testcase name="test_heatmap_always_returns_exactly_28_elements with data set #94" file="E:\coupony-backend\tests\Unit\Domain\Analytics\HeatmapBuilderTest.php" line="73" class="Tests\Unit\Domain\Analytics\HeatmapBuilderTest" classname="Tests.Unit.Domain.Analytics.HeatmapBuilderTest" assertions="1" time="0.000300"/>
          <testcase name="test_heatmap_always_returns_exactly_28_elements with data set #95" file="E:\coupony-backend\tests\Unit\Domain\Analytics\HeatmapBuilderTest.php" line="73" class="Tests\Unit\Domain\Analytics\HeatmapBuilderTest" classname="Tests.Unit.Domain.Analytics.HeatmapBuilderTest" assertions="1" time="0.001260"/>
          <testcase name="test_heatmap_always_returns_exactly_28_elements with data set #96" file="E:\coupony-backend\tests\Unit\Domain\Analytics\HeatmapBuilderTest.php" line="73" class="Tests\Unit\Domain\Analytics\HeatmapBuilderTest" classname="Tests.Unit.Domain.Analytics.HeatmapBuilderTest" assertions="1" time="0.000202"/>
          <testcase name="test_heatmap_always_returns_exactly_28_elements with data set #97" file="E:\coupony-backend\tests\Unit\Domain\Analytics\HeatmapBuilderTest.php" line="73" class="Tests\Unit\Domain\Analytics\HeatmapBuilderTest" classname="Tests.Unit.Domain.Analytics.HeatmapBuilderTest" assertions="1" time="0.000918"/>
          <testcase name="test_heatmap_always_returns_exactly_28_elements with data set #98" file="E:\coupony-backend\tests\Unit\Domain\Analytics\HeatmapBuilderTest.php" line="73" class="Tests\Unit\Domain\Analytics\HeatmapBuilderTest" classname="Tests.Unit.Domain.Analytics.HeatmapBuilderTest" assertions="1" time="0.000368"/>
          <testcase name="test_heatmap_always_returns_exactly_28_elements with data set #99" file="E:\coupony-backend\tests\Unit\Domain\Analytics\HeatmapBuilderTest.php" line="73" class="Tests\Unit\Domain\Analytics\HeatmapBuilderTest" classname="Tests.Unit.Domain.Analytics.HeatmapBuilderTest" assertions="1" time="0.001083"/>
        </testsuite>
        <testsuite name="Tests\Unit\Domain\Analytics\HeatmapBuilderTest::test_each_element_has_required_keys" tests="100" assertions="8400" errors="0" failures="0" skipped="0" time="0.095478">
          <testcase name="test_each_element_has_required_keys with data set #0" file="E:\coupony-backend\tests\Unit\Domain\Analytics\HeatmapBuilderTest.php" line="81" class="Tests\Unit\Domain\Analytics\HeatmapBuilderTest" classname="Tests.Unit.Domain.Analytics.HeatmapBuilderTest" assertions="84" time="0.000885"/>
          <testcase name="test_each_element_has_required_keys with data set #1" file="E:\coupony-backend\tests\Unit\Domain\Analytics\HeatmapBuilderTest.php" line="81" class="Tests\Unit\Domain\Analytics\HeatmapBuilderTest" classname="Tests.Unit.Domain.Analytics.HeatmapBuilderTest" assertions="84" time="0.001259"/>
          <testcase name="test_each_element_has_required_keys with data set #2" file="E:\coupony-backend\tests\Unit\Domain\Analytics\HeatmapBuilderTest.php" line="81" class="Tests\Unit\Domain\Analytics\HeatmapBuilderTest" classname="Tests.Unit.Domain.Analytics.HeatmapBuilderTest" assertions="84" time="0.000984"/>
          <testcase name="test_each_element_has_required_keys with data set #3" file="E:\coupony-backend\tests\Unit\Domain\Analytics\HeatmapBuilderTest.php" line="81" class="Tests\Unit\Domain\Analytics\HeatmapBuilderTest" classname="Tests.Unit.Domain.Analytics.HeatmapBuilderTest" assertions="84" time="0.000537"/>
          <testcase name="test_each_element_has_required_keys with data set #4" file="E:\coupony-backend\tests\Unit\Domain\Analytics\HeatmapBuilderTest.php" line="81" class="Tests\Unit\Domain\Analytics\HeatmapBuilderTest" classname="Tests.Unit.Domain.Analytics.HeatmapBuilderTest" assertions="84" time="0.000371"/>
          <testcase name="test_each_element_has_required_keys with data set #5" file="E:\coupony-backend\tests\Unit\Domain\Analytics\HeatmapBuilderTest.php" line="81" class="Tests\Unit\Domain\Analytics\HeatmapBuilderTest" classname="Tests.Unit.Domain.Analytics.HeatmapBuilderTest" assertions="84" time="0.000715"/>
          <testcase name="test_each_element_has_required_keys with data set #6" file="E:\coupony-backend\tests\Unit\Domain\Analytics\HeatmapBuilderTest.php" line="81" class="Tests\Unit\Domain\Analytics\HeatmapBuilderTest" classname="Tests.Unit.Domain.Analytics.HeatmapBuilderTest" assertions="84" time="0.001056"/>
          <testcase name="test_each_element_has_required_keys with data set #7" file="E:\coupony-backend\tests\Unit\Domain\Analytics\HeatmapBuilderTest.php" line="81" class="Tests\Unit\Domain\Analytics\HeatmapBuilderTest" classname="Tests.Unit.Domain.Analytics.HeatmapBuilderTest" assertions="84" time="0.001021"/>
          <testcase name="test_each_element_has_required_keys with data set #8" file="E:\coupony-backend\tests\Unit\Domain\Analytics\HeatmapBuilderTest.php" line="81" class="Tests\Unit\Domain\Analytics\HeatmapBuilderTest" classname="Tests.Unit.Domain.Analytics.HeatmapBuilderTest" assertions="84" time="0.000533"/>
          <testcase name="test_each_element_has_required_keys with data set #9" file="E:\coupony-backend\tests\Unit\Domain\Analytics\HeatmapBuilderTest.php" line="81" class="Tests\Unit\Domain\Analytics\HeatmapBuilderTest" classname="Tests.Unit.Domain.Analytics.HeatmapBuilderTest" assertions="84" time="0.000390"/>
          <testcase name="test_each_element_has_required_keys with data set #10" file="E:\coupony-backend\tests\Unit\Domain\Analytics\HeatmapBuilderTest.php" line="81" class="Tests\Unit\Domain\Analytics\HeatmapBuilderTest" classname="Tests.Unit.Domain.Analytics.HeatmapBuilderTest" assertions="84" time="0.000497"/>
          <testcase name="test_each_element_has_required_keys with data set #11" file="E:\coupony-backend\tests\Unit\Domain\Analytics\HeatmapBuilderTest.php" line="81" class="Tests\Unit\Domain\Analytics\HeatmapBuilderTest" classname="Tests.Unit.Domain.Analytics.HeatmapBuilderTest" assertions="84" time="0.001426"/>
          <testcase name="test_each_element_has_required_keys with data set #12" file="E:\coupony-backend\tests\Unit\Domain\Analytics\HeatmapBuilderTest.php" line="81" class="Tests\Unit\Domain\Analytics\HeatmapBuilderTest" classname="Tests.Unit.Domain.Analytics.HeatmapBuilderTest" assertions="84" time="0.000916"/>
          <testcase name="test_each_element_has_required_keys with data set #13" file="E:\coupony-backend\tests\Unit\Domain\Analytics\HeatmapBuilderTest.php" line="81" class="Tests\Unit\Domain\Analytics\HeatmapBuilderTest" classname="Tests.Unit.Domain.Analytics.HeatmapBuilderTest" assertions="84" time="0.001168"/>
          <testcase name="test_each_element_has_required_keys with data set #14" file="E:\coupony-backend\tests\Unit\Domain\Analytics\HeatmapBuilderTest.php" line="81" class="Tests\Unit\Domain\Analytics\HeatmapBuilderTest" classname="Tests.Unit.Domain.Analytics.HeatmapBuilderTest" assertions="84" time="0.000473"/>
          <testcase name="test_each_element_has_required_keys with data set #15" file="E:\coupony-backend\tests\Unit\Domain\Analytics\HeatmapBuilderTest.php" line="81" class="Tests\Unit\Domain\Analytics\HeatmapBuilderTest" classname="Tests.Unit.Domain.Analytics.HeatmapBuilderTest" assertions="84" time="0.000978"/>
          <testcase name="test_each_element_has_required_keys with data set #16" file="E:\coupony-backend\tests\Unit\Domain\Analytics\HeatmapBuilderTest.php" line="81" class="Tests\Unit\Domain\Analytics\HeatmapBuilderTest" classname="Tests.Unit.Domain.Analytics.HeatmapBuilderTest" assertions="84" time="0.002699"/>
          <testcase name="test_each_element_has_required_keys with data set #17" file="E:\coupony-backend\tests\Unit\Domain\Analytics\HeatmapBuilderTest.php" line="81" class="Tests\Unit\Domain\Analytics\HeatmapBuilderTest" classname="Tests.Unit.Domain.Analytics.HeatmapBuilderTest" assertions="84" time="0.000861"/>
          <testcase name="test_each_element_has_required_keys with data set #18" file="E:\coupony-backend\tests\Unit\Domain\Analytics\HeatmapBuilderTest.php" line="81" class="Tests\Unit\Domain\Analytics\HeatmapBuilderTest" classname="Tests.Unit.Domain.Analytics.HeatmapBuilderTest" assertions="84" time="0.000765"/>
          <testcase name="test_each_element_has_required_keys with data set #19" file="E:\coupony-backend\tests\Unit\Domain\Analytics\HeatmapBuilderTest.php" line="81" class="Tests\Unit\Domain\Analytics\HeatmapBuilderTest" classname="Tests.Unit.Domain.Analytics.HeatmapBuilderTest" assertions="84" time="0.001026"/>
          <testcase name="test_each_element_has_required_keys with data set #20" file="E:\coupony-backend\tests\Unit\Domain\Analytics\HeatmapBuilderTest.php" line="81" class="Tests\Unit\Domain\Analytics\HeatmapBuilderTest" classname="Tests.Unit.Domain.Analytics.HeatmapBuilderTest" assertions="84" time="0.001393"/>
          <testcase name="test_each_element_has_required_keys with data set #21" file="E:\coupony-backend\tests\Unit\Domain\Analytics\HeatmapBuilderTest.php" line="81" class="Tests\Unit\Domain\Analytics\HeatmapBuilderTest" classname="Tests.Unit.Domain.Analytics.HeatmapBuilderTest" assertions="84" time="0.000539"/>
          <testcase name="test_each_element_has_required_keys with data set #22" file="E:\coupony-backend\tests\Unit\Domain\Analytics\HeatmapBuilderTest.php" line="81" class="Tests\Unit\Domain\Analytics\HeatmapBuilderTest" classname="Tests.Unit.Domain.Analytics.HeatmapBuilderTest" assertions="84" time="0.000960"/>
          <testcase name="test_each_element_has_required_keys with data set #23" file="E:\coupony-backend\tests\Unit\Domain\Analytics\HeatmapBuilderTest.php" line="81" class="Tests\Unit\Domain\Analytics\HeatmapBuilderTest" classname="Tests.Unit.Domain.Analytics.HeatmapBuilderTest" assertions="84" time="0.001282"/>
          <testcase name="test_each_element_has_required_keys with data set #24" file="E:\coupony-backend\tests\Unit\Domain\Analytics\HeatmapBuilderTest.php" line="81" class="Tests\Unit\Domain\Analytics\HeatmapBuilderTest" classname="Tests.Unit.Domain.Analytics.HeatmapBuilderTest" assertions="84" time="0.000588"/>
          <testcase name="test_each_element_has_required_keys with data set #25" file="E:\coupony-backend\tests\Unit\Domain\Analytics\HeatmapBuilderTest.php" line="81" class="Tests\Unit\Domain\Analytics\HeatmapBuilderTest" classname="Tests.Unit.Domain.Analytics.HeatmapBuilderTest" assertions="84" time="0.001414"/>
          <testcase name="test_each_element_has_required_keys with data set #26" file="E:\coupony-backend\tests\Unit\Domain\Analytics\HeatmapBuilderTest.php" line="81" class="Tests\Unit\Domain\Analytics\HeatmapBuilderTest" classname="Tests.Unit.Domain.Analytics.HeatmapBuilderTest" assertions="84" time="0.000175"/>
          <testcase name="test_each_element_has_required_keys with data set #27" file="E:\coupony-backend\tests\Unit\Domain\Analytics\HeatmapBuilderTest.php" line="81" class="Tests\Unit\Domain\Analytics\HeatmapBuilderTest" classname="Tests.Unit.Domain.Analytics.HeatmapBuilderTest" assertions="84" time="0.000279"/>
          <testcase name="test_each_element_has_required_keys with data set #28" file="E:\coupony-backend\tests\Unit\Domain\Analytics\HeatmapBuilderTest.php" line="81" class="Tests\Unit\Domain\Analytics\HeatmapBuilderTest" classname="Tests.Unit.Domain.Analytics.HeatmapBuilderTest" assertions="84" time="0.001286"/>
          <testcase name="test_each_element_has_required_keys with data set #29" file="E:\coupony-backend\tests\Unit\Domain\Analytics\HeatmapBuilderTest.php" line="81" class="Tests\Unit\Domain\Analytics\HeatmapBuilderTest" classname="Tests.Unit.Domain.Analytics.HeatmapBuilderTest" assertions="84" time="0.001168"/>
          <testcase name="test_each_element_has_required_keys with data set #30" file="E:\coupony-backend\tests\Unit\Domain\Analytics\HeatmapBuilderTest.php" line="81" class="Tests\Unit\Domain\Analytics\HeatmapBuilderTest" classname="Tests.Unit.Domain.Analytics.HeatmapBuilderTest" assertions="84" time="0.000480"/>
          <testcase name="test_each_element_has_required_keys with data set #31" file="E:\coupony-backend\tests\Unit\Domain\Analytics\HeatmapBuilderTest.php" line="81" class="Tests\Unit\Domain\Analytics\HeatmapBuilderTest" classname="Tests.Unit.Domain.Analytics.HeatmapBuilderTest" assertions="84" time="0.000995"/>
          <testcase name="test_each_element_has_required_keys with data set #32" file="E:\coupony-backend\tests\Unit\Domain\Analytics\HeatmapBuilderTest.php" line="81" class="Tests\Unit\Domain\Analytics\HeatmapBuilderTest" classname="Tests.Unit.Domain.Analytics.HeatmapBuilderTest" assertions="84" time="0.000436"/>
          <testcase name="test_each_element_has_required_keys with data set #33" file="E:\coupony-backend\tests\Unit\Domain\Analytics\HeatmapBuilderTest.php" line="81" class="Tests\Unit\Domain\Analytics\HeatmapBuilderTest" classname="Tests.Unit.Domain.Analytics.HeatmapBuilderTest" assertions="84" time="0.001259"/>
          <testcase name="test_each_element_has_required_keys with data set #34" file="E:\coupony-backend\tests\Unit\Domain\Analytics\HeatmapBuilderTest.php" line="81" class="Tests\Unit\Domain\Analytics\HeatmapBuilderTest" classname="Tests.Unit.Domain.Analytics.HeatmapBuilderTest" assertions="84" time="0.000368"/>
          <testcase name="test_each_element_has_required_keys with data set #35" file="E:\coupony-backend\tests\Unit\Domain\Analytics\HeatmapBuilderTest.php" line="81" class="Tests\Unit\Domain\Analytics\HeatmapBuilderTest" classname="Tests.Unit.Domain.Analytics.HeatmapBuilderTest" assertions="84" time="0.000339"/>
          <testcase name="test_each_element_has_required_keys with data set #36" file="E:\coupony-backend\tests\Unit\Domain\Analytics\HeatmapBuilderTest.php" line="81" class="Tests\Unit\Domain\Analytics\HeatmapBuilderTest" classname="Tests.Unit.Domain.Analytics.HeatmapBuilderTest" assertions="84" time="0.000631"/>
          <testcase name="test_each_element_has_required_keys with data set #37" file="E:\coupony-backend\tests\Unit\Domain\Analytics\HeatmapBuilderTest.php" line="81" class="Tests\Unit\Domain\Analytics\HeatmapBuilderTest" classname="Tests.Unit.Domain.Analytics.HeatmapBuilderTest" assertions="84" time="0.000883"/>
          <testcase name="test_each_element_has_required_keys with data set #38" file="E:\coupony-backend\tests\Unit\Domain\Analytics\HeatmapBuilderTest.php" line="81" class="Tests\Unit\Domain\Analytics\HeatmapBuilderTest" classname="Tests.Unit.Domain.Analytics.HeatmapBuilderTest" assertions="84" time="0.000432"/>
          <testcase name="test_each_element_has_required_keys with data set #39" file="E:\coupony-backend\tests\Unit\Domain\Analytics\HeatmapBuilderTest.php" line="81" class="Tests\Unit\Domain\Analytics\HeatmapBuilderTest" classname="Tests.Unit.Domain.Analytics.HeatmapBuilderTest" assertions="84" time="0.001025"/>
          <testcase name="test_each_element_has_required_keys with data set #40" file="E:\coupony-backend\tests\Unit\Domain\Analytics\HeatmapBuilderTest.php" line="81" class="Tests\Unit\Domain\Analytics\HeatmapBuilderTest" classname="Tests.Unit.Domain.Analytics.HeatmapBuilderTest" assertions="84" time="0.001196"/>
          <testcase name="test_each_element_has_required_keys with data set #41" file="E:\coupony-backend\tests\Unit\Domain\Analytics\HeatmapBuilderTest.php" line="81" class="Tests\Unit\Domain\Analytics\HeatmapBuilderTest" classname="Tests.Unit.Domain.Analytics.HeatmapBuilderTest" assertions="84" time="0.002043"/>
          <testcase name="test_each_element_has_required_keys with data set #42" file="E:\coupony-backend\tests\Unit\Domain\Analytics\HeatmapBuilderTest.php" line="81" class="Tests\Unit\Domain\Analytics\HeatmapBuilderTest" classname="Tests.Unit.Domain.Analytics.HeatmapBuilderTest" assertions="84" time="0.001689"/>
          <testcase name="test_each_element_has_required_keys with data set #43" file="E:\coupony-backend\tests\Unit\Domain\Analytics\HeatmapBuilderTest.php" line="81" class="Tests\Unit\Domain\Analytics\HeatmapBuilderTest" classname="Tests.Unit.Domain.Analytics.HeatmapBuilderTest" assertions="84" time="0.001429"/>
          <testcase name="test_each_element_has_required_keys with data set #44" file="E:\coupony-backend\tests\Unit\Domain\Analytics\HeatmapBuilderTest.php" line="81" class="Tests\Unit\Domain\Analytics\HeatmapBuilderTest" classname="Tests.Unit.Domain.Analytics.HeatmapBuilderTest" assertions="84" time="0.001303"/>
          <testcase name="test_each_element_has_required_keys with data set #45" file="E:\coupony-backend\tests\Unit\Domain\Analytics\HeatmapBuilderTest.php" line="81" class="Tests\Unit\Domain\Analytics\HeatmapBuilderTest" classname="Tests.Unit.Domain.Analytics.HeatmapBuilderTest" assertions="84" time="0.000260"/>
          <testcase name="test_each_element_has_required_keys with data set #46" file="E:\coupony-backend\tests\Unit\Domain\Analytics\HeatmapBuilderTest.php" line="81" class="Tests\Unit\Domain\Analytics\HeatmapBuilderTest" classname="Tests.Unit.Domain.Analytics.HeatmapBuilderTest" assertions="84" time="0.000849"/>
          <testcase name="test_each_element_has_required_keys with data set #47" file="E:\coupony-backend\tests\Unit\Domain\Analytics\HeatmapBuilderTest.php" line="81" class="Tests\Unit\Domain\Analytics\HeatmapBuilderTest" classname="Tests.Unit.Domain.Analytics.HeatmapBuilderTest" assertions="84" time="0.000699"/>
          <testcase name="test_each_element_has_required_keys with data set #48" file="E:\coupony-backend\tests\Unit\Domain\Analytics\HeatmapBuilderTest.php" line="81" class="Tests\Unit\Domain\Analytics\HeatmapBuilderTest" classname="Tests.Unit.Domain.Analytics.HeatmapBuilderTest" assertions="84" time="0.000244"/>
          <testcase name="test_each_element_has_required_keys with data set #49" file="E:\coupony-backend\tests\Unit\Domain\Analytics\HeatmapBuilderTest.php" line="81" class="Tests\Unit\Domain\Analytics\HeatmapBuilderTest" classname="Tests.Unit.Domain.Analytics.HeatmapBuilderTest" assertions="84" time="0.000353"/>
          <testcase name="test_each_element_has_required_keys with data set #50" file="E:\coupony-backend\tests\Unit\Domain\Analytics\HeatmapBuilderTest.php" line="81" class="Tests\Unit\Domain\Analytics\HeatmapBuilderTest" classname="Tests.Unit.Domain.Analytics.HeatmapBuilderTest" assertions="84" time="0.000300"/>
          <testcase name="test_each_element_has_required_keys with data set #51" file="E:\coupony-backend\tests\Unit\Domain\Analytics\HeatmapBuilderTest.php" line="81" class="Tests\Unit\Domain\Analytics\HeatmapBuilderTest" classname="Tests.Unit.Domain.Analytics.HeatmapBuilderTest" assertions="84" time="0.000632"/>
          <testcase name="test_each_element_has_required_keys with data set #52" file="E:\coupony-backend\tests\Unit\Domain\Analytics\HeatmapBuilderTest.php" line="81" class="Tests\Unit\Domain\Analytics\HeatmapBuilderTest" classname="Tests.Unit.Domain.Analytics.HeatmapBuilderTest" assertions="84" time="0.000384"/>
          <testcase name="test_each_element_has_required_keys with data set #53" file="E:\coupony-backend\tests\Unit\Domain\Analytics\HeatmapBuilderTest.php" line="81" class="Tests\Unit\Domain\Analytics\HeatmapBuilderTest" classname="Tests.Unit.Domain.Analytics.HeatmapBuilderTest" assertions="84" time="0.001865"/>
          <testcase name="test_each_element_has_required_keys with data set #54" file="E:\coupony-backend\tests\Unit\Domain\Analytics\HeatmapBuilderTest.php" line="81" class="Tests\Unit\Domain\Analytics\HeatmapBuilderTest" classname="Tests.Unit.Domain.Analytics.HeatmapBuilderTest" assertions="84" time="0.001445"/>
          <testcase name="test_each_element_has_required_keys with data set #55" file="E:\coupony-backend\tests\Unit\Domain\Analytics\HeatmapBuilderTest.php" line="81" class="Tests\Unit\Domain\Analytics\HeatmapBuilderTest" classname="Tests.Unit.Domain.Analytics.HeatmapBuilderTest" assertions="84" time="0.001324"/>
          <testcase name="test_each_element_has_required_keys with data set #56" file="E:\coupony-backend\tests\Unit\Domain\Analytics\HeatmapBuilderTest.php" line="81" class="Tests\Unit\Domain\Analytics\HeatmapBuilderTest" classname="Tests.Unit.Domain.Analytics.HeatmapBuilderTest" assertions="84" time="0.001290"/>
          <testcase name="test_each_element_has_required_keys with data set #57" file="E:\coupony-backend\tests\Unit\Domain\Analytics\HeatmapBuilderTest.php" line="81" class="Tests\Unit\Domain\Analytics\HeatmapBuilderTest" classname="Tests.Unit.Domain.Analytics.HeatmapBuilderTest" assertions="84" time="0.000980"/>
          <testcase name="test_each_element_has_required_keys with data set #58" file="E:\coupony-backend\tests\Unit\Domain\Analytics\HeatmapBuilderTest.php" line="81" class="Tests\Unit\Domain\Analytics\HeatmapBuilderTest" classname="Tests.Unit.Domain.Analytics.HeatmapBuilderTest" assertions="84" time="0.001233"/>
          <testcase name="test_each_element_has_required_keys with data set #59" file="E:\coupony-backend\tests\Unit\Domain\Analytics\HeatmapBuilderTest.php" line="81" class="Tests\Unit\Domain\Analytics\HeatmapBuilderTest" classname="Tests.Unit.Domain.Analytics.HeatmapBuilderTest" assertions="84" time="0.000641"/>
          <testcase name="test_each_element_has_required_keys with data set #60" file="E:\coupony-backend\tests\Unit\Domain\Analytics\HeatmapBuilderTest.php" line="81" class="Tests\Unit\Domain\Analytics\HeatmapBuilderTest" classname="Tests.Unit.Domain.Analytics.HeatmapBuilderTest" assertions="84" time="0.001127"/>
          <testcase name="test_each_element_has_required_keys with data set #61" file="E:\coupony-backend\tests\Unit\Domain\Analytics\HeatmapBuilderTest.php" line="81" class="Tests\Unit\Domain\Analytics\HeatmapBuilderTest" classname="Tests.Unit.Domain.Analytics.HeatmapBuilderTest" assertions="84" time="0.001179"/>
          <testcase name="test_each_element_has_required_keys with data set #62" file="E:\coupony-backend\tests\Unit\Domain\Analytics\HeatmapBuilderTest.php" line="81" class="Tests\Unit\Domain\Analytics\HeatmapBuilderTest" classname="Tests.Unit.Domain.Analytics.HeatmapBuilderTest" assertions="84" time="0.001316"/>
          <testcase name="test_each_element_has_required_keys with data set #63" file="E:\coupony-backend\tests\Unit\Domain\Analytics\HeatmapBuilderTest.php" line="81" class="Tests\Unit\Domain\Analytics\HeatmapBuilderTest" classname="Tests.Unit.Domain.Analytics.HeatmapBuilderTest" assertions="84" time="0.002209"/>
          <testcase name="test_each_element_has_required_keys with data set #64" file="E:\coupony-backend\tests\Unit\Domain\Analytics\HeatmapBuilderTest.php" line="81" class="Tests\Unit\Domain\Analytics\HeatmapBuilderTest" classname="Tests.Unit.Domain.Analytics.HeatmapBuilderTest" assertions="84" time="0.002280"/>
          <testcase name="test_each_element_has_required_keys with data set #65" file="E:\coupony-backend\tests\Unit\Domain\Analytics\HeatmapBuilderTest.php" line="81" class="Tests\Unit\Domain\Analytics\HeatmapBuilderTest" classname="Tests.Unit.Domain.Analytics.HeatmapBuilderTest" assertions="84" time="0.000804"/>
          <testcase name="test_each_element_has_required_keys with data set #66" file="E:\coupony-backend\tests\Unit\Domain\Analytics\HeatmapBuilderTest.php" line="81" class="Tests\Unit\Domain\Analytics\HeatmapBuilderTest" classname="Tests.Unit.Domain.Analytics.HeatmapBuilderTest" assertions="84" time="0.000739"/>
          <testcase name="test_each_element_has_required_keys with data set #67" file="E:\coupony-backend\tests\Unit\Domain\Analytics\HeatmapBuilderTest.php" line="81" class="Tests\Unit\Domain\Analytics\HeatmapBuilderTest" classname="Tests.Unit.Domain.Analytics.HeatmapBuilderTest" assertions="84" time="0.001447"/>
          <testcase name="test_each_element_has_required_keys with data set #68" file="E:\coupony-backend\tests\Unit\Domain\Analytics\HeatmapBuilderTest.php" line="81" class="Tests\Unit\Domain\Analytics\HeatmapBuilderTest" classname="Tests.Unit.Domain.Analytics.HeatmapBuilderTest" assertions="84" time="0.001440"/>
          <testcase name="test_each_element_has_required_keys with data set #69" file="E:\coupony-backend\tests\Unit\Domain\Analytics\HeatmapBuilderTest.php" line="81" class="Tests\Unit\Domain\Analytics\HeatmapBuilderTest" classname="Tests.Unit.Domain.Analytics.HeatmapBuilderTest" assertions="84" time="0.001152"/>
          <testcase name="test_each_element_has_required_keys with data set #70" file="E:\coupony-backend\tests\Unit\Domain\Analytics\HeatmapBuilderTest.php" line="81" class="Tests\Unit\Domain\Analytics\HeatmapBuilderTest" classname="Tests.Unit.Domain.Analytics.HeatmapBuilderTest" assertions="84" time="0.000875"/>
          <testcase name="test_each_element_has_required_keys with data set #71" file="E:\coupony-backend\tests\Unit\Domain\Analytics\HeatmapBuilderTest.php" line="81" class="Tests\Unit\Domain\Analytics\HeatmapBuilderTest" classname="Tests.Unit.Domain.Analytics.HeatmapBuilderTest" assertions="84" time="0.000904"/>
          <testcase name="test_each_element_has_required_keys with data set #72" file="E:\coupony-backend\tests\Unit\Domain\Analytics\HeatmapBuilderTest.php" line="81" class="Tests\Unit\Domain\Analytics\HeatmapBuilderTest" classname="Tests.Unit.Domain.Analytics.HeatmapBuilderTest" assertions="84" time="0.001269"/>
          <testcase name="test_each_element_has_required_keys with data set #73" file="E:\coupony-backend\tests\Unit\Domain\Analytics\HeatmapBuilderTest.php" line="81" class="Tests\Unit\Domain\Analytics\HeatmapBuilderTest" classname="Tests.Unit.Domain.Analytics.HeatmapBuilderTest" assertions="84" time="0.000320"/>
          <testcase name="test_each_element_has_required_keys with data set #74" file="E:\coupony-backend\tests\Unit\Domain\Analytics\HeatmapBuilderTest.php" line="81" class="Tests\Unit\Domain\Analytics\HeatmapBuilderTest" classname="Tests.Unit.Domain.Analytics.HeatmapBuilderTest" assertions="84" time="0.001375"/>
          <testcase name="test_each_element_has_required_keys with data set #75" file="E:\coupony-backend\tests\Unit\Domain\Analytics\HeatmapBuilderTest.php" line="81" class="Tests\Unit\Domain\Analytics\HeatmapBuilderTest" classname="Tests.Unit.Domain.Analytics.HeatmapBuilderTest" assertions="84" time="0.001264"/>
          <testcase name="test_each_element_has_required_keys with data set #76" file="E:\coupony-backend\tests\Unit\Domain\Analytics\HeatmapBuilderTest.php" line="81" class="Tests\Unit\Domain\Analytics\HeatmapBuilderTest" classname="Tests.Unit.Domain.Analytics.HeatmapBuilderTest" assertions="84" time="0.000907"/>
          <testcase name="test_each_element_has_required_keys with data set #77" file="E:\coupony-backend\tests\Unit\Domain\Analytics\HeatmapBuilderTest.php" line="81" class="Tests\Unit\Domain\Analytics\HeatmapBuilderTest" classname="Tests.Unit.Domain.Analytics.HeatmapBuilderTest" assertions="84" time="0.000589"/>
          <testcase name="test_each_element_has_required_keys with data set #78" file="E:\coupony-backend\tests\Unit\Domain\Analytics\HeatmapBuilderTest.php" line="81" class="Tests\Unit\Domain\Analytics\HeatmapBuilderTest" classname="Tests.Unit.Domain.Analytics.HeatmapBuilderTest" assertions="84" time="0.000619"/>
          <testcase name="test_each_element_has_required_keys with data set #79" file="E:\coupony-backend\tests\Unit\Domain\Analytics\HeatmapBuilderTest.php" line="81" class="Tests\Unit\Domain\Analytics\HeatmapBuilderTest" classname="Tests.Unit.Domain.Analytics.HeatmapBuilderTest" assertions="84" time="0.000283"/>
          <testcase name="test_each_element_has_required_keys with data set #80" file="E:\coupony-backend\tests\Unit\Domain\Analytics\HeatmapBuilderTest.php" line="81" class="Tests\Unit\Domain\Analytics\HeatmapBuilderTest" classname="Tests.Unit.Domain.Analytics.HeatmapBuilderTest" assertions="84" time="0.001279"/>
          <testcase name="test_each_element_has_required_keys with data set #81" file="E:\coupony-backend\tests\Unit\Domain\Analytics\HeatmapBuilderTest.php" line="81" class="Tests\Unit\Domain\Analytics\HeatmapBuilderTest" classname="Tests.Unit.Domain.Analytics.HeatmapBuilderTest" assertions="84" time="0.000827"/>
          <testcase name="test_each_element_has_required_keys with data set #82" file="E:\coupony-backend\tests\Unit\Domain\Analytics\HeatmapBuilderTest.php" line="81" class="Tests\Unit\Domain\Analytics\HeatmapBuilderTest" classname="Tests.Unit.Domain.Analytics.HeatmapBuilderTest" assertions="84" time="0.000342"/>
          <testcase name="test_each_element_has_required_keys with data set #83" file="E:\coupony-backend\tests\Unit\Domain\Analytics\HeatmapBuilderTest.php" line="81" class="Tests\Unit\Domain\Analytics\HeatmapBuilderTest" classname="Tests.Unit.Domain.Analytics.HeatmapBuilderTest" assertions="84" time="0.001125"/>
          <testcase name="test_each_element_has_required_keys with data set #84" file="E:\coupony-backend\tests\Unit\Domain\Analytics\HeatmapBuilderTest.php" line="81" class="Tests\Unit\Domain\Analytics\HeatmapBuilderTest" classname="Tests.Unit.Domain.Analytics.HeatmapBuilderTest" assertions="84" time="0.001871"/>
          <testcase name="test_each_element_has_required_keys with data set #85" file="E:\coupony-backend\tests\Unit\Domain\Analytics\HeatmapBuilderTest.php" line="81" class="Tests\Unit\Domain\Analytics\HeatmapBuilderTest" classname="Tests.Unit.Domain.Analytics.HeatmapBuilderTest" assertions="84" time="0.001244"/>
          <testcase name="test_each_element_has_required_keys with data set #86" file="E:\coupony-backend\tests\Unit\Domain\Analytics\HeatmapBuilderTest.php" line="81" class="Tests\Unit\Domain\Analytics\HeatmapBuilderTest" classname="Tests.Unit.Domain.Analytics.HeatmapBuilderTest" assertions="84" time="0.001239"/>
          <testcase name="test_each_element_has_required_keys with data set #87" file="E:\coupony-backend\tests\Unit\Domain\Analytics\HeatmapBuilderTest.php" line="81" class="Tests\Unit\Domain\Analytics\HeatmapBuilderTest" classname="Tests.Unit.Domain.Analytics.HeatmapBuilderTest" assertions="84" time="0.000881"/>
          <testcase name="test_each_element_has_required_keys with data set #88" file="E:\coupony-backend\tests\Unit\Domain\Analytics\HeatmapBuilderTest.php" line="81" class="Tests\Unit\Domain\Analytics\HeatmapBuilderTest" classname="Tests.Unit.Domain.Analytics.HeatmapBuilderTest" assertions="84" time="0.000897"/>
          <testcase name="test_each_element_has_required_keys with data set #89" file="E:\coupony-backend\tests\Unit\Domain\Analytics\HeatmapBuilderTest.php" line="81" class="Tests\Unit\Domain\Analytics\HeatmapBuilderTest" classname="Tests.Unit.Domain.Analytics.HeatmapBuilderTest" assertions="84" time="0.001239"/>
          <testcase name="test_each_element_has_required_keys with data set #90" file="E:\coupony-backend\tests\Unit\Domain\Analytics\HeatmapBuilderTest.php" line="81" class="Tests\Unit\Domain\Analytics\HeatmapBuilderTest" classname="Tests.Unit.Domain.Analytics.HeatmapBuilderTest" assertions="84" time="0.001314"/>
          <testcase name="test_each_element_has_required_keys with data set #91" file="E:\coupony-backend\tests\Unit\Domain\Analytics\HeatmapBuilderTest.php" line="81" class="Tests\Unit\Domain\Analytics\HeatmapBuilderTest" classname="Tests.Unit.Domain.Analytics.HeatmapBuilderTest" assertions="84" time="0.000249"/>
          <testcase name="test_each_element_has_required_keys with data set #92" file="E:\coupony-backend\tests\Unit\Domain\Analytics\HeatmapBuilderTest.php" line="81" class="Tests\Unit\Domain\Analytics\HeatmapBuilderTest" classname="Tests.Unit.Domain.Analytics.HeatmapBuilderTest" assertions="84" time="0.000299"/>
          <testcase name="test_each_element_has_required_keys with data set #93" file="E:\coupony-backend\tests\Unit\Domain\Analytics\HeatmapBuilderTest.php" line="81" class="Tests\Unit\Domain\Analytics\HeatmapBuilderTest" classname="Tests.Unit.Domain.Analytics.HeatmapBuilderTest" assertions="84" time="0.000628"/>
          <testcase name="test_each_element_has_required_keys with data set #94" file="E:\coupony-backend\tests\Unit\Domain\Analytics\HeatmapBuilderTest.php" line="81" class="Tests\Unit\Domain\Analytics\HeatmapBuilderTest" classname="Tests.Unit.Domain.Analytics.HeatmapBuilderTest" assertions="84" time="0.001193"/>
          <testcase name="test_each_element_has_required_keys with data set #95" file="E:\coupony-backend\tests\Unit\Domain\Analytics\HeatmapBuilderTest.php" line="81" class="Tests\Unit\Domain\Analytics\HeatmapBuilderTest" classname="Tests.Unit.Domain.Analytics.HeatmapBuilderTest" assertions="84" time="0.001250"/>
          <testcase name="test_each_element_has_required_keys with data set #96" file="E:\coupony-backend\tests\Unit\Domain\Analytics\HeatmapBuilderTest.php" line="81" class="Tests\Unit\Domain\Analytics\HeatmapBuilderTest" classname="Tests.Unit.Domain.Analytics.HeatmapBuilderTest" assertions="84" time="0.001069"/>
          <testcase name="test_each_element_has_required_keys with data set #97" file="E:\coupony-backend\tests\Unit\Domain\Analytics\HeatmapBuilderTest.php" line="81" class="Tests\Unit\Domain\Analytics\HeatmapBuilderTest" classname="Tests.Unit.Domain.Analytics.HeatmapBuilderTest" assertions="84" time="0.001059"/>
          <testcase name="test_each_element_has_required_keys with data set #98" file="E:\coupony-backend\tests\Unit\Domain\Analytics\HeatmapBuilderTest.php" line="81" class="Tests\Unit\Domain\Analytics\HeatmapBuilderTest" classname="Tests.Unit.Domain.Analytics.HeatmapBuilderTest" assertions="84" time="0.000237"/>
          <testcase name="test_each_element_has_required_keys with data set #99" file="E:\coupony-backend\tests\Unit\Domain\Analytics\HeatmapBuilderTest.php" line="81" class="Tests\Unit\Domain\Analytics\HeatmapBuilderTest" classname="Tests.Unit.Domain.Analytics.HeatmapBuilderTest" assertions="84" time="0.000486"/>
        </testsuite>
        <testsuite name="Tests\Unit\Domain\Analytics\HeatmapBuilderTest::test_each_day_is_a_valid_weekday" tests="100" assertions="2800" errors="0" failures="0" skipped="0" time="0.081219">
          <testcase name="test_each_day_is_a_valid_weekday with data set #0" file="E:\coupony-backend\tests\Unit\Domain\Analytics\HeatmapBuilderTest.php" line="93" class="Tests\Unit\Domain\Analytics\HeatmapBuilderTest" classname="Tests.Unit.Domain.Analytics.HeatmapBuilderTest" assertions="28" time="0.001792"/>
          <testcase name="test_each_day_is_a_valid_weekday with data set #1" file="E:\coupony-backend\tests\Unit\Domain\Analytics\HeatmapBuilderTest.php" line="93" class="Tests\Unit\Domain\Analytics\HeatmapBuilderTest" classname="Tests.Unit.Domain.Analytics.HeatmapBuilderTest" assertions="28" time="0.000748"/>
          <testcase name="test_each_day_is_a_valid_weekday with data set #2" file="E:\coupony-backend\tests\Unit\Domain\Analytics\HeatmapBuilderTest.php" line="93" class="Tests\Unit\Domain\Analytics\HeatmapBuilderTest" classname="Tests.Unit.Domain.Analytics.HeatmapBuilderTest" assertions="28" time="0.001219"/>
          <testcase name="test_each_day_is_a_valid_weekday with data set #3" file="E:\coupony-backend\tests\Unit\Domain\Analytics\HeatmapBuilderTest.php" line="93" class="Tests\Unit\Domain\Analytics\HeatmapBuilderTest" classname="Tests.Unit.Domain.Analytics.HeatmapBuilderTest" assertions="28" time="0.000668"/>
          <testcase name="test_each_day_is_a_valid_weekday with data set #4" file="E:\coupony-backend\tests\Unit\Domain\Analytics\HeatmapBuilderTest.php" line="93" class="Tests\Unit\Domain\Analytics\HeatmapBuilderTest" classname="Tests.Unit.Domain.Analytics.HeatmapBuilderTest" assertions="28" time="0.000204"/>
          <testcase name="test_each_day_is_a_valid_weekday with data set #5" file="E:\coupony-backend\tests\Unit\Domain\Analytics\HeatmapBuilderTest.php" line="93" class="Tests\Unit\Domain\Analytics\HeatmapBuilderTest" classname="Tests.Unit.Domain.Analytics.HeatmapBuilderTest" assertions="28" time="0.000629"/>
          <testcase name="test_each_day_is_a_valid_weekday with data set #6" file="E:\coupony-backend\tests\Unit\Domain\Analytics\HeatmapBuilderTest.php" line="93" class="Tests\Unit\Domain\Analytics\HeatmapBuilderTest" classname="Tests.Unit.Domain.Analytics.HeatmapBuilderTest" assertions="28" time="0.000777"/>
          <testcase name="test_each_day_is_a_valid_weekday with data set #7" file="E:\coupony-backend\tests\Unit\Domain\Analytics\HeatmapBuilderTest.php" line="93" class="Tests\Unit\Domain\Analytics\HeatmapBuilderTest" classname="Tests.Unit.Domain.Analytics.HeatmapBuilderTest" assertions="28" time="0.000818"/>
          <testcase name="test_each_day_is_a_valid_weekday with data set #8" file="E:\coupony-backend\tests\Unit\Domain\Analytics\HeatmapBuilderTest.php" line="93" class="Tests\Unit\Domain\Analytics\HeatmapBuilderTest" classname="Tests.Unit.Domain.Analytics.HeatmapBuilderTest" assertions="28" time="0.000798"/>
          <testcase name="test_each_day_is_a_valid_weekday with data set #9" file="E:\coupony-backend\tests\Unit\Domain\Analytics\HeatmapBuilderTest.php" line="93" class="Tests\Unit\Domain\Analytics\HeatmapBuilderTest" classname="Tests.Unit.Domain.Analytics.HeatmapBuilderTest" assertions="28" time="0.000813"/>
          <testcase name="test_each_day_is_a_valid_weekday with data set #10" file="E:\coupony-backend\tests\Unit\Domain\Analytics\HeatmapBuilderTest.php" line="93" class="Tests\Unit\Domain\Analytics\HeatmapBuilderTest" classname="Tests.Unit.Domain.Analytics.HeatmapBuilderTest" assertions="28" time="0.000495"/>
          <testcase name="test_each_day_is_a_valid_weekday with data set #11" file="E:\coupony-backend\tests\Unit\Domain\Analytics\HeatmapBuilderTest.php" line="93" class="Tests\Unit\Domain\Analytics\HeatmapBuilderTest" classname="Tests.Unit.Domain.Analytics.HeatmapBuilderTest" assertions="28" time="0.000153"/>
          <testcase name="test_each_day_is_a_valid_weekday with data set #12" file="E:\coupony-backend\tests\Unit\Domain\Analytics\HeatmapBuilderTest.php" line="93" class="Tests\Unit\Domain\Analytics\HeatmapBuilderTest" classname="Tests.Unit.Domain.Analytics.HeatmapBuilderTest" assertions="28" time="0.001022"/>
          <testcase name="test_each_day_is_a_valid_weekday with data set #13" file="E:\coupony-backend\tests\Unit\Domain\Analytics\HeatmapBuilderTest.php" line="93" class="Tests\Unit\Domain\Analytics\HeatmapBuilderTest" classname="Tests.Unit.Domain.Analytics.HeatmapBuilderTest" assertions="28" time="0.000564"/>
          <testcase name="test_each_day_is_a_valid_weekday with data set #14" file="E:\coupony-backend\tests\Unit\Domain\Analytics\HeatmapBuilderTest.php" line="93" class="Tests\Unit\Domain\Analytics\HeatmapBuilderTest" classname="Tests.Unit.Domain.Analytics.HeatmapBuilderTest" assertions="28" time="0.001288"/>
          <testcase name="test_each_day_is_a_valid_weekday with data set #15" file="E:\coupony-backend\tests\Unit\Domain\Analytics\HeatmapBuilderTest.php" line="93" class="Tests\Unit\Domain\Analytics\HeatmapBuilderTest" classname="Tests.Unit.Domain.Analytics.HeatmapBuilderTest" assertions="28" time="0.001069"/>
          <testcase name="test_each_day_is_a_valid_weekday with data set #16" file="E:\coupony-backend\tests\Unit\Domain\Analytics\HeatmapBuilderTest.php" line="93" class="Tests\Unit\Domain\Analytics\HeatmapBuilderTest" classname="Tests.Unit.Domain.Analytics.HeatmapBuilderTest" assertions="28" time="0.001328"/>
          <testcase name="test_each_day_is_a_valid_weekday with data set #17" file="E:\coupony-backend\tests\Unit\Domain\Analytics\HeatmapBuilderTest.php" line="93" class="Tests\Unit\Domain\Analytics\HeatmapBuilderTest" classname="Tests.Unit.Domain.Analytics.HeatmapBuilderTest" assertions="28" time="0.000913"/>
          <testcase name="test_each_day_is_a_valid_weekday with data set #18" file="E:\coupony-backend\tests\Unit\Domain\Analytics\HeatmapBuilderTest.php" line="93" class="Tests\Unit\Domain\Analytics\HeatmapBuilderTest" classname="Tests.Unit.Domain.Analytics.HeatmapBuilderTest" assertions="28" time="0.001323"/>
          <testcase name="test_each_day_is_a_valid_weekday with data set #19" file="E:\coupony-backend\tests\Unit\Domain\Analytics\HeatmapBuilderTest.php" line="93" class="Tests\Unit\Domain\Analytics\HeatmapBuilderTest" classname="Tests.Unit.Domain.Analytics.HeatmapBuilderTest" assertions="28" time="0.001055"/>
          <testcase name="test_each_day_is_a_valid_weekday with data set #20" file="E:\coupony-backend\tests\Unit\Domain\Analytics\HeatmapBuilderTest.php" line="93" class="Tests\Unit\Domain\Analytics\HeatmapBuilderTest" classname="Tests.Unit.Domain.Analytics.HeatmapBuilderTest" assertions="28" time="0.000848"/>
          <testcase name="test_each_day_is_a_valid_weekday with data set #21" file="E:\coupony-backend\tests\Unit\Domain\Analytics\HeatmapBuilderTest.php" line="93" class="Tests\Unit\Domain\Analytics\HeatmapBuilderTest" classname="Tests.Unit.Domain.Analytics.HeatmapBuilderTest" assertions="28" time="0.000820"/>
          <testcase name="test_each_day_is_a_valid_weekday with data set #22" file="E:\coupony-backend\tests\Unit\Domain\Analytics\HeatmapBuilderTest.php" line="93" class="Tests\Unit\Domain\Analytics\HeatmapBuilderTest" classname="Tests.Unit.Domain.Analytics.HeatmapBuilderTest" assertions="28" time="0.000581"/>
          <testcase name="test_each_day_is_a_valid_weekday with data set #23" file="E:\coupony-backend\tests\Unit\Domain\Analytics\HeatmapBuilderTest.php" line="93" class="Tests\Unit\Domain\Analytics\HeatmapBuilderTest" classname="Tests.Unit.Domain.Analytics.HeatmapBuilderTest" assertions="28" time="0.000200"/>
          <testcase name="test_each_day_is_a_valid_weekday with data set #24" file="E:\coupony-backend\tests\Unit\Domain\Analytics\HeatmapBuilderTest.php" line="93" class="Tests\Unit\Domain\Analytics\HeatmapBuilderTest" classname="Tests.Unit.Domain.Analytics.HeatmapBuilderTest" assertions="28" time="0.000838"/>
          <testcase name="test_each_day_is_a_valid_weekday with data set #25" file="E:\coupony-backend\tests\Unit\Domain\Analytics\HeatmapBuilderTest.php" line="93" class="Tests\Unit\Domain\Analytics\HeatmapBuilderTest" classname="Tests.Unit.Domain.Analytics.HeatmapBuilderTest" assertions="28" time="0.000745"/>
          <testcase name="test_each_day_is_a_valid_weekday with data set #26" file="E:\coupony-backend\tests\Unit\Domain\Analytics\HeatmapBuilderTest.php" line="93" class="Tests\Unit\Domain\Analytics\HeatmapBuilderTest" classname="Tests.Unit.Domain.Analytics.HeatmapBuilderTest" assertions="28" time="0.000617"/>
          <testcase name="test_each_day_is_a_valid_weekday with data set #27" file="E:\coupony-backend\tests\Unit\Domain\Analytics\HeatmapBuilderTest.php" line="93" class="Tests\Unit\Domain\Analytics\HeatmapBuilderTest" classname="Tests.Unit.Domain.Analytics.HeatmapBuilderTest" assertions="28" time="0.001204"/>
          <testcase name="test_each_day_is_a_valid_weekday with data set #28" file="E:\coupony-backend\tests\Unit\Domain\Analytics\HeatmapBuilderTest.php" line="93" class="Tests\Unit\Domain\Analytics\HeatmapBuilderTest" classname="Tests.Unit.Domain.Analytics.HeatmapBuilderTest" assertions="28" time="0.000210"/>
          <testcase name="test_each_day_is_a_valid_weekday with data set #29" file="E:\coupony-backend\tests\Unit\Domain\Analytics\HeatmapBuilderTest.php" line="93" class="Tests\Unit\Domain\Analytics\HeatmapBuilderTest" classname="Tests.Unit.Domain.Analytics.HeatmapBuilderTest" assertions="28" time="0.001295"/>
          <testcase name="test_each_day_is_a_valid_weekday with data set #30" file="E:\coupony-backend\tests\Unit\Domain\Analytics\HeatmapBuilderTest.php" line="93" class="Tests\Unit\Domain\Analytics\HeatmapBuilderTest" classname="Tests.Unit.Domain.Analytics.HeatmapBuilderTest" assertions="28" time="0.001163"/>
          <testcase name="test_each_day_is_a_valid_weekday with data set #31" file="E:\coupony-backend\tests\Unit\Domain\Analytics\HeatmapBuilderTest.php" line="93" class="Tests\Unit\Domain\Analytics\HeatmapBuilderTest" classname="Tests.Unit.Domain.Analytics.HeatmapBuilderTest" assertions="28" time="0.000827"/>
          <testcase name="test_each_day_is_a_valid_weekday with data set #32" file="E:\coupony-backend\tests\Unit\Domain\Analytics\HeatmapBuilderTest.php" line="93" class="Tests\Unit\Domain\Analytics\HeatmapBuilderTest" classname="Tests.Unit.Domain.Analytics.HeatmapBuilderTest" assertions="28" time="0.001113"/>
          <testcase name="test_each_day_is_a_valid_weekday with data set #33" file="E:\coupony-backend\tests\Unit\Domain\Analytics\HeatmapBuilderTest.php" line="93" class="Tests\Unit\Domain\Analytics\HeatmapBuilderTest" classname="Tests.Unit.Domain.Analytics.HeatmapBuilderTest" assertions="28" time="0.000212"/>
          <testcase name="test_each_day_is_a_valid_weekday with data set #34" file="E:\coupony-backend\tests\Unit\Domain\Analytics\HeatmapBuilderTest.php" line="93" class="Tests\Unit\Domain\Analytics\HeatmapBuilderTest" classname="Tests.Unit.Domain.Analytics.HeatmapBuilderTest" assertions="28" time="0.000369"/>
          <testcase name="test_each_day_is_a_valid_weekday with data set #35" file="E:\coupony-backend\tests\Unit\Domain\Analytics\HeatmapBuilderTest.php" line="93" class="Tests\Unit\Domain\Analytics\HeatmapBuilderTest" classname="Tests.Unit.Domain.Analytics.HeatmapBuilderTest" assertions="28" time="0.001240"/>
          <testcase name="test_each_day_is_a_valid_weekday with data set #36" file="E:\coupony-backend\tests\Unit\Domain\Analytics\HeatmapBuilderTest.php" line="93" class="Tests\Unit\Domain\Analytics\HeatmapBuilderTest" classname="Tests.Unit.Domain.Analytics.HeatmapBuilderTest" assertions="28" time="0.001135"/>
          <testcase name="test_each_day_is_a_valid_weekday with data set #37" file="E:\coupony-backend\tests\Unit\Domain\Analytics\HeatmapBuilderTest.php" line="93" class="Tests\Unit\Domain\Analytics\HeatmapBuilderTest" classname="Tests.Unit.Domain.Analytics.HeatmapBuilderTest" assertions="28" time="0.000467"/>
          <testcase name="test_each_day_is_a_valid_weekday with data set #38" file="E:\coupony-backend\tests\Unit\Domain\Analytics\HeatmapBuilderTest.php" line="93" class="Tests\Unit\Domain\Analytics\HeatmapBuilderTest" classname="Tests.Unit.Domain.Analytics.HeatmapBuilderTest" assertions="28" time="0.000920"/>
          <testcase name="test_each_day_is_a_valid_weekday with data set #39" file="E:\coupony-backend\tests\Unit\Domain\Analytics\HeatmapBuilderTest.php" line="93" class="Tests\Unit\Domain\Analytics\HeatmapBuilderTest" classname="Tests.Unit.Domain.Analytics.HeatmapBuilderTest" assertions="28" time="0.000447"/>
          <testcase name="test_each_day_is_a_valid_weekday with data set #40" file="E:\coupony-backend\tests\Unit\Domain\Analytics\HeatmapBuilderTest.php" line="93" class="Tests\Unit\Domain\Analytics\HeatmapBuilderTest" classname="Tests.Unit.Domain.Analytics.HeatmapBuilderTest" assertions="28" time="0.000645"/>
          <testcase name="test_each_day_is_a_valid_weekday with data set #41" file="E:\coupony-backend\tests\Unit\Domain\Analytics\HeatmapBuilderTest.php" line="93" class="Tests\Unit\Domain\Analytics\HeatmapBuilderTest" classname="Tests.Unit.Domain.Analytics.HeatmapBuilderTest" assertions="28" time="0.001174"/>
          <testcase name="test_each_day_is_a_valid_weekday with data set #42" file="E:\coupony-backend\tests\Unit\Domain\Analytics\HeatmapBuilderTest.php" line="93" class="Tests\Unit\Domain\Analytics\HeatmapBuilderTest" classname="Tests.Unit.Domain.Analytics.HeatmapBuilderTest" assertions="28" time="0.000904"/>
          <testcase name="test_each_day_is_a_valid_weekday with data set #43" file="E:\coupony-backend\tests\Unit\Domain\Analytics\HeatmapBuilderTest.php" line="93" class="Tests\Unit\Domain\Analytics\HeatmapBuilderTest" classname="Tests.Unit.Domain.Analytics.HeatmapBuilderTest" assertions="28" time="0.000348"/>
          <testcase name="test_each_day_is_a_valid_weekday with data set #44" file="E:\coupony-backend\tests\Unit\Domain\Analytics\HeatmapBuilderTest.php" line="93" class="Tests\Unit\Domain\Analytics\HeatmapBuilderTest" classname="Tests.Unit.Domain.Analytics.HeatmapBuilderTest" assertions="28" time="0.000407"/>
          <testcase name="test_each_day_is_a_valid_weekday with data set #45" file="E:\coupony-backend\tests\Unit\Domain\Analytics\HeatmapBuilderTest.php" line="93" class="Tests\Unit\Domain\Analytics\HeatmapBuilderTest" classname="Tests.Unit.Domain.Analytics.HeatmapBuilderTest" assertions="28" time="0.000646"/>
          <testcase name="test_each_day_is_a_valid_weekday with data set #46" file="E:\coupony-backend\tests\Unit\Domain\Analytics\HeatmapBuilderTest.php" line="93" class="Tests\Unit\Domain\Analytics\HeatmapBuilderTest" classname="Tests.Unit.Domain.Analytics.HeatmapBuilderTest" assertions="28" time="0.001291"/>
          <testcase name="test_each_day_is_a_valid_weekday with data set #47" file="E:\coupony-backend\tests\Unit\Domain\Analytics\HeatmapBuilderTest.php" line="93" class="Tests\Unit\Domain\Analytics\HeatmapBuilderTest" classname="Tests.Unit.Domain.Analytics.HeatmapBuilderTest" assertions="28" time="0.000960"/>
          <testcase name="test_each_day_is_a_valid_weekday with data set #48" file="E:\coupony-backend\tests\Unit\Domain\Analytics\HeatmapBuilderTest.php" line="93" class="Tests\Unit\Domain\Analytics\HeatmapBuilderTest" classname="Tests.Unit.Domain.Analytics.HeatmapBuilderTest" assertions="28" time="0.000541"/>
          <testcase name="test_each_day_is_a_valid_weekday with data set #49" file="E:\coupony-backend\tests\Unit\Domain\Analytics\HeatmapBuilderTest.php" line="93" class="Tests\Unit\Domain\Analytics\HeatmapBuilderTest" classname="Tests.Unit.Domain.Analytics.HeatmapBuilderTest" assertions="28" time="0.000302"/>
          <testcase name="test_each_day_is_a_valid_weekday with data set #50" file="E:\coupony-backend\tests\Unit\Domain\Analytics\HeatmapBuilderTest.php" line="93" class="Tests\Unit\Domain\Analytics\HeatmapBuilderTest" classname="Tests.Unit.Domain.Analytics.HeatmapBuilderTest" assertions="28" time="0.000189"/>
          <testcase name="test_each_day_is_a_valid_weekday with data set #51" file="E:\coupony-backend\tests\Unit\Domain\Analytics\HeatmapBuilderTest.php" line="93" class="Tests\Unit\Domain\Analytics\HeatmapBuilderTest" classname="Tests.Unit.Domain.Analytics.HeatmapBuilderTest" assertions="28" time="0.001320"/>
          <testcase name="test_each_day_is_a_valid_weekday with data set #52" file="E:\coupony-backend\tests\Unit\Domain\Analytics\HeatmapBuilderTest.php" line="93" class="Tests\Unit\Domain\Analytics\HeatmapBuilderTest" classname="Tests.Unit.Domain.Analytics.HeatmapBuilderTest" assertions="28" time="0.000215"/>
          <testcase name="test_each_day_is_a_valid_weekday with data set #53" file="E:\coupony-backend\tests\Unit\Domain\Analytics\HeatmapBuilderTest.php" line="93" class="Tests\Unit\Domain\Analytics\HeatmapBuilderTest" classname="Tests.Unit.Domain.Analytics.HeatmapBuilderTest" assertions="28" time="0.000984"/>
          <testcase name="test_each_day_is_a_valid_weekday with data set #54" file="E:\coupony-backend\tests\Unit\Domain\Analytics\HeatmapBuilderTest.php" line="93" class="Tests\Unit\Domain\Analytics\HeatmapBuilderTest" classname="Tests.Unit.Domain.Analytics.HeatmapBuilderTest" assertions="28" time="0.000660"/>
          <testcase name="test_each_day_is_a_valid_weekday with data set #55" file="E:\coupony-backend\tests\Unit\Domain\Analytics\HeatmapBuilderTest.php" line="93" class="Tests\Unit\Domain\Analytics\HeatmapBuilderTest" classname="Tests.Unit.Domain.Analytics.HeatmapBuilderTest" assertions="28" time="0.001163"/>
          <testcase name="test_each_day_is_a_valid_weekday with data set #56" file="E:\coupony-backend\tests\Unit\Domain\Analytics\HeatmapBuilderTest.php" line="93" class="Tests\Unit\Domain\Analytics\HeatmapBuilderTest" classname="Tests.Unit.Domain.Analytics.HeatmapBuilderTest" assertions="28" time="0.001160"/>
          <testcase name="test_each_day_is_a_valid_weekday with data set #57" file="E:\coupony-backend\tests\Unit\Domain\Analytics\HeatmapBuilderTest.php" line="93" class="Tests\Unit\Domain\Analytics\HeatmapBuilderTest" classname="Tests.Unit.Domain.Analytics.HeatmapBuilderTest" assertions="28" time="0.001236"/>
          <testcase name="test_each_day_is_a_valid_weekday with data set #58" file="E:\coupony-backend\tests\Unit\Domain\Analytics\HeatmapBuilderTest.php" line="93" class="Tests\Unit\Domain\Analytics\HeatmapBuilderTest" classname="Tests.Unit.Domain.Analytics.HeatmapBuilderTest" assertions="28" time="0.000389"/>
          <testcase name="test_each_day_is_a_valid_weekday with data set #59" file="E:\coupony-backend\tests\Unit\Domain\Analytics\HeatmapBuilderTest.php" line="93" class="Tests\Unit\Domain\Analytics\HeatmapBuilderTest" classname="Tests.Unit.Domain.Analytics.HeatmapBuilderTest" assertions="28" time="0.000128"/>
          <testcase name="test_each_day_is_a_valid_weekday with data set #60" file="E:\coupony-backend\tests\Unit\Domain\Analytics\HeatmapBuilderTest.php" line="93" class="Tests\Unit\Domain\Analytics\HeatmapBuilderTest" classname="Tests.Unit.Domain.Analytics.HeatmapBuilderTest" assertions="28" time="0.001002"/>
          <testcase name="test_each_day_is_a_valid_weekday with data set #61" file="E:\coupony-backend\tests\Unit\Domain\Analytics\HeatmapBuilderTest.php" line="93" class="Tests\Unit\Domain\Analytics\HeatmapBuilderTest" classname="Tests.Unit.Domain.Analytics.HeatmapBuilderTest" assertions="28" time="0.000359"/>
          <testcase name="test_each_day_is_a_valid_weekday with data set #62" file="E:\coupony-backend\tests\Unit\Domain\Analytics\HeatmapBuilderTest.php" line="93" class="Tests\Unit\Domain\Analytics\HeatmapBuilderTest" classname="Tests.Unit.Domain.Analytics.HeatmapBuilderTest" assertions="28" time="0.000869"/>
          <testcase name="test_each_day_is_a_valid_weekday with data set #63" file="E:\coupony-backend\tests\Unit\Domain\Analytics\HeatmapBuilderTest.php" line="93" class="Tests\Unit\Domain\Analytics\HeatmapBuilderTest" classname="Tests.Unit.Domain.Analytics.HeatmapBuilderTest" assertions="28" time="0.000164"/>
          <testcase name="test_each_day_is_a_valid_weekday with data set #64" file="E:\coupony-backend\tests\Unit\Domain\Analytics\HeatmapBuilderTest.php" line="93" class="Tests\Unit\Domain\Analytics\HeatmapBuilderTest" classname="Tests.Unit.Domain.Analytics.HeatmapBuilderTest" assertions="28" time="0.001491"/>
          <testcase name="test_each_day_is_a_valid_weekday with data set #65" file="E:\coupony-backend\tests\Unit\Domain\Analytics\HeatmapBuilderTest.php" line="93" class="Tests\Unit\Domain\Analytics\HeatmapBuilderTest" classname="Tests.Unit.Domain.Analytics.HeatmapBuilderTest" assertions="28" time="0.001746"/>
          <testcase name="test_each_day_is_a_valid_weekday with data set #66" file="E:\coupony-backend\tests\Unit\Domain\Analytics\HeatmapBuilderTest.php" line="93" class="Tests\Unit\Domain\Analytics\HeatmapBuilderTest" classname="Tests.Unit.Domain.Analytics.HeatmapBuilderTest" assertions="28" time="0.000586"/>
          <testcase name="test_each_day_is_a_valid_weekday with data set #67" file="E:\coupony-backend\tests\Unit\Domain\Analytics\HeatmapBuilderTest.php" line="93" class="Tests\Unit\Domain\Analytics\HeatmapBuilderTest" classname="Tests.Unit.Domain.Analytics.HeatmapBuilderTest" assertions="28" time="0.000166"/>
          <testcase name="test_each_day_is_a_valid_weekday with data set #68" file="E:\coupony-backend\tests\Unit\Domain\Analytics\HeatmapBuilderTest.php" line="93" class="Tests\Unit\Domain\Analytics\HeatmapBuilderTest" classname="Tests.Unit.Domain.Analytics.HeatmapBuilderTest" assertions="28" time="0.000439"/>
          <testcase name="test_each_day_is_a_valid_weekday with data set #69" file="E:\coupony-backend\tests\Unit\Domain\Analytics\HeatmapBuilderTest.php" line="93" class="Tests\Unit\Domain\Analytics\HeatmapBuilderTest" classname="Tests.Unit.Domain.Analytics.HeatmapBuilderTest" assertions="28" time="0.001136"/>
          <testcase name="test_each_day_is_a_valid_weekday with data set #70" file="E:\coupony-backend\tests\Unit\Domain\Analytics\HeatmapBuilderTest.php" line="93" class="Tests\Unit\Domain\Analytics\HeatmapBuilderTest" classname="Tests.Unit.Domain.Analytics.HeatmapBuilderTest" assertions="28" time="0.000260"/>
          <testcase name="test_each_day_is_a_valid_weekday with data set #71" file="E:\coupony-backend\tests\Unit\Domain\Analytics\HeatmapBuilderTest.php" line="93" class="Tests\Unit\Domain\Analytics\HeatmapBuilderTest" classname="Tests.Unit.Domain.Analytics.HeatmapBuilderTest" assertions="28" time="0.001079"/>
          <testcase name="test_each_day_is_a_valid_weekday with data set #72" file="E:\coupony-backend\tests\Unit\Domain\Analytics\HeatmapBuilderTest.php" line="93" class="Tests\Unit\Domain\Analytics\HeatmapBuilderTest" classname="Tests.Unit.Domain.Analytics.HeatmapBuilderTest" assertions="28" time="0.000618"/>
          <testcase name="test_each_day_is_a_valid_weekday with data set #73" file="E:\coupony-backend\tests\Unit\Domain\Analytics\HeatmapBuilderTest.php" line="93" class="Tests\Unit\Domain\Analytics\HeatmapBuilderTest" classname="Tests.Unit.Domain.Analytics.HeatmapBuilderTest" assertions="28" time="0.001130"/>
          <testcase name="test_each_day_is_a_valid_weekday with data set #74" file="E:\coupony-backend\tests\Unit\Domain\Analytics\HeatmapBuilderTest.php" line="93" class="Tests\Unit\Domain\Analytics\HeatmapBuilderTest" classname="Tests.Unit.Domain.Analytics.HeatmapBuilderTest" assertions="28" time="0.000464"/>
          <testcase name="test_each_day_is_a_valid_weekday with data set #75" file="E:\coupony-backend\tests\Unit\Domain\Analytics\HeatmapBuilderTest.php" line="93" class="Tests\Unit\Domain\Analytics\HeatmapBuilderTest" classname="Tests.Unit.Domain.Analytics.HeatmapBuilderTest" assertions="28" time="0.001372"/>
          <testcase name="test_each_day_is_a_valid_weekday with data set #76" file="E:\coupony-backend\tests\Unit\Domain\Analytics\HeatmapBuilderTest.php" line="93" class="Tests\Unit\Domain\Analytics\HeatmapBuilderTest" classname="Tests.Unit.Domain.Analytics.HeatmapBuilderTest" assertions="28" time="0.001302"/>
          <testcase name="test_each_day_is_a_valid_weekday with data set #77" file="E:\coupony-backend\tests\Unit\Domain\Analytics\HeatmapBuilderTest.php" line="93" class="Tests\Unit\Domain\Analytics\HeatmapBuilderTest" classname="Tests.Unit.Domain.Analytics.HeatmapBuilderTest" assertions="28" time="0.001138"/>
          <testcase name="test_each_day_is_a_valid_weekday with data set #78" file="E:\coupony-backend\tests\Unit\Domain\Analytics\HeatmapBuilderTest.php" line="93" class="Tests\Unit\Domain\Analytics\HeatmapBuilderTest" classname="Tests.Unit.Domain.Analytics.HeatmapBuilderTest" assertions="28" time="0.000324"/>
          <testcase name="test_each_day_is_a_valid_weekday with data set #79" file="E:\coupony-backend\tests\Unit\Domain\Analytics\HeatmapBuilderTest.php" line="93" class="Tests\Unit\Domain\Analytics\HeatmapBuilderTest" classname="Tests.Unit.Domain.Analytics.HeatmapBuilderTest" assertions="28" time="0.000532"/>
          <testcase name="test_each_day_is_a_valid_weekday with data set #80" file="E:\coupony-backend\tests\Unit\Domain\Analytics\HeatmapBuilderTest.php" line="93" class="Tests\Unit\Domain\Analytics\HeatmapBuilderTest" classname="Tests.Unit.Domain.Analytics.HeatmapBuilderTest" assertions="28" time="0.001175"/>
          <testcase name="test_each_day_is_a_valid_weekday with data set #81" file="E:\coupony-backend\tests\Unit\Domain\Analytics\HeatmapBuilderTest.php" line="93" class="Tests\Unit\Domain\Analytics\HeatmapBuilderTest" classname="Tests.Unit.Domain.Analytics.HeatmapBuilderTest" assertions="28" time="0.000809"/>
          <testcase name="test_each_day_is_a_valid_weekday with data set #82" file="E:\coupony-backend\tests\Unit\Domain\Analytics\HeatmapBuilderTest.php" line="93" class="Tests\Unit\Domain\Analytics\HeatmapBuilderTest" classname="Tests.Unit.Domain.Analytics.HeatmapBuilderTest" assertions="28" time="0.000334"/>
          <testcase name="test_each_day_is_a_valid_weekday with data set #83" file="E:\coupony-backend\tests\Unit\Domain\Analytics\HeatmapBuilderTest.php" line="93" class="Tests\Unit\Domain\Analytics\HeatmapBuilderTest" classname="Tests.Unit.Domain.Analytics.HeatmapBuilderTest" assertions="28" time="0.000563"/>
          <testcase name="test_each_day_is_a_valid_weekday with data set #84" file="E:\coupony-backend\tests\Unit\Domain\Analytics\HeatmapBuilderTest.php" line="93" class="Tests\Unit\Domain\Analytics\HeatmapBuilderTest" classname="Tests.Unit.Domain.Analytics.HeatmapBuilderTest" assertions="28" time="0.001282"/>
          <testcase name="test_each_day_is_a_valid_weekday with data set #85" file="E:\coupony-backend\tests\Unit\Domain\Analytics\HeatmapBuilderTest.php" line="93" class="Tests\Unit\Domain\Analytics\HeatmapBuilderTest" classname="Tests.Unit.Domain.Analytics.HeatmapBuilderTest" assertions="28" time="0.001348"/>
          <testcase name="test_each_day_is_a_valid_weekday with data set #86" file="E:\coupony-backend\tests\Unit\Domain\Analytics\HeatmapBuilderTest.php" line="93" class="Tests\Unit\Domain\Analytics\HeatmapBuilderTest" classname="Tests.Unit.Domain.Analytics.HeatmapBuilderTest" assertions="28" time="0.001224"/>
          <testcase name="test_each_day_is_a_valid_weekday with data set #87" file="E:\coupony-backend\tests\Unit\Domain\Analytics\HeatmapBuilderTest.php" line="93" class="Tests\Unit\Domain\Analytics\HeatmapBuilderTest" classname="Tests.Unit.Domain.Analytics.HeatmapBuilderTest" assertions="28" time="0.000616"/>
          <testcase name="test_each_day_is_a_valid_weekday with data set #88" file="E:\coupony-backend\tests\Unit\Domain\Analytics\HeatmapBuilderTest.php" line="93" class="Tests\Unit\Domain\Analytics\HeatmapBuilderTest" classname="Tests.Unit.Domain.Analytics.HeatmapBuilderTest" assertions="28" time="0.000873"/>
          <testcase name="test_each_day_is_a_valid_weekday with data set #89" file="E:\coupony-backend\tests\Unit\Domain\Analytics\HeatmapBuilderTest.php" line="93" class="Tests\Unit\Domain\Analytics\HeatmapBuilderTest" classname="Tests.Unit.Domain.Analytics.HeatmapBuilderTest" assertions="28" time="0.001325"/>
          <testcase name="test_each_day_is_a_valid_weekday with data set #90" file="E:\coupony-backend\tests\Unit\Domain\Analytics\HeatmapBuilderTest.php" line="93" class="Tests\Unit\Domain\Analytics\HeatmapBuilderTest" classname="Tests.Unit.Domain.Analytics.HeatmapBuilderTest" assertions="28" time="0.001267"/>
          <testcase name="test_each_day_is_a_valid_weekday with data set #91" file="E:\coupony-backend\tests\Unit\Domain\Analytics\HeatmapBuilderTest.php" line="93" class="Tests\Unit\Domain\Analytics\HeatmapBuilderTest" classname="Tests.Unit.Domain.Analytics.HeatmapBuilderTest" assertions="28" time="0.000969"/>
          <testcase name="test_each_day_is_a_valid_weekday with data set #92" file="E:\coupony-backend\tests\Unit\Domain\Analytics\HeatmapBuilderTest.php" line="93" class="Tests\Unit\Domain\Analytics\HeatmapBuilderTest" classname="Tests.Unit.Domain.Analytics.HeatmapBuilderTest" assertions="28" time="0.000318"/>
          <testcase name="test_each_day_is_a_valid_weekday with data set #93" file="E:\coupony-backend\tests\Unit\Domain\Analytics\HeatmapBuilderTest.php" line="93" class="Tests\Unit\Domain\Analytics\HeatmapBuilderTest" classname="Tests.Unit.Domain.Analytics.HeatmapBuilderTest" assertions="28" time="0.001206"/>
          <testcase name="test_each_day_is_a_valid_weekday with data set #94" file="E:\coupony-backend\tests\Unit\Domain\Analytics\HeatmapBuilderTest.php" line="93" class="Tests\Unit\Domain\Analytics\HeatmapBuilderTest" classname="Tests.Unit.Domain.Analytics.HeatmapBuilderTest" assertions="28" time="0.000693"/>
          <testcase name="test_each_day_is_a_valid_weekday with data set #95" file="E:\coupony-backend\tests\Unit\Domain\Analytics\HeatmapBuilderTest.php" line="93" class="Tests\Unit\Domain\Analytics\HeatmapBuilderTest" classname="Tests.Unit.Domain.Analytics.HeatmapBuilderTest" assertions="28" time="0.000950"/>
          <testcase name="test_each_day_is_a_valid_weekday with data set #96" file="E:\coupony-backend\tests\Unit\Domain\Analytics\HeatmapBuilderTest.php" line="93" class="Tests\Unit\Domain\Analytics\HeatmapBuilderTest" classname="Tests.Unit.Domain.Analytics.HeatmapBuilderTest" assertions="28" time="0.000460"/>
          <testcase name="test_each_day_is_a_valid_weekday with data set #97" file="E:\coupony-backend\tests\Unit\Domain\Analytics\HeatmapBuilderTest.php" line="93" class="Tests\Unit\Domain\Analytics\HeatmapBuilderTest" classname="Tests.Unit.Domain.Analytics.HeatmapBuilderTest" assertions="28" time="0.000811"/>
          <testcase name="test_each_day_is_a_valid_weekday with data set #98" file="E:\coupony-backend\tests\Unit\Domain\Analytics\HeatmapBuilderTest.php" line="93" class="Tests\Unit\Domain\Analytics\HeatmapBuilderTest" classname="Tests.Unit.Domain.Analytics.HeatmapBuilderTest" assertions="28" time="0.000871"/>
          <testcase name="test_each_day_is_a_valid_weekday with data set #99" file="E:\coupony-backend\tests\Unit\Domain\Analytics\HeatmapBuilderTest.php" line="93" class="Tests\Unit\Domain\Analytics\HeatmapBuilderTest" classname="Tests.Unit.Domain.Analytics.HeatmapBuilderTest" assertions="28" time="0.000358"/>
        </testsuite>
        <testsuite name="Tests\Unit\Domain\Analytics\HeatmapBuilderTest::test_each_time_window_is_valid" tests="100" assertions="2800" errors="0" failures="0" skipped="0" time="0.080459">
          <testcase name="test_each_time_window_is_valid with data set #0" file="E:\coupony-backend\tests\Unit\Domain\Analytics\HeatmapBuilderTest.php" line="107" class="Tests\Unit\Domain\Analytics\HeatmapBuilderTest" classname="Tests.Unit.Domain.Analytics.HeatmapBuilderTest" assertions="28" time="0.000131"/>
          <testcase name="test_each_time_window_is_valid with data set #1" file="E:\coupony-backend\tests\Unit\Domain\Analytics\HeatmapBuilderTest.php" line="107" class="Tests\Unit\Domain\Analytics\HeatmapBuilderTest" classname="Tests.Unit.Domain.Analytics.HeatmapBuilderTest" assertions="28" time="0.001189"/>
          <testcase name="test_each_time_window_is_valid with data set #2" file="E:\coupony-backend\tests\Unit\Domain\Analytics\HeatmapBuilderTest.php" line="107" class="Tests\Unit\Domain\Analytics\HeatmapBuilderTest" classname="Tests.Unit.Domain.Analytics.HeatmapBuilderTest" assertions="28" time="0.001676"/>
          <testcase name="test_each_time_window_is_valid with data set #3" file="E:\coupony-backend\tests\Unit\Domain\Analytics\HeatmapBuilderTest.php" line="107" class="Tests\Unit\Domain\Analytics\HeatmapBuilderTest" classname="Tests.Unit.Domain.Analytics.HeatmapBuilderTest" assertions="28" time="0.001049"/>
          <testcase name="test_each_time_window_is_valid with data set #4" file="E:\coupony-backend\tests\Unit\Domain\Analytics\HeatmapBuilderTest.php" line="107" class="Tests\Unit\Domain\Analytics\HeatmapBuilderTest" classname="Tests.Unit.Domain.Analytics.HeatmapBuilderTest" assertions="28" time="0.001248"/>
          <testcase name="test_each_time_window_is_valid with data set #5" file="E:\coupony-backend\tests\Unit\Domain\Analytics\HeatmapBuilderTest.php" line="107" class="Tests\Unit\Domain\Analytics\HeatmapBuilderTest" classname="Tests.Unit.Domain.Analytics.HeatmapBuilderTest" assertions="28" time="0.001042"/>
          <testcase name="test_each_time_window_is_valid with data set #6" file="E:\coupony-backend\tests\Unit\Domain\Analytics\HeatmapBuilderTest.php" line="107" class="Tests\Unit\Domain\Analytics\HeatmapBuilderTest" classname="Tests.Unit.Domain.Analytics.HeatmapBuilderTest" assertions="28" time="0.000603"/>
          <testcase name="test_each_time_window_is_valid with data set #7" file="E:\coupony-backend\tests\Unit\Domain\Analytics\HeatmapBuilderTest.php" line="107" class="Tests\Unit\Domain\Analytics\HeatmapBuilderTest" classname="Tests.Unit.Domain.Analytics.HeatmapBuilderTest" assertions="28" time="0.000545"/>
          <testcase name="test_each_time_window_is_valid with data set #8" file="E:\coupony-backend\tests\Unit\Domain\Analytics\HeatmapBuilderTest.php" line="107" class="Tests\Unit\Domain\Analytics\HeatmapBuilderTest" classname="Tests.Unit.Domain.Analytics.HeatmapBuilderTest" assertions="28" time="0.000912"/>
          <testcase name="test_each_time_window_is_valid with data set #9" file="E:\coupony-backend\tests\Unit\Domain\Analytics\HeatmapBuilderTest.php" line="107" class="Tests\Unit\Domain\Analytics\HeatmapBuilderTest" classname="Tests.Unit.Domain.Analytics.HeatmapBuilderTest" assertions="28" time="0.000418"/>
          <testcase name="test_each_time_window_is_valid with data set #10" file="E:\coupony-backend\tests\Unit\Domain\Analytics\HeatmapBuilderTest.php" line="107" class="Tests\Unit\Domain\Analytics\HeatmapBuilderTest" classname="Tests.Unit.Domain.Analytics.HeatmapBuilderTest" assertions="28" time="0.001035"/>
          <testcase name="test_each_time_window_is_valid with data set #11" file="E:\coupony-backend\tests\Unit\Domain\Analytics\HeatmapBuilderTest.php" line="107" class="Tests\Unit\Domain\Analytics\HeatmapBuilderTest" classname="Tests.Unit.Domain.Analytics.HeatmapBuilderTest" assertions="28" time="0.000748"/>
          <testcase name="test_each_time_window_is_valid with data set #12" file="E:\coupony-backend\tests\Unit\Domain\Analytics\HeatmapBuilderTest.php" line="107" class="Tests\Unit\Domain\Analytics\HeatmapBuilderTest" classname="Tests.Unit.Domain.Analytics.HeatmapBuilderTest" assertions="28" time="0.000990"/>
          <testcase name="test_each_time_window_is_valid with data set #13" file="E:\coupony-backend\tests\Unit\Domain\Analytics\HeatmapBuilderTest.php" line="107" class="Tests\Unit\Domain\Analytics\HeatmapBuilderTest" classname="Tests.Unit.Domain.Analytics.HeatmapBuilderTest" assertions="28" time="0.000765"/>
          <testcase name="test_each_time_window_is_valid with data set #14" file="E:\coupony-backend\tests\Unit\Domain\Analytics\HeatmapBuilderTest.php" line="107" class="Tests\Unit\Domain\Analytics\HeatmapBuilderTest" classname="Tests.Unit.Domain.Analytics.HeatmapBuilderTest" assertions="28" time="0.000920"/>
          <testcase name="test_each_time_window_is_valid with data set #15" file="E:\coupony-backend\tests\Unit\Domain\Analytics\HeatmapBuilderTest.php" line="107" class="Tests\Unit\Domain\Analytics\HeatmapBuilderTest" classname="Tests.Unit.Domain.Analytics.HeatmapBuilderTest" assertions="28" time="0.001008"/>
          <testcase name="test_each_time_window_is_valid with data set #16" file="E:\coupony-backend\tests\Unit\Domain\Analytics\HeatmapBuilderTest.php" line="107" class="Tests\Unit\Domain\Analytics\HeatmapBuilderTest" classname="Tests.Unit.Domain.Analytics.HeatmapBuilderTest" assertions="28" time="0.000254"/>
          <testcase name="test_each_time_window_is_valid with data set #17" file="E:\coupony-backend\tests\Unit\Domain\Analytics\HeatmapBuilderTest.php" line="107" class="Tests\Unit\Domain\Analytics\HeatmapBuilderTest" classname="Tests.Unit.Domain.Analytics.HeatmapBuilderTest" assertions="28" time="0.000395"/>
          <testcase name="test_each_time_window_is_valid with data set #18" file="E:\coupony-backend\tests\Unit\Domain\Analytics\HeatmapBuilderTest.php" line="107" class="Tests\Unit\Domain\Analytics\HeatmapBuilderTest" classname="Tests.Unit.Domain.Analytics.HeatmapBuilderTest" assertions="28" time="0.000901"/>
          <testcase name="test_each_time_window_is_valid with data set #19" file="E:\coupony-backend\tests\Unit\Domain\Analytics\HeatmapBuilderTest.php" line="107" class="Tests\Unit\Domain\Analytics\HeatmapBuilderTest" classname="Tests.Unit.Domain.Analytics.HeatmapBuilderTest" assertions="28" time="0.000791"/>
          <testcase name="test_each_time_window_is_valid with data set #20" file="E:\coupony-backend\tests\Unit\Domain\Analytics\HeatmapBuilderTest.php" line="107" class="Tests\Unit\Domain\Analytics\HeatmapBuilderTest" classname="Tests.Unit.Domain.Analytics.HeatmapBuilderTest" assertions="28" time="0.000289"/>
          <testcase name="test_each_time_window_is_valid with data set #21" file="E:\coupony-backend\tests\Unit\Domain\Analytics\HeatmapBuilderTest.php" line="107" class="Tests\Unit\Domain\Analytics\HeatmapBuilderTest" classname="Tests.Unit.Domain.Analytics.HeatmapBuilderTest" assertions="28" time="0.000927"/>
          <testcase name="test_each_time_window_is_valid with data set #22" file="E:\coupony-backend\tests\Unit\Domain\Analytics\HeatmapBuilderTest.php" line="107" class="Tests\Unit\Domain\Analytics\HeatmapBuilderTest" classname="Tests.Unit.Domain.Analytics.HeatmapBuilderTest" assertions="28" time="0.001304"/>
          <testcase name="test_each_time_window_is_valid with data set #23" file="E:\coupony-backend\tests\Unit\Domain\Analytics\HeatmapBuilderTest.php" line="107" class="Tests\Unit\Domain\Analytics\HeatmapBuilderTest" classname="Tests.Unit.Domain.Analytics.HeatmapBuilderTest" assertions="28" time="0.000357"/>
          <testcase name="test_each_time_window_is_valid with data set #24" file="E:\coupony-backend\tests\Unit\Domain\Analytics\HeatmapBuilderTest.php" line="107" class="Tests\Unit\Domain\Analytics\HeatmapBuilderTest" classname="Tests.Unit.Domain.Analytics.HeatmapBuilderTest" assertions="28" time="0.001289"/>
          <testcase name="test_each_time_window_is_valid with data set #25" file="E:\coupony-backend\tests\Unit\Domain\Analytics\HeatmapBuilderTest.php" line="107" class="Tests\Unit\Domain\Analytics\HeatmapBuilderTest" classname="Tests.Unit.Domain.Analytics.HeatmapBuilderTest" assertions="28" time="0.000247"/>
          <testcase name="test_each_time_window_is_valid with data set #26" file="E:\coupony-backend\tests\Unit\Domain\Analytics\HeatmapBuilderTest.php" line="107" class="Tests\Unit\Domain\Analytics\HeatmapBuilderTest" classname="Tests.Unit.Domain.Analytics.HeatmapBuilderTest" assertions="28" time="0.001092"/>
          <testcase name="test_each_time_window_is_valid with data set #27" file="E:\coupony-backend\tests\Unit\Domain\Analytics\HeatmapBuilderTest.php" line="107" class="Tests\Unit\Domain\Analytics\HeatmapBuilderTest" classname="Tests.Unit.Domain.Analytics.HeatmapBuilderTest" assertions="28" time="0.001130"/>
          <testcase name="test_each_time_window_is_valid with data set #28" file="E:\coupony-backend\tests\Unit\Domain\Analytics\HeatmapBuilderTest.php" line="107" class="Tests\Unit\Domain\Analytics\HeatmapBuilderTest" classname="Tests.Unit.Domain.Analytics.HeatmapBuilderTest" assertions="28" time="0.000422"/>
          <testcase name="test_each_time_window_is_valid with data set #29" file="E:\coupony-backend\tests\Unit\Domain\Analytics\HeatmapBuilderTest.php" line="107" class="Tests\Unit\Domain\Analytics\HeatmapBuilderTest" classname="Tests.Unit.Domain.Analytics.HeatmapBuilderTest" assertions="28" time="0.001054"/>
          <testcase name="test_each_time_window_is_valid with data set #30" file="E:\coupony-backend\tests\Unit\Domain\Analytics\HeatmapBuilderTest.php" line="107" class="Tests\Unit\Domain\Analytics\HeatmapBuilderTest" classname="Tests.Unit.Domain.Analytics.HeatmapBuilderTest" assertions="28" time="0.000473"/>
          <testcase name="test_each_time_window_is_valid with data set #31" file="E:\coupony-backend\tests\Unit\Domain\Analytics\HeatmapBuilderTest.php" line="107" class="Tests\Unit\Domain\Analytics\HeatmapBuilderTest" classname="Tests.Unit.Domain.Analytics.HeatmapBuilderTest" assertions="28" time="0.000632"/>
          <testcase name="test_each_time_window_is_valid with data set #32" file="E:\coupony-backend\tests\Unit\Domain\Analytics\HeatmapBuilderTest.php" line="107" class="Tests\Unit\Domain\Analytics\HeatmapBuilderTest" classname="Tests.Unit.Domain.Analytics.HeatmapBuilderTest" assertions="28" time="0.001396"/>
          <testcase name="test_each_time_window_is_valid with data set #33" file="E:\coupony-backend\tests\Unit\Domain\Analytics\HeatmapBuilderTest.php" line="107" class="Tests\Unit\Domain\Analytics\HeatmapBuilderTest" classname="Tests.Unit.Domain.Analytics.HeatmapBuilderTest" assertions="28" time="0.000147"/>
          <testcase name="test_each_time_window_is_valid with data set #34" file="E:\coupony-backend\tests\Unit\Domain\Analytics\HeatmapBuilderTest.php" line="107" class="Tests\Unit\Domain\Analytics\HeatmapBuilderTest" classname="Tests.Unit.Domain.Analytics.HeatmapBuilderTest" assertions="28" time="0.000510"/>
          <testcase name="test_each_time_window_is_valid with data set #35" file="E:\coupony-backend\tests\Unit\Domain\Analytics\HeatmapBuilderTest.php" line="107" class="Tests\Unit\Domain\Analytics\HeatmapBuilderTest" classname="Tests.Unit.Domain.Analytics.HeatmapBuilderTest" assertions="28" time="0.000397"/>
          <testcase name="test_each_time_window_is_valid with data set #36" file="E:\coupony-backend\tests\Unit\Domain\Analytics\HeatmapBuilderTest.php" line="107" class="Tests\Unit\Domain\Analytics\HeatmapBuilderTest" classname="Tests.Unit.Domain.Analytics.HeatmapBuilderTest" assertions="28" time="0.001389"/>
          <testcase name="test_each_time_window_is_valid with data set #37" file="E:\coupony-backend\tests\Unit\Domain\Analytics\HeatmapBuilderTest.php" line="107" class="Tests\Unit\Domain\Analytics\HeatmapBuilderTest" classname="Tests.Unit.Domain.Analytics.HeatmapBuilderTest" assertions="28" time="0.001222"/>
          <testcase name="test_each_time_window_is_valid with data set #38" file="E:\coupony-backend\tests\Unit\Domain\Analytics\HeatmapBuilderTest.php" line="107" class="Tests\Unit\Domain\Analytics\HeatmapBuilderTest" classname="Tests.Unit.Domain.Analytics.HeatmapBuilderTest" assertions="28" time="0.000469"/>
          <testcase name="test_each_time_window_is_valid with data set #39" file="E:\coupony-backend\tests\Unit\Domain\Analytics\HeatmapBuilderTest.php" line="107" class="Tests\Unit\Domain\Analytics\HeatmapBuilderTest" classname="Tests.Unit.Domain.Analytics.HeatmapBuilderTest" assertions="28" time="0.001216"/>
          <testcase name="test_each_time_window_is_valid with data set #40" file="E:\coupony-backend\tests\Unit\Domain\Analytics\HeatmapBuilderTest.php" line="107" class="Tests\Unit\Domain\Analytics\HeatmapBuilderTest" classname="Tests.Unit.Domain.Analytics.HeatmapBuilderTest" assertions="28" time="0.000872"/>
          <testcase name="test_each_time_window_is_valid with data set #41" file="E:\coupony-backend\tests\Unit\Domain\Analytics\HeatmapBuilderTest.php" line="107" class="Tests\Unit\Domain\Analytics\HeatmapBuilderTest" classname="Tests.Unit.Domain.Analytics.HeatmapBuilderTest" assertions="28" time="0.001123"/>
          <testcase name="test_each_time_window_is_valid with data set #42" file="E:\coupony-backend\tests\Unit\Domain\Analytics\HeatmapBuilderTest.php" line="107" class="Tests\Unit\Domain\Analytics\HeatmapBuilderTest" classname="Tests.Unit.Domain.Analytics.HeatmapBuilderTest" assertions="28" time="0.000691"/>
          <testcase name="test_each_time_window_is_valid with data set #43" file="E:\coupony-backend\tests\Unit\Domain\Analytics\HeatmapBuilderTest.php" line="107" class="Tests\Unit\Domain\Analytics\HeatmapBuilderTest" classname="Tests.Unit.Domain.Analytics.HeatmapBuilderTest" assertions="28" time="0.001138"/>
          <testcase name="test_each_time_window_is_valid with data set #44" file="E:\coupony-backend\tests\Unit\Domain\Analytics\HeatmapBuilderTest.php" line="107" class="Tests\Unit\Domain\Analytics\HeatmapBuilderTest" classname="Tests.Unit.Domain.Analytics.HeatmapBuilderTest" assertions="28" time="0.000620"/>
          <testcase name="test_each_time_window_is_valid with data set #45" file="E:\coupony-backend\tests\Unit\Domain\Analytics\HeatmapBuilderTest.php" line="107" class="Tests\Unit\Domain\Analytics\HeatmapBuilderTest" classname="Tests.Unit.Domain.Analytics.HeatmapBuilderTest" assertions="28" time="0.000347"/>
          <testcase name="test_each_time_window_is_valid with data set #46" file="E:\coupony-backend\tests\Unit\Domain\Analytics\HeatmapBuilderTest.php" line="107" class="Tests\Unit\Domain\Analytics\HeatmapBuilderTest" classname="Tests.Unit.Domain.Analytics.HeatmapBuilderTest" assertions="28" time="0.000459"/>
          <testcase name="test_each_time_window_is_valid with data set #47" file="E:\coupony-backend\tests\Unit\Domain\Analytics\HeatmapBuilderTest.php" line="107" class="Tests\Unit\Domain\Analytics\HeatmapBuilderTest" classname="Tests.Unit.Domain.Analytics.HeatmapBuilderTest" assertions="28" time="0.000619"/>
          <testcase name="test_each_time_window_is_valid with data set #48" file="E:\coupony-backend\tests\Unit\Domain\Analytics\HeatmapBuilderTest.php" line="107" class="Tests\Unit\Domain\Analytics\HeatmapBuilderTest" classname="Tests.Unit.Domain.Analytics.HeatmapBuilderTest" assertions="28" time="0.001183"/>
          <testcase name="test_each_time_window_is_valid with data set #49" file="E:\coupony-backend\tests\Unit\Domain\Analytics\HeatmapBuilderTest.php" line="107" class="Tests\Unit\Domain\Analytics\HeatmapBuilderTest" classname="Tests.Unit.Domain.Analytics.HeatmapBuilderTest" assertions="28" time="0.000319"/>
          <testcase name="test_each_time_window_is_valid with data set #50" file="E:\coupony-backend\tests\Unit\Domain\Analytics\HeatmapBuilderTest.php" line="107" class="Tests\Unit\Domain\Analytics\HeatmapBuilderTest" classname="Tests.Unit.Domain.Analytics.HeatmapBuilderTest" assertions="28" time="0.000245"/>
          <testcase name="test_each_time_window_is_valid with data set #51" file="E:\coupony-backend\tests\Unit\Domain\Analytics\HeatmapBuilderTest.php" line="107" class="Tests\Unit\Domain\Analytics\HeatmapBuilderTest" classname="Tests.Unit.Domain.Analytics.HeatmapBuilderTest" assertions="28" time="0.001171"/>
          <testcase name="test_each_time_window_is_valid with data set #52" file="E:\coupony-backend\tests\Unit\Domain\Analytics\HeatmapBuilderTest.php" line="107" class="Tests\Unit\Domain\Analytics\HeatmapBuilderTest" classname="Tests.Unit.Domain.Analytics.HeatmapBuilderTest" assertions="28" time="0.000954"/>
          <testcase name="test_each_time_window_is_valid with data set #53" file="E:\coupony-backend\tests\Unit\Domain\Analytics\HeatmapBuilderTest.php" line="107" class="Tests\Unit\Domain\Analytics\HeatmapBuilderTest" classname="Tests.Unit.Domain.Analytics.HeatmapBuilderTest" assertions="28" time="0.001174"/>
          <testcase name="test_each_time_window_is_valid with data set #54" file="E:\coupony-backend\tests\Unit\Domain\Analytics\HeatmapBuilderTest.php" line="107" class="Tests\Unit\Domain\Analytics\HeatmapBuilderTest" classname="Tests.Unit.Domain.Analytics.HeatmapBuilderTest" assertions="28" time="0.000262"/>
          <testcase name="test_each_time_window_is_valid with data set #55" file="E:\coupony-backend\tests\Unit\Domain\Analytics\HeatmapBuilderTest.php" line="107" class="Tests\Unit\Domain\Analytics\HeatmapBuilderTest" classname="Tests.Unit.Domain.Analytics.HeatmapBuilderTest" assertions="28" time="0.000111"/>
          <testcase name="test_each_time_window_is_valid with data set #56" file="E:\coupony-backend\tests\Unit\Domain\Analytics\HeatmapBuilderTest.php" line="107" class="Tests\Unit\Domain\Analytics\HeatmapBuilderTest" classname="Tests.Unit.Domain.Analytics.HeatmapBuilderTest" assertions="28" time="0.001285"/>
          <testcase name="test_each_time_window_is_valid with data set #57" file="E:\coupony-backend\tests\Unit\Domain\Analytics\HeatmapBuilderTest.php" line="107" class="Tests\Unit\Domain\Analytics\HeatmapBuilderTest" classname="Tests.Unit.Domain.Analytics.HeatmapBuilderTest" assertions="28" time="0.000751"/>
          <testcase name="test_each_time_window_is_valid with data set #58" file="E:\coupony-backend\tests\Unit\Domain\Analytics\HeatmapBuilderTest.php" line="107" class="Tests\Unit\Domain\Analytics\HeatmapBuilderTest" classname="Tests.Unit.Domain.Analytics.HeatmapBuilderTest" assertions="28" time="0.000339"/>
          <testcase name="test_each_time_window_is_valid with data set #59" file="E:\coupony-backend\tests\Unit\Domain\Analytics\HeatmapBuilderTest.php" line="107" class="Tests\Unit\Domain\Analytics\HeatmapBuilderTest" classname="Tests.Unit.Domain.Analytics.HeatmapBuilderTest" assertions="28" time="0.001230"/>
          <testcase name="test_each_time_window_is_valid with data set #60" file="E:\coupony-backend\tests\Unit\Domain\Analytics\HeatmapBuilderTest.php" line="107" class="Tests\Unit\Domain\Analytics\HeatmapBuilderTest" classname="Tests.Unit.Domain.Analytics.HeatmapBuilderTest" assertions="28" time="0.000271"/>
          <testcase name="test_each_time_window_is_valid with data set #61" file="E:\coupony-backend\tests\Unit\Domain\Analytics\HeatmapBuilderTest.php" line="107" class="Tests\Unit\Domain\Analytics\HeatmapBuilderTest" classname="Tests.Unit.Domain.Analytics.HeatmapBuilderTest" assertions="28" time="0.001005"/>
          <testcase name="test_each_time_window_is_valid with data set #62" file="E:\coupony-backend\tests\Unit\Domain\Analytics\HeatmapBuilderTest.php" line="107" class="Tests\Unit\Domain\Analytics\HeatmapBuilderTest" classname="Tests.Unit.Domain.Analytics.HeatmapBuilderTest" assertions="28" time="0.001244"/>
          <testcase name="test_each_time_window_is_valid with data set #63" file="E:\coupony-backend\tests\Unit\Domain\Analytics\HeatmapBuilderTest.php" line="107" class="Tests\Unit\Domain\Analytics\HeatmapBuilderTest" classname="Tests.Unit.Domain.Analytics.HeatmapBuilderTest" assertions="28" time="0.000522"/>
          <testcase name="test_each_time_window_is_valid with data set #64" file="E:\coupony-backend\tests\Unit\Domain\Analytics\HeatmapBuilderTest.php" line="107" class="Tests\Unit\Domain\Analytics\HeatmapBuilderTest" classname="Tests.Unit.Domain.Analytics.HeatmapBuilderTest" assertions="28" time="0.000984"/>
          <testcase name="test_each_time_window_is_valid with data set #65" file="E:\coupony-backend\tests\Unit\Domain\Analytics\HeatmapBuilderTest.php" line="107" class="Tests\Unit\Domain\Analytics\HeatmapBuilderTest" classname="Tests.Unit.Domain.Analytics.HeatmapBuilderTest" assertions="28" time="0.000733"/>
          <testcase name="test_each_time_window_is_valid with data set #66" file="E:\coupony-backend\tests\Unit\Domain\Analytics\HeatmapBuilderTest.php" line="107" class="Tests\Unit\Domain\Analytics\HeatmapBuilderTest" classname="Tests.Unit.Domain.Analytics.HeatmapBuilderTest" assertions="28" time="0.001032"/>
          <testcase name="test_each_time_window_is_valid with data set #67" file="E:\coupony-backend\tests\Unit\Domain\Analytics\HeatmapBuilderTest.php" line="107" class="Tests\Unit\Domain\Analytics\HeatmapBuilderTest" classname="Tests.Unit.Domain.Analytics.HeatmapBuilderTest" assertions="28" time="0.001172"/>
          <testcase name="test_each_time_window_is_valid with data set #68" file="E:\coupony-backend\tests\Unit\Domain\Analytics\HeatmapBuilderTest.php" line="107" class="Tests\Unit\Domain\Analytics\HeatmapBuilderTest" classname="Tests.Unit.Domain.Analytics.HeatmapBuilderTest" assertions="28" time="0.001148"/>
          <testcase name="test_each_time_window_is_valid with data set #69" file="E:\coupony-backend\tests\Unit\Domain\Analytics\HeatmapBuilderTest.php" line="107" class="Tests\Unit\Domain\Analytics\HeatmapBuilderTest" classname="Tests.Unit.Domain.Analytics.HeatmapBuilderTest" assertions="28" time="0.000461"/>
          <testcase name="test_each_time_window_is_valid with data set #70" file="E:\coupony-backend\tests\Unit\Domain\Analytics\HeatmapBuilderTest.php" line="107" class="Tests\Unit\Domain\Analytics\HeatmapBuilderTest" classname="Tests.Unit.Domain.Analytics.HeatmapBuilderTest" assertions="28" time="0.000249"/>
          <testcase name="test_each_time_window_is_valid with data set #71" file="E:\coupony-backend\tests\Unit\Domain\Analytics\HeatmapBuilderTest.php" line="107" class="Tests\Unit\Domain\Analytics\HeatmapBuilderTest" classname="Tests.Unit.Domain.Analytics.HeatmapBuilderTest" assertions="28" time="0.000581"/>
          <testcase name="test_each_time_window_is_valid with data set #72" file="E:\coupony-backend\tests\Unit\Domain\Analytics\HeatmapBuilderTest.php" line="107" class="Tests\Unit\Domain\Analytics\HeatmapBuilderTest" classname="Tests.Unit.Domain.Analytics.HeatmapBuilderTest" assertions="28" time="0.000345"/>
          <testcase name="test_each_time_window_is_valid with data set #73" file="E:\coupony-backend\tests\Unit\Domain\Analytics\HeatmapBuilderTest.php" line="107" class="Tests\Unit\Domain\Analytics\HeatmapBuilderTest" classname="Tests.Unit.Domain.Analytics.HeatmapBuilderTest" assertions="28" time="0.001932"/>
          <testcase name="test_each_time_window_is_valid with data set #74" file="E:\coupony-backend\tests\Unit\Domain\Analytics\HeatmapBuilderTest.php" line="107" class="Tests\Unit\Domain\Analytics\HeatmapBuilderTest" classname="Tests.Unit.Domain.Analytics.HeatmapBuilderTest" assertions="28" time="0.000768"/>
          <testcase name="test_each_time_window_is_valid with data set #75" file="E:\coupony-backend\tests\Unit\Domain\Analytics\HeatmapBuilderTest.php" line="107" class="Tests\Unit\Domain\Analytics\HeatmapBuilderTest" classname="Tests.Unit.Domain.Analytics.HeatmapBuilderTest" assertions="28" time="0.002491"/>
          <testcase name="test_each_time_window_is_valid with data set #76" file="E:\coupony-backend\tests\Unit\Domain\Analytics\HeatmapBuilderTest.php" line="107" class="Tests\Unit\Domain\Analytics\HeatmapBuilderTest" classname="Tests.Unit.Domain.Analytics.HeatmapBuilderTest" assertions="28" time="0.000954"/>
          <testcase name="test_each_time_window_is_valid with data set #77" file="E:\coupony-backend\tests\Unit\Domain\Analytics\HeatmapBuilderTest.php" line="107" class="Tests\Unit\Domain\Analytics\HeatmapBuilderTest" classname="Tests.Unit.Domain.Analytics.HeatmapBuilderTest" assertions="28" time="0.000357"/>
          <testcase name="test_each_time_window_is_valid with data set #78" file="E:\coupony-backend\tests\Unit\Domain\Analytics\HeatmapBuilderTest.php" line="107" class="Tests\Unit\Domain\Analytics\HeatmapBuilderTest" classname="Tests.Unit.Domain.Analytics.HeatmapBuilderTest" assertions="28" time="0.000899"/>
          <testcase name="test_each_time_window_is_valid with data set #79" file="E:\coupony-backend\tests\Unit\Domain\Analytics\HeatmapBuilderTest.php" line="107" class="Tests\Unit\Domain\Analytics\HeatmapBuilderTest" classname="Tests.Unit.Domain.Analytics.HeatmapBuilderTest" assertions="28" time="0.000739"/>
          <testcase name="test_each_time_window_is_valid with data set #80" file="E:\coupony-backend\tests\Unit\Domain\Analytics\HeatmapBuilderTest.php" line="107" class="Tests\Unit\Domain\Analytics\HeatmapBuilderTest" classname="Tests.Unit.Domain.Analytics.HeatmapBuilderTest" assertions="28" time="0.001267"/>
          <testcase name="test_each_time_window_is_valid with data set #81" file="E:\coupony-backend\tests\Unit\Domain\Analytics\HeatmapBuilderTest.php" line="107" class="Tests\Unit\Domain\Analytics\HeatmapBuilderTest" classname="Tests.Unit.Domain.Analytics.HeatmapBuilderTest" assertions="28" time="0.000180"/>
          <testcase name="test_each_time_window_is_valid with data set #82" file="E:\coupony-backend\tests\Unit\Domain\Analytics\HeatmapBuilderTest.php" line="107" class="Tests\Unit\Domain\Analytics\HeatmapBuilderTest" classname="Tests.Unit.Domain.Analytics.HeatmapBuilderTest" assertions="28" time="0.000964"/>
          <testcase name="test_each_time_window_is_valid with data set #83" file="E:\coupony-backend\tests\Unit\Domain\Analytics\HeatmapBuilderTest.php" line="107" class="Tests\Unit\Domain\Analytics\HeatmapBuilderTest" classname="Tests.Unit.Domain.Analytics.HeatmapBuilderTest" assertions="28" time="0.000154"/>
          <testcase name="test_each_time_window_is_valid with data set #84" file="E:\coupony-backend\tests\Unit\Domain\Analytics\HeatmapBuilderTest.php" line="107" class="Tests\Unit\Domain\Analytics\HeatmapBuilderTest" classname="Tests.Unit.Domain.Analytics.HeatmapBuilderTest" assertions="28" time="0.000651"/>
          <testcase name="test_each_time_window_is_valid with data set #85" file="E:\coupony-backend\tests\Unit\Domain\Analytics\HeatmapBuilderTest.php" line="107" class="Tests\Unit\Domain\Analytics\HeatmapBuilderTest" classname="Tests.Unit.Domain.Analytics.HeatmapBuilderTest" assertions="28" time="0.000437"/>
          <testcase name="test_each_time_window_is_valid with data set #86" file="E:\coupony-backend\tests\Unit\Domain\Analytics\HeatmapBuilderTest.php" line="107" class="Tests\Unit\Domain\Analytics\HeatmapBuilderTest" classname="Tests.Unit.Domain.Analytics.HeatmapBuilderTest" assertions="28" time="0.001274"/>
          <testcase name="test_each_time_window_is_valid with data set #87" file="E:\coupony-backend\tests\Unit\Domain\Analytics\HeatmapBuilderTest.php" line="107" class="Tests\Unit\Domain\Analytics\HeatmapBuilderTest" classname="Tests.Unit.Domain.Analytics.HeatmapBuilderTest" assertions="28" time="0.001424"/>
          <testcase name="test_each_time_window_is_valid with data set #88" file="E:\coupony-backend\tests\Unit\Domain\Analytics\HeatmapBuilderTest.php" line="107" class="Tests\Unit\Domain\Analytics\HeatmapBuilderTest" classname="Tests.Unit.Domain.Analytics.HeatmapBuilderTest" assertions="28" time="0.000994"/>
          <testcase name="test_each_time_window_is_valid with data set #89" file="E:\coupony-backend\tests\Unit\Domain\Analytics\HeatmapBuilderTest.php" line="107" class="Tests\Unit\Domain\Analytics\HeatmapBuilderTest" classname="Tests.Unit.Domain.Analytics.HeatmapBuilderTest" assertions="28" time="0.000372"/>
          <testcase name="test_each_time_window_is_valid with data set #90" file="E:\coupony-backend\tests\Unit\Domain\Analytics\HeatmapBuilderTest.php" line="107" class="Tests\Unit\Domain\Analytics\HeatmapBuilderTest" classname="Tests.Unit.Domain.Analytics.HeatmapBuilderTest" assertions="28" time="0.000140"/>
          <testcase name="test_each_time_window_is_valid with data set #91" file="E:\coupony-backend\tests\Unit\Domain\Analytics\HeatmapBuilderTest.php" line="107" class="Tests\Unit\Domain\Analytics\HeatmapBuilderTest" classname="Tests.Unit.Domain.Analytics.HeatmapBuilderTest" assertions="28" time="0.000452"/>
          <testcase name="test_each_time_window_is_valid with data set #92" file="E:\coupony-backend\tests\Unit\Domain\Analytics\HeatmapBuilderTest.php" line="107" class="Tests\Unit\Domain\Analytics\HeatmapBuilderTest" classname="Tests.Unit.Domain.Analytics.HeatmapBuilderTest" assertions="28" time="0.001400"/>
          <testcase name="test_each_time_window_is_valid with data set #93" file="E:\coupony-backend\tests\Unit\Domain\Analytics\HeatmapBuilderTest.php" line="107" class="Tests\Unit\Domain\Analytics\HeatmapBuilderTest" classname="Tests.Unit.Domain.Analytics.HeatmapBuilderTest" assertions="28" time="0.000919"/>
          <testcase name="test_each_time_window_is_valid with data set #94" file="E:\coupony-backend\tests\Unit\Domain\Analytics\HeatmapBuilderTest.php" line="107" class="Tests\Unit\Domain\Analytics\HeatmapBuilderTest" classname="Tests.Unit.Domain.Analytics.HeatmapBuilderTest" assertions="28" time="0.000993"/>
          <testcase name="test_each_time_window_is_valid with data set #95" file="E:\coupony-backend\tests\Unit\Domain\Analytics\HeatmapBuilderTest.php" line="107" class="Tests\Unit\Domain\Analytics\HeatmapBuilderTest" classname="Tests.Unit.Domain.Analytics.HeatmapBuilderTest" assertions="28" time="0.000453"/>
          <testcase name="test_each_time_window_is_valid with data set #96" file="E:\coupony-backend\tests\Unit\Domain\Analytics\HeatmapBuilderTest.php" line="107" class="Tests\Unit\Domain\Analytics\HeatmapBuilderTest" classname="Tests.Unit.Domain.Analytics.HeatmapBuilderTest" assertions="28" time="0.000434"/>
          <testcase name="test_each_time_window_is_valid with data set #97" file="E:\coupony-backend\tests\Unit\Domain\Analytics\HeatmapBuilderTest.php" line="107" class="Tests\Unit\Domain\Analytics\HeatmapBuilderTest" classname="Tests.Unit.Domain.Analytics.HeatmapBuilderTest" assertions="28" time="0.001458"/>
          <testcase name="test_each_time_window_is_valid with data set #98" file="E:\coupony-backend\tests\Unit\Domain\Analytics\HeatmapBuilderTest.php" line="107" class="Tests\Unit\Domain\Analytics\HeatmapBuilderTest" classname="Tests.Unit.Domain.Analytics.HeatmapBuilderTest" assertions="28" time="0.000440"/>
          <testcase name="test_each_time_window_is_valid with data set #99" file="E:\coupony-backend\tests\Unit\Domain\Analytics\HeatmapBuilderTest.php" line="107" class="Tests\Unit\Domain\Analytics\HeatmapBuilderTest" classname="Tests.Unit.Domain.Analytics.HeatmapBuilderTest" assertions="28" time="0.000692"/>
        </testsuite>
        <testsuite name="Tests\Unit\Domain\Analytics\HeatmapBuilderTest::test_each_count_is_a_non_negative_integer" tests="100" assertions="8400" errors="0" failures="0" skipped="0" time="0.099017">
          <testcase name="test_each_count_is_a_non_negative_integer with data set #0" file="E:\coupony-backend\tests\Unit\Domain\Analytics\HeatmapBuilderTest.php" line="121" class="Tests\Unit\Domain\Analytics\HeatmapBuilderTest" classname="Tests.Unit.Domain.Analytics.HeatmapBuilderTest" assertions="84" time="0.001540"/>
          <testcase name="test_each_count_is_a_non_negative_integer with data set #1" file="E:\coupony-backend\tests\Unit\Domain\Analytics\HeatmapBuilderTest.php" line="121" class="Tests\Unit\Domain\Analytics\HeatmapBuilderTest" classname="Tests.Unit.Domain.Analytics.HeatmapBuilderTest" assertions="84" time="0.000654"/>
          <testcase name="test_each_count_is_a_non_negative_integer with data set #2" file="E:\coupony-backend\tests\Unit\Domain\Analytics\HeatmapBuilderTest.php" line="121" class="Tests\Unit\Domain\Analytics\HeatmapBuilderTest" classname="Tests.Unit.Domain.Analytics.HeatmapBuilderTest" assertions="84" time="0.000762"/>
          <testcase name="test_each_count_is_a_non_negative_integer with data set #3" file="E:\coupony-backend\tests\Unit\Domain\Analytics\HeatmapBuilderTest.php" line="121" class="Tests\Unit\Domain\Analytics\HeatmapBuilderTest" classname="Tests.Unit.Domain.Analytics.HeatmapBuilderTest" assertions="84" time="0.001262"/>
          <testcase name="test_each_count_is_a_non_negative_integer with data set #4" file="E:\coupony-backend\tests\Unit\Domain\Analytics\HeatmapBuilderTest.php" line="121" class="Tests\Unit\Domain\Analytics\HeatmapBuilderTest" classname="Tests.Unit.Domain.Analytics.HeatmapBuilderTest" assertions="84" time="0.001259"/>
          <testcase name="test_each_count_is_a_non_negative_integer with data set #5" file="E:\coupony-backend\tests\Unit\Domain\Analytics\HeatmapBuilderTest.php" line="121" class="Tests\Unit\Domain\Analytics\HeatmapBuilderTest" classname="Tests.Unit.Domain.Analytics.HeatmapBuilderTest" assertions="84" time="0.001364"/>
          <testcase name="test_each_count_is_a_non_negative_integer with data set #6" file="E:\coupony-backend\tests\Unit\Domain\Analytics\HeatmapBuilderTest.php" line="121" class="Tests\Unit\Domain\Analytics\HeatmapBuilderTest" classname="Tests.Unit.Domain.Analytics.HeatmapBuilderTest" assertions="84" time="0.000735"/>
          <testcase name="test_each_count_is_a_non_negative_integer with data set #7" file="E:\coupony-backend\tests\Unit\Domain\Analytics\HeatmapBuilderTest.php" line="121" class="Tests\Unit\Domain\Analytics\HeatmapBuilderTest" classname="Tests.Unit.Domain.Analytics.HeatmapBuilderTest" assertions="84" time="0.001470"/>
          <testcase name="test_each_count_is_a_non_negative_integer with data set #8" file="E:\coupony-backend\tests\Unit\Domain\Analytics\HeatmapBuilderTest.php" line="121" class="Tests\Unit\Domain\Analytics\HeatmapBuilderTest" classname="Tests.Unit.Domain.Analytics.HeatmapBuilderTest" assertions="84" time="0.001954"/>
          <testcase name="test_each_count_is_a_non_negative_integer with data set #9" file="E:\coupony-backend\tests\Unit\Domain\Analytics\HeatmapBuilderTest.php" line="121" class="Tests\Unit\Domain\Analytics\HeatmapBuilderTest" classname="Tests.Unit.Domain.Analytics.HeatmapBuilderTest" assertions="84" time="0.000826"/>
          <testcase name="test_each_count_is_a_non_negative_integer with data set #10" file="E:\coupony-backend\tests\Unit\Domain\Analytics\HeatmapBuilderTest.php" line="121" class="Tests\Unit\Domain\Analytics\HeatmapBuilderTest" classname="Tests.Unit.Domain.Analytics.HeatmapBuilderTest" assertions="84" time="0.000825"/>
          <testcase name="test_each_count_is_a_non_negative_integer with data set #11" file="E:\coupony-backend\tests\Unit\Domain\Analytics\HeatmapBuilderTest.php" line="121" class="Tests\Unit\Domain\Analytics\HeatmapBuilderTest" classname="Tests.Unit.Domain.Analytics.HeatmapBuilderTest" assertions="84" time="0.001202"/>
          <testcase name="test_each_count_is_a_non_negative_integer with data set #12" file="E:\coupony-backend\tests\Unit\Domain\Analytics\HeatmapBuilderTest.php" line="121" class="Tests\Unit\Domain\Analytics\HeatmapBuilderTest" classname="Tests.Unit.Domain.Analytics.HeatmapBuilderTest" assertions="84" time="0.000287"/>
          <testcase name="test_each_count_is_a_non_negative_integer with data set #13" file="E:\coupony-backend\tests\Unit\Domain\Analytics\HeatmapBuilderTest.php" line="121" class="Tests\Unit\Domain\Analytics\HeatmapBuilderTest" classname="Tests.Unit.Domain.Analytics.HeatmapBuilderTest" assertions="84" time="0.000816"/>
          <testcase name="test_each_count_is_a_non_negative_integer with data set #14" file="E:\coupony-backend\tests\Unit\Domain\Analytics\HeatmapBuilderTest.php" line="121" class="Tests\Unit\Domain\Analytics\HeatmapBuilderTest" classname="Tests.Unit.Domain.Analytics.HeatmapBuilderTest" assertions="84" time="0.001404"/>
          <testcase name="test_each_count_is_a_non_negative_integer with data set #15" file="E:\coupony-backend\tests\Unit\Domain\Analytics\HeatmapBuilderTest.php" line="121" class="Tests\Unit\Domain\Analytics\HeatmapBuilderTest" classname="Tests.Unit.Domain.Analytics.HeatmapBuilderTest" assertions="84" time="0.001112"/>
          <testcase name="test_each_count_is_a_non_negative_integer with data set #16" file="E:\coupony-backend\tests\Unit\Domain\Analytics\HeatmapBuilderTest.php" line="121" class="Tests\Unit\Domain\Analytics\HeatmapBuilderTest" classname="Tests.Unit.Domain.Analytics.HeatmapBuilderTest" assertions="84" time="0.001222"/>
          <testcase name="test_each_count_is_a_non_negative_integer with data set #17" file="E:\coupony-backend\tests\Unit\Domain\Analytics\HeatmapBuilderTest.php" line="121" class="Tests\Unit\Domain\Analytics\HeatmapBuilderTest" classname="Tests.Unit.Domain.Analytics.HeatmapBuilderTest" assertions="84" time="0.000585"/>
          <testcase name="test_each_count_is_a_non_negative_integer with data set #18" file="E:\coupony-backend\tests\Unit\Domain\Analytics\HeatmapBuilderTest.php" line="121" class="Tests\Unit\Domain\Analytics\HeatmapBuilderTest" classname="Tests.Unit.Domain.Analytics.HeatmapBuilderTest" assertions="84" time="0.000818"/>
          <testcase name="test_each_count_is_a_non_negative_integer with data set #19" file="E:\coupony-backend\tests\Unit\Domain\Analytics\HeatmapBuilderTest.php" line="121" class="Tests\Unit\Domain\Analytics\HeatmapBuilderTest" classname="Tests.Unit.Domain.Analytics.HeatmapBuilderTest" assertions="84" time="0.002004"/>
          <testcase name="test_each_count_is_a_non_negative_integer with data set #20" file="E:\coupony-backend\tests\Unit\Domain\Analytics\HeatmapBuilderTest.php" line="121" class="Tests\Unit\Domain\Analytics\HeatmapBuilderTest" classname="Tests.Unit.Domain.Analytics.HeatmapBuilderTest" assertions="84" time="0.001342"/>
          <testcase name="test_each_count_is_a_non_negative_integer with data set #21" file="E:\coupony-backend\tests\Unit\Domain\Analytics\HeatmapBuilderTest.php" line="121" class="Tests\Unit\Domain\Analytics\HeatmapBuilderTest" classname="Tests.Unit.Domain.Analytics.HeatmapBuilderTest" assertions="84" time="0.001500"/>
          <testcase name="test_each_count_is_a_non_negative_integer with data set #22" file="E:\coupony-backend\tests\Unit\Domain\Analytics\HeatmapBuilderTest.php" line="121" class="Tests\Unit\Domain\Analytics\HeatmapBuilderTest" classname="Tests.Unit.Domain.Analytics.HeatmapBuilderTest" assertions="84" time="0.000241"/>
          <testcase name="test_each_count_is_a_non_negative_integer with data set #23" file="E:\coupony-backend\tests\Unit\Domain\Analytics\HeatmapBuilderTest.php" line="121" class="Tests\Unit\Domain\Analytics\HeatmapBuilderTest" classname="Tests.Unit.Domain.Analytics.HeatmapBuilderTest" assertions="84" time="0.000883"/>
          <testcase name="test_each_count_is_a_non_negative_integer with data set #24" file="E:\coupony-backend\tests\Unit\Domain\Analytics\HeatmapBuilderTest.php" line="121" class="Tests\Unit\Domain\Analytics\HeatmapBuilderTest" classname="Tests.Unit.Domain.Analytics.HeatmapBuilderTest" assertions="84" time="0.000597"/>
          <testcase name="test_each_count_is_a_non_negative_integer with data set #25" file="E:\coupony-backend\tests\Unit\Domain\Analytics\HeatmapBuilderTest.php" line="121" class="Tests\Unit\Domain\Analytics\HeatmapBuilderTest" classname="Tests.Unit.Domain.Analytics.HeatmapBuilderTest" assertions="84" time="0.000502"/>
          <testcase name="test_each_count_is_a_non_negative_integer with data set #26" file="E:\coupony-backend\tests\Unit\Domain\Analytics\HeatmapBuilderTest.php" line="121" class="Tests\Unit\Domain\Analytics\HeatmapBuilderTest" classname="Tests.Unit.Domain.Analytics.HeatmapBuilderTest" assertions="84" time="0.000696"/>
          <testcase name="test_each_count_is_a_non_negative_integer with data set #27" file="E:\coupony-backend\tests\Unit\Domain\Analytics\HeatmapBuilderTest.php" line="121" class="Tests\Unit\Domain\Analytics\HeatmapBuilderTest" classname="Tests.Unit.Domain.Analytics.HeatmapBuilderTest" assertions="84" time="0.000248"/>
          <testcase name="test_each_count_is_a_non_negative_integer with data set #28" file="E:\coupony-backend\tests\Unit\Domain\Analytics\HeatmapBuilderTest.php" line="121" class="Tests\Unit\Domain\Analytics\HeatmapBuilderTest" classname="Tests.Unit.Domain.Analytics.HeatmapBuilderTest" assertions="84" time="0.000564"/>
          <testcase name="test_each_count_is_a_non_negative_integer with data set #29" file="E:\coupony-backend\tests\Unit\Domain\Analytics\HeatmapBuilderTest.php" line="121" class="Tests\Unit\Domain\Analytics\HeatmapBuilderTest" classname="Tests.Unit.Domain.Analytics.HeatmapBuilderTest" assertions="84" time="0.000575"/>
          <testcase name="test_each_count_is_a_non_negative_integer with data set #30" file="E:\coupony-backend\tests\Unit\Domain\Analytics\HeatmapBuilderTest.php" line="121" class="Tests\Unit\Domain\Analytics\HeatmapBuilderTest" classname="Tests.Unit.Domain.Analytics.HeatmapBuilderTest" assertions="84" time="0.000874"/>
          <testcase name="test_each_count_is_a_non_negative_integer with data set #31" file="E:\coupony-backend\tests\Unit\Domain\Analytics\HeatmapBuilderTest.php" line="121" class="Tests\Unit\Domain\Analytics\HeatmapBuilderTest" classname="Tests.Unit.Domain.Analytics.HeatmapBuilderTest" assertions="84" time="0.000168"/>
          <testcase name="test_each_count_is_a_non_negative_integer with data set #32" file="E:\coupony-backend\tests\Unit\Domain\Analytics\HeatmapBuilderTest.php" line="121" class="Tests\Unit\Domain\Analytics\HeatmapBuilderTest" classname="Tests.Unit.Domain.Analytics.HeatmapBuilderTest" assertions="84" time="0.001547"/>
          <testcase name="test_each_count_is_a_non_negative_integer with data set #33" file="E:\coupony-backend\tests\Unit\Domain\Analytics\HeatmapBuilderTest.php" line="121" class="Tests\Unit\Domain\Analytics\HeatmapBuilderTest" classname="Tests.Unit.Domain.Analytics.HeatmapBuilderTest" assertions="84" time="0.001442"/>
          <testcase name="test_each_count_is_a_non_negative_integer with data set #34" file="E:\coupony-backend\tests\Unit\Domain\Analytics\HeatmapBuilderTest.php" line="121" class="Tests\Unit\Domain\Analytics\HeatmapBuilderTest" classname="Tests.Unit.Domain.Analytics.HeatmapBuilderTest" assertions="84" time="0.000285"/>
          <testcase name="test_each_count_is_a_non_negative_integer with data set #35" file="E:\coupony-backend\tests\Unit\Domain\Analytics\HeatmapBuilderTest.php" line="121" class="Tests\Unit\Domain\Analytics\HeatmapBuilderTest" classname="Tests.Unit.Domain.Analytics.HeatmapBuilderTest" assertions="84" time="0.001171"/>
          <testcase name="test_each_count_is_a_non_negative_integer with data set #36" file="E:\coupony-backend\tests\Unit\Domain\Analytics\HeatmapBuilderTest.php" line="121" class="Tests\Unit\Domain\Analytics\HeatmapBuilderTest" classname="Tests.Unit.Domain.Analytics.HeatmapBuilderTest" assertions="84" time="0.001017"/>
          <testcase name="test_each_count_is_a_non_negative_integer with data set #37" file="E:\coupony-backend\tests\Unit\Domain\Analytics\HeatmapBuilderTest.php" line="121" class="Tests\Unit\Domain\Analytics\HeatmapBuilderTest" classname="Tests.Unit.Domain.Analytics.HeatmapBuilderTest" assertions="84" time="0.000342"/>
          <testcase name="test_each_count_is_a_non_negative_integer with data set #38" file="E:\coupony-backend\tests\Unit\Domain\Analytics\HeatmapBuilderTest.php" line="121" class="Tests\Unit\Domain\Analytics\HeatmapBuilderTest" classname="Tests.Unit.Domain.Analytics.HeatmapBuilderTest" assertions="84" time="0.001525"/>
          <testcase name="test_each_count_is_a_non_negative_integer with data set #39" file="E:\coupony-backend\tests\Unit\Domain\Analytics\HeatmapBuilderTest.php" line="121" class="Tests\Unit\Domain\Analytics\HeatmapBuilderTest" classname="Tests.Unit.Domain.Analytics.HeatmapBuilderTest" assertions="84" time="0.001454"/>
          <testcase name="test_each_count_is_a_non_negative_integer with data set #40" file="E:\coupony-backend\tests\Unit\Domain\Analytics\HeatmapBuilderTest.php" line="121" class="Tests\Unit\Domain\Analytics\HeatmapBuilderTest" classname="Tests.Unit.Domain.Analytics.HeatmapBuilderTest" assertions="84" time="0.001153"/>
          <testcase name="test_each_count_is_a_non_negative_integer with data set #41" file="E:\coupony-backend\tests\Unit\Domain\Analytics\HeatmapBuilderTest.php" line="121" class="Tests\Unit\Domain\Analytics\HeatmapBuilderTest" classname="Tests.Unit.Domain.Analytics.HeatmapBuilderTest" assertions="84" time="0.000786"/>
          <testcase name="test_each_count_is_a_non_negative_integer with data set #42" file="E:\coupony-backend\tests\Unit\Domain\Analytics\HeatmapBuilderTest.php" line="121" class="Tests\Unit\Domain\Analytics\HeatmapBuilderTest" classname="Tests.Unit.Domain.Analytics.HeatmapBuilderTest" assertions="84" time="0.001304"/>
          <testcase name="test_each_count_is_a_non_negative_integer with data set #43" file="E:\coupony-backend\tests\Unit\Domain\Analytics\HeatmapBuilderTest.php" line="121" class="Tests\Unit\Domain\Analytics\HeatmapBuilderTest" classname="Tests.Unit.Domain.Analytics.HeatmapBuilderTest" assertions="84" time="0.001115"/>
          <testcase name="test_each_count_is_a_non_negative_integer with data set #44" file="E:\coupony-backend\tests\Unit\Domain\Analytics\HeatmapBuilderTest.php" line="121" class="Tests\Unit\Domain\Analytics\HeatmapBuilderTest" classname="Tests.Unit.Domain.Analytics.HeatmapBuilderTest" assertions="84" time="0.001777"/>
          <testcase name="test_each_count_is_a_non_negative_integer with data set #45" file="E:\coupony-backend\tests\Unit\Domain\Analytics\HeatmapBuilderTest.php" line="121" class="Tests\Unit\Domain\Analytics\HeatmapBuilderTest" classname="Tests.Unit.Domain.Analytics.HeatmapBuilderTest" assertions="84" time="0.000997"/>
          <testcase name="test_each_count_is_a_non_negative_integer with data set #46" file="E:\coupony-backend\tests\Unit\Domain\Analytics\HeatmapBuilderTest.php" line="121" class="Tests\Unit\Domain\Analytics\HeatmapBuilderTest" classname="Tests.Unit.Domain.Analytics.HeatmapBuilderTest" assertions="84" time="0.000880"/>
          <testcase name="test_each_count_is_a_non_negative_integer with data set #47" file="E:\coupony-backend\tests\Unit\Domain\Analytics\HeatmapBuilderTest.php" line="121" class="Tests\Unit\Domain\Analytics\HeatmapBuilderTest" classname="Tests.Unit.Domain.Analytics.HeatmapBuilderTest" assertions="84" time="0.000318"/>
          <testcase name="test_each_count_is_a_non_negative_integer with data set #48" file="E:\coupony-backend\tests\Unit\Domain\Analytics\HeatmapBuilderTest.php" line="121" class="Tests\Unit\Domain\Analytics\HeatmapBuilderTest" classname="Tests.Unit.Domain.Analytics.HeatmapBuilderTest" assertions="84" time="0.000272"/>
          <testcase name="test_each_count_is_a_non_negative_integer with data set #49" file="E:\coupony-backend\tests\Unit\Domain\Analytics\HeatmapBuilderTest.php" line="121" class="Tests\Unit\Domain\Analytics\HeatmapBuilderTest" classname="Tests.Unit.Domain.Analytics.HeatmapBuilderTest" assertions="84" time="0.000409"/>
          <testcase name="test_each_count_is_a_non_negative_integer with data set #50" file="E:\coupony-backend\tests\Unit\Domain\Analytics\HeatmapBuilderTest.php" line="121" class="Tests\Unit\Domain\Analytics\HeatmapBuilderTest" classname="Tests.Unit.Domain.Analytics.HeatmapBuilderTest" assertions="84" time="0.001270"/>
          <testcase name="test_each_count_is_a_non_negative_integer with data set #51" file="E:\coupony-backend\tests\Unit\Domain\Analytics\HeatmapBuilderTest.php" line="121" class="Tests\Unit\Domain\Analytics\HeatmapBuilderTest" classname="Tests.Unit.Domain.Analytics.HeatmapBuilderTest" assertions="84" time="0.001080"/>
          <testcase name="test_each_count_is_a_non_negative_integer with data set #52" file="E:\coupony-backend\tests\Unit\Domain\Analytics\HeatmapBuilderTest.php" line="121" class="Tests\Unit\Domain\Analytics\HeatmapBuilderTest" classname="Tests.Unit.Domain.Analytics.HeatmapBuilderTest" assertions="84" time="0.001558"/>
          <testcase name="test_each_count_is_a_non_negative_integer with data set #53" file="E:\coupony-backend\tests\Unit\Domain\Analytics\HeatmapBuilderTest.php" line="121" class="Tests\Unit\Domain\Analytics\HeatmapBuilderTest" classname="Tests.Unit.Domain.Analytics.HeatmapBuilderTest" assertions="84" time="0.001455"/>
          <testcase name="test_each_count_is_a_non_negative_integer with data set #54" file="E:\coupony-backend\tests\Unit\Domain\Analytics\HeatmapBuilderTest.php" line="121" class="Tests\Unit\Domain\Analytics\HeatmapBuilderTest" classname="Tests.Unit.Domain.Analytics.HeatmapBuilderTest" assertions="84" time="0.001368"/>
          <testcase name="test_each_count_is_a_non_negative_integer with data set #55" file="E:\coupony-backend\tests\Unit\Domain\Analytics\HeatmapBuilderTest.php" line="121" class="Tests\Unit\Domain\Analytics\HeatmapBuilderTest" classname="Tests.Unit.Domain.Analytics.HeatmapBuilderTest" assertions="84" time="0.001289"/>
          <testcase name="test_each_count_is_a_non_negative_integer with data set #56" file="E:\coupony-backend\tests\Unit\Domain\Analytics\HeatmapBuilderTest.php" line="121" class="Tests\Unit\Domain\Analytics\HeatmapBuilderTest" classname="Tests.Unit.Domain.Analytics.HeatmapBuilderTest" assertions="84" time="0.000464"/>
          <testcase name="test_each_count_is_a_non_negative_integer with data set #57" file="E:\coupony-backend\tests\Unit\Domain\Analytics\HeatmapBuilderTest.php" line="121" class="Tests\Unit\Domain\Analytics\HeatmapBuilderTest" classname="Tests.Unit.Domain.Analytics.HeatmapBuilderTest" assertions="84" time="0.000945"/>
          <testcase name="test_each_count_is_a_non_negative_integer with data set #58" file="E:\coupony-backend\tests\Unit\Domain\Analytics\HeatmapBuilderTest.php" line="121" class="Tests\Unit\Domain\Analytics\HeatmapBuilderTest" classname="Tests.Unit.Domain.Analytics.HeatmapBuilderTest" assertions="84" time="0.000431"/>
          <testcase name="test_each_count_is_a_non_negative_integer with data set #59" file="E:\coupony-backend\tests\Unit\Domain\Analytics\HeatmapBuilderTest.php" line="121" class="Tests\Unit\Domain\Analytics\HeatmapBuilderTest" classname="Tests.Unit.Domain.Analytics.HeatmapBuilderTest" assertions="84" time="0.000331"/>
          <testcase name="test_each_count_is_a_non_negative_integer with data set #60" file="E:\coupony-backend\tests\Unit\Domain\Analytics\HeatmapBuilderTest.php" line="121" class="Tests\Unit\Domain\Analytics\HeatmapBuilderTest" classname="Tests.Unit.Domain.Analytics.HeatmapBuilderTest" assertions="84" time="0.000402"/>
          <testcase name="test_each_count_is_a_non_negative_integer with data set #61" file="E:\coupony-backend\tests\Unit\Domain\Analytics\HeatmapBuilderTest.php" line="121" class="Tests\Unit\Domain\Analytics\HeatmapBuilderTest" classname="Tests.Unit.Domain.Analytics.HeatmapBuilderTest" assertions="84" time="0.001329"/>
          <testcase name="test_each_count_is_a_non_negative_integer with data set #62" file="E:\coupony-backend\tests\Unit\Domain\Analytics\HeatmapBuilderTest.php" line="121" class="Tests\Unit\Domain\Analytics\HeatmapBuilderTest" classname="Tests.Unit.Domain.Analytics.HeatmapBuilderTest" assertions="84" time="0.001588"/>
          <testcase name="test_each_count_is_a_non_negative_integer with data set #63" file="E:\coupony-backend\tests\Unit\Domain\Analytics\HeatmapBuilderTest.php" line="121" class="Tests\Unit\Domain\Analytics\HeatmapBuilderTest" classname="Tests.Unit.Domain.Analytics.HeatmapBuilderTest" assertions="84" time="0.000799"/>
          <testcase name="test_each_count_is_a_non_negative_integer with data set #64" file="E:\coupony-backend\tests\Unit\Domain\Analytics\HeatmapBuilderTest.php" line="121" class="Tests\Unit\Domain\Analytics\HeatmapBuilderTest" classname="Tests.Unit.Domain.Analytics.HeatmapBuilderTest" assertions="84" time="0.000708"/>
          <testcase name="test_each_count_is_a_non_negative_integer with data set #65" file="E:\coupony-backend\tests\Unit\Domain\Analytics\HeatmapBuilderTest.php" line="121" class="Tests\Unit\Domain\Analytics\HeatmapBuilderTest" classname="Tests.Unit.Domain.Analytics.HeatmapBuilderTest" assertions="84" time="0.000195"/>
          <testcase name="test_each_count_is_a_non_negative_integer with data set #66" file="E:\coupony-backend\tests\Unit\Domain\Analytics\HeatmapBuilderTest.php" line="121" class="Tests\Unit\Domain\Analytics\HeatmapBuilderTest" classname="Tests.Unit.Domain.Analytics.HeatmapBuilderTest" assertions="84" time="0.000743"/>
          <testcase name="test_each_count_is_a_non_negative_integer with data set #67" file="E:\coupony-backend\tests\Unit\Domain\Analytics\HeatmapBuilderTest.php" line="121" class="Tests\Unit\Domain\Analytics\HeatmapBuilderTest" classname="Tests.Unit.Domain.Analytics.HeatmapBuilderTest" assertions="84" time="0.000500"/>
          <testcase name="test_each_count_is_a_non_negative_integer with data set #68" file="E:\coupony-backend\tests\Unit\Domain\Analytics\HeatmapBuilderTest.php" line="121" class="Tests\Unit\Domain\Analytics\HeatmapBuilderTest" classname="Tests.Unit.Domain.Analytics.HeatmapBuilderTest" assertions="84" time="0.000983"/>
          <testcase name="test_each_count_is_a_non_negative_integer with data set #69" file="E:\coupony-backend\tests\Unit\Domain\Analytics\HeatmapBuilderTest.php" line="121" class="Tests\Unit\Domain\Analytics\HeatmapBuilderTest" classname="Tests.Unit.Domain.Analytics.HeatmapBuilderTest" assertions="84" time="0.000639"/>
          <testcase name="test_each_count_is_a_non_negative_integer with data set #70" file="E:\coupony-backend\tests\Unit\Domain\Analytics\HeatmapBuilderTest.php" line="121" class="Tests\Unit\Domain\Analytics\HeatmapBuilderTest" classname="Tests.Unit.Domain.Analytics.HeatmapBuilderTest" assertions="84" time="0.002464"/>
          <testcase name="test_each_count_is_a_non_negative_integer with data set #71" file="E:\coupony-backend\tests\Unit\Domain\Analytics\HeatmapBuilderTest.php" line="121" class="Tests\Unit\Domain\Analytics\HeatmapBuilderTest" classname="Tests.Unit.Domain.Analytics.HeatmapBuilderTest" assertions="84" time="0.001610"/>
          <testcase name="test_each_count_is_a_non_negative_integer with data set #72" file="E:\coupony-backend\tests\Unit\Domain\Analytics\HeatmapBuilderTest.php" line="121" class="Tests\Unit\Domain\Analytics\HeatmapBuilderTest" classname="Tests.Unit.Domain.Analytics.HeatmapBuilderTest" assertions="84" time="0.000648"/>
          <testcase name="test_each_count_is_a_non_negative_integer with data set #73" file="E:\coupony-backend\tests\Unit\Domain\Analytics\HeatmapBuilderTest.php" line="121" class="Tests\Unit\Domain\Analytics\HeatmapBuilderTest" classname="Tests.Unit.Domain.Analytics.HeatmapBuilderTest" assertions="84" time="0.001552"/>
          <testcase name="test_each_count_is_a_non_negative_integer with data set #74" file="E:\coupony-backend\tests\Unit\Domain\Analytics\HeatmapBuilderTest.php" line="121" class="Tests\Unit\Domain\Analytics\HeatmapBuilderTest" classname="Tests.Unit.Domain.Analytics.HeatmapBuilderTest" assertions="84" time="0.000711"/>
          <testcase name="test_each_count_is_a_non_negative_integer with data set #75" file="E:\coupony-backend\tests\Unit\Domain\Analytics\HeatmapBuilderTest.php" line="121" class="Tests\Unit\Domain\Analytics\HeatmapBuilderTest" classname="Tests.Unit.Domain.Analytics.HeatmapBuilderTest" assertions="84" time="0.001512"/>
          <testcase name="test_each_count_is_a_non_negative_integer with data set #76" file="E:\coupony-backend\tests\Unit\Domain\Analytics\HeatmapBuilderTest.php" line="121" class="Tests\Unit\Domain\Analytics\HeatmapBuilderTest" classname="Tests.Unit.Domain.Analytics.HeatmapBuilderTest" assertions="84" time="0.001115"/>
          <testcase name="test_each_count_is_a_non_negative_integer with data set #77" file="E:\coupony-backend\tests\Unit\Domain\Analytics\HeatmapBuilderTest.php" line="121" class="Tests\Unit\Domain\Analytics\HeatmapBuilderTest" classname="Tests.Unit.Domain.Analytics.HeatmapBuilderTest" assertions="84" time="0.000962"/>
          <testcase name="test_each_count_is_a_non_negative_integer with data set #78" file="E:\coupony-backend\tests\Unit\Domain\Analytics\HeatmapBuilderTest.php" line="121" class="Tests\Unit\Domain\Analytics\HeatmapBuilderTest" classname="Tests.Unit.Domain.Analytics.HeatmapBuilderTest" assertions="84" time="0.000447"/>
          <testcase name="test_each_count_is_a_non_negative_integer with data set #79" file="E:\coupony-backend\tests\Unit\Domain\Analytics\HeatmapBuilderTest.php" line="121" class="Tests\Unit\Domain\Analytics\HeatmapBuilderTest" classname="Tests.Unit.Domain.Analytics.HeatmapBuilderTest" assertions="84" time="0.001622"/>
          <testcase name="test_each_count_is_a_non_negative_integer with data set #80" file="E:\coupony-backend\tests\Unit\Domain\Analytics\HeatmapBuilderTest.php" line="121" class="Tests\Unit\Domain\Analytics\HeatmapBuilderTest" classname="Tests.Unit.Domain.Analytics.HeatmapBuilderTest" assertions="84" time="0.001039"/>
          <testcase name="test_each_count_is_a_non_negative_integer with data set #81" file="E:\coupony-backend\tests\Unit\Domain\Analytics\HeatmapBuilderTest.php" line="121" class="Tests\Unit\Domain\Analytics\HeatmapBuilderTest" classname="Tests.Unit.Domain.Analytics.HeatmapBuilderTest" assertions="84" time="0.000744"/>
          <testcase name="test_each_count_is_a_non_negative_integer with data set #82" file="E:\coupony-backend\tests\Unit\Domain\Analytics\HeatmapBuilderTest.php" line="121" class="Tests\Unit\Domain\Analytics\HeatmapBuilderTest" classname="Tests.Unit.Domain.Analytics.HeatmapBuilderTest" assertions="84" time="0.000710"/>
          <testcase name="test_each_count_is_a_non_negative_integer with data set #83" file="E:\coupony-backend\tests\Unit\Domain\Analytics\HeatmapBuilderTest.php" line="121" class="Tests\Unit\Domain\Analytics\HeatmapBuilderTest" classname="Tests.Unit.Domain.Analytics.HeatmapBuilderTest" assertions="84" time="0.000738"/>
          <testcase name="test_each_count_is_a_non_negative_integer with data set #84" file="E:\coupony-backend\tests\Unit\Domain\Analytics\HeatmapBuilderTest.php" line="121" class="Tests\Unit\Domain\Analytics\HeatmapBuilderTest" classname="Tests.Unit.Domain.Analytics.HeatmapBuilderTest" assertions="84" time="0.000302"/>
          <testcase name="test_each_count_is_a_non_negative_integer with data set #85" file="E:\coupony-backend\tests\Unit\Domain\Analytics\HeatmapBuilderTest.php" line="121" class="Tests\Unit\Domain\Analytics\HeatmapBuilderTest" classname="Tests.Unit.Domain.Analytics.HeatmapBuilderTest" assertions="84" time="0.000411"/>
          <testcase name="test_each_count_is_a_non_negative_integer with data set #86" file="E:\coupony-backend\tests\Unit\Domain\Analytics\HeatmapBuilderTest.php" line="121" class="Tests\Unit\Domain\Analytics\HeatmapBuilderTest" classname="Tests.Unit.Domain.Analytics.HeatmapBuilderTest" assertions="84" time="0.001470"/>
          <testcase name="test_each_count_is_a_non_negative_integer with data set #87" file="E:\coupony-backend\tests\Unit\Domain\Analytics\HeatmapBuilderTest.php" line="121" class="Tests\Unit\Domain\Analytics\HeatmapBuilderTest" classname="Tests.Unit.Domain.Analytics.HeatmapBuilderTest" assertions="84" time="0.001134"/>
          <testcase name="test_each_count_is_a_non_negative_integer with data set #88" file="E:\coupony-backend\tests\Unit\Domain\Analytics\HeatmapBuilderTest.php" line="121" class="Tests\Unit\Domain\Analytics\HeatmapBuilderTest" classname="Tests.Unit.Domain.Analytics.HeatmapBuilderTest" assertions="84" time="0.001247"/>
          <testcase name="test_each_count_is_a_non_negative_integer with data set #89" file="E:\coupony-backend\tests\Unit\Domain\Analytics\HeatmapBuilderTest.php" line="121" class="Tests\Unit\Domain\Analytics\HeatmapBuilderTest" classname="Tests.Unit.Domain.Analytics.HeatmapBuilderTest" assertions="84" time="0.000879"/>
          <testcase name="test_each_count_is_a_non_negative_integer with data set #90" file="E:\coupony-backend\tests\Unit\Domain\Analytics\HeatmapBuilderTest.php" line="121" class="Tests\Unit\Domain\Analytics\HeatmapBuilderTest" classname="Tests.Unit.Domain.Analytics.HeatmapBuilderTest" assertions="84" time="0.001750"/>
          <testcase name="test_each_count_is_a_non_negative_integer with data set #91" file="E:\coupony-backend\tests\Unit\Domain\Analytics\HeatmapBuilderTest.php" line="121" class="Tests\Unit\Domain\Analytics\HeatmapBuilderTest" classname="Tests.Unit.Domain.Analytics.HeatmapBuilderTest" assertions="84" time="0.002451"/>
          <testcase name="test_each_count_is_a_non_negative_integer with data set #92" file="E:\coupony-backend\tests\Unit\Domain\Analytics\HeatmapBuilderTest.php" line="121" class="Tests\Unit\Domain\Analytics\HeatmapBuilderTest" classname="Tests.Unit.Domain.Analytics.HeatmapBuilderTest" assertions="84" time="0.001225"/>
          <testcase name="test_each_count_is_a_non_negative_integer with data set #93" file="E:\coupony-backend\tests\Unit\Domain\Analytics\HeatmapBuilderTest.php" line="121" class="Tests\Unit\Domain\Analytics\HeatmapBuilderTest" classname="Tests.Unit.Domain.Analytics.HeatmapBuilderTest" assertions="84" time="0.001155"/>
          <testcase name="test_each_count_is_a_non_negative_integer with data set #94" file="E:\coupony-backend\tests\Unit\Domain\Analytics\HeatmapBuilderTest.php" line="121" class="Tests\Unit\Domain\Analytics\HeatmapBuilderTest" classname="Tests.Unit.Domain.Analytics.HeatmapBuilderTest" assertions="84" time="0.000924"/>
          <testcase name="test_each_count_is_a_non_negative_integer with data set #95" file="E:\coupony-backend\tests\Unit\Domain\Analytics\HeatmapBuilderTest.php" line="121" class="Tests\Unit\Domain\Analytics\HeatmapBuilderTest" classname="Tests.Unit.Domain.Analytics.HeatmapBuilderTest" assertions="84" time="0.001371"/>
          <testcase name="test_each_count_is_a_non_negative_integer with data set #96" file="E:\coupony-backend\tests\Unit\Domain\Analytics\HeatmapBuilderTest.php" line="121" class="Tests\Unit\Domain\Analytics\HeatmapBuilderTest" classname="Tests.Unit.Domain.Analytics.HeatmapBuilderTest" assertions="84" time="0.000661"/>
          <testcase name="test_each_count_is_a_non_negative_integer with data set #97" file="E:\coupony-backend\tests\Unit\Domain\Analytics\HeatmapBuilderTest.php" line="121" class="Tests\Unit\Domain\Analytics\HeatmapBuilderTest" classname="Tests.Unit.Domain.Analytics.HeatmapBuilderTest" assertions="84" time="0.000450"/>
          <testcase name="test_each_count_is_a_non_negative_integer with data set #98" file="E:\coupony-backend\tests\Unit\Domain\Analytics\HeatmapBuilderTest.php" line="121" class="Tests\Unit\Domain\Analytics\HeatmapBuilderTest" classname="Tests.Unit.Domain.Analytics.HeatmapBuilderTest" assertions="84" time="0.001091"/>
          <testcase name="test_each_count_is_a_non_negative_integer with data set #99" file="E:\coupony-backend\tests\Unit\Domain\Analytics\HeatmapBuilderTest.php" line="121" class="Tests\Unit\Domain\Analytics\HeatmapBuilderTest" classname="Tests.Unit.Domain.Analytics.HeatmapBuilderTest" assertions="84" time="0.000457"/>
        </testsuite>
        <testsuite name="Tests\Unit\Domain\Analytics\HeatmapBuilderTest::test_sum_of_counts_equals_number_of_input_redemptions" tests="100" assertions="100" errors="0" failures="0" skipped="0" time="0.086166">
          <testcase name="test_sum_of_counts_equals_number_of_input_redemptions with data set #0" file="E:\coupony-backend\tests\Unit\Domain\Analytics\HeatmapBuilderTest.php" line="136" class="Tests\Unit\Domain\Analytics\HeatmapBuilderTest" classname="Tests.Unit.Domain.Analytics.HeatmapBuilderTest" assertions="1" time="0.001227"/>
          <testcase name="test_sum_of_counts_equals_number_of_input_redemptions with data set #1" file="E:\coupony-backend\tests\Unit\Domain\Analytics\HeatmapBuilderTest.php" line="136" class="Tests\Unit\Domain\Analytics\HeatmapBuilderTest" classname="Tests.Unit.Domain.Analytics.HeatmapBuilderTest" assertions="1" time="0.000387"/>
          <testcase name="test_sum_of_counts_equals_number_of_input_redemptions with data set #2" file="E:\coupony-backend\tests\Unit\Domain\Analytics\HeatmapBuilderTest.php" line="136" class="Tests\Unit\Domain\Analytics\HeatmapBuilderTest" classname="Tests.Unit.Domain.Analytics.HeatmapBuilderTest" assertions="1" time="0.000708"/>
          <testcase name="test_sum_of_counts_equals_number_of_input_redemptions with data set #3" file="E:\coupony-backend\tests\Unit\Domain\Analytics\HeatmapBuilderTest.php" line="136" class="Tests\Unit\Domain\Analytics\HeatmapBuilderTest" classname="Tests.Unit.Domain.Analytics.HeatmapBuilderTest" assertions="1" time="0.001336"/>
          <testcase name="test_sum_of_counts_equals_number_of_input_redemptions with data set #4" file="E:\coupony-backend\tests\Unit\Domain\Analytics\HeatmapBuilderTest.php" line="136" class="Tests\Unit\Domain\Analytics\HeatmapBuilderTest" classname="Tests.Unit.Domain.Analytics.HeatmapBuilderTest" assertions="1" time="0.000791"/>
          <testcase name="test_sum_of_counts_equals_number_of_input_redemptions with data set #5" file="E:\coupony-backend\tests\Unit\Domain\Analytics\HeatmapBuilderTest.php" line="136" class="Tests\Unit\Domain\Analytics\HeatmapBuilderTest" classname="Tests.Unit.Domain.Analytics.HeatmapBuilderTest" assertions="1" time="0.000874"/>
          <testcase name="test_sum_of_counts_equals_number_of_input_redemptions with data set #6" file="E:\coupony-backend\tests\Unit\Domain\Analytics\HeatmapBuilderTest.php" line="136" class="Tests\Unit\Domain\Analytics\HeatmapBuilderTest" classname="Tests.Unit.Domain.Analytics.HeatmapBuilderTest" assertions="1" time="0.000182"/>
          <testcase name="test_sum_of_counts_equals_number_of_input_redemptions with data set #7" file="E:\coupony-backend\tests\Unit\Domain\Analytics\HeatmapBuilderTest.php" line="136" class="Tests\Unit\Domain\Analytics\HeatmapBuilderTest" classname="Tests.Unit.Domain.Analytics.HeatmapBuilderTest" assertions="1" time="0.000812"/>
          <testcase name="test_sum_of_counts_equals_number_of_input_redemptions with data set #8" file="E:\coupony-backend\tests\Unit\Domain\Analytics\HeatmapBuilderTest.php" line="136" class="Tests\Unit\Domain\Analytics\HeatmapBuilderTest" classname="Tests.Unit.Domain.Analytics.HeatmapBuilderTest" assertions="1" time="0.001351"/>
          <testcase name="test_sum_of_counts_equals_number_of_input_redemptions with data set #9" file="E:\coupony-backend\tests\Unit\Domain\Analytics\HeatmapBuilderTest.php" line="136" class="Tests\Unit\Domain\Analytics\HeatmapBuilderTest" classname="Tests.Unit.Domain.Analytics.HeatmapBuilderTest" assertions="1" time="0.001181"/>
          <testcase name="test_sum_of_counts_equals_number_of_input_redemptions with data set #10" file="E:\coupony-backend\tests\Unit\Domain\Analytics\HeatmapBuilderTest.php" line="136" class="Tests\Unit\Domain\Analytics\HeatmapBuilderTest" classname="Tests.Unit.Domain.Analytics.HeatmapBuilderTest" assertions="1" time="0.001208"/>
          <testcase name="test_sum_of_counts_equals_number_of_input_redemptions with data set #11" file="E:\coupony-backend\tests\Unit\Domain\Analytics\HeatmapBuilderTest.php" line="136" class="Tests\Unit\Domain\Analytics\HeatmapBuilderTest" classname="Tests.Unit.Domain.Analytics.HeatmapBuilderTest" assertions="1" time="0.001408"/>
          <testcase name="test_sum_of_counts_equals_number_of_input_redemptions with data set #12" file="E:\coupony-backend\tests\Unit\Domain\Analytics\HeatmapBuilderTest.php" line="136" class="Tests\Unit\Domain\Analytics\HeatmapBuilderTest" classname="Tests.Unit.Domain.Analytics.HeatmapBuilderTest" assertions="1" time="0.000349"/>
          <testcase name="test_sum_of_counts_equals_number_of_input_redemptions with data set #13" file="E:\coupony-backend\tests\Unit\Domain\Analytics\HeatmapBuilderTest.php" line="136" class="Tests\Unit\Domain\Analytics\HeatmapBuilderTest" classname="Tests.Unit.Domain.Analytics.HeatmapBuilderTest" assertions="1" time="0.000824"/>
          <testcase name="test_sum_of_counts_equals_number_of_input_redemptions with data set #14" file="E:\coupony-backend\tests\Unit\Domain\Analytics\HeatmapBuilderTest.php" line="136" class="Tests\Unit\Domain\Analytics\HeatmapBuilderTest" classname="Tests.Unit.Domain.Analytics.HeatmapBuilderTest" assertions="1" time="0.001305"/>
          <testcase name="test_sum_of_counts_equals_number_of_input_redemptions with data set #15" file="E:\coupony-backend\tests\Unit\Domain\Analytics\HeatmapBuilderTest.php" line="136" class="Tests\Unit\Domain\Analytics\HeatmapBuilderTest" classname="Tests.Unit.Domain.Analytics.HeatmapBuilderTest" assertions="1" time="0.000658"/>
          <testcase name="test_sum_of_counts_equals_number_of_input_redemptions with data set #16" file="E:\coupony-backend\tests\Unit\Domain\Analytics\HeatmapBuilderTest.php" line="136" class="Tests\Unit\Domain\Analytics\HeatmapBuilderTest" classname="Tests.Unit.Domain.Analytics.HeatmapBuilderTest" assertions="1" time="0.000282"/>
          <testcase name="test_sum_of_counts_equals_number_of_input_redemptions with data set #17" file="E:\coupony-backend\tests\Unit\Domain\Analytics\HeatmapBuilderTest.php" line="136" class="Tests\Unit\Domain\Analytics\HeatmapBuilderTest" classname="Tests.Unit.Domain.Analytics.HeatmapBuilderTest" assertions="1" time="0.000366"/>
          <testcase name="test_sum_of_counts_equals_number_of_input_redemptions with data set #18" file="E:\coupony-backend\tests\Unit\Domain\Analytics\HeatmapBuilderTest.php" line="136" class="Tests\Unit\Domain\Analytics\HeatmapBuilderTest" classname="Tests.Unit.Domain.Analytics.HeatmapBuilderTest" assertions="1" time="0.000334"/>
          <testcase name="test_sum_of_counts_equals_number_of_input_redemptions with data set #19" file="E:\coupony-backend\tests\Unit\Domain\Analytics\HeatmapBuilderTest.php" line="136" class="Tests\Unit\Domain\Analytics\HeatmapBuilderTest" classname="Tests.Unit.Domain.Analytics.HeatmapBuilderTest" assertions="1" time="0.000476"/>
          <testcase name="test_sum_of_counts_equals_number_of_input_redemptions with data set #20" file="E:\coupony-backend\tests\Unit\Domain\Analytics\HeatmapBuilderTest.php" line="136" class="Tests\Unit\Domain\Analytics\HeatmapBuilderTest" classname="Tests.Unit.Domain.Analytics.HeatmapBuilderTest" assertions="1" time="0.000301"/>
          <testcase name="test_sum_of_counts_equals_number_of_input_redemptions with data set #21" file="E:\coupony-backend\tests\Unit\Domain\Analytics\HeatmapBuilderTest.php" line="136" class="Tests\Unit\Domain\Analytics\HeatmapBuilderTest" classname="Tests.Unit.Domain.Analytics.HeatmapBuilderTest" assertions="1" time="0.001133"/>
          <testcase name="test_sum_of_counts_equals_number_of_input_redemptions with data set #22" file="E:\coupony-backend\tests\Unit\Domain\Analytics\HeatmapBuilderTest.php" line="136" class="Tests\Unit\Domain\Analytics\HeatmapBuilderTest" classname="Tests.Unit.Domain.Analytics.HeatmapBuilderTest" assertions="1" time="0.000119"/>
          <testcase name="test_sum_of_counts_equals_number_of_input_redemptions with data set #23" file="E:\coupony-backend\tests\Unit\Domain\Analytics\HeatmapBuilderTest.php" line="136" class="Tests\Unit\Domain\Analytics\HeatmapBuilderTest" classname="Tests.Unit.Domain.Analytics.HeatmapBuilderTest" assertions="1" time="0.001377"/>
          <testcase name="test_sum_of_counts_equals_number_of_input_redemptions with data set #24" file="E:\coupony-backend\tests\Unit\Domain\Analytics\HeatmapBuilderTest.php" line="136" class="Tests\Unit\Domain\Analytics\HeatmapBuilderTest" classname="Tests.Unit.Domain.Analytics.HeatmapBuilderTest" assertions="1" time="0.000311"/>
          <testcase name="test_sum_of_counts_equals_number_of_input_redemptions with data set #25" file="E:\coupony-backend\tests\Unit\Domain\Analytics\HeatmapBuilderTest.php" line="136" class="Tests\Unit\Domain\Analytics\HeatmapBuilderTest" classname="Tests.Unit.Domain.Analytics.HeatmapBuilderTest" assertions="1" time="0.001166"/>
          <testcase name="test_sum_of_counts_equals_number_of_input_redemptions with data set #26" file="E:\coupony-backend\tests\Unit\Domain\Analytics\HeatmapBuilderTest.php" line="136" class="Tests\Unit\Domain\Analytics\HeatmapBuilderTest" classname="Tests.Unit.Domain.Analytics.HeatmapBuilderTest" assertions="1" time="0.001354"/>
          <testcase name="test_sum_of_counts_equals_number_of_input_redemptions with data set #27" file="E:\coupony-backend\tests\Unit\Domain\Analytics\HeatmapBuilderTest.php" line="136" class="Tests\Unit\Domain\Analytics\HeatmapBuilderTest" classname="Tests.Unit.Domain.Analytics.HeatmapBuilderTest" assertions="1" time="0.001701"/>
          <testcase name="test_sum_of_counts_equals_number_of_input_redemptions with data set #28" file="E:\coupony-backend\tests\Unit\Domain\Analytics\HeatmapBuilderTest.php" line="136" class="Tests\Unit\Domain\Analytics\HeatmapBuilderTest" classname="Tests.Unit.Domain.Analytics.HeatmapBuilderTest" assertions="1" time="0.001108"/>
          <testcase name="test_sum_of_counts_equals_number_of_input_redemptions with data set #29" file="E:\coupony-backend\tests\Unit\Domain\Analytics\HeatmapBuilderTest.php" line="136" class="Tests\Unit\Domain\Analytics\HeatmapBuilderTest" classname="Tests.Unit.Domain.Analytics.HeatmapBuilderTest" assertions="1" time="0.001020"/>
          <testcase name="test_sum_of_counts_equals_number_of_input_redemptions with data set #30" file="E:\coupony-backend\tests\Unit\Domain\Analytics\HeatmapBuilderTest.php" line="136" class="Tests\Unit\Domain\Analytics\HeatmapBuilderTest" classname="Tests.Unit.Domain.Analytics.HeatmapBuilderTest" assertions="1" time="0.000525"/>
          <testcase name="test_sum_of_counts_equals_number_of_input_redemptions with data set #31" file="E:\coupony-backend\tests\Unit\Domain\Analytics\HeatmapBuilderTest.php" line="136" class="Tests\Unit\Domain\Analytics\HeatmapBuilderTest" classname="Tests.Unit.Domain.Analytics.HeatmapBuilderTest" assertions="1" time="0.001086"/>
          <testcase name="test_sum_of_counts_equals_number_of_input_redemptions with data set #32" file="E:\coupony-backend\tests\Unit\Domain\Analytics\HeatmapBuilderTest.php" line="136" class="Tests\Unit\Domain\Analytics\HeatmapBuilderTest" classname="Tests.Unit.Domain.Analytics.HeatmapBuilderTest" assertions="1" time="0.000237"/>
          <testcase name="test_sum_of_counts_equals_number_of_input_redemptions with data set #33" file="E:\coupony-backend\tests\Unit\Domain\Analytics\HeatmapBuilderTest.php" line="136" class="Tests\Unit\Domain\Analytics\HeatmapBuilderTest" classname="Tests.Unit.Domain.Analytics.HeatmapBuilderTest" assertions="1" time="0.001137"/>
          <testcase name="test_sum_of_counts_equals_number_of_input_redemptions with data set #34" file="E:\coupony-backend\tests\Unit\Domain\Analytics\HeatmapBuilderTest.php" line="136" class="Tests\Unit\Domain\Analytics\HeatmapBuilderTest" classname="Tests.Unit.Domain.Analytics.HeatmapBuilderTest" assertions="1" time="0.000210"/>
          <testcase name="test_sum_of_counts_equals_number_of_input_redemptions with data set #35" file="E:\coupony-backend\tests\Unit\Domain\Analytics\HeatmapBuilderTest.php" line="136" class="Tests\Unit\Domain\Analytics\HeatmapBuilderTest" classname="Tests.Unit.Domain.Analytics.HeatmapBuilderTest" assertions="1" time="0.000996"/>
          <testcase name="test_sum_of_counts_equals_number_of_input_redemptions with data set #36" file="E:\coupony-backend\tests\Unit\Domain\Analytics\HeatmapBuilderTest.php" line="136" class="Tests\Unit\Domain\Analytics\HeatmapBuilderTest" classname="Tests.Unit.Domain.Analytics.HeatmapBuilderTest" assertions="1" time="0.000349"/>
          <testcase name="test_sum_of_counts_equals_number_of_input_redemptions with data set #37" file="E:\coupony-backend\tests\Unit\Domain\Analytics\HeatmapBuilderTest.php" line="136" class="Tests\Unit\Domain\Analytics\HeatmapBuilderTest" classname="Tests.Unit.Domain.Analytics.HeatmapBuilderTest" assertions="1" time="0.000867"/>
          <testcase name="test_sum_of_counts_equals_number_of_input_redemptions with data set #38" file="E:\coupony-backend\tests\Unit\Domain\Analytics\HeatmapBuilderTest.php" line="136" class="Tests\Unit\Domain\Analytics\HeatmapBuilderTest" classname="Tests.Unit.Domain.Analytics.HeatmapBuilderTest" assertions="1" time="0.001459"/>
          <testcase name="test_sum_of_counts_equals_number_of_input_redemptions with data set #39" file="E:\coupony-backend\tests\Unit\Domain\Analytics\HeatmapBuilderTest.php" line="136" class="Tests\Unit\Domain\Analytics\HeatmapBuilderTest" classname="Tests.Unit.Domain.Analytics.HeatmapBuilderTest" assertions="1" time="0.001455"/>
          <testcase name="test_sum_of_counts_equals_number_of_input_redemptions with data set #40" file="E:\coupony-backend\tests\Unit\Domain\Analytics\HeatmapBuilderTest.php" line="136" class="Tests\Unit\Domain\Analytics\HeatmapBuilderTest" classname="Tests.Unit.Domain.Analytics.HeatmapBuilderTest" assertions="1" time="0.001082"/>
          <testcase name="test_sum_of_counts_equals_number_of_input_redemptions with data set #41" file="E:\coupony-backend\tests\Unit\Domain\Analytics\HeatmapBuilderTest.php" line="136" class="Tests\Unit\Domain\Analytics\HeatmapBuilderTest" classname="Tests.Unit.Domain.Analytics.HeatmapBuilderTest" assertions="1" time="0.000655"/>
          <testcase name="test_sum_of_counts_equals_number_of_input_redemptions with data set #42" file="E:\coupony-backend\tests\Unit\Domain\Analytics\HeatmapBuilderTest.php" line="136" class="Tests\Unit\Domain\Analytics\HeatmapBuilderTest" classname="Tests.Unit.Domain.Analytics.HeatmapBuilderTest" assertions="1" time="0.000299"/>
          <testcase name="test_sum_of_counts_equals_number_of_input_redemptions with data set #43" file="E:\coupony-backend\tests\Unit\Domain\Analytics\HeatmapBuilderTest.php" line="136" class="Tests\Unit\Domain\Analytics\HeatmapBuilderTest" classname="Tests.Unit.Domain.Analytics.HeatmapBuilderTest" assertions="1" time="0.000996"/>
          <testcase name="test_sum_of_counts_equals_number_of_input_redemptions with data set #44" file="E:\coupony-backend\tests\Unit\Domain\Analytics\HeatmapBuilderTest.php" line="136" class="Tests\Unit\Domain\Analytics\HeatmapBuilderTest" classname="Tests.Unit.Domain.Analytics.HeatmapBuilderTest" assertions="1" time="0.000846"/>
          <testcase name="test_sum_of_counts_equals_number_of_input_redemptions with data set #45" file="E:\coupony-backend\tests\Unit\Domain\Analytics\HeatmapBuilderTest.php" line="136" class="Tests\Unit\Domain\Analytics\HeatmapBuilderTest" classname="Tests.Unit.Domain.Analytics.HeatmapBuilderTest" assertions="1" time="0.000289"/>
          <testcase name="test_sum_of_counts_equals_number_of_input_redemptions with data set #46" file="E:\coupony-backend\tests\Unit\Domain\Analytics\HeatmapBuilderTest.php" line="136" class="Tests\Unit\Domain\Analytics\HeatmapBuilderTest" classname="Tests.Unit.Domain.Analytics.HeatmapBuilderTest" assertions="1" time="0.001061"/>
          <testcase name="test_sum_of_counts_equals_number_of_input_redemptions with data set #47" file="E:\coupony-backend\tests\Unit\Domain\Analytics\HeatmapBuilderTest.php" line="136" class="Tests\Unit\Domain\Analytics\HeatmapBuilderTest" classname="Tests.Unit.Domain.Analytics.HeatmapBuilderTest" assertions="1" time="0.001312"/>
          <testcase name="test_sum_of_counts_equals_number_of_input_redemptions with data set #48" file="E:\coupony-backend\tests\Unit\Domain\Analytics\HeatmapBuilderTest.php" line="136" class="Tests\Unit\Domain\Analytics\HeatmapBuilderTest" classname="Tests.Unit.Domain.Analytics.HeatmapBuilderTest" assertions="1" time="0.001197"/>
          <testcase name="test_sum_of_counts_equals_number_of_input_redemptions with data set #49" file="E:\coupony-backend\tests\Unit\Domain\Analytics\HeatmapBuilderTest.php" line="136" class="Tests\Unit\Domain\Analytics\HeatmapBuilderTest" classname="Tests.Unit.Domain.Analytics.HeatmapBuilderTest" assertions="1" time="0.000812"/>
          <testcase name="test_sum_of_counts_equals_number_of_input_redemptions with data set #50" file="E:\coupony-backend\tests\Unit\Domain\Analytics\HeatmapBuilderTest.php" line="136" class="Tests\Unit\Domain\Analytics\HeatmapBuilderTest" classname="Tests.Unit.Domain.Analytics.HeatmapBuilderTest" assertions="1" time="0.000896"/>
          <testcase name="test_sum_of_counts_equals_number_of_input_redemptions with data set #51" file="E:\coupony-backend\tests\Unit\Domain\Analytics\HeatmapBuilderTest.php" line="136" class="Tests\Unit\Domain\Analytics\HeatmapBuilderTest" classname="Tests.Unit.Domain.Analytics.HeatmapBuilderTest" assertions="1" time="0.000909"/>
          <testcase name="test_sum_of_counts_equals_number_of_input_redemptions with data set #52" file="E:\coupony-backend\tests\Unit\Domain\Analytics\HeatmapBuilderTest.php" line="136" class="Tests\Unit\Domain\Analytics\HeatmapBuilderTest" classname="Tests.Unit.Domain.Analytics.HeatmapBuilderTest" assertions="1" time="0.000214"/>
          <testcase name="test_sum_of_counts_equals_number_of_input_redemptions with data set #53" file="E:\coupony-backend\tests\Unit\Domain\Analytics\HeatmapBuilderTest.php" line="136" class="Tests\Unit\Domain\Analytics\HeatmapBuilderTest" classname="Tests.Unit.Domain.Analytics.HeatmapBuilderTest" assertions="1" time="0.000657"/>
          <testcase name="test_sum_of_counts_equals_number_of_input_redemptions with data set #54" file="E:\coupony-backend\tests\Unit\Domain\Analytics\HeatmapBuilderTest.php" line="136" class="Tests\Unit\Domain\Analytics\HeatmapBuilderTest" classname="Tests.Unit.Domain.Analytics.HeatmapBuilderTest" assertions="1" time="0.001076"/>
          <testcase name="test_sum_of_counts_equals_number_of_input_redemptions with data set #55" file="E:\coupony-backend\tests\Unit\Domain\Analytics\HeatmapBuilderTest.php" line="136" class="Tests\Unit\Domain\Analytics\HeatmapBuilderTest" classname="Tests.Unit.Domain.Analytics.HeatmapBuilderTest" assertions="1" time="0.000896"/>
          <testcase name="test_sum_of_counts_equals_number_of_input_redemptions with data set #56" file="E:\coupony-backend\tests\Unit\Domain\Analytics\HeatmapBuilderTest.php" line="136" class="Tests\Unit\Domain\Analytics\HeatmapBuilderTest" classname="Tests.Unit.Domain.Analytics.HeatmapBuilderTest" assertions="1" time="0.000995"/>
          <testcase name="test_sum_of_counts_equals_number_of_input_redemptions with data set #57" file="E:\coupony-backend\tests\Unit\Domain\Analytics\HeatmapBuilderTest.php" line="136" class="Tests\Unit\Domain\Analytics\HeatmapBuilderTest" classname="Tests.Unit.Domain.Analytics.HeatmapBuilderTest" assertions="1" time="0.000730"/>
          <testcase name="test_sum_of_counts_equals_number_of_input_redemptions with data set #58" file="E:\coupony-backend\tests\Unit\Domain\Analytics\HeatmapBuilderTest.php" line="136" class="Tests\Unit\Domain\Analytics\HeatmapBuilderTest" classname="Tests.Unit.Domain.Analytics.HeatmapBuilderTest" assertions="1" time="0.000754"/>
          <testcase name="test_sum_of_counts_equals_number_of_input_redemptions with data set #59" file="E:\coupony-backend\tests\Unit\Domain\Analytics\HeatmapBuilderTest.php" line="136" class="Tests\Unit\Domain\Analytics\HeatmapBuilderTest" classname="Tests.Unit.Domain.Analytics.HeatmapBuilderTest" assertions="1" time="0.001270"/>
          <testcase name="test_sum_of_counts_equals_number_of_input_redemptions with data set #60" file="E:\coupony-backend\tests\Unit\Domain\Analytics\HeatmapBuilderTest.php" line="136" class="Tests\Unit\Domain\Analytics\HeatmapBuilderTest" classname="Tests.Unit.Domain.Analytics.HeatmapBuilderTest" assertions="1" time="0.001093"/>
          <testcase name="test_sum_of_counts_equals_number_of_input_redemptions with data set #61" file="E:\coupony-backend\tests\Unit\Domain\Analytics\HeatmapBuilderTest.php" line="136" class="Tests\Unit\Domain\Analytics\HeatmapBuilderTest" classname="Tests.Unit.Domain.Analytics.HeatmapBuilderTest" assertions="1" time="0.001251"/>
          <testcase name="test_sum_of_counts_equals_number_of_input_redemptions with data set #62" file="E:\coupony-backend\tests\Unit\Domain\Analytics\HeatmapBuilderTest.php" line="136" class="Tests\Unit\Domain\Analytics\HeatmapBuilderTest" classname="Tests.Unit.Domain.Analytics.HeatmapBuilderTest" assertions="1" time="0.001361"/>
          <testcase name="test_sum_of_counts_equals_number_of_input_redemptions with data set #63" file="E:\coupony-backend\tests\Unit\Domain\Analytics\HeatmapBuilderTest.php" line="136" class="Tests\Unit\Domain\Analytics\HeatmapBuilderTest" classname="Tests.Unit.Domain.Analytics.HeatmapBuilderTest" assertions="1" time="0.000744"/>
          <testcase name="test_sum_of_counts_equals_number_of_input_redemptions with data set #64" file="E:\coupony-backend\tests\Unit\Domain\Analytics\HeatmapBuilderTest.php" line="136" class="Tests\Unit\Domain\Analytics\HeatmapBuilderTest" classname="Tests.Unit.Domain.Analytics.HeatmapBuilderTest" assertions="1" time="0.001038"/>
          <testcase name="test_sum_of_counts_equals_number_of_input_redemptions with data set #65" file="E:\coupony-backend\tests\Unit\Domain\Analytics\HeatmapBuilderTest.php" line="136" class="Tests\Unit\Domain\Analytics\HeatmapBuilderTest" classname="Tests.Unit.Domain.Analytics.HeatmapBuilderTest" assertions="1" time="0.000976"/>
          <testcase name="test_sum_of_counts_equals_number_of_input_redemptions with data set #66" file="E:\coupony-backend\tests\Unit\Domain\Analytics\HeatmapBuilderTest.php" line="136" class="Tests\Unit\Domain\Analytics\HeatmapBuilderTest" classname="Tests.Unit.Domain.Analytics.HeatmapBuilderTest" assertions="1" time="0.000782"/>
          <testcase name="test_sum_of_counts_equals_number_of_input_redemptions with data set #67" file="E:\coupony-backend\tests\Unit\Domain\Analytics\HeatmapBuilderTest.php" line="136" class="Tests\Unit\Domain\Analytics\HeatmapBuilderTest" classname="Tests.Unit.Domain.Analytics.HeatmapBuilderTest" assertions="1" time="0.000950"/>
          <testcase name="test_sum_of_counts_equals_number_of_input_redemptions with data set #68" file="E:\coupony-backend\tests\Unit\Domain\Analytics\HeatmapBuilderTest.php" line="136" class="Tests\Unit\Domain\Analytics\HeatmapBuilderTest" classname="Tests.Unit.Domain.Analytics.HeatmapBuilderTest" assertions="1" time="0.001236"/>
          <testcase name="test_sum_of_counts_equals_number_of_input_redemptions with data set #69" file="E:\coupony-backend\tests\Unit\Domain\Analytics\HeatmapBuilderTest.php" line="136" class="Tests\Unit\Domain\Analytics\HeatmapBuilderTest" classname="Tests.Unit.Domain.Analytics.HeatmapBuilderTest" assertions="1" time="0.000273"/>
          <testcase name="test_sum_of_counts_equals_number_of_input_redemptions with data set #70" file="E:\coupony-backend\tests\Unit\Domain\Analytics\HeatmapBuilderTest.php" line="136" class="Tests\Unit\Domain\Analytics\HeatmapBuilderTest" classname="Tests.Unit.Domain.Analytics.HeatmapBuilderTest" assertions="1" time="0.000543"/>
          <testcase name="test_sum_of_counts_equals_number_of_input_redemptions with data set #71" file="E:\coupony-backend\tests\Unit\Domain\Analytics\HeatmapBuilderTest.php" line="136" class="Tests\Unit\Domain\Analytics\HeatmapBuilderTest" classname="Tests.Unit.Domain.Analytics.HeatmapBuilderTest" assertions="1" time="0.001287"/>
          <testcase name="test_sum_of_counts_equals_number_of_input_redemptions with data set #72" file="E:\coupony-backend\tests\Unit\Domain\Analytics\HeatmapBuilderTest.php" line="136" class="Tests\Unit\Domain\Analytics\HeatmapBuilderTest" classname="Tests.Unit.Domain.Analytics.HeatmapBuilderTest" assertions="1" time="0.001327"/>
          <testcase name="test_sum_of_counts_equals_number_of_input_redemptions with data set #73" file="E:\coupony-backend\tests\Unit\Domain\Analytics\HeatmapBuilderTest.php" line="136" class="Tests\Unit\Domain\Analytics\HeatmapBuilderTest" classname="Tests.Unit.Domain.Analytics.HeatmapBuilderTest" assertions="1" time="0.001097"/>
          <testcase name="test_sum_of_counts_equals_number_of_input_redemptions with data set #74" file="E:\coupony-backend\tests\Unit\Domain\Analytics\HeatmapBuilderTest.php" line="136" class="Tests\Unit\Domain\Analytics\HeatmapBuilderTest" classname="Tests.Unit.Domain.Analytics.HeatmapBuilderTest" assertions="1" time="0.001002"/>
          <testcase name="test_sum_of_counts_equals_number_of_input_redemptions with data set #75" file="E:\coupony-backend\tests\Unit\Domain\Analytics\HeatmapBuilderTest.php" line="136" class="Tests\Unit\Domain\Analytics\HeatmapBuilderTest" classname="Tests.Unit.Domain.Analytics.HeatmapBuilderTest" assertions="1" time="0.001327"/>
          <testcase name="test_sum_of_counts_equals_number_of_input_redemptions with data set #76" file="E:\coupony-backend\tests\Unit\Domain\Analytics\HeatmapBuilderTest.php" line="136" class="Tests\Unit\Domain\Analytics\HeatmapBuilderTest" classname="Tests.Unit.Domain.Analytics.HeatmapBuilderTest" assertions="1" time="0.000884"/>
          <testcase name="test_sum_of_counts_equals_number_of_input_redemptions with data set #77" file="E:\coupony-backend\tests\Unit\Domain\Analytics\HeatmapBuilderTest.php" line="136" class="Tests\Unit\Domain\Analytics\HeatmapBuilderTest" classname="Tests.Unit.Domain.Analytics.HeatmapBuilderTest" assertions="1" time="0.000500"/>
          <testcase name="test_sum_of_counts_equals_number_of_input_redemptions with data set #78" file="E:\coupony-backend\tests\Unit\Domain\Analytics\HeatmapBuilderTest.php" line="136" class="Tests\Unit\Domain\Analytics\HeatmapBuilderTest" classname="Tests.Unit.Domain.Analytics.HeatmapBuilderTest" assertions="1" time="0.000284"/>
          <testcase name="test_sum_of_counts_equals_number_of_input_redemptions with data set #79" file="E:\coupony-backend\tests\Unit\Domain\Analytics\HeatmapBuilderTest.php" line="136" class="Tests\Unit\Domain\Analytics\HeatmapBuilderTest" classname="Tests.Unit.Domain.Analytics.HeatmapBuilderTest" assertions="1" time="0.000664"/>
          <testcase name="test_sum_of_counts_equals_number_of_input_redemptions with data set #80" file="E:\coupony-backend\tests\Unit\Domain\Analytics\HeatmapBuilderTest.php" line="136" class="Tests\Unit\Domain\Analytics\HeatmapBuilderTest" classname="Tests.Unit.Domain.Analytics.HeatmapBuilderTest" assertions="1" time="0.001020"/>
          <testcase name="test_sum_of_counts_equals_number_of_input_redemptions with data set #81" file="E:\coupony-backend\tests\Unit\Domain\Analytics\HeatmapBuilderTest.php" line="136" class="Tests\Unit\Domain\Analytics\HeatmapBuilderTest" classname="Tests.Unit.Domain.Analytics.HeatmapBuilderTest" assertions="1" time="0.000854"/>
          <testcase name="test_sum_of_counts_equals_number_of_input_redemptions with data set #82" file="E:\coupony-backend\tests\Unit\Domain\Analytics\HeatmapBuilderTest.php" line="136" class="Tests\Unit\Domain\Analytics\HeatmapBuilderTest" classname="Tests.Unit.Domain.Analytics.HeatmapBuilderTest" assertions="1" time="0.001363"/>
          <testcase name="test_sum_of_counts_equals_number_of_input_redemptions with data set #83" file="E:\coupony-backend\tests\Unit\Domain\Analytics\HeatmapBuilderTest.php" line="136" class="Tests\Unit\Domain\Analytics\HeatmapBuilderTest" classname="Tests.Unit.Domain.Analytics.HeatmapBuilderTest" assertions="1" time="0.000315"/>
          <testcase name="test_sum_of_counts_equals_number_of_input_redemptions with data set #84" file="E:\coupony-backend\tests\Unit\Domain\Analytics\HeatmapBuilderTest.php" line="136" class="Tests\Unit\Domain\Analytics\HeatmapBuilderTest" classname="Tests.Unit.Domain.Analytics.HeatmapBuilderTest" assertions="1" time="0.000682"/>
          <testcase name="test_sum_of_counts_equals_number_of_input_redemptions with data set #85" file="E:\coupony-backend\tests\Unit\Domain\Analytics\HeatmapBuilderTest.php" line="136" class="Tests\Unit\Domain\Analytics\HeatmapBuilderTest" classname="Tests.Unit.Domain.Analytics.HeatmapBuilderTest" assertions="1" time="0.001277"/>
          <testcase name="test_sum_of_counts_equals_number_of_input_redemptions with data set #86" file="E:\coupony-backend\tests\Unit\Domain\Analytics\HeatmapBuilderTest.php" line="136" class="Tests\Unit\Domain\Analytics\HeatmapBuilderTest" classname="Tests.Unit.Domain.Analytics.HeatmapBuilderTest" assertions="1" time="0.000705"/>
          <testcase name="test_sum_of_counts_equals_number_of_input_redemptions with data set #87" file="E:\coupony-backend\tests\Unit\Domain\Analytics\HeatmapBuilderTest.php" line="136" class="Tests\Unit\Domain\Analytics\HeatmapBuilderTest" classname="Tests.Unit.Domain.Analytics.HeatmapBuilderTest" assertions="1" time="0.001672"/>
          <testcase name="test_sum_of_counts_equals_number_of_input_redemptions with data set #88" file="E:\coupony-backend\tests\Unit\Domain\Analytics\HeatmapBuilderTest.php" line="136" class="Tests\Unit\Domain\Analytics\HeatmapBuilderTest" classname="Tests.Unit.Domain.Analytics.HeatmapBuilderTest" assertions="1" time="0.000542"/>
          <testcase name="test_sum_of_counts_equals_number_of_input_redemptions with data set #89" file="E:\coupony-backend\tests\Unit\Domain\Analytics\HeatmapBuilderTest.php" line="136" class="Tests\Unit\Domain\Analytics\HeatmapBuilderTest" classname="Tests.Unit.Domain.Analytics.HeatmapBuilderTest" assertions="1" time="0.000564"/>
          <testcase name="test_sum_of_counts_equals_number_of_input_redemptions with data set #90" file="E:\coupony-backend\tests\Unit\Domain\Analytics\HeatmapBuilderTest.php" line="136" class="Tests\Unit\Domain\Analytics\HeatmapBuilderTest" classname="Tests.Unit.Domain.Analytics.HeatmapBuilderTest" assertions="1" time="0.000519"/>
          <testcase name="test_sum_of_counts_equals_number_of_input_redemptions with data set #91" file="E:\coupony-backend\tests\Unit\Domain\Analytics\HeatmapBuilderTest.php" line="136" class="Tests\Unit\Domain\Analytics\HeatmapBuilderTest" classname="Tests.Unit.Domain.Analytics.HeatmapBuilderTest" assertions="1" time="0.000345"/>
          <testcase name="test_sum_of_counts_equals_number_of_input_redemptions with data set #92" file="E:\coupony-backend\tests\Unit\Domain\Analytics\HeatmapBuilderTest.php" line="136" class="Tests\Unit\Domain\Analytics\HeatmapBuilderTest" classname="Tests.Unit.Domain.Analytics.HeatmapBuilderTest" assertions="1" time="0.000664"/>
          <testcase name="test_sum_of_counts_equals_number_of_input_redemptions with data set #93" file="E:\coupony-backend\tests\Unit\Domain\Analytics\HeatmapBuilderTest.php" line="136" class="Tests\Unit\Domain\Analytics\HeatmapBuilderTest" classname="Tests.Unit.Domain.Analytics.HeatmapBuilderTest" assertions="1" time="0.000658"/>
          <testcase name="test_sum_of_counts_equals_number_of_input_redemptions with data set #94" file="E:\coupony-backend\tests\Unit\Domain\Analytics\HeatmapBuilderTest.php" line="136" class="Tests\Unit\Domain\Analytics\HeatmapBuilderTest" classname="Tests.Unit.Domain.Analytics.HeatmapBuilderTest" assertions="1" time="0.000317"/>
          <testcase name="test_sum_of_counts_equals_number_of_input_redemptions with data set #95" file="E:\coupony-backend\tests\Unit\Domain\Analytics\HeatmapBuilderTest.php" line="136" class="Tests\Unit\Domain\Analytics\HeatmapBuilderTest" classname="Tests.Unit.Domain.Analytics.HeatmapBuilderTest" assertions="1" time="0.001230"/>
          <testcase name="test_sum_of_counts_equals_number_of_input_redemptions with data set #96" file="E:\coupony-backend\tests\Unit\Domain\Analytics\HeatmapBuilderTest.php" line="136" class="Tests\Unit\Domain\Analytics\HeatmapBuilderTest" classname="Tests.Unit.Domain.Analytics.HeatmapBuilderTest" assertions="1" time="0.000691"/>
          <testcase name="test_sum_of_counts_equals_number_of_input_redemptions with data set #97" file="E:\coupony-backend\tests\Unit\Domain\Analytics\HeatmapBuilderTest.php" line="136" class="Tests\Unit\Domain\Analytics\HeatmapBuilderTest" classname="Tests.Unit.Domain.Analytics.HeatmapBuilderTest" assertions="1" time="0.001140"/>
          <testcase name="test_sum_of_counts_equals_number_of_input_redemptions with data set #98" file="E:\coupony-backend\tests\Unit\Domain\Analytics\HeatmapBuilderTest.php" line="136" class="Tests\Unit\Domain\Analytics\HeatmapBuilderTest" classname="Tests.Unit.Domain.Analytics.HeatmapBuilderTest" assertions="1" time="0.001116"/>
          <testcase name="test_sum_of_counts_equals_number_of_input_redemptions with data set #99" file="E:\coupony-backend\tests\Unit\Domain\Analytics\HeatmapBuilderTest.php" line="136" class="Tests\Unit\Domain\Analytics\HeatmapBuilderTest" classname="Tests.Unit.Domain.Analytics.HeatmapBuilderTest" assertions="1" time="0.000957"/>
        </testsuite>
      </testsuite>
      <testsuite name="Tests\Unit\Domain\Analytics\PercentageNormalizerTest" file="E:\coupony-backend\tests\Unit\Domain\Analytics\PercentageNormalizerTest.php" tests="309" assertions="750" errors="0" failures="0" skipped="0" time="0.033489">
        <testcase name="test_returns_empty_array_for_empty_input" file="E:\coupony-backend\tests\Unit\Domain\Analytics\PercentageNormalizerTest.php" line="12" class="Tests\Unit\Domain\Analytics\PercentageNormalizerTest" classname="Tests.Unit.Domain.Analytics.PercentageNormalizerTest" assertions="1" time="0.000529"/>
        <testcase name="test_returns_empty_array_for_all_zeros" file="E:\coupony-backend\tests\Unit\Domain\Analytics\PercentageNormalizerTest.php" line="19" class="Tests\Unit\Domain\Analytics\PercentageNormalizerTest" classname="Tests.Unit.Domain.Analytics.PercentageNormalizerTest" assertions="1" time="0.000108"/>
        <testcase name="test_single_value_returns_100" file="E:\coupony-backend\tests\Unit\Domain\Analytics\PercentageNormalizerTest.php" line="26" class="Tests\Unit\Domain\Analytics\PercentageNormalizerTest" classname="Tests.Unit.Domain.Analytics.PercentageNormalizerTest" assertions="1" time="0.000073"/>
        <testcase name="test_equal_values_sum_to_100" file="E:\coupony-backend\tests\Unit\Domain\Analytics\PercentageNormalizerTest.php" line="33" class="Tests\Unit\Domain\Analytics\PercentageNormalizerTest" classname="Tests.Unit.Domain.Analytics.PercentageNormalizerTest" assertions="2" time="0.000495"/>
        <testcase name="test_values_are_rounded_to_one_decimal" file="E:\coupony-backend\tests\Unit\Domain\Analytics\PercentageNormalizerTest.php" line="41" class="Tests\Unit\Domain\Analytics\PercentageNormalizerTest" classname="Tests.Unit.Domain.Analytics.PercentageNormalizerTest" assertions="3" time="0.000092"/>
        <testcase name="test_sum_equals_exactly_100_with_rounding_drift" file="E:\coupony-backend\tests\Unit\Domain\Analytics\PercentageNormalizerTest.php" line="51" class="Tests\Unit\Domain\Analytics\PercentageNormalizerTest" classname="Tests.Unit.Domain.Analytics.PercentageNormalizerTest" assertions="1" time="0.000116"/>
        <testcase name="test_output_array_has_same_length_as_input" file="E:\coupony-backend\tests\Unit\Domain\Analytics\PercentageNormalizerTest.php" line="60" class="Tests\Unit\Domain\Analytics\PercentageNormalizerTest" classname="Tests.Unit.Domain.Analytics.PercentageNormalizerTest" assertions="1" time="0.000072"/>
        <testcase name="test_known_distribution" file="E:\coupony-backend\tests\Unit\Domain\Analytics\PercentageNormalizerTest.php" line="68" class="Tests\Unit\Domain\Analytics\PercentageNormalizerTest" classname="Tests.Unit.Domain.Analytics.PercentageNormalizerTest" assertions="1" time="0.000073"/>
        <testcase name="test_preserves_index_order" file="E:\coupony-backend\tests\Unit\Domain\Analytics\PercentageNormalizerTest.php" line="76" class="Tests\Unit\Domain\Analytics\PercentageNormalizerTest" classname="Tests.Unit.Domain.Analytics.PercentageNormalizerTest" assertions="1" time="0.000073"/>
        <testsuite name="Tests\Unit\Domain\Analytics\PercentageNormalizerTest::test_property_normalized_output_sums_to_100" tests="100" assertions="100" errors="0" failures="0" skipped="0" time="0.011272">
          <testcase name="test_property_normalized_output_sums_to_100 with data set &quot;random_array_iteration_0&quot;" file="E:\coupony-backend\tests\Unit\Domain\Analytics\PercentageNormalizerTest.php" line="93" class="Tests\Unit\Domain\Analytics\PercentageNormalizerTest" classname="Tests.Unit.Domain.Analytics.PercentageNormalizerTest" assertions="1" time="0.000316"/>
          <testcase name="test_property_normalized_output_sums_to_100 with data set &quot;random_array_iteration_1&quot;" file="E:\coupony-backend\tests\Unit\Domain\Analytics\PercentageNormalizerTest.php" line="93" class="Tests\Unit\Domain\Analytics\PercentageNormalizerTest" classname="Tests.Unit.Domain.Analytics.PercentageNormalizerTest" assertions="1" time="0.000128"/>
          <testcase name="test_property_normalized_output_sums_to_100 with data set &quot;random_array_iteration_2&quot;" file="E:\coupony-backend\tests\Unit\Domain\Analytics\PercentageNormalizerTest.php" line="93" class="Tests\Unit\Domain\Analytics\PercentageNormalizerTest" classname="Tests.Unit.Domain.Analytics.PercentageNormalizerTest" assertions="1" time="0.000114"/>
          <testcase name="test_property_normalized_output_sums_to_100 with data set &quot;random_array_iteration_3&quot;" file="E:\coupony-backend\tests\Unit\Domain\Analytics\PercentageNormalizerTest.php" line="93" class="Tests\Unit\Domain\Analytics\PercentageNormalizerTest" classname="Tests.Unit.Domain.Analytics.PercentageNormalizerTest" assertions="1" time="0.000097"/>
          <testcase name="test_property_normalized_output_sums_to_100 with data set &quot;random_array_iteration_4&quot;" file="E:\coupony-backend\tests\Unit\Domain\Analytics\PercentageNormalizerTest.php" line="93" class="Tests\Unit\Domain\Analytics\PercentageNormalizerTest" classname="Tests.Unit.Domain.Analytics.PercentageNormalizerTest" assertions="1" time="0.000096"/>
          <testcase name="test_property_normalized_output_sums_to_100 with data set &quot;random_array_iteration_5&quot;" file="E:\coupony-backend\tests\Unit\Domain\Analytics\PercentageNormalizerTest.php" line="93" class="Tests\Unit\Domain\Analytics\PercentageNormalizerTest" classname="Tests.Unit.Domain.Analytics.PercentageNormalizerTest" assertions="1" time="0.000096"/>
          <testcase name="test_property_normalized_output_sums_to_100 with data set &quot;random_array_iteration_6&quot;" file="E:\coupony-backend\tests\Unit\Domain\Analytics\PercentageNormalizerTest.php" line="93" class="Tests\Unit\Domain\Analytics\PercentageNormalizerTest" classname="Tests.Unit.Domain.Analytics.PercentageNormalizerTest" assertions="1" time="0.000103"/>
          <testcase name="test_property_normalized_output_sums_to_100 with data set &quot;random_array_iteration_7&quot;" file="E:\coupony-backend\tests\Unit\Domain\Analytics\PercentageNormalizerTest.php" line="93" class="Tests\Unit\Domain\Analytics\PercentageNormalizerTest" classname="Tests.Unit.Domain.Analytics.PercentageNormalizerTest" assertions="1" time="0.000135"/>
          <testcase name="test_property_normalized_output_sums_to_100 with data set &quot;random_array_iteration_8&quot;" file="E:\coupony-backend\tests\Unit\Domain\Analytics\PercentageNormalizerTest.php" line="93" class="Tests\Unit\Domain\Analytics\PercentageNormalizerTest" classname="Tests.Unit.Domain.Analytics.PercentageNormalizerTest" assertions="1" time="0.000108"/>
          <testcase name="test_property_normalized_output_sums_to_100 with data set &quot;random_array_iteration_9&quot;" file="E:\coupony-backend\tests\Unit\Domain\Analytics\PercentageNormalizerTest.php" line="93" class="Tests\Unit\Domain\Analytics\PercentageNormalizerTest" classname="Tests.Unit.Domain.Analytics.PercentageNormalizerTest" assertions="1" time="0.000105"/>
          <testcase name="test_property_normalized_output_sums_to_100 with data set &quot;random_array_iteration_10&quot;" file="E:\coupony-backend\tests\Unit\Domain\Analytics\PercentageNormalizerTest.php" line="93" class="Tests\Unit\Domain\Analytics\PercentageNormalizerTest" classname="Tests.Unit.Domain.Analytics.PercentageNormalizerTest" assertions="1" time="0.000089"/>
          <testcase name="test_property_normalized_output_sums_to_100 with data set &quot;random_array_iteration_11&quot;" file="E:\coupony-backend\tests\Unit\Domain\Analytics\PercentageNormalizerTest.php" line="93" class="Tests\Unit\Domain\Analytics\PercentageNormalizerTest" classname="Tests.Unit.Domain.Analytics.PercentageNormalizerTest" assertions="1" time="0.000099"/>
          <testcase name="test_property_normalized_output_sums_to_100 with data set &quot;random_array_iteration_12&quot;" file="E:\coupony-backend\tests\Unit\Domain\Analytics\PercentageNormalizerTest.php" line="93" class="Tests\Unit\Domain\Analytics\PercentageNormalizerTest" classname="Tests.Unit.Domain.Analytics.PercentageNormalizerTest" assertions="1" time="0.000103"/>
          <testcase name="test_property_normalized_output_sums_to_100 with data set &quot;random_array_iteration_13&quot;" file="E:\coupony-backend\tests\Unit\Domain\Analytics\PercentageNormalizerTest.php" line="93" class="Tests\Unit\Domain\Analytics\PercentageNormalizerTest" classname="Tests.Unit.Domain.Analytics.PercentageNormalizerTest" assertions="1" time="0.000108"/>
          <testcase name="test_property_normalized_output_sums_to_100 with data set &quot;random_array_iteration_14&quot;" file="E:\coupony-backend\tests\Unit\Domain\Analytics\PercentageNormalizerTest.php" line="93" class="Tests\Unit\Domain\Analytics\PercentageNormalizerTest" classname="Tests.Unit.Domain.Analytics.PercentageNormalizerTest" assertions="1" time="0.000105"/>
          <testcase name="test_property_normalized_output_sums_to_100 with data set &quot;random_array_iteration_15&quot;" file="E:\coupony-backend\tests\Unit\Domain\Analytics\PercentageNormalizerTest.php" line="93" class="Tests\Unit\Domain\Analytics\PercentageNormalizerTest" classname="Tests.Unit.Domain.Analytics.PercentageNormalizerTest" assertions="1" time="0.000106"/>
          <testcase name="test_property_normalized_output_sums_to_100 with data set &quot;random_array_iteration_16&quot;" file="E:\coupony-backend\tests\Unit\Domain\Analytics\PercentageNormalizerTest.php" line="93" class="Tests\Unit\Domain\Analytics\PercentageNormalizerTest" classname="Tests.Unit.Domain.Analytics.PercentageNormalizerTest" assertions="1" time="0.000094"/>
          <testcase name="test_property_normalized_output_sums_to_100 with data set &quot;random_array_iteration_17&quot;" file="E:\coupony-backend\tests\Unit\Domain\Analytics\PercentageNormalizerTest.php" line="93" class="Tests\Unit\Domain\Analytics\PercentageNormalizerTest" classname="Tests.Unit.Domain.Analytics.PercentageNormalizerTest" assertions="1" time="0.000079"/>
          <testcase name="test_property_normalized_output_sums_to_100 with data set &quot;random_array_iteration_18&quot;" file="E:\coupony-backend\tests\Unit\Domain\Analytics\PercentageNormalizerTest.php" line="93" class="Tests\Unit\Domain\Analytics\PercentageNormalizerTest" classname="Tests.Unit.Domain.Analytics.PercentageNormalizerTest" assertions="1" time="0.000096"/>
          <testcase name="test_property_normalized_output_sums_to_100 with data set &quot;random_array_iteration_19&quot;" file="E:\coupony-backend\tests\Unit\Domain\Analytics\PercentageNormalizerTest.php" line="93" class="Tests\Unit\Domain\Analytics\PercentageNormalizerTest" classname="Tests.Unit.Domain.Analytics.PercentageNormalizerTest" assertions="1" time="0.000143"/>
          <testcase name="test_property_normalized_output_sums_to_100 with data set &quot;random_array_iteration_20&quot;" file="E:\coupony-backend\tests\Unit\Domain\Analytics\PercentageNormalizerTest.php" line="93" class="Tests\Unit\Domain\Analytics\PercentageNormalizerTest" classname="Tests.Unit.Domain.Analytics.PercentageNormalizerTest" assertions="1" time="0.000097"/>
          <testcase name="test_property_normalized_output_sums_to_100 with data set &quot;random_array_iteration_21&quot;" file="E:\coupony-backend\tests\Unit\Domain\Analytics\PercentageNormalizerTest.php" line="93" class="Tests\Unit\Domain\Analytics\PercentageNormalizerTest" classname="Tests.Unit.Domain.Analytics.PercentageNormalizerTest" assertions="1" time="0.000114"/>
          <testcase name="test_property_normalized_output_sums_to_100 with data set &quot;random_array_iteration_22&quot;" file="E:\coupony-backend\tests\Unit\Domain\Analytics\PercentageNormalizerTest.php" line="93" class="Tests\Unit\Domain\Analytics\PercentageNormalizerTest" classname="Tests.Unit.Domain.Analytics.PercentageNormalizerTest" assertions="1" time="0.000088"/>
          <testcase name="test_property_normalized_output_sums_to_100 with data set &quot;random_array_iteration_23&quot;" file="E:\coupony-backend\tests\Unit\Domain\Analytics\PercentageNormalizerTest.php" line="93" class="Tests\Unit\Domain\Analytics\PercentageNormalizerTest" classname="Tests.Unit.Domain.Analytics.PercentageNormalizerTest" assertions="1" time="0.000097"/>
          <testcase name="test_property_normalized_output_sums_to_100 with data set &quot;random_array_iteration_24&quot;" file="E:\coupony-backend\tests\Unit\Domain\Analytics\PercentageNormalizerTest.php" line="93" class="Tests\Unit\Domain\Analytics\PercentageNormalizerTest" classname="Tests.Unit.Domain.Analytics.PercentageNormalizerTest" assertions="1" time="0.000082"/>
          <testcase name="test_property_normalized_output_sums_to_100 with data set &quot;random_array_iteration_25&quot;" file="E:\coupony-backend\tests\Unit\Domain\Analytics\PercentageNormalizerTest.php" line="93" class="Tests\Unit\Domain\Analytics\PercentageNormalizerTest" classname="Tests.Unit.Domain.Analytics.PercentageNormalizerTest" assertions="1" time="0.000090"/>
          <testcase name="test_property_normalized_output_sums_to_100 with data set &quot;random_array_iteration_26&quot;" file="E:\coupony-backend\tests\Unit\Domain\Analytics\PercentageNormalizerTest.php" line="93" class="Tests\Unit\Domain\Analytics\PercentageNormalizerTest" classname="Tests.Unit.Domain.Analytics.PercentageNormalizerTest" assertions="1" time="0.000111"/>
          <testcase name="test_property_normalized_output_sums_to_100 with data set &quot;random_array_iteration_27&quot;" file="E:\coupony-backend\tests\Unit\Domain\Analytics\PercentageNormalizerTest.php" line="93" class="Tests\Unit\Domain\Analytics\PercentageNormalizerTest" classname="Tests.Unit.Domain.Analytics.PercentageNormalizerTest" assertions="1" time="0.000089"/>
          <testcase name="test_property_normalized_output_sums_to_100 with data set &quot;random_array_iteration_28&quot;" file="E:\coupony-backend\tests\Unit\Domain\Analytics\PercentageNormalizerTest.php" line="93" class="Tests\Unit\Domain\Analytics\PercentageNormalizerTest" classname="Tests.Unit.Domain.Analytics.PercentageNormalizerTest" assertions="1" time="0.000080"/>
          <testcase name="test_property_normalized_output_sums_to_100 with data set &quot;random_array_iteration_29&quot;" file="E:\coupony-backend\tests\Unit\Domain\Analytics\PercentageNormalizerTest.php" line="93" class="Tests\Unit\Domain\Analytics\PercentageNormalizerTest" classname="Tests.Unit.Domain.Analytics.PercentageNormalizerTest" assertions="1" time="0.000081"/>
          <testcase name="test_property_normalized_output_sums_to_100 with data set &quot;random_array_iteration_30&quot;" file="E:\coupony-backend\tests\Unit\Domain\Analytics\PercentageNormalizerTest.php" line="93" class="Tests\Unit\Domain\Analytics\PercentageNormalizerTest" classname="Tests.Unit.Domain.Analytics.PercentageNormalizerTest" assertions="1" time="0.000104"/>
          <testcase name="test_property_normalized_output_sums_to_100 with data set &quot;random_array_iteration_31&quot;" file="E:\coupony-backend\tests\Unit\Domain\Analytics\PercentageNormalizerTest.php" line="93" class="Tests\Unit\Domain\Analytics\PercentageNormalizerTest" classname="Tests.Unit.Domain.Analytics.PercentageNormalizerTest" assertions="1" time="0.000104"/>
          <testcase name="test_property_normalized_output_sums_to_100 with data set &quot;random_array_iteration_32&quot;" file="E:\coupony-backend\tests\Unit\Domain\Analytics\PercentageNormalizerTest.php" line="93" class="Tests\Unit\Domain\Analytics\PercentageNormalizerTest" classname="Tests.Unit.Domain.Analytics.PercentageNormalizerTest" assertions="1" time="0.000088"/>
          <testcase name="test_property_normalized_output_sums_to_100 with data set &quot;random_array_iteration_33&quot;" file="E:\coupony-backend\tests\Unit\Domain\Analytics\PercentageNormalizerTest.php" line="93" class="Tests\Unit\Domain\Analytics\PercentageNormalizerTest" classname="Tests.Unit.Domain.Analytics.PercentageNormalizerTest" assertions="1" time="0.000091"/>
          <testcase name="test_property_normalized_output_sums_to_100 with data set &quot;random_array_iteration_34&quot;" file="E:\coupony-backend\tests\Unit\Domain\Analytics\PercentageNormalizerTest.php" line="93" class="Tests\Unit\Domain\Analytics\PercentageNormalizerTest" classname="Tests.Unit.Domain.Analytics.PercentageNormalizerTest" assertions="1" time="0.000088"/>
          <testcase name="test_property_normalized_output_sums_to_100 with data set &quot;random_array_iteration_35&quot;" file="E:\coupony-backend\tests\Unit\Domain\Analytics\PercentageNormalizerTest.php" line="93" class="Tests\Unit\Domain\Analytics\PercentageNormalizerTest" classname="Tests.Unit.Domain.Analytics.PercentageNormalizerTest" assertions="1" time="0.000084"/>
          <testcase name="test_property_normalized_output_sums_to_100 with data set &quot;random_array_iteration_36&quot;" file="E:\coupony-backend\tests\Unit\Domain\Analytics\PercentageNormalizerTest.php" line="93" class="Tests\Unit\Domain\Analytics\PercentageNormalizerTest" classname="Tests.Unit.Domain.Analytics.PercentageNormalizerTest" assertions="1" time="0.000106"/>
          <testcase name="test_property_normalized_output_sums_to_100 with data set &quot;random_array_iteration_37&quot;" file="E:\coupony-backend\tests\Unit\Domain\Analytics\PercentageNormalizerTest.php" line="93" class="Tests\Unit\Domain\Analytics\PercentageNormalizerTest" classname="Tests.Unit.Domain.Analytics.PercentageNormalizerTest" assertions="1" time="0.000090"/>
          <testcase name="test_property_normalized_output_sums_to_100 with data set &quot;random_array_iteration_38&quot;" file="E:\coupony-backend\tests\Unit\Domain\Analytics\PercentageNormalizerTest.php" line="93" class="Tests\Unit\Domain\Analytics\PercentageNormalizerTest" classname="Tests.Unit.Domain.Analytics.PercentageNormalizerTest" assertions="1" time="0.000100"/>
          <testcase name="test_property_normalized_output_sums_to_100 with data set &quot;random_array_iteration_39&quot;" file="E:\coupony-backend\tests\Unit\Domain\Analytics\PercentageNormalizerTest.php" line="93" class="Tests\Unit\Domain\Analytics\PercentageNormalizerTest" classname="Tests.Unit.Domain.Analytics.PercentageNormalizerTest" assertions="1" time="0.000102"/>
          <testcase name="test_property_normalized_output_sums_to_100 with data set &quot;random_array_iteration_40&quot;" file="E:\coupony-backend\tests\Unit\Domain\Analytics\PercentageNormalizerTest.php" line="93" class="Tests\Unit\Domain\Analytics\PercentageNormalizerTest" classname="Tests.Unit.Domain.Analytics.PercentageNormalizerTest" assertions="1" time="0.000198"/>
          <testcase name="test_property_normalized_output_sums_to_100 with data set &quot;random_array_iteration_41&quot;" file="E:\coupony-backend\tests\Unit\Domain\Analytics\PercentageNormalizerTest.php" line="93" class="Tests\Unit\Domain\Analytics\PercentageNormalizerTest" classname="Tests.Unit.Domain.Analytics.PercentageNormalizerTest" assertions="1" time="0.000105"/>
          <testcase name="test_property_normalized_output_sums_to_100 with data set &quot;random_array_iteration_42&quot;" file="E:\coupony-backend\tests\Unit\Domain\Analytics\PercentageNormalizerTest.php" line="93" class="Tests\Unit\Domain\Analytics\PercentageNormalizerTest" classname="Tests.Unit.Domain.Analytics.PercentageNormalizerTest" assertions="1" time="0.000108"/>
          <testcase name="test_property_normalized_output_sums_to_100 with data set &quot;random_array_iteration_43&quot;" file="E:\coupony-backend\tests\Unit\Domain\Analytics\PercentageNormalizerTest.php" line="93" class="Tests\Unit\Domain\Analytics\PercentageNormalizerTest" classname="Tests.Unit.Domain.Analytics.PercentageNormalizerTest" assertions="1" time="0.000095"/>
          <testcase name="test_property_normalized_output_sums_to_100 with data set &quot;random_array_iteration_44&quot;" file="E:\coupony-backend\tests\Unit\Domain\Analytics\PercentageNormalizerTest.php" line="93" class="Tests\Unit\Domain\Analytics\PercentageNormalizerTest" classname="Tests.Unit.Domain.Analytics.PercentageNormalizerTest" assertions="1" time="0.000089"/>
          <testcase name="test_property_normalized_output_sums_to_100 with data set &quot;random_array_iteration_45&quot;" file="E:\coupony-backend\tests\Unit\Domain\Analytics\PercentageNormalizerTest.php" line="93" class="Tests\Unit\Domain\Analytics\PercentageNormalizerTest" classname="Tests.Unit.Domain.Analytics.PercentageNormalizerTest" assertions="1" time="0.000112"/>
          <testcase name="test_property_normalized_output_sums_to_100 with data set &quot;random_array_iteration_46&quot;" file="E:\coupony-backend\tests\Unit\Domain\Analytics\PercentageNormalizerTest.php" line="93" class="Tests\Unit\Domain\Analytics\PercentageNormalizerTest" classname="Tests.Unit.Domain.Analytics.PercentageNormalizerTest" assertions="1" time="0.000082"/>
          <testcase name="test_property_normalized_output_sums_to_100 with data set &quot;random_array_iteration_47&quot;" file="E:\coupony-backend\tests\Unit\Domain\Analytics\PercentageNormalizerTest.php" line="93" class="Tests\Unit\Domain\Analytics\PercentageNormalizerTest" classname="Tests.Unit.Domain.Analytics.PercentageNormalizerTest" assertions="1" time="0.000106"/>
          <testcase name="test_property_normalized_output_sums_to_100 with data set &quot;random_array_iteration_48&quot;" file="E:\coupony-backend\tests\Unit\Domain\Analytics\PercentageNormalizerTest.php" line="93" class="Tests\Unit\Domain\Analytics\PercentageNormalizerTest" classname="Tests.Unit.Domain.Analytics.PercentageNormalizerTest" assertions="1" time="0.000087"/>
          <testcase name="test_property_normalized_output_sums_to_100 with data set &quot;random_array_iteration_49&quot;" file="E:\coupony-backend\tests\Unit\Domain\Analytics\PercentageNormalizerTest.php" line="93" class="Tests\Unit\Domain\Analytics\PercentageNormalizerTest" classname="Tests.Unit.Domain.Analytics.PercentageNormalizerTest" assertions="1" time="0.000108"/>
          <testcase name="test_property_normalized_output_sums_to_100 with data set &quot;random_array_iteration_50&quot;" file="E:\coupony-backend\tests\Unit\Domain\Analytics\PercentageNormalizerTest.php" line="93" class="Tests\Unit\Domain\Analytics\PercentageNormalizerTest" classname="Tests.Unit.Domain.Analytics.PercentageNormalizerTest" assertions="1" time="0.000100"/>
          <testcase name="test_property_normalized_output_sums_to_100 with data set &quot;random_array_iteration_51&quot;" file="E:\coupony-backend\tests\Unit\Domain\Analytics\PercentageNormalizerTest.php" line="93" class="Tests\Unit\Domain\Analytics\PercentageNormalizerTest" classname="Tests.Unit.Domain.Analytics.PercentageNormalizerTest" assertions="1" time="0.000100"/>
          <testcase name="test_property_normalized_output_sums_to_100 with data set &quot;random_array_iteration_52&quot;" file="E:\coupony-backend\tests\Unit\Domain\Analytics\PercentageNormalizerTest.php" line="93" class="Tests\Unit\Domain\Analytics\PercentageNormalizerTest" classname="Tests.Unit.Domain.Analytics.PercentageNormalizerTest" assertions="1" time="0.000084"/>
          <testcase name="test_property_normalized_output_sums_to_100 with data set &quot;random_array_iteration_53&quot;" file="E:\coupony-backend\tests\Unit\Domain\Analytics\PercentageNormalizerTest.php" line="93" class="Tests\Unit\Domain\Analytics\PercentageNormalizerTest" classname="Tests.Unit.Domain.Analytics.PercentageNormalizerTest" assertions="1" time="0.000099"/>
          <testcase name="test_property_normalized_output_sums_to_100 with data set &quot;random_array_iteration_54&quot;" file="E:\coupony-backend\tests\Unit\Domain\Analytics\PercentageNormalizerTest.php" line="93" class="Tests\Unit\Domain\Analytics\PercentageNormalizerTest" classname="Tests.Unit.Domain.Analytics.PercentageNormalizerTest" assertions="1" time="0.000098"/>
          <testcase name="test_property_normalized_output_sums_to_100 with data set &quot;random_array_iteration_55&quot;" file="E:\coupony-backend\tests\Unit\Domain\Analytics\PercentageNormalizerTest.php" line="93" class="Tests\Unit\Domain\Analytics\PercentageNormalizerTest" classname="Tests.Unit.Domain.Analytics.PercentageNormalizerTest" assertions="1" time="0.000108"/>
          <testcase name="test_property_normalized_output_sums_to_100 with data set &quot;random_array_iteration_56&quot;" file="E:\coupony-backend\tests\Unit\Domain\Analytics\PercentageNormalizerTest.php" line="93" class="Tests\Unit\Domain\Analytics\PercentageNormalizerTest" classname="Tests.Unit.Domain.Analytics.PercentageNormalizerTest" assertions="1" time="0.000131"/>
          <testcase name="test_property_normalized_output_sums_to_100 with data set &quot;random_array_iteration_57&quot;" file="E:\coupony-backend\tests\Unit\Domain\Analytics\PercentageNormalizerTest.php" line="93" class="Tests\Unit\Domain\Analytics\PercentageNormalizerTest" classname="Tests.Unit.Domain.Analytics.PercentageNormalizerTest" assertions="1" time="0.000096"/>
          <testcase name="test_property_normalized_output_sums_to_100 with data set &quot;random_array_iteration_58&quot;" file="E:\coupony-backend\tests\Unit\Domain\Analytics\PercentageNormalizerTest.php" line="93" class="Tests\Unit\Domain\Analytics\PercentageNormalizerTest" classname="Tests.Unit.Domain.Analytics.PercentageNormalizerTest" assertions="1" time="0.000083"/>
          <testcase name="test_property_normalized_output_sums_to_100 with data set &quot;random_array_iteration_59&quot;" file="E:\coupony-backend\tests\Unit\Domain\Analytics\PercentageNormalizerTest.php" line="93" class="Tests\Unit\Domain\Analytics\PercentageNormalizerTest" classname="Tests.Unit.Domain.Analytics.PercentageNormalizerTest" assertions="1" time="0.000098"/>
          <testcase name="test_property_normalized_output_sums_to_100 with data set &quot;random_array_iteration_60&quot;" file="E:\coupony-backend\tests\Unit\Domain\Analytics\PercentageNormalizerTest.php" line="93" class="Tests\Unit\Domain\Analytics\PercentageNormalizerTest" classname="Tests.Unit.Domain.Analytics.PercentageNormalizerTest" assertions="1" time="0.000103"/>
          <testcase name="test_property_normalized_output_sums_to_100 with data set &quot;random_array_iteration_61&quot;" file="E:\coupony-backend\tests\Unit\Domain\Analytics\PercentageNormalizerTest.php" line="93" class="Tests\Unit\Domain\Analytics\PercentageNormalizerTest" classname="Tests.Unit.Domain.Analytics.PercentageNormalizerTest" assertions="1" time="0.000110"/>
          <testcase name="test_property_normalized_output_sums_to_100 with data set &quot;random_array_iteration_62&quot;" file="E:\coupony-backend\tests\Unit\Domain\Analytics\PercentageNormalizerTest.php" line="93" class="Tests\Unit\Domain\Analytics\PercentageNormalizerTest" classname="Tests.Unit.Domain.Analytics.PercentageNormalizerTest" assertions="1" time="0.000095"/>
          <testcase name="test_property_normalized_output_sums_to_100 with data set &quot;random_array_iteration_63&quot;" file="E:\coupony-backend\tests\Unit\Domain\Analytics\PercentageNormalizerTest.php" line="93" class="Tests\Unit\Domain\Analytics\PercentageNormalizerTest" classname="Tests.Unit.Domain.Analytics.PercentageNormalizerTest" assertions="1" time="0.000082"/>
          <testcase name="test_property_normalized_output_sums_to_100 with data set &quot;random_array_iteration_64&quot;" file="E:\coupony-backend\tests\Unit\Domain\Analytics\PercentageNormalizerTest.php" line="93" class="Tests\Unit\Domain\Analytics\PercentageNormalizerTest" classname="Tests.Unit.Domain.Analytics.PercentageNormalizerTest" assertions="1" time="0.000112"/>
          <testcase name="test_property_normalized_output_sums_to_100 with data set &quot;random_array_iteration_65&quot;" file="E:\coupony-backend\tests\Unit\Domain\Analytics\PercentageNormalizerTest.php" line="93" class="Tests\Unit\Domain\Analytics\PercentageNormalizerTest" classname="Tests.Unit.Domain.Analytics.PercentageNormalizerTest" assertions="1" time="0.000113"/>
          <testcase name="test_property_normalized_output_sums_to_100 with data set &quot;random_array_iteration_66&quot;" file="E:\coupony-backend\tests\Unit\Domain\Analytics\PercentageNormalizerTest.php" line="93" class="Tests\Unit\Domain\Analytics\PercentageNormalizerTest" classname="Tests.Unit.Domain.Analytics.PercentageNormalizerTest" assertions="1" time="0.000092"/>
          <testcase name="test_property_normalized_output_sums_to_100 with data set &quot;random_array_iteration_67&quot;" file="E:\coupony-backend\tests\Unit\Domain\Analytics\PercentageNormalizerTest.php" line="93" class="Tests\Unit\Domain\Analytics\PercentageNormalizerTest" classname="Tests.Unit.Domain.Analytics.PercentageNormalizerTest" assertions="1" time="0.000098"/>
          <testcase name="test_property_normalized_output_sums_to_100 with data set &quot;random_array_iteration_68&quot;" file="E:\coupony-backend\tests\Unit\Domain\Analytics\PercentageNormalizerTest.php" line="93" class="Tests\Unit\Domain\Analytics\PercentageNormalizerTest" classname="Tests.Unit.Domain.Analytics.PercentageNormalizerTest" assertions="1" time="0.000106"/>
          <testcase name="test_property_normalized_output_sums_to_100 with data set &quot;random_array_iteration_69&quot;" file="E:\coupony-backend\tests\Unit\Domain\Analytics\PercentageNormalizerTest.php" line="93" class="Tests\Unit\Domain\Analytics\PercentageNormalizerTest" classname="Tests.Unit.Domain.Analytics.PercentageNormalizerTest" assertions="1" time="0.000096"/>
          <testcase name="test_property_normalized_output_sums_to_100 with data set &quot;random_array_iteration_70&quot;" file="E:\coupony-backend\tests\Unit\Domain\Analytics\PercentageNormalizerTest.php" line="93" class="Tests\Unit\Domain\Analytics\PercentageNormalizerTest" classname="Tests.Unit.Domain.Analytics.PercentageNormalizerTest" assertions="1" time="0.000093"/>
          <testcase name="test_property_normalized_output_sums_to_100 with data set &quot;random_array_iteration_71&quot;" file="E:\coupony-backend\tests\Unit\Domain\Analytics\PercentageNormalizerTest.php" line="93" class="Tests\Unit\Domain\Analytics\PercentageNormalizerTest" classname="Tests.Unit.Domain.Analytics.PercentageNormalizerTest" assertions="1" time="0.000122"/>
          <testcase name="test_property_normalized_output_sums_to_100 with data set &quot;random_array_iteration_72&quot;" file="E:\coupony-backend\tests\Unit\Domain\Analytics\PercentageNormalizerTest.php" line="93" class="Tests\Unit\Domain\Analytics\PercentageNormalizerTest" classname="Tests.Unit.Domain.Analytics.PercentageNormalizerTest" assertions="1" time="0.000107"/>
          <testcase name="test_property_normalized_output_sums_to_100 with data set &quot;random_array_iteration_73&quot;" file="E:\coupony-backend\tests\Unit\Domain\Analytics\PercentageNormalizerTest.php" line="93" class="Tests\Unit\Domain\Analytics\PercentageNormalizerTest" classname="Tests.Unit.Domain.Analytics.PercentageNormalizerTest" assertions="1" time="0.000091"/>
          <testcase name="test_property_normalized_output_sums_to_100 with data set &quot;random_array_iteration_74&quot;" file="E:\coupony-backend\tests\Unit\Domain\Analytics\PercentageNormalizerTest.php" line="93" class="Tests\Unit\Domain\Analytics\PercentageNormalizerTest" classname="Tests.Unit.Domain.Analytics.PercentageNormalizerTest" assertions="1" time="0.000111"/>
          <testcase name="test_property_normalized_output_sums_to_100 with data set &quot;random_array_iteration_75&quot;" file="E:\coupony-backend\tests\Unit\Domain\Analytics\PercentageNormalizerTest.php" line="93" class="Tests\Unit\Domain\Analytics\PercentageNormalizerTest" classname="Tests.Unit.Domain.Analytics.PercentageNormalizerTest" assertions="1" time="0.000083"/>
          <testcase name="test_property_normalized_output_sums_to_100 with data set &quot;random_array_iteration_76&quot;" file="E:\coupony-backend\tests\Unit\Domain\Analytics\PercentageNormalizerTest.php" line="93" class="Tests\Unit\Domain\Analytics\PercentageNormalizerTest" classname="Tests.Unit.Domain.Analytics.PercentageNormalizerTest" assertions="1" time="0.000092"/>
          <testcase name="test_property_normalized_output_sums_to_100 with data set &quot;random_array_iteration_77&quot;" file="E:\coupony-backend\tests\Unit\Domain\Analytics\PercentageNormalizerTest.php" line="93" class="Tests\Unit\Domain\Analytics\PercentageNormalizerTest" classname="Tests.Unit.Domain.Analytics.PercentageNormalizerTest" assertions="1" time="0.000190"/>
          <testcase name="test_property_normalized_output_sums_to_100 with data set &quot;random_array_iteration_78&quot;" file="E:\coupony-backend\tests\Unit\Domain\Analytics\PercentageNormalizerTest.php" line="93" class="Tests\Unit\Domain\Analytics\PercentageNormalizerTest" classname="Tests.Unit.Domain.Analytics.PercentageNormalizerTest" assertions="1" time="0.000177"/>
          <testcase name="test_property_normalized_output_sums_to_100 with data set &quot;random_array_iteration_79&quot;" file="E:\coupony-backend\tests\Unit\Domain\Analytics\PercentageNormalizerTest.php" line="93" class="Tests\Unit\Domain\Analytics\PercentageNormalizerTest" classname="Tests.Unit.Domain.Analytics.PercentageNormalizerTest" assertions="1" time="0.000222"/>
          <testcase name="test_property_normalized_output_sums_to_100 with data set &quot;random_array_iteration_80&quot;" file="E:\coupony-backend\tests\Unit\Domain\Analytics\PercentageNormalizerTest.php" line="93" class="Tests\Unit\Domain\Analytics\PercentageNormalizerTest" classname="Tests.Unit.Domain.Analytics.PercentageNormalizerTest" assertions="1" time="0.000186"/>
          <testcase name="test_property_normalized_output_sums_to_100 with data set &quot;random_array_iteration_81&quot;" file="E:\coupony-backend\tests\Unit\Domain\Analytics\PercentageNormalizerTest.php" line="93" class="Tests\Unit\Domain\Analytics\PercentageNormalizerTest" classname="Tests.Unit.Domain.Analytics.PercentageNormalizerTest" assertions="1" time="0.000217"/>
          <testcase name="test_property_normalized_output_sums_to_100 with data set &quot;random_array_iteration_82&quot;" file="E:\coupony-backend\tests\Unit\Domain\Analytics\PercentageNormalizerTest.php" line="93" class="Tests\Unit\Domain\Analytics\PercentageNormalizerTest" classname="Tests.Unit.Domain.Analytics.PercentageNormalizerTest" assertions="1" time="0.000178"/>
          <testcase name="test_property_normalized_output_sums_to_100 with data set &quot;random_array_iteration_83&quot;" file="E:\coupony-backend\tests\Unit\Domain\Analytics\PercentageNormalizerTest.php" line="93" class="Tests\Unit\Domain\Analytics\PercentageNormalizerTest" classname="Tests.Unit.Domain.Analytics.PercentageNormalizerTest" assertions="1" time="0.000192"/>
          <testcase name="test_property_normalized_output_sums_to_100 with data set &quot;random_array_iteration_84&quot;" file="E:\coupony-backend\tests\Unit\Domain\Analytics\PercentageNormalizerTest.php" line="93" class="Tests\Unit\Domain\Analytics\PercentageNormalizerTest" classname="Tests.Unit.Domain.Analytics.PercentageNormalizerTest" assertions="1" time="0.000192"/>
          <testcase name="test_property_normalized_output_sums_to_100 with data set &quot;random_array_iteration_85&quot;" file="E:\coupony-backend\tests\Unit\Domain\Analytics\PercentageNormalizerTest.php" line="93" class="Tests\Unit\Domain\Analytics\PercentageNormalizerTest" classname="Tests.Unit.Domain.Analytics.PercentageNormalizerTest" assertions="1" time="0.000148"/>
          <testcase name="test_property_normalized_output_sums_to_100 with data set &quot;random_array_iteration_86&quot;" file="E:\coupony-backend\tests\Unit\Domain\Analytics\PercentageNormalizerTest.php" line="93" class="Tests\Unit\Domain\Analytics\PercentageNormalizerTest" classname="Tests.Unit.Domain.Analytics.PercentageNormalizerTest" assertions="1" time="0.000176"/>
          <testcase name="test_property_normalized_output_sums_to_100 with data set &quot;random_array_iteration_87&quot;" file="E:\coupony-backend\tests\Unit\Domain\Analytics\PercentageNormalizerTest.php" line="93" class="Tests\Unit\Domain\Analytics\PercentageNormalizerTest" classname="Tests.Unit.Domain.Analytics.PercentageNormalizerTest" assertions="1" time="0.000098"/>
          <testcase name="test_property_normalized_output_sums_to_100 with data set &quot;random_array_iteration_88&quot;" file="E:\coupony-backend\tests\Unit\Domain\Analytics\PercentageNormalizerTest.php" line="93" class="Tests\Unit\Domain\Analytics\PercentageNormalizerTest" classname="Tests.Unit.Domain.Analytics.PercentageNormalizerTest" assertions="1" time="0.000087"/>
          <testcase name="test_property_normalized_output_sums_to_100 with data set &quot;random_array_iteration_89&quot;" file="E:\coupony-backend\tests\Unit\Domain\Analytics\PercentageNormalizerTest.php" line="93" class="Tests\Unit\Domain\Analytics\PercentageNormalizerTest" classname="Tests.Unit.Domain.Analytics.PercentageNormalizerTest" assertions="1" time="0.000210"/>
          <testcase name="test_property_normalized_output_sums_to_100 with data set &quot;random_array_iteration_90&quot;" file="E:\coupony-backend\tests\Unit\Domain\Analytics\PercentageNormalizerTest.php" line="93" class="Tests\Unit\Domain\Analytics\PercentageNormalizerTest" classname="Tests.Unit.Domain.Analytics.PercentageNormalizerTest" assertions="1" time="0.000116"/>
          <testcase name="test_property_normalized_output_sums_to_100 with data set &quot;random_array_iteration_91&quot;" file="E:\coupony-backend\tests\Unit\Domain\Analytics\PercentageNormalizerTest.php" line="93" class="Tests\Unit\Domain\Analytics\PercentageNormalizerTest" classname="Tests.Unit.Domain.Analytics.PercentageNormalizerTest" assertions="1" time="0.000118"/>
          <testcase name="test_property_normalized_output_sums_to_100 with data set &quot;random_array_iteration_92&quot;" file="E:\coupony-backend\tests\Unit\Domain\Analytics\PercentageNormalizerTest.php" line="93" class="Tests\Unit\Domain\Analytics\PercentageNormalizerTest" classname="Tests.Unit.Domain.Analytics.PercentageNormalizerTest" assertions="1" time="0.000099"/>
          <testcase name="test_property_normalized_output_sums_to_100 with data set &quot;random_array_iteration_93&quot;" file="E:\coupony-backend\tests\Unit\Domain\Analytics\PercentageNormalizerTest.php" line="93" class="Tests\Unit\Domain\Analytics\PercentageNormalizerTest" classname="Tests.Unit.Domain.Analytics.PercentageNormalizerTest" assertions="1" time="0.000103"/>
          <testcase name="test_property_normalized_output_sums_to_100 with data set &quot;random_array_iteration_94&quot;" file="E:\coupony-backend\tests\Unit\Domain\Analytics\PercentageNormalizerTest.php" line="93" class="Tests\Unit\Domain\Analytics\PercentageNormalizerTest" classname="Tests.Unit.Domain.Analytics.PercentageNormalizerTest" assertions="1" time="0.000093"/>
          <testcase name="test_property_normalized_output_sums_to_100 with data set &quot;random_array_iteration_95&quot;" file="E:\coupony-backend\tests\Unit\Domain\Analytics\PercentageNormalizerTest.php" line="93" class="Tests\Unit\Domain\Analytics\PercentageNormalizerTest" classname="Tests.Unit.Domain.Analytics.PercentageNormalizerTest" assertions="1" time="0.000088"/>
          <testcase name="test_property_normalized_output_sums_to_100 with data set &quot;random_array_iteration_96&quot;" file="E:\coupony-backend\tests\Unit\Domain\Analytics\PercentageNormalizerTest.php" line="93" class="Tests\Unit\Domain\Analytics\PercentageNormalizerTest" classname="Tests.Unit.Domain.Analytics.PercentageNormalizerTest" assertions="1" time="0.000085"/>
          <testcase name="test_property_normalized_output_sums_to_100 with data set &quot;random_array_iteration_97&quot;" file="E:\coupony-backend\tests\Unit\Domain\Analytics\PercentageNormalizerTest.php" line="93" class="Tests\Unit\Domain\Analytics\PercentageNormalizerTest" classname="Tests.Unit.Domain.Analytics.PercentageNormalizerTest" assertions="1" time="0.000088"/>
          <testcase name="test_property_normalized_output_sums_to_100 with data set &quot;random_array_iteration_98&quot;" file="E:\coupony-backend\tests\Unit\Domain\Analytics\PercentageNormalizerTest.php" line="93" class="Tests\Unit\Domain\Analytics\PercentageNormalizerTest" classname="Tests.Unit.Domain.Analytics.PercentageNormalizerTest" assertions="1" time="0.000121"/>
          <testcase name="test_property_normalized_output_sums_to_100 with data set &quot;random_array_iteration_99&quot;" file="E:\coupony-backend\tests\Unit\Domain\Analytics\PercentageNormalizerTest.php" line="93" class="Tests\Unit\Domain\Analytics\PercentageNormalizerTest" classname="Tests.Unit.Domain.Analytics.PercentageNormalizerTest" assertions="1" time="0.000088"/>
        </testsuite>
        <testsuite name="Tests\Unit\Domain\Analytics\PercentageNormalizerTest::test_property_each_value_rounded_to_one_decimal" tests="100" assertions="538" errors="0" failures="0" skipped="0" time="0.011043">
          <testcase name="test_property_each_value_rounded_to_one_decimal with data set &quot;random_array_iteration_0&quot;" file="E:\coupony-backend\tests\Unit\Domain\Analytics\PercentageNormalizerTest.php" line="105" class="Tests\Unit\Domain\Analytics\PercentageNormalizerTest" classname="Tests.Unit.Domain.Analytics.PercentageNormalizerTest" assertions="8" time="0.000150"/>
          <testcase name="test_property_each_value_rounded_to_one_decimal with data set &quot;random_array_iteration_1&quot;" file="E:\coupony-backend\tests\Unit\Domain\Analytics\PercentageNormalizerTest.php" line="105" class="Tests\Unit\Domain\Analytics\PercentageNormalizerTest" classname="Tests.Unit.Domain.Analytics.PercentageNormalizerTest" assertions="4" time="0.000102"/>
          <testcase name="test_property_each_value_rounded_to_one_decimal with data set &quot;random_array_iteration_2&quot;" file="E:\coupony-backend\tests\Unit\Domain\Analytics\PercentageNormalizerTest.php" line="105" class="Tests\Unit\Domain\Analytics\PercentageNormalizerTest" classname="Tests.Unit.Domain.Analytics.PercentageNormalizerTest" assertions="5" time="0.000101"/>
          <testcase name="test_property_each_value_rounded_to_one_decimal with data set &quot;random_array_iteration_3&quot;" file="E:\coupony-backend\tests\Unit\Domain\Analytics\PercentageNormalizerTest.php" line="105" class="Tests\Unit\Domain\Analytics\PercentageNormalizerTest" classname="Tests.Unit.Domain.Analytics.PercentageNormalizerTest" assertions="3" time="0.000102"/>
          <testcase name="test_property_each_value_rounded_to_one_decimal with data set &quot;random_array_iteration_4&quot;" file="E:\coupony-backend\tests\Unit\Domain\Analytics\PercentageNormalizerTest.php" line="105" class="Tests\Unit\Domain\Analytics\PercentageNormalizerTest" classname="Tests.Unit.Domain.Analytics.PercentageNormalizerTest" assertions="9" time="0.000134"/>
          <testcase name="test_property_each_value_rounded_to_one_decimal with data set &quot;random_array_iteration_5&quot;" file="E:\coupony-backend\tests\Unit\Domain\Analytics\PercentageNormalizerTest.php" line="105" class="Tests\Unit\Domain\Analytics\PercentageNormalizerTest" classname="Tests.Unit.Domain.Analytics.PercentageNormalizerTest" assertions="6" time="0.000107"/>
          <testcase name="test_property_each_value_rounded_to_one_decimal with data set &quot;random_array_iteration_6&quot;" file="E:\coupony-backend\tests\Unit\Domain\Analytics\PercentageNormalizerTest.php" line="105" class="Tests\Unit\Domain\Analytics\PercentageNormalizerTest" classname="Tests.Unit.Domain.Analytics.PercentageNormalizerTest" assertions="2" time="0.000085"/>
          <testcase name="test_property_each_value_rounded_to_one_decimal with data set &quot;random_array_iteration_7&quot;" file="E:\coupony-backend\tests\Unit\Domain\Analytics\PercentageNormalizerTest.php" line="105" class="Tests\Unit\Domain\Analytics\PercentageNormalizerTest" classname="Tests.Unit.Domain.Analytics.PercentageNormalizerTest" assertions="9" time="0.000126"/>
          <testcase name="test_property_each_value_rounded_to_one_decimal with data set &quot;random_array_iteration_8&quot;" file="E:\coupony-backend\tests\Unit\Domain\Analytics\PercentageNormalizerTest.php" line="105" class="Tests\Unit\Domain\Analytics\PercentageNormalizerTest" classname="Tests.Unit.Domain.Analytics.PercentageNormalizerTest" assertions="6" time="0.000106"/>
          <testcase name="test_property_each_value_rounded_to_one_decimal with data set &quot;random_array_iteration_9&quot;" file="E:\coupony-backend\tests\Unit\Domain\Analytics\PercentageNormalizerTest.php" line="105" class="Tests\Unit\Domain\Analytics\PercentageNormalizerTest" classname="Tests.Unit.Domain.Analytics.PercentageNormalizerTest" assertions="2" time="0.000083"/>
          <testcase name="test_property_each_value_rounded_to_one_decimal with data set &quot;random_array_iteration_10&quot;" file="E:\coupony-backend\tests\Unit\Domain\Analytics\PercentageNormalizerTest.php" line="105" class="Tests\Unit\Domain\Analytics\PercentageNormalizerTest" classname="Tests.Unit.Domain.Analytics.PercentageNormalizerTest" assertions="1" time="0.000078"/>
          <testcase name="test_property_each_value_rounded_to_one_decimal with data set &quot;random_array_iteration_11&quot;" file="E:\coupony-backend\tests\Unit\Domain\Analytics\PercentageNormalizerTest.php" line="105" class="Tests\Unit\Domain\Analytics\PercentageNormalizerTest" classname="Tests.Unit.Domain.Analytics.PercentageNormalizerTest" assertions="1" time="0.000086"/>
          <testcase name="test_property_each_value_rounded_to_one_decimal with data set &quot;random_array_iteration_12&quot;" file="E:\coupony-backend\tests\Unit\Domain\Analytics\PercentageNormalizerTest.php" line="105" class="Tests\Unit\Domain\Analytics\PercentageNormalizerTest" classname="Tests.Unit.Domain.Analytics.PercentageNormalizerTest" assertions="10" time="0.000136"/>
          <testcase name="test_property_each_value_rounded_to_one_decimal with data set &quot;random_array_iteration_13&quot;" file="E:\coupony-backend\tests\Unit\Domain\Analytics\PercentageNormalizerTest.php" line="105" class="Tests\Unit\Domain\Analytics\PercentageNormalizerTest" classname="Tests.Unit.Domain.Analytics.PercentageNormalizerTest" assertions="2" time="0.000085"/>
          <testcase name="test_property_each_value_rounded_to_one_decimal with data set &quot;random_array_iteration_14&quot;" file="E:\coupony-backend\tests\Unit\Domain\Analytics\PercentageNormalizerTest.php" line="105" class="Tests\Unit\Domain\Analytics\PercentageNormalizerTest" classname="Tests.Unit.Domain.Analytics.PercentageNormalizerTest" assertions="4" time="0.000095"/>
          <testcase name="test_property_each_value_rounded_to_one_decimal with data set &quot;random_array_iteration_15&quot;" file="E:\coupony-backend\tests\Unit\Domain\Analytics\PercentageNormalizerTest.php" line="105" class="Tests\Unit\Domain\Analytics\PercentageNormalizerTest" classname="Tests.Unit.Domain.Analytics.PercentageNormalizerTest" assertions="1" time="0.000079"/>
          <testcase name="test_property_each_value_rounded_to_one_decimal with data set &quot;random_array_iteration_16&quot;" file="E:\coupony-backend\tests\Unit\Domain\Analytics\PercentageNormalizerTest.php" line="105" class="Tests\Unit\Domain\Analytics\PercentageNormalizerTest" classname="Tests.Unit.Domain.Analytics.PercentageNormalizerTest" assertions="1" time="0.000079"/>
          <testcase name="test_property_each_value_rounded_to_one_decimal with data set &quot;random_array_iteration_17&quot;" file="E:\coupony-backend\tests\Unit\Domain\Analytics\PercentageNormalizerTest.php" line="105" class="Tests\Unit\Domain\Analytics\PercentageNormalizerTest" classname="Tests.Unit.Domain.Analytics.PercentageNormalizerTest" assertions="9" time="0.000125"/>
          <testcase name="test_property_each_value_rounded_to_one_decimal with data set &quot;random_array_iteration_18&quot;" file="E:\coupony-backend\tests\Unit\Domain\Analytics\PercentageNormalizerTest.php" line="105" class="Tests\Unit\Domain\Analytics\PercentageNormalizerTest" classname="Tests.Unit.Domain.Analytics.PercentageNormalizerTest" assertions="2" time="0.000110"/>
          <testcase name="test_property_each_value_rounded_to_one_decimal with data set &quot;random_array_iteration_19&quot;" file="E:\coupony-backend\tests\Unit\Domain\Analytics\PercentageNormalizerTest.php" line="105" class="Tests\Unit\Domain\Analytics\PercentageNormalizerTest" classname="Tests.Unit.Domain.Analytics.PercentageNormalizerTest" assertions="9" time="0.000128"/>
          <testcase name="test_property_each_value_rounded_to_one_decimal with data set &quot;random_array_iteration_20&quot;" file="E:\coupony-backend\tests\Unit\Domain\Analytics\PercentageNormalizerTest.php" line="105" class="Tests\Unit\Domain\Analytics\PercentageNormalizerTest" classname="Tests.Unit.Domain.Analytics.PercentageNormalizerTest" assertions="1" time="0.000080"/>
          <testcase name="test_property_each_value_rounded_to_one_decimal with data set &quot;random_array_iteration_21&quot;" file="E:\coupony-backend\tests\Unit\Domain\Analytics\PercentageNormalizerTest.php" line="105" class="Tests\Unit\Domain\Analytics\PercentageNormalizerTest" classname="Tests.Unit.Domain.Analytics.PercentageNormalizerTest" assertions="9" time="0.000127"/>
          <testcase name="test_property_each_value_rounded_to_one_decimal with data set &quot;random_array_iteration_22&quot;" file="E:\coupony-backend\tests\Unit\Domain\Analytics\PercentageNormalizerTest.php" line="105" class="Tests\Unit\Domain\Analytics\PercentageNormalizerTest" classname="Tests.Unit.Domain.Analytics.PercentageNormalizerTest" assertions="4" time="0.000093"/>
          <testcase name="test_property_each_value_rounded_to_one_decimal with data set &quot;random_array_iteration_23&quot;" file="E:\coupony-backend\tests\Unit\Domain\Analytics\PercentageNormalizerTest.php" line="105" class="Tests\Unit\Domain\Analytics\PercentageNormalizerTest" classname="Tests.Unit.Domain.Analytics.PercentageNormalizerTest" assertions="1" time="0.000078"/>
          <testcase name="test_property_each_value_rounded_to_one_decimal with data set &quot;random_array_iteration_24&quot;" file="E:\coupony-backend\tests\Unit\Domain\Analytics\PercentageNormalizerTest.php" line="105" class="Tests\Unit\Domain\Analytics\PercentageNormalizerTest" classname="Tests.Unit.Domain.Analytics.PercentageNormalizerTest" assertions="10" time="0.000133"/>
          <testcase name="test_property_each_value_rounded_to_one_decimal with data set &quot;random_array_iteration_25&quot;" file="E:\coupony-backend\tests\Unit\Domain\Analytics\PercentageNormalizerTest.php" line="105" class="Tests\Unit\Domain\Analytics\PercentageNormalizerTest" classname="Tests.Unit.Domain.Analytics.PercentageNormalizerTest" assertions="8" time="0.000125"/>
          <testcase name="test_property_each_value_rounded_to_one_decimal with data set &quot;random_array_iteration_26&quot;" file="E:\coupony-backend\tests\Unit\Domain\Analytics\PercentageNormalizerTest.php" line="105" class="Tests\Unit\Domain\Analytics\PercentageNormalizerTest" classname="Tests.Unit.Domain.Analytics.PercentageNormalizerTest" assertions="6" time="0.000106"/>
          <testcase name="test_property_each_value_rounded_to_one_decimal with data set &quot;random_array_iteration_27&quot;" file="E:\coupony-backend\tests\Unit\Domain\Analytics\PercentageNormalizerTest.php" line="105" class="Tests\Unit\Domain\Analytics\PercentageNormalizerTest" classname="Tests.Unit.Domain.Analytics.PercentageNormalizerTest" assertions="8" time="0.000118"/>
          <testcase name="test_property_each_value_rounded_to_one_decimal with data set &quot;random_array_iteration_28&quot;" file="E:\coupony-backend\tests\Unit\Domain\Analytics\PercentageNormalizerTest.php" line="105" class="Tests\Unit\Domain\Analytics\PercentageNormalizerTest" classname="Tests.Unit.Domain.Analytics.PercentageNormalizerTest" assertions="6" time="0.000105"/>
          <testcase name="test_property_each_value_rounded_to_one_decimal with data set &quot;random_array_iteration_29&quot;" file="E:\coupony-backend\tests\Unit\Domain\Analytics\PercentageNormalizerTest.php" line="105" class="Tests\Unit\Domain\Analytics\PercentageNormalizerTest" classname="Tests.Unit.Domain.Analytics.PercentageNormalizerTest" assertions="6" time="0.000104"/>
          <testcase name="test_property_each_value_rounded_to_one_decimal with data set &quot;random_array_iteration_30&quot;" file="E:\coupony-backend\tests\Unit\Domain\Analytics\PercentageNormalizerTest.php" line="105" class="Tests\Unit\Domain\Analytics\PercentageNormalizerTest" classname="Tests.Unit.Domain.Analytics.PercentageNormalizerTest" assertions="10" time="0.000133"/>
          <testcase name="test_property_each_value_rounded_to_one_decimal with data set &quot;random_array_iteration_31&quot;" file="E:\coupony-backend\tests\Unit\Domain\Analytics\PercentageNormalizerTest.php" line="105" class="Tests\Unit\Domain\Analytics\PercentageNormalizerTest" classname="Tests.Unit.Domain.Analytics.PercentageNormalizerTest" assertions="7" time="0.000113"/>
          <testcase name="test_property_each_value_rounded_to_one_decimal with data set &quot;random_array_iteration_32&quot;" file="E:\coupony-backend\tests\Unit\Domain\Analytics\PercentageNormalizerTest.php" line="105" class="Tests\Unit\Domain\Analytics\PercentageNormalizerTest" classname="Tests.Unit.Domain.Analytics.PercentageNormalizerTest" assertions="7" time="0.000127"/>
          <testcase name="test_property_each_value_rounded_to_one_decimal with data set &quot;random_array_iteration_33&quot;" file="E:\coupony-backend\tests\Unit\Domain\Analytics\PercentageNormalizerTest.php" line="105" class="Tests\Unit\Domain\Analytics\PercentageNormalizerTest" classname="Tests.Unit.Domain.Analytics.PercentageNormalizerTest" assertions="2" time="0.000085"/>
          <testcase name="test_property_each_value_rounded_to_one_decimal with data set &quot;random_array_iteration_34&quot;" file="E:\coupony-backend\tests\Unit\Domain\Analytics\PercentageNormalizerTest.php" line="105" class="Tests\Unit\Domain\Analytics\PercentageNormalizerTest" classname="Tests.Unit.Domain.Analytics.PercentageNormalizerTest" assertions="6" time="0.000105"/>
          <testcase name="test_property_each_value_rounded_to_one_decimal with data set &quot;random_array_iteration_35&quot;" file="E:\coupony-backend\tests\Unit\Domain\Analytics\PercentageNormalizerTest.php" line="105" class="Tests\Unit\Domain\Analytics\PercentageNormalizerTest" classname="Tests.Unit.Domain.Analytics.PercentageNormalizerTest" assertions="4" time="0.000093"/>
          <testcase name="test_property_each_value_rounded_to_one_decimal with data set &quot;random_array_iteration_36&quot;" file="E:\coupony-backend\tests\Unit\Domain\Analytics\PercentageNormalizerTest.php" line="105" class="Tests\Unit\Domain\Analytics\PercentageNormalizerTest" classname="Tests.Unit.Domain.Analytics.PercentageNormalizerTest" assertions="1" time="0.000078"/>
          <testcase name="test_property_each_value_rounded_to_one_decimal with data set &quot;random_array_iteration_37&quot;" file="E:\coupony-backend\tests\Unit\Domain\Analytics\PercentageNormalizerTest.php" line="105" class="Tests\Unit\Domain\Analytics\PercentageNormalizerTest" classname="Tests.Unit.Domain.Analytics.PercentageNormalizerTest" assertions="6" time="0.000104"/>
          <testcase name="test_property_each_value_rounded_to_one_decimal with data set &quot;random_array_iteration_38&quot;" file="E:\coupony-backend\tests\Unit\Domain\Analytics\PercentageNormalizerTest.php" line="105" class="Tests\Unit\Domain\Analytics\PercentageNormalizerTest" classname="Tests.Unit.Domain.Analytics.PercentageNormalizerTest" assertions="4" time="0.000092"/>
          <testcase name="test_property_each_value_rounded_to_one_decimal with data set &quot;random_array_iteration_39&quot;" file="E:\coupony-backend\tests\Unit\Domain\Analytics\PercentageNormalizerTest.php" line="105" class="Tests\Unit\Domain\Analytics\PercentageNormalizerTest" classname="Tests.Unit.Domain.Analytics.PercentageNormalizerTest" assertions="7" time="0.000110"/>
          <testcase name="test_property_each_value_rounded_to_one_decimal with data set &quot;random_array_iteration_40&quot;" file="E:\coupony-backend\tests\Unit\Domain\Analytics\PercentageNormalizerTest.php" line="105" class="Tests\Unit\Domain\Analytics\PercentageNormalizerTest" classname="Tests.Unit.Domain.Analytics.PercentageNormalizerTest" assertions="5" time="0.000111"/>
          <testcase name="test_property_each_value_rounded_to_one_decimal with data set &quot;random_array_iteration_41&quot;" file="E:\coupony-backend\tests\Unit\Domain\Analytics\PercentageNormalizerTest.php" line="105" class="Tests\Unit\Domain\Analytics\PercentageNormalizerTest" classname="Tests.Unit.Domain.Analytics.PercentageNormalizerTest" assertions="4" time="0.000094"/>
          <testcase name="test_property_each_value_rounded_to_one_decimal with data set &quot;random_array_iteration_42&quot;" file="E:\coupony-backend\tests\Unit\Domain\Analytics\PercentageNormalizerTest.php" line="105" class="Tests\Unit\Domain\Analytics\PercentageNormalizerTest" classname="Tests.Unit.Domain.Analytics.PercentageNormalizerTest" assertions="2" time="0.000084"/>
          <testcase name="test_property_each_value_rounded_to_one_decimal with data set &quot;random_array_iteration_43&quot;" file="E:\coupony-backend\tests\Unit\Domain\Analytics\PercentageNormalizerTest.php" line="105" class="Tests\Unit\Domain\Analytics\PercentageNormalizerTest" classname="Tests.Unit.Domain.Analytics.PercentageNormalizerTest" assertions="7" time="0.000112"/>
          <testcase name="test_property_each_value_rounded_to_one_decimal with data set &quot;random_array_iteration_44&quot;" file="E:\coupony-backend\tests\Unit\Domain\Analytics\PercentageNormalizerTest.php" line="105" class="Tests\Unit\Domain\Analytics\PercentageNormalizerTest" classname="Tests.Unit.Domain.Analytics.PercentageNormalizerTest" assertions="5" time="0.000098"/>
          <testcase name="test_property_each_value_rounded_to_one_decimal with data set &quot;random_array_iteration_45&quot;" file="E:\coupony-backend\tests\Unit\Domain\Analytics\PercentageNormalizerTest.php" line="105" class="Tests\Unit\Domain\Analytics\PercentageNormalizerTest" classname="Tests.Unit.Domain.Analytics.PercentageNormalizerTest" assertions="5" time="0.000097"/>
          <testcase name="test_property_each_value_rounded_to_one_decimal with data set &quot;random_array_iteration_46&quot;" file="E:\coupony-backend\tests\Unit\Domain\Analytics\PercentageNormalizerTest.php" line="105" class="Tests\Unit\Domain\Analytics\PercentageNormalizerTest" classname="Tests.Unit.Domain.Analytics.PercentageNormalizerTest" assertions="5" time="0.000098"/>
          <testcase name="test_property_each_value_rounded_to_one_decimal with data set &quot;random_array_iteration_47&quot;" file="E:\coupony-backend\tests\Unit\Domain\Analytics\PercentageNormalizerTest.php" line="105" class="Tests\Unit\Domain\Analytics\PercentageNormalizerTest" classname="Tests.Unit.Domain.Analytics.PercentageNormalizerTest" assertions="2" time="0.000100"/>
          <testcase name="test_property_each_value_rounded_to_one_decimal with data set &quot;random_array_iteration_48&quot;" file="E:\coupony-backend\tests\Unit\Domain\Analytics\PercentageNormalizerTest.php" line="105" class="Tests\Unit\Domain\Analytics\PercentageNormalizerTest" classname="Tests.Unit.Domain.Analytics.PercentageNormalizerTest" assertions="8" time="0.000121"/>
          <testcase name="test_property_each_value_rounded_to_one_decimal with data set &quot;random_array_iteration_49&quot;" file="E:\coupony-backend\tests\Unit\Domain\Analytics\PercentageNormalizerTest.php" line="105" class="Tests\Unit\Domain\Analytics\PercentageNormalizerTest" classname="Tests.Unit.Domain.Analytics.PercentageNormalizerTest" assertions="6" time="0.000105"/>
          <testcase name="test_property_each_value_rounded_to_one_decimal with data set &quot;random_array_iteration_50&quot;" file="E:\coupony-backend\tests\Unit\Domain\Analytics\PercentageNormalizerTest.php" line="105" class="Tests\Unit\Domain\Analytics\PercentageNormalizerTest" classname="Tests.Unit.Domain.Analytics.PercentageNormalizerTest" assertions="3" time="0.000087"/>
          <testcase name="test_property_each_value_rounded_to_one_decimal with data set &quot;random_array_iteration_51&quot;" file="E:\coupony-backend\tests\Unit\Domain\Analytics\PercentageNormalizerTest.php" line="105" class="Tests\Unit\Domain\Analytics\PercentageNormalizerTest" classname="Tests.Unit.Domain.Analytics.PercentageNormalizerTest" assertions="2" time="0.000081"/>
          <testcase name="test_property_each_value_rounded_to_one_decimal with data set &quot;random_array_iteration_52&quot;" file="E:\coupony-backend\tests\Unit\Domain\Analytics\PercentageNormalizerTest.php" line="105" class="Tests\Unit\Domain\Analytics\PercentageNormalizerTest" classname="Tests.Unit.Domain.Analytics.PercentageNormalizerTest" assertions="6" time="0.000105"/>
          <testcase name="test_property_each_value_rounded_to_one_decimal with data set &quot;random_array_iteration_53&quot;" file="E:\coupony-backend\tests\Unit\Domain\Analytics\PercentageNormalizerTest.php" line="105" class="Tests\Unit\Domain\Analytics\PercentageNormalizerTest" classname="Tests.Unit.Domain.Analytics.PercentageNormalizerTest" assertions="6" time="0.000105"/>
          <testcase name="test_property_each_value_rounded_to_one_decimal with data set &quot;random_array_iteration_54&quot;" file="E:\coupony-backend\tests\Unit\Domain\Analytics\PercentageNormalizerTest.php" line="105" class="Tests\Unit\Domain\Analytics\PercentageNormalizerTest" classname="Tests.Unit.Domain.Analytics.PercentageNormalizerTest" assertions="4" time="0.000092"/>
          <testcase name="test_property_each_value_rounded_to_one_decimal with data set &quot;random_array_iteration_55&quot;" file="E:\coupony-backend\tests\Unit\Domain\Analytics\PercentageNormalizerTest.php" line="105" class="Tests\Unit\Domain\Analytics\PercentageNormalizerTest" classname="Tests.Unit.Domain.Analytics.PercentageNormalizerTest" assertions="1" time="0.000080"/>
          <testcase name="test_property_each_value_rounded_to_one_decimal with data set &quot;random_array_iteration_56&quot;" file="E:\coupony-backend\tests\Unit\Domain\Analytics\PercentageNormalizerTest.php" line="105" class="Tests\Unit\Domain\Analytics\PercentageNormalizerTest" classname="Tests.Unit.Domain.Analytics.PercentageNormalizerTest" assertions="5" time="0.000099"/>
          <testcase name="test_property_each_value_rounded_to_one_decimal with data set &quot;random_array_iteration_57&quot;" file="E:\coupony-backend\tests\Unit\Domain\Analytics\PercentageNormalizerTest.php" line="105" class="Tests\Unit\Domain\Analytics\PercentageNormalizerTest" classname="Tests.Unit.Domain.Analytics.PercentageNormalizerTest" assertions="10" time="0.000133"/>
          <testcase name="test_property_each_value_rounded_to_one_decimal with data set &quot;random_array_iteration_58&quot;" file="E:\coupony-backend\tests\Unit\Domain\Analytics\PercentageNormalizerTest.php" line="105" class="Tests\Unit\Domain\Analytics\PercentageNormalizerTest" classname="Tests.Unit.Domain.Analytics.PercentageNormalizerTest" assertions="3" time="0.000091"/>
          <testcase name="test_property_each_value_rounded_to_one_decimal with data set &quot;random_array_iteration_59&quot;" file="E:\coupony-backend\tests\Unit\Domain\Analytics\PercentageNormalizerTest.php" line="105" class="Tests\Unit\Domain\Analytics\PercentageNormalizerTest" classname="Tests.Unit.Domain.Analytics.PercentageNormalizerTest" assertions="10" time="0.000134"/>
          <testcase name="test_property_each_value_rounded_to_one_decimal with data set &quot;random_array_iteration_60&quot;" file="E:\coupony-backend\tests\Unit\Domain\Analytics\PercentageNormalizerTest.php" line="105" class="Tests\Unit\Domain\Analytics\PercentageNormalizerTest" classname="Tests.Unit.Domain.Analytics.PercentageNormalizerTest" assertions="10" time="0.000134"/>
          <testcase name="test_property_each_value_rounded_to_one_decimal with data set &quot;random_array_iteration_61&quot;" file="E:\coupony-backend\tests\Unit\Domain\Analytics\PercentageNormalizerTest.php" line="105" class="Tests\Unit\Domain\Analytics\PercentageNormalizerTest" classname="Tests.Unit.Domain.Analytics.PercentageNormalizerTest" assertions="1" time="0.000081"/>
          <testcase name="test_property_each_value_rounded_to_one_decimal with data set &quot;random_array_iteration_62&quot;" file="E:\coupony-backend\tests\Unit\Domain\Analytics\PercentageNormalizerTest.php" line="105" class="Tests\Unit\Domain\Analytics\PercentageNormalizerTest" classname="Tests.Unit.Domain.Analytics.PercentageNormalizerTest" assertions="7" time="0.000217"/>
          <testcase name="test_property_each_value_rounded_to_one_decimal with data set &quot;random_array_iteration_63&quot;" file="E:\coupony-backend\tests\Unit\Domain\Analytics\PercentageNormalizerTest.php" line="105" class="Tests\Unit\Domain\Analytics\PercentageNormalizerTest" classname="Tests.Unit.Domain.Analytics.PercentageNormalizerTest" assertions="5" time="0.000171"/>
          <testcase name="test_property_each_value_rounded_to_one_decimal with data set &quot;random_array_iteration_64&quot;" file="E:\coupony-backend\tests\Unit\Domain\Analytics\PercentageNormalizerTest.php" line="105" class="Tests\Unit\Domain\Analytics\PercentageNormalizerTest" classname="Tests.Unit.Domain.Analytics.PercentageNormalizerTest" assertions="10" time="0.000160"/>
          <testcase name="test_property_each_value_rounded_to_one_decimal with data set &quot;random_array_iteration_65&quot;" file="E:\coupony-backend\tests\Unit\Domain\Analytics\PercentageNormalizerTest.php" line="105" class="Tests\Unit\Domain\Analytics\PercentageNormalizerTest" classname="Tests.Unit.Domain.Analytics.PercentageNormalizerTest" assertions="8" time="0.000140"/>
          <testcase name="test_property_each_value_rounded_to_one_decimal with data set &quot;random_array_iteration_66&quot;" file="E:\coupony-backend\tests\Unit\Domain\Analytics\PercentageNormalizerTest.php" line="105" class="Tests\Unit\Domain\Analytics\PercentageNormalizerTest" classname="Tests.Unit.Domain.Analytics.PercentageNormalizerTest" assertions="10" time="0.000263"/>
          <testcase name="test_property_each_value_rounded_to_one_decimal with data set &quot;random_array_iteration_67&quot;" file="E:\coupony-backend\tests\Unit\Domain\Analytics\PercentageNormalizerTest.php" line="105" class="Tests\Unit\Domain\Analytics\PercentageNormalizerTest" classname="Tests.Unit.Domain.Analytics.PercentageNormalizerTest" assertions="8" time="0.000136"/>
          <testcase name="test_property_each_value_rounded_to_one_decimal with data set &quot;random_array_iteration_68&quot;" file="E:\coupony-backend\tests\Unit\Domain\Analytics\PercentageNormalizerTest.php" line="105" class="Tests\Unit\Domain\Analytics\PercentageNormalizerTest" classname="Tests.Unit.Domain.Analytics.PercentageNormalizerTest" assertions="7" time="0.000118"/>
          <testcase name="test_property_each_value_rounded_to_one_decimal with data set &quot;random_array_iteration_69&quot;" file="E:\coupony-backend\tests\Unit\Domain\Analytics\PercentageNormalizerTest.php" line="105" class="Tests\Unit\Domain\Analytics\PercentageNormalizerTest" classname="Tests.Unit.Domain.Analytics.PercentageNormalizerTest" assertions="10" time="0.000136"/>
          <testcase name="test_property_each_value_rounded_to_one_decimal with data set &quot;random_array_iteration_70&quot;" file="E:\coupony-backend\tests\Unit\Domain\Analytics\PercentageNormalizerTest.php" line="105" class="Tests\Unit\Domain\Analytics\PercentageNormalizerTest" classname="Tests.Unit.Domain.Analytics.PercentageNormalizerTest" assertions="1" time="0.000081"/>
          <testcase name="test_property_each_value_rounded_to_one_decimal with data set &quot;random_array_iteration_71&quot;" file="E:\coupony-backend\tests\Unit\Domain\Analytics\PercentageNormalizerTest.php" line="105" class="Tests\Unit\Domain\Analytics\PercentageNormalizerTest" classname="Tests.Unit.Domain.Analytics.PercentageNormalizerTest" assertions="2" time="0.000085"/>
          <testcase name="test_property_each_value_rounded_to_one_decimal with data set &quot;random_array_iteration_72&quot;" file="E:\coupony-backend\tests\Unit\Domain\Analytics\PercentageNormalizerTest.php" line="105" class="Tests\Unit\Domain\Analytics\PercentageNormalizerTest" classname="Tests.Unit.Domain.Analytics.PercentageNormalizerTest" assertions="1" time="0.000092"/>
          <testcase name="test_property_each_value_rounded_to_one_decimal with data set &quot;random_array_iteration_73&quot;" file="E:\coupony-backend\tests\Unit\Domain\Analytics\PercentageNormalizerTest.php" line="105" class="Tests\Unit\Domain\Analytics\PercentageNormalizerTest" classname="Tests.Unit.Domain.Analytics.PercentageNormalizerTest" assertions="5" time="0.000102"/>
          <testcase name="test_property_each_value_rounded_to_one_decimal with data set &quot;random_array_iteration_74&quot;" file="E:\coupony-backend\tests\Unit\Domain\Analytics\PercentageNormalizerTest.php" line="105" class="Tests\Unit\Domain\Analytics\PercentageNormalizerTest" classname="Tests.Unit.Domain.Analytics.PercentageNormalizerTest" assertions="8" time="0.000121"/>
          <testcase name="test_property_each_value_rounded_to_one_decimal with data set &quot;random_array_iteration_75&quot;" file="E:\coupony-backend\tests\Unit\Domain\Analytics\PercentageNormalizerTest.php" line="105" class="Tests\Unit\Domain\Analytics\PercentageNormalizerTest" classname="Tests.Unit.Domain.Analytics.PercentageNormalizerTest" assertions="9" time="0.000127"/>
          <testcase name="test_property_each_value_rounded_to_one_decimal with data set &quot;random_array_iteration_76&quot;" file="E:\coupony-backend\tests\Unit\Domain\Analytics\PercentageNormalizerTest.php" line="105" class="Tests\Unit\Domain\Analytics\PercentageNormalizerTest" classname="Tests.Unit.Domain.Analytics.PercentageNormalizerTest" assertions="2" time="0.000084"/>
          <testcase name="test_property_each_value_rounded_to_one_decimal with data set &quot;random_array_iteration_77&quot;" file="E:\coupony-backend\tests\Unit\Domain\Analytics\PercentageNormalizerTest.php" line="105" class="Tests\Unit\Domain\Analytics\PercentageNormalizerTest" classname="Tests.Unit.Domain.Analytics.PercentageNormalizerTest" assertions="4" time="0.000095"/>
          <testcase name="test_property_each_value_rounded_to_one_decimal with data set &quot;random_array_iteration_78&quot;" file="E:\coupony-backend\tests\Unit\Domain\Analytics\PercentageNormalizerTest.php" line="105" class="Tests\Unit\Domain\Analytics\PercentageNormalizerTest" classname="Tests.Unit.Domain.Analytics.PercentageNormalizerTest" assertions="7" time="0.000112"/>
          <testcase name="test_property_each_value_rounded_to_one_decimal with data set &quot;random_array_iteration_79&quot;" file="E:\coupony-backend\tests\Unit\Domain\Analytics\PercentageNormalizerTest.php" line="105" class="Tests\Unit\Domain\Analytics\PercentageNormalizerTest" classname="Tests.Unit.Domain.Analytics.PercentageNormalizerTest" assertions="8" time="0.000132"/>
          <testcase name="test_property_each_value_rounded_to_one_decimal with data set &quot;random_array_iteration_80&quot;" file="E:\coupony-backend\tests\Unit\Domain\Analytics\PercentageNormalizerTest.php" line="105" class="Tests\Unit\Domain\Analytics\PercentageNormalizerTest" classname="Tests.Unit.Domain.Analytics.PercentageNormalizerTest" assertions="1" time="0.000082"/>
          <testcase name="test_property_each_value_rounded_to_one_decimal with data set &quot;random_array_iteration_81&quot;" file="E:\coupony-backend\tests\Unit\Domain\Analytics\PercentageNormalizerTest.php" line="105" class="Tests\Unit\Domain\Analytics\PercentageNormalizerTest" classname="Tests.Unit.Domain.Analytics.PercentageNormalizerTest" assertions="10" time="0.000133"/>
          <testcase name="test_property_each_value_rounded_to_one_decimal with data set &quot;random_array_iteration_82&quot;" file="E:\coupony-backend\tests\Unit\Domain\Analytics\PercentageNormalizerTest.php" line="105" class="Tests\Unit\Domain\Analytics\PercentageNormalizerTest" classname="Tests.Unit.Domain.Analytics.PercentageNormalizerTest" assertions="3" time="0.000089"/>
          <testcase name="test_property_each_value_rounded_to_one_decimal with data set &quot;random_array_iteration_83&quot;" file="E:\coupony-backend\tests\Unit\Domain\Analytics\PercentageNormalizerTest.php" line="105" class="Tests\Unit\Domain\Analytics\PercentageNormalizerTest" classname="Tests.Unit.Domain.Analytics.PercentageNormalizerTest" assertions="6" time="0.000106"/>
          <testcase name="test_property_each_value_rounded_to_one_decimal with data set &quot;random_array_iteration_84&quot;" file="E:\coupony-backend\tests\Unit\Domain\Analytics\PercentageNormalizerTest.php" line="105" class="Tests\Unit\Domain\Analytics\PercentageNormalizerTest" classname="Tests.Unit.Domain.Analytics.PercentageNormalizerTest" assertions="3" time="0.000089"/>
          <testcase name="test_property_each_value_rounded_to_one_decimal with data set &quot;random_array_iteration_85&quot;" file="E:\coupony-backend\tests\Unit\Domain\Analytics\PercentageNormalizerTest.php" line="105" class="Tests\Unit\Domain\Analytics\PercentageNormalizerTest" classname="Tests.Unit.Domain.Analytics.PercentageNormalizerTest" assertions="5" time="0.000100"/>
          <testcase name="test_property_each_value_rounded_to_one_decimal with data set &quot;random_array_iteration_86&quot;" file="E:\coupony-backend\tests\Unit\Domain\Analytics\PercentageNormalizerTest.php" line="105" class="Tests\Unit\Domain\Analytics\PercentageNormalizerTest" classname="Tests.Unit.Domain.Analytics.PercentageNormalizerTest" assertions="10" time="0.000157"/>
          <testcase name="test_property_each_value_rounded_to_one_decimal with data set &quot;random_array_iteration_87&quot;" file="E:\coupony-backend\tests\Unit\Domain\Analytics\PercentageNormalizerTest.php" line="105" class="Tests\Unit\Domain\Analytics\PercentageNormalizerTest" classname="Tests.Unit.Domain.Analytics.PercentageNormalizerTest" assertions="3" time="0.000094"/>
          <testcase name="test_property_each_value_rounded_to_one_decimal with data set &quot;random_array_iteration_88&quot;" file="E:\coupony-backend\tests\Unit\Domain\Analytics\PercentageNormalizerTest.php" line="105" class="Tests\Unit\Domain\Analytics\PercentageNormalizerTest" classname="Tests.Unit.Domain.Analytics.PercentageNormalizerTest" assertions="5" time="0.000100"/>
          <testcase name="test_property_each_value_rounded_to_one_decimal with data set &quot;random_array_iteration_89&quot;" file="E:\coupony-backend\tests\Unit\Domain\Analytics\PercentageNormalizerTest.php" line="105" class="Tests\Unit\Domain\Analytics\PercentageNormalizerTest" classname="Tests.Unit.Domain.Analytics.PercentageNormalizerTest" assertions="9" time="0.000126"/>
          <testcase name="test_property_each_value_rounded_to_one_decimal with data set &quot;random_array_iteration_90&quot;" file="E:\coupony-backend\tests\Unit\Domain\Analytics\PercentageNormalizerTest.php" line="105" class="Tests\Unit\Domain\Analytics\PercentageNormalizerTest" classname="Tests.Unit.Domain.Analytics.PercentageNormalizerTest" assertions="9" time="0.000126"/>
          <testcase name="test_property_each_value_rounded_to_one_decimal with data set &quot;random_array_iteration_91&quot;" file="E:\coupony-backend\tests\Unit\Domain\Analytics\PercentageNormalizerTest.php" line="105" class="Tests\Unit\Domain\Analytics\PercentageNormalizerTest" classname="Tests.Unit.Domain.Analytics.PercentageNormalizerTest" assertions="1" time="0.000080"/>
          <testcase name="test_property_each_value_rounded_to_one_decimal with data set &quot;random_array_iteration_92&quot;" file="E:\coupony-backend\tests\Unit\Domain\Analytics\PercentageNormalizerTest.php" line="105" class="Tests\Unit\Domain\Analytics\PercentageNormalizerTest" classname="Tests.Unit.Domain.Analytics.PercentageNormalizerTest" assertions="2" time="0.000083"/>
          <testcase name="test_property_each_value_rounded_to_one_decimal with data set &quot;random_array_iteration_93&quot;" file="E:\coupony-backend\tests\Unit\Domain\Analytics\PercentageNormalizerTest.php" line="105" class="Tests\Unit\Domain\Analytics\PercentageNormalizerTest" classname="Tests.Unit.Domain.Analytics.PercentageNormalizerTest" assertions="9" time="0.000137"/>
          <testcase name="test_property_each_value_rounded_to_one_decimal with data set &quot;random_array_iteration_94&quot;" file="E:\coupony-backend\tests\Unit\Domain\Analytics\PercentageNormalizerTest.php" line="105" class="Tests\Unit\Domain\Analytics\PercentageNormalizerTest" classname="Tests.Unit.Domain.Analytics.PercentageNormalizerTest" assertions="4" time="0.000097"/>
          <testcase name="test_property_each_value_rounded_to_one_decimal with data set &quot;random_array_iteration_95&quot;" file="E:\coupony-backend\tests\Unit\Domain\Analytics\PercentageNormalizerTest.php" line="105" class="Tests\Unit\Domain\Analytics\PercentageNormalizerTest" classname="Tests.Unit.Domain.Analytics.PercentageNormalizerTest" assertions="7" time="0.000112"/>
          <testcase name="test_property_each_value_rounded_to_one_decimal with data set &quot;random_array_iteration_96&quot;" file="E:\coupony-backend\tests\Unit\Domain\Analytics\PercentageNormalizerTest.php" line="105" class="Tests\Unit\Domain\Analytics\PercentageNormalizerTest" classname="Tests.Unit.Domain.Analytics.PercentageNormalizerTest" assertions="4" time="0.000094"/>
          <testcase name="test_property_each_value_rounded_to_one_decimal with data set &quot;random_array_iteration_97&quot;" file="E:\coupony-backend\tests\Unit\Domain\Analytics\PercentageNormalizerTest.php" line="105" class="Tests\Unit\Domain\Analytics\PercentageNormalizerTest" classname="Tests.Unit.Domain.Analytics.PercentageNormalizerTest" assertions="4" time="0.000197"/>
          <testcase name="test_property_each_value_rounded_to_one_decimal with data set &quot;random_array_iteration_98&quot;" file="E:\coupony-backend\tests\Unit\Domain\Analytics\PercentageNormalizerTest.php" line="105" class="Tests\Unit\Domain\Analytics\PercentageNormalizerTest" classname="Tests.Unit.Domain.Analytics.PercentageNormalizerTest" assertions="6" time="0.000107"/>
          <testcase name="test_property_each_value_rounded_to_one_decimal with data set &quot;random_array_iteration_99&quot;" file="E:\coupony-backend\tests\Unit\Domain\Analytics\PercentageNormalizerTest.php" line="105" class="Tests\Unit\Domain\Analytics\PercentageNormalizerTest" classname="Tests.Unit.Domain.Analytics.PercentageNormalizerTest" assertions="8" time="0.000119"/>
        </testsuite>
        <testsuite name="Tests\Unit\Domain\Analytics\PercentageNormalizerTest::test_property_output_length_matches_input_length" tests="100" assertions="100" errors="0" failures="0" skipped="0" time="0.009541">
          <testcase name="test_property_output_length_matches_input_length with data set &quot;random_array_iteration_0&quot;" file="E:\coupony-backend\tests\Unit\Domain\Analytics\PercentageNormalizerTest.php" line="124" class="Tests\Unit\Domain\Analytics\PercentageNormalizerTest" classname="Tests.Unit.Domain.Analytics.PercentageNormalizerTest" assertions="1" time="0.000109"/>
          <testcase name="test_property_output_length_matches_input_length with data set &quot;random_array_iteration_1&quot;" file="E:\coupony-backend\tests\Unit\Domain\Analytics\PercentageNormalizerTest.php" line="124" class="Tests\Unit\Domain\Analytics\PercentageNormalizerTest" classname="Tests.Unit.Domain.Analytics.PercentageNormalizerTest" assertions="1" time="0.000112"/>
          <testcase name="test_property_output_length_matches_input_length with data set &quot;random_array_iteration_2&quot;" file="E:\coupony-backend\tests\Unit\Domain\Analytics\PercentageNormalizerTest.php" line="124" class="Tests\Unit\Domain\Analytics\PercentageNormalizerTest" classname="Tests.Unit.Domain.Analytics.PercentageNormalizerTest" assertions="1" time="0.000084"/>
          <testcase name="test_property_output_length_matches_input_length with data set &quot;random_array_iteration_3&quot;" file="E:\coupony-backend\tests\Unit\Domain\Analytics\PercentageNormalizerTest.php" line="124" class="Tests\Unit\Domain\Analytics\PercentageNormalizerTest" classname="Tests.Unit.Domain.Analytics.PercentageNormalizerTest" assertions="1" time="0.000083"/>
          <testcase name="test_property_output_length_matches_input_length with data set &quot;random_array_iteration_4&quot;" file="E:\coupony-backend\tests\Unit\Domain\Analytics\PercentageNormalizerTest.php" line="124" class="Tests\Unit\Domain\Analytics\PercentageNormalizerTest" classname="Tests.Unit.Domain.Analytics.PercentageNormalizerTest" assertions="1" time="0.000091"/>
          <testcase name="test_property_output_length_matches_input_length with data set &quot;random_array_iteration_5&quot;" file="E:\coupony-backend\tests\Unit\Domain\Analytics\PercentageNormalizerTest.php" line="124" class="Tests\Unit\Domain\Analytics\PercentageNormalizerTest" classname="Tests.Unit.Domain.Analytics.PercentageNormalizerTest" assertions="1" time="0.000092"/>
          <testcase name="test_property_output_length_matches_input_length with data set &quot;random_array_iteration_6&quot;" file="E:\coupony-backend\tests\Unit\Domain\Analytics\PercentageNormalizerTest.php" line="124" class="Tests\Unit\Domain\Analytics\PercentageNormalizerTest" classname="Tests.Unit.Domain.Analytics.PercentageNormalizerTest" assertions="1" time="0.000111"/>
          <testcase name="test_property_output_length_matches_input_length with data set &quot;random_array_iteration_7&quot;" file="E:\coupony-backend\tests\Unit\Domain\Analytics\PercentageNormalizerTest.php" line="124" class="Tests\Unit\Domain\Analytics\PercentageNormalizerTest" classname="Tests.Unit.Domain.Analytics.PercentageNormalizerTest" assertions="1" time="0.000080"/>
          <testcase name="test_property_output_length_matches_input_length with data set &quot;random_array_iteration_8&quot;" file="E:\coupony-backend\tests\Unit\Domain\Analytics\PercentageNormalizerTest.php" line="124" class="Tests\Unit\Domain\Analytics\PercentageNormalizerTest" classname="Tests.Unit.Domain.Analytics.PercentageNormalizerTest" assertions="1" time="0.000104"/>
          <testcase name="test_property_output_length_matches_input_length with data set &quot;random_array_iteration_9&quot;" file="E:\coupony-backend\tests\Unit\Domain\Analytics\PercentageNormalizerTest.php" line="124" class="Tests\Unit\Domain\Analytics\PercentageNormalizerTest" classname="Tests.Unit.Domain.Analytics.PercentageNormalizerTest" assertions="1" time="0.000093"/>
          <testcase name="test_property_output_length_matches_input_length with data set &quot;random_array_iteration_10&quot;" file="E:\coupony-backend\tests\Unit\Domain\Analytics\PercentageNormalizerTest.php" line="124" class="Tests\Unit\Domain\Analytics\PercentageNormalizerTest" classname="Tests.Unit.Domain.Analytics.PercentageNormalizerTest" assertions="1" time="0.000097"/>
          <testcase name="test_property_output_length_matches_input_length with data set &quot;random_array_iteration_11&quot;" file="E:\coupony-backend\tests\Unit\Domain\Analytics\PercentageNormalizerTest.php" line="124" class="Tests\Unit\Domain\Analytics\PercentageNormalizerTest" classname="Tests.Unit.Domain.Analytics.PercentageNormalizerTest" assertions="1" time="0.000102"/>
          <testcase name="test_property_output_length_matches_input_length with data set &quot;random_array_iteration_12&quot;" file="E:\coupony-backend\tests\Unit\Domain\Analytics\PercentageNormalizerTest.php" line="124" class="Tests\Unit\Domain\Analytics\PercentageNormalizerTest" classname="Tests.Unit.Domain.Analytics.PercentageNormalizerTest" assertions="1" time="0.000078"/>
          <testcase name="test_property_output_length_matches_input_length with data set &quot;random_array_iteration_13&quot;" file="E:\coupony-backend\tests\Unit\Domain\Analytics\PercentageNormalizerTest.php" line="124" class="Tests\Unit\Domain\Analytics\PercentageNormalizerTest" classname="Tests.Unit.Domain.Analytics.PercentageNormalizerTest" assertions="1" time="0.000083"/>
          <testcase name="test_property_output_length_matches_input_length with data set &quot;random_array_iteration_14&quot;" file="E:\coupony-backend\tests\Unit\Domain\Analytics\PercentageNormalizerTest.php" line="124" class="Tests\Unit\Domain\Analytics\PercentageNormalizerTest" classname="Tests.Unit.Domain.Analytics.PercentageNormalizerTest" assertions="1" time="0.000142"/>
          <testcase name="test_property_output_length_matches_input_length with data set &quot;random_array_iteration_15&quot;" file="E:\coupony-backend\tests\Unit\Domain\Analytics\PercentageNormalizerTest.php" line="124" class="Tests\Unit\Domain\Analytics\PercentageNormalizerTest" classname="Tests.Unit.Domain.Analytics.PercentageNormalizerTest" assertions="1" time="0.000092"/>
          <testcase name="test_property_output_length_matches_input_length with data set &quot;random_array_iteration_16&quot;" file="E:\coupony-backend\tests\Unit\Domain\Analytics\PercentageNormalizerTest.php" line="124" class="Tests\Unit\Domain\Analytics\PercentageNormalizerTest" classname="Tests.Unit.Domain.Analytics.PercentageNormalizerTest" assertions="1" time="0.000096"/>
          <testcase name="test_property_output_length_matches_input_length with data set &quot;random_array_iteration_17&quot;" file="E:\coupony-backend\tests\Unit\Domain\Analytics\PercentageNormalizerTest.php" line="124" class="Tests\Unit\Domain\Analytics\PercentageNormalizerTest" classname="Tests.Unit.Domain.Analytics.PercentageNormalizerTest" assertions="1" time="0.000089"/>
          <testcase name="test_property_output_length_matches_input_length with data set &quot;random_array_iteration_18&quot;" file="E:\coupony-backend\tests\Unit\Domain\Analytics\PercentageNormalizerTest.php" line="124" class="Tests\Unit\Domain\Analytics\PercentageNormalizerTest" classname="Tests.Unit.Domain.Analytics.PercentageNormalizerTest" assertions="1" time="0.000084"/>
          <testcase name="test_property_output_length_matches_input_length with data set &quot;random_array_iteration_19&quot;" file="E:\coupony-backend\tests\Unit\Domain\Analytics\PercentageNormalizerTest.php" line="124" class="Tests\Unit\Domain\Analytics\PercentageNormalizerTest" classname="Tests.Unit.Domain.Analytics.PercentageNormalizerTest" assertions="1" time="0.000098"/>
          <testcase name="test_property_output_length_matches_input_length with data set &quot;random_array_iteration_20&quot;" file="E:\coupony-backend\tests\Unit\Domain\Analytics\PercentageNormalizerTest.php" line="124" class="Tests\Unit\Domain\Analytics\PercentageNormalizerTest" classname="Tests.Unit.Domain.Analytics.PercentageNormalizerTest" assertions="1" time="0.000081"/>
          <testcase name="test_property_output_length_matches_input_length with data set &quot;random_array_iteration_21&quot;" file="E:\coupony-backend\tests\Unit\Domain\Analytics\PercentageNormalizerTest.php" line="124" class="Tests\Unit\Domain\Analytics\PercentageNormalizerTest" classname="Tests.Unit.Domain.Analytics.PercentageNormalizerTest" assertions="1" time="0.000103"/>
          <testcase name="test_property_output_length_matches_input_length with data set &quot;random_array_iteration_22&quot;" file="E:\coupony-backend\tests\Unit\Domain\Analytics\PercentageNormalizerTest.php" line="124" class="Tests\Unit\Domain\Analytics\PercentageNormalizerTest" classname="Tests.Unit.Domain.Analytics.PercentageNormalizerTest" assertions="1" time="0.000111"/>
          <testcase name="test_property_output_length_matches_input_length with data set &quot;random_array_iteration_23&quot;" file="E:\coupony-backend\tests\Unit\Domain\Analytics\PercentageNormalizerTest.php" line="124" class="Tests\Unit\Domain\Analytics\PercentageNormalizerTest" classname="Tests.Unit.Domain.Analytics.PercentageNormalizerTest" assertions="1" time="0.000088"/>
          <testcase name="test_property_output_length_matches_input_length with data set &quot;random_array_iteration_24&quot;" file="E:\coupony-backend\tests\Unit\Domain\Analytics\PercentageNormalizerTest.php" line="124" class="Tests\Unit\Domain\Analytics\PercentageNormalizerTest" classname="Tests.Unit.Domain.Analytics.PercentageNormalizerTest" assertions="1" time="0.000084"/>
          <testcase name="test_property_output_length_matches_input_length with data set &quot;random_array_iteration_25&quot;" file="E:\coupony-backend\tests\Unit\Domain\Analytics\PercentageNormalizerTest.php" line="124" class="Tests\Unit\Domain\Analytics\PercentageNormalizerTest" classname="Tests.Unit.Domain.Analytics.PercentageNormalizerTest" assertions="1" time="0.000089"/>
          <testcase name="test_property_output_length_matches_input_length with data set &quot;random_array_iteration_26&quot;" file="E:\coupony-backend\tests\Unit\Domain\Analytics\PercentageNormalizerTest.php" line="124" class="Tests\Unit\Domain\Analytics\PercentageNormalizerTest" classname="Tests.Unit.Domain.Analytics.PercentageNormalizerTest" assertions="1" time="0.000093"/>
          <testcase name="test_property_output_length_matches_input_length with data set &quot;random_array_iteration_27&quot;" file="E:\coupony-backend\tests\Unit\Domain\Analytics\PercentageNormalizerTest.php" line="124" class="Tests\Unit\Domain\Analytics\PercentageNormalizerTest" classname="Tests.Unit.Domain.Analytics.PercentageNormalizerTest" assertions="1" time="0.000078"/>
          <testcase name="test_property_output_length_matches_input_length with data set &quot;random_array_iteration_28&quot;" file="E:\coupony-backend\tests\Unit\Domain\Analytics\PercentageNormalizerTest.php" line="124" class="Tests\Unit\Domain\Analytics\PercentageNormalizerTest" classname="Tests.Unit.Domain.Analytics.PercentageNormalizerTest" assertions="1" time="0.000099"/>
          <testcase name="test_property_output_length_matches_input_length with data set &quot;random_array_iteration_29&quot;" file="E:\coupony-backend\tests\Unit\Domain\Analytics\PercentageNormalizerTest.php" line="124" class="Tests\Unit\Domain\Analytics\PercentageNormalizerTest" classname="Tests.Unit.Domain.Analytics.PercentageNormalizerTest" assertions="1" time="0.000077"/>
          <testcase name="test_property_output_length_matches_input_length with data set &quot;random_array_iteration_30&quot;" file="E:\coupony-backend\tests\Unit\Domain\Analytics\PercentageNormalizerTest.php" line="124" class="Tests\Unit\Domain\Analytics\PercentageNormalizerTest" classname="Tests.Unit.Domain.Analytics.PercentageNormalizerTest" assertions="1" time="0.000102"/>
          <testcase name="test_property_output_length_matches_input_length with data set &quot;random_array_iteration_31&quot;" file="E:\coupony-backend\tests\Unit\Domain\Analytics\PercentageNormalizerTest.php" line="124" class="Tests\Unit\Domain\Analytics\PercentageNormalizerTest" classname="Tests.Unit.Domain.Analytics.PercentageNormalizerTest" assertions="1" time="0.000104"/>
          <testcase name="test_property_output_length_matches_input_length with data set &quot;random_array_iteration_32&quot;" file="E:\coupony-backend\tests\Unit\Domain\Analytics\PercentageNormalizerTest.php" line="124" class="Tests\Unit\Domain\Analytics\PercentageNormalizerTest" classname="Tests.Unit.Domain.Analytics.PercentageNormalizerTest" assertions="1" time="0.000098"/>
          <testcase name="test_property_output_length_matches_input_length with data set &quot;random_array_iteration_33&quot;" file="E:\coupony-backend\tests\Unit\Domain\Analytics\PercentageNormalizerTest.php" line="124" class="Tests\Unit\Domain\Analytics\PercentageNormalizerTest" classname="Tests.Unit.Domain.Analytics.PercentageNormalizerTest" assertions="1" time="0.000103"/>
          <testcase name="test_property_output_length_matches_input_length with data set &quot;random_array_iteration_34&quot;" file="E:\coupony-backend\tests\Unit\Domain\Analytics\PercentageNormalizerTest.php" line="124" class="Tests\Unit\Domain\Analytics\PercentageNormalizerTest" classname="Tests.Unit.Domain.Analytics.PercentageNormalizerTest" assertions="1" time="0.000091"/>
          <testcase name="test_property_output_length_matches_input_length with data set &quot;random_array_iteration_35&quot;" file="E:\coupony-backend\tests\Unit\Domain\Analytics\PercentageNormalizerTest.php" line="124" class="Tests\Unit\Domain\Analytics\PercentageNormalizerTest" classname="Tests.Unit.Domain.Analytics.PercentageNormalizerTest" assertions="1" time="0.000078"/>
          <testcase name="test_property_output_length_matches_input_length with data set &quot;random_array_iteration_36&quot;" file="E:\coupony-backend\tests\Unit\Domain\Analytics\PercentageNormalizerTest.php" line="124" class="Tests\Unit\Domain\Analytics\PercentageNormalizerTest" classname="Tests.Unit.Domain.Analytics.PercentageNormalizerTest" assertions="1" time="0.000102"/>
          <testcase name="test_property_output_length_matches_input_length with data set &quot;random_array_iteration_37&quot;" file="E:\coupony-backend\tests\Unit\Domain\Analytics\PercentageNormalizerTest.php" line="124" class="Tests\Unit\Domain\Analytics\PercentageNormalizerTest" classname="Tests.Unit.Domain.Analytics.PercentageNormalizerTest" assertions="1" time="0.000081"/>
          <testcase name="test_property_output_length_matches_input_length with data set &quot;random_array_iteration_38&quot;" file="E:\coupony-backend\tests\Unit\Domain\Analytics\PercentageNormalizerTest.php" line="124" class="Tests\Unit\Domain\Analytics\PercentageNormalizerTest" classname="Tests.Unit.Domain.Analytics.PercentageNormalizerTest" assertions="1" time="0.000090"/>
          <testcase name="test_property_output_length_matches_input_length with data set &quot;random_array_iteration_39&quot;" file="E:\coupony-backend\tests\Unit\Domain\Analytics\PercentageNormalizerTest.php" line="124" class="Tests\Unit\Domain\Analytics\PercentageNormalizerTest" classname="Tests.Unit.Domain.Analytics.PercentageNormalizerTest" assertions="1" time="0.000106"/>
          <testcase name="test_property_output_length_matches_input_length with data set &quot;random_array_iteration_40&quot;" file="E:\coupony-backend\tests\Unit\Domain\Analytics\PercentageNormalizerTest.php" line="124" class="Tests\Unit\Domain\Analytics\PercentageNormalizerTest" classname="Tests.Unit.Domain.Analytics.PercentageNormalizerTest" assertions="1" time="0.000081"/>
          <testcase name="test_property_output_length_matches_input_length with data set &quot;random_array_iteration_41&quot;" file="E:\coupony-backend\tests\Unit\Domain\Analytics\PercentageNormalizerTest.php" line="124" class="Tests\Unit\Domain\Analytics\PercentageNormalizerTest" classname="Tests.Unit.Domain.Analytics.PercentageNormalizerTest" assertions="1" time="0.000099"/>
          <testcase name="test_property_output_length_matches_input_length with data set &quot;random_array_iteration_42&quot;" file="E:\coupony-backend\tests\Unit\Domain\Analytics\PercentageNormalizerTest.php" line="124" class="Tests\Unit\Domain\Analytics\PercentageNormalizerTest" classname="Tests.Unit.Domain.Analytics.PercentageNormalizerTest" assertions="1" time="0.000102"/>
          <testcase name="test_property_output_length_matches_input_length with data set &quot;random_array_iteration_43&quot;" file="E:\coupony-backend\tests\Unit\Domain\Analytics\PercentageNormalizerTest.php" line="124" class="Tests\Unit\Domain\Analytics\PercentageNormalizerTest" classname="Tests.Unit.Domain.Analytics.PercentageNormalizerTest" assertions="1" time="0.000102"/>
          <testcase name="test_property_output_length_matches_input_length with data set &quot;random_array_iteration_44&quot;" file="E:\coupony-backend\tests\Unit\Domain\Analytics\PercentageNormalizerTest.php" line="124" class="Tests\Unit\Domain\Analytics\PercentageNormalizerTest" classname="Tests.Unit.Domain.Analytics.PercentageNormalizerTest" assertions="1" time="0.000082"/>
          <testcase name="test_property_output_length_matches_input_length with data set &quot;random_array_iteration_45&quot;" file="E:\coupony-backend\tests\Unit\Domain\Analytics\PercentageNormalizerTest.php" line="124" class="Tests\Unit\Domain\Analytics\PercentageNormalizerTest" classname="Tests.Unit.Domain.Analytics.PercentageNormalizerTest" assertions="1" time="0.000096"/>
          <testcase name="test_property_output_length_matches_input_length with data set &quot;random_array_iteration_46&quot;" file="E:\coupony-backend\tests\Unit\Domain\Analytics\PercentageNormalizerTest.php" line="124" class="Tests\Unit\Domain\Analytics\PercentageNormalizerTest" classname="Tests.Unit.Domain.Analytics.PercentageNormalizerTest" assertions="1" time="0.000151"/>
          <testcase name="test_property_output_length_matches_input_length with data set &quot;random_array_iteration_47&quot;" file="E:\coupony-backend\tests\Unit\Domain\Analytics\PercentageNormalizerTest.php" line="124" class="Tests\Unit\Domain\Analytics\PercentageNormalizerTest" classname="Tests.Unit.Domain.Analytics.PercentageNormalizerTest" assertions="1" time="0.000089"/>
          <testcase name="test_property_output_length_matches_input_length with data set &quot;random_array_iteration_48&quot;" file="E:\coupony-backend\tests\Unit\Domain\Analytics\PercentageNormalizerTest.php" line="124" class="Tests\Unit\Domain\Analytics\PercentageNormalizerTest" classname="Tests.Unit.Domain.Analytics.PercentageNormalizerTest" assertions="1" time="0.000081"/>
          <testcase name="test_property_output_length_matches_input_length with data set &quot;random_array_iteration_49&quot;" file="E:\coupony-backend\tests\Unit\Domain\Analytics\PercentageNormalizerTest.php" line="124" class="Tests\Unit\Domain\Analytics\PercentageNormalizerTest" classname="Tests.Unit.Domain.Analytics.PercentageNormalizerTest" assertions="1" time="0.000102"/>
          <testcase name="test_property_output_length_matches_input_length with data set &quot;random_array_iteration_50&quot;" file="E:\coupony-backend\tests\Unit\Domain\Analytics\PercentageNormalizerTest.php" line="124" class="Tests\Unit\Domain\Analytics\PercentageNormalizerTest" classname="Tests.Unit.Domain.Analytics.PercentageNormalizerTest" assertions="1" time="0.000088"/>
          <testcase name="test_property_output_length_matches_input_length with data set &quot;random_array_iteration_51&quot;" file="E:\coupony-backend\tests\Unit\Domain\Analytics\PercentageNormalizerTest.php" line="124" class="Tests\Unit\Domain\Analytics\PercentageNormalizerTest" classname="Tests.Unit.Domain.Analytics.PercentageNormalizerTest" assertions="1" time="0.000117"/>
          <testcase name="test_property_output_length_matches_input_length with data set &quot;random_array_iteration_52&quot;" file="E:\coupony-backend\tests\Unit\Domain\Analytics\PercentageNormalizerTest.php" line="124" class="Tests\Unit\Domain\Analytics\PercentageNormalizerTest" classname="Tests.Unit.Domain.Analytics.PercentageNormalizerTest" assertions="1" time="0.000126"/>
          <testcase name="test_property_output_length_matches_input_length with data set &quot;random_array_iteration_53&quot;" file="E:\coupony-backend\tests\Unit\Domain\Analytics\PercentageNormalizerTest.php" line="124" class="Tests\Unit\Domain\Analytics\PercentageNormalizerTest" classname="Tests.Unit.Domain.Analytics.PercentageNormalizerTest" assertions="1" time="0.000106"/>
          <testcase name="test_property_output_length_matches_input_length with data set &quot;random_array_iteration_54&quot;" file="E:\coupony-backend\tests\Unit\Domain\Analytics\PercentageNormalizerTest.php" line="124" class="Tests\Unit\Domain\Analytics\PercentageNormalizerTest" classname="Tests.Unit.Domain.Analytics.PercentageNormalizerTest" assertions="1" time="0.000113"/>
          <testcase name="test_property_output_length_matches_input_length with data set &quot;random_array_iteration_55&quot;" file="E:\coupony-backend\tests\Unit\Domain\Analytics\PercentageNormalizerTest.php" line="124" class="Tests\Unit\Domain\Analytics\PercentageNormalizerTest" classname="Tests.Unit.Domain.Analytics.PercentageNormalizerTest" assertions="1" time="0.000102"/>
          <testcase name="test_property_output_length_matches_input_length with data set &quot;random_array_iteration_56&quot;" file="E:\coupony-backend\tests\Unit\Domain\Analytics\PercentageNormalizerTest.php" line="124" class="Tests\Unit\Domain\Analytics\PercentageNormalizerTest" classname="Tests.Unit.Domain.Analytics.PercentageNormalizerTest" assertions="1" time="0.000093"/>
          <testcase name="test_property_output_length_matches_input_length with data set &quot;random_array_iteration_57&quot;" file="E:\coupony-backend\tests\Unit\Domain\Analytics\PercentageNormalizerTest.php" line="124" class="Tests\Unit\Domain\Analytics\PercentageNormalizerTest" classname="Tests.Unit.Domain.Analytics.PercentageNormalizerTest" assertions="1" time="0.000096"/>
          <testcase name="test_property_output_length_matches_input_length with data set &quot;random_array_iteration_58&quot;" file="E:\coupony-backend\tests\Unit\Domain\Analytics\PercentageNormalizerTest.php" line="124" class="Tests\Unit\Domain\Analytics\PercentageNormalizerTest" classname="Tests.Unit.Domain.Analytics.PercentageNormalizerTest" assertions="1" time="0.000099"/>
          <testcase name="test_property_output_length_matches_input_length with data set &quot;random_array_iteration_59&quot;" file="E:\coupony-backend\tests\Unit\Domain\Analytics\PercentageNormalizerTest.php" line="124" class="Tests\Unit\Domain\Analytics\PercentageNormalizerTest" classname="Tests.Unit.Domain.Analytics.PercentageNormalizerTest" assertions="1" time="0.000123"/>
          <testcase name="test_property_output_length_matches_input_length with data set &quot;random_array_iteration_60&quot;" file="E:\coupony-backend\tests\Unit\Domain\Analytics\PercentageNormalizerTest.php" line="124" class="Tests\Unit\Domain\Analytics\PercentageNormalizerTest" classname="Tests.Unit.Domain.Analytics.PercentageNormalizerTest" assertions="1" time="0.000102"/>
          <testcase name="test_property_output_length_matches_input_length with data set &quot;random_array_iteration_61&quot;" file="E:\coupony-backend\tests\Unit\Domain\Analytics\PercentageNormalizerTest.php" line="124" class="Tests\Unit\Domain\Analytics\PercentageNormalizerTest" classname="Tests.Unit.Domain.Analytics.PercentageNormalizerTest" assertions="1" time="0.000086"/>
          <testcase name="test_property_output_length_matches_input_length with data set &quot;random_array_iteration_62&quot;" file="E:\coupony-backend\tests\Unit\Domain\Analytics\PercentageNormalizerTest.php" line="124" class="Tests\Unit\Domain\Analytics\PercentageNormalizerTest" classname="Tests.Unit.Domain.Analytics.PercentageNormalizerTest" assertions="1" time="0.000078"/>
          <testcase name="test_property_output_length_matches_input_length with data set &quot;random_array_iteration_63&quot;" file="E:\coupony-backend\tests\Unit\Domain\Analytics\PercentageNormalizerTest.php" line="124" class="Tests\Unit\Domain\Analytics\PercentageNormalizerTest" classname="Tests.Unit.Domain.Analytics.PercentageNormalizerTest" assertions="1" time="0.000106"/>
          <testcase name="test_property_output_length_matches_input_length with data set &quot;random_array_iteration_64&quot;" file="E:\coupony-backend\tests\Unit\Domain\Analytics\PercentageNormalizerTest.php" line="124" class="Tests\Unit\Domain\Analytics\PercentageNormalizerTest" classname="Tests.Unit.Domain.Analytics.PercentageNormalizerTest" assertions="1" time="0.000107"/>
          <testcase name="test_property_output_length_matches_input_length with data set &quot;random_array_iteration_65&quot;" file="E:\coupony-backend\tests\Unit\Domain\Analytics\PercentageNormalizerTest.php" line="124" class="Tests\Unit\Domain\Analytics\PercentageNormalizerTest" classname="Tests.Unit.Domain.Analytics.PercentageNormalizerTest" assertions="1" time="0.000082"/>
          <testcase name="test_property_output_length_matches_input_length with data set &quot;random_array_iteration_66&quot;" file="E:\coupony-backend\tests\Unit\Domain\Analytics\PercentageNormalizerTest.php" line="124" class="Tests\Unit\Domain\Analytics\PercentageNormalizerTest" classname="Tests.Unit.Domain.Analytics.PercentageNormalizerTest" assertions="1" time="0.000089"/>
          <testcase name="test_property_output_length_matches_input_length with data set &quot;random_array_iteration_67&quot;" file="E:\coupony-backend\tests\Unit\Domain\Analytics\PercentageNormalizerTest.php" line="124" class="Tests\Unit\Domain\Analytics\PercentageNormalizerTest" classname="Tests.Unit.Domain.Analytics.PercentageNormalizerTest" assertions="1" time="0.000104"/>
          <testcase name="test_property_output_length_matches_input_length with data set &quot;random_array_iteration_68&quot;" file="E:\coupony-backend\tests\Unit\Domain\Analytics\PercentageNormalizerTest.php" line="124" class="Tests\Unit\Domain\Analytics\PercentageNormalizerTest" classname="Tests.Unit.Domain.Analytics.PercentageNormalizerTest" assertions="1" time="0.000082"/>
          <testcase name="test_property_output_length_matches_input_length with data set &quot;random_array_iteration_69&quot;" file="E:\coupony-backend\tests\Unit\Domain\Analytics\PercentageNormalizerTest.php" line="124" class="Tests\Unit\Domain\Analytics\PercentageNormalizerTest" classname="Tests.Unit.Domain.Analytics.PercentageNormalizerTest" assertions="1" time="0.000078"/>
          <testcase name="test_property_output_length_matches_input_length with data set &quot;random_array_iteration_70&quot;" file="E:\coupony-backend\tests\Unit\Domain\Analytics\PercentageNormalizerTest.php" line="124" class="Tests\Unit\Domain\Analytics\PercentageNormalizerTest" classname="Tests.Unit.Domain.Analytics.PercentageNormalizerTest" assertions="1" time="0.000092"/>
          <testcase name="test_property_output_length_matches_input_length with data set &quot;random_array_iteration_71&quot;" file="E:\coupony-backend\tests\Unit\Domain\Analytics\PercentageNormalizerTest.php" line="124" class="Tests\Unit\Domain\Analytics\PercentageNormalizerTest" classname="Tests.Unit.Domain.Analytics.PercentageNormalizerTest" assertions="1" time="0.000085"/>
          <testcase name="test_property_output_length_matches_input_length with data set &quot;random_array_iteration_72&quot;" file="E:\coupony-backend\tests\Unit\Domain\Analytics\PercentageNormalizerTest.php" line="124" class="Tests\Unit\Domain\Analytics\PercentageNormalizerTest" classname="Tests.Unit.Domain.Analytics.PercentageNormalizerTest" assertions="1" time="0.000094"/>
          <testcase name="test_property_output_length_matches_input_length with data set &quot;random_array_iteration_73&quot;" file="E:\coupony-backend\tests\Unit\Domain\Analytics\PercentageNormalizerTest.php" line="124" class="Tests\Unit\Domain\Analytics\PercentageNormalizerTest" classname="Tests.Unit.Domain.Analytics.PercentageNormalizerTest" assertions="1" time="0.000092"/>
          <testcase name="test_property_output_length_matches_input_length with data set &quot;random_array_iteration_74&quot;" file="E:\coupony-backend\tests\Unit\Domain\Analytics\PercentageNormalizerTest.php" line="124" class="Tests\Unit\Domain\Analytics\PercentageNormalizerTest" classname="Tests.Unit.Domain.Analytics.PercentageNormalizerTest" assertions="1" time="0.000099"/>
          <testcase name="test_property_output_length_matches_input_length with data set &quot;random_array_iteration_75&quot;" file="E:\coupony-backend\tests\Unit\Domain\Analytics\PercentageNormalizerTest.php" line="124" class="Tests\Unit\Domain\Analytics\PercentageNormalizerTest" classname="Tests.Unit.Domain.Analytics.PercentageNormalizerTest" assertions="1" time="0.000125"/>
          <testcase name="test_property_output_length_matches_input_length with data set &quot;random_array_iteration_76&quot;" file="E:\coupony-backend\tests\Unit\Domain\Analytics\PercentageNormalizerTest.php" line="124" class="Tests\Unit\Domain\Analytics\PercentageNormalizerTest" classname="Tests.Unit.Domain.Analytics.PercentageNormalizerTest" assertions="1" time="0.000100"/>
          <testcase name="test_property_output_length_matches_input_length with data set &quot;random_array_iteration_77&quot;" file="E:\coupony-backend\tests\Unit\Domain\Analytics\PercentageNormalizerTest.php" line="124" class="Tests\Unit\Domain\Analytics\PercentageNormalizerTest" classname="Tests.Unit.Domain.Analytics.PercentageNormalizerTest" assertions="1" time="0.000090"/>
          <testcase name="test_property_output_length_matches_input_length with data set &quot;random_array_iteration_78&quot;" file="E:\coupony-backend\tests\Unit\Domain\Analytics\PercentageNormalizerTest.php" line="124" class="Tests\Unit\Domain\Analytics\PercentageNormalizerTest" classname="Tests.Unit.Domain.Analytics.PercentageNormalizerTest" assertions="1" time="0.000078"/>
          <testcase name="test_property_output_length_matches_input_length with data set &quot;random_array_iteration_79&quot;" file="E:\coupony-backend\tests\Unit\Domain\Analytics\PercentageNormalizerTest.php" line="124" class="Tests\Unit\Domain\Analytics\PercentageNormalizerTest" classname="Tests.Unit.Domain.Analytics.PercentageNormalizerTest" assertions="1" time="0.000086"/>
          <testcase name="test_property_output_length_matches_input_length with data set &quot;random_array_iteration_80&quot;" file="E:\coupony-backend\tests\Unit\Domain\Analytics\PercentageNormalizerTest.php" line="124" class="Tests\Unit\Domain\Analytics\PercentageNormalizerTest" classname="Tests.Unit.Domain.Analytics.PercentageNormalizerTest" assertions="1" time="0.000099"/>
          <testcase name="test_property_output_length_matches_input_length with data set &quot;random_array_iteration_81&quot;" file="E:\coupony-backend\tests\Unit\Domain\Analytics\PercentageNormalizerTest.php" line="124" class="Tests\Unit\Domain\Analytics\PercentageNormalizerTest" classname="Tests.Unit.Domain.Analytics.PercentageNormalizerTest" assertions="1" time="0.000084"/>
          <testcase name="test_property_output_length_matches_input_length with data set &quot;random_array_iteration_82&quot;" file="E:\coupony-backend\tests\Unit\Domain\Analytics\PercentageNormalizerTest.php" line="124" class="Tests\Unit\Domain\Analytics\PercentageNormalizerTest" classname="Tests.Unit.Domain.Analytics.PercentageNormalizerTest" assertions="1" time="0.000098"/>
          <testcase name="test_property_output_length_matches_input_length with data set &quot;random_array_iteration_83&quot;" file="E:\coupony-backend\tests\Unit\Domain\Analytics\PercentageNormalizerTest.php" line="124" class="Tests\Unit\Domain\Analytics\PercentageNormalizerTest" classname="Tests.Unit.Domain.Analytics.PercentageNormalizerTest" assertions="1" time="0.000117"/>
          <testcase name="test_property_output_length_matches_input_length with data set &quot;random_array_iteration_84&quot;" file="E:\coupony-backend\tests\Unit\Domain\Analytics\PercentageNormalizerTest.php" line="124" class="Tests\Unit\Domain\Analytics\PercentageNormalizerTest" classname="Tests.Unit.Domain.Analytics.PercentageNormalizerTest" assertions="1" time="0.000083"/>
          <testcase name="test_property_output_length_matches_input_length with data set &quot;random_array_iteration_85&quot;" file="E:\coupony-backend\tests\Unit\Domain\Analytics\PercentageNormalizerTest.php" line="124" class="Tests\Unit\Domain\Analytics\PercentageNormalizerTest" classname="Tests.Unit.Domain.Analytics.PercentageNormalizerTest" assertions="1" time="0.000082"/>
          <testcase name="test_property_output_length_matches_input_length with data set &quot;random_array_iteration_86&quot;" file="E:\coupony-backend\tests\Unit\Domain\Analytics\PercentageNormalizerTest.php" line="124" class="Tests\Unit\Domain\Analytics\PercentageNormalizerTest" classname="Tests.Unit.Domain.Analytics.PercentageNormalizerTest" assertions="1" time="0.000087"/>
          <testcase name="test_property_output_length_matches_input_length with data set &quot;random_array_iteration_87&quot;" file="E:\coupony-backend\tests\Unit\Domain\Analytics\PercentageNormalizerTest.php" line="124" class="Tests\Unit\Domain\Analytics\PercentageNormalizerTest" classname="Tests.Unit.Domain.Analytics.PercentageNormalizerTest" assertions="1" time="0.000106"/>
          <testcase name="test_property_output_length_matches_input_length with data set &quot;random_array_iteration_88&quot;" file="E:\coupony-backend\tests\Unit\Domain\Analytics\PercentageNormalizerTest.php" line="124" class="Tests\Unit\Domain\Analytics\PercentageNormalizerTest" classname="Tests.Unit.Domain.Analytics.PercentageNormalizerTest" assertions="1" time="0.000103"/>
          <testcase name="test_property_output_length_matches_input_length with data set &quot;random_array_iteration_89&quot;" file="E:\coupony-backend\tests\Unit\Domain\Analytics\PercentageNormalizerTest.php" line="124" class="Tests\Unit\Domain\Analytics\PercentageNormalizerTest" classname="Tests.Unit.Domain.Analytics.PercentageNormalizerTest" assertions="1" time="0.000095"/>
          <testcase name="test_property_output_length_matches_input_length with data set &quot;random_array_iteration_90&quot;" file="E:\coupony-backend\tests\Unit\Domain\Analytics\PercentageNormalizerTest.php" line="124" class="Tests\Unit\Domain\Analytics\PercentageNormalizerTest" classname="Tests.Unit.Domain.Analytics.PercentageNormalizerTest" assertions="1" time="0.000101"/>
          <testcase name="test_property_output_length_matches_input_length with data set &quot;random_array_iteration_91&quot;" file="E:\coupony-backend\tests\Unit\Domain\Analytics\PercentageNormalizerTest.php" line="124" class="Tests\Unit\Domain\Analytics\PercentageNormalizerTest" classname="Tests.Unit.Domain.Analytics.PercentageNormalizerTest" assertions="1" time="0.000104"/>
          <testcase name="test_property_output_length_matches_input_length with data set &quot;random_array_iteration_92&quot;" file="E:\coupony-backend\tests\Unit\Domain\Analytics\PercentageNormalizerTest.php" line="124" class="Tests\Unit\Domain\Analytics\PercentageNormalizerTest" classname="Tests.Unit.Domain.Analytics.PercentageNormalizerTest" assertions="1" time="0.000086"/>
          <testcase name="test_property_output_length_matches_input_length with data set &quot;random_array_iteration_93&quot;" file="E:\coupony-backend\tests\Unit\Domain\Analytics\PercentageNormalizerTest.php" line="124" class="Tests\Unit\Domain\Analytics\PercentageNormalizerTest" classname="Tests.Unit.Domain.Analytics.PercentageNormalizerTest" assertions="1" time="0.000082"/>
          <testcase name="test_property_output_length_matches_input_length with data set &quot;random_array_iteration_94&quot;" file="E:\coupony-backend\tests\Unit\Domain\Analytics\PercentageNormalizerTest.php" line="124" class="Tests\Unit\Domain\Analytics\PercentageNormalizerTest" classname="Tests.Unit.Domain.Analytics.PercentageNormalizerTest" assertions="1" time="0.000087"/>
          <testcase name="test_property_output_length_matches_input_length with data set &quot;random_array_iteration_95&quot;" file="E:\coupony-backend\tests\Unit\Domain\Analytics\PercentageNormalizerTest.php" line="124" class="Tests\Unit\Domain\Analytics\PercentageNormalizerTest" classname="Tests.Unit.Domain.Analytics.PercentageNormalizerTest" assertions="1" time="0.000086"/>
          <testcase name="test_property_output_length_matches_input_length with data set &quot;random_array_iteration_96&quot;" file="E:\coupony-backend\tests\Unit\Domain\Analytics\PercentageNormalizerTest.php" line="124" class="Tests\Unit\Domain\Analytics\PercentageNormalizerTest" classname="Tests.Unit.Domain.Analytics.PercentageNormalizerTest" assertions="1" time="0.000090"/>
          <testcase name="test_property_output_length_matches_input_length with data set &quot;random_array_iteration_97&quot;" file="E:\coupony-backend\tests\Unit\Domain\Analytics\PercentageNormalizerTest.php" line="124" class="Tests\Unit\Domain\Analytics\PercentageNormalizerTest" classname="Tests.Unit.Domain.Analytics.PercentageNormalizerTest" assertions="1" time="0.000086"/>
          <testcase name="test_property_output_length_matches_input_length with data set &quot;random_array_iteration_98&quot;" file="E:\coupony-backend\tests\Unit\Domain\Analytics\PercentageNormalizerTest.php" line="124" class="Tests\Unit\Domain\Analytics\PercentageNormalizerTest" classname="Tests.Unit.Domain.Analytics.PercentageNormalizerTest" assertions="1" time="0.000080"/>
          <testcase name="test_property_output_length_matches_input_length with data set &quot;random_array_iteration_99&quot;" file="E:\coupony-backend\tests\Unit\Domain\Analytics\PercentageNormalizerTest.php" line="124" class="Tests\Unit\Domain\Analytics\PercentageNormalizerTest" classname="Tests.Unit.Domain.Analytics.PercentageNormalizerTest" assertions="1" time="0.000102"/>
        </testsuite>
      </testsuite>
      <testsuite name="Tests\Unit\Domain\Analytics\PeriodResolverTest" file="E:\coupony-backend\tests\Unit\Domain\Analytics\PeriodResolverTest.php" tests="9" assertions="51" errors="0" failures="0" skipped="0" time="0.003455">
        <testcase name="test_all_period_returns_null_current_start_and_null_previous_range" file="E:\coupony-backend\tests\Unit\Domain\Analytics\PeriodResolverTest.php" line="35" class="Tests\Unit\Domain\Analytics\PeriodResolverTest" classname="Tests.Unit.Domain.Analytics.PeriodResolverTest" assertions="5" time="0.000759"/>
        <testcase name="test_today_period_returns_correct_date_ranges" file="E:\coupony-backend\tests\Unit\Domain\Analytics\PeriodResolverTest.php" line="51" class="Tests\Unit\Domain\Analytics\PeriodResolverTest" classname="Tests.Unit.Domain.Analytics.PeriodResolverTest" assertions="4" time="0.000501"/>
        <testcase name="test_last_7_days_period_returns_correct_date_ranges" file="E:\coupony-backend\tests\Unit\Domain\Analytics\PeriodResolverTest.php" line="68" class="Tests\Unit\Domain\Analytics\PeriodResolverTest" classname="Tests.Unit.Domain.Analytics.PeriodResolverTest" assertions="4" time="0.000300"/>
        <testcase name="test_this_month_period_returns_correct_date_ranges" file="E:\coupony-backend\tests\Unit\Domain\Analytics\PeriodResolverTest.php" line="87" class="Tests\Unit\Domain\Analytics\PeriodResolverTest" classname="Tests.Unit.Domain.Analytics.PeriodResolverTest" assertions="4" time="0.000279"/>
        <testcase name="test_this_year_period_returns_correct_date_ranges" file="E:\coupony-backend\tests\Unit\Domain\Analytics\PeriodResolverTest.php" line="106" class="Tests\Unit\Domain\Analytics\PeriodResolverTest" classname="Tests.Unit.Domain.Analytics.PeriodResolverTest" assertions="4" time="0.000265"/>
        <testcase name="test_unknown_period_falls_back_to_all_behavior" file="E:\coupony-backend\tests\Unit\Domain\Analytics\PeriodResolverTest.php" line="125" class="Tests\Unit\Domain\Analytics\PeriodResolverTest" classname="Tests.Unit.Domain.Analytics.PeriodResolverTest" assertions="5" time="0.000181"/>
        <testcase name="test_resolved_dates_are_carbon_instances" file="E:\coupony-backend\tests\Unit\Domain\Analytics\PeriodResolverTest.php" line="140" class="Tests\Unit\Domain\Analytics\PeriodResolverTest" classname="Tests.Unit.Domain.Analytics.PeriodResolverTest" assertions="16" time="0.000366"/>
        <testcase name="test_current_end_is_always_now" file="E:\coupony-backend\tests\Unit\Domain\Analytics\PeriodResolverTest.php" line="158" class="Tests\Unit\Domain\Analytics\PeriodResolverTest" classname="Tests.Unit.Domain.Analytics.PeriodResolverTest" assertions="5" time="0.000401"/>
        <testcase name="test_previous_range_does_not_overlap_current_range" file="E:\coupony-backend\tests\Unit\Domain\Analytics\PeriodResolverTest.php" line="176" class="Tests\Unit\Domain\Analytics\PeriodResolverTest" classname="Tests.Unit.Domain.Analytics.PeriodResolverTest" assertions="4" time="0.000403"/>
      </testsuite>
      <testsuite name="Tests\Unit\Domain\Explore\DiscountCalculatorPropertyTest" file="E:\coupony-backend\tests\Unit\Domain\Explore\DiscountCalculatorPropertyTest.php" tests="200" assertions="400" errors="0" failures="0" skipped="0" time="0.030789">
        <testsuite name="Tests\Unit\Domain\Explore\DiscountCalculatorPropertyTest::test_property_percentage_type_discount_calculation" tests="100" assertions="200" errors="0" failures="0" skipped="0" time="0.016066">
          <testcase name="test_property_percentage_type_discount_calculation with data set &quot;percentage_0&quot;" file="E:\coupony-backend\tests\Unit\Domain\Explore\DiscountCalculatorPropertyTest.php" line="25" class="Tests\Unit\Domain\Explore\DiscountCalculatorPropertyTest" classname="Tests.Unit.Domain.Explore.DiscountCalculatorPropertyTest" assertions="2" time="0.001807"/>
          <testcase name="test_property_percentage_type_discount_calculation with data set &quot;percentage_1&quot;" file="E:\coupony-backend\tests\Unit\Domain\Explore\DiscountCalculatorPropertyTest.php" line="25" class="Tests\Unit\Domain\Explore\DiscountCalculatorPropertyTest" classname="Tests.Unit.Domain.Explore.DiscountCalculatorPropertyTest" assertions="2" time="0.000229"/>
          <testcase name="test_property_percentage_type_discount_calculation with data set &quot;percentage_2&quot;" file="E:\coupony-backend\tests\Unit\Domain\Explore\DiscountCalculatorPropertyTest.php" line="25" class="Tests\Unit\Domain\Explore\DiscountCalculatorPropertyTest" classname="Tests.Unit.Domain.Explore.DiscountCalculatorPropertyTest" assertions="2" time="0.000299"/>
          <testcase name="test_property_percentage_type_discount_calculation with data set &quot;percentage_3&quot;" file="E:\coupony-backend\tests\Unit\Domain\Explore\DiscountCalculatorPropertyTest.php" line="25" class="Tests\Unit\Domain\Explore\DiscountCalculatorPropertyTest" classname="Tests.Unit.Domain.Explore.DiscountCalculatorPropertyTest" assertions="2" time="0.000153"/>
          <testcase name="test_property_percentage_type_discount_calculation with data set &quot;percentage_4&quot;" file="E:\coupony-backend\tests\Unit\Domain\Explore\DiscountCalculatorPropertyTest.php" line="25" class="Tests\Unit\Domain\Explore\DiscountCalculatorPropertyTest" classname="Tests.Unit.Domain.Explore.DiscountCalculatorPropertyTest" assertions="2" time="0.000139"/>
          <testcase name="test_property_percentage_type_discount_calculation with data set &quot;percentage_5&quot;" file="E:\coupony-backend\tests\Unit\Domain\Explore\DiscountCalculatorPropertyTest.php" line="25" class="Tests\Unit\Domain\Explore\DiscountCalculatorPropertyTest" classname="Tests.Unit.Domain.Explore.DiscountCalculatorPropertyTest" assertions="2" time="0.000133"/>
          <testcase name="test_property_percentage_type_discount_calculation with data set &quot;percentage_6&quot;" file="E:\coupony-backend\tests\Unit\Domain\Explore\DiscountCalculatorPropertyTest.php" line="25" class="Tests\Unit\Domain\Explore\DiscountCalculatorPropertyTest" classname="Tests.Unit.Domain.Explore.DiscountCalculatorPropertyTest" assertions="2" time="0.000137"/>
          <testcase name="test_property_percentage_type_discount_calculation with data set &quot;percentage_7&quot;" file="E:\coupony-backend\tests\Unit\Domain\Explore\DiscountCalculatorPropertyTest.php" line="25" class="Tests\Unit\Domain\Explore\DiscountCalculatorPropertyTest" classname="Tests.Unit.Domain.Explore.DiscountCalculatorPropertyTest" assertions="2" time="0.000146"/>
          <testcase name="test_property_percentage_type_discount_calculation with data set &quot;percentage_8&quot;" file="E:\coupony-backend\tests\Unit\Domain\Explore\DiscountCalculatorPropertyTest.php" line="25" class="Tests\Unit\Domain\Explore\DiscountCalculatorPropertyTest" classname="Tests.Unit.Domain.Explore.DiscountCalculatorPropertyTest" assertions="2" time="0.000133"/>
          <testcase name="test_property_percentage_type_discount_calculation with data set &quot;percentage_9&quot;" file="E:\coupony-backend\tests\Unit\Domain\Explore\DiscountCalculatorPropertyTest.php" line="25" class="Tests\Unit\Domain\Explore\DiscountCalculatorPropertyTest" classname="Tests.Unit.Domain.Explore.DiscountCalculatorPropertyTest" assertions="2" time="0.000136"/>
          <testcase name="test_property_percentage_type_discount_calculation with data set &quot;percentage_10&quot;" file="E:\coupony-backend\tests\Unit\Domain\Explore\DiscountCalculatorPropertyTest.php" line="25" class="Tests\Unit\Domain\Explore\DiscountCalculatorPropertyTest" classname="Tests.Unit.Domain.Explore.DiscountCalculatorPropertyTest" assertions="2" time="0.000130"/>
          <testcase name="test_property_percentage_type_discount_calculation with data set &quot;percentage_11&quot;" file="E:\coupony-backend\tests\Unit\Domain\Explore\DiscountCalculatorPropertyTest.php" line="25" class="Tests\Unit\Domain\Explore\DiscountCalculatorPropertyTest" classname="Tests.Unit.Domain.Explore.DiscountCalculatorPropertyTest" assertions="2" time="0.000135"/>
          <testcase name="test_property_percentage_type_discount_calculation with data set &quot;percentage_12&quot;" file="E:\coupony-backend\tests\Unit\Domain\Explore\DiscountCalculatorPropertyTest.php" line="25" class="Tests\Unit\Domain\Explore\DiscountCalculatorPropertyTest" classname="Tests.Unit.Domain.Explore.DiscountCalculatorPropertyTest" assertions="2" time="0.000148"/>
          <testcase name="test_property_percentage_type_discount_calculation with data set &quot;percentage_13&quot;" file="E:\coupony-backend\tests\Unit\Domain\Explore\DiscountCalculatorPropertyTest.php" line="25" class="Tests\Unit\Domain\Explore\DiscountCalculatorPropertyTest" classname="Tests.Unit.Domain.Explore.DiscountCalculatorPropertyTest" assertions="2" time="0.000135"/>
          <testcase name="test_property_percentage_type_discount_calculation with data set &quot;percentage_14&quot;" file="E:\coupony-backend\tests\Unit\Domain\Explore\DiscountCalculatorPropertyTest.php" line="25" class="Tests\Unit\Domain\Explore\DiscountCalculatorPropertyTest" classname="Tests.Unit.Domain.Explore.DiscountCalculatorPropertyTest" assertions="2" time="0.000130"/>
          <testcase name="test_property_percentage_type_discount_calculation with data set &quot;percentage_15&quot;" file="E:\coupony-backend\tests\Unit\Domain\Explore\DiscountCalculatorPropertyTest.php" line="25" class="Tests\Unit\Domain\Explore\DiscountCalculatorPropertyTest" classname="Tests.Unit.Domain.Explore.DiscountCalculatorPropertyTest" assertions="2" time="0.000129"/>
          <testcase name="test_property_percentage_type_discount_calculation with data set &quot;percentage_16&quot;" file="E:\coupony-backend\tests\Unit\Domain\Explore\DiscountCalculatorPropertyTest.php" line="25" class="Tests\Unit\Domain\Explore\DiscountCalculatorPropertyTest" classname="Tests.Unit.Domain.Explore.DiscountCalculatorPropertyTest" assertions="2" time="0.000129"/>
          <testcase name="test_property_percentage_type_discount_calculation with data set &quot;percentage_17&quot;" file="E:\coupony-backend\tests\Unit\Domain\Explore\DiscountCalculatorPropertyTest.php" line="25" class="Tests\Unit\Domain\Explore\DiscountCalculatorPropertyTest" classname="Tests.Unit.Domain.Explore.DiscountCalculatorPropertyTest" assertions="2" time="0.000129"/>
          <testcase name="test_property_percentage_type_discount_calculation with data set &quot;percentage_18&quot;" file="E:\coupony-backend\tests\Unit\Domain\Explore\DiscountCalculatorPropertyTest.php" line="25" class="Tests\Unit\Domain\Explore\DiscountCalculatorPropertyTest" classname="Tests.Unit.Domain.Explore.DiscountCalculatorPropertyTest" assertions="2" time="0.000159"/>
          <testcase name="test_property_percentage_type_discount_calculation with data set &quot;percentage_19&quot;" file="E:\coupony-backend\tests\Unit\Domain\Explore\DiscountCalculatorPropertyTest.php" line="25" class="Tests\Unit\Domain\Explore\DiscountCalculatorPropertyTest" classname="Tests.Unit.Domain.Explore.DiscountCalculatorPropertyTest" assertions="2" time="0.000132"/>
          <testcase name="test_property_percentage_type_discount_calculation with data set &quot;percentage_20&quot;" file="E:\coupony-backend\tests\Unit\Domain\Explore\DiscountCalculatorPropertyTest.php" line="25" class="Tests\Unit\Domain\Explore\DiscountCalculatorPropertyTest" classname="Tests.Unit.Domain.Explore.DiscountCalculatorPropertyTest" assertions="2" time="0.000129"/>
          <testcase name="test_property_percentage_type_discount_calculation with data set &quot;percentage_21&quot;" file="E:\coupony-backend\tests\Unit\Domain\Explore\DiscountCalculatorPropertyTest.php" line="25" class="Tests\Unit\Domain\Explore\DiscountCalculatorPropertyTest" classname="Tests.Unit.Domain.Explore.DiscountCalculatorPropertyTest" assertions="2" time="0.000129"/>
          <testcase name="test_property_percentage_type_discount_calculation with data set &quot;percentage_22&quot;" file="E:\coupony-backend\tests\Unit\Domain\Explore\DiscountCalculatorPropertyTest.php" line="25" class="Tests\Unit\Domain\Explore\DiscountCalculatorPropertyTest" classname="Tests.Unit.Domain.Explore.DiscountCalculatorPropertyTest" assertions="2" time="0.000139"/>
          <testcase name="test_property_percentage_type_discount_calculation with data set &quot;percentage_23&quot;" file="E:\coupony-backend\tests\Unit\Domain\Explore\DiscountCalculatorPropertyTest.php" line="25" class="Tests\Unit\Domain\Explore\DiscountCalculatorPropertyTest" classname="Tests.Unit.Domain.Explore.DiscountCalculatorPropertyTest" assertions="2" time="0.000130"/>
          <testcase name="test_property_percentage_type_discount_calculation with data set &quot;percentage_24&quot;" file="E:\coupony-backend\tests\Unit\Domain\Explore\DiscountCalculatorPropertyTest.php" line="25" class="Tests\Unit\Domain\Explore\DiscountCalculatorPropertyTest" classname="Tests.Unit.Domain.Explore.DiscountCalculatorPropertyTest" assertions="2" time="0.000136"/>
          <testcase name="test_property_percentage_type_discount_calculation with data set &quot;percentage_25&quot;" file="E:\coupony-backend\tests\Unit\Domain\Explore\DiscountCalculatorPropertyTest.php" line="25" class="Tests\Unit\Domain\Explore\DiscountCalculatorPropertyTest" classname="Tests.Unit.Domain.Explore.DiscountCalculatorPropertyTest" assertions="2" time="0.000129"/>
          <testcase name="test_property_percentage_type_discount_calculation with data set &quot;percentage_26&quot;" file="E:\coupony-backend\tests\Unit\Domain\Explore\DiscountCalculatorPropertyTest.php" line="25" class="Tests\Unit\Domain\Explore\DiscountCalculatorPropertyTest" classname="Tests.Unit.Domain.Explore.DiscountCalculatorPropertyTest" assertions="2" time="0.000127"/>
          <testcase name="test_property_percentage_type_discount_calculation with data set &quot;percentage_27&quot;" file="E:\coupony-backend\tests\Unit\Domain\Explore\DiscountCalculatorPropertyTest.php" line="25" class="Tests\Unit\Domain\Explore\DiscountCalculatorPropertyTest" classname="Tests.Unit.Domain.Explore.DiscountCalculatorPropertyTest" assertions="2" time="0.000160"/>
          <testcase name="test_property_percentage_type_discount_calculation with data set &quot;percentage_28&quot;" file="E:\coupony-backend\tests\Unit\Domain\Explore\DiscountCalculatorPropertyTest.php" line="25" class="Tests\Unit\Domain\Explore\DiscountCalculatorPropertyTest" classname="Tests.Unit.Domain.Explore.DiscountCalculatorPropertyTest" assertions="2" time="0.000133"/>
          <testcase name="test_property_percentage_type_discount_calculation with data set &quot;percentage_29&quot;" file="E:\coupony-backend\tests\Unit\Domain\Explore\DiscountCalculatorPropertyTest.php" line="25" class="Tests\Unit\Domain\Explore\DiscountCalculatorPropertyTest" classname="Tests.Unit.Domain.Explore.DiscountCalculatorPropertyTest" assertions="2" time="0.000139"/>
          <testcase name="test_property_percentage_type_discount_calculation with data set &quot;percentage_30&quot;" file="E:\coupony-backend\tests\Unit\Domain\Explore\DiscountCalculatorPropertyTest.php" line="25" class="Tests\Unit\Domain\Explore\DiscountCalculatorPropertyTest" classname="Tests.Unit.Domain.Explore.DiscountCalculatorPropertyTest" assertions="2" time="0.000135"/>
          <testcase name="test_property_percentage_type_discount_calculation with data set &quot;percentage_31&quot;" file="E:\coupony-backend\tests\Unit\Domain\Explore\DiscountCalculatorPropertyTest.php" line="25" class="Tests\Unit\Domain\Explore\DiscountCalculatorPropertyTest" classname="Tests.Unit.Domain.Explore.DiscountCalculatorPropertyTest" assertions="2" time="0.000149"/>
          <testcase name="test_property_percentage_type_discount_calculation with data set &quot;percentage_32&quot;" file="E:\coupony-backend\tests\Unit\Domain\Explore\DiscountCalculatorPropertyTest.php" line="25" class="Tests\Unit\Domain\Explore\DiscountCalculatorPropertyTest" classname="Tests.Unit.Domain.Explore.DiscountCalculatorPropertyTest" assertions="2" time="0.000131"/>
          <testcase name="test_property_percentage_type_discount_calculation with data set &quot;percentage_33&quot;" file="E:\coupony-backend\tests\Unit\Domain\Explore\DiscountCalculatorPropertyTest.php" line="25" class="Tests\Unit\Domain\Explore\DiscountCalculatorPropertyTest" classname="Tests.Unit.Domain.Explore.DiscountCalculatorPropertyTest" assertions="2" time="0.000136"/>
          <testcase name="test_property_percentage_type_discount_calculation with data set &quot;percentage_34&quot;" file="E:\coupony-backend\tests\Unit\Domain\Explore\DiscountCalculatorPropertyTest.php" line="25" class="Tests\Unit\Domain\Explore\DiscountCalculatorPropertyTest" classname="Tests.Unit.Domain.Explore.DiscountCalculatorPropertyTest" assertions="2" time="0.000150"/>
          <testcase name="test_property_percentage_type_discount_calculation with data set &quot;percentage_35&quot;" file="E:\coupony-backend\tests\Unit\Domain\Explore\DiscountCalculatorPropertyTest.php" line="25" class="Tests\Unit\Domain\Explore\DiscountCalculatorPropertyTest" classname="Tests.Unit.Domain.Explore.DiscountCalculatorPropertyTest" assertions="2" time="0.000178"/>
          <testcase name="test_property_percentage_type_discount_calculation with data set &quot;percentage_36&quot;" file="E:\coupony-backend\tests\Unit\Domain\Explore\DiscountCalculatorPropertyTest.php" line="25" class="Tests\Unit\Domain\Explore\DiscountCalculatorPropertyTest" classname="Tests.Unit.Domain.Explore.DiscountCalculatorPropertyTest" assertions="2" time="0.000137"/>
          <testcase name="test_property_percentage_type_discount_calculation with data set &quot;percentage_37&quot;" file="E:\coupony-backend\tests\Unit\Domain\Explore\DiscountCalculatorPropertyTest.php" line="25" class="Tests\Unit\Domain\Explore\DiscountCalculatorPropertyTest" classname="Tests.Unit.Domain.Explore.DiscountCalculatorPropertyTest" assertions="2" time="0.000131"/>
          <testcase name="test_property_percentage_type_discount_calculation with data set &quot;percentage_38&quot;" file="E:\coupony-backend\tests\Unit\Domain\Explore\DiscountCalculatorPropertyTest.php" line="25" class="Tests\Unit\Domain\Explore\DiscountCalculatorPropertyTest" classname="Tests.Unit.Domain.Explore.DiscountCalculatorPropertyTest" assertions="2" time="0.000129"/>
          <testcase name="test_property_percentage_type_discount_calculation with data set &quot;percentage_39&quot;" file="E:\coupony-backend\tests\Unit\Domain\Explore\DiscountCalculatorPropertyTest.php" line="25" class="Tests\Unit\Domain\Explore\DiscountCalculatorPropertyTest" classname="Tests.Unit.Domain.Explore.DiscountCalculatorPropertyTest" assertions="2" time="0.000129"/>
          <testcase name="test_property_percentage_type_discount_calculation with data set &quot;percentage_40&quot;" file="E:\coupony-backend\tests\Unit\Domain\Explore\DiscountCalculatorPropertyTest.php" line="25" class="Tests\Unit\Domain\Explore\DiscountCalculatorPropertyTest" classname="Tests.Unit.Domain.Explore.DiscountCalculatorPropertyTest" assertions="2" time="0.000139"/>
          <testcase name="test_property_percentage_type_discount_calculation with data set &quot;percentage_41&quot;" file="E:\coupony-backend\tests\Unit\Domain\Explore\DiscountCalculatorPropertyTest.php" line="25" class="Tests\Unit\Domain\Explore\DiscountCalculatorPropertyTest" classname="Tests.Unit.Domain.Explore.DiscountCalculatorPropertyTest" assertions="2" time="0.000143"/>
          <testcase name="test_property_percentage_type_discount_calculation with data set &quot;percentage_42&quot;" file="E:\coupony-backend\tests\Unit\Domain\Explore\DiscountCalculatorPropertyTest.php" line="25" class="Tests\Unit\Domain\Explore\DiscountCalculatorPropertyTest" classname="Tests.Unit.Domain.Explore.DiscountCalculatorPropertyTest" assertions="2" time="0.000132"/>
          <testcase name="test_property_percentage_type_discount_calculation with data set &quot;percentage_43&quot;" file="E:\coupony-backend\tests\Unit\Domain\Explore\DiscountCalculatorPropertyTest.php" line="25" class="Tests\Unit\Domain\Explore\DiscountCalculatorPropertyTest" classname="Tests.Unit.Domain.Explore.DiscountCalculatorPropertyTest" assertions="2" time="0.000144"/>
          <testcase name="test_property_percentage_type_discount_calculation with data set &quot;percentage_44&quot;" file="E:\coupony-backend\tests\Unit\Domain\Explore\DiscountCalculatorPropertyTest.php" line="25" class="Tests\Unit\Domain\Explore\DiscountCalculatorPropertyTest" classname="Tests.Unit.Domain.Explore.DiscountCalculatorPropertyTest" assertions="2" time="0.000132"/>
          <testcase name="test_property_percentage_type_discount_calculation with data set &quot;percentage_45&quot;" file="E:\coupony-backend\tests\Unit\Domain\Explore\DiscountCalculatorPropertyTest.php" line="25" class="Tests\Unit\Domain\Explore\DiscountCalculatorPropertyTest" classname="Tests.Unit.Domain.Explore.DiscountCalculatorPropertyTest" assertions="2" time="0.000150"/>
          <testcase name="test_property_percentage_type_discount_calculation with data set &quot;percentage_46&quot;" file="E:\coupony-backend\tests\Unit\Domain\Explore\DiscountCalculatorPropertyTest.php" line="25" class="Tests\Unit\Domain\Explore\DiscountCalculatorPropertyTest" classname="Tests.Unit.Domain.Explore.DiscountCalculatorPropertyTest" assertions="2" time="0.000131"/>
          <testcase name="test_property_percentage_type_discount_calculation with data set &quot;percentage_47&quot;" file="E:\coupony-backend\tests\Unit\Domain\Explore\DiscountCalculatorPropertyTest.php" line="25" class="Tests\Unit\Domain\Explore\DiscountCalculatorPropertyTest" classname="Tests.Unit.Domain.Explore.DiscountCalculatorPropertyTest" assertions="2" time="0.000130"/>
          <testcase name="test_property_percentage_type_discount_calculation with data set &quot;percentage_48&quot;" file="E:\coupony-backend\tests\Unit\Domain\Explore\DiscountCalculatorPropertyTest.php" line="25" class="Tests\Unit\Domain\Explore\DiscountCalculatorPropertyTest" classname="Tests.Unit.Domain.Explore.DiscountCalculatorPropertyTest" assertions="2" time="0.000135"/>
          <testcase name="test_property_percentage_type_discount_calculation with data set &quot;percentage_49&quot;" file="E:\coupony-backend\tests\Unit\Domain\Explore\DiscountCalculatorPropertyTest.php" line="25" class="Tests\Unit\Domain\Explore\DiscountCalculatorPropertyTest" classname="Tests.Unit.Domain.Explore.DiscountCalculatorPropertyTest" assertions="2" time="0.000131"/>
          <testcase name="test_property_percentage_type_discount_calculation with data set &quot;percentage_50&quot;" file="E:\coupony-backend\tests\Unit\Domain\Explore\DiscountCalculatorPropertyTest.php" line="25" class="Tests\Unit\Domain\Explore\DiscountCalculatorPropertyTest" classname="Tests.Unit.Domain.Explore.DiscountCalculatorPropertyTest" assertions="2" time="0.000133"/>
          <testcase name="test_property_percentage_type_discount_calculation with data set &quot;percentage_51&quot;" file="E:\coupony-backend\tests\Unit\Domain\Explore\DiscountCalculatorPropertyTest.php" line="25" class="Tests\Unit\Domain\Explore\DiscountCalculatorPropertyTest" classname="Tests.Unit.Domain.Explore.DiscountCalculatorPropertyTest" assertions="2" time="0.000141"/>
          <testcase name="test_property_percentage_type_discount_calculation with data set &quot;percentage_52&quot;" file="E:\coupony-backend\tests\Unit\Domain\Explore\DiscountCalculatorPropertyTest.php" line="25" class="Tests\Unit\Domain\Explore\DiscountCalculatorPropertyTest" classname="Tests.Unit.Domain.Explore.DiscountCalculatorPropertyTest" assertions="2" time="0.000131"/>
          <testcase name="test_property_percentage_type_discount_calculation with data set &quot;percentage_53&quot;" file="E:\coupony-backend\tests\Unit\Domain\Explore\DiscountCalculatorPropertyTest.php" line="25" class="Tests\Unit\Domain\Explore\DiscountCalculatorPropertyTest" classname="Tests.Unit.Domain.Explore.DiscountCalculatorPropertyTest" assertions="2" time="0.000148"/>
          <testcase name="test_property_percentage_type_discount_calculation with data set &quot;percentage_54&quot;" file="E:\coupony-backend\tests\Unit\Domain\Explore\DiscountCalculatorPropertyTest.php" line="25" class="Tests\Unit\Domain\Explore\DiscountCalculatorPropertyTest" classname="Tests.Unit.Domain.Explore.DiscountCalculatorPropertyTest" assertions="2" time="0.000132"/>
          <testcase name="test_property_percentage_type_discount_calculation with data set &quot;percentage_55&quot;" file="E:\coupony-backend\tests\Unit\Domain\Explore\DiscountCalculatorPropertyTest.php" line="25" class="Tests\Unit\Domain\Explore\DiscountCalculatorPropertyTest" classname="Tests.Unit.Domain.Explore.DiscountCalculatorPropertyTest" assertions="2" time="0.000132"/>
          <testcase name="test_property_percentage_type_discount_calculation with data set &quot;percentage_56&quot;" file="E:\coupony-backend\tests\Unit\Domain\Explore\DiscountCalculatorPropertyTest.php" line="25" class="Tests\Unit\Domain\Explore\DiscountCalculatorPropertyTest" classname="Tests.Unit.Domain.Explore.DiscountCalculatorPropertyTest" assertions="2" time="0.000143"/>
          <testcase name="test_property_percentage_type_discount_calculation with data set &quot;percentage_57&quot;" file="E:\coupony-backend\tests\Unit\Domain\Explore\DiscountCalculatorPropertyTest.php" line="25" class="Tests\Unit\Domain\Explore\DiscountCalculatorPropertyTest" classname="Tests.Unit.Domain.Explore.DiscountCalculatorPropertyTest" assertions="2" time="0.000131"/>
          <testcase name="test_property_percentage_type_discount_calculation with data set &quot;percentage_58&quot;" file="E:\coupony-backend\tests\Unit\Domain\Explore\DiscountCalculatorPropertyTest.php" line="25" class="Tests\Unit\Domain\Explore\DiscountCalculatorPropertyTest" classname="Tests.Unit.Domain.Explore.DiscountCalculatorPropertyTest" assertions="2" time="0.000128"/>
          <testcase name="test_property_percentage_type_discount_calculation with data set &quot;percentage_59&quot;" file="E:\coupony-backend\tests\Unit\Domain\Explore\DiscountCalculatorPropertyTest.php" line="25" class="Tests\Unit\Domain\Explore\DiscountCalculatorPropertyTest" classname="Tests.Unit.Domain.Explore.DiscountCalculatorPropertyTest" assertions="2" time="0.000128"/>
          <testcase name="test_property_percentage_type_discount_calculation with data set &quot;percentage_60&quot;" file="E:\coupony-backend\tests\Unit\Domain\Explore\DiscountCalculatorPropertyTest.php" line="25" class="Tests\Unit\Domain\Explore\DiscountCalculatorPropertyTest" classname="Tests.Unit.Domain.Explore.DiscountCalculatorPropertyTest" assertions="2" time="0.000128"/>
          <testcase name="test_property_percentage_type_discount_calculation with data set &quot;percentage_61&quot;" file="E:\coupony-backend\tests\Unit\Domain\Explore\DiscountCalculatorPropertyTest.php" line="25" class="Tests\Unit\Domain\Explore\DiscountCalculatorPropertyTest" classname="Tests.Unit.Domain.Explore.DiscountCalculatorPropertyTest" assertions="2" time="0.000160"/>
          <testcase name="test_property_percentage_type_discount_calculation with data set &quot;percentage_62&quot;" file="E:\coupony-backend\tests\Unit\Domain\Explore\DiscountCalculatorPropertyTest.php" line="25" class="Tests\Unit\Domain\Explore\DiscountCalculatorPropertyTest" classname="Tests.Unit.Domain.Explore.DiscountCalculatorPropertyTest" assertions="2" time="0.000148"/>
          <testcase name="test_property_percentage_type_discount_calculation with data set &quot;percentage_63&quot;" file="E:\coupony-backend\tests\Unit\Domain\Explore\DiscountCalculatorPropertyTest.php" line="25" class="Tests\Unit\Domain\Explore\DiscountCalculatorPropertyTest" classname="Tests.Unit.Domain.Explore.DiscountCalculatorPropertyTest" assertions="2" time="0.000162"/>
          <testcase name="test_property_percentage_type_discount_calculation with data set &quot;percentage_64&quot;" file="E:\coupony-backend\tests\Unit\Domain\Explore\DiscountCalculatorPropertyTest.php" line="25" class="Tests\Unit\Domain\Explore\DiscountCalculatorPropertyTest" classname="Tests.Unit.Domain.Explore.DiscountCalculatorPropertyTest" assertions="2" time="0.000146"/>
          <testcase name="test_property_percentage_type_discount_calculation with data set &quot;percentage_65&quot;" file="E:\coupony-backend\tests\Unit\Domain\Explore\DiscountCalculatorPropertyTest.php" line="25" class="Tests\Unit\Domain\Explore\DiscountCalculatorPropertyTest" classname="Tests.Unit.Domain.Explore.DiscountCalculatorPropertyTest" assertions="2" time="0.000182"/>
          <testcase name="test_property_percentage_type_discount_calculation with data set &quot;percentage_66&quot;" file="E:\coupony-backend\tests\Unit\Domain\Explore\DiscountCalculatorPropertyTest.php" line="25" class="Tests\Unit\Domain\Explore\DiscountCalculatorPropertyTest" classname="Tests.Unit.Domain.Explore.DiscountCalculatorPropertyTest" assertions="2" time="0.000147"/>
          <testcase name="test_property_percentage_type_discount_calculation with data set &quot;percentage_67&quot;" file="E:\coupony-backend\tests\Unit\Domain\Explore\DiscountCalculatorPropertyTest.php" line="25" class="Tests\Unit\Domain\Explore\DiscountCalculatorPropertyTest" classname="Tests.Unit.Domain.Explore.DiscountCalculatorPropertyTest" assertions="2" time="0.000183"/>
          <testcase name="test_property_percentage_type_discount_calculation with data set &quot;percentage_68&quot;" file="E:\coupony-backend\tests\Unit\Domain\Explore\DiscountCalculatorPropertyTest.php" line="25" class="Tests\Unit\Domain\Explore\DiscountCalculatorPropertyTest" classname="Tests.Unit.Domain.Explore.DiscountCalculatorPropertyTest" assertions="2" time="0.000182"/>
          <testcase name="test_property_percentage_type_discount_calculation with data set &quot;percentage_69&quot;" file="E:\coupony-backend\tests\Unit\Domain\Explore\DiscountCalculatorPropertyTest.php" line="25" class="Tests\Unit\Domain\Explore\DiscountCalculatorPropertyTest" classname="Tests.Unit.Domain.Explore.DiscountCalculatorPropertyTest" assertions="2" time="0.000173"/>
          <testcase name="test_property_percentage_type_discount_calculation with data set &quot;percentage_70&quot;" file="E:\coupony-backend\tests\Unit\Domain\Explore\DiscountCalculatorPropertyTest.php" line="25" class="Tests\Unit\Domain\Explore\DiscountCalculatorPropertyTest" classname="Tests.Unit.Domain.Explore.DiscountCalculatorPropertyTest" assertions="2" time="0.000136"/>
          <testcase name="test_property_percentage_type_discount_calculation with data set &quot;percentage_71&quot;" file="E:\coupony-backend\tests\Unit\Domain\Explore\DiscountCalculatorPropertyTest.php" line="25" class="Tests\Unit\Domain\Explore\DiscountCalculatorPropertyTest" classname="Tests.Unit.Domain.Explore.DiscountCalculatorPropertyTest" assertions="2" time="0.000159"/>
          <testcase name="test_property_percentage_type_discount_calculation with data set &quot;percentage_72&quot;" file="E:\coupony-backend\tests\Unit\Domain\Explore\DiscountCalculatorPropertyTest.php" line="25" class="Tests\Unit\Domain\Explore\DiscountCalculatorPropertyTest" classname="Tests.Unit.Domain.Explore.DiscountCalculatorPropertyTest" assertions="2" time="0.000170"/>
          <testcase name="test_property_percentage_type_discount_calculation with data set &quot;percentage_73&quot;" file="E:\coupony-backend\tests\Unit\Domain\Explore\DiscountCalculatorPropertyTest.php" line="25" class="Tests\Unit\Domain\Explore\DiscountCalculatorPropertyTest" classname="Tests.Unit.Domain.Explore.DiscountCalculatorPropertyTest" assertions="2" time="0.000138"/>
          <testcase name="test_property_percentage_type_discount_calculation with data set &quot;percentage_74&quot;" file="E:\coupony-backend\tests\Unit\Domain\Explore\DiscountCalculatorPropertyTest.php" line="25" class="Tests\Unit\Domain\Explore\DiscountCalculatorPropertyTest" classname="Tests.Unit.Domain.Explore.DiscountCalculatorPropertyTest" assertions="2" time="0.000190"/>
          <testcase name="test_property_percentage_type_discount_calculation with data set &quot;percentage_75&quot;" file="E:\coupony-backend\tests\Unit\Domain\Explore\DiscountCalculatorPropertyTest.php" line="25" class="Tests\Unit\Domain\Explore\DiscountCalculatorPropertyTest" classname="Tests.Unit.Domain.Explore.DiscountCalculatorPropertyTest" assertions="2" time="0.000252"/>
          <testcase name="test_property_percentage_type_discount_calculation with data set &quot;percentage_76&quot;" file="E:\coupony-backend\tests\Unit\Domain\Explore\DiscountCalculatorPropertyTest.php" line="25" class="Tests\Unit\Domain\Explore\DiscountCalculatorPropertyTest" classname="Tests.Unit.Domain.Explore.DiscountCalculatorPropertyTest" assertions="2" time="0.000162"/>
          <testcase name="test_property_percentage_type_discount_calculation with data set &quot;percentage_77&quot;" file="E:\coupony-backend\tests\Unit\Domain\Explore\DiscountCalculatorPropertyTest.php" line="25" class="Tests\Unit\Domain\Explore\DiscountCalculatorPropertyTest" classname="Tests.Unit.Domain.Explore.DiscountCalculatorPropertyTest" assertions="2" time="0.000136"/>
          <testcase name="test_property_percentage_type_discount_calculation with data set &quot;percentage_78&quot;" file="E:\coupony-backend\tests\Unit\Domain\Explore\DiscountCalculatorPropertyTest.php" line="25" class="Tests\Unit\Domain\Explore\DiscountCalculatorPropertyTest" classname="Tests.Unit.Domain.Explore.DiscountCalculatorPropertyTest" assertions="2" time="0.000144"/>
          <testcase name="test_property_percentage_type_discount_calculation with data set &quot;percentage_79&quot;" file="E:\coupony-backend\tests\Unit\Domain\Explore\DiscountCalculatorPropertyTest.php" line="25" class="Tests\Unit\Domain\Explore\DiscountCalculatorPropertyTest" classname="Tests.Unit.Domain.Explore.DiscountCalculatorPropertyTest" assertions="2" time="0.000137"/>
          <testcase name="test_property_percentage_type_discount_calculation with data set &quot;percentage_80&quot;" file="E:\coupony-backend\tests\Unit\Domain\Explore\DiscountCalculatorPropertyTest.php" line="25" class="Tests\Unit\Domain\Explore\DiscountCalculatorPropertyTest" classname="Tests.Unit.Domain.Explore.DiscountCalculatorPropertyTest" assertions="2" time="0.000130"/>
          <testcase name="test_property_percentage_type_discount_calculation with data set &quot;percentage_81&quot;" file="E:\coupony-backend\tests\Unit\Domain\Explore\DiscountCalculatorPropertyTest.php" line="25" class="Tests\Unit\Domain\Explore\DiscountCalculatorPropertyTest" classname="Tests.Unit.Domain.Explore.DiscountCalculatorPropertyTest" assertions="2" time="0.000154"/>
          <testcase name="test_property_percentage_type_discount_calculation with data set &quot;percentage_82&quot;" file="E:\coupony-backend\tests\Unit\Domain\Explore\DiscountCalculatorPropertyTest.php" line="25" class="Tests\Unit\Domain\Explore\DiscountCalculatorPropertyTest" classname="Tests.Unit.Domain.Explore.DiscountCalculatorPropertyTest" assertions="2" time="0.000132"/>
          <testcase name="test_property_percentage_type_discount_calculation with data set &quot;percentage_83&quot;" file="E:\coupony-backend\tests\Unit\Domain\Explore\DiscountCalculatorPropertyTest.php" line="25" class="Tests\Unit\Domain\Explore\DiscountCalculatorPropertyTest" classname="Tests.Unit.Domain.Explore.DiscountCalculatorPropertyTest" assertions="2" time="0.000129"/>
          <testcase name="test_property_percentage_type_discount_calculation with data set &quot;percentage_84&quot;" file="E:\coupony-backend\tests\Unit\Domain\Explore\DiscountCalculatorPropertyTest.php" line="25" class="Tests\Unit\Domain\Explore\DiscountCalculatorPropertyTest" classname="Tests.Unit.Domain.Explore.DiscountCalculatorPropertyTest" assertions="2" time="0.000154"/>
          <testcase name="test_property_percentage_type_discount_calculation with data set &quot;percentage_85&quot;" file="E:\coupony-backend\tests\Unit\Domain\Explore\DiscountCalculatorPropertyTest.php" line="25" class="Tests\Unit\Domain\Explore\DiscountCalculatorPropertyTest" classname="Tests.Unit.Domain.Explore.DiscountCalculatorPropertyTest" assertions="2" time="0.000136"/>
          <testcase name="test_property_percentage_type_discount_calculation with data set &quot;percentage_86&quot;" file="E:\coupony-backend\tests\Unit\Domain\Explore\DiscountCalculatorPropertyTest.php" line="25" class="Tests\Unit\Domain\Explore\DiscountCalculatorPropertyTest" classname="Tests.Unit.Domain.Explore.DiscountCalculatorPropertyTest" assertions="2" time="0.000129"/>
          <testcase name="test_property_percentage_type_discount_calculation with data set &quot;percentage_87&quot;" file="E:\coupony-backend\tests\Unit\Domain\Explore\DiscountCalculatorPropertyTest.php" line="25" class="Tests\Unit\Domain\Explore\DiscountCalculatorPropertyTest" classname="Tests.Unit.Domain.Explore.DiscountCalculatorPropertyTest" assertions="2" time="0.000128"/>
          <testcase name="test_property_percentage_type_discount_calculation with data set &quot;percentage_88&quot;" file="E:\coupony-backend\tests\Unit\Domain\Explore\DiscountCalculatorPropertyTest.php" line="25" class="Tests\Unit\Domain\Explore\DiscountCalculatorPropertyTest" classname="Tests.Unit.Domain.Explore.DiscountCalculatorPropertyTest" assertions="2" time="0.000129"/>
          <testcase name="test_property_percentage_type_discount_calculation with data set &quot;percentage_89&quot;" file="E:\coupony-backend\tests\Unit\Domain\Explore\DiscountCalculatorPropertyTest.php" line="25" class="Tests\Unit\Domain\Explore\DiscountCalculatorPropertyTest" classname="Tests.Unit.Domain.Explore.DiscountCalculatorPropertyTest" assertions="2" time="0.000128"/>
          <testcase name="test_property_percentage_type_discount_calculation with data set &quot;percentage_90&quot;" file="E:\coupony-backend\tests\Unit\Domain\Explore\DiscountCalculatorPropertyTest.php" line="25" class="Tests\Unit\Domain\Explore\DiscountCalculatorPropertyTest" classname="Tests.Unit.Domain.Explore.DiscountCalculatorPropertyTest" assertions="2" time="0.000140"/>
          <testcase name="test_property_percentage_type_discount_calculation with data set &quot;percentage_91&quot;" file="E:\coupony-backend\tests\Unit\Domain\Explore\DiscountCalculatorPropertyTest.php" line="25" class="Tests\Unit\Domain\Explore\DiscountCalculatorPropertyTest" classname="Tests.Unit.Domain.Explore.DiscountCalculatorPropertyTest" assertions="2" time="0.000130"/>
          <testcase name="test_property_percentage_type_discount_calculation with data set &quot;percentage_92&quot;" file="E:\coupony-backend\tests\Unit\Domain\Explore\DiscountCalculatorPropertyTest.php" line="25" class="Tests\Unit\Domain\Explore\DiscountCalculatorPropertyTest" classname="Tests.Unit.Domain.Explore.DiscountCalculatorPropertyTest" assertions="2" time="0.000129"/>
          <testcase name="test_property_percentage_type_discount_calculation with data set &quot;percentage_93&quot;" file="E:\coupony-backend\tests\Unit\Domain\Explore\DiscountCalculatorPropertyTest.php" line="25" class="Tests\Unit\Domain\Explore\DiscountCalculatorPropertyTest" classname="Tests.Unit.Domain.Explore.DiscountCalculatorPropertyTest" assertions="2" time="0.000128"/>
          <testcase name="test_property_percentage_type_discount_calculation with data set &quot;percentage_94&quot;" file="E:\coupony-backend\tests\Unit\Domain\Explore\DiscountCalculatorPropertyTest.php" line="25" class="Tests\Unit\Domain\Explore\DiscountCalculatorPropertyTest" classname="Tests.Unit.Domain.Explore.DiscountCalculatorPropertyTest" assertions="2" time="0.000128"/>
          <testcase name="test_property_percentage_type_discount_calculation with data set &quot;percentage_95&quot;" file="E:\coupony-backend\tests\Unit\Domain\Explore\DiscountCalculatorPropertyTest.php" line="25" class="Tests\Unit\Domain\Explore\DiscountCalculatorPropertyTest" classname="Tests.Unit.Domain.Explore.DiscountCalculatorPropertyTest" assertions="2" time="0.000127"/>
          <testcase name="test_property_percentage_type_discount_calculation with data set &quot;percentage_96&quot;" file="E:\coupony-backend\tests\Unit\Domain\Explore\DiscountCalculatorPropertyTest.php" line="25" class="Tests\Unit\Domain\Explore\DiscountCalculatorPropertyTest" classname="Tests.Unit.Domain.Explore.DiscountCalculatorPropertyTest" assertions="2" time="0.000148"/>
          <testcase name="test_property_percentage_type_discount_calculation with data set &quot;percentage_97&quot;" file="E:\coupony-backend\tests\Unit\Domain\Explore\DiscountCalculatorPropertyTest.php" line="25" class="Tests\Unit\Domain\Explore\DiscountCalculatorPropertyTest" classname="Tests.Unit.Domain.Explore.DiscountCalculatorPropertyTest" assertions="2" time="0.000131"/>
          <testcase name="test_property_percentage_type_discount_calculation with data set &quot;percentage_98&quot;" file="E:\coupony-backend\tests\Unit\Domain\Explore\DiscountCalculatorPropertyTest.php" line="25" class="Tests\Unit\Domain\Explore\DiscountCalculatorPropertyTest" classname="Tests.Unit.Domain.Explore.DiscountCalculatorPropertyTest" assertions="2" time="0.000150"/>
          <testcase name="test_property_percentage_type_discount_calculation with data set &quot;percentage_99&quot;" file="E:\coupony-backend\tests\Unit\Domain\Explore\DiscountCalculatorPropertyTest.php" line="25" class="Tests\Unit\Domain\Explore\DiscountCalculatorPropertyTest" classname="Tests.Unit.Domain.Explore.DiscountCalculatorPropertyTest" assertions="2" time="0.000132"/>
        </testsuite>
        <testsuite name="Tests\Unit\Domain\Explore\DiscountCalculatorPropertyTest::test_property_fixed_type_discount_calculation" tests="100" assertions="200" errors="0" failures="0" skipped="0" time="0.014723">
          <testcase name="test_property_fixed_type_discount_calculation with data set &quot;fixed_0&quot;" file="E:\coupony-backend\tests\Unit\Domain\Explore\DiscountCalculatorPropertyTest.php" line="64" class="Tests\Unit\Domain\Explore\DiscountCalculatorPropertyTest" classname="Tests.Unit.Domain.Explore.DiscountCalculatorPropertyTest" assertions="2" time="0.000169"/>
          <testcase name="test_property_fixed_type_discount_calculation with data set &quot;fixed_1&quot;" file="E:\coupony-backend\tests\Unit\Domain\Explore\DiscountCalculatorPropertyTest.php" line="64" class="Tests\Unit\Domain\Explore\DiscountCalculatorPropertyTest" classname="Tests.Unit.Domain.Explore.DiscountCalculatorPropertyTest" assertions="2" time="0.000140"/>
          <testcase name="test_property_fixed_type_discount_calculation with data set &quot;fixed_2&quot;" file="E:\coupony-backend\tests\Unit\Domain\Explore\DiscountCalculatorPropertyTest.php" line="64" class="Tests\Unit\Domain\Explore\DiscountCalculatorPropertyTest" classname="Tests.Unit.Domain.Explore.DiscountCalculatorPropertyTest" assertions="2" time="0.000132"/>
          <testcase name="test_property_fixed_type_discount_calculation with data set &quot;fixed_3&quot;" file="E:\coupony-backend\tests\Unit\Domain\Explore\DiscountCalculatorPropertyTest.php" line="64" class="Tests\Unit\Domain\Explore\DiscountCalculatorPropertyTest" classname="Tests.Unit.Domain.Explore.DiscountCalculatorPropertyTest" assertions="2" time="0.000213"/>
          <testcase name="test_property_fixed_type_discount_calculation with data set &quot;fixed_4&quot;" file="E:\coupony-backend\tests\Unit\Domain\Explore\DiscountCalculatorPropertyTest.php" line="64" class="Tests\Unit\Domain\Explore\DiscountCalculatorPropertyTest" classname="Tests.Unit.Domain.Explore.DiscountCalculatorPropertyTest" assertions="2" time="0.000151"/>
          <testcase name="test_property_fixed_type_discount_calculation with data set &quot;fixed_5&quot;" file="E:\coupony-backend\tests\Unit\Domain\Explore\DiscountCalculatorPropertyTest.php" line="64" class="Tests\Unit\Domain\Explore\DiscountCalculatorPropertyTest" classname="Tests.Unit.Domain.Explore.DiscountCalculatorPropertyTest" assertions="2" time="0.000149"/>
          <testcase name="test_property_fixed_type_discount_calculation with data set &quot;fixed_6&quot;" file="E:\coupony-backend\tests\Unit\Domain\Explore\DiscountCalculatorPropertyTest.php" line="64" class="Tests\Unit\Domain\Explore\DiscountCalculatorPropertyTest" classname="Tests.Unit.Domain.Explore.DiscountCalculatorPropertyTest" assertions="2" time="0.000140"/>
          <testcase name="test_property_fixed_type_discount_calculation with data set &quot;fixed_7&quot;" file="E:\coupony-backend\tests\Unit\Domain\Explore\DiscountCalculatorPropertyTest.php" line="64" class="Tests\Unit\Domain\Explore\DiscountCalculatorPropertyTest" classname="Tests.Unit.Domain.Explore.DiscountCalculatorPropertyTest" assertions="2" time="0.000132"/>
          <testcase name="test_property_fixed_type_discount_calculation with data set &quot;fixed_8&quot;" file="E:\coupony-backend\tests\Unit\Domain\Explore\DiscountCalculatorPropertyTest.php" line="64" class="Tests\Unit\Domain\Explore\DiscountCalculatorPropertyTest" classname="Tests.Unit.Domain.Explore.DiscountCalculatorPropertyTest" assertions="2" time="0.000131"/>
          <testcase name="test_property_fixed_type_discount_calculation with data set &quot;fixed_9&quot;" file="E:\coupony-backend\tests\Unit\Domain\Explore\DiscountCalculatorPropertyTest.php" line="64" class="Tests\Unit\Domain\Explore\DiscountCalculatorPropertyTest" classname="Tests.Unit.Domain.Explore.DiscountCalculatorPropertyTest" assertions="2" time="0.000130"/>
          <testcase name="test_property_fixed_type_discount_calculation with data set &quot;fixed_10&quot;" file="E:\coupony-backend\tests\Unit\Domain\Explore\DiscountCalculatorPropertyTest.php" line="64" class="Tests\Unit\Domain\Explore\DiscountCalculatorPropertyTest" classname="Tests.Unit.Domain.Explore.DiscountCalculatorPropertyTest" assertions="2" time="0.000129"/>
          <testcase name="test_property_fixed_type_discount_calculation with data set &quot;fixed_11&quot;" file="E:\coupony-backend\tests\Unit\Domain\Explore\DiscountCalculatorPropertyTest.php" line="64" class="Tests\Unit\Domain\Explore\DiscountCalculatorPropertyTest" classname="Tests.Unit.Domain.Explore.DiscountCalculatorPropertyTest" assertions="2" time="0.000147"/>
          <testcase name="test_property_fixed_type_discount_calculation with data set &quot;fixed_12&quot;" file="E:\coupony-backend\tests\Unit\Domain\Explore\DiscountCalculatorPropertyTest.php" line="64" class="Tests\Unit\Domain\Explore\DiscountCalculatorPropertyTest" classname="Tests.Unit.Domain.Explore.DiscountCalculatorPropertyTest" assertions="2" time="0.000133"/>
          <testcase name="test_property_fixed_type_discount_calculation with data set &quot;fixed_13&quot;" file="E:\coupony-backend\tests\Unit\Domain\Explore\DiscountCalculatorPropertyTest.php" line="64" class="Tests\Unit\Domain\Explore\DiscountCalculatorPropertyTest" classname="Tests.Unit.Domain.Explore.DiscountCalculatorPropertyTest" assertions="2" time="0.000129"/>
          <testcase name="test_property_fixed_type_discount_calculation with data set &quot;fixed_14&quot;" file="E:\coupony-backend\tests\Unit\Domain\Explore\DiscountCalculatorPropertyTest.php" line="64" class="Tests\Unit\Domain\Explore\DiscountCalculatorPropertyTest" classname="Tests.Unit.Domain.Explore.DiscountCalculatorPropertyTest" assertions="2" time="0.000152"/>
          <testcase name="test_property_fixed_type_discount_calculation with data set &quot;fixed_15&quot;" file="E:\coupony-backend\tests\Unit\Domain\Explore\DiscountCalculatorPropertyTest.php" line="64" class="Tests\Unit\Domain\Explore\DiscountCalculatorPropertyTest" classname="Tests.Unit.Domain.Explore.DiscountCalculatorPropertyTest" assertions="2" time="0.000131"/>
          <testcase name="test_property_fixed_type_discount_calculation with data set &quot;fixed_16&quot;" file="E:\coupony-backend\tests\Unit\Domain\Explore\DiscountCalculatorPropertyTest.php" line="64" class="Tests\Unit\Domain\Explore\DiscountCalculatorPropertyTest" classname="Tests.Unit.Domain.Explore.DiscountCalculatorPropertyTest" assertions="2" time="0.000141"/>
          <testcase name="test_property_fixed_type_discount_calculation with data set &quot;fixed_17&quot;" file="E:\coupony-backend\tests\Unit\Domain\Explore\DiscountCalculatorPropertyTest.php" line="64" class="Tests\Unit\Domain\Explore\DiscountCalculatorPropertyTest" classname="Tests.Unit.Domain.Explore.DiscountCalculatorPropertyTest" assertions="2" time="0.000148"/>
          <testcase name="test_property_fixed_type_discount_calculation with data set &quot;fixed_18&quot;" file="E:\coupony-backend\tests\Unit\Domain\Explore\DiscountCalculatorPropertyTest.php" line="64" class="Tests\Unit\Domain\Explore\DiscountCalculatorPropertyTest" classname="Tests.Unit.Domain.Explore.DiscountCalculatorPropertyTest" assertions="2" time="0.000131"/>
          <testcase name="test_property_fixed_type_discount_calculation with data set &quot;fixed_19&quot;" file="E:\coupony-backend\tests\Unit\Domain\Explore\DiscountCalculatorPropertyTest.php" line="64" class="Tests\Unit\Domain\Explore\DiscountCalculatorPropertyTest" classname="Tests.Unit.Domain.Explore.DiscountCalculatorPropertyTest" assertions="2" time="0.000130"/>
          <testcase name="test_property_fixed_type_discount_calculation with data set &quot;fixed_20&quot;" file="E:\coupony-backend\tests\Unit\Domain\Explore\DiscountCalculatorPropertyTest.php" line="64" class="Tests\Unit\Domain\Explore\DiscountCalculatorPropertyTest" classname="Tests.Unit.Domain.Explore.DiscountCalculatorPropertyTest" assertions="2" time="0.000128"/>
          <testcase name="test_property_fixed_type_discount_calculation with data set &quot;fixed_21&quot;" file="E:\coupony-backend\tests\Unit\Domain\Explore\DiscountCalculatorPropertyTest.php" line="64" class="Tests\Unit\Domain\Explore\DiscountCalculatorPropertyTest" classname="Tests.Unit.Domain.Explore.DiscountCalculatorPropertyTest" assertions="2" time="0.000146"/>
          <testcase name="test_property_fixed_type_discount_calculation with data set &quot;fixed_22&quot;" file="E:\coupony-backend\tests\Unit\Domain\Explore\DiscountCalculatorPropertyTest.php" line="64" class="Tests\Unit\Domain\Explore\DiscountCalculatorPropertyTest" classname="Tests.Unit.Domain.Explore.DiscountCalculatorPropertyTest" assertions="2" time="0.000149"/>
          <testcase name="test_property_fixed_type_discount_calculation with data set &quot;fixed_23&quot;" file="E:\coupony-backend\tests\Unit\Domain\Explore\DiscountCalculatorPropertyTest.php" line="64" class="Tests\Unit\Domain\Explore\DiscountCalculatorPropertyTest" classname="Tests.Unit.Domain.Explore.DiscountCalculatorPropertyTest" assertions="2" time="0.000134"/>
          <testcase name="test_property_fixed_type_discount_calculation with data set &quot;fixed_24&quot;" file="E:\coupony-backend\tests\Unit\Domain\Explore\DiscountCalculatorPropertyTest.php" line="64" class="Tests\Unit\Domain\Explore\DiscountCalculatorPropertyTest" classname="Tests.Unit.Domain.Explore.DiscountCalculatorPropertyTest" assertions="2" time="0.000131"/>
          <testcase name="test_property_fixed_type_discount_calculation with data set &quot;fixed_25&quot;" file="E:\coupony-backend\tests\Unit\Domain\Explore\DiscountCalculatorPropertyTest.php" line="64" class="Tests\Unit\Domain\Explore\DiscountCalculatorPropertyTest" classname="Tests.Unit.Domain.Explore.DiscountCalculatorPropertyTest" assertions="2" time="0.000129"/>
          <testcase name="test_property_fixed_type_discount_calculation with data set &quot;fixed_26&quot;" file="E:\coupony-backend\tests\Unit\Domain\Explore\DiscountCalculatorPropertyTest.php" line="64" class="Tests\Unit\Domain\Explore\DiscountCalculatorPropertyTest" classname="Tests.Unit.Domain.Explore.DiscountCalculatorPropertyTest" assertions="2" time="0.000130"/>
          <testcase name="test_property_fixed_type_discount_calculation with data set &quot;fixed_27&quot;" file="E:\coupony-backend\tests\Unit\Domain\Explore\DiscountCalculatorPropertyTest.php" line="64" class="Tests\Unit\Domain\Explore\DiscountCalculatorPropertyTest" classname="Tests.Unit.Domain.Explore.DiscountCalculatorPropertyTest" assertions="2" time="0.000129"/>
          <testcase name="test_property_fixed_type_discount_calculation with data set &quot;fixed_28&quot;" file="E:\coupony-backend\tests\Unit\Domain\Explore\DiscountCalculatorPropertyTest.php" line="64" class="Tests\Unit\Domain\Explore\DiscountCalculatorPropertyTest" classname="Tests.Unit.Domain.Explore.DiscountCalculatorPropertyTest" assertions="2" time="0.000311"/>
          <testcase name="test_property_fixed_type_discount_calculation with data set &quot;fixed_29&quot;" file="E:\coupony-backend\tests\Unit\Domain\Explore\DiscountCalculatorPropertyTest.php" line="64" class="Tests\Unit\Domain\Explore\DiscountCalculatorPropertyTest" classname="Tests.Unit.Domain.Explore.DiscountCalculatorPropertyTest" assertions="2" time="0.000360"/>
          <testcase name="test_property_fixed_type_discount_calculation with data set &quot;fixed_30&quot;" file="E:\coupony-backend\tests\Unit\Domain\Explore\DiscountCalculatorPropertyTest.php" line="64" class="Tests\Unit\Domain\Explore\DiscountCalculatorPropertyTest" classname="Tests.Unit.Domain.Explore.DiscountCalculatorPropertyTest" assertions="2" time="0.000253"/>
          <testcase name="test_property_fixed_type_discount_calculation with data set &quot;fixed_31&quot;" file="E:\coupony-backend\tests\Unit\Domain\Explore\DiscountCalculatorPropertyTest.php" line="64" class="Tests\Unit\Domain\Explore\DiscountCalculatorPropertyTest" classname="Tests.Unit.Domain.Explore.DiscountCalculatorPropertyTest" assertions="2" time="0.000197"/>
          <testcase name="test_property_fixed_type_discount_calculation with data set &quot;fixed_32&quot;" file="E:\coupony-backend\tests\Unit\Domain\Explore\DiscountCalculatorPropertyTest.php" line="64" class="Tests\Unit\Domain\Explore\DiscountCalculatorPropertyTest" classname="Tests.Unit.Domain.Explore.DiscountCalculatorPropertyTest" assertions="2" time="0.000181"/>
          <testcase name="test_property_fixed_type_discount_calculation with data set &quot;fixed_33&quot;" file="E:\coupony-backend\tests\Unit\Domain\Explore\DiscountCalculatorPropertyTest.php" line="64" class="Tests\Unit\Domain\Explore\DiscountCalculatorPropertyTest" classname="Tests.Unit.Domain.Explore.DiscountCalculatorPropertyTest" assertions="2" time="0.000196"/>
          <testcase name="test_property_fixed_type_discount_calculation with data set &quot;fixed_34&quot;" file="E:\coupony-backend\tests\Unit\Domain\Explore\DiscountCalculatorPropertyTest.php" line="64" class="Tests\Unit\Domain\Explore\DiscountCalculatorPropertyTest" classname="Tests.Unit.Domain.Explore.DiscountCalculatorPropertyTest" assertions="2" time="0.000178"/>
          <testcase name="test_property_fixed_type_discount_calculation with data set &quot;fixed_35&quot;" file="E:\coupony-backend\tests\Unit\Domain\Explore\DiscountCalculatorPropertyTest.php" line="64" class="Tests\Unit\Domain\Explore\DiscountCalculatorPropertyTest" classname="Tests.Unit.Domain.Explore.DiscountCalculatorPropertyTest" assertions="2" time="0.000142"/>
          <testcase name="test_property_fixed_type_discount_calculation with data set &quot;fixed_36&quot;" file="E:\coupony-backend\tests\Unit\Domain\Explore\DiscountCalculatorPropertyTest.php" line="64" class="Tests\Unit\Domain\Explore\DiscountCalculatorPropertyTest" classname="Tests.Unit.Domain.Explore.DiscountCalculatorPropertyTest" assertions="2" time="0.000137"/>
          <testcase name="test_property_fixed_type_discount_calculation with data set &quot;fixed_37&quot;" file="E:\coupony-backend\tests\Unit\Domain\Explore\DiscountCalculatorPropertyTest.php" line="64" class="Tests\Unit\Domain\Explore\DiscountCalculatorPropertyTest" classname="Tests.Unit.Domain.Explore.DiscountCalculatorPropertyTest" assertions="2" time="0.000134"/>
          <testcase name="test_property_fixed_type_discount_calculation with data set &quot;fixed_38&quot;" file="E:\coupony-backend\tests\Unit\Domain\Explore\DiscountCalculatorPropertyTest.php" line="64" class="Tests\Unit\Domain\Explore\DiscountCalculatorPropertyTest" classname="Tests.Unit.Domain.Explore.DiscountCalculatorPropertyTest" assertions="2" time="0.000155"/>
          <testcase name="test_property_fixed_type_discount_calculation with data set &quot;fixed_39&quot;" file="E:\coupony-backend\tests\Unit\Domain\Explore\DiscountCalculatorPropertyTest.php" line="64" class="Tests\Unit\Domain\Explore\DiscountCalculatorPropertyTest" classname="Tests.Unit.Domain.Explore.DiscountCalculatorPropertyTest" assertions="2" time="0.000134"/>
          <testcase name="test_property_fixed_type_discount_calculation with data set &quot;fixed_40&quot;" file="E:\coupony-backend\tests\Unit\Domain\Explore\DiscountCalculatorPropertyTest.php" line="64" class="Tests\Unit\Domain\Explore\DiscountCalculatorPropertyTest" classname="Tests.Unit.Domain.Explore.DiscountCalculatorPropertyTest" assertions="2" time="0.000142"/>
          <testcase name="test_property_fixed_type_discount_calculation with data set &quot;fixed_41&quot;" file="E:\coupony-backend\tests\Unit\Domain\Explore\DiscountCalculatorPropertyTest.php" line="64" class="Tests\Unit\Domain\Explore\DiscountCalculatorPropertyTest" classname="Tests.Unit.Domain.Explore.DiscountCalculatorPropertyTest" assertions="2" time="0.000133"/>
          <testcase name="test_property_fixed_type_discount_calculation with data set &quot;fixed_42&quot;" file="E:\coupony-backend\tests\Unit\Domain\Explore\DiscountCalculatorPropertyTest.php" line="64" class="Tests\Unit\Domain\Explore\DiscountCalculatorPropertyTest" classname="Tests.Unit.Domain.Explore.DiscountCalculatorPropertyTest" assertions="2" time="0.000142"/>
          <testcase name="test_property_fixed_type_discount_calculation with data set &quot;fixed_43&quot;" file="E:\coupony-backend\tests\Unit\Domain\Explore\DiscountCalculatorPropertyTest.php" line="64" class="Tests\Unit\Domain\Explore\DiscountCalculatorPropertyTest" classname="Tests.Unit.Domain.Explore.DiscountCalculatorPropertyTest" assertions="2" time="0.000160"/>
          <testcase name="test_property_fixed_type_discount_calculation with data set &quot;fixed_44&quot;" file="E:\coupony-backend\tests\Unit\Domain\Explore\DiscountCalculatorPropertyTest.php" line="64" class="Tests\Unit\Domain\Explore\DiscountCalculatorPropertyTest" classname="Tests.Unit.Domain.Explore.DiscountCalculatorPropertyTest" assertions="2" time="0.000154"/>
          <testcase name="test_property_fixed_type_discount_calculation with data set &quot;fixed_45&quot;" file="E:\coupony-backend\tests\Unit\Domain\Explore\DiscountCalculatorPropertyTest.php" line="64" class="Tests\Unit\Domain\Explore\DiscountCalculatorPropertyTest" classname="Tests.Unit.Domain.Explore.DiscountCalculatorPropertyTest" assertions="2" time="0.000133"/>
          <testcase name="test_property_fixed_type_discount_calculation with data set &quot;fixed_46&quot;" file="E:\coupony-backend\tests\Unit\Domain\Explore\DiscountCalculatorPropertyTest.php" line="64" class="Tests\Unit\Domain\Explore\DiscountCalculatorPropertyTest" classname="Tests.Unit.Domain.Explore.DiscountCalculatorPropertyTest" assertions="2" time="0.000132"/>
          <testcase name="test_property_fixed_type_discount_calculation with data set &quot;fixed_47&quot;" file="E:\coupony-backend\tests\Unit\Domain\Explore\DiscountCalculatorPropertyTest.php" line="64" class="Tests\Unit\Domain\Explore\DiscountCalculatorPropertyTest" classname="Tests.Unit.Domain.Explore.DiscountCalculatorPropertyTest" assertions="2" time="0.000131"/>
          <testcase name="test_property_fixed_type_discount_calculation with data set &quot;fixed_48&quot;" file="E:\coupony-backend\tests\Unit\Domain\Explore\DiscountCalculatorPropertyTest.php" line="64" class="Tests\Unit\Domain\Explore\DiscountCalculatorPropertyTest" classname="Tests.Unit.Domain.Explore.DiscountCalculatorPropertyTest" assertions="2" time="0.000139"/>
          <testcase name="test_property_fixed_type_discount_calculation with data set &quot;fixed_49&quot;" file="E:\coupony-backend\tests\Unit\Domain\Explore\DiscountCalculatorPropertyTest.php" line="64" class="Tests\Unit\Domain\Explore\DiscountCalculatorPropertyTest" classname="Tests.Unit.Domain.Explore.DiscountCalculatorPropertyTest" assertions="2" time="0.000132"/>
          <testcase name="test_property_fixed_type_discount_calculation with data set &quot;fixed_50&quot;" file="E:\coupony-backend\tests\Unit\Domain\Explore\DiscountCalculatorPropertyTest.php" line="64" class="Tests\Unit\Domain\Explore\DiscountCalculatorPropertyTest" classname="Tests.Unit.Domain.Explore.DiscountCalculatorPropertyTest" assertions="2" time="0.000162"/>
          <testcase name="test_property_fixed_type_discount_calculation with data set &quot;fixed_51&quot;" file="E:\coupony-backend\tests\Unit\Domain\Explore\DiscountCalculatorPropertyTest.php" line="64" class="Tests\Unit\Domain\Explore\DiscountCalculatorPropertyTest" classname="Tests.Unit.Domain.Explore.DiscountCalculatorPropertyTest" assertions="2" time="0.000143"/>
          <testcase name="test_property_fixed_type_discount_calculation with data set &quot;fixed_52&quot;" file="E:\coupony-backend\tests\Unit\Domain\Explore\DiscountCalculatorPropertyTest.php" line="64" class="Tests\Unit\Domain\Explore\DiscountCalculatorPropertyTest" classname="Tests.Unit.Domain.Explore.DiscountCalculatorPropertyTest" assertions="2" time="0.000132"/>
          <testcase name="test_property_fixed_type_discount_calculation with data set &quot;fixed_53&quot;" file="E:\coupony-backend\tests\Unit\Domain\Explore\DiscountCalculatorPropertyTest.php" line="64" class="Tests\Unit\Domain\Explore\DiscountCalculatorPropertyTest" classname="Tests.Unit.Domain.Explore.DiscountCalculatorPropertyTest" assertions="2" time="0.000130"/>
          <testcase name="test_property_fixed_type_discount_calculation with data set &quot;fixed_54&quot;" file="E:\coupony-backend\tests\Unit\Domain\Explore\DiscountCalculatorPropertyTest.php" line="64" class="Tests\Unit\Domain\Explore\DiscountCalculatorPropertyTest" classname="Tests.Unit.Domain.Explore.DiscountCalculatorPropertyTest" assertions="2" time="0.000130"/>
          <testcase name="test_property_fixed_type_discount_calculation with data set &quot;fixed_55&quot;" file="E:\coupony-backend\tests\Unit\Domain\Explore\DiscountCalculatorPropertyTest.php" line="64" class="Tests\Unit\Domain\Explore\DiscountCalculatorPropertyTest" classname="Tests.Unit.Domain.Explore.DiscountCalculatorPropertyTest" assertions="2" time="0.000130"/>
          <testcase name="test_property_fixed_type_discount_calculation with data set &quot;fixed_56&quot;" file="E:\coupony-backend\tests\Unit\Domain\Explore\DiscountCalculatorPropertyTest.php" line="64" class="Tests\Unit\Domain\Explore\DiscountCalculatorPropertyTest" classname="Tests.Unit.Domain.Explore.DiscountCalculatorPropertyTest" assertions="2" time="0.000130"/>
          <testcase name="test_property_fixed_type_discount_calculation with data set &quot;fixed_57&quot;" file="E:\coupony-backend\tests\Unit\Domain\Explore\DiscountCalculatorPropertyTest.php" line="64" class="Tests\Unit\Domain\Explore\DiscountCalculatorPropertyTest" classname="Tests.Unit.Domain.Explore.DiscountCalculatorPropertyTest" assertions="2" time="0.000129"/>
          <testcase name="test_property_fixed_type_discount_calculation with data set &quot;fixed_58&quot;" file="E:\coupony-backend\tests\Unit\Domain\Explore\DiscountCalculatorPropertyTest.php" line="64" class="Tests\Unit\Domain\Explore\DiscountCalculatorPropertyTest" classname="Tests.Unit.Domain.Explore.DiscountCalculatorPropertyTest" assertions="2" time="0.000128"/>
          <testcase name="test_property_fixed_type_discount_calculation with data set &quot;fixed_59&quot;" file="E:\coupony-backend\tests\Unit\Domain\Explore\DiscountCalculatorPropertyTest.php" line="64" class="Tests\Unit\Domain\Explore\DiscountCalculatorPropertyTest" classname="Tests.Unit.Domain.Explore.DiscountCalculatorPropertyTest" assertions="2" time="0.000128"/>
          <testcase name="test_property_fixed_type_discount_calculation with data set &quot;fixed_60&quot;" file="E:\coupony-backend\tests\Unit\Domain\Explore\DiscountCalculatorPropertyTest.php" line="64" class="Tests\Unit\Domain\Explore\DiscountCalculatorPropertyTest" classname="Tests.Unit.Domain.Explore.DiscountCalculatorPropertyTest" assertions="2" time="0.000140"/>
          <testcase name="test_property_fixed_type_discount_calculation with data set &quot;fixed_61&quot;" file="E:\coupony-backend\tests\Unit\Domain\Explore\DiscountCalculatorPropertyTest.php" line="64" class="Tests\Unit\Domain\Explore\DiscountCalculatorPropertyTest" classname="Tests.Unit.Domain.Explore.DiscountCalculatorPropertyTest" assertions="2" time="0.000150"/>
          <testcase name="test_property_fixed_type_discount_calculation with data set &quot;fixed_62&quot;" file="E:\coupony-backend\tests\Unit\Domain\Explore\DiscountCalculatorPropertyTest.php" line="64" class="Tests\Unit\Domain\Explore\DiscountCalculatorPropertyTest" classname="Tests.Unit.Domain.Explore.DiscountCalculatorPropertyTest" assertions="2" time="0.000132"/>
          <testcase name="test_property_fixed_type_discount_calculation with data set &quot;fixed_63&quot;" file="E:\coupony-backend\tests\Unit\Domain\Explore\DiscountCalculatorPropertyTest.php" line="64" class="Tests\Unit\Domain\Explore\DiscountCalculatorPropertyTest" classname="Tests.Unit.Domain.Explore.DiscountCalculatorPropertyTest" assertions="2" time="0.000129"/>
          <testcase name="test_property_fixed_type_discount_calculation with data set &quot;fixed_64&quot;" file="E:\coupony-backend\tests\Unit\Domain\Explore\DiscountCalculatorPropertyTest.php" line="64" class="Tests\Unit\Domain\Explore\DiscountCalculatorPropertyTest" classname="Tests.Unit.Domain.Explore.DiscountCalculatorPropertyTest" assertions="2" time="0.000129"/>
          <testcase name="test_property_fixed_type_discount_calculation with data set &quot;fixed_65&quot;" file="E:\coupony-backend\tests\Unit\Domain\Explore\DiscountCalculatorPropertyTest.php" line="64" class="Tests\Unit\Domain\Explore\DiscountCalculatorPropertyTest" classname="Tests.Unit.Domain.Explore.DiscountCalculatorPropertyTest" assertions="2" time="0.000128"/>
          <testcase name="test_property_fixed_type_discount_calculation with data set &quot;fixed_66&quot;" file="E:\coupony-backend\tests\Unit\Domain\Explore\DiscountCalculatorPropertyTest.php" line="64" class="Tests\Unit\Domain\Explore\DiscountCalculatorPropertyTest" classname="Tests.Unit.Domain.Explore.DiscountCalculatorPropertyTest" assertions="2" time="0.000129"/>
          <testcase name="test_property_fixed_type_discount_calculation with data set &quot;fixed_67&quot;" file="E:\coupony-backend\tests\Unit\Domain\Explore\DiscountCalculatorPropertyTest.php" line="64" class="Tests\Unit\Domain\Explore\DiscountCalculatorPropertyTest" classname="Tests.Unit.Domain.Explore.DiscountCalculatorPropertyTest" assertions="2" time="0.000128"/>
          <testcase name="test_property_fixed_type_discount_calculation with data set &quot;fixed_68&quot;" file="E:\coupony-backend\tests\Unit\Domain\Explore\DiscountCalculatorPropertyTest.php" line="64" class="Tests\Unit\Domain\Explore\DiscountCalculatorPropertyTest" classname="Tests.Unit.Domain.Explore.DiscountCalculatorPropertyTest" assertions="2" time="0.000187"/>
          <testcase name="test_property_fixed_type_discount_calculation with data set &quot;fixed_69&quot;" file="E:\coupony-backend\tests\Unit\Domain\Explore\DiscountCalculatorPropertyTest.php" line="64" class="Tests\Unit\Domain\Explore\DiscountCalculatorPropertyTest" classname="Tests.Unit.Domain.Explore.DiscountCalculatorPropertyTest" assertions="2" time="0.000140"/>
          <testcase name="test_property_fixed_type_discount_calculation with data set &quot;fixed_70&quot;" file="E:\coupony-backend\tests\Unit\Domain\Explore\DiscountCalculatorPropertyTest.php" line="64" class="Tests\Unit\Domain\Explore\DiscountCalculatorPropertyTest" classname="Tests.Unit.Domain.Explore.DiscountCalculatorPropertyTest" assertions="2" time="0.000133"/>
          <testcase name="test_property_fixed_type_discount_calculation with data set &quot;fixed_71&quot;" file="E:\coupony-backend\tests\Unit\Domain\Explore\DiscountCalculatorPropertyTest.php" line="64" class="Tests\Unit\Domain\Explore\DiscountCalculatorPropertyTest" classname="Tests.Unit.Domain.Explore.DiscountCalculatorPropertyTest" assertions="2" time="0.000143"/>
          <testcase name="test_property_fixed_type_discount_calculation with data set &quot;fixed_72&quot;" file="E:\coupony-backend\tests\Unit\Domain\Explore\DiscountCalculatorPropertyTest.php" line="64" class="Tests\Unit\Domain\Explore\DiscountCalculatorPropertyTest" classname="Tests.Unit.Domain.Explore.DiscountCalculatorPropertyTest" assertions="2" time="0.000131"/>
          <testcase name="test_property_fixed_type_discount_calculation with data set &quot;fixed_73&quot;" file="E:\coupony-backend\tests\Unit\Domain\Explore\DiscountCalculatorPropertyTest.php" line="64" class="Tests\Unit\Domain\Explore\DiscountCalculatorPropertyTest" classname="Tests.Unit.Domain.Explore.DiscountCalculatorPropertyTest" assertions="2" time="0.000133"/>
          <testcase name="test_property_fixed_type_discount_calculation with data set &quot;fixed_74&quot;" file="E:\coupony-backend\tests\Unit\Domain\Explore\DiscountCalculatorPropertyTest.php" line="64" class="Tests\Unit\Domain\Explore\DiscountCalculatorPropertyTest" classname="Tests.Unit.Domain.Explore.DiscountCalculatorPropertyTest" assertions="2" time="0.000129"/>
          <testcase name="test_property_fixed_type_discount_calculation with data set &quot;fixed_75&quot;" file="E:\coupony-backend\tests\Unit\Domain\Explore\DiscountCalculatorPropertyTest.php" line="64" class="Tests\Unit\Domain\Explore\DiscountCalculatorPropertyTest" classname="Tests.Unit.Domain.Explore.DiscountCalculatorPropertyTest" assertions="2" time="0.000129"/>
          <testcase name="test_property_fixed_type_discount_calculation with data set &quot;fixed_76&quot;" file="E:\coupony-backend\tests\Unit\Domain\Explore\DiscountCalculatorPropertyTest.php" line="64" class="Tests\Unit\Domain\Explore\DiscountCalculatorPropertyTest" classname="Tests.Unit.Domain.Explore.DiscountCalculatorPropertyTest" assertions="2" time="0.000128"/>
          <testcase name="test_property_fixed_type_discount_calculation with data set &quot;fixed_77&quot;" file="E:\coupony-backend\tests\Unit\Domain\Explore\DiscountCalculatorPropertyTest.php" line="64" class="Tests\Unit\Domain\Explore\DiscountCalculatorPropertyTest" classname="Tests.Unit.Domain.Explore.DiscountCalculatorPropertyTest" assertions="2" time="0.000128"/>
          <testcase name="test_property_fixed_type_discount_calculation with data set &quot;fixed_78&quot;" file="E:\coupony-backend\tests\Unit\Domain\Explore\DiscountCalculatorPropertyTest.php" line="64" class="Tests\Unit\Domain\Explore\DiscountCalculatorPropertyTest" classname="Tests.Unit.Domain.Explore.DiscountCalculatorPropertyTest" assertions="2" time="0.000127"/>
          <testcase name="test_property_fixed_type_discount_calculation with data set &quot;fixed_79&quot;" file="E:\coupony-backend\tests\Unit\Domain\Explore\DiscountCalculatorPropertyTest.php" line="64" class="Tests\Unit\Domain\Explore\DiscountCalculatorPropertyTest" classname="Tests.Unit.Domain.Explore.DiscountCalculatorPropertyTest" assertions="2" time="0.000129"/>
          <testcase name="test_property_fixed_type_discount_calculation with data set &quot;fixed_80&quot;" file="E:\coupony-backend\tests\Unit\Domain\Explore\DiscountCalculatorPropertyTest.php" line="64" class="Tests\Unit\Domain\Explore\DiscountCalculatorPropertyTest" classname="Tests.Unit.Domain.Explore.DiscountCalculatorPropertyTest" assertions="2" time="0.000128"/>
          <testcase name="test_property_fixed_type_discount_calculation with data set &quot;fixed_81&quot;" file="E:\coupony-backend\tests\Unit\Domain\Explore\DiscountCalculatorPropertyTest.php" line="64" class="Tests\Unit\Domain\Explore\DiscountCalculatorPropertyTest" classname="Tests.Unit.Domain.Explore.DiscountCalculatorPropertyTest" assertions="2" time="0.000162"/>
          <testcase name="test_property_fixed_type_discount_calculation with data set &quot;fixed_82&quot;" file="E:\coupony-backend\tests\Unit\Domain\Explore\DiscountCalculatorPropertyTest.php" line="64" class="Tests\Unit\Domain\Explore\DiscountCalculatorPropertyTest" classname="Tests.Unit.Domain.Explore.DiscountCalculatorPropertyTest" assertions="2" time="0.000134"/>
          <testcase name="test_property_fixed_type_discount_calculation with data set &quot;fixed_83&quot;" file="E:\coupony-backend\tests\Unit\Domain\Explore\DiscountCalculatorPropertyTest.php" line="64" class="Tests\Unit\Domain\Explore\DiscountCalculatorPropertyTest" classname="Tests.Unit.Domain.Explore.DiscountCalculatorPropertyTest" assertions="2" time="0.000132"/>
          <testcase name="test_property_fixed_type_discount_calculation with data set &quot;fixed_84&quot;" file="E:\coupony-backend\tests\Unit\Domain\Explore\DiscountCalculatorPropertyTest.php" line="64" class="Tests\Unit\Domain\Explore\DiscountCalculatorPropertyTest" classname="Tests.Unit.Domain.Explore.DiscountCalculatorPropertyTest" assertions="2" time="0.000130"/>
          <testcase name="test_property_fixed_type_discount_calculation with data set &quot;fixed_85&quot;" file="E:\coupony-backend\tests\Unit\Domain\Explore\DiscountCalculatorPropertyTest.php" line="64" class="Tests\Unit\Domain\Explore\DiscountCalculatorPropertyTest" classname="Tests.Unit.Domain.Explore.DiscountCalculatorPropertyTest" assertions="2" time="0.000129"/>
          <testcase name="test_property_fixed_type_discount_calculation with data set &quot;fixed_86&quot;" file="E:\coupony-backend\tests\Unit\Domain\Explore\DiscountCalculatorPropertyTest.php" line="64" class="Tests\Unit\Domain\Explore\DiscountCalculatorPropertyTest" classname="Tests.Unit.Domain.Explore.DiscountCalculatorPropertyTest" assertions="2" time="0.000129"/>
          <testcase name="test_property_fixed_type_discount_calculation with data set &quot;fixed_87&quot;" file="E:\coupony-backend\tests\Unit\Domain\Explore\DiscountCalculatorPropertyTest.php" line="64" class="Tests\Unit\Domain\Explore\DiscountCalculatorPropertyTest" classname="Tests.Unit.Domain.Explore.DiscountCalculatorPropertyTest" assertions="2" time="0.000128"/>
          <testcase name="test_property_fixed_type_discount_calculation with data set &quot;fixed_88&quot;" file="E:\coupony-backend\tests\Unit\Domain\Explore\DiscountCalculatorPropertyTest.php" line="64" class="Tests\Unit\Domain\Explore\DiscountCalculatorPropertyTest" classname="Tests.Unit.Domain.Explore.DiscountCalculatorPropertyTest" assertions="2" time="0.000129"/>
          <testcase name="test_property_fixed_type_discount_calculation with data set &quot;fixed_89&quot;" file="E:\coupony-backend\tests\Unit\Domain\Explore\DiscountCalculatorPropertyTest.php" line="64" class="Tests\Unit\Domain\Explore\DiscountCalculatorPropertyTest" classname="Tests.Unit.Domain.Explore.DiscountCalculatorPropertyTest" assertions="2" time="0.000182"/>
          <testcase name="test_property_fixed_type_discount_calculation with data set &quot;fixed_90&quot;" file="E:\coupony-backend\tests\Unit\Domain\Explore\DiscountCalculatorPropertyTest.php" line="64" class="Tests\Unit\Domain\Explore\DiscountCalculatorPropertyTest" classname="Tests.Unit.Domain.Explore.DiscountCalculatorPropertyTest" assertions="2" time="0.000139"/>
          <testcase name="test_property_fixed_type_discount_calculation with data set &quot;fixed_91&quot;" file="E:\coupony-backend\tests\Unit\Domain\Explore\DiscountCalculatorPropertyTest.php" line="64" class="Tests\Unit\Domain\Explore\DiscountCalculatorPropertyTest" classname="Tests.Unit.Domain.Explore.DiscountCalculatorPropertyTest" assertions="2" time="0.000134"/>
          <testcase name="test_property_fixed_type_discount_calculation with data set &quot;fixed_92&quot;" file="E:\coupony-backend\tests\Unit\Domain\Explore\DiscountCalculatorPropertyTest.php" line="64" class="Tests\Unit\Domain\Explore\DiscountCalculatorPropertyTest" classname="Tests.Unit.Domain.Explore.DiscountCalculatorPropertyTest" assertions="2" time="0.000131"/>
          <testcase name="test_property_fixed_type_discount_calculation with data set &quot;fixed_93&quot;" file="E:\coupony-backend\tests\Unit\Domain\Explore\DiscountCalculatorPropertyTest.php" line="64" class="Tests\Unit\Domain\Explore\DiscountCalculatorPropertyTest" classname="Tests.Unit.Domain.Explore.DiscountCalculatorPropertyTest" assertions="2" time="0.000130"/>
          <testcase name="test_property_fixed_type_discount_calculation with data set &quot;fixed_94&quot;" file="E:\coupony-backend\tests\Unit\Domain\Explore\DiscountCalculatorPropertyTest.php" line="64" class="Tests\Unit\Domain\Explore\DiscountCalculatorPropertyTest" classname="Tests.Unit.Domain.Explore.DiscountCalculatorPropertyTest" assertions="2" time="0.000208"/>
          <testcase name="test_property_fixed_type_discount_calculation with data set &quot;fixed_95&quot;" file="E:\coupony-backend\tests\Unit\Domain\Explore\DiscountCalculatorPropertyTest.php" line="64" class="Tests\Unit\Domain\Explore\DiscountCalculatorPropertyTest" classname="Tests.Unit.Domain.Explore.DiscountCalculatorPropertyTest" assertions="2" time="0.000189"/>
          <testcase name="test_property_fixed_type_discount_calculation with data set &quot;fixed_96&quot;" file="E:\coupony-backend\tests\Unit\Domain\Explore\DiscountCalculatorPropertyTest.php" line="64" class="Tests\Unit\Domain\Explore\DiscountCalculatorPropertyTest" classname="Tests.Unit.Domain.Explore.DiscountCalculatorPropertyTest" assertions="2" time="0.000138"/>
          <testcase name="test_property_fixed_type_discount_calculation with data set &quot;fixed_97&quot;" file="E:\coupony-backend\tests\Unit\Domain\Explore\DiscountCalculatorPropertyTest.php" line="64" class="Tests\Unit\Domain\Explore\DiscountCalculatorPropertyTest" classname="Tests.Unit.Domain.Explore.DiscountCalculatorPropertyTest" assertions="2" time="0.000155"/>
          <testcase name="test_property_fixed_type_discount_calculation with data set &quot;fixed_98&quot;" file="E:\coupony-backend\tests\Unit\Domain\Explore\DiscountCalculatorPropertyTest.php" line="64" class="Tests\Unit\Domain\Explore\DiscountCalculatorPropertyTest" classname="Tests.Unit.Domain.Explore.DiscountCalculatorPropertyTest" assertions="2" time="0.000185"/>
          <testcase name="test_property_fixed_type_discount_calculation with data set &quot;fixed_99&quot;" file="E:\coupony-backend\tests\Unit\Domain\Explore\DiscountCalculatorPropertyTest.php" line="64" class="Tests\Unit\Domain\Explore\DiscountCalculatorPropertyTest" classname="Tests.Unit.Domain.Explore.DiscountCalculatorPropertyTest" assertions="2" time="0.000177"/>
        </testsuite>
      </testsuite>
      <testsuite name="Tests\Unit\Domain\Explore\HaversineCalculatorTest" file="E:\coupony-backend\tests\Unit\Domain\Explore\HaversineCalculatorTest.php" tests="308" assertions="510" errors="0" failures="0" skipped="0" time="0.033061">
        <testcase name="it_returns_zero_for_identical_points" file="E:\coupony-backend\tests\Unit\Domain\Explore\HaversineCalculatorTest.php" line="14" class="Tests\Unit\Domain\Explore\HaversineCalculatorTest" classname="Tests.Unit.Domain.Explore.HaversineCalculatorTest" assertions="1" time="0.000518"/>
        <testcase name="it_calculates_cairo_to_alexandria_distance" file="E:\coupony-backend\tests\Unit\Domain\Explore\HaversineCalculatorTest.php" line="22" class="Tests\Unit\Domain\Explore\HaversineCalculatorTest" classname="Tests.Unit.Domain.Explore.HaversineCalculatorTest" assertions="1" time="0.000101"/>
        <testcase name="it_returns_non_negative_distance" file="E:\coupony-backend\tests\Unit\Domain\Explore\HaversineCalculatorTest.php" line="33" class="Tests\Unit\Domain\Explore\HaversineCalculatorTest" classname="Tests.Unit.Domain.Explore.HaversineCalculatorTest" assertions="2" time="0.000113"/>
        <testcase name="it_is_symmetric" file="E:\coupony-backend\tests\Unit\Domain\Explore\HaversineCalculatorTest.php" line="41" class="Tests\Unit\Domain\Explore\HaversineCalculatorTest" classname="Tests.Unit.Domain.Explore.HaversineCalculatorTest" assertions="1" time="0.000068"/>
        <testcase name="it_satisfies_triangle_inequality" file="E:\coupony-backend\tests\Unit\Domain\Explore\HaversineCalculatorTest.php" line="50" class="Tests\Unit\Domain\Explore\HaversineCalculatorTest" classname="Tests.Unit.Domain.Explore.HaversineCalculatorTest" assertions="2" time="0.000090"/>
        <testcase name="it_calculates_new_york_to_london_distance" file="E:\coupony-backend\tests\Unit\Domain\Explore\HaversineCalculatorTest.php" line="61" class="Tests\Unit\Domain\Explore\HaversineCalculatorTest" classname="Tests.Unit.Domain.Explore.HaversineCalculatorTest" assertions="1" time="0.000068"/>
        <testcase name="it_handles_equator_crossing" file="E:\coupony-backend\tests\Unit\Domain\Explore\HaversineCalculatorTest.php" line="72" class="Tests\Unit\Domain\Explore\HaversineCalculatorTest" classname="Tests.Unit.Domain.Explore.HaversineCalculatorTest" assertions="1" time="0.000065"/>
        <testcase name="it_handles_antipodal_points" file="E:\coupony-backend\tests\Unit\Domain\Explore\HaversineCalculatorTest.php" line="82" class="Tests\Unit\Domain\Explore\HaversineCalculatorTest" classname="Tests.Unit.Domain.Explore.HaversineCalculatorTest" assertions="1" time="0.000068"/>
        <testsuite name="Tests\Unit\Domain\Explore\HaversineCalculatorTest::test_property_distance_is_always_non_negative" tests="100" assertions="200" errors="0" failures="0" skipped="0" time="0.011312">
          <testcase name="test_property_distance_is_always_non_negative with data set &quot;pair_0&quot;" file="E:\coupony-backend\tests\Unit\Domain\Explore\HaversineCalculatorTest.php" line="100" class="Tests\Unit\Domain\Explore\HaversineCalculatorTest" classname="Tests.Unit.Domain.Explore.HaversineCalculatorTest" assertions="2" time="0.000137"/>
          <testcase name="test_property_distance_is_always_non_negative with data set &quot;pair_1&quot;" file="E:\coupony-backend\tests\Unit\Domain\Explore\HaversineCalculatorTest.php" line="100" class="Tests\Unit\Domain\Explore\HaversineCalculatorTest" classname="Tests.Unit.Domain.Explore.HaversineCalculatorTest" assertions="2" time="0.000219"/>
          <testcase name="test_property_distance_is_always_non_negative with data set &quot;pair_2&quot;" file="E:\coupony-backend\tests\Unit\Domain\Explore\HaversineCalculatorTest.php" line="100" class="Tests\Unit\Domain\Explore\HaversineCalculatorTest" classname="Tests.Unit.Domain.Explore.HaversineCalculatorTest" assertions="2" time="0.000115"/>
          <testcase name="test_property_distance_is_always_non_negative with data set &quot;pair_3&quot;" file="E:\coupony-backend\tests\Unit\Domain\Explore\HaversineCalculatorTest.php" line="100" class="Tests\Unit\Domain\Explore\HaversineCalculatorTest" classname="Tests.Unit.Domain.Explore.HaversineCalculatorTest" assertions="2" time="0.000112"/>
          <testcase name="test_property_distance_is_always_non_negative with data set &quot;pair_4&quot;" file="E:\coupony-backend\tests\Unit\Domain\Explore\HaversineCalculatorTest.php" line="100" class="Tests\Unit\Domain\Explore\HaversineCalculatorTest" classname="Tests.Unit.Domain.Explore.HaversineCalculatorTest" assertions="2" time="0.000108"/>
          <testcase name="test_property_distance_is_always_non_negative with data set &quot;pair_5&quot;" file="E:\coupony-backend\tests\Unit\Domain\Explore\HaversineCalculatorTest.php" line="100" class="Tests\Unit\Domain\Explore\HaversineCalculatorTest" classname="Tests.Unit.Domain.Explore.HaversineCalculatorTest" assertions="2" time="0.000107"/>
          <testcase name="test_property_distance_is_always_non_negative with data set &quot;pair_6&quot;" file="E:\coupony-backend\tests\Unit\Domain\Explore\HaversineCalculatorTest.php" line="100" class="Tests\Unit\Domain\Explore\HaversineCalculatorTest" classname="Tests.Unit.Domain.Explore.HaversineCalculatorTest" assertions="2" time="0.000107"/>
          <testcase name="test_property_distance_is_always_non_negative with data set &quot;pair_7&quot;" file="E:\coupony-backend\tests\Unit\Domain\Explore\HaversineCalculatorTest.php" line="100" class="Tests\Unit\Domain\Explore\HaversineCalculatorTest" classname="Tests.Unit.Domain.Explore.HaversineCalculatorTest" assertions="2" time="0.000105"/>
          <testcase name="test_property_distance_is_always_non_negative with data set &quot;pair_8&quot;" file="E:\coupony-backend\tests\Unit\Domain\Explore\HaversineCalculatorTest.php" line="100" class="Tests\Unit\Domain\Explore\HaversineCalculatorTest" classname="Tests.Unit.Domain.Explore.HaversineCalculatorTest" assertions="2" time="0.000106"/>
          <testcase name="test_property_distance_is_always_non_negative with data set &quot;pair_9&quot;" file="E:\coupony-backend\tests\Unit\Domain\Explore\HaversineCalculatorTest.php" line="100" class="Tests\Unit\Domain\Explore\HaversineCalculatorTest" classname="Tests.Unit.Domain.Explore.HaversineCalculatorTest" assertions="2" time="0.000106"/>
          <testcase name="test_property_distance_is_always_non_negative with data set &quot;pair_10&quot;" file="E:\coupony-backend\tests\Unit\Domain\Explore\HaversineCalculatorTest.php" line="100" class="Tests\Unit\Domain\Explore\HaversineCalculatorTest" classname="Tests.Unit.Domain.Explore.HaversineCalculatorTest" assertions="2" time="0.000106"/>
          <testcase name="test_property_distance_is_always_non_negative with data set &quot;pair_11&quot;" file="E:\coupony-backend\tests\Unit\Domain\Explore\HaversineCalculatorTest.php" line="100" class="Tests\Unit\Domain\Explore\HaversineCalculatorTest" classname="Tests.Unit.Domain.Explore.HaversineCalculatorTest" assertions="2" time="0.000105"/>
          <testcase name="test_property_distance_is_always_non_negative with data set &quot;pair_12&quot;" file="E:\coupony-backend\tests\Unit\Domain\Explore\HaversineCalculatorTest.php" line="100" class="Tests\Unit\Domain\Explore\HaversineCalculatorTest" classname="Tests.Unit.Domain.Explore.HaversineCalculatorTest" assertions="2" time="0.000111"/>
          <testcase name="test_property_distance_is_always_non_negative with data set &quot;pair_13&quot;" file="E:\coupony-backend\tests\Unit\Domain\Explore\HaversineCalculatorTest.php" line="100" class="Tests\Unit\Domain\Explore\HaversineCalculatorTest" classname="Tests.Unit.Domain.Explore.HaversineCalculatorTest" assertions="2" time="0.000106"/>
          <testcase name="test_property_distance_is_always_non_negative with data set &quot;pair_14&quot;" file="E:\coupony-backend\tests\Unit\Domain\Explore\HaversineCalculatorTest.php" line="100" class="Tests\Unit\Domain\Explore\HaversineCalculatorTest" classname="Tests.Unit.Domain.Explore.HaversineCalculatorTest" assertions="2" time="0.000104"/>
          <testcase name="test_property_distance_is_always_non_negative with data set &quot;pair_15&quot;" file="E:\coupony-backend\tests\Unit\Domain\Explore\HaversineCalculatorTest.php" line="100" class="Tests\Unit\Domain\Explore\HaversineCalculatorTest" classname="Tests.Unit.Domain.Explore.HaversineCalculatorTest" assertions="2" time="0.000104"/>
          <testcase name="test_property_distance_is_always_non_negative with data set &quot;pair_16&quot;" file="E:\coupony-backend\tests\Unit\Domain\Explore\HaversineCalculatorTest.php" line="100" class="Tests\Unit\Domain\Explore\HaversineCalculatorTest" classname="Tests.Unit.Domain.Explore.HaversineCalculatorTest" assertions="2" time="0.000105"/>
          <testcase name="test_property_distance_is_always_non_negative with data set &quot;pair_17&quot;" file="E:\coupony-backend\tests\Unit\Domain\Explore\HaversineCalculatorTest.php" line="100" class="Tests\Unit\Domain\Explore\HaversineCalculatorTest" classname="Tests.Unit.Domain.Explore.HaversineCalculatorTest" assertions="2" time="0.000108"/>
          <testcase name="test_property_distance_is_always_non_negative with data set &quot;pair_18&quot;" file="E:\coupony-backend\tests\Unit\Domain\Explore\HaversineCalculatorTest.php" line="100" class="Tests\Unit\Domain\Explore\HaversineCalculatorTest" classname="Tests.Unit.Domain.Explore.HaversineCalculatorTest" assertions="2" time="0.000105"/>
          <testcase name="test_property_distance_is_always_non_negative with data set &quot;pair_19&quot;" file="E:\coupony-backend\tests\Unit\Domain\Explore\HaversineCalculatorTest.php" line="100" class="Tests\Unit\Domain\Explore\HaversineCalculatorTest" classname="Tests.Unit.Domain.Explore.HaversineCalculatorTest" assertions="2" time="0.000103"/>
          <testcase name="test_property_distance_is_always_non_negative with data set &quot;pair_20&quot;" file="E:\coupony-backend\tests\Unit\Domain\Explore\HaversineCalculatorTest.php" line="100" class="Tests\Unit\Domain\Explore\HaversineCalculatorTest" classname="Tests.Unit.Domain.Explore.HaversineCalculatorTest" assertions="2" time="0.000105"/>
          <testcase name="test_property_distance_is_always_non_negative with data set &quot;pair_21&quot;" file="E:\coupony-backend\tests\Unit\Domain\Explore\HaversineCalculatorTest.php" line="100" class="Tests\Unit\Domain\Explore\HaversineCalculatorTest" classname="Tests.Unit.Domain.Explore.HaversineCalculatorTest" assertions="2" time="0.000104"/>
          <testcase name="test_property_distance_is_always_non_negative with data set &quot;pair_22&quot;" file="E:\coupony-backend\tests\Unit\Domain\Explore\HaversineCalculatorTest.php" line="100" class="Tests\Unit\Domain\Explore\HaversineCalculatorTest" classname="Tests.Unit.Domain.Explore.HaversineCalculatorTest" assertions="2" time="0.000103"/>
          <testcase name="test_property_distance_is_always_non_negative with data set &quot;pair_23&quot;" file="E:\coupony-backend\tests\Unit\Domain\Explore\HaversineCalculatorTest.php" line="100" class="Tests\Unit\Domain\Explore\HaversineCalculatorTest" classname="Tests.Unit.Domain.Explore.HaversineCalculatorTest" assertions="2" time="0.000103"/>
          <testcase name="test_property_distance_is_always_non_negative with data set &quot;pair_24&quot;" file="E:\coupony-backend\tests\Unit\Domain\Explore\HaversineCalculatorTest.php" line="100" class="Tests\Unit\Domain\Explore\HaversineCalculatorTest" classname="Tests.Unit.Domain.Explore.HaversineCalculatorTest" assertions="2" time="0.000104"/>
          <testcase name="test_property_distance_is_always_non_negative with data set &quot;pair_25&quot;" file="E:\coupony-backend\tests\Unit\Domain\Explore\HaversineCalculatorTest.php" line="100" class="Tests\Unit\Domain\Explore\HaversineCalculatorTest" classname="Tests.Unit.Domain.Explore.HaversineCalculatorTest" assertions="2" time="0.000105"/>
          <testcase name="test_property_distance_is_always_non_negative with data set &quot;pair_26&quot;" file="E:\coupony-backend\tests\Unit\Domain\Explore\HaversineCalculatorTest.php" line="100" class="Tests\Unit\Domain\Explore\HaversineCalculatorTest" classname="Tests.Unit.Domain.Explore.HaversineCalculatorTest" assertions="2" time="0.000106"/>
          <testcase name="test_property_distance_is_always_non_negative with data set &quot;pair_27&quot;" file="E:\coupony-backend\tests\Unit\Domain\Explore\HaversineCalculatorTest.php" line="100" class="Tests\Unit\Domain\Explore\HaversineCalculatorTest" classname="Tests.Unit.Domain.Explore.HaversineCalculatorTest" assertions="2" time="0.000103"/>
          <testcase name="test_property_distance_is_always_non_negative with data set &quot;pair_28&quot;" file="E:\coupony-backend\tests\Unit\Domain\Explore\HaversineCalculatorTest.php" line="100" class="Tests\Unit\Domain\Explore\HaversineCalculatorTest" classname="Tests.Unit.Domain.Explore.HaversineCalculatorTest" assertions="2" time="0.000103"/>
          <testcase name="test_property_distance_is_always_non_negative with data set &quot;pair_29&quot;" file="E:\coupony-backend\tests\Unit\Domain\Explore\HaversineCalculatorTest.php" line="100" class="Tests\Unit\Domain\Explore\HaversineCalculatorTest" classname="Tests.Unit.Domain.Explore.HaversineCalculatorTest" assertions="2" time="0.000104"/>
          <testcase name="test_property_distance_is_always_non_negative with data set &quot;pair_30&quot;" file="E:\coupony-backend\tests\Unit\Domain\Explore\HaversineCalculatorTest.php" line="100" class="Tests\Unit\Domain\Explore\HaversineCalculatorTest" classname="Tests.Unit.Domain.Explore.HaversineCalculatorTest" assertions="2" time="0.000103"/>
          <testcase name="test_property_distance_is_always_non_negative with data set &quot;pair_31&quot;" file="E:\coupony-backend\tests\Unit\Domain\Explore\HaversineCalculatorTest.php" line="100" class="Tests\Unit\Domain\Explore\HaversineCalculatorTest" classname="Tests.Unit.Domain.Explore.HaversineCalculatorTest" assertions="2" time="0.000114"/>
          <testcase name="test_property_distance_is_always_non_negative with data set &quot;pair_32&quot;" file="E:\coupony-backend\tests\Unit\Domain\Explore\HaversineCalculatorTest.php" line="100" class="Tests\Unit\Domain\Explore\HaversineCalculatorTest" classname="Tests.Unit.Domain.Explore.HaversineCalculatorTest" assertions="2" time="0.000105"/>
          <testcase name="test_property_distance_is_always_non_negative with data set &quot;pair_33&quot;" file="E:\coupony-backend\tests\Unit\Domain\Explore\HaversineCalculatorTest.php" line="100" class="Tests\Unit\Domain\Explore\HaversineCalculatorTest" classname="Tests.Unit.Domain.Explore.HaversineCalculatorTest" assertions="2" time="0.000104"/>
          <testcase name="test_property_distance_is_always_non_negative with data set &quot;pair_34&quot;" file="E:\coupony-backend\tests\Unit\Domain\Explore\HaversineCalculatorTest.php" line="100" class="Tests\Unit\Domain\Explore\HaversineCalculatorTest" classname="Tests.Unit.Domain.Explore.HaversineCalculatorTest" assertions="2" time="0.000104"/>
          <testcase name="test_property_distance_is_always_non_negative with data set &quot;pair_35&quot;" file="E:\coupony-backend\tests\Unit\Domain\Explore\HaversineCalculatorTest.php" line="100" class="Tests\Unit\Domain\Explore\HaversineCalculatorTest" classname="Tests.Unit.Domain.Explore.HaversineCalculatorTest" assertions="2" time="0.000102"/>
          <testcase name="test_property_distance_is_always_non_negative with data set &quot;pair_36&quot;" file="E:\coupony-backend\tests\Unit\Domain\Explore\HaversineCalculatorTest.php" line="100" class="Tests\Unit\Domain\Explore\HaversineCalculatorTest" classname="Tests.Unit.Domain.Explore.HaversineCalculatorTest" assertions="2" time="0.000104"/>
          <testcase name="test_property_distance_is_always_non_negative with data set &quot;pair_37&quot;" file="E:\coupony-backend\tests\Unit\Domain\Explore\HaversineCalculatorTest.php" line="100" class="Tests\Unit\Domain\Explore\HaversineCalculatorTest" classname="Tests.Unit.Domain.Explore.HaversineCalculatorTest" assertions="2" time="0.000103"/>
          <testcase name="test_property_distance_is_always_non_negative with data set &quot;pair_38&quot;" file="E:\coupony-backend\tests\Unit\Domain\Explore\HaversineCalculatorTest.php" line="100" class="Tests\Unit\Domain\Explore\HaversineCalculatorTest" classname="Tests.Unit.Domain.Explore.HaversineCalculatorTest" assertions="2" time="0.000104"/>
          <testcase name="test_property_distance_is_always_non_negative with data set &quot;pair_39&quot;" file="E:\coupony-backend\tests\Unit\Domain\Explore\HaversineCalculatorTest.php" line="100" class="Tests\Unit\Domain\Explore\HaversineCalculatorTest" classname="Tests.Unit.Domain.Explore.HaversineCalculatorTest" assertions="2" time="0.000104"/>
          <testcase name="test_property_distance_is_always_non_negative with data set &quot;pair_40&quot;" file="E:\coupony-backend\tests\Unit\Domain\Explore\HaversineCalculatorTest.php" line="100" class="Tests\Unit\Domain\Explore\HaversineCalculatorTest" classname="Tests.Unit.Domain.Explore.HaversineCalculatorTest" assertions="2" time="0.000105"/>
          <testcase name="test_property_distance_is_always_non_negative with data set &quot;pair_41&quot;" file="E:\coupony-backend\tests\Unit\Domain\Explore\HaversineCalculatorTest.php" line="100" class="Tests\Unit\Domain\Explore\HaversineCalculatorTest" classname="Tests.Unit.Domain.Explore.HaversineCalculatorTest" assertions="2" time="0.000103"/>
          <testcase name="test_property_distance_is_always_non_negative with data set &quot;pair_42&quot;" file="E:\coupony-backend\tests\Unit\Domain\Explore\HaversineCalculatorTest.php" line="100" class="Tests\Unit\Domain\Explore\HaversineCalculatorTest" classname="Tests.Unit.Domain.Explore.HaversineCalculatorTest" assertions="2" time="0.000103"/>
          <testcase name="test_property_distance_is_always_non_negative with data set &quot;pair_43&quot;" file="E:\coupony-backend\tests\Unit\Domain\Explore\HaversineCalculatorTest.php" line="100" class="Tests\Unit\Domain\Explore\HaversineCalculatorTest" classname="Tests.Unit.Domain.Explore.HaversineCalculatorTest" assertions="2" time="0.000103"/>
          <testcase name="test_property_distance_is_always_non_negative with data set &quot;pair_44&quot;" file="E:\coupony-backend\tests\Unit\Domain\Explore\HaversineCalculatorTest.php" line="100" class="Tests\Unit\Domain\Explore\HaversineCalculatorTest" classname="Tests.Unit.Domain.Explore.HaversineCalculatorTest" assertions="2" time="0.000104"/>
          <testcase name="test_property_distance_is_always_non_negative with data set &quot;pair_45&quot;" file="E:\coupony-backend\tests\Unit\Domain\Explore\HaversineCalculatorTest.php" line="100" class="Tests\Unit\Domain\Explore\HaversineCalculatorTest" classname="Tests.Unit.Domain.Explore.HaversineCalculatorTest" assertions="2" time="0.000111"/>
          <testcase name="test_property_distance_is_always_non_negative with data set &quot;pair_46&quot;" file="E:\coupony-backend\tests\Unit\Domain\Explore\HaversineCalculatorTest.php" line="100" class="Tests\Unit\Domain\Explore\HaversineCalculatorTest" classname="Tests.Unit.Domain.Explore.HaversineCalculatorTest" assertions="2" time="0.000106"/>
          <testcase name="test_property_distance_is_always_non_negative with data set &quot;pair_47&quot;" file="E:\coupony-backend\tests\Unit\Domain\Explore\HaversineCalculatorTest.php" line="100" class="Tests\Unit\Domain\Explore\HaversineCalculatorTest" classname="Tests.Unit.Domain.Explore.HaversineCalculatorTest" assertions="2" time="0.000103"/>
          <testcase name="test_property_distance_is_always_non_negative with data set &quot;pair_48&quot;" file="E:\coupony-backend\tests\Unit\Domain\Explore\HaversineCalculatorTest.php" line="100" class="Tests\Unit\Domain\Explore\HaversineCalculatorTest" classname="Tests.Unit.Domain.Explore.HaversineCalculatorTest" assertions="2" time="0.000104"/>
          <testcase name="test_property_distance_is_always_non_negative with data set &quot;pair_49&quot;" file="E:\coupony-backend\tests\Unit\Domain\Explore\HaversineCalculatorTest.php" line="100" class="Tests\Unit\Domain\Explore\HaversineCalculatorTest" classname="Tests.Unit.Domain.Explore.HaversineCalculatorTest" assertions="2" time="0.000103"/>
          <testcase name="test_property_distance_is_always_non_negative with data set &quot;pair_50&quot;" file="E:\coupony-backend\tests\Unit\Domain\Explore\HaversineCalculatorTest.php" line="100" class="Tests\Unit\Domain\Explore\HaversineCalculatorTest" classname="Tests.Unit.Domain.Explore.HaversineCalculatorTest" assertions="2" time="0.000102"/>
          <testcase name="test_property_distance_is_always_non_negative with data set &quot;pair_51&quot;" file="E:\coupony-backend\tests\Unit\Domain\Explore\HaversineCalculatorTest.php" line="100" class="Tests\Unit\Domain\Explore\HaversineCalculatorTest" classname="Tests.Unit.Domain.Explore.HaversineCalculatorTest" assertions="2" time="0.000104"/>
          <testcase name="test_property_distance_is_always_non_negative with data set &quot;pair_52&quot;" file="E:\coupony-backend\tests\Unit\Domain\Explore\HaversineCalculatorTest.php" line="100" class="Tests\Unit\Domain\Explore\HaversineCalculatorTest" classname="Tests.Unit.Domain.Explore.HaversineCalculatorTest" assertions="2" time="0.000102"/>
          <testcase name="test_property_distance_is_always_non_negative with data set &quot;pair_53&quot;" file="E:\coupony-backend\tests\Unit\Domain\Explore\HaversineCalculatorTest.php" line="100" class="Tests\Unit\Domain\Explore\HaversineCalculatorTest" classname="Tests.Unit.Domain.Explore.HaversineCalculatorTest" assertions="2" time="0.000103"/>
          <testcase name="test_property_distance_is_always_non_negative with data set &quot;pair_54&quot;" file="E:\coupony-backend\tests\Unit\Domain\Explore\HaversineCalculatorTest.php" line="100" class="Tests\Unit\Domain\Explore\HaversineCalculatorTest" classname="Tests.Unit.Domain.Explore.HaversineCalculatorTest" assertions="2" time="0.000102"/>
          <testcase name="test_property_distance_is_always_non_negative with data set &quot;pair_55&quot;" file="E:\coupony-backend\tests\Unit\Domain\Explore\HaversineCalculatorTest.php" line="100" class="Tests\Unit\Domain\Explore\HaversineCalculatorTest" classname="Tests.Unit.Domain.Explore.HaversineCalculatorTest" assertions="2" time="0.000103"/>
          <testcase name="test_property_distance_is_always_non_negative with data set &quot;pair_56&quot;" file="E:\coupony-backend\tests\Unit\Domain\Explore\HaversineCalculatorTest.php" line="100" class="Tests\Unit\Domain\Explore\HaversineCalculatorTest" classname="Tests.Unit.Domain.Explore.HaversineCalculatorTest" assertions="2" time="0.000115"/>
          <testcase name="test_property_distance_is_always_non_negative with data set &quot;pair_57&quot;" file="E:\coupony-backend\tests\Unit\Domain\Explore\HaversineCalculatorTest.php" line="100" class="Tests\Unit\Domain\Explore\HaversineCalculatorTest" classname="Tests.Unit.Domain.Explore.HaversineCalculatorTest" assertions="2" time="0.000168"/>
          <testcase name="test_property_distance_is_always_non_negative with data set &quot;pair_58&quot;" file="E:\coupony-backend\tests\Unit\Domain\Explore\HaversineCalculatorTest.php" line="100" class="Tests\Unit\Domain\Explore\HaversineCalculatorTest" classname="Tests.Unit.Domain.Explore.HaversineCalculatorTest" assertions="2" time="0.000112"/>
          <testcase name="test_property_distance_is_always_non_negative with data set &quot;pair_59&quot;" file="E:\coupony-backend\tests\Unit\Domain\Explore\HaversineCalculatorTest.php" line="100" class="Tests\Unit\Domain\Explore\HaversineCalculatorTest" classname="Tests.Unit.Domain.Explore.HaversineCalculatorTest" assertions="2" time="0.000151"/>
          <testcase name="test_property_distance_is_always_non_negative with data set &quot;pair_60&quot;" file="E:\coupony-backend\tests\Unit\Domain\Explore\HaversineCalculatorTest.php" line="100" class="Tests\Unit\Domain\Explore\HaversineCalculatorTest" classname="Tests.Unit.Domain.Explore.HaversineCalculatorTest" assertions="2" time="0.000113"/>
          <testcase name="test_property_distance_is_always_non_negative with data set &quot;pair_61&quot;" file="E:\coupony-backend\tests\Unit\Domain\Explore\HaversineCalculatorTest.php" line="100" class="Tests\Unit\Domain\Explore\HaversineCalculatorTest" classname="Tests.Unit.Domain.Explore.HaversineCalculatorTest" assertions="2" time="0.000108"/>
          <testcase name="test_property_distance_is_always_non_negative with data set &quot;pair_62&quot;" file="E:\coupony-backend\tests\Unit\Domain\Explore\HaversineCalculatorTest.php" line="100" class="Tests\Unit\Domain\Explore\HaversineCalculatorTest" classname="Tests.Unit.Domain.Explore.HaversineCalculatorTest" assertions="2" time="0.000108"/>
          <testcase name="test_property_distance_is_always_non_negative with data set &quot;pair_63&quot;" file="E:\coupony-backend\tests\Unit\Domain\Explore\HaversineCalculatorTest.php" line="100" class="Tests\Unit\Domain\Explore\HaversineCalculatorTest" classname="Tests.Unit.Domain.Explore.HaversineCalculatorTest" assertions="2" time="0.000241"/>
          <testcase name="test_property_distance_is_always_non_negative with data set &quot;pair_64&quot;" file="E:\coupony-backend\tests\Unit\Domain\Explore\HaversineCalculatorTest.php" line="100" class="Tests\Unit\Domain\Explore\HaversineCalculatorTest" classname="Tests.Unit.Domain.Explore.HaversineCalculatorTest" assertions="2" time="0.000177"/>
          <testcase name="test_property_distance_is_always_non_negative with data set &quot;pair_65&quot;" file="E:\coupony-backend\tests\Unit\Domain\Explore\HaversineCalculatorTest.php" line="100" class="Tests\Unit\Domain\Explore\HaversineCalculatorTest" classname="Tests.Unit.Domain.Explore.HaversineCalculatorTest" assertions="2" time="0.000164"/>
          <testcase name="test_property_distance_is_always_non_negative with data set &quot;pair_66&quot;" file="E:\coupony-backend\tests\Unit\Domain\Explore\HaversineCalculatorTest.php" line="100" class="Tests\Unit\Domain\Explore\HaversineCalculatorTest" classname="Tests.Unit.Domain.Explore.HaversineCalculatorTest" assertions="2" time="0.000129"/>
          <testcase name="test_property_distance_is_always_non_negative with data set &quot;pair_67&quot;" file="E:\coupony-backend\tests\Unit\Domain\Explore\HaversineCalculatorTest.php" line="100" class="Tests\Unit\Domain\Explore\HaversineCalculatorTest" classname="Tests.Unit.Domain.Explore.HaversineCalculatorTest" assertions="2" time="0.000141"/>
          <testcase name="test_property_distance_is_always_non_negative with data set &quot;pair_68&quot;" file="E:\coupony-backend\tests\Unit\Domain\Explore\HaversineCalculatorTest.php" line="100" class="Tests\Unit\Domain\Explore\HaversineCalculatorTest" classname="Tests.Unit.Domain.Explore.HaversineCalculatorTest" assertions="2" time="0.000140"/>
          <testcase name="test_property_distance_is_always_non_negative with data set &quot;pair_69&quot;" file="E:\coupony-backend\tests\Unit\Domain\Explore\HaversineCalculatorTest.php" line="100" class="Tests\Unit\Domain\Explore\HaversineCalculatorTest" classname="Tests.Unit.Domain.Explore.HaversineCalculatorTest" assertions="2" time="0.000135"/>
          <testcase name="test_property_distance_is_always_non_negative with data set &quot;pair_70&quot;" file="E:\coupony-backend\tests\Unit\Domain\Explore\HaversineCalculatorTest.php" line="100" class="Tests\Unit\Domain\Explore\HaversineCalculatorTest" classname="Tests.Unit.Domain.Explore.HaversineCalculatorTest" assertions="2" time="0.000112"/>
          <testcase name="test_property_distance_is_always_non_negative with data set &quot;pair_71&quot;" file="E:\coupony-backend\tests\Unit\Domain\Explore\HaversineCalculatorTest.php" line="100" class="Tests\Unit\Domain\Explore\HaversineCalculatorTest" classname="Tests.Unit.Domain.Explore.HaversineCalculatorTest" assertions="2" time="0.000107"/>
          <testcase name="test_property_distance_is_always_non_negative with data set &quot;pair_72&quot;" file="E:\coupony-backend\tests\Unit\Domain\Explore\HaversineCalculatorTest.php" line="100" class="Tests\Unit\Domain\Explore\HaversineCalculatorTest" classname="Tests.Unit.Domain.Explore.HaversineCalculatorTest" assertions="2" time="0.000107"/>
          <testcase name="test_property_distance_is_always_non_negative with data set &quot;pair_73&quot;" file="E:\coupony-backend\tests\Unit\Domain\Explore\HaversineCalculatorTest.php" line="100" class="Tests\Unit\Domain\Explore\HaversineCalculatorTest" classname="Tests.Unit.Domain.Explore.HaversineCalculatorTest" assertions="2" time="0.000105"/>
          <testcase name="test_property_distance_is_always_non_negative with data set &quot;pair_74&quot;" file="E:\coupony-backend\tests\Unit\Domain\Explore\HaversineCalculatorTest.php" line="100" class="Tests\Unit\Domain\Explore\HaversineCalculatorTest" classname="Tests.Unit.Domain.Explore.HaversineCalculatorTest" assertions="2" time="0.000106"/>
          <testcase name="test_property_distance_is_always_non_negative with data set &quot;pair_75&quot;" file="E:\coupony-backend\tests\Unit\Domain\Explore\HaversineCalculatorTest.php" line="100" class="Tests\Unit\Domain\Explore\HaversineCalculatorTest" classname="Tests.Unit.Domain.Explore.HaversineCalculatorTest" assertions="2" time="0.000114"/>
          <testcase name="test_property_distance_is_always_non_negative with data set &quot;pair_76&quot;" file="E:\coupony-backend\tests\Unit\Domain\Explore\HaversineCalculatorTest.php" line="100" class="Tests\Unit\Domain\Explore\HaversineCalculatorTest" classname="Tests.Unit.Domain.Explore.HaversineCalculatorTest" assertions="2" time="0.000108"/>
          <testcase name="test_property_distance_is_always_non_negative with data set &quot;pair_77&quot;" file="E:\coupony-backend\tests\Unit\Domain\Explore\HaversineCalculatorTest.php" line="100" class="Tests\Unit\Domain\Explore\HaversineCalculatorTest" classname="Tests.Unit.Domain.Explore.HaversineCalculatorTest" assertions="2" time="0.000105"/>
          <testcase name="test_property_distance_is_always_non_negative with data set &quot;pair_78&quot;" file="E:\coupony-backend\tests\Unit\Domain\Explore\HaversineCalculatorTest.php" line="100" class="Tests\Unit\Domain\Explore\HaversineCalculatorTest" classname="Tests.Unit.Domain.Explore.HaversineCalculatorTest" assertions="2" time="0.000105"/>
          <testcase name="test_property_distance_is_always_non_negative with data set &quot;pair_79&quot;" file="E:\coupony-backend\tests\Unit\Domain\Explore\HaversineCalculatorTest.php" line="100" class="Tests\Unit\Domain\Explore\HaversineCalculatorTest" classname="Tests.Unit.Domain.Explore.HaversineCalculatorTest" assertions="2" time="0.000104"/>
          <testcase name="test_property_distance_is_always_non_negative with data set &quot;pair_80&quot;" file="E:\coupony-backend\tests\Unit\Domain\Explore\HaversineCalculatorTest.php" line="100" class="Tests\Unit\Domain\Explore\HaversineCalculatorTest" classname="Tests.Unit.Domain.Explore.HaversineCalculatorTest" assertions="2" time="0.000103"/>
          <testcase name="test_property_distance_is_always_non_negative with data set &quot;pair_81&quot;" file="E:\coupony-backend\tests\Unit\Domain\Explore\HaversineCalculatorTest.php" line="100" class="Tests\Unit\Domain\Explore\HaversineCalculatorTest" classname="Tests.Unit.Domain.Explore.HaversineCalculatorTest" assertions="2" time="0.000103"/>
          <testcase name="test_property_distance_is_always_non_negative with data set &quot;pair_82&quot;" file="E:\coupony-backend\tests\Unit\Domain\Explore\HaversineCalculatorTest.php" line="100" class="Tests\Unit\Domain\Explore\HaversineCalculatorTest" classname="Tests.Unit.Domain.Explore.HaversineCalculatorTest" assertions="2" time="0.000103"/>
          <testcase name="test_property_distance_is_always_non_negative with data set &quot;pair_83&quot;" file="E:\coupony-backend\tests\Unit\Domain\Explore\HaversineCalculatorTest.php" line="100" class="Tests\Unit\Domain\Explore\HaversineCalculatorTest" classname="Tests.Unit.Domain.Explore.HaversineCalculatorTest" assertions="2" time="0.000227"/>
          <testcase name="test_property_distance_is_always_non_negative with data set &quot;pair_84&quot;" file="E:\coupony-backend\tests\Unit\Domain\Explore\HaversineCalculatorTest.php" line="100" class="Tests\Unit\Domain\Explore\HaversineCalculatorTest" classname="Tests.Unit.Domain.Explore.HaversineCalculatorTest" assertions="2" time="0.000111"/>
          <testcase name="test_property_distance_is_always_non_negative with data set &quot;pair_85&quot;" file="E:\coupony-backend\tests\Unit\Domain\Explore\HaversineCalculatorTest.php" line="100" class="Tests\Unit\Domain\Explore\HaversineCalculatorTest" classname="Tests.Unit.Domain.Explore.HaversineCalculatorTest" assertions="2" time="0.000105"/>
          <testcase name="test_property_distance_is_always_non_negative with data set &quot;pair_86&quot;" file="E:\coupony-backend\tests\Unit\Domain\Explore\HaversineCalculatorTest.php" line="100" class="Tests\Unit\Domain\Explore\HaversineCalculatorTest" classname="Tests.Unit.Domain.Explore.HaversineCalculatorTest" assertions="2" time="0.000105"/>
          <testcase name="test_property_distance_is_always_non_negative with data set &quot;pair_87&quot;" file="E:\coupony-backend\tests\Unit\Domain\Explore\HaversineCalculatorTest.php" line="100" class="Tests\Unit\Domain\Explore\HaversineCalculatorTest" classname="Tests.Unit.Domain.Explore.HaversineCalculatorTest" assertions="2" time="0.000105"/>
          <testcase name="test_property_distance_is_always_non_negative with data set &quot;pair_88&quot;" file="E:\coupony-backend\tests\Unit\Domain\Explore\HaversineCalculatorTest.php" line="100" class="Tests\Unit\Domain\Explore\HaversineCalculatorTest" classname="Tests.Unit.Domain.Explore.HaversineCalculatorTest" assertions="2" time="0.000103"/>
          <testcase name="test_property_distance_is_always_non_negative with data set &quot;pair_89&quot;" file="E:\coupony-backend\tests\Unit\Domain\Explore\HaversineCalculatorTest.php" line="100" class="Tests\Unit\Domain\Explore\HaversineCalculatorTest" classname="Tests.Unit.Domain.Explore.HaversineCalculatorTest" assertions="2" time="0.000102"/>
          <testcase name="test_property_distance_is_always_non_negative with data set &quot;pair_90&quot;" file="E:\coupony-backend\tests\Unit\Domain\Explore\HaversineCalculatorTest.php" line="100" class="Tests\Unit\Domain\Explore\HaversineCalculatorTest" classname="Tests.Unit.Domain.Explore.HaversineCalculatorTest" assertions="2" time="0.000103"/>
          <testcase name="test_property_distance_is_always_non_negative with data set &quot;pair_91&quot;" file="E:\coupony-backend\tests\Unit\Domain\Explore\HaversineCalculatorTest.php" line="100" class="Tests\Unit\Domain\Explore\HaversineCalculatorTest" classname="Tests.Unit.Domain.Explore.HaversineCalculatorTest" assertions="2" time="0.000103"/>
          <testcase name="test_property_distance_is_always_non_negative with data set &quot;pair_92&quot;" file="E:\coupony-backend\tests\Unit\Domain\Explore\HaversineCalculatorTest.php" line="100" class="Tests\Unit\Domain\Explore\HaversineCalculatorTest" classname="Tests.Unit.Domain.Explore.HaversineCalculatorTest" assertions="2" time="0.000103"/>
          <testcase name="test_property_distance_is_always_non_negative with data set &quot;pair_93&quot;" file="E:\coupony-backend\tests\Unit\Domain\Explore\HaversineCalculatorTest.php" line="100" class="Tests\Unit\Domain\Explore\HaversineCalculatorTest" classname="Tests.Unit.Domain.Explore.HaversineCalculatorTest" assertions="2" time="0.000103"/>
          <testcase name="test_property_distance_is_always_non_negative with data set &quot;pair_94&quot;" file="E:\coupony-backend\tests\Unit\Domain\Explore\HaversineCalculatorTest.php" line="100" class="Tests\Unit\Domain\Explore\HaversineCalculatorTest" classname="Tests.Unit.Domain.Explore.HaversineCalculatorTest" assertions="2" time="0.000104"/>
          <testcase name="test_property_distance_is_always_non_negative with data set &quot;pair_95&quot;" file="E:\coupony-backend\tests\Unit\Domain\Explore\HaversineCalculatorTest.php" line="100" class="Tests\Unit\Domain\Explore\HaversineCalculatorTest" classname="Tests.Unit.Domain.Explore.HaversineCalculatorTest" assertions="2" time="0.000104"/>
          <testcase name="test_property_distance_is_always_non_negative with data set &quot;pair_96&quot;" file="E:\coupony-backend\tests\Unit\Domain\Explore\HaversineCalculatorTest.php" line="100" class="Tests\Unit\Domain\Explore\HaversineCalculatorTest" classname="Tests.Unit.Domain.Explore.HaversineCalculatorTest" assertions="2" time="0.000112"/>
          <testcase name="test_property_distance_is_always_non_negative with data set &quot;pair_97&quot;" file="E:\coupony-backend\tests\Unit\Domain\Explore\HaversineCalculatorTest.php" line="100" class="Tests\Unit\Domain\Explore\HaversineCalculatorTest" classname="Tests.Unit.Domain.Explore.HaversineCalculatorTest" assertions="2" time="0.000106"/>
          <testcase name="test_property_distance_is_always_non_negative with data set &quot;pair_98&quot;" file="E:\coupony-backend\tests\Unit\Domain\Explore\HaversineCalculatorTest.php" line="100" class="Tests\Unit\Domain\Explore\HaversineCalculatorTest" classname="Tests.Unit.Domain.Explore.HaversineCalculatorTest" assertions="2" time="0.000103"/>
          <testcase name="test_property_distance_is_always_non_negative with data set &quot;pair_99&quot;" file="E:\coupony-backend\tests\Unit\Domain\Explore\HaversineCalculatorTest.php" line="100" class="Tests\Unit\Domain\Explore\HaversineCalculatorTest" classname="Tests.Unit.Domain.Explore.HaversineCalculatorTest" assertions="2" time="0.000103"/>
        </testsuite>
        <testsuite name="Tests\Unit\Domain\Explore\HaversineCalculatorTest::test_property_distance_is_zero_for_identical_points" tests="100" assertions="100" errors="0" failures="0" skipped="0" time="0.008597">
          <testcase name="test_property_distance_is_zero_for_identical_points with data set &quot;point_0&quot;" file="E:\coupony-backend\tests\Unit\Domain\Explore\HaversineCalculatorTest.php" line="124" class="Tests\Unit\Domain\Explore\HaversineCalculatorTest" classname="Tests.Unit.Domain.Explore.HaversineCalculatorTest" assertions="1" time="0.000095"/>
          <testcase name="test_property_distance_is_zero_for_identical_points with data set &quot;point_1&quot;" file="E:\coupony-backend\tests\Unit\Domain\Explore\HaversineCalculatorTest.php" line="124" class="Tests\Unit\Domain\Explore\HaversineCalculatorTest" classname="Tests.Unit.Domain.Explore.HaversineCalculatorTest" assertions="1" time="0.000084"/>
          <testcase name="test_property_distance_is_zero_for_identical_points with data set &quot;point_2&quot;" file="E:\coupony-backend\tests\Unit\Domain\Explore\HaversineCalculatorTest.php" line="124" class="Tests\Unit\Domain\Explore\HaversineCalculatorTest" classname="Tests.Unit.Domain.Explore.HaversineCalculatorTest" assertions="1" time="0.000082"/>
          <testcase name="test_property_distance_is_zero_for_identical_points with data set &quot;point_3&quot;" file="E:\coupony-backend\tests\Unit\Domain\Explore\HaversineCalculatorTest.php" line="124" class="Tests\Unit\Domain\Explore\HaversineCalculatorTest" classname="Tests.Unit.Domain.Explore.HaversineCalculatorTest" assertions="1" time="0.000080"/>
          <testcase name="test_property_distance_is_zero_for_identical_points with data set &quot;point_4&quot;" file="E:\coupony-backend\tests\Unit\Domain\Explore\HaversineCalculatorTest.php" line="124" class="Tests\Unit\Domain\Explore\HaversineCalculatorTest" classname="Tests.Unit.Domain.Explore.HaversineCalculatorTest" assertions="1" time="0.000079"/>
          <testcase name="test_property_distance_is_zero_for_identical_points with data set &quot;point_5&quot;" file="E:\coupony-backend\tests\Unit\Domain\Explore\HaversineCalculatorTest.php" line="124" class="Tests\Unit\Domain\Explore\HaversineCalculatorTest" classname="Tests.Unit.Domain.Explore.HaversineCalculatorTest" assertions="1" time="0.000078"/>
          <testcase name="test_property_distance_is_zero_for_identical_points with data set &quot;point_6&quot;" file="E:\coupony-backend\tests\Unit\Domain\Explore\HaversineCalculatorTest.php" line="124" class="Tests\Unit\Domain\Explore\HaversineCalculatorTest" classname="Tests.Unit.Domain.Explore.HaversineCalculatorTest" assertions="1" time="0.000079"/>
          <testcase name="test_property_distance_is_zero_for_identical_points with data set &quot;point_7&quot;" file="E:\coupony-backend\tests\Unit\Domain\Explore\HaversineCalculatorTest.php" line="124" class="Tests\Unit\Domain\Explore\HaversineCalculatorTest" classname="Tests.Unit.Domain.Explore.HaversineCalculatorTest" assertions="1" time="0.000078"/>
          <testcase name="test_property_distance_is_zero_for_identical_points with data set &quot;point_8&quot;" file="E:\coupony-backend\tests\Unit\Domain\Explore\HaversineCalculatorTest.php" line="124" class="Tests\Unit\Domain\Explore\HaversineCalculatorTest" classname="Tests.Unit.Domain.Explore.HaversineCalculatorTest" assertions="1" time="0.000078"/>
          <testcase name="test_property_distance_is_zero_for_identical_points with data set &quot;point_9&quot;" file="E:\coupony-backend\tests\Unit\Domain\Explore\HaversineCalculatorTest.php" line="124" class="Tests\Unit\Domain\Explore\HaversineCalculatorTest" classname="Tests.Unit.Domain.Explore.HaversineCalculatorTest" assertions="1" time="0.000078"/>
          <testcase name="test_property_distance_is_zero_for_identical_points with data set &quot;point_10&quot;" file="E:\coupony-backend\tests\Unit\Domain\Explore\HaversineCalculatorTest.php" line="124" class="Tests\Unit\Domain\Explore\HaversineCalculatorTest" classname="Tests.Unit.Domain.Explore.HaversineCalculatorTest" assertions="1" time="0.000079"/>
          <testcase name="test_property_distance_is_zero_for_identical_points with data set &quot;point_11&quot;" file="E:\coupony-backend\tests\Unit\Domain\Explore\HaversineCalculatorTest.php" line="124" class="Tests\Unit\Domain\Explore\HaversineCalculatorTest" classname="Tests.Unit.Domain.Explore.HaversineCalculatorTest" assertions="1" time="0.000079"/>
          <testcase name="test_property_distance_is_zero_for_identical_points with data set &quot;point_12&quot;" file="E:\coupony-backend\tests\Unit\Domain\Explore\HaversineCalculatorTest.php" line="124" class="Tests\Unit\Domain\Explore\HaversineCalculatorTest" classname="Tests.Unit.Domain.Explore.HaversineCalculatorTest" assertions="1" time="0.000082"/>
          <testcase name="test_property_distance_is_zero_for_identical_points with data set &quot;point_13&quot;" file="E:\coupony-backend\tests\Unit\Domain\Explore\HaversineCalculatorTest.php" line="124" class="Tests\Unit\Domain\Explore\HaversineCalculatorTest" classname="Tests.Unit.Domain.Explore.HaversineCalculatorTest" assertions="1" time="0.000080"/>
          <testcase name="test_property_distance_is_zero_for_identical_points with data set &quot;point_14&quot;" file="E:\coupony-backend\tests\Unit\Domain\Explore\HaversineCalculatorTest.php" line="124" class="Tests\Unit\Domain\Explore\HaversineCalculatorTest" classname="Tests.Unit.Domain.Explore.HaversineCalculatorTest" assertions="1" time="0.000078"/>
          <testcase name="test_property_distance_is_zero_for_identical_points with data set &quot;point_15&quot;" file="E:\coupony-backend\tests\Unit\Domain\Explore\HaversineCalculatorTest.php" line="124" class="Tests\Unit\Domain\Explore\HaversineCalculatorTest" classname="Tests.Unit.Domain.Explore.HaversineCalculatorTest" assertions="1" time="0.000078"/>
          <testcase name="test_property_distance_is_zero_for_identical_points with data set &quot;point_16&quot;" file="E:\coupony-backend\tests\Unit\Domain\Explore\HaversineCalculatorTest.php" line="124" class="Tests\Unit\Domain\Explore\HaversineCalculatorTest" classname="Tests.Unit.Domain.Explore.HaversineCalculatorTest" assertions="1" time="0.000078"/>
          <testcase name="test_property_distance_is_zero_for_identical_points with data set &quot;point_17&quot;" file="E:\coupony-backend\tests\Unit\Domain\Explore\HaversineCalculatorTest.php" line="124" class="Tests\Unit\Domain\Explore\HaversineCalculatorTest" classname="Tests.Unit.Domain.Explore.HaversineCalculatorTest" assertions="1" time="0.000078"/>
          <testcase name="test_property_distance_is_zero_for_identical_points with data set &quot;point_18&quot;" file="E:\coupony-backend\tests\Unit\Domain\Explore\HaversineCalculatorTest.php" line="124" class="Tests\Unit\Domain\Explore\HaversineCalculatorTest" classname="Tests.Unit.Domain.Explore.HaversineCalculatorTest" assertions="1" time="0.000077"/>
          <testcase name="test_property_distance_is_zero_for_identical_points with data set &quot;point_19&quot;" file="E:\coupony-backend\tests\Unit\Domain\Explore\HaversineCalculatorTest.php" line="124" class="Tests\Unit\Domain\Explore\HaversineCalculatorTest" classname="Tests.Unit.Domain.Explore.HaversineCalculatorTest" assertions="1" time="0.000083"/>
          <testcase name="test_property_distance_is_zero_for_identical_points with data set &quot;point_20&quot;" file="E:\coupony-backend\tests\Unit\Domain\Explore\HaversineCalculatorTest.php" line="124" class="Tests\Unit\Domain\Explore\HaversineCalculatorTest" classname="Tests.Unit.Domain.Explore.HaversineCalculatorTest" assertions="1" time="0.000079"/>
          <testcase name="test_property_distance_is_zero_for_identical_points with data set &quot;point_21&quot;" file="E:\coupony-backend\tests\Unit\Domain\Explore\HaversineCalculatorTest.php" line="124" class="Tests\Unit\Domain\Explore\HaversineCalculatorTest" classname="Tests.Unit.Domain.Explore.HaversineCalculatorTest" assertions="1" time="0.000079"/>
          <testcase name="test_property_distance_is_zero_for_identical_points with data set &quot;point_22&quot;" file="E:\coupony-backend\tests\Unit\Domain\Explore\HaversineCalculatorTest.php" line="124" class="Tests\Unit\Domain\Explore\HaversineCalculatorTest" classname="Tests.Unit.Domain.Explore.HaversineCalculatorTest" assertions="1" time="0.000077"/>
          <testcase name="test_property_distance_is_zero_for_identical_points with data set &quot;point_23&quot;" file="E:\coupony-backend\tests\Unit\Domain\Explore\HaversineCalculatorTest.php" line="124" class="Tests\Unit\Domain\Explore\HaversineCalculatorTest" classname="Tests.Unit.Domain.Explore.HaversineCalculatorTest" assertions="1" time="0.000079"/>
          <testcase name="test_property_distance_is_zero_for_identical_points with data set &quot;point_24&quot;" file="E:\coupony-backend\tests\Unit\Domain\Explore\HaversineCalculatorTest.php" line="124" class="Tests\Unit\Domain\Explore\HaversineCalculatorTest" classname="Tests.Unit.Domain.Explore.HaversineCalculatorTest" assertions="1" time="0.000077"/>
          <testcase name="test_property_distance_is_zero_for_identical_points with data set &quot;point_25&quot;" file="E:\coupony-backend\tests\Unit\Domain\Explore\HaversineCalculatorTest.php" line="124" class="Tests\Unit\Domain\Explore\HaversineCalculatorTest" classname="Tests.Unit.Domain.Explore.HaversineCalculatorTest" assertions="1" time="0.000079"/>
          <testcase name="test_property_distance_is_zero_for_identical_points with data set &quot;point_26&quot;" file="E:\coupony-backend\tests\Unit\Domain\Explore\HaversineCalculatorTest.php" line="124" class="Tests\Unit\Domain\Explore\HaversineCalculatorTest" classname="Tests.Unit.Domain.Explore.HaversineCalculatorTest" assertions="1" time="0.000078"/>
          <testcase name="test_property_distance_is_zero_for_identical_points with data set &quot;point_27&quot;" file="E:\coupony-backend\tests\Unit\Domain\Explore\HaversineCalculatorTest.php" line="124" class="Tests\Unit\Domain\Explore\HaversineCalculatorTest" classname="Tests.Unit.Domain.Explore.HaversineCalculatorTest" assertions="1" time="0.000106"/>
          <testcase name="test_property_distance_is_zero_for_identical_points with data set &quot;point_28&quot;" file="E:\coupony-backend\tests\Unit\Domain\Explore\HaversineCalculatorTest.php" line="124" class="Tests\Unit\Domain\Explore\HaversineCalculatorTest" classname="Tests.Unit.Domain.Explore.HaversineCalculatorTest" assertions="1" time="0.000079"/>
          <testcase name="test_property_distance_is_zero_for_identical_points with data set &quot;point_29&quot;" file="E:\coupony-backend\tests\Unit\Domain\Explore\HaversineCalculatorTest.php" line="124" class="Tests\Unit\Domain\Explore\HaversineCalculatorTest" classname="Tests.Unit.Domain.Explore.HaversineCalculatorTest" assertions="1" time="0.000088"/>
          <testcase name="test_property_distance_is_zero_for_identical_points with data set &quot;point_30&quot;" file="E:\coupony-backend\tests\Unit\Domain\Explore\HaversineCalculatorTest.php" line="124" class="Tests\Unit\Domain\Explore\HaversineCalculatorTest" classname="Tests.Unit.Domain.Explore.HaversineCalculatorTest" assertions="1" time="0.000081"/>
          <testcase name="test_property_distance_is_zero_for_identical_points with data set &quot;point_31&quot;" file="E:\coupony-backend\tests\Unit\Domain\Explore\HaversineCalculatorTest.php" line="124" class="Tests\Unit\Domain\Explore\HaversineCalculatorTest" classname="Tests.Unit.Domain.Explore.HaversineCalculatorTest" assertions="1" time="0.000079"/>
          <testcase name="test_property_distance_is_zero_for_identical_points with data set &quot;point_32&quot;" file="E:\coupony-backend\tests\Unit\Domain\Explore\HaversineCalculatorTest.php" line="124" class="Tests\Unit\Domain\Explore\HaversineCalculatorTest" classname="Tests.Unit.Domain.Explore.HaversineCalculatorTest" assertions="1" time="0.000079"/>
          <testcase name="test_property_distance_is_zero_for_identical_points with data set &quot;point_33&quot;" file="E:\coupony-backend\tests\Unit\Domain\Explore\HaversineCalculatorTest.php" line="124" class="Tests\Unit\Domain\Explore\HaversineCalculatorTest" classname="Tests.Unit.Domain.Explore.HaversineCalculatorTest" assertions="1" time="0.000079"/>
          <testcase name="test_property_distance_is_zero_for_identical_points with data set &quot;point_34&quot;" file="E:\coupony-backend\tests\Unit\Domain\Explore\HaversineCalculatorTest.php" line="124" class="Tests\Unit\Domain\Explore\HaversineCalculatorTest" classname="Tests.Unit.Domain.Explore.HaversineCalculatorTest" assertions="1" time="0.000077"/>
          <testcase name="test_property_distance_is_zero_for_identical_points with data set &quot;point_35&quot;" file="E:\coupony-backend\tests\Unit\Domain\Explore\HaversineCalculatorTest.php" line="124" class="Tests\Unit\Domain\Explore\HaversineCalculatorTest" classname="Tests.Unit.Domain.Explore.HaversineCalculatorTest" assertions="1" time="0.000078"/>
          <testcase name="test_property_distance_is_zero_for_identical_points with data set &quot;point_36&quot;" file="E:\coupony-backend\tests\Unit\Domain\Explore\HaversineCalculatorTest.php" line="124" class="Tests\Unit\Domain\Explore\HaversineCalculatorTest" classname="Tests.Unit.Domain.Explore.HaversineCalculatorTest" assertions="1" time="0.000077"/>
          <testcase name="test_property_distance_is_zero_for_identical_points with data set &quot;point_37&quot;" file="E:\coupony-backend\tests\Unit\Domain\Explore\HaversineCalculatorTest.php" line="124" class="Tests\Unit\Domain\Explore\HaversineCalculatorTest" classname="Tests.Unit.Domain.Explore.HaversineCalculatorTest" assertions="1" time="0.000079"/>
          <testcase name="test_property_distance_is_zero_for_identical_points with data set &quot;point_38&quot;" file="E:\coupony-backend\tests\Unit\Domain\Explore\HaversineCalculatorTest.php" line="124" class="Tests\Unit\Domain\Explore\HaversineCalculatorTest" classname="Tests.Unit.Domain.Explore.HaversineCalculatorTest" assertions="1" time="0.000078"/>
          <testcase name="test_property_distance_is_zero_for_identical_points with data set &quot;point_39&quot;" file="E:\coupony-backend\tests\Unit\Domain\Explore\HaversineCalculatorTest.php" line="124" class="Tests\Unit\Domain\Explore\HaversineCalculatorTest" classname="Tests.Unit.Domain.Explore.HaversineCalculatorTest" assertions="1" time="0.000079"/>
          <testcase name="test_property_distance_is_zero_for_identical_points with data set &quot;point_40&quot;" file="E:\coupony-backend\tests\Unit\Domain\Explore\HaversineCalculatorTest.php" line="124" class="Tests\Unit\Domain\Explore\HaversineCalculatorTest" classname="Tests.Unit.Domain.Explore.HaversineCalculatorTest" assertions="1" time="0.000078"/>
          <testcase name="test_property_distance_is_zero_for_identical_points with data set &quot;point_41&quot;" file="E:\coupony-backend\tests\Unit\Domain\Explore\HaversineCalculatorTest.php" line="124" class="Tests\Unit\Domain\Explore\HaversineCalculatorTest" classname="Tests.Unit.Domain.Explore.HaversineCalculatorTest" assertions="1" time="0.000079"/>
          <testcase name="test_property_distance_is_zero_for_identical_points with data set &quot;point_42&quot;" file="E:\coupony-backend\tests\Unit\Domain\Explore\HaversineCalculatorTest.php" line="124" class="Tests\Unit\Domain\Explore\HaversineCalculatorTest" classname="Tests.Unit.Domain.Explore.HaversineCalculatorTest" assertions="1" time="0.000077"/>
          <testcase name="test_property_distance_is_zero_for_identical_points with data set &quot;point_43&quot;" file="E:\coupony-backend\tests\Unit\Domain\Explore\HaversineCalculatorTest.php" line="124" class="Tests\Unit\Domain\Explore\HaversineCalculatorTest" classname="Tests.Unit.Domain.Explore.HaversineCalculatorTest" assertions="1" time="0.000078"/>
          <testcase name="test_property_distance_is_zero_for_identical_points with data set &quot;point_44&quot;" file="E:\coupony-backend\tests\Unit\Domain\Explore\HaversineCalculatorTest.php" line="124" class="Tests\Unit\Domain\Explore\HaversineCalculatorTest" classname="Tests.Unit.Domain.Explore.HaversineCalculatorTest" assertions="1" time="0.000078"/>
          <testcase name="test_property_distance_is_zero_for_identical_points with data set &quot;point_45&quot;" file="E:\coupony-backend\tests\Unit\Domain\Explore\HaversineCalculatorTest.php" line="124" class="Tests\Unit\Domain\Explore\HaversineCalculatorTest" classname="Tests.Unit.Domain.Explore.HaversineCalculatorTest" assertions="1" time="0.000078"/>
          <testcase name="test_property_distance_is_zero_for_identical_points with data set &quot;point_46&quot;" file="E:\coupony-backend\tests\Unit\Domain\Explore\HaversineCalculatorTest.php" line="124" class="Tests\Unit\Domain\Explore\HaversineCalculatorTest" classname="Tests.Unit.Domain.Explore.HaversineCalculatorTest" assertions="1" time="0.000078"/>
          <testcase name="test_property_distance_is_zero_for_identical_points with data set &quot;point_47&quot;" file="E:\coupony-backend\tests\Unit\Domain\Explore\HaversineCalculatorTest.php" line="124" class="Tests\Unit\Domain\Explore\HaversineCalculatorTest" classname="Tests.Unit.Domain.Explore.HaversineCalculatorTest" assertions="1" time="0.000107"/>
          <testcase name="test_property_distance_is_zero_for_identical_points with data set &quot;point_48&quot;" file="E:\coupony-backend\tests\Unit\Domain\Explore\HaversineCalculatorTest.php" line="124" class="Tests\Unit\Domain\Explore\HaversineCalculatorTest" classname="Tests.Unit.Domain.Explore.HaversineCalculatorTest" assertions="1" time="0.000119"/>
          <testcase name="test_property_distance_is_zero_for_identical_points with data set &quot;point_49&quot;" file="E:\coupony-backend\tests\Unit\Domain\Explore\HaversineCalculatorTest.php" line="124" class="Tests\Unit\Domain\Explore\HaversineCalculatorTest" classname="Tests.Unit.Domain.Explore.HaversineCalculatorTest" assertions="1" time="0.000097"/>
          <testcase name="test_property_distance_is_zero_for_identical_points with data set &quot;point_50&quot;" file="E:\coupony-backend\tests\Unit\Domain\Explore\HaversineCalculatorTest.php" line="124" class="Tests\Unit\Domain\Explore\HaversineCalculatorTest" classname="Tests.Unit.Domain.Explore.HaversineCalculatorTest" assertions="1" time="0.000096"/>
          <testcase name="test_property_distance_is_zero_for_identical_points with data set &quot;point_51&quot;" file="E:\coupony-backend\tests\Unit\Domain\Explore\HaversineCalculatorTest.php" line="124" class="Tests\Unit\Domain\Explore\HaversineCalculatorTest" classname="Tests.Unit.Domain.Explore.HaversineCalculatorTest" assertions="1" time="0.000083"/>
          <testcase name="test_property_distance_is_zero_for_identical_points with data set &quot;point_52&quot;" file="E:\coupony-backend\tests\Unit\Domain\Explore\HaversineCalculatorTest.php" line="124" class="Tests\Unit\Domain\Explore\HaversineCalculatorTest" classname="Tests.Unit.Domain.Explore.HaversineCalculatorTest" assertions="1" time="0.000085"/>
          <testcase name="test_property_distance_is_zero_for_identical_points with data set &quot;point_53&quot;" file="E:\coupony-backend\tests\Unit\Domain\Explore\HaversineCalculatorTest.php" line="124" class="Tests\Unit\Domain\Explore\HaversineCalculatorTest" classname="Tests.Unit.Domain.Explore.HaversineCalculatorTest" assertions="1" time="0.000132"/>
          <testcase name="test_property_distance_is_zero_for_identical_points with data set &quot;point_54&quot;" file="E:\coupony-backend\tests\Unit\Domain\Explore\HaversineCalculatorTest.php" line="124" class="Tests\Unit\Domain\Explore\HaversineCalculatorTest" classname="Tests.Unit.Domain.Explore.HaversineCalculatorTest" assertions="1" time="0.000118"/>
          <testcase name="test_property_distance_is_zero_for_identical_points with data set &quot;point_55&quot;" file="E:\coupony-backend\tests\Unit\Domain\Explore\HaversineCalculatorTest.php" line="124" class="Tests\Unit\Domain\Explore\HaversineCalculatorTest" classname="Tests.Unit.Domain.Explore.HaversineCalculatorTest" assertions="1" time="0.000115"/>
          <testcase name="test_property_distance_is_zero_for_identical_points with data set &quot;point_56&quot;" file="E:\coupony-backend\tests\Unit\Domain\Explore\HaversineCalculatorTest.php" line="124" class="Tests\Unit\Domain\Explore\HaversineCalculatorTest" classname="Tests.Unit.Domain.Explore.HaversineCalculatorTest" assertions="1" time="0.000098"/>
          <testcase name="test_property_distance_is_zero_for_identical_points with data set &quot;point_57&quot;" file="E:\coupony-backend\tests\Unit\Domain\Explore\HaversineCalculatorTest.php" line="124" class="Tests\Unit\Domain\Explore\HaversineCalculatorTest" classname="Tests.Unit.Domain.Explore.HaversineCalculatorTest" assertions="1" time="0.000128"/>
          <testcase name="test_property_distance_is_zero_for_identical_points with data set &quot;point_58&quot;" file="E:\coupony-backend\tests\Unit\Domain\Explore\HaversineCalculatorTest.php" line="124" class="Tests\Unit\Domain\Explore\HaversineCalculatorTest" classname="Tests.Unit.Domain.Explore.HaversineCalculatorTest" assertions="1" time="0.000086"/>
          <testcase name="test_property_distance_is_zero_for_identical_points with data set &quot;point_59&quot;" file="E:\coupony-backend\tests\Unit\Domain\Explore\HaversineCalculatorTest.php" line="124" class="Tests\Unit\Domain\Explore\HaversineCalculatorTest" classname="Tests.Unit.Domain.Explore.HaversineCalculatorTest" assertions="1" time="0.000096"/>
          <testcase name="test_property_distance_is_zero_for_identical_points with data set &quot;point_60&quot;" file="E:\coupony-backend\tests\Unit\Domain\Explore\HaversineCalculatorTest.php" line="124" class="Tests\Unit\Domain\Explore\HaversineCalculatorTest" classname="Tests.Unit.Domain.Explore.HaversineCalculatorTest" assertions="1" time="0.000138"/>
          <testcase name="test_property_distance_is_zero_for_identical_points with data set &quot;point_61&quot;" file="E:\coupony-backend\tests\Unit\Domain\Explore\HaversineCalculatorTest.php" line="124" class="Tests\Unit\Domain\Explore\HaversineCalculatorTest" classname="Tests.Unit.Domain.Explore.HaversineCalculatorTest" assertions="1" time="0.000110"/>
          <testcase name="test_property_distance_is_zero_for_identical_points with data set &quot;point_62&quot;" file="E:\coupony-backend\tests\Unit\Domain\Explore\HaversineCalculatorTest.php" line="124" class="Tests\Unit\Domain\Explore\HaversineCalculatorTest" classname="Tests.Unit.Domain.Explore.HaversineCalculatorTest" assertions="1" time="0.000098"/>
          <testcase name="test_property_distance_is_zero_for_identical_points with data set &quot;point_63&quot;" file="E:\coupony-backend\tests\Unit\Domain\Explore\HaversineCalculatorTest.php" line="124" class="Tests\Unit\Domain\Explore\HaversineCalculatorTest" classname="Tests.Unit.Domain.Explore.HaversineCalculatorTest" assertions="1" time="0.000096"/>
          <testcase name="test_property_distance_is_zero_for_identical_points with data set &quot;point_64&quot;" file="E:\coupony-backend\tests\Unit\Domain\Explore\HaversineCalculatorTest.php" line="124" class="Tests\Unit\Domain\Explore\HaversineCalculatorTest" classname="Tests.Unit.Domain.Explore.HaversineCalculatorTest" assertions="1" time="0.000107"/>
          <testcase name="test_property_distance_is_zero_for_identical_points with data set &quot;point_65&quot;" file="E:\coupony-backend\tests\Unit\Domain\Explore\HaversineCalculatorTest.php" line="124" class="Tests\Unit\Domain\Explore\HaversineCalculatorTest" classname="Tests.Unit.Domain.Explore.HaversineCalculatorTest" assertions="1" time="0.000099"/>
          <testcase name="test_property_distance_is_zero_for_identical_points with data set &quot;point_66&quot;" file="E:\coupony-backend\tests\Unit\Domain\Explore\HaversineCalculatorTest.php" line="124" class="Tests\Unit\Domain\Explore\HaversineCalculatorTest" classname="Tests.Unit.Domain.Explore.HaversineCalculatorTest" assertions="1" time="0.000087"/>
          <testcase name="test_property_distance_is_zero_for_identical_points with data set &quot;point_67&quot;" file="E:\coupony-backend\tests\Unit\Domain\Explore\HaversineCalculatorTest.php" line="124" class="Tests\Unit\Domain\Explore\HaversineCalculatorTest" classname="Tests.Unit.Domain.Explore.HaversineCalculatorTest" assertions="1" time="0.000083"/>
          <testcase name="test_property_distance_is_zero_for_identical_points with data set &quot;point_68&quot;" file="E:\coupony-backend\tests\Unit\Domain\Explore\HaversineCalculatorTest.php" line="124" class="Tests\Unit\Domain\Explore\HaversineCalculatorTest" classname="Tests.Unit.Domain.Explore.HaversineCalculatorTest" assertions="1" time="0.000080"/>
          <testcase name="test_property_distance_is_zero_for_identical_points with data set &quot;point_69&quot;" file="E:\coupony-backend\tests\Unit\Domain\Explore\HaversineCalculatorTest.php" line="124" class="Tests\Unit\Domain\Explore\HaversineCalculatorTest" classname="Tests.Unit.Domain.Explore.HaversineCalculatorTest" assertions="1" time="0.000079"/>
          <testcase name="test_property_distance_is_zero_for_identical_points with data set &quot;point_70&quot;" file="E:\coupony-backend\tests\Unit\Domain\Explore\HaversineCalculatorTest.php" line="124" class="Tests\Unit\Domain\Explore\HaversineCalculatorTest" classname="Tests.Unit.Domain.Explore.HaversineCalculatorTest" assertions="1" time="0.000079"/>
          <testcase name="test_property_distance_is_zero_for_identical_points with data set &quot;point_71&quot;" file="E:\coupony-backend\tests\Unit\Domain\Explore\HaversineCalculatorTest.php" line="124" class="Tests\Unit\Domain\Explore\HaversineCalculatorTest" classname="Tests.Unit.Domain.Explore.HaversineCalculatorTest" assertions="1" time="0.000079"/>
          <testcase name="test_property_distance_is_zero_for_identical_points with data set &quot;point_72&quot;" file="E:\coupony-backend\tests\Unit\Domain\Explore\HaversineCalculatorTest.php" line="124" class="Tests\Unit\Domain\Explore\HaversineCalculatorTest" classname="Tests.Unit.Domain.Explore.HaversineCalculatorTest" assertions="1" time="0.000178"/>
          <testcase name="test_property_distance_is_zero_for_identical_points with data set &quot;point_73&quot;" file="E:\coupony-backend\tests\Unit\Domain\Explore\HaversineCalculatorTest.php" line="124" class="Tests\Unit\Domain\Explore\HaversineCalculatorTest" classname="Tests.Unit.Domain.Explore.HaversineCalculatorTest" assertions="1" time="0.000082"/>
          <testcase name="test_property_distance_is_zero_for_identical_points with data set &quot;point_74&quot;" file="E:\coupony-backend\tests\Unit\Domain\Explore\HaversineCalculatorTest.php" line="124" class="Tests\Unit\Domain\Explore\HaversineCalculatorTest" classname="Tests.Unit.Domain.Explore.HaversineCalculatorTest" assertions="1" time="0.000090"/>
          <testcase name="test_property_distance_is_zero_for_identical_points with data set &quot;point_75&quot;" file="E:\coupony-backend\tests\Unit\Domain\Explore\HaversineCalculatorTest.php" line="124" class="Tests\Unit\Domain\Explore\HaversineCalculatorTest" classname="Tests.Unit.Domain.Explore.HaversineCalculatorTest" assertions="1" time="0.000080"/>
          <testcase name="test_property_distance_is_zero_for_identical_points with data set &quot;point_76&quot;" file="E:\coupony-backend\tests\Unit\Domain\Explore\HaversineCalculatorTest.php" line="124" class="Tests\Unit\Domain\Explore\HaversineCalculatorTest" classname="Tests.Unit.Domain.Explore.HaversineCalculatorTest" assertions="1" time="0.000078"/>
          <testcase name="test_property_distance_is_zero_for_identical_points with data set &quot;point_77&quot;" file="E:\coupony-backend\tests\Unit\Domain\Explore\HaversineCalculatorTest.php" line="124" class="Tests\Unit\Domain\Explore\HaversineCalculatorTest" classname="Tests.Unit.Domain.Explore.HaversineCalculatorTest" assertions="1" time="0.000077"/>
          <testcase name="test_property_distance_is_zero_for_identical_points with data set &quot;point_78&quot;" file="E:\coupony-backend\tests\Unit\Domain\Explore\HaversineCalculatorTest.php" line="124" class="Tests\Unit\Domain\Explore\HaversineCalculatorTest" classname="Tests.Unit.Domain.Explore.HaversineCalculatorTest" assertions="1" time="0.000078"/>
          <testcase name="test_property_distance_is_zero_for_identical_points with data set &quot;point_79&quot;" file="E:\coupony-backend\tests\Unit\Domain\Explore\HaversineCalculatorTest.php" line="124" class="Tests\Unit\Domain\Explore\HaversineCalculatorTest" classname="Tests.Unit.Domain.Explore.HaversineCalculatorTest" assertions="1" time="0.000078"/>
          <testcase name="test_property_distance_is_zero_for_identical_points with data set &quot;point_80&quot;" file="E:\coupony-backend\tests\Unit\Domain\Explore\HaversineCalculatorTest.php" line="124" class="Tests\Unit\Domain\Explore\HaversineCalculatorTest" classname="Tests.Unit.Domain.Explore.HaversineCalculatorTest" assertions="1" time="0.000079"/>
          <testcase name="test_property_distance_is_zero_for_identical_points with data set &quot;point_81&quot;" file="E:\coupony-backend\tests\Unit\Domain\Explore\HaversineCalculatorTest.php" line="124" class="Tests\Unit\Domain\Explore\HaversineCalculatorTest" classname="Tests.Unit.Domain.Explore.HaversineCalculatorTest" assertions="1" time="0.000078"/>
          <testcase name="test_property_distance_is_zero_for_identical_points with data set &quot;point_82&quot;" file="E:\coupony-backend\tests\Unit\Domain\Explore\HaversineCalculatorTest.php" line="124" class="Tests\Unit\Domain\Explore\HaversineCalculatorTest" classname="Tests.Unit.Domain.Explore.HaversineCalculatorTest" assertions="1" time="0.000078"/>
          <testcase name="test_property_distance_is_zero_for_identical_points with data set &quot;point_83&quot;" file="E:\coupony-backend\tests\Unit\Domain\Explore\HaversineCalculatorTest.php" line="124" class="Tests\Unit\Domain\Explore\HaversineCalculatorTest" classname="Tests.Unit.Domain.Explore.HaversineCalculatorTest" assertions="1" time="0.000078"/>
          <testcase name="test_property_distance_is_zero_for_identical_points with data set &quot;point_84&quot;" file="E:\coupony-backend\tests\Unit\Domain\Explore\HaversineCalculatorTest.php" line="124" class="Tests\Unit\Domain\Explore\HaversineCalculatorTest" classname="Tests.Unit.Domain.Explore.HaversineCalculatorTest" assertions="1" time="0.000077"/>
          <testcase name="test_property_distance_is_zero_for_identical_points with data set &quot;point_85&quot;" file="E:\coupony-backend\tests\Unit\Domain\Explore\HaversineCalculatorTest.php" line="124" class="Tests\Unit\Domain\Explore\HaversineCalculatorTest" classname="Tests.Unit.Domain.Explore.HaversineCalculatorTest" assertions="1" time="0.000077"/>
          <testcase name="test_property_distance_is_zero_for_identical_points with data set &quot;point_86&quot;" file="E:\coupony-backend\tests\Unit\Domain\Explore\HaversineCalculatorTest.php" line="124" class="Tests\Unit\Domain\Explore\HaversineCalculatorTest" classname="Tests.Unit.Domain.Explore.HaversineCalculatorTest" assertions="1" time="0.000077"/>
          <testcase name="test_property_distance_is_zero_for_identical_points with data set &quot;point_87&quot;" file="E:\coupony-backend\tests\Unit\Domain\Explore\HaversineCalculatorTest.php" line="124" class="Tests\Unit\Domain\Explore\HaversineCalculatorTest" classname="Tests.Unit.Domain.Explore.HaversineCalculatorTest" assertions="1" time="0.000077"/>
          <testcase name="test_property_distance_is_zero_for_identical_points with data set &quot;point_88&quot;" file="E:\coupony-backend\tests\Unit\Domain\Explore\HaversineCalculatorTest.php" line="124" class="Tests\Unit\Domain\Explore\HaversineCalculatorTest" classname="Tests.Unit.Domain.Explore.HaversineCalculatorTest" assertions="1" time="0.000077"/>
          <testcase name="test_property_distance_is_zero_for_identical_points with data set &quot;point_89&quot;" file="E:\coupony-backend\tests\Unit\Domain\Explore\HaversineCalculatorTest.php" line="124" class="Tests\Unit\Domain\Explore\HaversineCalculatorTest" classname="Tests.Unit.Domain.Explore.HaversineCalculatorTest" assertions="1" time="0.000078"/>
          <testcase name="test_property_distance_is_zero_for_identical_points with data set &quot;point_90&quot;" file="E:\coupony-backend\tests\Unit\Domain\Explore\HaversineCalculatorTest.php" line="124" class="Tests\Unit\Domain\Explore\HaversineCalculatorTest" classname="Tests.Unit.Domain.Explore.HaversineCalculatorTest" assertions="1" time="0.000078"/>
          <testcase name="test_property_distance_is_zero_for_identical_points with data set &quot;point_91&quot;" file="E:\coupony-backend\tests\Unit\Domain\Explore\HaversineCalculatorTest.php" line="124" class="Tests\Unit\Domain\Explore\HaversineCalculatorTest" classname="Tests.Unit.Domain.Explore.HaversineCalculatorTest" assertions="1" time="0.000079"/>
          <testcase name="test_property_distance_is_zero_for_identical_points with data set &quot;point_92&quot;" file="E:\coupony-backend\tests\Unit\Domain\Explore\HaversineCalculatorTest.php" line="124" class="Tests\Unit\Domain\Explore\HaversineCalculatorTest" classname="Tests.Unit.Domain.Explore.HaversineCalculatorTest" assertions="1" time="0.000086"/>
          <testcase name="test_property_distance_is_zero_for_identical_points with data set &quot;point_93&quot;" file="E:\coupony-backend\tests\Unit\Domain\Explore\HaversineCalculatorTest.php" line="124" class="Tests\Unit\Domain\Explore\HaversineCalculatorTest" classname="Tests.Unit.Domain.Explore.HaversineCalculatorTest" assertions="1" time="0.000079"/>
          <testcase name="test_property_distance_is_zero_for_identical_points with data set &quot;point_94&quot;" file="E:\coupony-backend\tests\Unit\Domain\Explore\HaversineCalculatorTest.php" line="124" class="Tests\Unit\Domain\Explore\HaversineCalculatorTest" classname="Tests.Unit.Domain.Explore.HaversineCalculatorTest" assertions="1" time="0.000078"/>
          <testcase name="test_property_distance_is_zero_for_identical_points with data set &quot;point_95&quot;" file="E:\coupony-backend\tests\Unit\Domain\Explore\HaversineCalculatorTest.php" line="124" class="Tests\Unit\Domain\Explore\HaversineCalculatorTest" classname="Tests.Unit.Domain.Explore.HaversineCalculatorTest" assertions="1" time="0.000079"/>
          <testcase name="test_property_distance_is_zero_for_identical_points with data set &quot;point_96&quot;" file="E:\coupony-backend\tests\Unit\Domain\Explore\HaversineCalculatorTest.php" line="124" class="Tests\Unit\Domain\Explore\HaversineCalculatorTest" classname="Tests.Unit.Domain.Explore.HaversineCalculatorTest" assertions="1" time="0.000079"/>
          <testcase name="test_property_distance_is_zero_for_identical_points with data set &quot;point_97&quot;" file="E:\coupony-backend\tests\Unit\Domain\Explore\HaversineCalculatorTest.php" line="124" class="Tests\Unit\Domain\Explore\HaversineCalculatorTest" classname="Tests.Unit.Domain.Explore.HaversineCalculatorTest" assertions="1" time="0.000079"/>
          <testcase name="test_property_distance_is_zero_for_identical_points with data set &quot;point_98&quot;" file="E:\coupony-backend\tests\Unit\Domain\Explore\HaversineCalculatorTest.php" line="124" class="Tests\Unit\Domain\Explore\HaversineCalculatorTest" classname="Tests.Unit.Domain.Explore.HaversineCalculatorTest" assertions="1" time="0.000078"/>
          <testcase name="test_property_distance_is_zero_for_identical_points with data set &quot;point_99&quot;" file="E:\coupony-backend\tests\Unit\Domain\Explore\HaversineCalculatorTest.php" line="124" class="Tests\Unit\Domain\Explore\HaversineCalculatorTest" classname="Tests.Unit.Domain.Explore.HaversineCalculatorTest" assertions="1" time="0.000113"/>
        </testsuite>
        <testsuite name="Tests\Unit\Domain\Explore\HaversineCalculatorTest::test_property_triangle_inequality_holds" tests="100" assertions="200" errors="0" failures="0" skipped="0" time="0.012062">
          <testcase name="test_property_triangle_inequality_holds with data set &quot;triplet_0&quot;" file="E:\coupony-backend\tests\Unit\Domain\Explore\HaversineCalculatorTest.php" line="147" class="Tests\Unit\Domain\Explore\HaversineCalculatorTest" classname="Tests.Unit.Domain.Explore.HaversineCalculatorTest" assertions="2" time="0.000162"/>
          <testcase name="test_property_triangle_inequality_holds with data set &quot;triplet_1&quot;" file="E:\coupony-backend\tests\Unit\Domain\Explore\HaversineCalculatorTest.php" line="147" class="Tests\Unit\Domain\Explore\HaversineCalculatorTest" classname="Tests.Unit.Domain.Explore.HaversineCalculatorTest" assertions="2" time="0.000128"/>
          <testcase name="test_property_triangle_inequality_holds with data set &quot;triplet_2&quot;" file="E:\coupony-backend\tests\Unit\Domain\Explore\HaversineCalculatorTest.php" line="147" class="Tests\Unit\Domain\Explore\HaversineCalculatorTest" classname="Tests.Unit.Domain.Explore.HaversineCalculatorTest" assertions="2" time="0.000121"/>
          <testcase name="test_property_triangle_inequality_holds with data set &quot;triplet_3&quot;" file="E:\coupony-backend\tests\Unit\Domain\Explore\HaversineCalculatorTest.php" line="147" class="Tests\Unit\Domain\Explore\HaversineCalculatorTest" classname="Tests.Unit.Domain.Explore.HaversineCalculatorTest" assertions="2" time="0.000118"/>
          <testcase name="test_property_triangle_inequality_holds with data set &quot;triplet_4&quot;" file="E:\coupony-backend\tests\Unit\Domain\Explore\HaversineCalculatorTest.php" line="147" class="Tests\Unit\Domain\Explore\HaversineCalculatorTest" classname="Tests.Unit.Domain.Explore.HaversineCalculatorTest" assertions="2" time="0.000116"/>
          <testcase name="test_property_triangle_inequality_holds with data set &quot;triplet_5&quot;" file="E:\coupony-backend\tests\Unit\Domain\Explore\HaversineCalculatorTest.php" line="147" class="Tests\Unit\Domain\Explore\HaversineCalculatorTest" classname="Tests.Unit.Domain.Explore.HaversineCalculatorTest" assertions="2" time="0.000124"/>
          <testcase name="test_property_triangle_inequality_holds with data set &quot;triplet_6&quot;" file="E:\coupony-backend\tests\Unit\Domain\Explore\HaversineCalculatorTest.php" line="147" class="Tests\Unit\Domain\Explore\HaversineCalculatorTest" classname="Tests.Unit.Domain.Explore.HaversineCalculatorTest" assertions="2" time="0.000118"/>
          <testcase name="test_property_triangle_inequality_holds with data set &quot;triplet_7&quot;" file="E:\coupony-backend\tests\Unit\Domain\Explore\HaversineCalculatorTest.php" line="147" class="Tests\Unit\Domain\Explore\HaversineCalculatorTest" classname="Tests.Unit.Domain.Explore.HaversineCalculatorTest" assertions="2" time="0.000115"/>
          <testcase name="test_property_triangle_inequality_holds with data set &quot;triplet_8&quot;" file="E:\coupony-backend\tests\Unit\Domain\Explore\HaversineCalculatorTest.php" line="147" class="Tests\Unit\Domain\Explore\HaversineCalculatorTest" classname="Tests.Unit.Domain.Explore.HaversineCalculatorTest" assertions="2" time="0.000114"/>
          <testcase name="test_property_triangle_inequality_holds with data set &quot;triplet_9&quot;" file="E:\coupony-backend\tests\Unit\Domain\Explore\HaversineCalculatorTest.php" line="147" class="Tests\Unit\Domain\Explore\HaversineCalculatorTest" classname="Tests.Unit.Domain.Explore.HaversineCalculatorTest" assertions="2" time="0.000116"/>
          <testcase name="test_property_triangle_inequality_holds with data set &quot;triplet_10&quot;" file="E:\coupony-backend\tests\Unit\Domain\Explore\HaversineCalculatorTest.php" line="147" class="Tests\Unit\Domain\Explore\HaversineCalculatorTest" classname="Tests.Unit.Domain.Explore.HaversineCalculatorTest" assertions="2" time="0.000114"/>
          <testcase name="test_property_triangle_inequality_holds with data set &quot;triplet_11&quot;" file="E:\coupony-backend\tests\Unit\Domain\Explore\HaversineCalculatorTest.php" line="147" class="Tests\Unit\Domain\Explore\HaversineCalculatorTest" classname="Tests.Unit.Domain.Explore.HaversineCalculatorTest" assertions="2" time="0.000115"/>
          <testcase name="test_property_triangle_inequality_holds with data set &quot;triplet_12&quot;" file="E:\coupony-backend\tests\Unit\Domain\Explore\HaversineCalculatorTest.php" line="147" class="Tests\Unit\Domain\Explore\HaversineCalculatorTest" classname="Tests.Unit.Domain.Explore.HaversineCalculatorTest" assertions="2" time="0.000116"/>
          <testcase name="test_property_triangle_inequality_holds with data set &quot;triplet_13&quot;" file="E:\coupony-backend\tests\Unit\Domain\Explore\HaversineCalculatorTest.php" line="147" class="Tests\Unit\Domain\Explore\HaversineCalculatorTest" classname="Tests.Unit.Domain.Explore.HaversineCalculatorTest" assertions="2" time="0.000114"/>
          <testcase name="test_property_triangle_inequality_holds with data set &quot;triplet_14&quot;" file="E:\coupony-backend\tests\Unit\Domain\Explore\HaversineCalculatorTest.php" line="147" class="Tests\Unit\Domain\Explore\HaversineCalculatorTest" classname="Tests.Unit.Domain.Explore.HaversineCalculatorTest" assertions="2" time="0.000114"/>
          <testcase name="test_property_triangle_inequality_holds with data set &quot;triplet_15&quot;" file="E:\coupony-backend\tests\Unit\Domain\Explore\HaversineCalculatorTest.php" line="147" class="Tests\Unit\Domain\Explore\HaversineCalculatorTest" classname="Tests.Unit.Domain.Explore.HaversineCalculatorTest" assertions="2" time="0.000124"/>
          <testcase name="test_property_triangle_inequality_holds with data set &quot;triplet_16&quot;" file="E:\coupony-backend\tests\Unit\Domain\Explore\HaversineCalculatorTest.php" line="147" class="Tests\Unit\Domain\Explore\HaversineCalculatorTest" classname="Tests.Unit.Domain.Explore.HaversineCalculatorTest" assertions="2" time="0.000116"/>
          <testcase name="test_property_triangle_inequality_holds with data set &quot;triplet_17&quot;" file="E:\coupony-backend\tests\Unit\Domain\Explore\HaversineCalculatorTest.php" line="147" class="Tests\Unit\Domain\Explore\HaversineCalculatorTest" classname="Tests.Unit.Domain.Explore.HaversineCalculatorTest" assertions="2" time="0.000114"/>
          <testcase name="test_property_triangle_inequality_holds with data set &quot;triplet_18&quot;" file="E:\coupony-backend\tests\Unit\Domain\Explore\HaversineCalculatorTest.php" line="147" class="Tests\Unit\Domain\Explore\HaversineCalculatorTest" classname="Tests.Unit.Domain.Explore.HaversineCalculatorTest" assertions="2" time="0.000123"/>
          <testcase name="test_property_triangle_inequality_holds with data set &quot;triplet_19&quot;" file="E:\coupony-backend\tests\Unit\Domain\Explore\HaversineCalculatorTest.php" line="147" class="Tests\Unit\Domain\Explore\HaversineCalculatorTest" classname="Tests.Unit.Domain.Explore.HaversineCalculatorTest" assertions="2" time="0.000116"/>
          <testcase name="test_property_triangle_inequality_holds with data set &quot;triplet_20&quot;" file="E:\coupony-backend\tests\Unit\Domain\Explore\HaversineCalculatorTest.php" line="147" class="Tests\Unit\Domain\Explore\HaversineCalculatorTest" classname="Tests.Unit.Domain.Explore.HaversineCalculatorTest" assertions="2" time="0.000115"/>
          <testcase name="test_property_triangle_inequality_holds with data set &quot;triplet_21&quot;" file="E:\coupony-backend\tests\Unit\Domain\Explore\HaversineCalculatorTest.php" line="147" class="Tests\Unit\Domain\Explore\HaversineCalculatorTest" classname="Tests.Unit.Domain.Explore.HaversineCalculatorTest" assertions="2" time="0.000113"/>
          <testcase name="test_property_triangle_inequality_holds with data set &quot;triplet_22&quot;" file="E:\coupony-backend\tests\Unit\Domain\Explore\HaversineCalculatorTest.php" line="147" class="Tests\Unit\Domain\Explore\HaversineCalculatorTest" classname="Tests.Unit.Domain.Explore.HaversineCalculatorTest" assertions="2" time="0.000113"/>
          <testcase name="test_property_triangle_inequality_holds with data set &quot;triplet_23&quot;" file="E:\coupony-backend\tests\Unit\Domain\Explore\HaversineCalculatorTest.php" line="147" class="Tests\Unit\Domain\Explore\HaversineCalculatorTest" classname="Tests.Unit.Domain.Explore.HaversineCalculatorTest" assertions="2" time="0.000114"/>
          <testcase name="test_property_triangle_inequality_holds with data set &quot;triplet_24&quot;" file="E:\coupony-backend\tests\Unit\Domain\Explore\HaversineCalculatorTest.php" line="147" class="Tests\Unit\Domain\Explore\HaversineCalculatorTest" classname="Tests.Unit.Domain.Explore.HaversineCalculatorTest" assertions="2" time="0.000113"/>
          <testcase name="test_property_triangle_inequality_holds with data set &quot;triplet_25&quot;" file="E:\coupony-backend\tests\Unit\Domain\Explore\HaversineCalculatorTest.php" line="147" class="Tests\Unit\Domain\Explore\HaversineCalculatorTest" classname="Tests.Unit.Domain.Explore.HaversineCalculatorTest" assertions="2" time="0.000112"/>
          <testcase name="test_property_triangle_inequality_holds with data set &quot;triplet_26&quot;" file="E:\coupony-backend\tests\Unit\Domain\Explore\HaversineCalculatorTest.php" line="147" class="Tests\Unit\Domain\Explore\HaversineCalculatorTest" classname="Tests.Unit.Domain.Explore.HaversineCalculatorTest" assertions="2" time="0.000114"/>
          <testcase name="test_property_triangle_inequality_holds with data set &quot;triplet_27&quot;" file="E:\coupony-backend\tests\Unit\Domain\Explore\HaversineCalculatorTest.php" line="147" class="Tests\Unit\Domain\Explore\HaversineCalculatorTest" classname="Tests.Unit.Domain.Explore.HaversineCalculatorTest" assertions="2" time="0.000113"/>
          <testcase name="test_property_triangle_inequality_holds with data set &quot;triplet_28&quot;" file="E:\coupony-backend\tests\Unit\Domain\Explore\HaversineCalculatorTest.php" line="147" class="Tests\Unit\Domain\Explore\HaversineCalculatorTest" classname="Tests.Unit.Domain.Explore.HaversineCalculatorTest" assertions="2" time="0.000113"/>
          <testcase name="test_property_triangle_inequality_holds with data set &quot;triplet_29&quot;" file="E:\coupony-backend\tests\Unit\Domain\Explore\HaversineCalculatorTest.php" line="147" class="Tests\Unit\Domain\Explore\HaversineCalculatorTest" classname="Tests.Unit.Domain.Explore.HaversineCalculatorTest" assertions="2" time="0.000113"/>
          <testcase name="test_property_triangle_inequality_holds with data set &quot;triplet_30&quot;" file="E:\coupony-backend\tests\Unit\Domain\Explore\HaversineCalculatorTest.php" line="147" class="Tests\Unit\Domain\Explore\HaversineCalculatorTest" classname="Tests.Unit.Domain.Explore.HaversineCalculatorTest" assertions="2" time="0.000130"/>
          <testcase name="test_property_triangle_inequality_holds with data set &quot;triplet_31&quot;" file="E:\coupony-backend\tests\Unit\Domain\Explore\HaversineCalculatorTest.php" line="147" class="Tests\Unit\Domain\Explore\HaversineCalculatorTest" classname="Tests.Unit.Domain.Explore.HaversineCalculatorTest" assertions="2" time="0.000116"/>
          <testcase name="test_property_triangle_inequality_holds with data set &quot;triplet_32&quot;" file="E:\coupony-backend\tests\Unit\Domain\Explore\HaversineCalculatorTest.php" line="147" class="Tests\Unit\Domain\Explore\HaversineCalculatorTest" classname="Tests.Unit.Domain.Explore.HaversineCalculatorTest" assertions="2" time="0.000116"/>
          <testcase name="test_property_triangle_inequality_holds with data set &quot;triplet_33&quot;" file="E:\coupony-backend\tests\Unit\Domain\Explore\HaversineCalculatorTest.php" line="147" class="Tests\Unit\Domain\Explore\HaversineCalculatorTest" classname="Tests.Unit.Domain.Explore.HaversineCalculatorTest" assertions="2" time="0.000114"/>
          <testcase name="test_property_triangle_inequality_holds with data set &quot;triplet_34&quot;" file="E:\coupony-backend\tests\Unit\Domain\Explore\HaversineCalculatorTest.php" line="147" class="Tests\Unit\Domain\Explore\HaversineCalculatorTest" classname="Tests.Unit.Domain.Explore.HaversineCalculatorTest" assertions="2" time="0.000120"/>
          <testcase name="test_property_triangle_inequality_holds with data set &quot;triplet_35&quot;" file="E:\coupony-backend\tests\Unit\Domain\Explore\HaversineCalculatorTest.php" line="147" class="Tests\Unit\Domain\Explore\HaversineCalculatorTest" classname="Tests.Unit.Domain.Explore.HaversineCalculatorTest" assertions="2" time="0.000220"/>
          <testcase name="test_property_triangle_inequality_holds with data set &quot;triplet_36&quot;" file="E:\coupony-backend\tests\Unit\Domain\Explore\HaversineCalculatorTest.php" line="147" class="Tests\Unit\Domain\Explore\HaversineCalculatorTest" classname="Tests.Unit.Domain.Explore.HaversineCalculatorTest" assertions="2" time="0.000133"/>
          <testcase name="test_property_triangle_inequality_holds with data set &quot;triplet_37&quot;" file="E:\coupony-backend\tests\Unit\Domain\Explore\HaversineCalculatorTest.php" line="147" class="Tests\Unit\Domain\Explore\HaversineCalculatorTest" classname="Tests.Unit.Domain.Explore.HaversineCalculatorTest" assertions="2" time="0.000119"/>
          <testcase name="test_property_triangle_inequality_holds with data set &quot;triplet_38&quot;" file="E:\coupony-backend\tests\Unit\Domain\Explore\HaversineCalculatorTest.php" line="147" class="Tests\Unit\Domain\Explore\HaversineCalculatorTest" classname="Tests.Unit.Domain.Explore.HaversineCalculatorTest" assertions="2" time="0.000116"/>
          <testcase name="test_property_triangle_inequality_holds with data set &quot;triplet_39&quot;" file="E:\coupony-backend\tests\Unit\Domain\Explore\HaversineCalculatorTest.php" line="147" class="Tests\Unit\Domain\Explore\HaversineCalculatorTest" classname="Tests.Unit.Domain.Explore.HaversineCalculatorTest" assertions="2" time="0.000116"/>
          <testcase name="test_property_triangle_inequality_holds with data set &quot;triplet_40&quot;" file="E:\coupony-backend\tests\Unit\Domain\Explore\HaversineCalculatorTest.php" line="147" class="Tests\Unit\Domain\Explore\HaversineCalculatorTest" classname="Tests.Unit.Domain.Explore.HaversineCalculatorTest" assertions="2" time="0.000160"/>
          <testcase name="test_property_triangle_inequality_holds with data set &quot;triplet_41&quot;" file="E:\coupony-backend\tests\Unit\Domain\Explore\HaversineCalculatorTest.php" line="147" class="Tests\Unit\Domain\Explore\HaversineCalculatorTest" classname="Tests.Unit.Domain.Explore.HaversineCalculatorTest" assertions="2" time="0.000204"/>
          <testcase name="test_property_triangle_inequality_holds with data set &quot;triplet_42&quot;" file="E:\coupony-backend\tests\Unit\Domain\Explore\HaversineCalculatorTest.php" line="147" class="Tests\Unit\Domain\Explore\HaversineCalculatorTest" classname="Tests.Unit.Domain.Explore.HaversineCalculatorTest" assertions="2" time="0.000182"/>
          <testcase name="test_property_triangle_inequality_holds with data set &quot;triplet_43&quot;" file="E:\coupony-backend\tests\Unit\Domain\Explore\HaversineCalculatorTest.php" line="147" class="Tests\Unit\Domain\Explore\HaversineCalculatorTest" classname="Tests.Unit.Domain.Explore.HaversineCalculatorTest" assertions="2" time="0.000129"/>
          <testcase name="test_property_triangle_inequality_holds with data set &quot;triplet_44&quot;" file="E:\coupony-backend\tests\Unit\Domain\Explore\HaversineCalculatorTest.php" line="147" class="Tests\Unit\Domain\Explore\HaversineCalculatorTest" classname="Tests.Unit.Domain.Explore.HaversineCalculatorTest" assertions="2" time="0.000156"/>
          <testcase name="test_property_triangle_inequality_holds with data set &quot;triplet_45&quot;" file="E:\coupony-backend\tests\Unit\Domain\Explore\HaversineCalculatorTest.php" line="147" class="Tests\Unit\Domain\Explore\HaversineCalculatorTest" classname="Tests.Unit.Domain.Explore.HaversineCalculatorTest" assertions="2" time="0.000164"/>
          <testcase name="test_property_triangle_inequality_holds with data set &quot;triplet_46&quot;" file="E:\coupony-backend\tests\Unit\Domain\Explore\HaversineCalculatorTest.php" line="147" class="Tests\Unit\Domain\Explore\HaversineCalculatorTest" classname="Tests.Unit.Domain.Explore.HaversineCalculatorTest" assertions="2" time="0.000137"/>
          <testcase name="test_property_triangle_inequality_holds with data set &quot;triplet_47&quot;" file="E:\coupony-backend\tests\Unit\Domain\Explore\HaversineCalculatorTest.php" line="147" class="Tests\Unit\Domain\Explore\HaversineCalculatorTest" classname="Tests.Unit.Domain.Explore.HaversineCalculatorTest" assertions="2" time="0.000122"/>
          <testcase name="test_property_triangle_inequality_holds with data set &quot;triplet_48&quot;" file="E:\coupony-backend\tests\Unit\Domain\Explore\HaversineCalculatorTest.php" line="147" class="Tests\Unit\Domain\Explore\HaversineCalculatorTest" classname="Tests.Unit.Domain.Explore.HaversineCalculatorTest" assertions="2" time="0.000117"/>
          <testcase name="test_property_triangle_inequality_holds with data set &quot;triplet_49&quot;" file="E:\coupony-backend\tests\Unit\Domain\Explore\HaversineCalculatorTest.php" line="147" class="Tests\Unit\Domain\Explore\HaversineCalculatorTest" classname="Tests.Unit.Domain.Explore.HaversineCalculatorTest" assertions="2" time="0.000116"/>
          <testcase name="test_property_triangle_inequality_holds with data set &quot;triplet_50&quot;" file="E:\coupony-backend\tests\Unit\Domain\Explore\HaversineCalculatorTest.php" line="147" class="Tests\Unit\Domain\Explore\HaversineCalculatorTest" classname="Tests.Unit.Domain.Explore.HaversineCalculatorTest" assertions="2" time="0.000116"/>
          <testcase name="test_property_triangle_inequality_holds with data set &quot;triplet_51&quot;" file="E:\coupony-backend\tests\Unit\Domain\Explore\HaversineCalculatorTest.php" line="147" class="Tests\Unit\Domain\Explore\HaversineCalculatorTest" classname="Tests.Unit.Domain.Explore.HaversineCalculatorTest" assertions="2" time="0.000115"/>
          <testcase name="test_property_triangle_inequality_holds with data set &quot;triplet_52&quot;" file="E:\coupony-backend\tests\Unit\Domain\Explore\HaversineCalculatorTest.php" line="147" class="Tests\Unit\Domain\Explore\HaversineCalculatorTest" classname="Tests.Unit.Domain.Explore.HaversineCalculatorTest" assertions="2" time="0.000116"/>
          <testcase name="test_property_triangle_inequality_holds with data set &quot;triplet_53&quot;" file="E:\coupony-backend\tests\Unit\Domain\Explore\HaversineCalculatorTest.php" line="147" class="Tests\Unit\Domain\Explore\HaversineCalculatorTest" classname="Tests.Unit.Domain.Explore.HaversineCalculatorTest" assertions="2" time="0.000114"/>
          <testcase name="test_property_triangle_inequality_holds with data set &quot;triplet_54&quot;" file="E:\coupony-backend\tests\Unit\Domain\Explore\HaversineCalculatorTest.php" line="147" class="Tests\Unit\Domain\Explore\HaversineCalculatorTest" classname="Tests.Unit.Domain.Explore.HaversineCalculatorTest" assertions="2" time="0.000128"/>
          <testcase name="test_property_triangle_inequality_holds with data set &quot;triplet_55&quot;" file="E:\coupony-backend\tests\Unit\Domain\Explore\HaversineCalculatorTest.php" line="147" class="Tests\Unit\Domain\Explore\HaversineCalculatorTest" classname="Tests.Unit.Domain.Explore.HaversineCalculatorTest" assertions="2" time="0.000115"/>
          <testcase name="test_property_triangle_inequality_holds with data set &quot;triplet_56&quot;" file="E:\coupony-backend\tests\Unit\Domain\Explore\HaversineCalculatorTest.php" line="147" class="Tests\Unit\Domain\Explore\HaversineCalculatorTest" classname="Tests.Unit.Domain.Explore.HaversineCalculatorTest" assertions="2" time="0.000115"/>
          <testcase name="test_property_triangle_inequality_holds with data set &quot;triplet_57&quot;" file="E:\coupony-backend\tests\Unit\Domain\Explore\HaversineCalculatorTest.php" line="147" class="Tests\Unit\Domain\Explore\HaversineCalculatorTest" classname="Tests.Unit.Domain.Explore.HaversineCalculatorTest" assertions="2" time="0.000115"/>
          <testcase name="test_property_triangle_inequality_holds with data set &quot;triplet_58&quot;" file="E:\coupony-backend\tests\Unit\Domain\Explore\HaversineCalculatorTest.php" line="147" class="Tests\Unit\Domain\Explore\HaversineCalculatorTest" classname="Tests.Unit.Domain.Explore.HaversineCalculatorTest" assertions="2" time="0.000115"/>
          <testcase name="test_property_triangle_inequality_holds with data set &quot;triplet_59&quot;" file="E:\coupony-backend\tests\Unit\Domain\Explore\HaversineCalculatorTest.php" line="147" class="Tests\Unit\Domain\Explore\HaversineCalculatorTest" classname="Tests.Unit.Domain.Explore.HaversineCalculatorTest" assertions="2" time="0.000114"/>
          <testcase name="test_property_triangle_inequality_holds with data set &quot;triplet_60&quot;" file="E:\coupony-backend\tests\Unit\Domain\Explore\HaversineCalculatorTest.php" line="147" class="Tests\Unit\Domain\Explore\HaversineCalculatorTest" classname="Tests.Unit.Domain.Explore.HaversineCalculatorTest" assertions="2" time="0.000114"/>
          <testcase name="test_property_triangle_inequality_holds with data set &quot;triplet_61&quot;" file="E:\coupony-backend\tests\Unit\Domain\Explore\HaversineCalculatorTest.php" line="147" class="Tests\Unit\Domain\Explore\HaversineCalculatorTest" classname="Tests.Unit.Domain.Explore.HaversineCalculatorTest" assertions="2" time="0.000114"/>
          <testcase name="test_property_triangle_inequality_holds with data set &quot;triplet_62&quot;" file="E:\coupony-backend\tests\Unit\Domain\Explore\HaversineCalculatorTest.php" line="147" class="Tests\Unit\Domain\Explore\HaversineCalculatorTest" classname="Tests.Unit.Domain.Explore.HaversineCalculatorTest" assertions="2" time="0.000113"/>
          <testcase name="test_property_triangle_inequality_holds with data set &quot;triplet_63&quot;" file="E:\coupony-backend\tests\Unit\Domain\Explore\HaversineCalculatorTest.php" line="147" class="Tests\Unit\Domain\Explore\HaversineCalculatorTest" classname="Tests.Unit.Domain.Explore.HaversineCalculatorTest" assertions="2" time="0.000112"/>
          <testcase name="test_property_triangle_inequality_holds with data set &quot;triplet_64&quot;" file="E:\coupony-backend\tests\Unit\Domain\Explore\HaversineCalculatorTest.php" line="147" class="Tests\Unit\Domain\Explore\HaversineCalculatorTest" classname="Tests.Unit.Domain.Explore.HaversineCalculatorTest" assertions="2" time="0.000112"/>
          <testcase name="test_property_triangle_inequality_holds with data set &quot;triplet_65&quot;" file="E:\coupony-backend\tests\Unit\Domain\Explore\HaversineCalculatorTest.php" line="147" class="Tests\Unit\Domain\Explore\HaversineCalculatorTest" classname="Tests.Unit.Domain.Explore.HaversineCalculatorTest" assertions="2" time="0.000113"/>
          <testcase name="test_property_triangle_inequality_holds with data set &quot;triplet_66&quot;" file="E:\coupony-backend\tests\Unit\Domain\Explore\HaversineCalculatorTest.php" line="147" class="Tests\Unit\Domain\Explore\HaversineCalculatorTest" classname="Tests.Unit.Domain.Explore.HaversineCalculatorTest" assertions="2" time="0.000113"/>
          <testcase name="test_property_triangle_inequality_holds with data set &quot;triplet_67&quot;" file="E:\coupony-backend\tests\Unit\Domain\Explore\HaversineCalculatorTest.php" line="147" class="Tests\Unit\Domain\Explore\HaversineCalculatorTest" classname="Tests.Unit.Domain.Explore.HaversineCalculatorTest" assertions="2" time="0.000120"/>
          <testcase name="test_property_triangle_inequality_holds with data set &quot;triplet_68&quot;" file="E:\coupony-backend\tests\Unit\Domain\Explore\HaversineCalculatorTest.php" line="147" class="Tests\Unit\Domain\Explore\HaversineCalculatorTest" classname="Tests.Unit.Domain.Explore.HaversineCalculatorTest" assertions="2" time="0.000116"/>
          <testcase name="test_property_triangle_inequality_holds with data set &quot;triplet_69&quot;" file="E:\coupony-backend\tests\Unit\Domain\Explore\HaversineCalculatorTest.php" line="147" class="Tests\Unit\Domain\Explore\HaversineCalculatorTest" classname="Tests.Unit.Domain.Explore.HaversineCalculatorTest" assertions="2" time="0.000112"/>
          <testcase name="test_property_triangle_inequality_holds with data set &quot;triplet_70&quot;" file="E:\coupony-backend\tests\Unit\Domain\Explore\HaversineCalculatorTest.php" line="147" class="Tests\Unit\Domain\Explore\HaversineCalculatorTest" classname="Tests.Unit.Domain.Explore.HaversineCalculatorTest" assertions="2" time="0.000114"/>
          <testcase name="test_property_triangle_inequality_holds with data set &quot;triplet_71&quot;" file="E:\coupony-backend\tests\Unit\Domain\Explore\HaversineCalculatorTest.php" line="147" class="Tests\Unit\Domain\Explore\HaversineCalculatorTest" classname="Tests.Unit.Domain.Explore.HaversineCalculatorTest" assertions="2" time="0.000113"/>
          <testcase name="test_property_triangle_inequality_holds with data set &quot;triplet_72&quot;" file="E:\coupony-backend\tests\Unit\Domain\Explore\HaversineCalculatorTest.php" line="147" class="Tests\Unit\Domain\Explore\HaversineCalculatorTest" classname="Tests.Unit.Domain.Explore.HaversineCalculatorTest" assertions="2" time="0.000114"/>
          <testcase name="test_property_triangle_inequality_holds with data set &quot;triplet_73&quot;" file="E:\coupony-backend\tests\Unit\Domain\Explore\HaversineCalculatorTest.php" line="147" class="Tests\Unit\Domain\Explore\HaversineCalculatorTest" classname="Tests.Unit.Domain.Explore.HaversineCalculatorTest" assertions="2" time="0.000114"/>
          <testcase name="test_property_triangle_inequality_holds with data set &quot;triplet_74&quot;" file="E:\coupony-backend\tests\Unit\Domain\Explore\HaversineCalculatorTest.php" line="147" class="Tests\Unit\Domain\Explore\HaversineCalculatorTest" classname="Tests.Unit.Domain.Explore.HaversineCalculatorTest" assertions="2" time="0.000113"/>
          <testcase name="test_property_triangle_inequality_holds with data set &quot;triplet_75&quot;" file="E:\coupony-backend\tests\Unit\Domain\Explore\HaversineCalculatorTest.php" line="147" class="Tests\Unit\Domain\Explore\HaversineCalculatorTest" classname="Tests.Unit.Domain.Explore.HaversineCalculatorTest" assertions="2" time="0.000113"/>
          <testcase name="test_property_triangle_inequality_holds with data set &quot;triplet_76&quot;" file="E:\coupony-backend\tests\Unit\Domain\Explore\HaversineCalculatorTest.php" line="147" class="Tests\Unit\Domain\Explore\HaversineCalculatorTest" classname="Tests.Unit.Domain.Explore.HaversineCalculatorTest" assertions="2" time="0.000114"/>
          <testcase name="test_property_triangle_inequality_holds with data set &quot;triplet_77&quot;" file="E:\coupony-backend\tests\Unit\Domain\Explore\HaversineCalculatorTest.php" line="147" class="Tests\Unit\Domain\Explore\HaversineCalculatorTest" classname="Tests.Unit.Domain.Explore.HaversineCalculatorTest" assertions="2" time="0.000113"/>
          <testcase name="test_property_triangle_inequality_holds with data set &quot;triplet_78&quot;" file="E:\coupony-backend\tests\Unit\Domain\Explore\HaversineCalculatorTest.php" line="147" class="Tests\Unit\Domain\Explore\HaversineCalculatorTest" classname="Tests.Unit.Domain.Explore.HaversineCalculatorTest" assertions="2" time="0.000112"/>
          <testcase name="test_property_triangle_inequality_holds with data set &quot;triplet_79&quot;" file="E:\coupony-backend\tests\Unit\Domain\Explore\HaversineCalculatorTest.php" line="147" class="Tests\Unit\Domain\Explore\HaversineCalculatorTest" classname="Tests.Unit.Domain.Explore.HaversineCalculatorTest" assertions="2" time="0.000113"/>
          <testcase name="test_property_triangle_inequality_holds with data set &quot;triplet_80&quot;" file="E:\coupony-backend\tests\Unit\Domain\Explore\HaversineCalculatorTest.php" line="147" class="Tests\Unit\Domain\Explore\HaversineCalculatorTest" classname="Tests.Unit.Domain.Explore.HaversineCalculatorTest" assertions="2" time="0.000113"/>
          <testcase name="test_property_triangle_inequality_holds with data set &quot;triplet_81&quot;" file="E:\coupony-backend\tests\Unit\Domain\Explore\HaversineCalculatorTest.php" line="147" class="Tests\Unit\Domain\Explore\HaversineCalculatorTest" classname="Tests.Unit.Domain.Explore.HaversineCalculatorTest" assertions="2" time="0.000117"/>
          <testcase name="test_property_triangle_inequality_holds with data set &quot;triplet_82&quot;" file="E:\coupony-backend\tests\Unit\Domain\Explore\HaversineCalculatorTest.php" line="147" class="Tests\Unit\Domain\Explore\HaversineCalculatorTest" classname="Tests.Unit.Domain.Explore.HaversineCalculatorTest" assertions="2" time="0.000114"/>
          <testcase name="test_property_triangle_inequality_holds with data set &quot;triplet_83&quot;" file="E:\coupony-backend\tests\Unit\Domain\Explore\HaversineCalculatorTest.php" line="147" class="Tests\Unit\Domain\Explore\HaversineCalculatorTest" classname="Tests.Unit.Domain.Explore.HaversineCalculatorTest" assertions="2" time="0.000114"/>
          <testcase name="test_property_triangle_inequality_holds with data set &quot;triplet_84&quot;" file="E:\coupony-backend\tests\Unit\Domain\Explore\HaversineCalculatorTest.php" line="147" class="Tests\Unit\Domain\Explore\HaversineCalculatorTest" classname="Tests.Unit.Domain.Explore.HaversineCalculatorTest" assertions="2" time="0.000114"/>
          <testcase name="test_property_triangle_inequality_holds with data set &quot;triplet_85&quot;" file="E:\coupony-backend\tests\Unit\Domain\Explore\HaversineCalculatorTest.php" line="147" class="Tests\Unit\Domain\Explore\HaversineCalculatorTest" classname="Tests.Unit.Domain.Explore.HaversineCalculatorTest" assertions="2" time="0.000114"/>
          <testcase name="test_property_triangle_inequality_holds with data set &quot;triplet_86&quot;" file="E:\coupony-backend\tests\Unit\Domain\Explore\HaversineCalculatorTest.php" line="147" class="Tests\Unit\Domain\Explore\HaversineCalculatorTest" classname="Tests.Unit.Domain.Explore.HaversineCalculatorTest" assertions="2" time="0.000129"/>
          <testcase name="test_property_triangle_inequality_holds with data set &quot;triplet_87&quot;" file="E:\coupony-backend\tests\Unit\Domain\Explore\HaversineCalculatorTest.php" line="147" class="Tests\Unit\Domain\Explore\HaversineCalculatorTest" classname="Tests.Unit.Domain.Explore.HaversineCalculatorTest" assertions="2" time="0.000118"/>
          <testcase name="test_property_triangle_inequality_holds with data set &quot;triplet_88&quot;" file="E:\coupony-backend\tests\Unit\Domain\Explore\HaversineCalculatorTest.php" line="147" class="Tests\Unit\Domain\Explore\HaversineCalculatorTest" classname="Tests.Unit.Domain.Explore.HaversineCalculatorTest" assertions="2" time="0.000115"/>
          <testcase name="test_property_triangle_inequality_holds with data set &quot;triplet_89&quot;" file="E:\coupony-backend\tests\Unit\Domain\Explore\HaversineCalculatorTest.php" line="147" class="Tests\Unit\Domain\Explore\HaversineCalculatorTest" classname="Tests.Unit.Domain.Explore.HaversineCalculatorTest" assertions="2" time="0.000115"/>
          <testcase name="test_property_triangle_inequality_holds with data set &quot;triplet_90&quot;" file="E:\coupony-backend\tests\Unit\Domain\Explore\HaversineCalculatorTest.php" line="147" class="Tests\Unit\Domain\Explore\HaversineCalculatorTest" classname="Tests.Unit.Domain.Explore.HaversineCalculatorTest" assertions="2" time="0.000116"/>
          <testcase name="test_property_triangle_inequality_holds with data set &quot;triplet_91&quot;" file="E:\coupony-backend\tests\Unit\Domain\Explore\HaversineCalculatorTest.php" line="147" class="Tests\Unit\Domain\Explore\HaversineCalculatorTest" classname="Tests.Unit.Domain.Explore.HaversineCalculatorTest" assertions="2" time="0.000115"/>
          <testcase name="test_property_triangle_inequality_holds with data set &quot;triplet_92&quot;" file="E:\coupony-backend\tests\Unit\Domain\Explore\HaversineCalculatorTest.php" line="147" class="Tests\Unit\Domain\Explore\HaversineCalculatorTest" classname="Tests.Unit.Domain.Explore.HaversineCalculatorTest" assertions="2" time="0.000114"/>
          <testcase name="test_property_triangle_inequality_holds with data set &quot;triplet_93&quot;" file="E:\coupony-backend\tests\Unit\Domain\Explore\HaversineCalculatorTest.php" line="147" class="Tests\Unit\Domain\Explore\HaversineCalculatorTest" classname="Tests.Unit.Domain.Explore.HaversineCalculatorTest" assertions="2" time="0.000113"/>
          <testcase name="test_property_triangle_inequality_holds with data set &quot;triplet_94&quot;" file="E:\coupony-backend\tests\Unit\Domain\Explore\HaversineCalculatorTest.php" line="147" class="Tests\Unit\Domain\Explore\HaversineCalculatorTest" classname="Tests.Unit.Domain.Explore.HaversineCalculatorTest" assertions="2" time="0.000116"/>
          <testcase name="test_property_triangle_inequality_holds with data set &quot;triplet_95&quot;" file="E:\coupony-backend\tests\Unit\Domain\Explore\HaversineCalculatorTest.php" line="147" class="Tests\Unit\Domain\Explore\HaversineCalculatorTest" classname="Tests.Unit.Domain.Explore.HaversineCalculatorTest" assertions="2" time="0.000113"/>
          <testcase name="test_property_triangle_inequality_holds with data set &quot;triplet_96&quot;" file="E:\coupony-backend\tests\Unit\Domain\Explore\HaversineCalculatorTest.php" line="147" class="Tests\Unit\Domain\Explore\HaversineCalculatorTest" classname="Tests.Unit.Domain.Explore.HaversineCalculatorTest" assertions="2" time="0.000114"/>
          <testcase name="test_property_triangle_inequality_holds with data set &quot;triplet_97&quot;" file="E:\coupony-backend\tests\Unit\Domain\Explore\HaversineCalculatorTest.php" line="147" class="Tests\Unit\Domain\Explore\HaversineCalculatorTest" classname="Tests.Unit.Domain.Explore.HaversineCalculatorTest" assertions="2" time="0.000114"/>
          <testcase name="test_property_triangle_inequality_holds with data set &quot;triplet_98&quot;" file="E:\coupony-backend\tests\Unit\Domain\Explore\HaversineCalculatorTest.php" line="147" class="Tests\Unit\Domain\Explore\HaversineCalculatorTest" classname="Tests.Unit.Domain.Explore.HaversineCalculatorTest" assertions="2" time="0.000115"/>
          <testcase name="test_property_triangle_inequality_holds with data set &quot;triplet_99&quot;" file="E:\coupony-backend\tests\Unit\Domain\Explore\HaversineCalculatorTest.php" line="147" class="Tests\Unit\Domain\Explore\HaversineCalculatorTest" classname="Tests.Unit.Domain.Explore.HaversineCalculatorTest" assertions="2" time="0.000115"/>
        </testsuite>
      </testsuite>
      <testsuite name="Tests\Unit\Domain\Explore\TrendingScoreCalculatorTest" file="E:\coupony-backend\tests\Unit\Domain\Explore\TrendingScoreCalculatorTest.php" tests="105" assertions="105" errors="0" failures="0" skipped="0" time="0.010033">
        <testcase name="test_calculate_with_known_values" file="E:\coupony-backend\tests\Unit\Domain\Explore\TrendingScoreCalculatorTest.php" line="13" class="Tests\Unit\Domain\Explore\TrendingScoreCalculatorTest" classname="Tests.Unit.Domain.Explore.TrendingScoreCalculatorTest" assertions="1" time="0.000480"/>
        <testcase name="test_calculate_with_all_zeros" file="E:\coupony-backend\tests\Unit\Domain\Explore\TrendingScoreCalculatorTest.php" line="26" class="Tests\Unit\Domain\Explore\TrendingScoreCalculatorTest" classname="Tests.Unit.Domain.Explore.TrendingScoreCalculatorTest" assertions="1" time="0.000121"/>
        <testcase name="test_calculate_returns_float" file="E:\coupony-backend\tests\Unit\Domain\Explore\TrendingScoreCalculatorTest.php" line="33" class="Tests\Unit\Domain\Explore\TrendingScoreCalculatorTest" classname="Tests.Unit.Domain.Explore.TrendingScoreCalculatorTest" assertions="1" time="0.000120"/>
        <testcase name="test_calculate_with_high_campaign_priority" file="E:\coupony-backend\tests\Unit\Domain\Explore\TrendingScoreCalculatorTest.php" line="40" class="Tests\Unit\Domain\Explore\TrendingScoreCalculatorTest" classname="Tests.Unit.Domain.Explore.TrendingScoreCalculatorTest" assertions="1" time="0.000067"/>
        <testcase name="test_calculate_with_max_recency_score" file="E:\coupony-backend\tests\Unit\Domain\Explore\TrendingScoreCalculatorTest.php" line="48" class="Tests\Unit\Domain\Explore\TrendingScoreCalculatorTest" classname="Tests.Unit.Domain.Explore.TrendingScoreCalculatorTest" assertions="1" time="0.000072"/>
        <testsuite name="Tests\Unit\Domain\Explore\TrendingScoreCalculatorTest::test_property_trending_score_calculation" tests="100" assertions="100" errors="0" failures="0" skipped="0" time="0.009174">
          <testcase name="test_property_trending_score_calculation with data set &quot;tuple_0&quot;" file="E:\coupony-backend\tests\Unit\Domain\Explore\TrendingScoreCalculatorTest.php" line="66" class="Tests\Unit\Domain\Explore\TrendingScoreCalculatorTest" classname="Tests.Unit.Domain.Explore.TrendingScoreCalculatorTest" assertions="1" time="0.000116"/>
          <testcase name="test_property_trending_score_calculation with data set &quot;tuple_1&quot;" file="E:\coupony-backend\tests\Unit\Domain\Explore\TrendingScoreCalculatorTest.php" line="66" class="Tests\Unit\Domain\Explore\TrendingScoreCalculatorTest" classname="Tests.Unit.Domain.Explore.TrendingScoreCalculatorTest" assertions="1" time="0.000102"/>
          <testcase name="test_property_trending_score_calculation with data set &quot;tuple_2&quot;" file="E:\coupony-backend\tests\Unit\Domain\Explore\TrendingScoreCalculatorTest.php" line="66" class="Tests\Unit\Domain\Explore\TrendingScoreCalculatorTest" classname="Tests.Unit.Domain.Explore.TrendingScoreCalculatorTest" assertions="1" time="0.000115"/>
          <testcase name="test_property_trending_score_calculation with data set &quot;tuple_3&quot;" file="E:\coupony-backend\tests\Unit\Domain\Explore\TrendingScoreCalculatorTest.php" line="66" class="Tests\Unit\Domain\Explore\TrendingScoreCalculatorTest" classname="Tests.Unit.Domain.Explore.TrendingScoreCalculatorTest" assertions="1" time="0.000145"/>
          <testcase name="test_property_trending_score_calculation with data set &quot;tuple_4&quot;" file="E:\coupony-backend\tests\Unit\Domain\Explore\TrendingScoreCalculatorTest.php" line="66" class="Tests\Unit\Domain\Explore\TrendingScoreCalculatorTest" classname="Tests.Unit.Domain.Explore.TrendingScoreCalculatorTest" assertions="1" time="0.000099"/>
          <testcase name="test_property_trending_score_calculation with data set &quot;tuple_5&quot;" file="E:\coupony-backend\tests\Unit\Domain\Explore\TrendingScoreCalculatorTest.php" line="66" class="Tests\Unit\Domain\Explore\TrendingScoreCalculatorTest" classname="Tests.Unit.Domain.Explore.TrendingScoreCalculatorTest" assertions="1" time="0.000102"/>
          <testcase name="test_property_trending_score_calculation with data set &quot;tuple_6&quot;" file="E:\coupony-backend\tests\Unit\Domain\Explore\TrendingScoreCalculatorTest.php" line="66" class="Tests\Unit\Domain\Explore\TrendingScoreCalculatorTest" classname="Tests.Unit.Domain.Explore.TrendingScoreCalculatorTest" assertions="1" time="0.000101"/>
          <testcase name="test_property_trending_score_calculation with data set &quot;tuple_7&quot;" file="E:\coupony-backend\tests\Unit\Domain\Explore\TrendingScoreCalculatorTest.php" line="66" class="Tests\Unit\Domain\Explore\TrendingScoreCalculatorTest" classname="Tests.Unit.Domain.Explore.TrendingScoreCalculatorTest" assertions="1" time="0.000099"/>
          <testcase name="test_property_trending_score_calculation with data set &quot;tuple_8&quot;" file="E:\coupony-backend\tests\Unit\Domain\Explore\TrendingScoreCalculatorTest.php" line="66" class="Tests\Unit\Domain\Explore\TrendingScoreCalculatorTest" classname="Tests.Unit.Domain.Explore.TrendingScoreCalculatorTest" assertions="1" time="0.000100"/>
          <testcase name="test_property_trending_score_calculation with data set &quot;tuple_9&quot;" file="E:\coupony-backend\tests\Unit\Domain\Explore\TrendingScoreCalculatorTest.php" line="66" class="Tests\Unit\Domain\Explore\TrendingScoreCalculatorTest" classname="Tests.Unit.Domain.Explore.TrendingScoreCalculatorTest" assertions="1" time="0.000109"/>
          <testcase name="test_property_trending_score_calculation with data set &quot;tuple_10&quot;" file="E:\coupony-backend\tests\Unit\Domain\Explore\TrendingScoreCalculatorTest.php" line="66" class="Tests\Unit\Domain\Explore\TrendingScoreCalculatorTest" classname="Tests.Unit.Domain.Explore.TrendingScoreCalculatorTest" assertions="1" time="0.000149"/>
          <testcase name="test_property_trending_score_calculation with data set &quot;tuple_11&quot;" file="E:\coupony-backend\tests\Unit\Domain\Explore\TrendingScoreCalculatorTest.php" line="66" class="Tests\Unit\Domain\Explore\TrendingScoreCalculatorTest" classname="Tests.Unit.Domain.Explore.TrendingScoreCalculatorTest" assertions="1" time="0.000100"/>
          <testcase name="test_property_trending_score_calculation with data set &quot;tuple_12&quot;" file="E:\coupony-backend\tests\Unit\Domain\Explore\TrendingScoreCalculatorTest.php" line="66" class="Tests\Unit\Domain\Explore\TrendingScoreCalculatorTest" classname="Tests.Unit.Domain.Explore.TrendingScoreCalculatorTest" assertions="1" time="0.000163"/>
          <testcase name="test_property_trending_score_calculation with data set &quot;tuple_13&quot;" file="E:\coupony-backend\tests\Unit\Domain\Explore\TrendingScoreCalculatorTest.php" line="66" class="Tests\Unit\Domain\Explore\TrendingScoreCalculatorTest" classname="Tests.Unit.Domain.Explore.TrendingScoreCalculatorTest" assertions="1" time="0.000164"/>
          <testcase name="test_property_trending_score_calculation with data set &quot;tuple_14&quot;" file="E:\coupony-backend\tests\Unit\Domain\Explore\TrendingScoreCalculatorTest.php" line="66" class="Tests\Unit\Domain\Explore\TrendingScoreCalculatorTest" classname="Tests.Unit.Domain.Explore.TrendingScoreCalculatorTest" assertions="1" time="0.000168"/>
          <testcase name="test_property_trending_score_calculation with data set &quot;tuple_15&quot;" file="E:\coupony-backend\tests\Unit\Domain\Explore\TrendingScoreCalculatorTest.php" line="66" class="Tests\Unit\Domain\Explore\TrendingScoreCalculatorTest" classname="Tests.Unit.Domain.Explore.TrendingScoreCalculatorTest" assertions="1" time="0.000177"/>
          <testcase name="test_property_trending_score_calculation with data set &quot;tuple_16&quot;" file="E:\coupony-backend\tests\Unit\Domain\Explore\TrendingScoreCalculatorTest.php" line="66" class="Tests\Unit\Domain\Explore\TrendingScoreCalculatorTest" classname="Tests.Unit.Domain.Explore.TrendingScoreCalculatorTest" assertions="1" time="0.000113"/>
          <testcase name="test_property_trending_score_calculation with data set &quot;tuple_17&quot;" file="E:\coupony-backend\tests\Unit\Domain\Explore\TrendingScoreCalculatorTest.php" line="66" class="Tests\Unit\Domain\Explore\TrendingScoreCalculatorTest" classname="Tests.Unit.Domain.Explore.TrendingScoreCalculatorTest" assertions="1" time="0.000091"/>
          <testcase name="test_property_trending_score_calculation with data set &quot;tuple_18&quot;" file="E:\coupony-backend\tests\Unit\Domain\Explore\TrendingScoreCalculatorTest.php" line="66" class="Tests\Unit\Domain\Explore\TrendingScoreCalculatorTest" classname="Tests.Unit.Domain.Explore.TrendingScoreCalculatorTest" assertions="1" time="0.000100"/>
          <testcase name="test_property_trending_score_calculation with data set &quot;tuple_19&quot;" file="E:\coupony-backend\tests\Unit\Domain\Explore\TrendingScoreCalculatorTest.php" line="66" class="Tests\Unit\Domain\Explore\TrendingScoreCalculatorTest" classname="Tests.Unit.Domain.Explore.TrendingScoreCalculatorTest" assertions="1" time="0.000088"/>
          <testcase name="test_property_trending_score_calculation with data set &quot;tuple_20&quot;" file="E:\coupony-backend\tests\Unit\Domain\Explore\TrendingScoreCalculatorTest.php" line="66" class="Tests\Unit\Domain\Explore\TrendingScoreCalculatorTest" classname="Tests.Unit.Domain.Explore.TrendingScoreCalculatorTest" assertions="1" time="0.000085"/>
          <testcase name="test_property_trending_score_calculation with data set &quot;tuple_21&quot;" file="E:\coupony-backend\tests\Unit\Domain\Explore\TrendingScoreCalculatorTest.php" line="66" class="Tests\Unit\Domain\Explore\TrendingScoreCalculatorTest" classname="Tests.Unit.Domain.Explore.TrendingScoreCalculatorTest" assertions="1" time="0.000087"/>
          <testcase name="test_property_trending_score_calculation with data set &quot;tuple_22&quot;" file="E:\coupony-backend\tests\Unit\Domain\Explore\TrendingScoreCalculatorTest.php" line="66" class="Tests\Unit\Domain\Explore\TrendingScoreCalculatorTest" classname="Tests.Unit.Domain.Explore.TrendingScoreCalculatorTest" assertions="1" time="0.000084"/>
          <testcase name="test_property_trending_score_calculation with data set &quot;tuple_23&quot;" file="E:\coupony-backend\tests\Unit\Domain\Explore\TrendingScoreCalculatorTest.php" line="66" class="Tests\Unit\Domain\Explore\TrendingScoreCalculatorTest" classname="Tests.Unit.Domain.Explore.TrendingScoreCalculatorTest" assertions="1" time="0.000082"/>
          <testcase name="test_property_trending_score_calculation with data set &quot;tuple_24&quot;" file="E:\coupony-backend\tests\Unit\Domain\Explore\TrendingScoreCalculatorTest.php" line="66" class="Tests\Unit\Domain\Explore\TrendingScoreCalculatorTest" classname="Tests.Unit.Domain.Explore.TrendingScoreCalculatorTest" assertions="1" time="0.000082"/>
          <testcase name="test_property_trending_score_calculation with data set &quot;tuple_25&quot;" file="E:\coupony-backend\tests\Unit\Domain\Explore\TrendingScoreCalculatorTest.php" line="66" class="Tests\Unit\Domain\Explore\TrendingScoreCalculatorTest" classname="Tests.Unit.Domain.Explore.TrendingScoreCalculatorTest" assertions="1" time="0.000100"/>
          <testcase name="test_property_trending_score_calculation with data set &quot;tuple_26&quot;" file="E:\coupony-backend\tests\Unit\Domain\Explore\TrendingScoreCalculatorTest.php" line="66" class="Tests\Unit\Domain\Explore\TrendingScoreCalculatorTest" classname="Tests.Unit.Domain.Explore.TrendingScoreCalculatorTest" assertions="1" time="0.000088"/>
          <testcase name="test_property_trending_score_calculation with data set &quot;tuple_27&quot;" file="E:\coupony-backend\tests\Unit\Domain\Explore\TrendingScoreCalculatorTest.php" line="66" class="Tests\Unit\Domain\Explore\TrendingScoreCalculatorTest" classname="Tests.Unit.Domain.Explore.TrendingScoreCalculatorTest" assertions="1" time="0.000084"/>
          <testcase name="test_property_trending_score_calculation with data set &quot;tuple_28&quot;" file="E:\coupony-backend\tests\Unit\Domain\Explore\TrendingScoreCalculatorTest.php" line="66" class="Tests\Unit\Domain\Explore\TrendingScoreCalculatorTest" classname="Tests.Unit.Domain.Explore.TrendingScoreCalculatorTest" assertions="1" time="0.000083"/>
          <testcase name="test_property_trending_score_calculation with data set &quot;tuple_29&quot;" file="E:\coupony-backend\tests\Unit\Domain\Explore\TrendingScoreCalculatorTest.php" line="66" class="Tests\Unit\Domain\Explore\TrendingScoreCalculatorTest" classname="Tests.Unit.Domain.Explore.TrendingScoreCalculatorTest" assertions="1" time="0.000082"/>
          <testcase name="test_property_trending_score_calculation with data set &quot;tuple_30&quot;" file="E:\coupony-backend\tests\Unit\Domain\Explore\TrendingScoreCalculatorTest.php" line="66" class="Tests\Unit\Domain\Explore\TrendingScoreCalculatorTest" classname="Tests.Unit.Domain.Explore.TrendingScoreCalculatorTest" assertions="1" time="0.000082"/>
          <testcase name="test_property_trending_score_calculation with data set &quot;tuple_31&quot;" file="E:\coupony-backend\tests\Unit\Domain\Explore\TrendingScoreCalculatorTest.php" line="66" class="Tests\Unit\Domain\Explore\TrendingScoreCalculatorTest" classname="Tests.Unit.Domain.Explore.TrendingScoreCalculatorTest" assertions="1" time="0.000082"/>
          <testcase name="test_property_trending_score_calculation with data set &quot;tuple_32&quot;" file="E:\coupony-backend\tests\Unit\Domain\Explore\TrendingScoreCalculatorTest.php" line="66" class="Tests\Unit\Domain\Explore\TrendingScoreCalculatorTest" classname="Tests.Unit.Domain.Explore.TrendingScoreCalculatorTest" assertions="1" time="0.000082"/>
          <testcase name="test_property_trending_score_calculation with data set &quot;tuple_33&quot;" file="E:\coupony-backend\tests\Unit\Domain\Explore\TrendingScoreCalculatorTest.php" line="66" class="Tests\Unit\Domain\Explore\TrendingScoreCalculatorTest" classname="Tests.Unit.Domain.Explore.TrendingScoreCalculatorTest" assertions="1" time="0.000081"/>
          <testcase name="test_property_trending_score_calculation with data set &quot;tuple_34&quot;" file="E:\coupony-backend\tests\Unit\Domain\Explore\TrendingScoreCalculatorTest.php" line="66" class="Tests\Unit\Domain\Explore\TrendingScoreCalculatorTest" classname="Tests.Unit.Domain.Explore.TrendingScoreCalculatorTest" assertions="1" time="0.000097"/>
          <testcase name="test_property_trending_score_calculation with data set &quot;tuple_35&quot;" file="E:\coupony-backend\tests\Unit\Domain\Explore\TrendingScoreCalculatorTest.php" line="66" class="Tests\Unit\Domain\Explore\TrendingScoreCalculatorTest" classname="Tests.Unit.Domain.Explore.TrendingScoreCalculatorTest" assertions="1" time="0.000084"/>
          <testcase name="test_property_trending_score_calculation with data set &quot;tuple_36&quot;" file="E:\coupony-backend\tests\Unit\Domain\Explore\TrendingScoreCalculatorTest.php" line="66" class="Tests\Unit\Domain\Explore\TrendingScoreCalculatorTest" classname="Tests.Unit.Domain.Explore.TrendingScoreCalculatorTest" assertions="1" time="0.000094"/>
          <testcase name="test_property_trending_score_calculation with data set &quot;tuple_37&quot;" file="E:\coupony-backend\tests\Unit\Domain\Explore\TrendingScoreCalculatorTest.php" line="66" class="Tests\Unit\Domain\Explore\TrendingScoreCalculatorTest" classname="Tests.Unit.Domain.Explore.TrendingScoreCalculatorTest" assertions="1" time="0.000086"/>
          <testcase name="test_property_trending_score_calculation with data set &quot;tuple_38&quot;" file="E:\coupony-backend\tests\Unit\Domain\Explore\TrendingScoreCalculatorTest.php" line="66" class="Tests\Unit\Domain\Explore\TrendingScoreCalculatorTest" classname="Tests.Unit.Domain.Explore.TrendingScoreCalculatorTest" assertions="1" time="0.000082"/>
          <testcase name="test_property_trending_score_calculation with data set &quot;tuple_39&quot;" file="E:\coupony-backend\tests\Unit\Domain\Explore\TrendingScoreCalculatorTest.php" line="66" class="Tests\Unit\Domain\Explore\TrendingScoreCalculatorTest" classname="Tests.Unit.Domain.Explore.TrendingScoreCalculatorTest" assertions="1" time="0.000082"/>
          <testcase name="test_property_trending_score_calculation with data set &quot;tuple_40&quot;" file="E:\coupony-backend\tests\Unit\Domain\Explore\TrendingScoreCalculatorTest.php" line="66" class="Tests\Unit\Domain\Explore\TrendingScoreCalculatorTest" classname="Tests.Unit.Domain.Explore.TrendingScoreCalculatorTest" assertions="1" time="0.000081"/>
          <testcase name="test_property_trending_score_calculation with data set &quot;tuple_41&quot;" file="E:\coupony-backend\tests\Unit\Domain\Explore\TrendingScoreCalculatorTest.php" line="66" class="Tests\Unit\Domain\Explore\TrendingScoreCalculatorTest" classname="Tests.Unit.Domain.Explore.TrendingScoreCalculatorTest" assertions="1" time="0.000082"/>
          <testcase name="test_property_trending_score_calculation with data set &quot;tuple_42&quot;" file="E:\coupony-backend\tests\Unit\Domain\Explore\TrendingScoreCalculatorTest.php" line="66" class="Tests\Unit\Domain\Explore\TrendingScoreCalculatorTest" classname="Tests.Unit.Domain.Explore.TrendingScoreCalculatorTest" assertions="1" time="0.000081"/>
          <testcase name="test_property_trending_score_calculation with data set &quot;tuple_43&quot;" file="E:\coupony-backend\tests\Unit\Domain\Explore\TrendingScoreCalculatorTest.php" line="66" class="Tests\Unit\Domain\Explore\TrendingScoreCalculatorTest" classname="Tests.Unit.Domain.Explore.TrendingScoreCalculatorTest" assertions="1" time="0.000080"/>
          <testcase name="test_property_trending_score_calculation with data set &quot;tuple_44&quot;" file="E:\coupony-backend\tests\Unit\Domain\Explore\TrendingScoreCalculatorTest.php" line="66" class="Tests\Unit\Domain\Explore\TrendingScoreCalculatorTest" classname="Tests.Unit.Domain.Explore.TrendingScoreCalculatorTest" assertions="1" time="0.000081"/>
          <testcase name="test_property_trending_score_calculation with data set &quot;tuple_45&quot;" file="E:\coupony-backend\tests\Unit\Domain\Explore\TrendingScoreCalculatorTest.php" line="66" class="Tests\Unit\Domain\Explore\TrendingScoreCalculatorTest" classname="Tests.Unit.Domain.Explore.TrendingScoreCalculatorTest" assertions="1" time="0.000082"/>
          <testcase name="test_property_trending_score_calculation with data set &quot;tuple_46&quot;" file="E:\coupony-backend\tests\Unit\Domain\Explore\TrendingScoreCalculatorTest.php" line="66" class="Tests\Unit\Domain\Explore\TrendingScoreCalculatorTest" classname="Tests.Unit.Domain.Explore.TrendingScoreCalculatorTest" assertions="1" time="0.000081"/>
          <testcase name="test_property_trending_score_calculation with data set &quot;tuple_47&quot;" file="E:\coupony-backend\tests\Unit\Domain\Explore\TrendingScoreCalculatorTest.php" line="66" class="Tests\Unit\Domain\Explore\TrendingScoreCalculatorTest" classname="Tests.Unit.Domain.Explore.TrendingScoreCalculatorTest" assertions="1" time="0.000081"/>
          <testcase name="test_property_trending_score_calculation with data set &quot;tuple_48&quot;" file="E:\coupony-backend\tests\Unit\Domain\Explore\TrendingScoreCalculatorTest.php" line="66" class="Tests\Unit\Domain\Explore\TrendingScoreCalculatorTest" classname="Tests.Unit.Domain.Explore.TrendingScoreCalculatorTest" assertions="1" time="0.000081"/>
          <testcase name="test_property_trending_score_calculation with data set &quot;tuple_49&quot;" file="E:\coupony-backend\tests\Unit\Domain\Explore\TrendingScoreCalculatorTest.php" line="66" class="Tests\Unit\Domain\Explore\TrendingScoreCalculatorTest" classname="Tests.Unit.Domain.Explore.TrendingScoreCalculatorTest" assertions="1" time="0.000080"/>
          <testcase name="test_property_trending_score_calculation with data set &quot;tuple_50&quot;" file="E:\coupony-backend\tests\Unit\Domain\Explore\TrendingScoreCalculatorTest.php" line="66" class="Tests\Unit\Domain\Explore\TrendingScoreCalculatorTest" classname="Tests.Unit.Domain.Explore.TrendingScoreCalculatorTest" assertions="1" time="0.000081"/>
          <testcase name="test_property_trending_score_calculation with data set &quot;tuple_51&quot;" file="E:\coupony-backend\tests\Unit\Domain\Explore\TrendingScoreCalculatorTest.php" line="66" class="Tests\Unit\Domain\Explore\TrendingScoreCalculatorTest" classname="Tests.Unit.Domain.Explore.TrendingScoreCalculatorTest" assertions="1" time="0.000081"/>
          <testcase name="test_property_trending_score_calculation with data set &quot;tuple_52&quot;" file="E:\coupony-backend\tests\Unit\Domain\Explore\TrendingScoreCalculatorTest.php" line="66" class="Tests\Unit\Domain\Explore\TrendingScoreCalculatorTest" classname="Tests.Unit.Domain.Explore.TrendingScoreCalculatorTest" assertions="1" time="0.000081"/>
          <testcase name="test_property_trending_score_calculation with data set &quot;tuple_53&quot;" file="E:\coupony-backend\tests\Unit\Domain\Explore\TrendingScoreCalculatorTest.php" line="66" class="Tests\Unit\Domain\Explore\TrendingScoreCalculatorTest" classname="Tests.Unit.Domain.Explore.TrendingScoreCalculatorTest" assertions="1" time="0.000091"/>
          <testcase name="test_property_trending_score_calculation with data set &quot;tuple_54&quot;" file="E:\coupony-backend\tests\Unit\Domain\Explore\TrendingScoreCalculatorTest.php" line="66" class="Tests\Unit\Domain\Explore\TrendingScoreCalculatorTest" classname="Tests.Unit.Domain.Explore.TrendingScoreCalculatorTest" assertions="1" time="0.000082"/>
          <testcase name="test_property_trending_score_calculation with data set &quot;tuple_55&quot;" file="E:\coupony-backend\tests\Unit\Domain\Explore\TrendingScoreCalculatorTest.php" line="66" class="Tests\Unit\Domain\Explore\TrendingScoreCalculatorTest" classname="Tests.Unit.Domain.Explore.TrendingScoreCalculatorTest" assertions="1" time="0.000081"/>
          <testcase name="test_property_trending_score_calculation with data set &quot;tuple_56&quot;" file="E:\coupony-backend\tests\Unit\Domain\Explore\TrendingScoreCalculatorTest.php" line="66" class="Tests\Unit\Domain\Explore\TrendingScoreCalculatorTest" classname="Tests.Unit.Domain.Explore.TrendingScoreCalculatorTest" assertions="1" time="0.000114"/>
          <testcase name="test_property_trending_score_calculation with data set &quot;tuple_57&quot;" file="E:\coupony-backend\tests\Unit\Domain\Explore\TrendingScoreCalculatorTest.php" line="66" class="Tests\Unit\Domain\Explore\TrendingScoreCalculatorTest" classname="Tests.Unit.Domain.Explore.TrendingScoreCalculatorTest" assertions="1" time="0.000092"/>
          <testcase name="test_property_trending_score_calculation with data set &quot;tuple_58&quot;" file="E:\coupony-backend\tests\Unit\Domain\Explore\TrendingScoreCalculatorTest.php" line="66" class="Tests\Unit\Domain\Explore\TrendingScoreCalculatorTest" classname="Tests.Unit.Domain.Explore.TrendingScoreCalculatorTest" assertions="1" time="0.000084"/>
          <testcase name="test_property_trending_score_calculation with data set &quot;tuple_59&quot;" file="E:\coupony-backend\tests\Unit\Domain\Explore\TrendingScoreCalculatorTest.php" line="66" class="Tests\Unit\Domain\Explore\TrendingScoreCalculatorTest" classname="Tests.Unit.Domain.Explore.TrendingScoreCalculatorTest" assertions="1" time="0.000082"/>
          <testcase name="test_property_trending_score_calculation with data set &quot;tuple_60&quot;" file="E:\coupony-backend\tests\Unit\Domain\Explore\TrendingScoreCalculatorTest.php" line="66" class="Tests\Unit\Domain\Explore\TrendingScoreCalculatorTest" classname="Tests.Unit.Domain.Explore.TrendingScoreCalculatorTest" assertions="1" time="0.000081"/>
          <testcase name="test_property_trending_score_calculation with data set &quot;tuple_61&quot;" file="E:\coupony-backend\tests\Unit\Domain\Explore\TrendingScoreCalculatorTest.php" line="66" class="Tests\Unit\Domain\Explore\TrendingScoreCalculatorTest" classname="Tests.Unit.Domain.Explore.TrendingScoreCalculatorTest" assertions="1" time="0.000081"/>
          <testcase name="test_property_trending_score_calculation with data set &quot;tuple_62&quot;" file="E:\coupony-backend\tests\Unit\Domain\Explore\TrendingScoreCalculatorTest.php" line="66" class="Tests\Unit\Domain\Explore\TrendingScoreCalculatorTest" classname="Tests.Unit.Domain.Explore.TrendingScoreCalculatorTest" assertions="1" time="0.000081"/>
          <testcase name="test_property_trending_score_calculation with data set &quot;tuple_63&quot;" file="E:\coupony-backend\tests\Unit\Domain\Explore\TrendingScoreCalculatorTest.php" line="66" class="Tests\Unit\Domain\Explore\TrendingScoreCalculatorTest" classname="Tests.Unit.Domain.Explore.TrendingScoreCalculatorTest" assertions="1" time="0.000081"/>
          <testcase name="test_property_trending_score_calculation with data set &quot;tuple_64&quot;" file="E:\coupony-backend\tests\Unit\Domain\Explore\TrendingScoreCalculatorTest.php" line="66" class="Tests\Unit\Domain\Explore\TrendingScoreCalculatorTest" classname="Tests.Unit.Domain.Explore.TrendingScoreCalculatorTest" assertions="1" time="0.000081"/>
          <testcase name="test_property_trending_score_calculation with data set &quot;tuple_65&quot;" file="E:\coupony-backend\tests\Unit\Domain\Explore\TrendingScoreCalculatorTest.php" line="66" class="Tests\Unit\Domain\Explore\TrendingScoreCalculatorTest" classname="Tests.Unit.Domain.Explore.TrendingScoreCalculatorTest" assertions="1" time="0.000082"/>
          <testcase name="test_property_trending_score_calculation with data set &quot;tuple_66&quot;" file="E:\coupony-backend\tests\Unit\Domain\Explore\TrendingScoreCalculatorTest.php" line="66" class="Tests\Unit\Domain\Explore\TrendingScoreCalculatorTest" classname="Tests.Unit.Domain.Explore.TrendingScoreCalculatorTest" assertions="1" time="0.000081"/>
          <testcase name="test_property_trending_score_calculation with data set &quot;tuple_67&quot;" file="E:\coupony-backend\tests\Unit\Domain\Explore\TrendingScoreCalculatorTest.php" line="66" class="Tests\Unit\Domain\Explore\TrendingScoreCalculatorTest" classname="Tests.Unit.Domain.Explore.TrendingScoreCalculatorTest" assertions="1" time="0.000081"/>
          <testcase name="test_property_trending_score_calculation with data set &quot;tuple_68&quot;" file="E:\coupony-backend\tests\Unit\Domain\Explore\TrendingScoreCalculatorTest.php" line="66" class="Tests\Unit\Domain\Explore\TrendingScoreCalculatorTest" classname="Tests.Unit.Domain.Explore.TrendingScoreCalculatorTest" assertions="1" time="0.000081"/>
          <testcase name="test_property_trending_score_calculation with data set &quot;tuple_69&quot;" file="E:\coupony-backend\tests\Unit\Domain\Explore\TrendingScoreCalculatorTest.php" line="66" class="Tests\Unit\Domain\Explore\TrendingScoreCalculatorTest" classname="Tests.Unit.Domain.Explore.TrendingScoreCalculatorTest" assertions="1" time="0.000082"/>
          <testcase name="test_property_trending_score_calculation with data set &quot;tuple_70&quot;" file="E:\coupony-backend\tests\Unit\Domain\Explore\TrendingScoreCalculatorTest.php" line="66" class="Tests\Unit\Domain\Explore\TrendingScoreCalculatorTest" classname="Tests.Unit.Domain.Explore.TrendingScoreCalculatorTest" assertions="1" time="0.000122"/>
          <testcase name="test_property_trending_score_calculation with data set &quot;tuple_71&quot;" file="E:\coupony-backend\tests\Unit\Domain\Explore\TrendingScoreCalculatorTest.php" line="66" class="Tests\Unit\Domain\Explore\TrendingScoreCalculatorTest" classname="Tests.Unit.Domain.Explore.TrendingScoreCalculatorTest" assertions="1" time="0.000087"/>
          <testcase name="test_property_trending_score_calculation with data set &quot;tuple_72&quot;" file="E:\coupony-backend\tests\Unit\Domain\Explore\TrendingScoreCalculatorTest.php" line="66" class="Tests\Unit\Domain\Explore\TrendingScoreCalculatorTest" classname="Tests.Unit.Domain.Explore.TrendingScoreCalculatorTest" assertions="1" time="0.000083"/>
          <testcase name="test_property_trending_score_calculation with data set &quot;tuple_73&quot;" file="E:\coupony-backend\tests\Unit\Domain\Explore\TrendingScoreCalculatorTest.php" line="66" class="Tests\Unit\Domain\Explore\TrendingScoreCalculatorTest" classname="Tests.Unit.Domain.Explore.TrendingScoreCalculatorTest" assertions="1" time="0.000082"/>
          <testcase name="test_property_trending_score_calculation with data set &quot;tuple_74&quot;" file="E:\coupony-backend\tests\Unit\Domain\Explore\TrendingScoreCalculatorTest.php" line="66" class="Tests\Unit\Domain\Explore\TrendingScoreCalculatorTest" classname="Tests.Unit.Domain.Explore.TrendingScoreCalculatorTest" assertions="1" time="0.000082"/>
          <testcase name="test_property_trending_score_calculation with data set &quot;tuple_75&quot;" file="E:\coupony-backend\tests\Unit\Domain\Explore\TrendingScoreCalculatorTest.php" line="66" class="Tests\Unit\Domain\Explore\TrendingScoreCalculatorTest" classname="Tests.Unit.Domain.Explore.TrendingScoreCalculatorTest" assertions="1" time="0.000130"/>
          <testcase name="test_property_trending_score_calculation with data set &quot;tuple_76&quot;" file="E:\coupony-backend\tests\Unit\Domain\Explore\TrendingScoreCalculatorTest.php" line="66" class="Tests\Unit\Domain\Explore\TrendingScoreCalculatorTest" classname="Tests.Unit.Domain.Explore.TrendingScoreCalculatorTest" assertions="1" time="0.000083"/>
          <testcase name="test_property_trending_score_calculation with data set &quot;tuple_77&quot;" file="E:\coupony-backend\tests\Unit\Domain\Explore\TrendingScoreCalculatorTest.php" line="66" class="Tests\Unit\Domain\Explore\TrendingScoreCalculatorTest" classname="Tests.Unit.Domain.Explore.TrendingScoreCalculatorTest" assertions="1" time="0.000081"/>
          <testcase name="test_property_trending_score_calculation with data set &quot;tuple_78&quot;" file="E:\coupony-backend\tests\Unit\Domain\Explore\TrendingScoreCalculatorTest.php" line="66" class="Tests\Unit\Domain\Explore\TrendingScoreCalculatorTest" classname="Tests.Unit.Domain.Explore.TrendingScoreCalculatorTest" assertions="1" time="0.000081"/>
          <testcase name="test_property_trending_score_calculation with data set &quot;tuple_79&quot;" file="E:\coupony-backend\tests\Unit\Domain\Explore\TrendingScoreCalculatorTest.php" line="66" class="Tests\Unit\Domain\Explore\TrendingScoreCalculatorTest" classname="Tests.Unit.Domain.Explore.TrendingScoreCalculatorTest" assertions="1" time="0.000082"/>
          <testcase name="test_property_trending_score_calculation with data set &quot;tuple_80&quot;" file="E:\coupony-backend\tests\Unit\Domain\Explore\TrendingScoreCalculatorTest.php" line="66" class="Tests\Unit\Domain\Explore\TrendingScoreCalculatorTest" classname="Tests.Unit.Domain.Explore.TrendingScoreCalculatorTest" assertions="1" time="0.000081"/>
          <testcase name="test_property_trending_score_calculation with data set &quot;tuple_81&quot;" file="E:\coupony-backend\tests\Unit\Domain\Explore\TrendingScoreCalculatorTest.php" line="66" class="Tests\Unit\Domain\Explore\TrendingScoreCalculatorTest" classname="Tests.Unit.Domain.Explore.TrendingScoreCalculatorTest" assertions="1" time="0.000081"/>
          <testcase name="test_property_trending_score_calculation with data set &quot;tuple_82&quot;" file="E:\coupony-backend\tests\Unit\Domain\Explore\TrendingScoreCalculatorTest.php" line="66" class="Tests\Unit\Domain\Explore\TrendingScoreCalculatorTest" classname="Tests.Unit.Domain.Explore.TrendingScoreCalculatorTest" assertions="1" time="0.000081"/>
          <testcase name="test_property_trending_score_calculation with data set &quot;tuple_83&quot;" file="E:\coupony-backend\tests\Unit\Domain\Explore\TrendingScoreCalculatorTest.php" line="66" class="Tests\Unit\Domain\Explore\TrendingScoreCalculatorTest" classname="Tests.Unit.Domain.Explore.TrendingScoreCalculatorTest" assertions="1" time="0.000081"/>
          <testcase name="test_property_trending_score_calculation with data set &quot;tuple_84&quot;" file="E:\coupony-backend\tests\Unit\Domain\Explore\TrendingScoreCalculatorTest.php" line="66" class="Tests\Unit\Domain\Explore\TrendingScoreCalculatorTest" classname="Tests.Unit.Domain.Explore.TrendingScoreCalculatorTest" assertions="1" time="0.000080"/>
          <testcase name="test_property_trending_score_calculation with data set &quot;tuple_85&quot;" file="E:\coupony-backend\tests\Unit\Domain\Explore\TrendingScoreCalculatorTest.php" line="66" class="Tests\Unit\Domain\Explore\TrendingScoreCalculatorTest" classname="Tests.Unit.Domain.Explore.TrendingScoreCalculatorTest" assertions="1" time="0.000080"/>
          <testcase name="test_property_trending_score_calculation with data set &quot;tuple_86&quot;" file="E:\coupony-backend\tests\Unit\Domain\Explore\TrendingScoreCalculatorTest.php" line="66" class="Tests\Unit\Domain\Explore\TrendingScoreCalculatorTest" classname="Tests.Unit.Domain.Explore.TrendingScoreCalculatorTest" assertions="1" time="0.000080"/>
          <testcase name="test_property_trending_score_calculation with data set &quot;tuple_87&quot;" file="E:\coupony-backend\tests\Unit\Domain\Explore\TrendingScoreCalculatorTest.php" line="66" class="Tests\Unit\Domain\Explore\TrendingScoreCalculatorTest" classname="Tests.Unit.Domain.Explore.TrendingScoreCalculatorTest" assertions="1" time="0.000085"/>
          <testcase name="test_property_trending_score_calculation with data set &quot;tuple_88&quot;" file="E:\coupony-backend\tests\Unit\Domain\Explore\TrendingScoreCalculatorTest.php" line="66" class="Tests\Unit\Domain\Explore\TrendingScoreCalculatorTest" classname="Tests.Unit.Domain.Explore.TrendingScoreCalculatorTest" assertions="1" time="0.000085"/>
          <testcase name="test_property_trending_score_calculation with data set &quot;tuple_89&quot;" file="E:\coupony-backend\tests\Unit\Domain\Explore\TrendingScoreCalculatorTest.php" line="66" class="Tests\Unit\Domain\Explore\TrendingScoreCalculatorTest" classname="Tests.Unit.Domain.Explore.TrendingScoreCalculatorTest" assertions="1" time="0.000081"/>
          <testcase name="test_property_trending_score_calculation with data set &quot;tuple_90&quot;" file="E:\coupony-backend\tests\Unit\Domain\Explore\TrendingScoreCalculatorTest.php" line="66" class="Tests\Unit\Domain\Explore\TrendingScoreCalculatorTest" classname="Tests.Unit.Domain.Explore.TrendingScoreCalculatorTest" assertions="1" time="0.000081"/>
          <testcase name="test_property_trending_score_calculation with data set &quot;tuple_91&quot;" file="E:\coupony-backend\tests\Unit\Domain\Explore\TrendingScoreCalculatorTest.php" line="66" class="Tests\Unit\Domain\Explore\TrendingScoreCalculatorTest" classname="Tests.Unit.Domain.Explore.TrendingScoreCalculatorTest" assertions="1" time="0.000081"/>
          <testcase name="test_property_trending_score_calculation with data set &quot;tuple_92&quot;" file="E:\coupony-backend\tests\Unit\Domain\Explore\TrendingScoreCalculatorTest.php" line="66" class="Tests\Unit\Domain\Explore\TrendingScoreCalculatorTest" classname="Tests.Unit.Domain.Explore.TrendingScoreCalculatorTest" assertions="1" time="0.000080"/>
          <testcase name="test_property_trending_score_calculation with data set &quot;tuple_93&quot;" file="E:\coupony-backend\tests\Unit\Domain\Explore\TrendingScoreCalculatorTest.php" line="66" class="Tests\Unit\Domain\Explore\TrendingScoreCalculatorTest" classname="Tests.Unit.Domain.Explore.TrendingScoreCalculatorTest" assertions="1" time="0.000080"/>
          <testcase name="test_property_trending_score_calculation with data set &quot;tuple_94&quot;" file="E:\coupony-backend\tests\Unit\Domain\Explore\TrendingScoreCalculatorTest.php" line="66" class="Tests\Unit\Domain\Explore\TrendingScoreCalculatorTest" classname="Tests.Unit.Domain.Explore.TrendingScoreCalculatorTest" assertions="1" time="0.000080"/>
          <testcase name="test_property_trending_score_calculation with data set &quot;tuple_95&quot;" file="E:\coupony-backend\tests\Unit\Domain\Explore\TrendingScoreCalculatorTest.php" line="66" class="Tests\Unit\Domain\Explore\TrendingScoreCalculatorTest" classname="Tests.Unit.Domain.Explore.TrendingScoreCalculatorTest" assertions="1" time="0.000079"/>
          <testcase name="test_property_trending_score_calculation with data set &quot;tuple_96&quot;" file="E:\coupony-backend\tests\Unit\Domain\Explore\TrendingScoreCalculatorTest.php" line="66" class="Tests\Unit\Domain\Explore\TrendingScoreCalculatorTest" classname="Tests.Unit.Domain.Explore.TrendingScoreCalculatorTest" assertions="1" time="0.000080"/>
          <testcase name="test_property_trending_score_calculation with data set &quot;tuple_97&quot;" file="E:\coupony-backend\tests\Unit\Domain\Explore\TrendingScoreCalculatorTest.php" line="66" class="Tests\Unit\Domain\Explore\TrendingScoreCalculatorTest" classname="Tests.Unit.Domain.Explore.TrendingScoreCalculatorTest" assertions="1" time="0.000080"/>
          <testcase name="test_property_trending_score_calculation with data set &quot;tuple_98&quot;" file="E:\coupony-backend\tests\Unit\Domain\Explore\TrendingScoreCalculatorTest.php" line="66" class="Tests\Unit\Domain\Explore\TrendingScoreCalculatorTest" classname="Tests.Unit.Domain.Explore.TrendingScoreCalculatorTest" assertions="1" time="0.000080"/>
          <testcase name="test_property_trending_score_calculation with data set &quot;tuple_99&quot;" file="E:\coupony-backend\tests\Unit\Domain\Explore\TrendingScoreCalculatorTest.php" line="66" class="Tests\Unit\Domain\Explore\TrendingScoreCalculatorTest" classname="Tests.Unit.Domain.Explore.TrendingScoreCalculatorTest" assertions="1" time="0.000126"/>
        </testsuite>
      </testsuite>
      <testsuite name="Tests\Unit\EntitlementServiceTest" file="E:\coupony-backend\tests\Unit\EntitlementServiceTest.php" tests="10" assertions="39" errors="0" failures="0" skipped="0" time="0.331229">
        <testcase name="test_get_entitlements_returns_zero_limits_when_no_subscription" file="E:\coupony-backend\tests\Unit\EntitlementServiceTest.php" line="28" class="Tests\Unit\EntitlementServiceTest" classname="Tests.Unit.EntitlementServiceTest" assertions="5" time="0.034199"/>
        <testcase name="test_get_entitlements_returns_plan_limits_and_usage" file="E:\coupony-backend\tests\Unit\EntitlementServiceTest.php" line="41" class="Tests\Unit\EntitlementServiceTest" classname="Tests.Unit.EntitlementServiceTest" assertions="8" time="0.035696"/>
        <testcase name="test_check_limit_returns_true_when_under_limit" file="E:\coupony-backend\tests\Unit\EntitlementServiceTest.php" line="82" class="Tests\Unit\EntitlementServiceTest" classname="Tests.Unit.EntitlementServiceTest" assertions="3" time="0.035051"/>
        <testcase name="test_check_limit_returns_false_when_no_subscription" file="E:\coupony-backend\tests\Unit\EntitlementServiceTest.php" line="116" class="Tests\Unit\EntitlementServiceTest" classname="Tests.Unit.EntitlementServiceTest" assertions="3" time="0.033525"/>
        <testcase name="test_check_limit_returns_false_for_unknown_resource_type" file="E:\coupony-backend\tests\Unit\EntitlementServiceTest.php" line="125" class="Tests\Unit\EntitlementServiceTest" classname="Tests.Unit.EntitlementServiceTest" assertions="1" time="0.034898"/>
        <testcase name="test_check_feature_access_returns_true_when_feature_enabled" file="E:\coupony-backend\tests\Unit\EntitlementServiceTest.php" line="157" class="Tests\Unit\EntitlementServiceTest" classname="Tests.Unit.EntitlementServiceTest" assertions="4" time="0.034555"/>
        <testcase name="test_check_feature_access_returns_false_when_no_subscription" file="E:\coupony-backend\tests\Unit\EntitlementServiceTest.php" line="192" class="Tests\Unit\EntitlementServiceTest" classname="Tests.Unit.EntitlementServiceTest" assertions="1" time="0.031202"/>
        <testcase name="test_get_current_usage_returns_counts" file="E:\coupony-backend\tests\Unit\EntitlementServiceTest.php" line="199" class="Tests\Unit\EntitlementServiceTest" classname="Tests.Unit.EntitlementServiceTest" assertions="6" time="0.030412"/>
        <testcase name="test_get_entitlements_remaining_is_never_negative" file="E:\coupony-backend\tests\Unit\EntitlementServiceTest.php" line="213" class="Tests\Unit\EntitlementServiceTest" classname="Tests.Unit.EntitlementServiceTest" assertions="6" time="0.033943"/>
        <testcase name="test_entitlement_data_to_array" file="E:\coupony-backend\tests\Unit\EntitlementServiceTest.php" line="250" class="Tests\Unit\EntitlementServiceTest" classname="Tests.Unit.EntitlementServiceTest" assertions="2" time="0.027747"/>
      </testsuite>
      <testsuite name="Tests\Unit\ExampleTest" file="E:\coupony-backend\tests\Unit\ExampleTest.php" tests="1" assertions="1" errors="0" failures="0" skipped="0" time="0.000116">
        <testcase name="test_that_true_is_true" file="E:\coupony-backend\tests\Unit\ExampleTest.php" line="12" class="Tests\Unit\ExampleTest" classname="Tests.Unit.ExampleTest" assertions="1" time="0.000116"/>
      </testsuite>
      <testsuite name="Tests\Unit\InitiatePaymentActionTest" file="E:\coupony-backend\tests\Unit\InitiatePaymentActionTest.php" tests="9" assertions="20" errors="0" failures="0" skipped="0" time="0.310840">
        <testcase name="test_creates_payment_session_successfully" file="E:\coupony-backend\tests\Unit\InitiatePaymentActionTest.php" line="51" class="Tests\Unit\InitiatePaymentActionTest" classname="Tests.Unit.InitiatePaymentActionTest" assertions="11" time="0.049275"/>
        <testcase name="test_sends_correct_amount_cents_to_paymob" file="E:\coupony-backend\tests\Unit\InitiatePaymentActionTest.php" line="77" class="Tests\Unit\InitiatePaymentActionTest" classname="Tests.Unit.InitiatePaymentActionTest" assertions="1" time="0.032994"/>
        <testcase name="test_sends_extras_with_store_and_plan_info" file="E:\coupony-backend\tests\Unit\InitiatePaymentActionTest.php" line="96" class="Tests\Unit\InitiatePaymentActionTest" classname="Tests.Unit.InitiatePaymentActionTest" assertions="1" time="0.031852"/>
        <testcase name="test_calculates_amount_from_plan_for_monthly_cycle" file="E:\coupony-backend\tests\Unit\InitiatePaymentActionTest.php" line="112" class="Tests\Unit\InitiatePaymentActionTest" classname="Tests.Unit.InitiatePaymentActionTest" assertions="1" time="0.031229"/>
        <testcase name="test_calculates_amount_from_plan_for_yearly_cycle" file="E:\coupony-backend\tests\Unit\InitiatePaymentActionTest.php" line="127" class="Tests\Unit\InitiatePaymentActionTest" classname="Tests.Unit.InitiatePaymentActionTest" assertions="1" time="0.031464"/>
        <testcase name="test_rejects_when_pending_session_exists" file="E:\coupony-backend\tests\Unit\InitiatePaymentActionTest.php" line="142" class="Tests\Unit\InitiatePaymentActionTest" classname="Tests.Unit.InitiatePaymentActionTest" assertions="1" time="0.030573"/>
        <testcase name="test_allows_new_session_when_existing_session_is_expired" file="E:\coupony-backend\tests\Unit\InitiatePaymentActionTest.php" line="163" class="Tests\Unit\InitiatePaymentActionTest" classname="Tests.Unit.InitiatePaymentActionTest" assertions="2" time="0.033367"/>
        <testcase name="test_sets_expires_at_based_on_configured_ttl" file="E:\coupony-backend\tests\Unit\InitiatePaymentActionTest.php" line="189" class="Tests\Unit\InitiatePaymentActionTest" classname="Tests.Unit.InitiatePaymentActionTest" assertions="1" time="0.032949"/>
        <testcase name="test_client_secret_is_stored_in_payment_url_field" file="E:\coupony-backend\tests\Unit\InitiatePaymentActionTest.php" line="207" class="Tests\Unit\InitiatePaymentActionTest" classname="Tests.Unit.InitiatePaymentActionTest" assertions="1" time="0.037138"/>
      </testsuite>
      <testsuite name="Tests\Unit\NotificationServiceTest" file="E:\coupony-backend\tests\Unit\NotificationServiceTest.php" tests="5" assertions="15" errors="0" failures="0" skipped="0" time="0.206404">
        <testcase name="test_send_creates_notification_record" file="E:\coupony-backend\tests\Unit\NotificationServiceTest.php" line="25" class="Tests\Unit\NotificationServiceTest" classname="Tests.Unit.NotificationServiceTest" assertions="5" time="0.032889"/>
        <testcase name="test_send_marks_notification_as_sent_on_success" file="E:\coupony-backend\tests\Unit\NotificationServiceTest.php" line="44" class="Tests\Unit\NotificationServiceTest" classname="Tests.Unit.NotificationServiceTest" assertions="2" time="0.073292"/>
        <testcase name="test_send_bulk_sends_to_multiple_users" file="E:\coupony-backend\tests\Unit\NotificationServiceTest.php" line="60" class="Tests\Unit\NotificationServiceTest" classname="Tests.Unit.NotificationServiceTest" assertions="3" time="0.034652"/>
        <testcase name="test_send_with_reference" file="E:\coupony-backend\tests\Unit\NotificationServiceTest.php" line="77" class="Tests\Unit\NotificationServiceTest" classname="Tests.Unit.NotificationServiceTest" assertions="3" time="0.033809"/>
        <testcase name="test_send_stores_additional_data" file="E:\coupony-backend\tests\Unit\NotificationServiceTest.php" line="97" class="Tests\Unit\NotificationServiceTest" classname="Tests.Unit.NotificationServiceTest" assertions="2" time="0.031762"/>
      </testsuite>
      <testsuite name="Tests\Unit\OtpServiceTest" file="E:\coupony-backend\tests\Unit\OtpServiceTest.php" tests="7" assertions="17" errors="0" failures="0" skipped="0" time="0.223214">
        <testcase name="test_generate_and_send_creates_otp_record" file="E:\coupony-backend\tests\Unit\OtpServiceTest.php" line="32" class="Tests\Unit\OtpServiceTest" classname="Tests.Unit.OtpServiceTest" assertions="5" time="0.033328"/>
        <testcase name="test_verify_succeeds_with_correct_code" file="E:\coupony-backend\tests\Unit\OtpServiceTest.php" line="64" class="Tests\Unit\OtpServiceTest" classname="Tests.Unit.OtpServiceTest" assertions="2" time="0.032567"/>
        <testcase name="test_verify_fails_with_incorrect_code" file="E:\coupony-backend\tests\Unit\OtpServiceTest.php" line="92" class="Tests\Unit\OtpServiceTest" classname="Tests.Unit.OtpServiceTest" assertions="4" time="0.034265"/>
        <testcase name="test_verify_fails_with_expired_otp" file="E:\coupony-backend\tests\Unit\OtpServiceTest.php" line="119" class="Tests\Unit\OtpServiceTest" classname="Tests.Unit.OtpServiceTest" assertions="2" time="0.033112"/>
        <testcase name="test_resend_enforces_rate_limiting" file="E:\coupony-backend\tests\Unit\OtpServiceTest.php" line="141" class="Tests\Unit\OtpServiceTest" classname="Tests.Unit.OtpServiceTest" assertions="2" time="0.034494"/>
        <testcase name="test_mask_recipient_masks_email_correctly" file="E:\coupony-backend\tests\Unit\OtpServiceTest.php" line="164" class="Tests\Unit\OtpServiceTest" classname="Tests.Unit.OtpServiceTest" assertions="1" time="0.028033"/>
        <testcase name="test_mask_recipient_masks_phone_correctly" file="E:\coupony-backend\tests\Unit\OtpServiceTest.php" line="171" class="Tests\Unit\OtpServiceTest" classname="Tests.Unit.OtpServiceTest" assertions="1" time="0.027415"/>
      </testsuite>
      <testsuite name="Tests\Unit\PaymobServiceTest" file="E:\coupony-backend\tests\Unit\PaymobServiceTest.php" tests="9" assertions="12" errors="0" failures="0" skipped="0" time="0.923674">
        <testcase name="test_create_intention_returns_client_secret_on_success" file="E:\coupony-backend\tests\Unit\PaymobServiceTest.php" line="30" class="Tests\Unit\PaymobServiceTest" classname="Tests.Unit.PaymobServiceTest" assertions="3" time="0.027438"/>
        <testcase name="test_create_intention_sends_extras" file="E:\coupony-backend\tests\Unit\PaymobServiceTest.php" line="64" class="Tests\Unit\PaymobServiceTest" classname="Tests.Unit.PaymobServiceTest" assertions="1" time="0.028311"/>
        <testcase name="test_create_intention_throws_exception_on_api_failure" file="E:\coupony-backend\tests\Unit\PaymobServiceTest.php" line="96" class="Tests\Unit\PaymobServiceTest" classname="Tests.Unit.PaymobServiceTest" assertions="1" time="0.028510"/>
        <testcase name="test_create_intention_throws_exception_when_no_client_secret" file="E:\coupony-backend\tests\Unit\PaymobServiceTest.php" line="115" class="Tests\Unit\PaymobServiceTest" classname="Tests.Unit.PaymobServiceTest" assertions="2" time="0.699152"/>
        <testcase name="test_create_intention_throws_exception_on_network_error" file="E:\coupony-backend\tests\Unit\PaymobServiceTest.php" line="135" class="Tests\Unit\PaymobServiceTest" classname="Tests.Unit.PaymobServiceTest" assertions="1" time="0.028741"/>
        <testcase name="test_get_public_key_returns_configured_key" file="E:\coupony-backend\tests\Unit\PaymobServiceTest.php" line="151" class="Tests\Unit\PaymobServiceTest" classname="Tests.Unit.PaymobServiceTest" assertions="1" time="0.026643"/>
        <testcase name="test_validate_hmac_returns_true_for_valid_signature" file="E:\coupony-backend\tests\Unit\PaymobServiceTest.php" line="156" class="Tests\Unit\PaymobServiceTest" classname="Tests.Unit.PaymobServiceTest" assertions="1" time="0.028159"/>
        <testcase name="test_validate_hmac_returns_false_for_invalid_signature" file="E:\coupony-backend\tests\Unit\PaymobServiceTest.php" line="210" class="Tests\Unit\PaymobServiceTest" classname="Tests.Unit.PaymobServiceTest" assertions="1" time="0.027323"/>
        <testcase name="test_validate_hmac_handles_boolean_values_correctly" file="E:\coupony-backend\tests\Unit\PaymobServiceTest.php" line="240" class="Tests\Unit\PaymobServiceTest" classname="Tests.Unit.PaymobServiceTest" assertions="1" time="0.029397"/>
      </testsuite>
      <testsuite name="Tests\Unit\PointsServiceTest" file="E:\coupony-backend\tests\Unit\PointsServiceTest.php" tests="12" assertions="36" errors="0" failures="0" skipped="0" time="0.425482">
        <testcase name="test_add_user_points_creates_row_and_increases_balance_and_lifetime_earned" file="E:\coupony-backend\tests\Unit\PointsServiceTest.php" line="29" class="Tests\Unit\PointsServiceTest" classname="Tests.Unit.PointsServiceTest" assertions="5" time="0.035872"/>
        <testcase name="test_get_or_create_user_points_is_idempotent" file="E:\coupony-backend\tests\Unit\PointsServiceTest.php" line="46" class="Tests\Unit\PointsServiceTest" classname="Tests.Unit.PointsServiceTest" assertions="2" time="0.033103"/>
        <testcase name="test_deduct_user_points_decreases_balance_and_increases_lifetime_spent" file="E:\coupony-backend\tests\Unit\PointsServiceTest.php" line="57" class="Tests\Unit\PointsServiceTest" classname="Tests.Unit.PointsServiceTest" assertions="4" time="0.034182"/>
        <testcase name="test_deduct_user_points_fails_if_balance_would_become_negative" file="E:\coupony-backend\tests\Unit\PointsServiceTest.php" line="81" class="Tests\Unit\PointsServiceTest" classname="Tests.Unit.PointsServiceTest" assertions="2" time="0.045135"/>
        <testcase name="test_set_user_points_changes_balance_and_records_transaction" file="E:\coupony-backend\tests\Unit\PointsServiceTest.php" line="91" class="Tests\Unit\PointsServiceTest" classname="Tests.Unit.PointsServiceTest" assertions="4" time="0.035236"/>
        <testcase name="test_every_user_mutation_creates_transaction" file="E:\coupony-backend\tests\Unit\PointsServiceTest.php" line="114" class="Tests\Unit\PointsServiceTest" classname="Tests.Unit.PointsServiceTest" assertions="1" time="0.035242"/>
        <testcase name="test_add_store_points_creates_row_and_increases_balance_and_lifetime_earned" file="E:\coupony-backend\tests\Unit\PointsServiceTest.php" line="126" class="Tests\Unit\PointsServiceTest" classname="Tests.Unit.PointsServiceTest" assertions="5" time="0.033778"/>
        <testcase name="test_get_or_create_store_points_is_idempotent" file="E:\coupony-backend\tests\Unit\PointsServiceTest.php" line="143" class="Tests\Unit\PointsServiceTest" classname="Tests.Unit.PointsServiceTest" assertions="2" time="0.031920"/>
        <testcase name="test_deduct_store_points_decreases_balance_and_increases_lifetime_spent" file="E:\coupony-backend\tests\Unit\PointsServiceTest.php" line="154" class="Tests\Unit\PointsServiceTest" classname="Tests.Unit.PointsServiceTest" assertions="4" time="0.033995"/>
        <testcase name="test_deduct_store_points_fails_if_balance_would_become_negative" file="E:\coupony-backend\tests\Unit\PointsServiceTest.php" line="178" class="Tests\Unit\PointsServiceTest" classname="Tests.Unit.PointsServiceTest" assertions="2" time="0.032946"/>
        <testcase name="test_set_store_points_records_transaction" file="E:\coupony-backend\tests\Unit\PointsServiceTest.php" line="188" class="Tests\Unit\PointsServiceTest" classname="Tests.Unit.PointsServiceTest" assertions="4" time="0.035376"/>
        <testcase name="test_every_store_mutation_creates_transaction" file="E:\coupony-backend\tests\Unit\PointsServiceTest.php" line="210" class="Tests\Unit\PointsServiceTest" classname="Tests.Unit.PointsServiceTest" assertions="1" time="0.038696"/>
      </testsuite>
      <testsuite name="Tests\Unit\PonyAI\AnswerComposerTest" file="E:\coupony-backend\tests\Unit\PonyAI\AnswerComposerTest.php" tests="4" assertions="14" errors="0" failures="0" skipped="0" time="2.983432">
        <testcase name="test_compose_passes_candidate_block_and_system_prompt" file="E:\coupony-backend\tests\Unit\PonyAI\AnswerComposerTest.php" line="40" class="Tests\Unit\PonyAI\AnswerComposerTest" classname="Tests.Unit.PonyAI.AnswerComposerTest" assertions="8" time="0.764320"/>
        <testcase name="test_dedupes_and_drops_blank_ids_from_payload" file="E:\coupony-backend\tests\Unit\PonyAI\AnswerComposerTest.php" line="67" class="Tests\Unit\PonyAI\AnswerComposerTest" classname="Tests.Unit.PonyAI.AnswerComposerTest" assertions="1" time="0.672013"/>
        <testcase name="test_empty_message_falls_back_to_safe_text_and_keeps_candidate_ids" file="E:\coupony-backend\tests\Unit\PonyAI\AnswerComposerTest.php" line="83" class="Tests\Unit\PonyAI\AnswerComposerTest" classname="Tests.Unit.PonyAI.AnswerComposerTest" assertions="2" time="0.772098"/>
        <testcase name="test_empty_candidates_yields_polite_no_match_message" file="E:\coupony-backend\tests\Unit\PonyAI\AnswerComposerTest.php" line="99" class="Tests\Unit\PonyAI\AnswerComposerTest" classname="Tests.Unit.PonyAI.AnswerComposerTest" assertions="3" time="0.775000"/>
      </testsuite>
      <testsuite name="Tests\Unit\PonyAI\CandidateRetrieverTest" file="E:\coupony-backend\tests\Unit\PonyAI\CandidateRetrieverTest.php" tests="8" assertions="13" errors="0" failures="0" skipped="0" time="0.357436">
        <testcase name="test_returns_only_active_and_approved_products" file="E:\coupony-backend\tests\Unit\PonyAI\CandidateRetrieverTest.php" line="36" class="Tests\Unit\PonyAI\CandidateRetrieverTest" classname="Tests.Unit.PonyAI.CandidateRetrieverTest" assertions="1" time="0.040547"/>
        <testcase name="test_filters_by_category" file="E:\coupony-backend\tests\Unit\PonyAI\CandidateRetrieverTest.php" line="58" class="Tests\Unit\PonyAI\CandidateRetrieverTest" classname="Tests.Unit.PonyAI.CandidateRetrieverTest" assertions="1" time="0.045218"/>
        <testcase name="test_filters_by_price_band" file="E:\coupony-backend\tests\Unit\PonyAI\CandidateRetrieverTest.php" line="75" class="Tests\Unit\PonyAI\CandidateRetrieverTest" classname="Tests.Unit.PonyAI.CandidateRetrieverTest" assertions="3" time="0.046694"/>
        <testcase name="test_free_text_soft_ranks_matches_above_unrelated_products" file="E:\coupony-backend\tests\Unit\PonyAI\CandidateRetrieverTest.php" line="91" class="Tests\Unit\PonyAI\CandidateRetrieverTest" classname="Tests.Unit.PonyAI.CandidateRetrieverTest" assertions="2" time="0.043648"/>
        <testcase name="test_attributes_widen_the_soft_ranking" file="E:\coupony-backend\tests\Unit\PonyAI\CandidateRetrieverTest.php" line="118" class="Tests\Unit\PonyAI\CandidateRetrieverTest" classname="Tests.Unit.PonyAI.CandidateRetrieverTest" assertions="2" time="0.039570"/>
        <testcase name="test_generic_catalog_request_returns_active_products_without_text_filter" file="E:\coupony-backend\tests\Unit\PonyAI\CandidateRetrieverTest.php" line="136" class="Tests\Unit\PonyAI\CandidateRetrieverTest" classname="Tests.Unit.PonyAI.CandidateRetrieverTest" assertions="1" time="0.038053"/>
        <testcase name="test_arabic_tokens_in_keywords_drive_soft_ranking" file="E:\coupony-backend\tests\Unit\PonyAI\CandidateRetrieverTest.php" line="152" class="Tests\Unit\PonyAI\CandidateRetrieverTest" classname="Tests.Unit.PonyAI.CandidateRetrieverTest" assertions="2" time="0.050246"/>
        <testcase name="test_respects_limit" file="E:\coupony-backend\tests\Unit\PonyAI\CandidateRetrieverTest.php" line="173" class="Tests\Unit\PonyAI\CandidateRetrieverTest" classname="Tests.Unit.PonyAI.CandidateRetrieverTest" assertions="1" time="0.053459"/>
      </testsuite>
      <testsuite name="Tests\Unit\PonyAI\ConversationRepositoryTest" file="E:\coupony-backend\tests\Unit\PonyAI\ConversationRepositoryTest.php" tests="8" assertions="25" errors="0" failures="0" skipped="0" time="0.275799">
        <testcase name="test_start_customer_creates_conversation_with_no_store" file="E:\coupony-backend\tests\Unit\PonyAI\ConversationRepositoryTest.php" line="23" class="Tests\Unit\PonyAI\ConversationRepositoryTest" classname="Tests.Unit.PonyAI.ConversationRepositoryTest" assertions="4" time="0.030770"/>
        <testcase name="test_start_seller_requires_store" file="E:\coupony-backend\tests\Unit\PonyAI\ConversationRepositoryTest.php" line="35" class="Tests\Unit\PonyAI\ConversationRepositoryTest" classname="Tests.Unit.PonyAI.ConversationRepositoryTest" assertions="2" time="0.035267"/>
        <testcase name="test_find_for_user_scopes_to_owner" file="E:\coupony-backend\tests\Unit\PonyAI\ConversationRepositoryTest.php" line="46" class="Tests\Unit\PonyAI\ConversationRepositoryTest" classname="Tests.Unit.PonyAI.ConversationRepositoryTest" assertions="2" time="0.036652"/>
        <testcase name="test_seller_lookup_requires_matching_store" file="E:\coupony-backend\tests\Unit\PonyAI\ConversationRepositoryTest.php" line="56" class="Tests\Unit\PonyAI\ConversationRepositoryTest" classname="Tests.Unit.PonyAI.ConversationRepositoryTest" assertions="2" time="0.037426"/>
        <testcase name="test_paginate_customer_returns_only_my_conversations" file="E:\coupony-backend\tests\Unit\PonyAI\ConversationRepositoryTest.php" line="68" class="Tests\Unit\PonyAI\ConversationRepositoryTest" classname="Tests.Unit.PonyAI.ConversationRepositoryTest" assertions="3" time="0.040141"/>
        <testcase name="test_append_message_updates_last_message_at" file="E:\coupony-backend\tests\Unit\PonyAI\ConversationRepositoryTest.php" line="85" class="Tests\Unit\PonyAI\ConversationRepositoryTest" classname="Tests.Unit.PonyAI.ConversationRepositoryTest" assertions="6" time="0.032434"/>
        <testcase name="test_append_assistant_message_stores_metadata" file="E:\coupony-backend\tests\Unit\PonyAI\ConversationRepositoryTest.php" line="106" class="Tests\Unit\PonyAI\ConversationRepositoryTest" classname="Tests.Unit.PonyAI.ConversationRepositoryTest" assertions="4" time="0.033240"/>
        <testcase name="test_soft_delete_hides_from_paginate" file="E:\coupony-backend\tests\Unit\PonyAI\ConversationRepositoryTest.php" line="123" class="Tests\Unit\PonyAI\ConversationRepositoryTest" classname="Tests.Unit.PonyAI.ConversationRepositoryTest" assertions="2" time="0.029870"/>
      </testsuite>
      <testsuite name="Tests\Unit\PonyAI\CustomerAssistantStrategyTest" file="E:\coupony-backend\tests\Unit\PonyAI\CustomerAssistantStrategyTest.php" tests="4" assertions="16" errors="0" failures="0" skipped="0" time="3.411960">
        <testcase name="test_full_pipeline_returns_grounded_products_and_persists_messages" file="E:\coupony-backend\tests\Unit\PonyAI\CustomerAssistantStrategyTest.php" line="52" class="Tests\Unit\PonyAI\CustomerAssistantStrategyTest" classname="Tests.Unit.PonyAI.CustomerAssistantStrategyTest" assertions="9" time="0.709254"/>
        <testcase name="test_invented_product_ids_are_dropped_and_recorded" file="E:\coupony-backend\tests\Unit\PonyAI\CustomerAssistantStrategyTest.php" line="87" class="Tests\Unit\PonyAI\CustomerAssistantStrategyTest" classname="Tests.Unit.PonyAI.CustomerAssistantStrategyTest" assertions="2" time="0.691436"/>
        <testcase name="test_existing_conversation_is_reused" file="E:\coupony-backend\tests\Unit\PonyAI\CustomerAssistantStrategyTest.php" line="111" class="Tests\Unit\PonyAI\CustomerAssistantStrategyTest" classname="Tests.Unit.PonyAI.CustomerAssistantStrategyTest" assertions="2" time="1.336826"/>
        <testcase name="test_no_candidates_still_returns_a_message_and_persists_assistant_turn" file="E:\coupony-backend\tests\Unit\PonyAI\CustomerAssistantStrategyTest.php" line="128" class="Tests\Unit\PonyAI\CustomerAssistantStrategyTest" classname="Tests.Unit.PonyAI.CustomerAssistantStrategyTest" assertions="3" time="0.674443"/>
      </testsuite>
      <testsuite name="Tests\Unit\PonyAI\EmbeddingRerankerTest" file="E:\coupony-backend\tests\Unit\PonyAI\EmbeddingRerankerTest.php" tests="5" assertions="6" errors="0" failures="0" skipped="0" time="0.174271">
        <testcase name="test_rerank_orders_by_cosine_similarity" file="E:\coupony-backend\tests\Unit\PonyAI\EmbeddingRerankerTest.php" line="36" class="Tests\Unit\PonyAI\EmbeddingRerankerTest" classname="Tests.Unit.PonyAI.EmbeddingRerankerTest" assertions="1" time="0.039503"/>
        <testcase name="test_candidates_without_embeddings_are_tail_appended" file="E:\coupony-backend\tests\Unit\PonyAI\EmbeddingRerankerTest.php" line="55" class="Tests\Unit\PonyAI\EmbeddingRerankerTest" classname="Tests.Unit.PonyAI.EmbeddingRerankerTest" assertions="1" time="0.034250"/>
        <testcase name="test_gemini_failure_returns_first_n_in_sql_order" file="E:\coupony-backend\tests\Unit\PonyAI\EmbeddingRerankerTest.php" line="70" class="Tests\Unit\PonyAI\EmbeddingRerankerTest" classname="Tests.Unit.PonyAI.EmbeddingRerankerTest" assertions="1" time="0.032986"/>
        <testcase name="test_empty_input_returns_empty" file="E:\coupony-backend\tests\Unit\PonyAI\EmbeddingRerankerTest.php" line="109" class="Tests\Unit\PonyAI\EmbeddingRerankerTest" classname="Tests.Unit.PonyAI.EmbeddingRerankerTest" assertions="1" time="0.025932"/>
        <testcase name="test_respects_top_k" file="E:\coupony-backend\tests\Unit\PonyAI\EmbeddingRerankerTest.php" line="114" class="Tests\Unit\PonyAI\EmbeddingRerankerTest" classname="Tests.Unit.PonyAI.EmbeddingRerankerTest" assertions="2" time="0.041600"/>
      </testsuite>
      <testsuite name="Tests\Unit\PonyAI\GeminiFakeClientTest" file="E:\coupony-backend\tests\Unit\PonyAI\GeminiFakeClientTest.php" tests="6" assertions="15" errors="0" failures="0" skipped="0" time="0.213398">
        <testcase name="test_queued_text_is_returned_in_order" file="E:\coupony-backend\tests\Unit\PonyAI\GeminiFakeClientTest.php" line="10" class="Tests\Unit\PonyAI\GeminiFakeClientTest" classname="Tests.Unit.PonyAI.GeminiFakeClientTest" assertions="2" time="0.027336"/>
        <testcase name="test_queued_json_is_decoded" file="E:\coupony-backend\tests\Unit\PonyAI\GeminiFakeClientTest.php" line="19" class="Tests\Unit\PonyAI\GeminiFakeClientTest" classname="Tests.Unit.PonyAI.GeminiFakeClientTest" assertions="1" time="0.074129"/>
        <testcase name="test_queued_embedding_returns_floats" file="E:\coupony-backend\tests\Unit\PonyAI\GeminiFakeClientTest.php" line="29" class="Tests\Unit\PonyAI\GeminiFakeClientTest" classname="Tests.Unit.PonyAI.GeminiFakeClientTest" assertions="1" time="0.029303"/>
        <testcase name="test_default_fallback_is_deterministic" file="E:\coupony-backend\tests\Unit\PonyAI\GeminiFakeClientTest.php" line="37" class="Tests\Unit\PonyAI\GeminiFakeClientTest" classname="Tests.Unit.PonyAI.GeminiFakeClientTest" assertions="3" time="0.027699"/>
        <testcase name="test_calls_are_tracked" file="E:\coupony-backend\tests\Unit\PonyAI\GeminiFakeClientTest.php" line="49" class="Tests\Unit\PonyAI\GeminiFakeClientTest" classname="Tests.Unit.PonyAI.GeminiFakeClientTest" assertions="6" time="0.028424"/>
        <testcase name="test_embed_image_falls_back_to_deterministic_vector" file="E:\coupony-backend\tests\Unit\PonyAI\GeminiFakeClientTest.php" line="63" class="Tests\Unit\PonyAI\GeminiFakeClientTest" classname="Tests.Unit.PonyAI.GeminiFakeClientTest" assertions="2" time="0.026506"/>
      </testsuite>
      <testsuite name="Tests\Unit\PonyAI\GeminiHttpClientTest" file="E:\coupony-backend\tests\Unit\PonyAI\GeminiHttpClientTest.php" tests="11" assertions="25" errors="0" failures="0" skipped="0" time="0.319683">
        <testcase name="test_generate_text_parses_candidates_and_usage" file="E:\coupony-backend\tests\Unit\PonyAI\GeminiHttpClientTest.php" line="29" class="Tests\Unit\PonyAI\GeminiHttpClientTest" classname="Tests.Unit.PonyAI.GeminiHttpClientTest" assertions="5" time="0.034678"/>
        <testcase name="test_generate_text_does_not_expose_api_key_in_url_or_body" file="E:\coupony-backend\tests\Unit\PonyAI\GeminiHttpClientTest.php" line="69" class="Tests\Unit\PonyAI\GeminiHttpClientTest" classname="Tests.Unit.PonyAI.GeminiHttpClientTest" assertions="1" time="0.029271"/>
        <testcase name="test_generate_json_sets_response_mime_type_and_decodes" file="E:\coupony-backend\tests\Unit\PonyAI\GeminiHttpClientTest.php" line="90" class="Tests\Unit\PonyAI\GeminiHttpClientTest" classname="Tests.Unit.PonyAI.GeminiHttpClientTest" assertions="2" time="0.029277"/>
        <testcase name="test_generate_json_decode_strips_markdown_code_fences" file="E:\coupony-backend\tests\Unit\PonyAI\GeminiHttpClientTest.php" line="108" class="Tests\Unit\PonyAI\GeminiHttpClientTest" classname="Tests.Unit.PonyAI.GeminiHttpClientTest" assertions="1" time="0.028488"/>
        <testcase name="test_embed_text_returns_float_vector" file="E:\coupony-backend\tests\Unit\PonyAI\GeminiHttpClientTest.php" line="120" class="Tests\Unit\PonyAI\GeminiHttpClientTest" classname="Tests.Unit.PonyAI.GeminiHttpClientTest" assertions="2" time="0.028728"/>
        <testcase name="test_describe_image_sends_inline_base64_payload" file="E:\coupony-backend\tests\Unit\PonyAI\GeminiHttpClientTest.php" line="139" class="Tests\Unit\PonyAI\GeminiHttpClientTest" classname="Tests.Unit.PonyAI.GeminiHttpClientTest" assertions="2" time="0.030629"/>
        <testcase name="test_embed_image_uses_caption_then_embed" file="E:\coupony-backend\tests\Unit\PonyAI\GeminiHttpClientTest.php" line="164" class="Tests\Unit\PonyAI\GeminiHttpClientTest" classname="Tests.Unit.PonyAI.GeminiHttpClientTest" assertions="4" time="0.027200"/>
        <testcase name="test_missing_api_key_throws" file="E:\coupony-backend\tests\Unit\PonyAI\GeminiHttpClientTest.php" line="188" class="Tests\Unit\PonyAI\GeminiHttpClientTest" classname="Tests.Unit.PonyAI.GeminiHttpClientTest" assertions="2" time="0.026451"/>
        <testcase name="test_http_error_status_throws_with_status_in_message" file="E:\coupony-backend\tests\Unit\PonyAI\GeminiHttpClientTest.php" line="200" class="Tests\Unit\PonyAI\GeminiHttpClientTest" classname="Tests.Unit.PonyAI.GeminiHttpClientTest" assertions="2" time="0.029324"/>
        <testcase name="test_malformed_response_throws" file="E:\coupony-backend\tests\Unit\PonyAI\GeminiHttpClientTest.php" line="217" class="Tests\Unit\PonyAI\GeminiHttpClientTest" classname="Tests.Unit.PonyAI.GeminiHttpClientTest" assertions="2" time="0.029044"/>
        <testcase name="test_embed_text_throws_when_values_missing" file="E:\coupony-backend\tests\Unit\PonyAI\GeminiHttpClientTest.php" line="231" class="Tests\Unit\PonyAI\GeminiHttpClientTest" classname="Tests.Unit.PonyAI.GeminiHttpClientTest" assertions="2" time="0.026592"/>
      </testsuite>
      <testsuite name="Tests\Unit\PonyAI\GroundingValidatorTest" file="E:\coupony-backend\tests\Unit\PonyAI\GroundingValidatorTest.php" tests="7" assertions="11" errors="0" failures="0" skipped="0" time="0.267561">
        <testcase name="test_keeps_only_ids_that_exist_in_the_candidate_set" file="E:\coupony-backend\tests\Unit\PonyAI\GroundingValidatorTest.php" line="25" class="Tests\Unit\PonyAI\GroundingValidatorTest" classname="Tests.Unit.PonyAI.GroundingValidatorTest" assertions="2" time="0.034930"/>
        <testcase name="test_returns_candidates_in_model_chosen_order" file="E:\coupony-backend\tests\Unit\PonyAI\GroundingValidatorTest.php" line="37" class="Tests\Unit\PonyAI\GroundingValidatorTest" classname="Tests.Unit.PonyAI.GroundingValidatorTest" assertions="1" time="0.045390"/>
        <testcase name="test_empty_model_list_returns_full_candidate_collection" file="E:\coupony-backend\tests\Unit\PonyAI\GroundingValidatorTest.php" line="49" class="Tests\Unit\PonyAI\GroundingValidatorTest" classname="Tests.Unit.PonyAI.GroundingValidatorTest" assertions="2" time="0.039408"/>
        <testcase name="test_empty_candidate_set_returns_empty_collection_and_records_drops" file="E:\coupony-backend\tests\Unit\PonyAI\GroundingValidatorTest.php" line="61" class="Tests\Unit\PonyAI\GroundingValidatorTest" classname="Tests.Unit.PonyAI.GroundingValidatorTest" assertions="2" time="0.035632"/>
        <testcase name="test_blank_or_non_string_ids_are_filtered_out" file="E:\coupony-backend\tests\Unit\PonyAI\GroundingValidatorTest.php" line="70" class="Tests\Unit\PonyAI\GroundingValidatorTest" classname="Tests.Unit.PonyAI.GroundingValidatorTest" assertions="2" time="0.031665"/>
        <testcase name="test_ground_offers_keeps_only_offer_ids_from_candidate_set" file="E:\coupony-backend\tests\Unit\PonyAI\GroundingValidatorTest.php" line="81" class="Tests\Unit\PonyAI\GroundingValidatorTest" classname="Tests.Unit.PonyAI.GroundingValidatorTest" assertions="1" time="0.041312"/>
        <testcase name="test_ground_offers_returns_empty_when_no_offers_loaded" file="E:\coupony-backend\tests\Unit\PonyAI\GroundingValidatorTest.php" line="92" class="Tests\Unit\PonyAI\GroundingValidatorTest" classname="Tests.Unit.PonyAI.GroundingValidatorTest" assertions="1" time="0.039224"/>
      </testsuite>
      <testsuite name="Tests\Unit\PonyAI\ImageEmbeddingServiceTest" file="E:\coupony-backend\tests\Unit\PonyAI\ImageEmbeddingServiceTest.php" tests="9" assertions="29" errors="0" failures="0" skipped="0" time="0.565316">
        <testcase name="test_embed_stores_caption_and_vector" file="E:\coupony-backend\tests\Unit\PonyAI\ImageEmbeddingServiceTest.php" line="47" class="Tests\Unit\PonyAI\ImageEmbeddingServiceTest" classname="Tests.Unit.PonyAI.ImageEmbeddingServiceTest" assertions="5" time="0.054038"/>
        <testcase name="test_embed_throws_on_empty_caption" file="E:\coupony-backend\tests\Unit\PonyAI\ImageEmbeddingServiceTest.php" line="68" class="Tests\Unit\PonyAI\ImageEmbeddingServiceTest" classname="Tests.Unit.PonyAI.ImageEmbeddingServiceTest" assertions="2" time="0.040861"/>
        <testcase name="test_embed_throws_when_image_file_missing" file="E:\coupony-backend\tests\Unit\PonyAI\ImageEmbeddingServiceTest.php" line="83" class="Tests\Unit\PonyAI\ImageEmbeddingServiceTest" classname="Tests.Unit.PonyAI.ImageEmbeddingServiceTest" assertions="2" time="0.039362"/>
        <testcase name="test_embed_passes_image_bytes_and_mime_to_describe" file="E:\coupony-backend\tests\Unit\PonyAI\ImageEmbeddingServiceTest.php" line="104" class="Tests\Unit\PonyAI\ImageEmbeddingServiceTest" classname="Tests.Unit.PonyAI.ImageEmbeddingServiceTest" assertions="6" time="0.042368"/>
        <testcase name="test_embed_downloads_external_https_url_and_captions_it" file="E:\coupony-backend\tests\Unit\PonyAI\ImageEmbeddingServiceTest.php" line="140" class="Tests\Unit\PonyAI\ImageEmbeddingServiceTest" classname="Tests.Unit.PonyAI.ImageEmbeddingServiceTest" assertions="7" time="0.036173"/>
        <testcase name="test_embed_throws_when_external_url_returns_404" file="E:\coupony-backend\tests\Unit\PonyAI\ImageEmbeddingServiceTest.php" line="171" class="Tests\Unit\PonyAI\ImageEmbeddingServiceTest" classname="Tests.Unit.PonyAI.ImageEmbeddingServiceTest" assertions="2" time="0.241907"/>
        <testcase name="test_embed_throws_on_unsupported_remote_content_type" file="E:\coupony-backend\tests\Unit\PonyAI\ImageEmbeddingServiceTest.php" line="186" class="Tests\Unit\PonyAI\ImageEmbeddingServiceTest" classname="Tests.Unit.PonyAI.ImageEmbeddingServiceTest" assertions="2" time="0.041039"/>
        <testcase name="test_embed_throws_when_remote_image_exceeds_size_limit" file="E:\coupony-backend\tests\Unit\PonyAI\ImageEmbeddingServiceTest.php" line="205" class="Tests\Unit\PonyAI\ImageEmbeddingServiceTest" classname="Tests.Unit.PonyAI.ImageEmbeddingServiceTest" assertions="2" time="0.035050"/>
        <testcase name="test_embed_uses_extension_fallback_when_content_type_missing" file="E:\coupony-backend\tests\Unit\PonyAI\ImageEmbeddingServiceTest.php" line="227" class="Tests\Unit\PonyAI\ImageEmbeddingServiceTest" classname="Tests.Unit.PonyAI.ImageEmbeddingServiceTest" assertions="1" time="0.034517"/>
      </testsuite>
      <testsuite name="Tests\Unit\PonyAI\ImageQueryUnderstanderTest" file="E:\coupony-backend\tests\Unit\PonyAI\ImageQueryUnderstanderTest.php" tests="6" assertions="14" errors="0" failures="0" skipped="0" time="0.175077">
        <testcase name="test_understands_well_formed_json_payload" file="E:\coupony-backend\tests\Unit\PonyAI\ImageQueryUnderstanderTest.php" line="22" class="Tests\Unit\PonyAI\ImageQueryUnderstanderTest" classname="Tests.Unit.PonyAI.ImageQueryUnderstanderTest" assertions="4" time="0.028523"/>
        <testcase name="test_strips_markdown_code_fences_from_payload" file="E:\coupony-backend\tests\Unit\PonyAI\ImageQueryUnderstanderTest.php" line="42" class="Tests\Unit\PonyAI\ImageQueryUnderstanderTest" classname="Tests.Unit.PonyAI.ImageQueryUnderstanderTest" assertions="1" time="0.027936"/>
        <testcase name="test_falls_back_to_raw_text_when_payload_is_not_json" file="E:\coupony-backend\tests\Unit\PonyAI\ImageQueryUnderstanderTest.php" line="52" class="Tests\Unit\PonyAI\ImageQueryUnderstanderTest" classname="Tests.Unit.PonyAI.ImageQueryUnderstanderTest" assertions="3" time="0.030315"/>
        <testcase name="test_gemini_failure_returns_empty_understanding" file="E:\coupony-backend\tests\Unit\PonyAI\ImageQueryUnderstanderTest.php" line="64" class="Tests\Unit\PonyAI\ImageQueryUnderstanderTest" classname="Tests.Unit.PonyAI.ImageQueryUnderstanderTest" assertions="2" time="0.027522"/>
        <testcase name="test_to_intent_combines_caption_attributes_color_and_category" file="E:\coupony-backend\tests\Unit\PonyAI\ImageQueryUnderstanderTest.php" line="103" class="Tests\Unit\PonyAI\ImageQueryUnderstanderTest" classname="Tests.Unit.PonyAI.ImageQueryUnderstanderTest" assertions="2" time="0.032689"/>
        <testcase name="test_to_intent_works_with_empty_extra_message" file="E:\coupony-backend\tests\Unit\PonyAI\ImageQueryUnderstanderTest.php" line="121" class="Tests\Unit\PonyAI\ImageQueryUnderstanderTest" classname="Tests.Unit.PonyAI.ImageQueryUnderstanderTest" assertions="2" time="0.028092"/>
      </testsuite>
      <testsuite name="Tests\Unit\PonyAI\ImageRankerTest" file="E:\coupony-backend\tests\Unit\PonyAI\ImageRankerTest.php" tests="4" assertions="5" errors="0" failures="0" skipped="0" time="0.156901">
        <testcase name="test_rerank_orders_by_combined_image_and_text_cosine" file="E:\coupony-backend\tests\Unit\PonyAI\ImageRankerTest.php" line="48" class="Tests\Unit\PonyAI\ImageRankerTest" classname="Tests.Unit.PonyAI.ImageRankerTest" assertions="1" time="0.039235"/>
        <testcase name="test_candidates_without_embeddings_are_tail_appended" file="E:\coupony-backend\tests\Unit\PonyAI\ImageRankerTest.php" line="77" class="Tests\Unit\PonyAI\ImageRankerTest" classname="Tests.Unit.PonyAI.ImageRankerTest" assertions="1" time="0.038694"/>
        <testcase name="test_gemini_failure_returns_sql_order_subset" file="E:\coupony-backend\tests\Unit\PonyAI\ImageRankerTest.php" line="97" class="Tests\Unit\PonyAI\ImageRankerTest" classname="Tests.Unit.PonyAI.ImageRankerTest" assertions="1" time="0.038891"/>
        <testcase name="test_respects_top_k" file="E:\coupony-backend\tests\Unit\PonyAI\ImageRankerTest.php" line="136" class="Tests\Unit\PonyAI\ImageRankerTest" classname="Tests.Unit.PonyAI.ImageRankerTest" assertions="2" time="0.040081"/>
      </testsuite>
      <testsuite name="Tests\Unit\PonyAI\IntentExtractorTest" file="E:\coupony-backend\tests\Unit\PonyAI\IntentExtractorTest.php" tests="6" assertions="20" errors="0" failures="0" skipped="0" time="0.165961">
        <testcase name="test_extracts_category_price_band_and_attributes" file="E:\coupony-backend\tests\Unit\PonyAI\IntentExtractorTest.php" line="23" class="Tests\Unit\PonyAI\IntentExtractorTest" classname="Tests.Unit.PonyAI.IntentExtractorTest" assertions="5" time="0.027480"/>
        <testcase name="test_swaps_inverted_price_band" file="E:\coupony-backend\tests\Unit\PonyAI\IntentExtractorTest.php" line="41" class="Tests\Unit\PonyAI\IntentExtractorTest" classname="Tests.Unit.PonyAI.IntentExtractorTest" assertions="2" time="0.027955"/>
        <testcase name="test_drops_negative_prices" file="E:\coupony-backend\tests\Unit\PonyAI\IntentExtractorTest.php" line="54" class="Tests\Unit\PonyAI\IntentExtractorTest" classname="Tests.Unit.PonyAI.IntentExtractorTest" assertions="2" time="0.028671"/>
        <testcase name="test_empty_prompt_returns_empty_intent" file="E:\coupony-backend\tests\Unit\PonyAI\IntentExtractorTest.php" line="67" class="Tests\Unit\PonyAI\IntentExtractorTest" classname="Tests.Unit.PonyAI.IntentExtractorTest" assertions="3" time="0.026646"/>
        <testcase name="test_gemini_failure_degrades_to_free_text_intent" file="E:\coupony-backend\tests\Unit\PonyAI\IntentExtractorTest.php" line="76" class="Tests\Unit\PonyAI\IntentExtractorTest" classname="Tests.Unit.PonyAI.IntentExtractorTest" assertions="3" time="0.027362"/>
        <testcase name="test_payload_without_expected_keys_returns_safe_intent" file="E:\coupony-backend\tests\Unit\PonyAI\IntentExtractorTest.php" line="116" class="Tests\Unit\PonyAI\IntentExtractorTest" classname="Tests.Unit.PonyAI.IntentExtractorTest" assertions="5" time="0.027847"/>
      </testsuite>
      <testsuite name="Tests\Unit\PonyAI\ProductEmbeddingServiceTest" file="E:\coupony-backend\tests\Unit\PonyAI\ProductEmbeddingServiceTest.php" tests="4" assertions="20" errors="0" failures="0" skipped="0" time="0.206590">
        <testcase name="test_text_blob_includes_title_description_categories_and_offer" file="E:\coupony-backend\tests\Unit\PonyAI\ProductEmbeddingServiceTest.php" line="60" class="Tests\Unit\PonyAI\ProductEmbeddingServiceTest" classname="Tests.Unit.PonyAI.ProductEmbeddingServiceTest" assertions="9" time="0.041833"/>
        <testcase name="test_embed_stores_vector_with_revision_and_model_version" file="E:\coupony-backend\tests\Unit\PonyAI\ProductEmbeddingServiceTest.php" line="78" class="Tests\Unit\PonyAI\ProductEmbeddingServiceTest" classname="Tests.Unit.PonyAI.ProductEmbeddingServiceTest" assertions="7" time="0.042454"/>
        <testcase name="test_embed_is_idempotent_on_repeat" file="E:\coupony-backend\tests\Unit\PonyAI\ProductEmbeddingServiceTest.php" line="102" class="Tests\Unit\PonyAI\ProductEmbeddingServiceTest" classname="Tests.Unit.PonyAI.ProductEmbeddingServiceTest" assertions="2" time="0.039334"/>
        <testcase name="test_gemini_call_uses_retrieval_document_task_type" file="E:\coupony-backend\tests\Unit\PonyAI\ProductEmbeddingServiceTest.php" line="121" class="Tests\Unit\PonyAI\ProductEmbeddingServiceTest" classname="Tests.Unit.PonyAI.ProductEmbeddingServiceTest" assertions="2" time="0.082969"/>
      </testsuite>
      <testsuite name="Tests\Unit\PonyAI\PromptSanitizerTest" file="E:\coupony-backend\tests\Unit\PonyAI\PromptSanitizerTest.php" tests="10" assertions="16" errors="0" failures="0" skipped="0" time="0.281318">
        <testcase name="test_plain_text_passes_through_unchanged" file="E:\coupony-backend\tests\Unit\PonyAI\PromptSanitizerTest.php" line="15" class="Tests\Unit\PonyAI\PromptSanitizerTest" classname="Tests.Unit.PonyAI.PromptSanitizerTest" assertions="1" time="0.028800"/>
        <testcase name="test_control_bytes_are_stripped" file="E:\coupony-backend\tests\Unit\PonyAI\PromptSanitizerTest.php" line="20" class="Tests\Unit\PonyAI\PromptSanitizerTest" classname="Tests.Unit.PonyAI.PromptSanitizerTest" assertions="1" time="0.027565"/>
        <testcase name="test_tabs_and_newlines_are_preserved" file="E:\coupony-backend\tests\Unit\PonyAI\PromptSanitizerTest.php" line="25" class="Tests\Unit\PonyAI\PromptSanitizerTest" classname="Tests.Unit.PonyAI.PromptSanitizerTest" assertions="1" time="0.030058"/>
        <testcase name="test_role_markers_are_redacted" file="E:\coupony-backend\tests\Unit\PonyAI\PromptSanitizerTest.php" line="30" class="Tests\Unit\PonyAI\PromptSanitizerTest" classname="Tests.Unit.PonyAI.PromptSanitizerTest" assertions="3" time="0.028357"/>
        <testcase name="test_jailbreak_phrases_are_redacted" file="E:\coupony-backend\tests\Unit\PonyAI\PromptSanitizerTest.php" line="38" class="Tests\Unit\PonyAI\PromptSanitizerTest" classname="Tests.Unit.PonyAI.PromptSanitizerTest" assertions="3" time="0.027644"/>
        <testcase name="test_act_as_admin_is_redacted" file="E:\coupony-backend\tests\Unit\PonyAI\PromptSanitizerTest.php" line="46" class="Tests\Unit\PonyAI\PromptSanitizerTest" classname="Tests.Unit.PonyAI.PromptSanitizerTest" assertions="1" time="0.030113"/>
        <testcase name="test_inst_tokens_are_redacted" file="E:\coupony-backend\tests\Unit\PonyAI\PromptSanitizerTest.php" line="52" class="Tests\Unit\PonyAI\PromptSanitizerTest" classname="Tests.Unit.PonyAI.PromptSanitizerTest" assertions="2" time="0.028417"/>
        <testcase name="test_trims_whitespace" file="E:\coupony-backend\tests\Unit\PonyAI\PromptSanitizerTest.php" line="59" class="Tests\Unit\PonyAI\PromptSanitizerTest" classname="Tests.Unit.PonyAI.PromptSanitizerTest" assertions="1" time="0.026928"/>
        <testcase name="test_collapses_repeated_spaces_left_by_redaction" file="E:\coupony-backend\tests\Unit\PonyAI\PromptSanitizerTest.php" line="64" class="Tests\Unit\PonyAI\PromptSanitizerTest" classname="Tests.Unit.PonyAI.PromptSanitizerTest" assertions="1" time="0.026763"/>
        <testcase name="test_empty_input_returns_empty" file="E:\coupony-backend\tests\Unit\PonyAI\PromptSanitizerTest.php" line="70" class="Tests\Unit\PonyAI\PromptSanitizerTest" classname="Tests.Unit.PonyAI.PromptSanitizerTest" assertions="2" time="0.026674"/>
      </testsuite>
      <testsuite name="Tests\Unit\PonyAI\SellerInsightsAggregatorTest" file="E:\coupony-backend\tests\Unit\PonyAI\SellerInsightsAggregatorTest.php" tests="7" assertions="20" errors="0" failures="0" skipped="0" time="0.469461">
        <testcase name="test_snapshot_counts_are_scoped_to_the_store" file="E:\coupony-backend\tests\Unit\PonyAI\SellerInsightsAggregatorTest.php" line="67" class="Tests\Unit\PonyAI\SellerInsightsAggregatorTest" classname="Tests.Unit.PonyAI.SellerInsightsAggregatorTest" assertions="9" time="0.045683"/>
        <testcase name="test_top_products_orders_by_views_desc_and_scopes_to_store" file="E:\coupony-backend\tests\Unit\PonyAI\SellerInsightsAggregatorTest.php" line="100" class="Tests\Unit\PonyAI\SellerInsightsAggregatorTest" classname="Tests.Unit.PonyAI.SellerInsightsAggregatorTest" assertions="2" time="0.218713"/>
        <testcase name="test_underperforming_lists_products_with_views_but_zero_claims" file="E:\coupony-backend\tests\Unit\PonyAI\SellerInsightsAggregatorTest.php" line="119" class="Tests\Unit\PonyAI\SellerInsightsAggregatorTest" classname="Tests.Unit.PonyAI.SellerInsightsAggregatorTest" assertions="2" time="0.045271"/>
        <testcase name="test_underperforming_threshold_excludes_low_view_products" file="E:\coupony-backend\tests\Unit\PonyAI\SellerInsightsAggregatorTest.php" line="137" class="Tests\Unit\PonyAI\SellerInsightsAggregatorTest" classname="Tests.Unit.PonyAI.SellerInsightsAggregatorTest" assertions="1" time="0.040449"/>
        <testcase name="test_inventory_warnings_surface_tracked_variants_below_threshold" file="E:\coupony-backend\tests\Unit\PonyAI\SellerInsightsAggregatorTest.php" line="148" class="Tests\Unit\PonyAI\SellerInsightsAggregatorTest" classname="Tests.Unit.PonyAI.SellerInsightsAggregatorTest" assertions="3" time="0.040701"/>
        <testcase name="test_inventory_warnings_ignore_unlimited_mode" file="E:\coupony-backend\tests\Unit\PonyAI\SellerInsightsAggregatorTest.php" line="168" class="Tests\Unit\PonyAI\SellerInsightsAggregatorTest" classname="Tests.Unit.PonyAI.SellerInsightsAggregatorTest" assertions="1" time="0.038999"/>
        <testcase name="test_redemptions_count_only_redeemed_claims" file="E:\coupony-backend\tests\Unit\PonyAI\SellerInsightsAggregatorTest.php" line="186" class="Tests\Unit\PonyAI\SellerInsightsAggregatorTest" classname="Tests.Unit.PonyAI.SellerInsightsAggregatorTest" assertions="2" time="0.039646"/>
      </testsuite>
      <testsuite name="Tests\Unit\PonyAI\SellerSuggestionEngineTest" file="E:\coupony-backend\tests\Unit\PonyAI\SellerSuggestionEngineTest.php" tests="6" assertions="21" errors="0" failures="0" skipped="0" time="0.165924">
        <testcase name="test_underperforming_topic_yields_offer_suggestions_referencing_the_right_ids" file="E:\coupony-backend\tests\Unit\PonyAI\SellerSuggestionEngineTest.php" line="31" class="Tests\Unit\PonyAI\SellerSuggestionEngineTest" classname="Tests.Unit.PonyAI.SellerSuggestionEngineTest" assertions="5" time="0.028718"/>
        <testcase name="test_offer_suggestion_topic_uses_underperforming_signal" file="E:\coupony-backend\tests\Unit\PonyAI\SellerSuggestionEngineTest.php" line="49" class="Tests\Unit\PonyAI\SellerSuggestionEngineTest" classname="Tests.Unit.PonyAI.SellerSuggestionEngineTest" assertions="3" time="0.027234"/>
        <testcase name="test_inventory_topic_yields_warnings" file="E:\coupony-backend\tests\Unit\PonyAI\SellerSuggestionEngineTest.php" line="65" class="Tests\Unit\PonyAI\SellerSuggestionEngineTest" classname="Tests.Unit.PonyAI.SellerSuggestionEngineTest" assertions="3" time="0.027740"/>
        <testcase name="test_campaign_idea_bundles_top_products" file="E:\coupony-backend\tests\Unit\PonyAI\SellerSuggestionEngineTest.php" line="81" class="Tests\Unit\PonyAI\SellerSuggestionEngineTest" classname="Tests.Unit.PonyAI.SellerSuggestionEngineTest" assertions="5" time="0.027476"/>
        <testcase name="test_free_form_topic_returns_suggestions_from_every_signal" file="E:\coupony-backend\tests\Unit\PonyAI\SellerSuggestionEngineTest.php" line="100" class="Tests\Unit\PonyAI\SellerSuggestionEngineTest" classname="Tests.Unit.PonyAI.SellerSuggestionEngineTest" assertions="4" time="0.027827"/>
        <testcase name="test_empty_snapshot_yields_no_suggestions" file="E:\coupony-backend\tests\Unit\PonyAI\SellerSuggestionEngineTest.php" line="125" class="Tests\Unit\PonyAI\SellerSuggestionEngineTest" classname="Tests.Unit.PonyAI.SellerSuggestionEngineTest" assertions="1" time="0.026930"/>
      </testsuite>
      <testsuite name="Tests\Unit\PonyAI\VectorMathTest" file="E:\coupony-backend\tests\Unit\PonyAI\VectorMathTest.php" tests="9" assertions="17" errors="0" failures="0" skipped="0" time="0.257761">
        <testcase name="test_identical_vectors_have_cosine_one" file="E:\coupony-backend\tests\Unit\PonyAI\VectorMathTest.php" line="11" class="Tests\Unit\PonyAI\VectorMathTest" classname="Tests.Unit.PonyAI.VectorMathTest" assertions="1" time="0.028796"/>
        <testcase name="test_orthogonal_vectors_have_cosine_zero" file="E:\coupony-backend\tests\Unit\PonyAI\VectorMathTest.php" line="16" class="Tests\Unit\PonyAI\VectorMathTest" classname="Tests.Unit.PonyAI.VectorMathTest" assertions="1" time="0.028224"/>
        <testcase name="test_opposite_vectors_have_cosine_minus_one" file="E:\coupony-backend\tests\Unit\PonyAI\VectorMathTest.php" line="21" class="Tests\Unit\PonyAI\VectorMathTest" classname="Tests.Unit.PonyAI.VectorMathTest" assertions="1" time="0.027198"/>
        <testcase name="test_zero_vector_returns_zero" file="E:\coupony-backend\tests\Unit\PonyAI\VectorMathTest.php" line="26" class="Tests\Unit\PonyAI\VectorMathTest" classname="Tests.Unit.PonyAI.VectorMathTest" assertions="2" time="0.027239"/>
        <testcase name="test_empty_vectors_return_zero" file="E:\coupony-backend\tests\Unit\PonyAI\VectorMathTest.php" line="32" class="Tests\Unit\PonyAI\VectorMathTest" classname="Tests.Unit.PonyAI.VectorMathTest" assertions="1" time="0.033472"/>
        <testcase name="test_length_mismatch_throws" file="E:\coupony-backend\tests\Unit\PonyAI\VectorMathTest.php" line="37" class="Tests\Unit\PonyAI\VectorMathTest" classname="Tests.Unit.PonyAI.VectorMathTest" assertions="2" time="0.028514"/>
        <testcase name="test_top_k_returns_sorted_by_score_descending" file="E:\coupony-backend\tests\Unit\PonyAI\VectorMathTest.php" line="45" class="Tests\Unit\PonyAI\VectorMathTest" classname="Tests.Unit.PonyAI.VectorMathTest" assertions="6" time="0.027094"/>
        <testcase name="test_top_k_skips_empty_candidate_vectors" file="E:\coupony-backend\tests\Unit\PonyAI\VectorMathTest.php" line="65" class="Tests\Unit\PonyAI\VectorMathTest" classname="Tests.Unit.PonyAI.VectorMathTest" assertions="2" time="0.028318"/>
        <testcase name="test_top_k_returns_empty_when_top_is_zero" file="E:\coupony-backend\tests\Unit\PonyAI\VectorMathTest.php" line="77" class="Tests\Unit\PonyAI\VectorMathTest" classname="Tests.Unit.PonyAI.VectorMathTest" assertions="1" time="0.028906"/>
      </testsuite>
      <testsuite name="Tests\Unit\ProductIdentifierGenerationTest" file="E:\coupony-backend\tests\Unit\ProductIdentifierGenerationTest.php" tests="4" assertions="10" errors="0" failures="0" skipped="0" time="0.127565">
        <testcase name="test_transliterator_handles_arabic_and_english_titles" file="E:\coupony-backend\tests\Unit\ProductIdentifierGenerationTest.php" line="27" class="Tests\Unit\ProductIdentifierGenerationTest" classname="Tests.Unit.ProductIdentifierGenerationTest" assertions="3" time="0.032678"/>
        <testcase name="test_prepare_product_identifiers_generates_expected_product_and_variant_skus" file="E:\coupony-backend\tests\Unit\ProductIdentifierGenerationTest.php" line="36" class="Tests\Unit\ProductIdentifierGenerationTest" classname="Tests.Unit.ProductIdentifierGenerationTest" assertions="3" time="0.036539"/>
        <testcase name="test_resolve_attribute_code_maps_common_arabic_values_to_stable_codes" file="E:\coupony-backend\tests\Unit\ProductIdentifierGenerationTest.php" line="88" class="Tests\Unit\ProductIdentifierGenerationTest" classname="Tests.Unit.ProductIdentifierGenerationTest" assertions="3" time="0.029076"/>
        <testcase name="test_variant_sku_generation_supports_arabic_attribute_names_and_values" file="E:\coupony-backend\tests\Unit\ProductIdentifierGenerationTest.php" line="97" class="Tests\Unit\ProductIdentifierGenerationTest" classname="Tests.Unit.ProductIdentifierGenerationTest" assertions="1" time="0.029271"/>
      </testsuite>
      <testsuite name="Tests\Unit\ProductRevisionWorkflowTest" file="E:\coupony-backend\tests\Unit\ProductRevisionWorkflowTest.php" tests="14" assertions="73" errors="0" failures="0" skipped="0" time="1.588503">
        <testcase name="test_create_generates_pending_revision_number_one" file="E:\coupony-backend\tests\Unit\ProductRevisionWorkflowTest.php" line="34" class="Tests\Unit\ProductRevisionWorkflowTest" classname="Tests.Unit.ProductRevisionWorkflowTest" assertions="9" time="0.071298"/>
        <testcase name="test_approve_applies_revision_and_marks_live_product_approved" file="E:\coupony-backend\tests\Unit\ProductRevisionWorkflowTest.php" line="57" class="Tests\Unit\ProductRevisionWorkflowTest" classname="Tests.Unit.ProductRevisionWorkflowTest" assertions="7" time="0.093575"/>
        <testcase name="test_reject_keeps_live_data_unchanged" file="E:\coupony-backend\tests\Unit\ProductRevisionWorkflowTest.php" line="84" class="Tests\Unit\ProductRevisionWorkflowTest" classname="Tests.Unit.ProductRevisionWorkflowTest" assertions="4" time="0.110398"/>
        <testcase name="test_approved_reviewable_update_creates_pending_revision_with_review_fields_and_full_snapshot" file="E:\coupony-backend\tests\Unit\ProductRevisionWorkflowTest.php" line="108" class="Tests\Unit\ProductRevisionWorkflowTest" classname="Tests.Unit.ProductRevisionWorkflowTest" assertions="8" time="0.162474"/>
        <testcase name="test_approved_direct_only_update_applies_immediately_without_creating_pending_revision" file="E:\coupony-backend\tests\Unit\ProductRevisionWorkflowTest.php" line="141" class="Tests\Unit\ProductRevisionWorkflowTest" classname="Tests.Unit.ProductRevisionWorkflowTest" assertions="2" time="0.103475"/>
        <testcase name="test_approved_title_and_description_update_live_without_creating_pending_revision" file="E:\coupony-backend\tests\Unit\ProductRevisionWorkflowTest.php" line="167" class="Tests\Unit\ProductRevisionWorkflowTest" classname="Tests.Unit.ProductRevisionWorkflowTest" assertions="3" time="0.102591"/>
        <testcase name="test_approved_variant_direct_only_update_applies_immediately_without_creating_pending_revision" file="E:\coupony-backend\tests\Unit\ProductRevisionWorkflowTest.php" line="195" class="Tests\Unit\ProductRevisionWorkflowTest" classname="Tests.Unit.ProductRevisionWorkflowTest" assertions="4" time="0.121637"/>
        <testcase name="test_approved_variant_reviewable_update_creates_pending_revision_without_mutating_live_variant" file="E:\coupony-backend\tests\Unit\ProductRevisionWorkflowTest.php" line="257" class="Tests\Unit\ProductRevisionWorkflowTest" classname="Tests.Unit.ProductRevisionWorkflowTest" assertions="5" time="0.112599"/>
        <testcase name="test_review_only_variant_update_keeps_live_variant_id_unchanged" file="E:\coupony-backend\tests\Unit\ProductRevisionWorkflowTest.php" line="321" class="Tests\Unit\ProductRevisionWorkflowTest" classname="Tests.Unit.ProductRevisionWorkflowTest" assertions="4" time="0.111631"/>
        <testcase name="test_approved_image_metadata_update_applies_immediately_without_creating_pending_revision" file="E:\coupony-backend\tests\Unit\ProductRevisionWorkflowTest.php" line="386" class="Tests\Unit\ProductRevisionWorkflowTest" classname="Tests.Unit.ProductRevisionWorkflowTest" assertions="3" time="0.101020"/>
        <testcase name="test_approved_image_file_change_creates_pending_revision_without_mutating_live_image" file="E:\coupony-backend\tests\Unit\ProductRevisionWorkflowTest.php" line="421" class="Tests\Unit\ProductRevisionWorkflowTest" classname="Tests.Unit.ProductRevisionWorkflowTest" assertions="4" time="0.120904"/>
        <testcase name="test_approved_mixed_image_update_applies_metadata_live_and_keeps_file_pending" file="E:\coupony-backend\tests\Unit\ProductRevisionWorkflowTest.php" line="457" class="Tests\Unit\ProductRevisionWorkflowTest" classname="Tests.Unit.ProductRevisionWorkflowTest" assertions="5" time="0.110794"/>
        <testcase name="test_approved_mixed_update_applies_direct_fields_and_keeps_reviewable_fields_pending" file="E:\coupony-backend\tests\Unit\ProductRevisionWorkflowTest.php" line="495" class="Tests\Unit\ProductRevisionWorkflowTest" classname="Tests.Unit.ProductRevisionWorkflowTest" assertions="7" time="0.109445"/>
        <testcase name="test_pending_revision_review_fields_are_merged_on_subsequent_updates" file="E:\coupony-backend\tests\Unit\ProductRevisionWorkflowTest.php" line="528" class="Tests\Unit\ProductRevisionWorkflowTest" classname="Tests.Unit.ProductRevisionWorkflowTest" assertions="8" time="0.156662"/>
      </testsuite>
      <testsuite name="Tests\Unit\RegisterUserTest" file="E:\coupony-backend\tests\Unit\RegisterUserTest.php" tests="6" assertions="21" errors="0" failures="0" skipped="0" time="0.234802">
        <testcase name="test_register_customer_creates_user_with_profile" file="E:\coupony-backend\tests\Unit\RegisterUserTest.php" line="40" class="Tests\Unit\RegisterUserTest" classname="Tests.Unit.RegisterUserTest" assertions="8" time="0.041520"/>
        <testcase name="test_register_admin_creates_verified_user" file="E:\coupony-backend\tests\Unit\RegisterUserTest.php" line="68" class="Tests\Unit\RegisterUserTest" classname="Tests.Unit.RegisterUserTest" assertions="4" time="0.037816"/>
        <testcase name="test_register_hashes_password" file="E:\coupony-backend\tests\Unit\RegisterUserTest.php" line="96" class="Tests\Unit\RegisterUserTest" classname="Tests.Unit.RegisterUserTest" assertions="2" time="0.036769"/>
        <testcase name="test_register_assigns_correct_role" file="E:\coupony-backend\tests\Unit\RegisterUserTest.php" line="113" class="Tests\Unit\RegisterUserTest" classname="Tests.Unit.RegisterUserTest" assertions="2" time="0.041976"/>
        <testcase name="test_register_seller_assigns_seller_pending_role" file="E:\coupony-backend\tests\Unit\RegisterUserTest.php" line="130" class="Tests\Unit\RegisterUserTest" classname="Tests.Unit.RegisterUserTest" assertions="4" time="0.039077"/>
        <testcase name="test_register_stores_ip_address" file="E:\coupony-backend\tests\Unit\RegisterUserTest.php" line="149" class="Tests\Unit\RegisterUserTest" classname="Tests.Unit.RegisterUserTest" assertions="1" time="0.037644"/>
      </testsuite>
      <testsuite name="Tests\Unit\SubscriptionStateMachineTest" file="E:\coupony-backend\tests\Unit\SubscriptionStateMachineTest.php" tests="8" assertions="40" errors="0" failures="0" skipped="0" time="0.292165">
        <testcase name="test_can_transition_returns_true_for_allowed_transitions" file="E:\coupony-backend\tests\Unit\SubscriptionStateMachineTest.php" line="26" class="Tests\Unit\SubscriptionStateMachineTest" classname="Tests.Unit.SubscriptionStateMachineTest" assertions="11" time="0.028487"/>
        <testcase name="test_can_transition_returns_false_for_disallowed_transitions" file="E:\coupony-backend\tests\Unit\SubscriptionStateMachineTest.php" line="50" class="Tests\Unit\SubscriptionStateMachineTest" classname="Tests.Unit.SubscriptionStateMachineTest" assertions="15" time="0.027770"/>
        <testcase name="test_get_allowed_transitions_returns_correct_statuses" file="E:\coupony-backend\tests\Unit\SubscriptionStateMachineTest.php" line="78" class="Tests\Unit\SubscriptionStateMachineTest" classname="Tests.Unit.SubscriptionStateMachineTest" assertions="7" time="0.031037"/>
        <testcase name="test_transition_updates_subscription_status" file="E:\coupony-backend\tests\Unit\SubscriptionStateMachineTest.php" line="116" class="Tests\Unit\SubscriptionStateMachineTest" classname="Tests.Unit.SubscriptionStateMachineTest" assertions="1" time="0.044137"/>
        <testcase name="test_transition_creates_audit_log_entry" file="E:\coupony-backend\tests\Unit\SubscriptionStateMachineTest.php" line="139" class="Tests\Unit\SubscriptionStateMachineTest" classname="Tests.Unit.SubscriptionStateMachineTest" assertions="1" time="0.041153"/>
        <testcase name="test_transition_throws_exception_for_disallowed_transition" file="E:\coupony-backend\tests\Unit\SubscriptionStateMachineTest.php" line="169" class="Tests\Unit\SubscriptionStateMachineTest" classname="Tests.Unit.SubscriptionStateMachineTest" assertions="2" time="0.040422"/>
        <testcase name="test_transition_does_not_create_audit_log_on_failure" file="E:\coupony-backend\tests\Unit\SubscriptionStateMachineTest.php" line="193" class="Tests\Unit\SubscriptionStateMachineTest" classname="Tests.Unit.SubscriptionStateMachineTest" assertions="1" time="0.038256"/>
        <testcase name="test_invalid_state_transition_exception_exposes_from_and_to" file="E:\coupony-backend\tests\Unit\SubscriptionStateMachineTest.php" line="222" class="Tests\Unit\SubscriptionStateMachineTest" classname="Tests.Unit.SubscriptionStateMachineTest" assertions="2" time="0.040902"/>
      </testsuite>
    </testsuite>
    <testsuite name="Feature" tests="864" assertions="7545" errors="7" failures="50" skipped="0" time="79.175807">
      <testsuite name="Tests\Feature\API\V1\StoreFollowControllerTest" file="E:\coupony-backend\tests\Feature\API\V1\StoreFollowControllerTest.php" tests="5" assertions="39" errors="0" failures="0" skipped="0" time="0.312537">
        <testcase name="it_can_retrieve_followers_for_an_active_store" file="E:\coupony-backend\tests\Feature\API\V1\StoreFollowControllerTest.php" line="18" class="Tests\Feature\API\V1\StoreFollowControllerTest" classname="Tests.Feature.API.V1.StoreFollowControllerTest" assertions="29" time="0.119092"/>
        <testcase name="it_returns_404_if_store_is_not_found" file="E:\coupony-backend\tests\Feature\API\V1\StoreFollowControllerTest.php" line="63" class="Tests\Feature\API\V1\StoreFollowControllerTest" classname="Tests.Feature.API.V1.StoreFollowControllerTest" assertions="2" time="0.038746"/>
        <testcase name="it_returns_404_if_store_is_inactive" file="E:\coupony-backend\tests\Feature\API\V1\StoreFollowControllerTest.php" line="78" class="Tests\Feature\API\V1\StoreFollowControllerTest" classname="Tests.Feature.API.V1.StoreFollowControllerTest" assertions="2" time="0.039292"/>
        <testcase name="it_returns_empty_data_if_store_has_no_followers" file="E:\coupony-backend\tests\Feature\API\V1\StoreFollowControllerTest.php" line="93" class="Tests\Feature\API\V1\StoreFollowControllerTest" classname="Tests.Feature.API.V1.StoreFollowControllerTest" assertions="3" time="0.041568"/>
        <testcase name="it_applies_pagination_correctly" file="E:\coupony-backend\tests\Feature\API\V1\StoreFollowControllerTest.php" line="116" class="Tests\Feature\API\V1\StoreFollowControllerTest" classname="Tests.Feature.API.V1.StoreFollowControllerTest" assertions="3" time="0.073839"/>
      </testsuite>
      <testsuite name="Tests\Feature\Admin\PointsManagementTest" file="E:\coupony-backend\tests\Feature\Admin\PointsManagementTest.php" tests="6" assertions="29" errors="0" failures="0" skipped="0" time="0.380751">
        <testcase name="test_admin_can_add_user_points" file="E:\coupony-backend\tests\Feature\Admin\PointsManagementTest.php" line="42" class="Tests\Feature\Admin\PointsManagementTest" classname="Tests.Feature.Admin.PointsManagementTest" assertions="4" time="0.058054"/>
        <testcase name="test_admin_can_deduct_user_points" file="E:\coupony-backend\tests\Feature\Admin\PointsManagementTest.php" line="63" class="Tests\Feature\Admin\PointsManagementTest" classname="Tests.Feature.Admin.PointsManagementTest" assertions="4" time="0.062444"/>
        <testcase name="test_admin_can_set_user_points" file="E:\coupony-backend\tests\Feature\Admin\PointsManagementTest.php" line="89" class="Tests\Feature\Admin\PointsManagementTest" classname="Tests.Feature.Admin.PointsManagementTest" assertions="3" time="0.045994"/>
        <testcase name="test_admin_can_view_user_transactions" file="E:\coupony-backend\tests\Feature\Admin\PointsManagementTest.php" line="109" class="Tests\Feature\Admin\PointsManagementTest" classname="Tests.Feature.Admin.PointsManagementTest" assertions="4" time="0.089657"/>
        <testcase name="test_non_admin_cannot_access_admin_points_endpoints" file="E:\coupony-backend\tests\Feature\Admin\PointsManagementTest.php" line="125" class="Tests\Feature\Admin\PointsManagementTest" classname="Tests.Feature.Admin.PointsManagementTest" assertions="2" time="0.062573"/>
        <testcase name="test_admin_can_add_deduct_and_set_store_points" file="E:\coupony-backend\tests\Feature\Admin\PointsManagementTest.php" line="139" class="Tests\Feature\Admin\PointsManagementTest" classname="Tests.Feature.Admin.PointsManagementTest" assertions="12" time="0.062029"/>
      </testsuite>
      <testsuite name="Tests\Feature\Admin\ProductManagementTest" file="E:\coupony-backend\tests\Feature\Admin\ProductManagementTest.php" tests="12" assertions="41" errors="0" failures="2" skipped="0" time="0.794728">
        <testcase name="test_admin_can_list_products" file="E:\coupony-backend\tests\Feature\Admin\ProductManagementTest.php" line="35" class="Tests\Feature\Admin\ProductManagementTest" classname="Tests.Feature.Admin.ProductManagementTest" assertions="3" time="0.075081"/>
        <testcase name="test_admin_can_filter_and_search_products" file="E:\coupony-backend\tests\Feature\Admin\ProductManagementTest.php" line="47" class="Tests\Feature\Admin\ProductManagementTest" classname="Tests.Feature.Admin.ProductManagementTest" assertions="3" time="0.058057"/>
        <testcase name="test_admin_can_view_a_single_product" file="E:\coupony-backend\tests\Feature\Admin\ProductManagementTest.php" line="68" class="Tests\Feature\Admin\ProductManagementTest" classname="Tests.Feature.Admin.ProductManagementTest" assertions="2" time="0.054518"/>
        <testcase name="test_admin_can_create_a_product" file="E:\coupony-backend\tests\Feature\Admin\ProductManagementTest.php" line="78" class="Tests\Feature\Admin\ProductManagementTest" classname="Tests.Feature.Admin.ProductManagementTest" assertions="6" time="0.069298"/>
        <testcase name="test_admin_create_without_slug_and_sku_generates_identifiers" file="E:\coupony-backend\tests\Feature\Admin\ProductManagementTest.php" line="111" class="Tests\Feature\Admin\ProductManagementTest" classname="Tests.Feature.Admin.ProductManagementTest" assertions="4" time="0.072969"/>
        <testcase name="test_admin_create_buy_x_get_y_accepts_generated_variant_sku_targets" file="E:\coupony-backend\tests\Feature\Admin\ProductManagementTest.php" line="159" class="Tests\Feature\Admin\ProductManagementTest" classname="Tests.Feature.Admin.ProductManagementTest" assertions="3" time="0.086539"/>
        <testcase name="test_admin_can_update_an_approved_product_directly" file="E:\coupony-backend\tests\Feature\Admin\ProductManagementTest.php" line="209" class="Tests\Feature\Admin\ProductManagementTest" classname="Tests.Feature.Admin.ProductManagementTest" assertions="5" time="0.061903"/>
        <testcase name="test_admin_update_does_not_create_a_pending_revision" file="E:\coupony-backend\tests\Feature\Admin\ProductManagementTest.php" line="235" class="Tests\Feature\Admin\ProductManagementTest" classname="Tests.Feature.Admin.ProductManagementTest" assertions="4" time="0.057716"/>
        <testcase name="test_admin_can_delete_a_product" file="E:\coupony-backend\tests\Feature\Admin\ProductManagementTest.php" line="260" class="Tests\Feature\Admin\ProductManagementTest" classname="Tests.Feature.Admin.ProductManagementTest" assertions="2" time="0.046303"/>
        <testcase name="test_non_admin_cannot_access_admin_product_crud_endpoints" file="E:\coupony-backend\tests\Feature\Admin\ProductManagementTest.php" line="271" class="Tests\Feature\Admin\ProductManagementTest" classname="Tests.Feature.Admin.ProductManagementTest" assertions="5" time="0.053430"/>
        <testcase name="test_seller_direct_field_update_applies_live_after_approval_without_pending_revision" file="E:\coupony-backend\tests\Feature\Admin\ProductManagementTest.php" line="298" class="Tests\Feature\Admin\ProductManagementTest" classname="Tests.Feature.Admin.ProductManagementTest" assertions="1" time="0.106741">
          <failure type="PHPUnit\Framework\ExpectationFailedException">Tests\Feature\Admin\ProductManagementTest::test_seller_direct_field_update_applies_live_after_approval_without_pending_revision&#13;
Expected response status code [200] but received 404.
Failed asserting that 404 is identical to 200.
&#13;
E:\coupony-backend\vendor\laravel\framework\src\Illuminate\Testing\TestResponseAssert.php:45
E:\coupony-backend\vendor\laravel\framework\src\Illuminate\Testing\TestResponse.php:174
E:\coupony-backend\vendor\laravel\framework\src\Illuminate\Testing\Concerns\AssertsStatusCodes.php:16
E:\coupony-backend\tests\Feature\Admin\ProductManagementTest.php:312</failure>
        </testcase>
        <testcase name="test_existing_admin_revision_endpoints_still_work" file="E:\coupony-backend\tests\Feature\Admin\ProductManagementTest.php" line="323" class="Tests\Feature\Admin\ProductManagementTest" classname="Tests.Feature.Admin.ProductManagementTest" assertions="3" time="0.052173">
          <failure type="PHPUnit\Framework\ExpectationFailedException">Tests\Feature\Admin\ProductManagementTest::test_existing_admin_revision_endpoints_still_work&#13;
Expected response status code [200] but received 404.
Failed asserting that 404 is identical to 200.
&#13;
E:\coupony-backend\vendor\laravel\framework\src\Illuminate\Testing\TestResponseAssert.php:45
E:\coupony-backend\vendor\laravel\framework\src\Illuminate\Testing\TestResponse.php:174
E:\coupony-backend\vendor\laravel\framework\src\Illuminate\Testing\Concerns\AssertsStatusCodes.php:16
E:\coupony-backend\tests\Feature\Admin\ProductManagementTest.php:342</failure>
        </testcase>
      </testsuite>
      <testsuite name="Tests\Feature\Admin\StoreManagementTest" file="E:\coupony-backend\tests\Feature\Admin\StoreManagementTest.php" tests="10" assertions="37" errors="0" failures="0" skipped="0" time="0.574171">
        <testcase name="test_admin_can_view_pending_stores" file="E:\coupony-backend\tests\Feature\Admin\StoreManagementTest.php" line="47" class="Tests\Feature\Admin\StoreManagementTest" classname="Tests.Feature.Admin.StoreManagementTest" assertions="2" time="0.066441"/>
        <testcase name="test_admin_can_view_all_stores_with_filters" file="E:\coupony-backend\tests\Feature\Admin\StoreManagementTest.php" line="59" class="Tests\Feature\Admin\StoreManagementTest" classname="Tests.Feature.Admin.StoreManagementTest" assertions="2" time="0.067221"/>
        <testcase name="test_admin_can_view_single_store" file="E:\coupony-backend\tests\Feature\Admin\StoreManagementTest.php" line="71" class="Tests\Feature\Admin\StoreManagementTest" classname="Tests.Feature.Admin.StoreManagementTest" assertions="2" time="0.049955"/>
        <testcase name="test_admin_can_approve_pending_store" file="E:\coupony-backend\tests\Feature\Admin\StoreManagementTest.php" line="82" class="Tests\Feature\Admin\StoreManagementTest" classname="Tests.Feature.Admin.StoreManagementTest" assertions="14" time="0.058296"/>
        <testcase name="test_admin_can_reject_pending_store" file="E:\coupony-backend\tests\Feature\Admin\StoreManagementTest.php" line="136" class="Tests\Feature\Admin\StoreManagementTest" classname="Tests.Feature.Admin.StoreManagementTest" assertions="9" time="0.066340"/>
        <testcase name="test_cannot_approve_non_pending_store" file="E:\coupony-backend\tests\Feature\Admin\StoreManagementTest.php" line="172" class="Tests\Feature\Admin\StoreManagementTest" classname="Tests.Feature.Admin.StoreManagementTest" assertions="1" time="0.050563"/>
        <testcase name="test_cannot_reject_non_pending_store" file="E:\coupony-backend\tests\Feature\Admin\StoreManagementTest.php" line="184" class="Tests\Feature\Admin\StoreManagementTest" classname="Tests.Feature.Admin.StoreManagementTest" assertions="1" time="0.049393"/>
        <testcase name="test_admin_can_view_store_statistics" file="E:\coupony-backend\tests\Feature\Admin\StoreManagementTest.php" line="198" class="Tests\Feature\Admin\StoreManagementTest" classname="Tests.Feature.Admin.StoreManagementTest" assertions="2" time="0.051999"/>
        <testcase name="test_non_admin_cannot_access_store_management" file="E:\coupony-backend\tests\Feature\Admin\StoreManagementTest.php" line="218" class="Tests\Feature\Admin\StoreManagementTest" classname="Tests.Feature.Admin.StoreManagementTest" assertions="1" time="0.043323"/>
        <testcase name="test_reject_requires_reason" file="E:\coupony-backend\tests\Feature\Admin\StoreManagementTest.php" line="229" class="Tests\Feature\Admin\StoreManagementTest" classname="Tests.Feature.Admin.StoreManagementTest" assertions="3" time="0.070641"/>
      </testsuite>
      <testsuite name="Tests\Feature\Admin\UserManagementTest" file="E:\coupony-backend\tests\Feature\Admin\UserManagementTest.php" tests="8" assertions="25" errors="0" failures="0" skipped="0" time="0.399287">
        <testcase name="test_admin_can_list_users_with_filters" file="E:\coupony-backend\tests\Feature\Admin\UserManagementTest.php" line="29" class="Tests\Feature\Admin\UserManagementTest" classname="Tests.Feature.Admin.UserManagementTest" assertions="3" time="0.066205"/>
        <testcase name="test_admin_can_view_single_user_details" file="E:\coupony-backend\tests\Feature\Admin\UserManagementTest.php" line="45" class="Tests\Feature\Admin\UserManagementTest" classname="Tests.Feature.Admin.UserManagementTest" assertions="3" time="0.042941"/>
        <testcase name="test_admin_can_update_user_account_profile_and_role" file="E:\coupony-backend\tests\Feature\Admin\UserManagementTest.php" line="58" class="Tests\Feature\Admin\UserManagementTest" classname="Tests.Feature.Admin.UserManagementTest" assertions="7" time="0.053304"/>
        <testcase name="test_admin_can_update_user_status" file="E:\coupony-backend\tests\Feature\Admin\UserManagementTest.php" line="97" class="Tests\Feature\Admin\UserManagementTest" classname="Tests.Feature.Admin.UserManagementTest" assertions="3" time="0.041661"/>
        <testcase name="test_admin_can_delete_user" file="E:\coupony-backend\tests\Feature\Admin\UserManagementTest.php" line="118" class="Tests\Feature\Admin\UserManagementTest" classname="Tests.Feature.Admin.UserManagementTest" assertions="2" time="0.049129"/>
        <testcase name="test_admin_can_view_user_statistics" file="E:\coupony-backend\tests\Feature\Admin\UserManagementTest.php" line="133" class="Tests\Feature\Admin\UserManagementTest" classname="Tests.Feature.Admin.UserManagementTest" assertions="5" time="0.051799"/>
        <testcase name="test_non_admin_cannot_access_user_management" file="E:\coupony-backend\tests\Feature\Admin\UserManagementTest.php" line="154" class="Tests\Feature\Admin\UserManagementTest" classname="Tests.Feature.Admin.UserManagementTest" assertions="1" time="0.055338"/>
        <testcase name="test_admin_cannot_delete_self" file="E:\coupony-backend\tests\Feature\Admin\UserManagementTest.php" line="165" class="Tests\Feature\Admin\UserManagementTest" classname="Tests.Feature.Admin.UserManagementTest" assertions="1" time="0.038910"/>
      </testsuite>
      <testsuite name="Tests\Feature\Analytics\ProductAnalyticsTest" file="E:\coupony-backend\tests\Feature\Analytics\ProductAnalyticsTest.php" tests="8" assertions="61" errors="0" failures="0" skipped="0" time="0.353218">
        <testcase name="test_unauthenticated_request_returns_401" file="E:\coupony-backend\tests\Feature\Analytics\ProductAnalyticsTest.php" line="30" class="Tests\Feature\Analytics\ProductAnalyticsTest" classname="Tests.Feature.Analytics.ProductAnalyticsTest" assertions="1" time="0.039500"/>
        <testcase name="test_product_not_in_users_store_returns_403" file="E:\coupony-backend\tests\Feature\Analytics\ProductAnalyticsTest.php" line="44" class="Tests\Feature\Analytics\ProductAnalyticsTest" classname="Tests.Feature.Analytics.ProductAnalyticsTest" assertions="1" time="0.042819"/>
        <testcase name="test_nonexistent_product_returns_404" file="E:\coupony-backend\tests\Feature\Analytics\ProductAnalyticsTest.php" line="63" class="Tests\Feature\Analytics\ProductAnalyticsTest" classname="Tests.Feature.Analytics.ProductAnalyticsTest" assertions="1" time="0.036096"/>
        <testcase name="test_valid_response_structure_with_all_keys" file="E:\coupony-backend\tests\Feature\Analytics\ProductAnalyticsTest.php" line="80" class="Tests\Feature\Analytics\ProductAnalyticsTest" classname="Tests.Feature.Analytics.ProductAnalyticsTest" assertions="33" time="0.044513"/>
        <testcase name="test_cache_hit_returns_same_data" file="E:\coupony-backend\tests\Feature\Analytics\ProductAnalyticsTest.php" line="131" class="Tests\Feature\Analytics\ProductAnalyticsTest" classname="Tests.Feature.Analytics.ProductAnalyticsTest" assertions="3" time="0.065519"/>
        <testcase name="test_zero_data_response" file="E:\coupony-backend\tests\Feature\Analytics\ProductAnalyticsTest.php" line="168" class="Tests\Feature\Analytics\ProductAnalyticsTest" classname="Tests.Feature.Analytics.ProductAnalyticsTest" assertions="17" time="0.041414"/>
        <testcase name="test_engagement_rate_is_zero_when_no_impressions" file="E:\coupony-backend\tests\Feature\Analytics\ProductAnalyticsTest.php" line="221" class="Tests\Feature\Analytics\ProductAnalyticsTest" classname="Tests.Feature.Analytics.ProductAnalyticsTest" assertions="2" time="0.040908"/>
        <testcase name="test_audience_defaults_when_no_interactions" file="E:\coupony-backend\tests\Feature\Analytics\ProductAnalyticsTest.php" line="243" class="Tests\Feature\Analytics\ProductAnalyticsTest" classname="Tests.Feature.Analytics.ProductAnalyticsTest" assertions="3" time="0.042449"/>
      </testsuite>
      <testsuite name="Tests\Feature\Analytics\SellerDashboardTest" file="E:\coupony-backend\tests\Feature\Analytics\SellerDashboardTest.php" tests="147" assertions="5225" errors="0" failures="0" skipped="0" time="7.459351">
        <testsuite name="Tests\Feature\Analytics\SellerDashboardTest::test_top_performing_offers_are_sorted_by_usage_count_descending" tests="20" assertions="210" errors="0" failures="0" skipped="0" time="1.263569">
          <testcase name="test_top_performing_offers_are_sorted_by_usage_count_descending with data set #0" file="E:\coupony-backend\tests\Feature\Analytics\SellerDashboardTest.php" line="58" class="Tests\Feature\Analytics\SellerDashboardTest" classname="Tests.Feature.Analytics.SellerDashboardTest" assertions="7" time="0.053598"/>
          <testcase name="test_top_performing_offers_are_sorted_by_usage_count_descending with data set #1" file="E:\coupony-backend\tests\Feature\Analytics\SellerDashboardTest.php" line="58" class="Tests\Feature\Analytics\SellerDashboardTest" classname="Tests.Feature.Analytics.SellerDashboardTest" assertions="9" time="0.062881"/>
          <testcase name="test_top_performing_offers_are_sorted_by_usage_count_descending with data set #2" file="E:\coupony-backend\tests\Feature\Analytics\SellerDashboardTest.php" line="58" class="Tests\Feature\Analytics\SellerDashboardTest" classname="Tests.Feature.Analytics.SellerDashboardTest" assertions="1" time="0.052227"/>
          <testcase name="test_top_performing_offers_are_sorted_by_usage_count_descending with data set #3" file="E:\coupony-backend\tests\Feature\Analytics\SellerDashboardTest.php" line="58" class="Tests\Feature\Analytics\SellerDashboardTest" classname="Tests.Feature.Analytics.SellerDashboardTest" assertions="19" time="0.077135"/>
          <testcase name="test_top_performing_offers_are_sorted_by_usage_count_descending with data set #4" file="E:\coupony-backend\tests\Feature\Analytics\SellerDashboardTest.php" line="58" class="Tests\Feature\Analytics\SellerDashboardTest" classname="Tests.Feature.Analytics.SellerDashboardTest" assertions="1" time="0.039507"/>
          <testcase name="test_top_performing_offers_are_sorted_by_usage_count_descending with data set #5" file="E:\coupony-backend\tests\Feature\Analytics\SellerDashboardTest.php" line="58" class="Tests\Feature\Analytics\SellerDashboardTest" classname="Tests.Feature.Analytics.SellerDashboardTest" assertions="11" time="0.062894"/>
          <testcase name="test_top_performing_offers_are_sorted_by_usage_count_descending with data set #6" file="E:\coupony-backend\tests\Feature\Analytics\SellerDashboardTest.php" line="58" class="Tests\Feature\Analytics\SellerDashboardTest" classname="Tests.Feature.Analytics.SellerDashboardTest" assertions="9" time="0.055343"/>
          <testcase name="test_top_performing_offers_are_sorted_by_usage_count_descending with data set #7" file="E:\coupony-backend\tests\Feature\Analytics\SellerDashboardTest.php" line="58" class="Tests\Feature\Analytics\SellerDashboardTest" classname="Tests.Feature.Analytics.SellerDashboardTest" assertions="19" time="0.082000"/>
          <testcase name="test_top_performing_offers_are_sorted_by_usage_count_descending with data set #8" file="E:\coupony-backend\tests\Feature\Analytics\SellerDashboardTest.php" line="58" class="Tests\Feature\Analytics\SellerDashboardTest" classname="Tests.Feature.Analytics.SellerDashboardTest" assertions="9" time="0.058834"/>
          <testcase name="test_top_performing_offers_are_sorted_by_usage_count_descending with data set #9" file="E:\coupony-backend\tests\Feature\Analytics\SellerDashboardTest.php" line="58" class="Tests\Feature\Analytics\SellerDashboardTest" classname="Tests.Feature.Analytics.SellerDashboardTest" assertions="15" time="0.062292"/>
          <testcase name="test_top_performing_offers_are_sorted_by_usage_count_descending with data set #10" file="E:\coupony-backend\tests\Feature\Analytics\SellerDashboardTest.php" line="58" class="Tests\Feature\Analytics\SellerDashboardTest" classname="Tests.Feature.Analytics.SellerDashboardTest" assertions="17" time="0.067456"/>
          <testcase name="test_top_performing_offers_are_sorted_by_usage_count_descending with data set #11" file="E:\coupony-backend\tests\Feature\Analytics\SellerDashboardTest.php" line="58" class="Tests\Feature\Analytics\SellerDashboardTest" classname="Tests.Feature.Analytics.SellerDashboardTest" assertions="11" time="0.080972"/>
          <testcase name="test_top_performing_offers_are_sorted_by_usage_count_descending with data set #12" file="E:\coupony-backend\tests\Feature\Analytics\SellerDashboardTest.php" line="58" class="Tests\Feature\Analytics\SellerDashboardTest" classname="Tests.Feature.Analytics.SellerDashboardTest" assertions="3" time="0.044745"/>
          <testcase name="test_top_performing_offers_are_sorted_by_usage_count_descending with data set #13" file="E:\coupony-backend\tests\Feature\Analytics\SellerDashboardTest.php" line="58" class="Tests\Feature\Analytics\SellerDashboardTest" classname="Tests.Feature.Analytics.SellerDashboardTest" assertions="19" time="0.070065"/>
          <testcase name="test_top_performing_offers_are_sorted_by_usage_count_descending with data set #14" file="E:\coupony-backend\tests\Feature\Analytics\SellerDashboardTest.php" line="58" class="Tests\Feature\Analytics\SellerDashboardTest" classname="Tests.Feature.Analytics.SellerDashboardTest" assertions="11" time="0.057989"/>
          <testcase name="test_top_performing_offers_are_sorted_by_usage_count_descending with data set #15" file="E:\coupony-backend\tests\Feature\Analytics\SellerDashboardTest.php" line="58" class="Tests\Feature\Analytics\SellerDashboardTest" classname="Tests.Feature.Analytics.SellerDashboardTest" assertions="3" time="0.047385"/>
          <testcase name="test_top_performing_offers_are_sorted_by_usage_count_descending with data set #16" file="E:\coupony-backend\tests\Feature\Analytics\SellerDashboardTest.php" line="58" class="Tests\Feature\Analytics\SellerDashboardTest" classname="Tests.Feature.Analytics.SellerDashboardTest" assertions="17" time="0.074341"/>
          <testcase name="test_top_performing_offers_are_sorted_by_usage_count_descending with data set #17" file="E:\coupony-backend\tests\Feature\Analytics\SellerDashboardTest.php" line="58" class="Tests\Feature\Analytics\SellerDashboardTest" classname="Tests.Feature.Analytics.SellerDashboardTest" assertions="17" time="0.092228"/>
          <testcase name="test_top_performing_offers_are_sorted_by_usage_count_descending with data set #18" file="E:\coupony-backend\tests\Feature\Analytics\SellerDashboardTest.php" line="58" class="Tests\Feature\Analytics\SellerDashboardTest" classname="Tests.Feature.Analytics.SellerDashboardTest" assertions="3" time="0.045258"/>
          <testcase name="test_top_performing_offers_are_sorted_by_usage_count_descending with data set #19" file="E:\coupony-backend\tests\Feature\Analytics\SellerDashboardTest.php" line="58" class="Tests\Feature\Analytics\SellerDashboardTest" classname="Tests.Feature.Analytics.SellerDashboardTest" assertions="9" time="0.076419"/>
        </testsuite>
        <testsuite name="Tests\Feature\Analytics\SellerDashboardTest::test_top_performing_offers_contain_at_most_10_items" tests="20" assertions="40" errors="0" failures="0" skipped="0" time="1.449084">
          <testcase name="test_top_performing_offers_contain_at_most_10_items with data set #0" file="E:\coupony-backend\tests\Feature\Analytics\SellerDashboardTest.php" line="88" class="Tests\Feature\Analytics\SellerDashboardTest" classname="Tests.Feature.Analytics.SellerDashboardTest" assertions="2" time="0.062567"/>
          <testcase name="test_top_performing_offers_contain_at_most_10_items with data set #1" file="E:\coupony-backend\tests\Feature\Analytics\SellerDashboardTest.php" line="88" class="Tests\Feature\Analytics\SellerDashboardTest" classname="Tests.Feature.Analytics.SellerDashboardTest" assertions="2" time="0.099238"/>
          <testcase name="test_top_performing_offers_contain_at_most_10_items with data set #2" file="E:\coupony-backend\tests\Feature\Analytics\SellerDashboardTest.php" line="88" class="Tests\Feature\Analytics\SellerDashboardTest" classname="Tests.Feature.Analytics.SellerDashboardTest" assertions="2" time="0.098318"/>
          <testcase name="test_top_performing_offers_contain_at_most_10_items with data set #3" file="E:\coupony-backend\tests\Feature\Analytics\SellerDashboardTest.php" line="88" class="Tests\Feature\Analytics\SellerDashboardTest" classname="Tests.Feature.Analytics.SellerDashboardTest" assertions="2" time="0.073579"/>
          <testcase name="test_top_performing_offers_contain_at_most_10_items with data set #4" file="E:\coupony-backend\tests\Feature\Analytics\SellerDashboardTest.php" line="88" class="Tests\Feature\Analytics\SellerDashboardTest" classname="Tests.Feature.Analytics.SellerDashboardTest" assertions="2" time="0.073813"/>
          <testcase name="test_top_performing_offers_contain_at_most_10_items with data set #5" file="E:\coupony-backend\tests\Feature\Analytics\SellerDashboardTest.php" line="88" class="Tests\Feature\Analytics\SellerDashboardTest" classname="Tests.Feature.Analytics.SellerDashboardTest" assertions="2" time="0.083396"/>
          <testcase name="test_top_performing_offers_contain_at_most_10_items with data set #6" file="E:\coupony-backend\tests\Feature\Analytics\SellerDashboardTest.php" line="88" class="Tests\Feature\Analytics\SellerDashboardTest" classname="Tests.Feature.Analytics.SellerDashboardTest" assertions="2" time="0.079375"/>
          <testcase name="test_top_performing_offers_contain_at_most_10_items with data set #7" file="E:\coupony-backend\tests\Feature\Analytics\SellerDashboardTest.php" line="88" class="Tests\Feature\Analytics\SellerDashboardTest" classname="Tests.Feature.Analytics.SellerDashboardTest" assertions="2" time="0.086719"/>
          <testcase name="test_top_performing_offers_contain_at_most_10_items with data set #8" file="E:\coupony-backend\tests\Feature\Analytics\SellerDashboardTest.php" line="88" class="Tests\Feature\Analytics\SellerDashboardTest" classname="Tests.Feature.Analytics.SellerDashboardTest" assertions="2" time="0.072566"/>
          <testcase name="test_top_performing_offers_contain_at_most_10_items with data set #9" file="E:\coupony-backend\tests\Feature\Analytics\SellerDashboardTest.php" line="88" class="Tests\Feature\Analytics\SellerDashboardTest" classname="Tests.Feature.Analytics.SellerDashboardTest" assertions="2" time="0.068085"/>
          <testcase name="test_top_performing_offers_contain_at_most_10_items with data set #10" file="E:\coupony-backend\tests\Feature\Analytics\SellerDashboardTest.php" line="88" class="Tests\Feature\Analytics\SellerDashboardTest" classname="Tests.Feature.Analytics.SellerDashboardTest" assertions="2" time="0.078765"/>
          <testcase name="test_top_performing_offers_contain_at_most_10_items with data set #11" file="E:\coupony-backend\tests\Feature\Analytics\SellerDashboardTest.php" line="88" class="Tests\Feature\Analytics\SellerDashboardTest" classname="Tests.Feature.Analytics.SellerDashboardTest" assertions="2" time="0.044767"/>
          <testcase name="test_top_performing_offers_contain_at_most_10_items with data set #12" file="E:\coupony-backend\tests\Feature\Analytics\SellerDashboardTest.php" line="88" class="Tests\Feature\Analytics\SellerDashboardTest" classname="Tests.Feature.Analytics.SellerDashboardTest" assertions="2" time="0.083534"/>
          <testcase name="test_top_performing_offers_contain_at_most_10_items with data set #13" file="E:\coupony-backend\tests\Feature\Analytics\SellerDashboardTest.php" line="88" class="Tests\Feature\Analytics\SellerDashboardTest" classname="Tests.Feature.Analytics.SellerDashboardTest" assertions="2" time="0.077772"/>
          <testcase name="test_top_performing_offers_contain_at_most_10_items with data set #14" file="E:\coupony-backend\tests\Feature\Analytics\SellerDashboardTest.php" line="88" class="Tests\Feature\Analytics\SellerDashboardTest" classname="Tests.Feature.Analytics.SellerDashboardTest" assertions="2" time="0.036456"/>
          <testcase name="test_top_performing_offers_contain_at_most_10_items with data set #15" file="E:\coupony-backend\tests\Feature\Analytics\SellerDashboardTest.php" line="88" class="Tests\Feature\Analytics\SellerDashboardTest" classname="Tests.Feature.Analytics.SellerDashboardTest" assertions="2" time="0.085959"/>
          <testcase name="test_top_performing_offers_contain_at_most_10_items with data set #16" file="E:\coupony-backend\tests\Feature\Analytics\SellerDashboardTest.php" line="88" class="Tests\Feature\Analytics\SellerDashboardTest" classname="Tests.Feature.Analytics.SellerDashboardTest" assertions="2" time="0.086151"/>
          <testcase name="test_top_performing_offers_contain_at_most_10_items with data set #17" file="E:\coupony-backend\tests\Feature\Analytics\SellerDashboardTest.php" line="88" class="Tests\Feature\Analytics\SellerDashboardTest" classname="Tests.Feature.Analytics.SellerDashboardTest" assertions="2" time="0.052339"/>
          <testcase name="test_top_performing_offers_contain_at_most_10_items with data set #18" file="E:\coupony-backend\tests\Feature\Analytics\SellerDashboardTest.php" line="88" class="Tests\Feature\Analytics\SellerDashboardTest" classname="Tests.Feature.Analytics.SellerDashboardTest" assertions="2" time="0.071125"/>
          <testcase name="test_top_performing_offers_contain_at_most_10_items with data set #19" file="E:\coupony-backend\tests\Feature\Analytics\SellerDashboardTest.php" line="88" class="Tests\Feature\Analytics\SellerDashboardTest" classname="Tests.Feature.Analytics.SellerDashboardTest" assertions="2" time="0.034560"/>
        </testsuite>
        <testcase name="test_unauthenticated_request_returns_401" file="E:\coupony-backend\tests\Feature\Analytics\SellerDashboardTest.php" line="153" class="Tests\Feature\Analytics\SellerDashboardTest" classname="Tests.Feature.Analytics.SellerDashboardTest" assertions="1" time="0.033797"/>
        <testcase name="test_user_without_store_returns_403" file="E:\coupony-backend\tests\Feature\Analytics\SellerDashboardTest.php" line="166" class="Tests\Feature\Analytics\SellerDashboardTest" classname="Tests.Feature.Analytics.SellerDashboardTest" assertions="1" time="0.040062"/>
        <testcase name="test_valid_request_returns_correct_response_structure" file="E:\coupony-backend\tests\Feature\Analytics\SellerDashboardTest.php" line="186" class="Tests\Feature\Analytics\SellerDashboardTest" classname="Tests.Feature.Analytics.SellerDashboardTest" assertions="14" time="0.046033"/>
        <testcase name="test_period_defaults_to_all_when_omitted" file="E:\coupony-backend\tests\Feature\Analytics\SellerDashboardTest.php" line="216" class="Tests\Feature\Analytics\SellerDashboardTest" classname="Tests.Feature.Analytics.SellerDashboardTest" assertions="3" time="0.043216"/>
        <testcase name="test_invalid_period_returns_422" file="E:\coupony-backend\tests\Feature\Analytics\SellerDashboardTest.php" line="248" class="Tests\Feature\Analytics\SellerDashboardTest" classname="Tests.Feature.Analytics.SellerDashboardTest" assertions="3" time="0.057077"/>
        <testcase name="test_cache_hit_returns_cached_response" file="E:\coupony-backend\tests\Feature\Analytics\SellerDashboardTest.php" line="269" class="Tests\Feature\Analytics\SellerDashboardTest" classname="Tests.Feature.Analytics.SellerDashboardTest" assertions="4" time="0.043853"/>
        <testcase name="test_zero_data_store_returns_complete_response" file="E:\coupony-backend\tests\Feature\Analytics\SellerDashboardTest.php" line="305" class="Tests\Feature\Analytics\SellerDashboardTest" classname="Tests.Feature.Analytics.SellerDashboardTest" assertions="42" time="0.041538"/>
        <testsuite name="Tests\Feature\Analytics\SellerDashboardTest::test_invalid_period_string_returns_422" tests="75" assertions="75" errors="0" failures="0" skipped="0" time="3.189085">
          <testcase name="test_invalid_period_string_returns_422 with data set &quot;invalid_period_0_knrwfu&quot;" file="E:\coupony-backend\tests\Feature\Analytics\SellerDashboardTest.php" line="404" class="Tests\Feature\Analytics\SellerDashboardTest" classname="Tests.Feature.Analytics.SellerDashboardTest" assertions="1" time="0.041270"/>
          <testcase name="test_invalid_period_string_returns_422 with data set &quot;invalid_period_1_yaedxc&quot;" file="E:\coupony-backend\tests\Feature\Analytics\SellerDashboardTest.php" line="404" class="Tests\Feature\Analytics\SellerDashboardTest" classname="Tests.Feature.Analytics.SellerDashboardTest" assertions="1" time="0.037821"/>
          <testcase name="test_invalid_period_string_returns_422 with data set &quot;invalid_period_2_bjgxtj&quot;" file="E:\coupony-backend\tests\Feature\Analytics\SellerDashboardTest.php" line="404" class="Tests\Feature\Analytics\SellerDashboardTest" classname="Tests.Feature.Analytics.SellerDashboardTest" assertions="1" time="0.038807"/>
          <testcase name="test_invalid_period_string_returns_422 with data set &quot;invalid_period_3_hpsyfm&quot;" file="E:\coupony-backend\tests\Feature\Analytics\SellerDashboardTest.php" line="404" class="Tests\Feature\Analytics\SellerDashboardTest" classname="Tests.Feature.Analytics.SellerDashboardTest" assertions="1" time="0.052578"/>
          <testcase name="test_invalid_period_string_returns_422 with data set &quot;invalid_period_4_tvzbgq&quot;" file="E:\coupony-backend\tests\Feature\Analytics\SellerDashboardTest.php" line="404" class="Tests\Feature\Analytics\SellerDashboardTest" classname="Tests.Feature.Analytics.SellerDashboardTest" assertions="1" time="0.036936"/>
          <testcase name="test_invalid_period_string_returns_422 with data set &quot;invalid_period_5_gnkxis&quot;" file="E:\coupony-backend\tests\Feature\Analytics\SellerDashboardTest.php" line="404" class="Tests\Feature\Analytics\SellerDashboardTest" classname="Tests.Feature.Analytics.SellerDashboardTest" assertions="1" time="0.042830"/>
          <testcase name="test_invalid_period_string_returns_422 with data set &quot;invalid_period_6_dnittg&quot;" file="E:\coupony-backend\tests\Feature\Analytics\SellerDashboardTest.php" line="404" class="Tests\Feature\Analytics\SellerDashboardTest" classname="Tests.Feature.Analytics.SellerDashboardTest" assertions="1" time="0.039710"/>
          <testcase name="test_invalid_period_string_returns_422 with data set &quot;invalid_period_7_ztbxli&quot;" file="E:\coupony-backend\tests\Feature\Analytics\SellerDashboardTest.php" line="404" class="Tests\Feature\Analytics\SellerDashboardTest" classname="Tests.Feature.Analytics.SellerDashboardTest" assertions="1" time="0.037882"/>
          <testcase name="test_invalid_period_string_returns_422 with data set &quot;invalid_period_8_ypwsoa&quot;" file="E:\coupony-backend\tests\Feature\Analytics\SellerDashboardTest.php" line="404" class="Tests\Feature\Analytics\SellerDashboardTest" classname="Tests.Feature.Analytics.SellerDashboardTest" assertions="1" time="0.039160"/>
          <testcase name="test_invalid_period_string_returns_422 with data set &quot;invalid_period_9_sqtyvr&quot;" file="E:\coupony-backend\tests\Feature\Analytics\SellerDashboardTest.php" line="404" class="Tests\Feature\Analytics\SellerDashboardTest" classname="Tests.Feature.Analytics.SellerDashboardTest" assertions="1" time="0.039494"/>
          <testcase name="test_invalid_period_string_returns_422 with data set &quot;invalid_period_10_qvxkse&quot;" file="E:\coupony-backend\tests\Feature\Analytics\SellerDashboardTest.php" line="404" class="Tests\Feature\Analytics\SellerDashboardTest" classname="Tests.Feature.Analytics.SellerDashboardTest" assertions="1" time="0.056349"/>
          <testcase name="test_invalid_period_string_returns_422 with data set &quot;invalid_period_11_xokrlq&quot;" file="E:\coupony-backend\tests\Feature\Analytics\SellerDashboardTest.php" line="404" class="Tests\Feature\Analytics\SellerDashboardTest" classname="Tests.Feature.Analytics.SellerDashboardTest" assertions="1" time="0.038525"/>
          <testcase name="test_invalid_period_string_returns_422 with data set &quot;invalid_period_12_xthpli&quot;" file="E:\coupony-backend\tests\Feature\Analytics\SellerDashboardTest.php" line="404" class="Tests\Feature\Analytics\SellerDashboardTest" classname="Tests.Feature.Analytics.SellerDashboardTest" assertions="1" time="0.038742"/>
          <testcase name="test_invalid_period_string_returns_422 with data set &quot;invalid_period_13_xcnwhr&quot;" file="E:\coupony-backend\tests\Feature\Analytics\SellerDashboardTest.php" line="404" class="Tests\Feature\Analytics\SellerDashboardTest" classname="Tests.Feature.Analytics.SellerDashboardTest" assertions="1" time="0.044070"/>
          <testcase name="test_invalid_period_string_returns_422 with data set &quot;invalid_period_14_gtiwaa&quot;" file="E:\coupony-backend\tests\Feature\Analytics\SellerDashboardTest.php" line="404" class="Tests\Feature\Analytics\SellerDashboardTest" classname="Tests.Feature.Analytics.SellerDashboardTest" assertions="1" time="0.039380"/>
          <testcase name="test_invalid_period_string_returns_422 with data set &quot;invalid_period_15_zldjrg&quot;" file="E:\coupony-backend\tests\Feature\Analytics\SellerDashboardTest.php" line="404" class="Tests\Feature\Analytics\SellerDashboardTest" classname="Tests.Feature.Analytics.SellerDashboardTest" assertions="1" time="0.039958"/>
          <testcase name="test_invalid_period_string_returns_422 with data set &quot;invalid_period_16_babnhj&quot;" file="E:\coupony-backend\tests\Feature\Analytics\SellerDashboardTest.php" line="404" class="Tests\Feature\Analytics\SellerDashboardTest" classname="Tests.Feature.Analytics.SellerDashboardTest" assertions="1" time="0.037883"/>
          <testcase name="test_invalid_period_string_returns_422 with data set &quot;invalid_period_17_piedhh&quot;" file="E:\coupony-backend\tests\Feature\Analytics\SellerDashboardTest.php" line="404" class="Tests\Feature\Analytics\SellerDashboardTest" classname="Tests.Feature.Analytics.SellerDashboardTest" assertions="1" time="0.053518"/>
          <testcase name="test_invalid_period_string_returns_422 with data set &quot;invalid_period_18_dtjnau&quot;" file="E:\coupony-backend\tests\Feature\Analytics\SellerDashboardTest.php" line="404" class="Tests\Feature\Analytics\SellerDashboardTest" classname="Tests.Feature.Analytics.SellerDashboardTest" assertions="1" time="0.038694"/>
          <testcase name="test_invalid_period_string_returns_422 with data set &quot;invalid_period_19_kpbkib&quot;" file="E:\coupony-backend\tests\Feature\Analytics\SellerDashboardTest.php" line="404" class="Tests\Feature\Analytics\SellerDashboardTest" classname="Tests.Feature.Analytics.SellerDashboardTest" assertions="1" time="0.036783"/>
          <testcase name="test_invalid_period_string_returns_422 with data set &quot;invalid_period_20_bmkyzy&quot;" file="E:\coupony-backend\tests\Feature\Analytics\SellerDashboardTest.php" line="404" class="Tests\Feature\Analytics\SellerDashboardTest" classname="Tests.Feature.Analytics.SellerDashboardTest" assertions="1" time="0.045661"/>
          <testcase name="test_invalid_period_string_returns_422 with data set &quot;invalid_period_21_ouqntp&quot;" file="E:\coupony-backend\tests\Feature\Analytics\SellerDashboardTest.php" line="404" class="Tests\Feature\Analytics\SellerDashboardTest" classname="Tests.Feature.Analytics.SellerDashboardTest" assertions="1" time="0.039847"/>
          <testcase name="test_invalid_period_string_returns_422 with data set &quot;invalid_period_22_uuyvag&quot;" file="E:\coupony-backend\tests\Feature\Analytics\SellerDashboardTest.php" line="404" class="Tests\Feature\Analytics\SellerDashboardTest" classname="Tests.Feature.Analytics.SellerDashboardTest" assertions="1" time="0.038018"/>
          <testcase name="test_invalid_period_string_returns_422 with data set &quot;invalid_period_23_pwdhwr&quot;" file="E:\coupony-backend\tests\Feature\Analytics\SellerDashboardTest.php" line="404" class="Tests\Feature\Analytics\SellerDashboardTest" classname="Tests.Feature.Analytics.SellerDashboardTest" assertions="1" time="0.042727"/>
          <testcase name="test_invalid_period_string_returns_422 with data set &quot;invalid_period_24_hqlvih&quot;" file="E:\coupony-backend\tests\Feature\Analytics\SellerDashboardTest.php" line="404" class="Tests\Feature\Analytics\SellerDashboardTest" classname="Tests.Feature.Analytics.SellerDashboardTest" assertions="1" time="0.062342"/>
          <testcase name="test_invalid_period_string_returns_422 with data set &quot;invalid_period_25_bdlxmc&quot;" file="E:\coupony-backend\tests\Feature\Analytics\SellerDashboardTest.php" line="404" class="Tests\Feature\Analytics\SellerDashboardTest" classname="Tests.Feature.Analytics.SellerDashboardTest" assertions="1" time="0.038806"/>
          <testcase name="test_invalid_period_string_returns_422 with data set &quot;invalid_period_26_jhfaar&quot;" file="E:\coupony-backend\tests\Feature\Analytics\SellerDashboardTest.php" line="404" class="Tests\Feature\Analytics\SellerDashboardTest" classname="Tests.Feature.Analytics.SellerDashboardTest" assertions="1" time="0.039392"/>
          <testcase name="test_invalid_period_string_returns_422 with data set &quot;invalid_period_27_hxhtem&quot;" file="E:\coupony-backend\tests\Feature\Analytics\SellerDashboardTest.php" line="404" class="Tests\Feature\Analytics\SellerDashboardTest" classname="Tests.Feature.Analytics.SellerDashboardTest" assertions="1" time="0.041310"/>
          <testcase name="test_invalid_period_string_returns_422 with data set &quot;invalid_period_28_osholn&quot;" file="E:\coupony-backend\tests\Feature\Analytics\SellerDashboardTest.php" line="404" class="Tests\Feature\Analytics\SellerDashboardTest" classname="Tests.Feature.Analytics.SellerDashboardTest" assertions="1" time="0.041580"/>
          <testcase name="test_invalid_period_string_returns_422 with data set &quot;invalid_period_29_ppgayn&quot;" file="E:\coupony-backend\tests\Feature\Analytics\SellerDashboardTest.php" line="404" class="Tests\Feature\Analytics\SellerDashboardTest" classname="Tests.Feature.Analytics.SellerDashboardTest" assertions="1" time="0.039143"/>
          <testcase name="test_invalid_period_string_returns_422 with data set &quot;invalid_period_30_rxvxud&quot;" file="E:\coupony-backend\tests\Feature\Analytics\SellerDashboardTest.php" line="404" class="Tests\Feature\Analytics\SellerDashboardTest" classname="Tests.Feature.Analytics.SellerDashboardTest" assertions="1" time="0.038511"/>
          <testcase name="test_invalid_period_string_returns_422 with data set &quot;invalid_period_31_lflcbm&quot;" file="E:\coupony-backend\tests\Feature\Analytics\SellerDashboardTest.php" line="404" class="Tests\Feature\Analytics\SellerDashboardTest" classname="Tests.Feature.Analytics.SellerDashboardTest" assertions="1" time="0.054553"/>
          <testcase name="test_invalid_period_string_returns_422 with data set &quot;invalid_period_32_zqtvpd&quot;" file="E:\coupony-backend\tests\Feature\Analytics\SellerDashboardTest.php" line="404" class="Tests\Feature\Analytics\SellerDashboardTest" classname="Tests.Feature.Analytics.SellerDashboardTest" assertions="1" time="0.039637"/>
          <testcase name="test_invalid_period_string_returns_422 with data set &quot;invalid_period_33_jegsxy&quot;" file="E:\coupony-backend\tests\Feature\Analytics\SellerDashboardTest.php" line="404" class="Tests\Feature\Analytics\SellerDashboardTest" classname="Tests.Feature.Analytics.SellerDashboardTest" assertions="1" time="0.038252"/>
          <testcase name="test_invalid_period_string_returns_422 with data set &quot;invalid_period_34_vgukol&quot;" file="E:\coupony-backend\tests\Feature\Analytics\SellerDashboardTest.php" line="404" class="Tests\Feature\Analytics\SellerDashboardTest" classname="Tests.Feature.Analytics.SellerDashboardTest" assertions="1" time="0.040481"/>
          <testcase name="test_invalid_period_string_returns_422 with data set &quot;invalid_period_35_zrpykb&quot;" file="E:\coupony-backend\tests\Feature\Analytics\SellerDashboardTest.php" line="404" class="Tests\Feature\Analytics\SellerDashboardTest" classname="Tests.Feature.Analytics.SellerDashboardTest" assertions="1" time="0.043531"/>
          <testcase name="test_invalid_period_string_returns_422 with data set &quot;invalid_period_36_srmxep&quot;" file="E:\coupony-backend\tests\Feature\Analytics\SellerDashboardTest.php" line="404" class="Tests\Feature\Analytics\SellerDashboardTest" classname="Tests.Feature.Analytics.SellerDashboardTest" assertions="1" time="0.039117"/>
          <testcase name="test_invalid_period_string_returns_422 with data set &quot;invalid_period_37_emzrhy&quot;" file="E:\coupony-backend\tests\Feature\Analytics\SellerDashboardTest.php" line="404" class="Tests\Feature\Analytics\SellerDashboardTest" classname="Tests.Feature.Analytics.SellerDashboardTest" assertions="1" time="0.045692"/>
          <testcase name="test_invalid_period_string_returns_422 with data set &quot;invalid_period_38_schdqk&quot;" file="E:\coupony-backend\tests\Feature\Analytics\SellerDashboardTest.php" line="404" class="Tests\Feature\Analytics\SellerDashboardTest" classname="Tests.Feature.Analytics.SellerDashboardTest" assertions="1" time="0.066045"/>
          <testcase name="test_invalid_period_string_returns_422 with data set &quot;invalid_period_39_vyhqqv&quot;" file="E:\coupony-backend\tests\Feature\Analytics\SellerDashboardTest.php" line="404" class="Tests\Feature\Analytics\SellerDashboardTest" classname="Tests.Feature.Analytics.SellerDashboardTest" assertions="1" time="0.038348"/>
          <testcase name="test_invalid_period_string_returns_422 with data set &quot;invalid_period_40_zijprw&quot;" file="E:\coupony-backend\tests\Feature\Analytics\SellerDashboardTest.php" line="404" class="Tests\Feature\Analytics\SellerDashboardTest" classname="Tests.Feature.Analytics.SellerDashboardTest" assertions="1" time="0.040381"/>
          <testcase name="test_invalid_period_string_returns_422 with data set &quot;invalid_period_41_rumorf&quot;" file="E:\coupony-backend\tests\Feature\Analytics\SellerDashboardTest.php" line="404" class="Tests\Feature\Analytics\SellerDashboardTest" classname="Tests.Feature.Analytics.SellerDashboardTest" assertions="1" time="0.039111"/>
          <testcase name="test_invalid_period_string_returns_422 with data set &quot;invalid_period_42_mmtztd&quot;" file="E:\coupony-backend\tests\Feature\Analytics\SellerDashboardTest.php" line="404" class="Tests\Feature\Analytics\SellerDashboardTest" classname="Tests.Feature.Analytics.SellerDashboardTest" assertions="1" time="0.040265"/>
          <testcase name="test_invalid_period_string_returns_422 with data set &quot;invalid_period_43_rxnpeq&quot;" file="E:\coupony-backend\tests\Feature\Analytics\SellerDashboardTest.php" line="404" class="Tests\Feature\Analytics\SellerDashboardTest" classname="Tests.Feature.Analytics.SellerDashboardTest" assertions="1" time="0.039163"/>
          <testcase name="test_invalid_period_string_returns_422 with data set &quot;invalid_period_44_vthwtx&quot;" file="E:\coupony-backend\tests\Feature\Analytics\SellerDashboardTest.php" line="404" class="Tests\Feature\Analytics\SellerDashboardTest" classname="Tests.Feature.Analytics.SellerDashboardTest" assertions="1" time="0.040340"/>
          <testcase name="test_invalid_period_string_returns_422 with data set &quot;invalid_period_45_tsyxpa&quot;" file="E:\coupony-backend\tests\Feature\Analytics\SellerDashboardTest.php" line="404" class="Tests\Feature\Analytics\SellerDashboardTest" classname="Tests.Feature.Analytics.SellerDashboardTest" assertions="1" time="0.054609"/>
          <testcase name="test_invalid_period_string_returns_422 with data set &quot;invalid_period_46_dnntin&quot;" file="E:\coupony-backend\tests\Feature\Analytics\SellerDashboardTest.php" line="404" class="Tests\Feature\Analytics\SellerDashboardTest" classname="Tests.Feature.Analytics.SellerDashboardTest" assertions="1" time="0.038770"/>
          <testcase name="test_invalid_period_string_returns_422 with data set &quot;invalid_period_47_anxywk&quot;" file="E:\coupony-backend\tests\Feature\Analytics\SellerDashboardTest.php" line="404" class="Tests\Feature\Analytics\SellerDashboardTest" classname="Tests.Feature.Analytics.SellerDashboardTest" assertions="1" time="0.043350"/>
          <testcase name="test_invalid_period_string_returns_422 with data set &quot;invalid_period_48_wpixqr&quot;" file="E:\coupony-backend\tests\Feature\Analytics\SellerDashboardTest.php" line="404" class="Tests\Feature\Analytics\SellerDashboardTest" classname="Tests.Feature.Analytics.SellerDashboardTest" assertions="1" time="0.037694"/>
          <testcase name="test_invalid_period_string_returns_422 with data set &quot;invalid_period_49_fdplhx&quot;" file="E:\coupony-backend\tests\Feature\Analytics\SellerDashboardTest.php" line="404" class="Tests\Feature\Analytics\SellerDashboardTest" classname="Tests.Feature.Analytics.SellerDashboardTest" assertions="1" time="0.041869"/>
          <testcase name="test_invalid_period_string_returns_422 with data set &quot;invalid_period_50_jhsrqw&quot;" file="E:\coupony-backend\tests\Feature\Analytics\SellerDashboardTest.php" line="404" class="Tests\Feature\Analytics\SellerDashboardTest" classname="Tests.Feature.Analytics.SellerDashboardTest" assertions="1" time="0.038439"/>
          <testcase name="test_invalid_period_string_returns_422 with data set &quot;invalid_period_51_ehhlzc&quot;" file="E:\coupony-backend\tests\Feature\Analytics\SellerDashboardTest.php" line="404" class="Tests\Feature\Analytics\SellerDashboardTest" classname="Tests.Feature.Analytics.SellerDashboardTest" assertions="1" time="0.040475"/>
          <testcase name="test_invalid_period_string_returns_422 with data set &quot;invalid_period_52_aelucm&quot;" file="E:\coupony-backend\tests\Feature\Analytics\SellerDashboardTest.php" line="404" class="Tests\Feature\Analytics\SellerDashboardTest" classname="Tests.Feature.Analytics.SellerDashboardTest" assertions="1" time="0.054227"/>
          <testcase name="test_invalid_period_string_returns_422 with data set &quot;invalid_period_53_uffsvn&quot;" file="E:\coupony-backend\tests\Feature\Analytics\SellerDashboardTest.php" line="404" class="Tests\Feature\Analytics\SellerDashboardTest" classname="Tests.Feature.Analytics.SellerDashboardTest" assertions="1" time="0.045402"/>
          <testcase name="test_invalid_period_string_returns_422 with data set &quot;invalid_period_54_qycxzx&quot;" file="E:\coupony-backend\tests\Feature\Analytics\SellerDashboardTest.php" line="404" class="Tests\Feature\Analytics\SellerDashboardTest" classname="Tests.Feature.Analytics.SellerDashboardTest" assertions="1" time="0.039292"/>
          <testcase name="test_invalid_period_string_returns_422 with data set &quot;edge_case_ALL&quot;" file="E:\coupony-backend\tests\Feature\Analytics\SellerDashboardTest.php" line="404" class="Tests\Feature\Analytics\SellerDashboardTest" classname="Tests.Feature.Analytics.SellerDashboardTest" assertions="1" time="0.039327"/>
          <testcase name="test_invalid_period_string_returns_422 with data set &quot;edge_case_Today&quot;" file="E:\coupony-backend\tests\Feature\Analytics\SellerDashboardTest.php" line="404" class="Tests\Feature\Analytics\SellerDashboardTest" classname="Tests.Feature.Analytics.SellerDashboardTest" assertions="1" time="0.039510"/>
          <testcase name="test_invalid_period_string_returns_422 with data set &quot;edge_case_LAST_7_DAYS&quot;" file="E:\coupony-backend\tests\Feature\Analytics\SellerDashboardTest.php" line="404" class="Tests\Feature\Analytics\SellerDashboardTest" classname="Tests.Feature.Analytics.SellerDashboardTest" assertions="1" time="0.039054"/>
          <testcase name="test_invalid_period_string_returns_422 with data set &quot;edge_case_This_Month&quot;" file="E:\coupony-backend\tests\Feature\Analytics\SellerDashboardTest.php" line="404" class="Tests\Feature\Analytics\SellerDashboardTest" classname="Tests.Feature.Analytics.SellerDashboardTest" assertions="1" time="0.040566"/>
          <testcase name="test_invalid_period_string_returns_422 with data set &quot;edge_case_THIS_YEAR&quot;" file="E:\coupony-backend\tests\Feature\Analytics\SellerDashboardTest.php" line="404" class="Tests\Feature\Analytics\SellerDashboardTest" classname="Tests.Feature.Analytics.SellerDashboardTest" assertions="1" time="0.060821"/>
          <testcase name="test_invalid_period_string_returns_422 with data set &quot;edge_case_last7days&quot;" file="E:\coupony-backend\tests\Feature\Analytics\SellerDashboardTest.php" line="404" class="Tests\Feature\Analytics\SellerDashboardTest" classname="Tests.Feature.Analytics.SellerDashboardTest" assertions="1" time="0.042484"/>
          <testcase name="test_invalid_period_string_returns_422 with data set &quot;edge_case_last-7-days&quot;" file="E:\coupony-backend\tests\Feature\Analytics\SellerDashboardTest.php" line="404" class="Tests\Feature\Analytics\SellerDashboardTest" classname="Tests.Feature.Analytics.SellerDashboardTest" assertions="1" time="0.038318"/>
          <testcase name="test_invalid_period_string_returns_422 with data set &quot;edge_case_this-month&quot;" file="E:\coupony-backend\tests\Feature\Analytics\SellerDashboardTest.php" line="404" class="Tests\Feature\Analytics\SellerDashboardTest" classname="Tests.Feature.Analytics.SellerDashboardTest" assertions="1" time="0.038063"/>
          <testcase name="test_invalid_period_string_returns_422 with data set &quot;edge_case_this-year&quot;" file="E:\coupony-backend\tests\Feature\Analytics\SellerDashboardTest.php" line="404" class="Tests\Feature\Analytics\SellerDashboardTest" classname="Tests.Feature.Analytics.SellerDashboardTest" assertions="1" time="0.040421"/>
          <testcase name="test_invalid_period_string_returns_422 with data set &quot;edge_case_yesterday&quot;" file="E:\coupony-backend\tests\Feature\Analytics\SellerDashboardTest.php" line="404" class="Tests\Feature\Analytics\SellerDashboardTest" classname="Tests.Feature.Analytics.SellerDashboardTest" assertions="1" time="0.040049"/>
          <testcase name="test_invalid_period_string_returns_422 with data set &quot;edge_case_last_30_days&quot;" file="E:\coupony-backend\tests\Feature\Analytics\SellerDashboardTest.php" line="404" class="Tests\Feature\Analytics\SellerDashboardTest" classname="Tests.Feature.Analytics.SellerDashboardTest" assertions="1" time="0.040696"/>
          <testcase name="test_invalid_period_string_returns_422 with data set &quot;edge_case_last_month&quot;" file="E:\coupony-backend\tests\Feature\Analytics\SellerDashboardTest.php" line="404" class="Tests\Feature\Analytics\SellerDashboardTest" classname="Tests.Feature.Analytics.SellerDashboardTest" assertions="1" time="0.056219"/>
          <testcase name="test_invalid_period_string_returns_422 with data set &quot;edge_case_last_year&quot;" file="E:\coupony-backend\tests\Feature\Analytics\SellerDashboardTest.php" line="404" class="Tests\Feature\Analytics\SellerDashboardTest" classname="Tests.Feature.Analytics.SellerDashboardTest" assertions="1" time="0.038212"/>
          <testcase name="test_invalid_period_string_returns_422 with data set &quot;edge_case_&quot;" file="E:\coupony-backend\tests\Feature\Analytics\SellerDashboardTest.php" line="404" class="Tests\Feature\Analytics\SellerDashboardTest" classname="Tests.Feature.Analytics.SellerDashboardTest" assertions="1" time="0.040415"/>
          <testcase name="test_invalid_period_string_returns_422 with data set &quot;edge_case_ &quot;" file="E:\coupony-backend\tests\Feature\Analytics\SellerDashboardTest.php" line="404" class="Tests\Feature\Analytics\SellerDashboardTest" classname="Tests.Feature.Analytics.SellerDashboardTest" assertions="1" time="0.041559"/>
          <testcase name="test_invalid_period_string_returns_422 with data set &quot;edge_case_null&quot;" file="E:\coupony-backend\tests\Feature\Analytics\SellerDashboardTest.php" line="404" class="Tests\Feature\Analytics\SellerDashboardTest" classname="Tests.Feature.Analytics.SellerDashboardTest" assertions="1" time="0.039099"/>
          <testcase name="test_invalid_period_string_returns_422 with data set &quot;edge_case_0&quot;" file="E:\coupony-backend\tests\Feature\Analytics\SellerDashboardTest.php" line="404" class="Tests\Feature\Analytics\SellerDashboardTest" classname="Tests.Feature.Analytics.SellerDashboardTest" assertions="1" time="0.039554"/>
          <testcase name="test_invalid_period_string_returns_422 with data set &quot;edge_case_-1&quot;" file="E:\coupony-backend\tests\Feature\Analytics\SellerDashboardTest.php" line="404" class="Tests\Feature\Analytics\SellerDashboardTest" classname="Tests.Feature.Analytics.SellerDashboardTest" assertions="1" time="0.041008"/>
          <testcase name="test_invalid_period_string_returns_422 with data set &quot;edge_case_true&quot;" file="E:\coupony-backend\tests\Feature\Analytics\SellerDashboardTest.php" line="404" class="Tests\Feature\Analytics\SellerDashboardTest" classname="Tests.Feature.Analytics.SellerDashboardTest" assertions="1" time="0.055806"/>
          <testcase name="test_invalid_period_string_returns_422 with data set &quot;edge_case_false&quot;" file="E:\coupony-backend\tests\Feature\Analytics\SellerDashboardTest.php" line="404" class="Tests\Feature\Analytics\SellerDashboardTest" classname="Tests.Feature.Analytics.SellerDashboardTest" assertions="1" time="0.041137"/>
        </testsuite>
        <testsuite name="Tests\Feature\Analytics\SellerDashboardTest::test_response_shape_is_consistent_regardless_of_data_presence" tests="25" assertions="4832" errors="0" failures="0" skipped="0" time="1.252036">
          <testcase name="test_response_shape_is_consistent_regardless_of_data_presence with data set &quot;store_0_followers_1_visits__offers__period_last_7_days&quot;" file="E:\coupony-backend\tests\Feature\Analytics\SellerDashboardTest.php" line="461" class="Tests\Feature\Analytics\SellerDashboardTest" classname="Tests.Feature.Analytics.SellerDashboardTest" assertions="190" time="0.046912"/>
          <testcase name="test_response_shape_is_consistent_regardless_of_data_presence with data set &quot;store_1_followers_1_visits__offers__period_this_year&quot;" file="E:\coupony-backend\tests\Feature\Analytics\SellerDashboardTest.php" line="461" class="Tests\Feature\Analytics\SellerDashboardTest" classname="Tests.Feature.Analytics.SellerDashboardTest" assertions="190" time="0.041607"/>
          <testcase name="test_response_shape_is_consistent_regardless_of_data_presence with data set &quot;store_2_followers__visits_1_offers_1_period_all&quot;" file="E:\coupony-backend\tests\Feature\Analytics\SellerDashboardTest.php" line="461" class="Tests\Feature\Analytics\SellerDashboardTest" classname="Tests.Feature.Analytics.SellerDashboardTest" assertions="196" time="0.045630"/>
          <testcase name="test_response_shape_is_consistent_regardless_of_data_presence with data set &quot;store_3_followers__visits__offers__period_last_7_days&quot;" file="E:\coupony-backend\tests\Feature\Analytics\SellerDashboardTest.php" line="461" class="Tests\Feature\Analytics\SellerDashboardTest" classname="Tests.Feature.Analytics.SellerDashboardTest" assertions="190" time="0.040581"/>
          <testcase name="test_response_shape_is_consistent_regardless_of_data_presence with data set &quot;store_4_followers_1_visits__offers_1_period_today&quot;" file="E:\coupony-backend\tests\Feature\Analytics\SellerDashboardTest.php" line="461" class="Tests\Feature\Analytics\SellerDashboardTest" classname="Tests.Feature.Analytics.SellerDashboardTest" assertions="192" time="0.063936"/>
          <testcase name="test_response_shape_is_consistent_regardless_of_data_presence with data set &quot;store_5_followers_1_visits_1_offers__period_last_7_days&quot;" file="E:\coupony-backend\tests\Feature\Analytics\SellerDashboardTest.php" line="461" class="Tests\Feature\Analytics\SellerDashboardTest" classname="Tests.Feature.Analytics.SellerDashboardTest" assertions="192" time="0.052645"/>
          <testcase name="test_response_shape_is_consistent_regardless_of_data_presence with data set &quot;store_6_followers__visits_1_offers__period_all&quot;" file="E:\coupony-backend\tests\Feature\Analytics\SellerDashboardTest.php" line="461" class="Tests\Feature\Analytics\SellerDashboardTest" classname="Tests.Feature.Analytics.SellerDashboardTest" assertions="192" time="0.046648"/>
          <testcase name="test_response_shape_is_consistent_regardless_of_data_presence with data set &quot;store_7_followers__visits__offers_1_period_this_year&quot;" file="E:\coupony-backend\tests\Feature\Analytics\SellerDashboardTest.php" line="461" class="Tests\Feature\Analytics\SellerDashboardTest" classname="Tests.Feature.Analytics.SellerDashboardTest" assertions="200" time="0.045281"/>
          <testcase name="test_response_shape_is_consistent_regardless_of_data_presence with data set &quot;store_8_followers__visits__offers_1_period_this_year&quot;" file="E:\coupony-backend\tests\Feature\Analytics\SellerDashboardTest.php" line="461" class="Tests\Feature\Analytics\SellerDashboardTest" classname="Tests.Feature.Analytics.SellerDashboardTest" assertions="204" time="0.048449"/>
          <testcase name="test_response_shape_is_consistent_regardless_of_data_presence with data set &quot;store_9_followers__visits_1_offers__period_all&quot;" file="E:\coupony-backend\tests\Feature\Analytics\SellerDashboardTest.php" line="461" class="Tests\Feature\Analytics\SellerDashboardTest" classname="Tests.Feature.Analytics.SellerDashboardTest" assertions="192" time="0.047081"/>
          <testcase name="test_response_shape_is_consistent_regardless_of_data_presence with data set &quot;store_10_followers_1_visits__offers__period_all&quot;" file="E:\coupony-backend\tests\Feature\Analytics\SellerDashboardTest.php" line="461" class="Tests\Feature\Analytics\SellerDashboardTest" classname="Tests.Feature.Analytics.SellerDashboardTest" assertions="190" time="0.062782"/>
          <testcase name="test_response_shape_is_consistent_regardless_of_data_presence with data set &quot;store_11_followers_1_visits__offers__period_today&quot;" file="E:\coupony-backend\tests\Feature\Analytics\SellerDashboardTest.php" line="461" class="Tests\Feature\Analytics\SellerDashboardTest" classname="Tests.Feature.Analytics.SellerDashboardTest" assertions="190" time="0.044769"/>
          <testcase name="test_response_shape_is_consistent_regardless_of_data_presence with data set &quot;store_12_followers__visits_1_offers__period_this_month&quot;" file="E:\coupony-backend\tests\Feature\Analytics\SellerDashboardTest.php" line="461" class="Tests\Feature\Analytics\SellerDashboardTest" classname="Tests.Feature.Analytics.SellerDashboardTest" assertions="192" time="0.049140"/>
          <testcase name="test_response_shape_is_consistent_regardless_of_data_presence with data set &quot;store_13_followers__visits__offers_1_period_this_month&quot;" file="E:\coupony-backend\tests\Feature\Analytics\SellerDashboardTest.php" line="461" class="Tests\Feature\Analytics\SellerDashboardTest" classname="Tests.Feature.Analytics.SellerDashboardTest" assertions="196" time="0.044935"/>
          <testcase name="test_response_shape_is_consistent_regardless_of_data_presence with data set &quot;store_14_followers_1_visits__offers__period_all&quot;" file="E:\coupony-backend\tests\Feature\Analytics\SellerDashboardTest.php" line="461" class="Tests\Feature\Analytics\SellerDashboardTest" classname="Tests.Feature.Analytics.SellerDashboardTest" assertions="190" time="0.045478"/>
          <testcase name="test_response_shape_is_consistent_regardless_of_data_presence with data set &quot;store_15_followers__visits_1_offers_1_period_this_year&quot;" file="E:\coupony-backend\tests\Feature\Analytics\SellerDashboardTest.php" line="461" class="Tests\Feature\Analytics\SellerDashboardTest" classname="Tests.Feature.Analytics.SellerDashboardTest" assertions="196" time="0.045261"/>
          <testcase name="test_response_shape_is_consistent_regardless_of_data_presence with data set &quot;store_16_followers__visits__offers__period_today&quot;" file="E:\coupony-backend\tests\Feature\Analytics\SellerDashboardTest.php" line="461" class="Tests\Feature\Analytics\SellerDashboardTest" classname="Tests.Feature.Analytics.SellerDashboardTest" assertions="190" time="0.042364"/>
          <testcase name="test_response_shape_is_consistent_regardless_of_data_presence with data set &quot;store_17_followers_1_visits_1_offers_1_period_all&quot;" file="E:\coupony-backend\tests\Feature\Analytics\SellerDashboardTest.php" line="461" class="Tests\Feature\Analytics\SellerDashboardTest" classname="Tests.Feature.Analytics.SellerDashboardTest" assertions="204" time="0.076176"/>
          <testcase name="test_response_shape_is_consistent_regardless_of_data_presence with data set &quot;store_18_followers_1_visits_1_offers__period_last_7_days&quot;" file="E:\coupony-backend\tests\Feature\Analytics\SellerDashboardTest.php" line="461" class="Tests\Feature\Analytics\SellerDashboardTest" classname="Tests.Feature.Analytics.SellerDashboardTest" assertions="192" time="0.055086"/>
          <testcase name="test_response_shape_is_consistent_regardless_of_data_presence with data set &quot;store_19_followers_1_visits__offers_1_period_this_year&quot;" file="E:\coupony-backend\tests\Feature\Analytics\SellerDashboardTest.php" line="461" class="Tests\Feature\Analytics\SellerDashboardTest" classname="Tests.Feature.Analytics.SellerDashboardTest" assertions="196" time="0.051806"/>
          <testcase name="test_response_shape_is_consistent_regardless_of_data_presence with data set &quot;store_20_followers_1_visits__offers__period_this_year&quot;" file="E:\coupony-backend\tests\Feature\Analytics\SellerDashboardTest.php" line="461" class="Tests\Feature\Analytics\SellerDashboardTest" classname="Tests.Feature.Analytics.SellerDashboardTest" assertions="190" time="0.048066"/>
          <testcase name="test_response_shape_is_consistent_regardless_of_data_presence with data set &quot;store_21_followers_1_visits_1_offers__period_this_year&quot;" file="E:\coupony-backend\tests\Feature\Analytics\SellerDashboardTest.php" line="461" class="Tests\Feature\Analytics\SellerDashboardTest" classname="Tests.Feature.Analytics.SellerDashboardTest" assertions="192" time="0.050020"/>
          <testcase name="test_response_shape_is_consistent_regardless_of_data_presence with data set &quot;store_22_followers__visits__offers__period_this_month&quot;" file="E:\coupony-backend\tests\Feature\Analytics\SellerDashboardTest.php" line="461" class="Tests\Feature\Analytics\SellerDashboardTest" classname="Tests.Feature.Analytics.SellerDashboardTest" assertions="190" time="0.041426"/>
          <testcase name="test_response_shape_is_consistent_regardless_of_data_presence with data set &quot;store_23_followers_1_visits__offers__period_this_month&quot;" file="E:\coupony-backend\tests\Feature\Analytics\SellerDashboardTest.php" line="461" class="Tests\Feature\Analytics\SellerDashboardTest" classname="Tests.Feature.Analytics.SellerDashboardTest" assertions="190" time="0.065978"/>
          <testcase name="test_response_shape_is_consistent_regardless_of_data_presence with data set &quot;store_24_followers_1_visits__offers_1_period_last_7_days&quot;" file="E:\coupony-backend\tests\Feature\Analytics\SellerDashboardTest.php" line="461" class="Tests\Feature\Analytics\SellerDashboardTest" classname="Tests.Feature.Analytics.SellerDashboardTest" assertions="196" time="0.049979"/>
        </testsuite>
      </testsuite>
      <testsuite name="Tests\Feature\Analytics\UpdateMonthlyGoalTest" file="E:\coupony-backend\tests\Feature\Analytics\UpdateMonthlyGoalTest.php" tests="159" assertions="382" errors="0" failures="0" skipped="0" time="6.038889">
        <testsuite name="Tests\Feature\Analytics\UpdateMonthlyGoalTest::test_monthly_goal_persistence_round_trip" tests="100" assertions="300" errors="0" failures="0" skipped="0" time="3.709837">
          <testcase name="test_monthly_goal_persistence_round_trip with data set &quot;goal_960406_iteration_0&quot;" file="E:\coupony-backend\tests\Feature\Analytics\UpdateMonthlyGoalTest.php" line="32" class="Tests\Feature\Analytics\UpdateMonthlyGoalTest" classname="Tests.Feature.Analytics.UpdateMonthlyGoalTest" assertions="3" time="0.034032"/>
          <testcase name="test_monthly_goal_persistence_round_trip with data set &quot;goal_791069_iteration_1&quot;" file="E:\coupony-backend\tests\Feature\Analytics\UpdateMonthlyGoalTest.php" line="32" class="Tests\Feature\Analytics\UpdateMonthlyGoalTest" classname="Tests.Feature.Analytics.UpdateMonthlyGoalTest" assertions="3" time="0.031684"/>
          <testcase name="test_monthly_goal_persistence_round_trip with data set &quot;goal_990010_iteration_2&quot;" file="E:\coupony-backend\tests\Feature\Analytics\UpdateMonthlyGoalTest.php" line="32" class="Tests\Feature\Analytics\UpdateMonthlyGoalTest" classname="Tests.Feature.Analytics.UpdateMonthlyGoalTest" assertions="3" time="0.032264"/>
          <testcase name="test_monthly_goal_persistence_round_trip with data set &quot;goal_227995_iteration_3&quot;" file="E:\coupony-backend\tests\Feature\Analytics\UpdateMonthlyGoalTest.php" line="32" class="Tests\Feature\Analytics\UpdateMonthlyGoalTest" classname="Tests.Feature.Analytics.UpdateMonthlyGoalTest" assertions="3" time="0.032582"/>
          <testcase name="test_monthly_goal_persistence_round_trip with data set &quot;goal_374034_iteration_4&quot;" file="E:\coupony-backend\tests\Feature\Analytics\UpdateMonthlyGoalTest.php" line="32" class="Tests\Feature\Analytics\UpdateMonthlyGoalTest" classname="Tests.Feature.Analytics.UpdateMonthlyGoalTest" assertions="3" time="0.032023"/>
          <testcase name="test_monthly_goal_persistence_round_trip with data set &quot;goal_258037_iteration_5&quot;" file="E:\coupony-backend\tests\Feature\Analytics\UpdateMonthlyGoalTest.php" line="32" class="Tests\Feature\Analytics\UpdateMonthlyGoalTest" classname="Tests.Feature.Analytics.UpdateMonthlyGoalTest" assertions="3" time="0.031563"/>
          <testcase name="test_monthly_goal_persistence_round_trip with data set &quot;goal_982301_iteration_6&quot;" file="E:\coupony-backend\tests\Feature\Analytics\UpdateMonthlyGoalTest.php" line="32" class="Tests\Feature\Analytics\UpdateMonthlyGoalTest" classname="Tests.Feature.Analytics.UpdateMonthlyGoalTest" assertions="3" time="0.050867"/>
          <testcase name="test_monthly_goal_persistence_round_trip with data set &quot;goal_565922_iteration_7&quot;" file="E:\coupony-backend\tests\Feature\Analytics\UpdateMonthlyGoalTest.php" line="32" class="Tests\Feature\Analytics\UpdateMonthlyGoalTest" classname="Tests.Feature.Analytics.UpdateMonthlyGoalTest" assertions="3" time="0.031430"/>
          <testcase name="test_monthly_goal_persistence_round_trip with data set &quot;goal_34498_iteration_8&quot;" file="E:\coupony-backend\tests\Feature\Analytics\UpdateMonthlyGoalTest.php" line="32" class="Tests\Feature\Analytics\UpdateMonthlyGoalTest" classname="Tests.Feature.Analytics.UpdateMonthlyGoalTest" assertions="3" time="0.033434"/>
          <testcase name="test_monthly_goal_persistence_round_trip with data set &quot;goal_86011_iteration_9&quot;" file="E:\coupony-backend\tests\Feature\Analytics\UpdateMonthlyGoalTest.php" line="32" class="Tests\Feature\Analytics\UpdateMonthlyGoalTest" classname="Tests.Feature.Analytics.UpdateMonthlyGoalTest" assertions="3" time="0.034679"/>
          <testcase name="test_monthly_goal_persistence_round_trip with data set &quot;goal_933725_iteration_10&quot;" file="E:\coupony-backend\tests\Feature\Analytics\UpdateMonthlyGoalTest.php" line="32" class="Tests\Feature\Analytics\UpdateMonthlyGoalTest" classname="Tests.Feature.Analytics.UpdateMonthlyGoalTest" assertions="3" time="0.032266"/>
          <testcase name="test_monthly_goal_persistence_round_trip with data set &quot;goal_788202_iteration_11&quot;" file="E:\coupony-backend\tests\Feature\Analytics\UpdateMonthlyGoalTest.php" line="32" class="Tests\Feature\Analytics\UpdateMonthlyGoalTest" classname="Tests.Feature.Analytics.UpdateMonthlyGoalTest" assertions="3" time="0.034245"/>
          <testcase name="test_monthly_goal_persistence_round_trip with data set &quot;goal_221961_iteration_12&quot;" file="E:\coupony-backend\tests\Feature\Analytics\UpdateMonthlyGoalTest.php" line="32" class="Tests\Feature\Analytics\UpdateMonthlyGoalTest" classname="Tests.Feature.Analytics.UpdateMonthlyGoalTest" assertions="3" time="0.033949"/>
          <testcase name="test_monthly_goal_persistence_round_trip with data set &quot;goal_98463_iteration_13&quot;" file="E:\coupony-backend\tests\Feature\Analytics\UpdateMonthlyGoalTest.php" line="32" class="Tests\Feature\Analytics\UpdateMonthlyGoalTest" classname="Tests.Feature.Analytics.UpdateMonthlyGoalTest" assertions="3" time="0.035051"/>
          <testcase name="test_monthly_goal_persistence_round_trip with data set &quot;goal_700823_iteration_14&quot;" file="E:\coupony-backend\tests\Feature\Analytics\UpdateMonthlyGoalTest.php" line="32" class="Tests\Feature\Analytics\UpdateMonthlyGoalTest" classname="Tests.Feature.Analytics.UpdateMonthlyGoalTest" assertions="3" time="0.033713"/>
          <testcase name="test_monthly_goal_persistence_round_trip with data set &quot;goal_936203_iteration_15&quot;" file="E:\coupony-backend\tests\Feature\Analytics\UpdateMonthlyGoalTest.php" line="32" class="Tests\Feature\Analytics\UpdateMonthlyGoalTest" classname="Tests.Feature.Analytics.UpdateMonthlyGoalTest" assertions="3" time="0.058859"/>
          <testcase name="test_monthly_goal_persistence_round_trip with data set &quot;goal_597862_iteration_16&quot;" file="E:\coupony-backend\tests\Feature\Analytics\UpdateMonthlyGoalTest.php" line="32" class="Tests\Feature\Analytics\UpdateMonthlyGoalTest" classname="Tests.Feature.Analytics.UpdateMonthlyGoalTest" assertions="3" time="0.039532"/>
          <testcase name="test_monthly_goal_persistence_round_trip with data set &quot;goal_979732_iteration_17&quot;" file="E:\coupony-backend\tests\Feature\Analytics\UpdateMonthlyGoalTest.php" line="32" class="Tests\Feature\Analytics\UpdateMonthlyGoalTest" classname="Tests.Feature.Analytics.UpdateMonthlyGoalTest" assertions="3" time="0.036918"/>
          <testcase name="test_monthly_goal_persistence_round_trip with data set &quot;goal_827389_iteration_18&quot;" file="E:\coupony-backend\tests\Feature\Analytics\UpdateMonthlyGoalTest.php" line="32" class="Tests\Feature\Analytics\UpdateMonthlyGoalTest" classname="Tests.Feature.Analytics.UpdateMonthlyGoalTest" assertions="3" time="0.037441"/>
          <testcase name="test_monthly_goal_persistence_round_trip with data set &quot;goal_332676_iteration_19&quot;" file="E:\coupony-backend\tests\Feature\Analytics\UpdateMonthlyGoalTest.php" line="32" class="Tests\Feature\Analytics\UpdateMonthlyGoalTest" classname="Tests.Feature.Analytics.UpdateMonthlyGoalTest" assertions="3" time="0.035416"/>
          <testcase name="test_monthly_goal_persistence_round_trip with data set &quot;goal_376541_iteration_20&quot;" file="E:\coupony-backend\tests\Feature\Analytics\UpdateMonthlyGoalTest.php" line="32" class="Tests\Feature\Analytics\UpdateMonthlyGoalTest" classname="Tests.Feature.Analytics.UpdateMonthlyGoalTest" assertions="3" time="0.036576"/>
          <testcase name="test_monthly_goal_persistence_round_trip with data set &quot;goal_534135_iteration_21&quot;" file="E:\coupony-backend\tests\Feature\Analytics\UpdateMonthlyGoalTest.php" line="32" class="Tests\Feature\Analytics\UpdateMonthlyGoalTest" classname="Tests.Feature.Analytics.UpdateMonthlyGoalTest" assertions="3" time="0.033131"/>
          <testcase name="test_monthly_goal_persistence_round_trip with data set &quot;goal_892863_iteration_22&quot;" file="E:\coupony-backend\tests\Feature\Analytics\UpdateMonthlyGoalTest.php" line="32" class="Tests\Feature\Analytics\UpdateMonthlyGoalTest" classname="Tests.Feature.Analytics.UpdateMonthlyGoalTest" assertions="3" time="0.033620"/>
          <testcase name="test_monthly_goal_persistence_round_trip with data set &quot;goal_556237_iteration_23&quot;" file="E:\coupony-backend\tests\Feature\Analytics\UpdateMonthlyGoalTest.php" line="32" class="Tests\Feature\Analytics\UpdateMonthlyGoalTest" classname="Tests.Feature.Analytics.UpdateMonthlyGoalTest" assertions="3" time="0.033628"/>
          <testcase name="test_monthly_goal_persistence_round_trip with data set &quot;goal_660106_iteration_24&quot;" file="E:\coupony-backend\tests\Feature\Analytics\UpdateMonthlyGoalTest.php" line="32" class="Tests\Feature\Analytics\UpdateMonthlyGoalTest" classname="Tests.Feature.Analytics.UpdateMonthlyGoalTest" assertions="3" time="0.032931"/>
          <testcase name="test_monthly_goal_persistence_round_trip with data set &quot;goal_752273_iteration_25&quot;" file="E:\coupony-backend\tests\Feature\Analytics\UpdateMonthlyGoalTest.php" line="32" class="Tests\Feature\Analytics\UpdateMonthlyGoalTest" classname="Tests.Feature.Analytics.UpdateMonthlyGoalTest" assertions="3" time="0.059535"/>
          <testcase name="test_monthly_goal_persistence_round_trip with data set &quot;goal_664744_iteration_26&quot;" file="E:\coupony-backend\tests\Feature\Analytics\UpdateMonthlyGoalTest.php" line="32" class="Tests\Feature\Analytics\UpdateMonthlyGoalTest" classname="Tests.Feature.Analytics.UpdateMonthlyGoalTest" assertions="3" time="0.037257"/>
          <testcase name="test_monthly_goal_persistence_round_trip with data set &quot;goal_426322_iteration_27&quot;" file="E:\coupony-backend\tests\Feature\Analytics\UpdateMonthlyGoalTest.php" line="32" class="Tests\Feature\Analytics\UpdateMonthlyGoalTest" classname="Tests.Feature.Analytics.UpdateMonthlyGoalTest" assertions="3" time="0.033021"/>
          <testcase name="test_monthly_goal_persistence_round_trip with data set &quot;goal_837468_iteration_28&quot;" file="E:\coupony-backend\tests\Feature\Analytics\UpdateMonthlyGoalTest.php" line="32" class="Tests\Feature\Analytics\UpdateMonthlyGoalTest" classname="Tests.Feature.Analytics.UpdateMonthlyGoalTest" assertions="3" time="0.034928"/>
          <testcase name="test_monthly_goal_persistence_round_trip with data set &quot;goal_61471_iteration_29&quot;" file="E:\coupony-backend\tests\Feature\Analytics\UpdateMonthlyGoalTest.php" line="32" class="Tests\Feature\Analytics\UpdateMonthlyGoalTest" classname="Tests.Feature.Analytics.UpdateMonthlyGoalTest" assertions="3" time="0.037176"/>
          <testcase name="test_monthly_goal_persistence_round_trip with data set &quot;goal_929663_iteration_30&quot;" file="E:\coupony-backend\tests\Feature\Analytics\UpdateMonthlyGoalTest.php" line="32" class="Tests\Feature\Analytics\UpdateMonthlyGoalTest" classname="Tests.Feature.Analytics.UpdateMonthlyGoalTest" assertions="3" time="0.042954"/>
          <testcase name="test_monthly_goal_persistence_round_trip with data set &quot;goal_75120_iteration_31&quot;" file="E:\coupony-backend\tests\Feature\Analytics\UpdateMonthlyGoalTest.php" line="32" class="Tests\Feature\Analytics\UpdateMonthlyGoalTest" classname="Tests.Feature.Analytics.UpdateMonthlyGoalTest" assertions="3" time="0.045574"/>
          <testcase name="test_monthly_goal_persistence_round_trip with data set &quot;goal_992240_iteration_32&quot;" file="E:\coupony-backend\tests\Feature\Analytics\UpdateMonthlyGoalTest.php" line="32" class="Tests\Feature\Analytics\UpdateMonthlyGoalTest" classname="Tests.Feature.Analytics.UpdateMonthlyGoalTest" assertions="3" time="0.037104"/>
          <testcase name="test_monthly_goal_persistence_round_trip with data set &quot;goal_867807_iteration_33&quot;" file="E:\coupony-backend\tests\Feature\Analytics\UpdateMonthlyGoalTest.php" line="32" class="Tests\Feature\Analytics\UpdateMonthlyGoalTest" classname="Tests.Feature.Analytics.UpdateMonthlyGoalTest" assertions="3" time="0.034831"/>
          <testcase name="test_monthly_goal_persistence_round_trip with data set &quot;goal_593203_iteration_34&quot;" file="E:\coupony-backend\tests\Feature\Analytics\UpdateMonthlyGoalTest.php" line="32" class="Tests\Feature\Analytics\UpdateMonthlyGoalTest" classname="Tests.Feature.Analytics.UpdateMonthlyGoalTest" assertions="3" time="0.035019"/>
          <testcase name="test_monthly_goal_persistence_round_trip with data set &quot;goal_438859_iteration_35&quot;" file="E:\coupony-backend\tests\Feature\Analytics\UpdateMonthlyGoalTest.php" line="32" class="Tests\Feature\Analytics\UpdateMonthlyGoalTest" classname="Tests.Feature.Analytics.UpdateMonthlyGoalTest" assertions="3" time="0.058743"/>
          <testcase name="test_monthly_goal_persistence_round_trip with data set &quot;goal_420150_iteration_36&quot;" file="E:\coupony-backend\tests\Feature\Analytics\UpdateMonthlyGoalTest.php" line="32" class="Tests\Feature\Analytics\UpdateMonthlyGoalTest" classname="Tests.Feature.Analytics.UpdateMonthlyGoalTest" assertions="3" time="0.034513"/>
          <testcase name="test_monthly_goal_persistence_round_trip with data set &quot;goal_617493_iteration_37&quot;" file="E:\coupony-backend\tests\Feature\Analytics\UpdateMonthlyGoalTest.php" line="32" class="Tests\Feature\Analytics\UpdateMonthlyGoalTest" classname="Tests.Feature.Analytics.UpdateMonthlyGoalTest" assertions="3" time="0.032765"/>
          <testcase name="test_monthly_goal_persistence_round_trip with data set &quot;goal_21844_iteration_38&quot;" file="E:\coupony-backend\tests\Feature\Analytics\UpdateMonthlyGoalTest.php" line="32" class="Tests\Feature\Analytics\UpdateMonthlyGoalTest" classname="Tests.Feature.Analytics.UpdateMonthlyGoalTest" assertions="3" time="0.035654"/>
          <testcase name="test_monthly_goal_persistence_round_trip with data set &quot;goal_628998_iteration_39&quot;" file="E:\coupony-backend\tests\Feature\Analytics\UpdateMonthlyGoalTest.php" line="32" class="Tests\Feature\Analytics\UpdateMonthlyGoalTest" classname="Tests.Feature.Analytics.UpdateMonthlyGoalTest" assertions="3" time="0.033981"/>
          <testcase name="test_monthly_goal_persistence_round_trip with data set &quot;goal_364622_iteration_40&quot;" file="E:\coupony-backend\tests\Feature\Analytics\UpdateMonthlyGoalTest.php" line="32" class="Tests\Feature\Analytics\UpdateMonthlyGoalTest" classname="Tests.Feature.Analytics.UpdateMonthlyGoalTest" assertions="3" time="0.034357"/>
          <testcase name="test_monthly_goal_persistence_round_trip with data set &quot;goal_391103_iteration_41&quot;" file="E:\coupony-backend\tests\Feature\Analytics\UpdateMonthlyGoalTest.php" line="32" class="Tests\Feature\Analytics\UpdateMonthlyGoalTest" classname="Tests.Feature.Analytics.UpdateMonthlyGoalTest" assertions="3" time="0.035584"/>
          <testcase name="test_monthly_goal_persistence_round_trip with data set &quot;goal_899061_iteration_42&quot;" file="E:\coupony-backend\tests\Feature\Analytics\UpdateMonthlyGoalTest.php" line="32" class="Tests\Feature\Analytics\UpdateMonthlyGoalTest" classname="Tests.Feature.Analytics.UpdateMonthlyGoalTest" assertions="3" time="0.038873"/>
          <testcase name="test_monthly_goal_persistence_round_trip with data set &quot;goal_54395_iteration_43&quot;" file="E:\coupony-backend\tests\Feature\Analytics\UpdateMonthlyGoalTest.php" line="32" class="Tests\Feature\Analytics\UpdateMonthlyGoalTest" classname="Tests.Feature.Analytics.UpdateMonthlyGoalTest" assertions="3" time="0.032980"/>
          <testcase name="test_monthly_goal_persistence_round_trip with data set &quot;goal_312163_iteration_44&quot;" file="E:\coupony-backend\tests\Feature\Analytics\UpdateMonthlyGoalTest.php" line="32" class="Tests\Feature\Analytics\UpdateMonthlyGoalTest" classname="Tests.Feature.Analytics.UpdateMonthlyGoalTest" assertions="3" time="0.032475"/>
          <testcase name="test_monthly_goal_persistence_round_trip with data set &quot;goal_150992_iteration_45&quot;" file="E:\coupony-backend\tests\Feature\Analytics\UpdateMonthlyGoalTest.php" line="32" class="Tests\Feature\Analytics\UpdateMonthlyGoalTest" classname="Tests.Feature.Analytics.UpdateMonthlyGoalTest" assertions="3" time="0.056160"/>
          <testcase name="test_monthly_goal_persistence_round_trip with data set &quot;goal_821907_iteration_46&quot;" file="E:\coupony-backend\tests\Feature\Analytics\UpdateMonthlyGoalTest.php" line="32" class="Tests\Feature\Analytics\UpdateMonthlyGoalTest" classname="Tests.Feature.Analytics.UpdateMonthlyGoalTest" assertions="3" time="0.037458"/>
          <testcase name="test_monthly_goal_persistence_round_trip with data set &quot;goal_578531_iteration_47&quot;" file="E:\coupony-backend\tests\Feature\Analytics\UpdateMonthlyGoalTest.php" line="32" class="Tests\Feature\Analytics\UpdateMonthlyGoalTest" classname="Tests.Feature.Analytics.UpdateMonthlyGoalTest" assertions="3" time="0.032777"/>
          <testcase name="test_monthly_goal_persistence_round_trip with data set &quot;goal_499644_iteration_48&quot;" file="E:\coupony-backend\tests\Feature\Analytics\UpdateMonthlyGoalTest.php" line="32" class="Tests\Feature\Analytics\UpdateMonthlyGoalTest" classname="Tests.Feature.Analytics.UpdateMonthlyGoalTest" assertions="3" time="0.033325"/>
          <testcase name="test_monthly_goal_persistence_round_trip with data set &quot;goal_237593_iteration_49&quot;" file="E:\coupony-backend\tests\Feature\Analytics\UpdateMonthlyGoalTest.php" line="32" class="Tests\Feature\Analytics\UpdateMonthlyGoalTest" classname="Tests.Feature.Analytics.UpdateMonthlyGoalTest" assertions="3" time="0.034082"/>
          <testcase name="test_monthly_goal_persistence_round_trip with data set &quot;goal_755620_iteration_50&quot;" file="E:\coupony-backend\tests\Feature\Analytics\UpdateMonthlyGoalTest.php" line="32" class="Tests\Feature\Analytics\UpdateMonthlyGoalTest" classname="Tests.Feature.Analytics.UpdateMonthlyGoalTest" assertions="3" time="0.037355"/>
          <testcase name="test_monthly_goal_persistence_round_trip with data set &quot;goal_210525_iteration_51&quot;" file="E:\coupony-backend\tests\Feature\Analytics\UpdateMonthlyGoalTest.php" line="32" class="Tests\Feature\Analytics\UpdateMonthlyGoalTest" classname="Tests.Feature.Analytics.UpdateMonthlyGoalTest" assertions="3" time="0.035747"/>
          <testcase name="test_monthly_goal_persistence_round_trip with data set &quot;goal_751908_iteration_52&quot;" file="E:\coupony-backend\tests\Feature\Analytics\UpdateMonthlyGoalTest.php" line="32" class="Tests\Feature\Analytics\UpdateMonthlyGoalTest" classname="Tests.Feature.Analytics.UpdateMonthlyGoalTest" assertions="3" time="0.034784"/>
          <testcase name="test_monthly_goal_persistence_round_trip with data set &quot;goal_119958_iteration_53&quot;" file="E:\coupony-backend\tests\Feature\Analytics\UpdateMonthlyGoalTest.php" line="32" class="Tests\Feature\Analytics\UpdateMonthlyGoalTest" classname="Tests.Feature.Analytics.UpdateMonthlyGoalTest" assertions="3" time="0.034376"/>
          <testcase name="test_monthly_goal_persistence_round_trip with data set &quot;goal_840989_iteration_54&quot;" file="E:\coupony-backend\tests\Feature\Analytics\UpdateMonthlyGoalTest.php" line="32" class="Tests\Feature\Analytics\UpdateMonthlyGoalTest" classname="Tests.Feature.Analytics.UpdateMonthlyGoalTest" assertions="3" time="0.037014"/>
          <testcase name="test_monthly_goal_persistence_round_trip with data set &quot;goal_385149_iteration_55&quot;" file="E:\coupony-backend\tests\Feature\Analytics\UpdateMonthlyGoalTest.php" line="32" class="Tests\Feature\Analytics\UpdateMonthlyGoalTest" classname="Tests.Feature.Analytics.UpdateMonthlyGoalTest" assertions="3" time="0.062108"/>
          <testcase name="test_monthly_goal_persistence_round_trip with data set &quot;goal_67676_iteration_56&quot;" file="E:\coupony-backend\tests\Feature\Analytics\UpdateMonthlyGoalTest.php" line="32" class="Tests\Feature\Analytics\UpdateMonthlyGoalTest" classname="Tests.Feature.Analytics.UpdateMonthlyGoalTest" assertions="3" time="0.033943"/>
          <testcase name="test_monthly_goal_persistence_round_trip with data set &quot;goal_777528_iteration_57&quot;" file="E:\coupony-backend\tests\Feature\Analytics\UpdateMonthlyGoalTest.php" line="32" class="Tests\Feature\Analytics\UpdateMonthlyGoalTest" classname="Tests.Feature.Analytics.UpdateMonthlyGoalTest" assertions="3" time="0.033496"/>
          <testcase name="test_monthly_goal_persistence_round_trip with data set &quot;goal_721713_iteration_58&quot;" file="E:\coupony-backend\tests\Feature\Analytics\UpdateMonthlyGoalTest.php" line="32" class="Tests\Feature\Analytics\UpdateMonthlyGoalTest" classname="Tests.Feature.Analytics.UpdateMonthlyGoalTest" assertions="3" time="0.032866"/>
          <testcase name="test_monthly_goal_persistence_round_trip with data set &quot;goal_546491_iteration_59&quot;" file="E:\coupony-backend\tests\Feature\Analytics\UpdateMonthlyGoalTest.php" line="32" class="Tests\Feature\Analytics\UpdateMonthlyGoalTest" classname="Tests.Feature.Analytics.UpdateMonthlyGoalTest" assertions="3" time="0.039590"/>
          <testcase name="test_monthly_goal_persistence_round_trip with data set &quot;goal_460131_iteration_60&quot;" file="E:\coupony-backend\tests\Feature\Analytics\UpdateMonthlyGoalTest.php" line="32" class="Tests\Feature\Analytics\UpdateMonthlyGoalTest" classname="Tests.Feature.Analytics.UpdateMonthlyGoalTest" assertions="3" time="0.034553"/>
          <testcase name="test_monthly_goal_persistence_round_trip with data set &quot;goal_627213_iteration_61&quot;" file="E:\coupony-backend\tests\Feature\Analytics\UpdateMonthlyGoalTest.php" line="32" class="Tests\Feature\Analytics\UpdateMonthlyGoalTest" classname="Tests.Feature.Analytics.UpdateMonthlyGoalTest" assertions="3" time="0.036784"/>
          <testcase name="test_monthly_goal_persistence_round_trip with data set &quot;goal_644101_iteration_62&quot;" file="E:\coupony-backend\tests\Feature\Analytics\UpdateMonthlyGoalTest.php" line="32" class="Tests\Feature\Analytics\UpdateMonthlyGoalTest" classname="Tests.Feature.Analytics.UpdateMonthlyGoalTest" assertions="3" time="0.050273"/>
          <testcase name="test_monthly_goal_persistence_round_trip with data set &quot;goal_734682_iteration_63&quot;" file="E:\coupony-backend\tests\Feature\Analytics\UpdateMonthlyGoalTest.php" line="32" class="Tests\Feature\Analytics\UpdateMonthlyGoalTest" classname="Tests.Feature.Analytics.UpdateMonthlyGoalTest" assertions="3" time="0.035287"/>
          <testcase name="test_monthly_goal_persistence_round_trip with data set &quot;goal_49042_iteration_64&quot;" file="E:\coupony-backend\tests\Feature\Analytics\UpdateMonthlyGoalTest.php" line="32" class="Tests\Feature\Analytics\UpdateMonthlyGoalTest" classname="Tests.Feature.Analytics.UpdateMonthlyGoalTest" assertions="3" time="0.034408"/>
          <testcase name="test_monthly_goal_persistence_round_trip with data set &quot;goal_172552_iteration_65&quot;" file="E:\coupony-backend\tests\Feature\Analytics\UpdateMonthlyGoalTest.php" line="32" class="Tests\Feature\Analytics\UpdateMonthlyGoalTest" classname="Tests.Feature.Analytics.UpdateMonthlyGoalTest" assertions="3" time="0.057168"/>
          <testcase name="test_monthly_goal_persistence_round_trip with data set &quot;goal_547301_iteration_66&quot;" file="E:\coupony-backend\tests\Feature\Analytics\UpdateMonthlyGoalTest.php" line="32" class="Tests\Feature\Analytics\UpdateMonthlyGoalTest" classname="Tests.Feature.Analytics.UpdateMonthlyGoalTest" assertions="3" time="0.034302"/>
          <testcase name="test_monthly_goal_persistence_round_trip with data set &quot;goal_44356_iteration_67&quot;" file="E:\coupony-backend\tests\Feature\Analytics\UpdateMonthlyGoalTest.php" line="32" class="Tests\Feature\Analytics\UpdateMonthlyGoalTest" classname="Tests.Feature.Analytics.UpdateMonthlyGoalTest" assertions="3" time="0.035312"/>
          <testcase name="test_monthly_goal_persistence_round_trip with data set &quot;goal_517214_iteration_68&quot;" file="E:\coupony-backend\tests\Feature\Analytics\UpdateMonthlyGoalTest.php" line="32" class="Tests\Feature\Analytics\UpdateMonthlyGoalTest" classname="Tests.Feature.Analytics.UpdateMonthlyGoalTest" assertions="3" time="0.035276"/>
          <testcase name="test_monthly_goal_persistence_round_trip with data set &quot;goal_11485_iteration_69&quot;" file="E:\coupony-backend\tests\Feature\Analytics\UpdateMonthlyGoalTest.php" line="32" class="Tests\Feature\Analytics\UpdateMonthlyGoalTest" classname="Tests.Feature.Analytics.UpdateMonthlyGoalTest" assertions="3" time="0.033792"/>
          <testcase name="test_monthly_goal_persistence_round_trip with data set &quot;goal_626578_iteration_70&quot;" file="E:\coupony-backend\tests\Feature\Analytics\UpdateMonthlyGoalTest.php" line="32" class="Tests\Feature\Analytics\UpdateMonthlyGoalTest" classname="Tests.Feature.Analytics.UpdateMonthlyGoalTest" assertions="3" time="0.033516"/>
          <testcase name="test_monthly_goal_persistence_round_trip with data set &quot;goal_670854_iteration_71&quot;" file="E:\coupony-backend\tests\Feature\Analytics\UpdateMonthlyGoalTest.php" line="32" class="Tests\Feature\Analytics\UpdateMonthlyGoalTest" classname="Tests.Feature.Analytics.UpdateMonthlyGoalTest" assertions="3" time="0.033672"/>
          <testcase name="test_monthly_goal_persistence_round_trip with data set &quot;goal_115227_iteration_72&quot;" file="E:\coupony-backend\tests\Feature\Analytics\UpdateMonthlyGoalTest.php" line="32" class="Tests\Feature\Analytics\UpdateMonthlyGoalTest" classname="Tests.Feature.Analytics.UpdateMonthlyGoalTest" assertions="3" time="0.034127"/>
          <testcase name="test_monthly_goal_persistence_round_trip with data set &quot;goal_835297_iteration_73&quot;" file="E:\coupony-backend\tests\Feature\Analytics\UpdateMonthlyGoalTest.php" line="32" class="Tests\Feature\Analytics\UpdateMonthlyGoalTest" classname="Tests.Feature.Analytics.UpdateMonthlyGoalTest" assertions="3" time="0.032994"/>
          <testcase name="test_monthly_goal_persistence_round_trip with data set &quot;goal_362302_iteration_74&quot;" file="E:\coupony-backend\tests\Feature\Analytics\UpdateMonthlyGoalTest.php" line="32" class="Tests\Feature\Analytics\UpdateMonthlyGoalTest" classname="Tests.Feature.Analytics.UpdateMonthlyGoalTest" assertions="3" time="0.033017"/>
          <testcase name="test_monthly_goal_persistence_round_trip with data set &quot;goal_174163_iteration_75&quot;" file="E:\coupony-backend\tests\Feature\Analytics\UpdateMonthlyGoalTest.php" line="32" class="Tests\Feature\Analytics\UpdateMonthlyGoalTest" classname="Tests.Feature.Analytics.UpdateMonthlyGoalTest" assertions="3" time="0.059337"/>
          <testcase name="test_monthly_goal_persistence_round_trip with data set &quot;goal_10555_iteration_76&quot;" file="E:\coupony-backend\tests\Feature\Analytics\UpdateMonthlyGoalTest.php" line="32" class="Tests\Feature\Analytics\UpdateMonthlyGoalTest" classname="Tests.Feature.Analytics.UpdateMonthlyGoalTest" assertions="3" time="0.032496"/>
          <testcase name="test_monthly_goal_persistence_round_trip with data set &quot;goal_203755_iteration_77&quot;" file="E:\coupony-backend\tests\Feature\Analytics\UpdateMonthlyGoalTest.php" line="32" class="Tests\Feature\Analytics\UpdateMonthlyGoalTest" classname="Tests.Feature.Analytics.UpdateMonthlyGoalTest" assertions="3" time="0.035678"/>
          <testcase name="test_monthly_goal_persistence_round_trip with data set &quot;goal_26117_iteration_78&quot;" file="E:\coupony-backend\tests\Feature\Analytics\UpdateMonthlyGoalTest.php" line="32" class="Tests\Feature\Analytics\UpdateMonthlyGoalTest" classname="Tests.Feature.Analytics.UpdateMonthlyGoalTest" assertions="3" time="0.034389"/>
          <testcase name="test_monthly_goal_persistence_round_trip with data set &quot;goal_968932_iteration_79&quot;" file="E:\coupony-backend\tests\Feature\Analytics\UpdateMonthlyGoalTest.php" line="32" class="Tests\Feature\Analytics\UpdateMonthlyGoalTest" classname="Tests.Feature.Analytics.UpdateMonthlyGoalTest" assertions="3" time="0.031530"/>
          <testcase name="test_monthly_goal_persistence_round_trip with data set &quot;goal_809463_iteration_80&quot;" file="E:\coupony-backend\tests\Feature\Analytics\UpdateMonthlyGoalTest.php" line="32" class="Tests\Feature\Analytics\UpdateMonthlyGoalTest" classname="Tests.Feature.Analytics.UpdateMonthlyGoalTest" assertions="3" time="0.034167"/>
          <testcase name="test_monthly_goal_persistence_round_trip with data set &quot;goal_466480_iteration_81&quot;" file="E:\coupony-backend\tests\Feature\Analytics\UpdateMonthlyGoalTest.php" line="32" class="Tests\Feature\Analytics\UpdateMonthlyGoalTest" classname="Tests.Feature.Analytics.UpdateMonthlyGoalTest" assertions="3" time="0.034152"/>
          <testcase name="test_monthly_goal_persistence_round_trip with data set &quot;goal_338892_iteration_82&quot;" file="E:\coupony-backend\tests\Feature\Analytics\UpdateMonthlyGoalTest.php" line="32" class="Tests\Feature\Analytics\UpdateMonthlyGoalTest" classname="Tests.Feature.Analytics.UpdateMonthlyGoalTest" assertions="3" time="0.033094"/>
          <testcase name="test_monthly_goal_persistence_round_trip with data set &quot;goal_851210_iteration_83&quot;" file="E:\coupony-backend\tests\Feature\Analytics\UpdateMonthlyGoalTest.php" line="32" class="Tests\Feature\Analytics\UpdateMonthlyGoalTest" classname="Tests.Feature.Analytics.UpdateMonthlyGoalTest" assertions="3" time="0.033024"/>
          <testcase name="test_monthly_goal_persistence_round_trip with data set &quot;goal_558834_iteration_84&quot;" file="E:\coupony-backend\tests\Feature\Analytics\UpdateMonthlyGoalTest.php" line="32" class="Tests\Feature\Analytics\UpdateMonthlyGoalTest" classname="Tests.Feature.Analytics.UpdateMonthlyGoalTest" assertions="3" time="0.036330"/>
          <testcase name="test_monthly_goal_persistence_round_trip with data set &quot;goal_804093_iteration_85&quot;" file="E:\coupony-backend\tests\Feature\Analytics\UpdateMonthlyGoalTest.php" line="32" class="Tests\Feature\Analytics\UpdateMonthlyGoalTest" classname="Tests.Feature.Analytics.UpdateMonthlyGoalTest" assertions="3" time="0.056742"/>
          <testcase name="test_monthly_goal_persistence_round_trip with data set &quot;goal_762577_iteration_86&quot;" file="E:\coupony-backend\tests\Feature\Analytics\UpdateMonthlyGoalTest.php" line="32" class="Tests\Feature\Analytics\UpdateMonthlyGoalTest" classname="Tests.Feature.Analytics.UpdateMonthlyGoalTest" assertions="3" time="0.032115"/>
          <testcase name="test_monthly_goal_persistence_round_trip with data set &quot;goal_683485_iteration_87&quot;" file="E:\coupony-backend\tests\Feature\Analytics\UpdateMonthlyGoalTest.php" line="32" class="Tests\Feature\Analytics\UpdateMonthlyGoalTest" classname="Tests.Feature.Analytics.UpdateMonthlyGoalTest" assertions="3" time="0.032962"/>
          <testcase name="test_monthly_goal_persistence_round_trip with data set &quot;goal_433859_iteration_88&quot;" file="E:\coupony-backend\tests\Feature\Analytics\UpdateMonthlyGoalTest.php" line="32" class="Tests\Feature\Analytics\UpdateMonthlyGoalTest" classname="Tests.Feature.Analytics.UpdateMonthlyGoalTest" assertions="3" time="0.032538"/>
          <testcase name="test_monthly_goal_persistence_round_trip with data set &quot;goal_967032_iteration_89&quot;" file="E:\coupony-backend\tests\Feature\Analytics\UpdateMonthlyGoalTest.php" line="32" class="Tests\Feature\Analytics\UpdateMonthlyGoalTest" classname="Tests.Feature.Analytics.UpdateMonthlyGoalTest" assertions="3" time="0.031761"/>
          <testcase name="test_monthly_goal_persistence_round_trip with data set &quot;goal_575797_iteration_90&quot;" file="E:\coupony-backend\tests\Feature\Analytics\UpdateMonthlyGoalTest.php" line="32" class="Tests\Feature\Analytics\UpdateMonthlyGoalTest" classname="Tests.Feature.Analytics.UpdateMonthlyGoalTest" assertions="3" time="0.032106"/>
          <testcase name="test_monthly_goal_persistence_round_trip with data set &quot;goal_245077_iteration_91&quot;" file="E:\coupony-backend\tests\Feature\Analytics\UpdateMonthlyGoalTest.php" line="32" class="Tests\Feature\Analytics\UpdateMonthlyGoalTest" classname="Tests.Feature.Analytics.UpdateMonthlyGoalTest" assertions="3" time="0.031450"/>
          <testcase name="test_monthly_goal_persistence_round_trip with data set &quot;goal_202488_iteration_92&quot;" file="E:\coupony-backend\tests\Feature\Analytics\UpdateMonthlyGoalTest.php" line="32" class="Tests\Feature\Analytics\UpdateMonthlyGoalTest" classname="Tests.Feature.Analytics.UpdateMonthlyGoalTest" assertions="3" time="0.032732"/>
          <testcase name="test_monthly_goal_persistence_round_trip with data set &quot;goal_366001_iteration_93&quot;" file="E:\coupony-backend\tests\Feature\Analytics\UpdateMonthlyGoalTest.php" line="32" class="Tests\Feature\Analytics\UpdateMonthlyGoalTest" classname="Tests.Feature.Analytics.UpdateMonthlyGoalTest" assertions="3" time="0.034784"/>
          <testcase name="test_monthly_goal_persistence_round_trip with data set &quot;goal_622488_iteration_94&quot;" file="E:\coupony-backend\tests\Feature\Analytics\UpdateMonthlyGoalTest.php" line="32" class="Tests\Feature\Analytics\UpdateMonthlyGoalTest" classname="Tests.Feature.Analytics.UpdateMonthlyGoalTest" assertions="3" time="0.034062"/>
          <testcase name="test_monthly_goal_persistence_round_trip with data set &quot;goal_743161_iteration_95&quot;" file="E:\coupony-backend\tests\Feature\Analytics\UpdateMonthlyGoalTest.php" line="32" class="Tests\Feature\Analytics\UpdateMonthlyGoalTest" classname="Tests.Feature.Analytics.UpdateMonthlyGoalTest" assertions="3" time="0.061011"/>
          <testcase name="test_monthly_goal_persistence_round_trip with data set &quot;goal_250143_iteration_96&quot;" file="E:\coupony-backend\tests\Feature\Analytics\UpdateMonthlyGoalTest.php" line="32" class="Tests\Feature\Analytics\UpdateMonthlyGoalTest" classname="Tests.Feature.Analytics.UpdateMonthlyGoalTest" assertions="3" time="0.033913"/>
          <testcase name="test_monthly_goal_persistence_round_trip with data set &quot;goal_202583_iteration_97&quot;" file="E:\coupony-backend\tests\Feature\Analytics\UpdateMonthlyGoalTest.php" line="32" class="Tests\Feature\Analytics\UpdateMonthlyGoalTest" classname="Tests.Feature.Analytics.UpdateMonthlyGoalTest" assertions="3" time="0.046336"/>
          <testcase name="test_monthly_goal_persistence_round_trip with data set &quot;goal_896573_iteration_98&quot;" file="E:\coupony-backend\tests\Feature\Analytics\UpdateMonthlyGoalTest.php" line="32" class="Tests\Feature\Analytics\UpdateMonthlyGoalTest" classname="Tests.Feature.Analytics.UpdateMonthlyGoalTest" assertions="3" time="0.032801"/>
          <testcase name="test_monthly_goal_persistence_round_trip with data set &quot;goal_881377_iteration_99&quot;" file="E:\coupony-backend\tests\Feature\Analytics\UpdateMonthlyGoalTest.php" line="32" class="Tests\Feature\Analytics\UpdateMonthlyGoalTest" classname="Tests.Feature.Analytics.UpdateMonthlyGoalTest" assertions="3" time="0.031608"/>
        </testsuite>
        <testcase name="test_valid_goal_update_returns_json_with_goal" file="E:\coupony-backend\tests\Feature\Analytics\UpdateMonthlyGoalTest.php" line="79" class="Tests\Feature\Analytics\UpdateMonthlyGoalTest" classname="Tests.Feature.Analytics.UpdateMonthlyGoalTest" assertions="3" time="0.047280"/>
        <testcase name="test_invalid_goal_zero_returns_422" file="E:\coupony-backend\tests\Feature\Analytics\UpdateMonthlyGoalTest.php" line="101" class="Tests\Feature\Analytics\UpdateMonthlyGoalTest" classname="Tests.Feature.Analytics.UpdateMonthlyGoalTest" assertions="3" time="0.035726"/>
        <testcase name="test_invalid_goal_negative_returns_422" file="E:\coupony-backend\tests\Feature\Analytics\UpdateMonthlyGoalTest.php" line="118" class="Tests\Feature\Analytics\UpdateMonthlyGoalTest" classname="Tests.Feature.Analytics.UpdateMonthlyGoalTest" assertions="3" time="0.035194"/>
        <testcase name="test_invalid_goal_string_returns_422" file="E:\coupony-backend\tests\Feature\Analytics\UpdateMonthlyGoalTest.php" line="135" class="Tests\Feature\Analytics\UpdateMonthlyGoalTest" classname="Tests.Feature.Analytics.UpdateMonthlyGoalTest" assertions="3" time="0.036431"/>
        <testcase name="test_invalid_goal_null_returns_422" file="E:\coupony-backend\tests\Feature\Analytics\UpdateMonthlyGoalTest.php" line="152" class="Tests\Feature\Analytics\UpdateMonthlyGoalTest" classname="Tests.Feature.Analytics.UpdateMonthlyGoalTest" assertions="3" time="0.061217"/>
        <testcase name="test_invalid_goal_float_returns_422" file="E:\coupony-backend\tests\Feature\Analytics\UpdateMonthlyGoalTest.php" line="169" class="Tests\Feature\Analytics\UpdateMonthlyGoalTest" classname="Tests.Feature.Analytics.UpdateMonthlyGoalTest" assertions="3" time="0.035573"/>
        <testcase name="test_goal_update_invalidates_dashboard_cache" file="E:\coupony-backend\tests\Feature\Analytics\UpdateMonthlyGoalTest.php" line="186" class="Tests\Feature\Analytics\UpdateMonthlyGoalTest" classname="Tests.Feature.Analytics.UpdateMonthlyGoalTest" assertions="10" time="0.034728"/>
        <testcase name="test_null_goal_returns_zero_achievement_in_dashboard" file="E:\coupony-backend\tests\Feature\Analytics\UpdateMonthlyGoalTest.php" line="220" class="Tests\Feature\Analytics\UpdateMonthlyGoalTest" classname="Tests.Feature.Analytics.UpdateMonthlyGoalTest" assertions="3" time="0.038571"/>
        <testcase name="test_user_without_store_gets_403" file="E:\coupony-backend\tests\Feature\Analytics\UpdateMonthlyGoalTest.php" line="241" class="Tests\Feature\Analytics\UpdateMonthlyGoalTest" classname="Tests.Feature.Analytics.UpdateMonthlyGoalTest" assertions="1" time="0.036419"/>
        <testcase name="test_unauthenticated_request_gets_401" file="E:\coupony-backend\tests\Feature\Analytics\UpdateMonthlyGoalTest.php" line="257" class="Tests\Feature\Analytics\UpdateMonthlyGoalTest" classname="Tests.Feature.Analytics.UpdateMonthlyGoalTest" assertions="1" time="0.033387"/>
        <testsuite name="Tests\Feature\Analytics\UpdateMonthlyGoalTest::test_invalid_goal_rejection_property" tests="49" assertions="49" errors="0" failures="0" skipped="0" time="1.934525">
          <testcase name="test_invalid_goal_rejection_property with data set &quot;zero&quot;" file="E:\coupony-backend\tests\Feature\Analytics\UpdateMonthlyGoalTest.php" line="277" class="Tests\Feature\Analytics\UpdateMonthlyGoalTest" classname="Tests.Feature.Analytics.UpdateMonthlyGoalTest" assertions="1" time="0.038310"/>
          <testcase name="test_invalid_goal_rejection_property with data set &quot;null&quot;" file="E:\coupony-backend\tests\Feature\Analytics\UpdateMonthlyGoalTest.php" line="277" class="Tests\Feature\Analytics\UpdateMonthlyGoalTest" classname="Tests.Feature.Analytics.UpdateMonthlyGoalTest" assertions="1" time="0.034724"/>
          <testcase name="test_invalid_goal_rejection_property with data set &quot;negative_0_-378365&quot;" file="E:\coupony-backend\tests\Feature\Analytics\UpdateMonthlyGoalTest.php" line="277" class="Tests\Feature\Analytics\UpdateMonthlyGoalTest" classname="Tests.Feature.Analytics.UpdateMonthlyGoalTest" assertions="1" time="0.055061"/>
          <testcase name="test_invalid_goal_rejection_property with data set &quot;negative_1_-437086&quot;" file="E:\coupony-backend\tests\Feature\Analytics\UpdateMonthlyGoalTest.php" line="277" class="Tests\Feature\Analytics\UpdateMonthlyGoalTest" classname="Tests.Feature.Analytics.UpdateMonthlyGoalTest" assertions="1" time="0.036525"/>
          <testcase name="test_invalid_goal_rejection_property with data set &quot;negative_2_-362445&quot;" file="E:\coupony-backend\tests\Feature\Analytics\UpdateMonthlyGoalTest.php" line="277" class="Tests\Feature\Analytics\UpdateMonthlyGoalTest" classname="Tests.Feature.Analytics.UpdateMonthlyGoalTest" assertions="1" time="0.037478"/>
          <testcase name="test_invalid_goal_rejection_property with data set &quot;negative_3_-750724&quot;" file="E:\coupony-backend\tests\Feature\Analytics\UpdateMonthlyGoalTest.php" line="277" class="Tests\Feature\Analytics\UpdateMonthlyGoalTest" classname="Tests.Feature.Analytics.UpdateMonthlyGoalTest" assertions="1" time="0.035875"/>
          <testcase name="test_invalid_goal_rejection_property with data set &quot;negative_4_-551819&quot;" file="E:\coupony-backend\tests\Feature\Analytics\UpdateMonthlyGoalTest.php" line="277" class="Tests\Feature\Analytics\UpdateMonthlyGoalTest" classname="Tests.Feature.Analytics.UpdateMonthlyGoalTest" assertions="1" time="0.035683"/>
          <testcase name="test_invalid_goal_rejection_property with data set &quot;negative_5_-810528&quot;" file="E:\coupony-backend\tests\Feature\Analytics\UpdateMonthlyGoalTest.php" line="277" class="Tests\Feature\Analytics\UpdateMonthlyGoalTest" classname="Tests.Feature.Analytics.UpdateMonthlyGoalTest" assertions="1" time="0.036054"/>
          <testcase name="test_invalid_goal_rejection_property with data set &quot;negative_6_-488030&quot;" file="E:\coupony-backend\tests\Feature\Analytics\UpdateMonthlyGoalTest.php" line="277" class="Tests\Feature\Analytics\UpdateMonthlyGoalTest" classname="Tests.Feature.Analytics.UpdateMonthlyGoalTest" assertions="1" time="0.040989"/>
          <testcase name="test_invalid_goal_rejection_property with data set &quot;negative_7_-705400&quot;" file="E:\coupony-backend\tests\Feature\Analytics\UpdateMonthlyGoalTest.php" line="277" class="Tests\Feature\Analytics\UpdateMonthlyGoalTest" classname="Tests.Feature.Analytics.UpdateMonthlyGoalTest" assertions="1" time="0.034824"/>
          <testcase name="test_invalid_goal_rejection_property with data set &quot;negative_8_-126731&quot;" file="E:\coupony-backend\tests\Feature\Analytics\UpdateMonthlyGoalTest.php" line="277" class="Tests\Feature\Analytics\UpdateMonthlyGoalTest" classname="Tests.Feature.Analytics.UpdateMonthlyGoalTest" assertions="1" time="0.065326"/>
          <testcase name="test_invalid_goal_rejection_property with data set &quot;negative_9_-668394&quot;" file="E:\coupony-backend\tests\Feature\Analytics\UpdateMonthlyGoalTest.php" line="277" class="Tests\Feature\Analytics\UpdateMonthlyGoalTest" classname="Tests.Feature.Analytics.UpdateMonthlyGoalTest" assertions="1" time="0.036853"/>
          <testcase name="test_invalid_goal_rejection_property with data set &quot;negative_10_-593863&quot;" file="E:\coupony-backend\tests\Feature\Analytics\UpdateMonthlyGoalTest.php" line="277" class="Tests\Feature\Analytics\UpdateMonthlyGoalTest" classname="Tests.Feature.Analytics.UpdateMonthlyGoalTest" assertions="1" time="0.035999"/>
          <testcase name="test_invalid_goal_rejection_property with data set &quot;negative_11_-782161&quot;" file="E:\coupony-backend\tests\Feature\Analytics\UpdateMonthlyGoalTest.php" line="277" class="Tests\Feature\Analytics\UpdateMonthlyGoalTest" classname="Tests.Feature.Analytics.UpdateMonthlyGoalTest" assertions="1" time="0.035608"/>
          <testcase name="test_invalid_goal_rejection_property with data set &quot;negative_12_-895965&quot;" file="E:\coupony-backend\tests\Feature\Analytics\UpdateMonthlyGoalTest.php" line="277" class="Tests\Feature\Analytics\UpdateMonthlyGoalTest" classname="Tests.Feature.Analytics.UpdateMonthlyGoalTest" assertions="1" time="0.036401"/>
          <testcase name="test_invalid_goal_rejection_property with data set &quot;negative_13_-797597&quot;" file="E:\coupony-backend\tests\Feature\Analytics\UpdateMonthlyGoalTest.php" line="277" class="Tests\Feature\Analytics\UpdateMonthlyGoalTest" classname="Tests.Feature.Analytics.UpdateMonthlyGoalTest" assertions="1" time="0.036352"/>
          <testcase name="test_invalid_goal_rejection_property with data set &quot;negative_14_-600751&quot;" file="E:\coupony-backend\tests\Feature\Analytics\UpdateMonthlyGoalTest.php" line="277" class="Tests\Feature\Analytics\UpdateMonthlyGoalTest" classname="Tests.Feature.Analytics.UpdateMonthlyGoalTest" assertions="1" time="0.037766"/>
          <testcase name="test_invalid_goal_rejection_property with data set &quot;float_0&quot;" file="E:\coupony-backend\tests\Feature\Analytics\UpdateMonthlyGoalTest.php" line="277" class="Tests\Feature\Analytics\UpdateMonthlyGoalTest" classname="Tests.Feature.Analytics.UpdateMonthlyGoalTest" assertions="1" time="0.035682"/>
          <testcase name="test_invalid_goal_rejection_property with data set &quot;float_1&quot;" file="E:\coupony-backend\tests\Feature\Analytics\UpdateMonthlyGoalTest.php" line="277" class="Tests\Feature\Analytics\UpdateMonthlyGoalTest" classname="Tests.Feature.Analytics.UpdateMonthlyGoalTest" assertions="1" time="0.063698"/>
          <testcase name="test_invalid_goal_rejection_property with data set &quot;float_2&quot;" file="E:\coupony-backend\tests\Feature\Analytics\UpdateMonthlyGoalTest.php" line="277" class="Tests\Feature\Analytics\UpdateMonthlyGoalTest" classname="Tests.Feature.Analytics.UpdateMonthlyGoalTest" assertions="1" time="0.046882"/>
          <testcase name="test_invalid_goal_rejection_property with data set &quot;float_3&quot;" file="E:\coupony-backend\tests\Feature\Analytics\UpdateMonthlyGoalTest.php" line="277" class="Tests\Feature\Analytics\UpdateMonthlyGoalTest" classname="Tests.Feature.Analytics.UpdateMonthlyGoalTest" assertions="1" time="0.037382"/>
          <testcase name="test_invalid_goal_rejection_property with data set &quot;float_4&quot;" file="E:\coupony-backend\tests\Feature\Analytics\UpdateMonthlyGoalTest.php" line="277" class="Tests\Feature\Analytics\UpdateMonthlyGoalTest" classname="Tests.Feature.Analytics.UpdateMonthlyGoalTest" assertions="1" time="0.036612"/>
          <testcase name="test_invalid_goal_rejection_property with data set &quot;float_5&quot;" file="E:\coupony-backend\tests\Feature\Analytics\UpdateMonthlyGoalTest.php" line="277" class="Tests\Feature\Analytics\UpdateMonthlyGoalTest" classname="Tests.Feature.Analytics.UpdateMonthlyGoalTest" assertions="1" time="0.035529"/>
          <testcase name="test_invalid_goal_rejection_property with data set &quot;float_6&quot;" file="E:\coupony-backend\tests\Feature\Analytics\UpdateMonthlyGoalTest.php" line="277" class="Tests\Feature\Analytics\UpdateMonthlyGoalTest" classname="Tests.Feature.Analytics.UpdateMonthlyGoalTest" assertions="1" time="0.037875"/>
          <testcase name="test_invalid_goal_rejection_property with data set &quot;float_7&quot;" file="E:\coupony-backend\tests\Feature\Analytics\UpdateMonthlyGoalTest.php" line="277" class="Tests\Feature\Analytics\UpdateMonthlyGoalTest" classname="Tests.Feature.Analytics.UpdateMonthlyGoalTest" assertions="1" time="0.036480"/>
          <testcase name="test_invalid_goal_rejection_property with data set &quot;float_8&quot;" file="E:\coupony-backend\tests\Feature\Analytics\UpdateMonthlyGoalTest.php" line="277" class="Tests\Feature\Analytics\UpdateMonthlyGoalTest" classname="Tests.Feature.Analytics.UpdateMonthlyGoalTest" assertions="1" time="0.036605"/>
          <testcase name="test_invalid_goal_rejection_property with data set &quot;float_9&quot;" file="E:\coupony-backend\tests\Feature\Analytics\UpdateMonthlyGoalTest.php" line="277" class="Tests\Feature\Analytics\UpdateMonthlyGoalTest" classname="Tests.Feature.Analytics.UpdateMonthlyGoalTest" assertions="1" time="0.057810"/>
          <testcase name="test_invalid_goal_rejection_property with data set &quot;negative_float_0&quot;" file="E:\coupony-backend\tests\Feature\Analytics\UpdateMonthlyGoalTest.php" line="277" class="Tests\Feature\Analytics\UpdateMonthlyGoalTest" classname="Tests.Feature.Analytics.UpdateMonthlyGoalTest" assertions="1" time="0.036540"/>
          <testcase name="test_invalid_goal_rejection_property with data set &quot;negative_float_1&quot;" file="E:\coupony-backend\tests\Feature\Analytics\UpdateMonthlyGoalTest.php" line="277" class="Tests\Feature\Analytics\UpdateMonthlyGoalTest" classname="Tests.Feature.Analytics.UpdateMonthlyGoalTest" assertions="1" time="0.035384"/>
          <testcase name="test_invalid_goal_rejection_property with data set &quot;negative_float_2&quot;" file="E:\coupony-backend\tests\Feature\Analytics\UpdateMonthlyGoalTest.php" line="277" class="Tests\Feature\Analytics\UpdateMonthlyGoalTest" classname="Tests.Feature.Analytics.UpdateMonthlyGoalTest" assertions="1" time="0.035678"/>
          <testcase name="test_invalid_goal_rejection_property with data set &quot;negative_float_3&quot;" file="E:\coupony-backend\tests\Feature\Analytics\UpdateMonthlyGoalTest.php" line="277" class="Tests\Feature\Analytics\UpdateMonthlyGoalTest" classname="Tests.Feature.Analytics.UpdateMonthlyGoalTest" assertions="1" time="0.035831"/>
          <testcase name="test_invalid_goal_rejection_property with data set &quot;negative_float_4&quot;" file="E:\coupony-backend\tests\Feature\Analytics\UpdateMonthlyGoalTest.php" line="277" class="Tests\Feature\Analytics\UpdateMonthlyGoalTest" classname="Tests.Feature.Analytics.UpdateMonthlyGoalTest" assertions="1" time="0.036909"/>
          <testcase name="test_invalid_goal_rejection_property with data set &quot;string_0_accusamus&quot;" file="E:\coupony-backend\tests\Feature\Analytics\UpdateMonthlyGoalTest.php" line="277" class="Tests\Feature\Analytics\UpdateMonthlyGoalTest" classname="Tests.Feature.Analytics.UpdateMonthlyGoalTest" assertions="1" time="0.036175"/>
          <testcase name="test_invalid_goal_rejection_property with data set &quot;string_1_nemo&quot;" file="E:\coupony-backend\tests\Feature\Analytics\UpdateMonthlyGoalTest.php" line="277" class="Tests\Feature\Analytics\UpdateMonthlyGoalTest" classname="Tests.Feature.Analytics.UpdateMonthlyGoalTest" assertions="1" time="0.037384"/>
          <testcase name="test_invalid_goal_rejection_property with data set &quot;string_2_et&quot;" file="E:\coupony-backend\tests\Feature\Analytics\UpdateMonthlyGoalTest.php" line="277" class="Tests\Feature\Analytics\UpdateMonthlyGoalTest" classname="Tests.Feature.Analytics.UpdateMonthlyGoalTest" assertions="1" time="0.057438"/>
          <testcase name="test_invalid_goal_rejection_property with data set &quot;string_3_et&quot;" file="E:\coupony-backend\tests\Feature\Analytics\UpdateMonthlyGoalTest.php" line="277" class="Tests\Feature\Analytics\UpdateMonthlyGoalTest" classname="Tests.Feature.Analytics.UpdateMonthlyGoalTest" assertions="1" time="0.039211"/>
          <testcase name="test_invalid_goal_rejection_property with data set &quot;string_4_pariatur&quot;" file="E:\coupony-backend\tests\Feature\Analytics\UpdateMonthlyGoalTest.php" line="277" class="Tests\Feature\Analytics\UpdateMonthlyGoalTest" classname="Tests.Feature.Analytics.UpdateMonthlyGoalTest" assertions="1" time="0.035767"/>
          <testcase name="test_invalid_goal_rejection_property with data set &quot;string_5_quaerat&quot;" file="E:\coupony-backend\tests\Feature\Analytics\UpdateMonthlyGoalTest.php" line="277" class="Tests\Feature\Analytics\UpdateMonthlyGoalTest" classname="Tests.Feature.Analytics.UpdateMonthlyGoalTest" assertions="1" time="0.036291"/>
          <testcase name="test_invalid_goal_rejection_property with data set &quot;string_6_sunt&quot;" file="E:\coupony-backend\tests\Feature\Analytics\UpdateMonthlyGoalTest.php" line="277" class="Tests\Feature\Analytics\UpdateMonthlyGoalTest" classname="Tests.Feature.Analytics.UpdateMonthlyGoalTest" assertions="1" time="0.037572"/>
          <testcase name="test_invalid_goal_rejection_property with data set &quot;string_7_autem&quot;" file="E:\coupony-backend\tests\Feature\Analytics\UpdateMonthlyGoalTest.php" line="277" class="Tests\Feature\Analytics\UpdateMonthlyGoalTest" classname="Tests.Feature.Analytics.UpdateMonthlyGoalTest" assertions="1" time="0.037376"/>
          <testcase name="test_invalid_goal_rejection_property with data set &quot;string_8_laborum&quot;" file="E:\coupony-backend\tests\Feature\Analytics\UpdateMonthlyGoalTest.php" line="277" class="Tests\Feature\Analytics\UpdateMonthlyGoalTest" classname="Tests.Feature.Analytics.UpdateMonthlyGoalTest" assertions="1" time="0.036107"/>
          <testcase name="test_invalid_goal_rejection_property with data set &quot;string_9_vitae&quot;" file="E:\coupony-backend\tests\Feature\Analytics\UpdateMonthlyGoalTest.php" line="277" class="Tests\Feature\Analytics\UpdateMonthlyGoalTest" classname="Tests.Feature.Analytics.UpdateMonthlyGoalTest" assertions="1" time="0.036622"/>
          <testcase name="test_invalid_goal_rejection_property with data set &quot;empty_string&quot;" file="E:\coupony-backend\tests\Feature\Analytics\UpdateMonthlyGoalTest.php" line="277" class="Tests\Feature\Analytics\UpdateMonthlyGoalTest" classname="Tests.Feature.Analytics.UpdateMonthlyGoalTest" assertions="1" time="0.056281"/>
          <testcase name="test_invalid_goal_rejection_property with data set &quot;boolean_false&quot;" file="E:\coupony-backend\tests\Feature\Analytics\UpdateMonthlyGoalTest.php" line="277" class="Tests\Feature\Analytics\UpdateMonthlyGoalTest" classname="Tests.Feature.Analytics.UpdateMonthlyGoalTest" assertions="1" time="0.036695"/>
          <testcase name="test_invalid_goal_rejection_property with data set &quot;array&quot;" file="E:\coupony-backend\tests\Feature\Analytics\UpdateMonthlyGoalTest.php" line="277" class="Tests\Feature\Analytics\UpdateMonthlyGoalTest" classname="Tests.Feature.Analytics.UpdateMonthlyGoalTest" assertions="1" time="0.034896"/>
          <testcase name="test_invalid_goal_rejection_property with data set &quot;large_negative&quot;" file="E:\coupony-backend\tests\Feature\Analytics\UpdateMonthlyGoalTest.php" line="277" class="Tests\Feature\Analytics\UpdateMonthlyGoalTest" classname="Tests.Feature.Analytics.UpdateMonthlyGoalTest" assertions="1" time="0.035960"/>
          <testcase name="test_invalid_goal_rejection_property with data set &quot;numeric_string_zero&quot;" file="E:\coupony-backend\tests\Feature\Analytics\UpdateMonthlyGoalTest.php" line="277" class="Tests\Feature\Analytics\UpdateMonthlyGoalTest" classname="Tests.Feature.Analytics.UpdateMonthlyGoalTest" assertions="1" time="0.036747"/>
          <testcase name="test_invalid_goal_rejection_property with data set &quot;numeric_string_negative&quot;" file="E:\coupony-backend\tests\Feature\Analytics\UpdateMonthlyGoalTest.php" line="277" class="Tests\Feature\Analytics\UpdateMonthlyGoalTest" classname="Tests.Feature.Analytics.UpdateMonthlyGoalTest" assertions="1" time="0.034583"/>
          <testcase name="test_invalid_goal_rejection_property with data set &quot;numeric_string_float&quot;" file="E:\coupony-backend\tests\Feature\Analytics\UpdateMonthlyGoalTest.php" line="277" class="Tests\Feature\Analytics\UpdateMonthlyGoalTest" classname="Tests.Feature.Analytics.UpdateMonthlyGoalTest" assertions="1" time="0.034696"/>
        </testsuite>
      </testsuite>
      <testsuite name="Tests\Feature\AuthenticationTest" file="E:\coupony-backend\tests\Feature\AuthenticationTest.php" tests="37" assertions="146" errors="0" failures="0" skipped="0" time="6.412120">
        <testcase name="test_user_can_login_with_valid_credentials" file="E:\coupony-backend\tests\Feature\AuthenticationTest.php" line="32" class="Tests\Feature\AuthenticationTest" classname="Tests.Feature.AuthenticationTest" assertions="8" time="0.073133"/>
        <testcase name="test_user_with_only_customer_role_cannot_login_as_seller" file="E:\coupony-backend\tests\Feature\AuthenticationTest.php" line="63" class="Tests\Feature\AuthenticationTest" classname="Tests.Feature.AuthenticationTest" assertions="4" time="0.040695"/>
        <testcase name="test_seller_registered_user_login_as_customer_shows_customer_role_on_first_login" file="E:\coupony-backend\tests\Feature\AuthenticationTest.php" line="84" class="Tests\Feature\AuthenticationTest" classname="Tests.Feature.AuthenticationTest" assertions="5" time="0.063035"/>
        <testcase name="test_user_with_seller_pending_role_can_login_as_seller" file="E:\coupony-backend\tests\Feature\AuthenticationTest.php" line="110" class="Tests\Feature\AuthenticationTest" classname="Tests.Feature.AuthenticationTest" assertions="2" time="0.056028"/>
        <testcase name="test_user_with_seller_role_can_login_as_seller" file="E:\coupony-backend\tests\Feature\AuthenticationTest.php" line="131" class="Tests\Feature\AuthenticationTest" classname="Tests.Feature.AuthenticationTest" assertions="2" time="0.050646"/>
        <testcase name="test_user_cannot_login_with_invalid_credentials" file="E:\coupony-backend\tests\Feature\AuthenticationTest.php" line="152" class="Tests\Feature\AuthenticationTest" classname="Tests.Feature.AuthenticationTest" assertions="3" time="0.654170"/>
        <testcase name="test_user_can_logout" file="E:\coupony-backend\tests\Feature\AuthenticationTest.php" line="169" class="Tests\Feature\AuthenticationTest" classname="Tests.Feature.AuthenticationTest" assertions="3" time="0.061321"/>
        <testcase name="test_logout_only_revokes_current_device" file="E:\coupony-backend\tests\Feature\AuthenticationTest.php" line="195" class="Tests\Feature\AuthenticationTest" classname="Tests.Feature.AuthenticationTest" assertions="6" time="0.063431"/>
        <testcase name="test_user_can_get_profile" file="E:\coupony-backend\tests\Feature\AuthenticationTest.php" line="239" class="Tests\Feature\AuthenticationTest" classname="Tests.Feature.AuthenticationTest" assertions="2" time="0.110277"/>
        <testcase name="test_user_can_change_password" file="E:\coupony-backend\tests\Feature\AuthenticationTest.php" line="254" class="Tests\Feature\AuthenticationTest" classname="Tests.Feature.AuthenticationTest" assertions="3" time="0.762349"/>
        <testcase name="test_user_cannot_change_password_with_incorrect_current_password" file="E:\coupony-backend\tests\Feature\AuthenticationTest.php" line="273" class="Tests\Feature\AuthenticationTest" classname="Tests.Feature.AuthenticationTest" assertions="2" time="0.564509"/>
        <testcase name="test_user_cannot_reuse_the_current_password_when_changing_password" file="E:\coupony-backend\tests\Feature\AuthenticationTest.php" line="290" class="Tests\Feature\AuthenticationTest" classname="Tests.Feature.AuthenticationTest" assertions="3" time="0.585250"/>
        <testcase name="test_user_can_update_own_profile_via_me_endpoint" file="E:\coupony-backend\tests\Feature\AuthenticationTest.php" line="307" class="Tests\Feature\AuthenticationTest" classname="Tests.Feature.AuthenticationTest" assertions="9" time="0.049531"/>
        <testcase name="test_me_update_creates_initial_default_address_from_location_payload" file="E:\coupony-backend\tests\Feature\AuthenticationTest.php" line="359" class="Tests\Feature\AuthenticationTest" classname="Tests.Feature.AuthenticationTest" assertions="10" time="0.049524"/>
        <testcase name="test_me_update_does_not_create_duplicate_initial_address_when_one_already_exists" file="E:\coupony-backend\tests\Feature\AuthenticationTest.php" line="402" class="Tests\Feature\AuthenticationTest" classname="Tests.Feature.AuthenticationTest" assertions="3" time="0.050233"/>
        <testcase name="test_me_update_requires_unique_email" file="E:\coupony-backend\tests\Feature\AuthenticationTest.php" line="431" class="Tests\Feature\AuthenticationTest" classname="Tests.Feature.AuthenticationTest" assertions="3" time="0.072071"/>
        <testcase name="test_user_can_remove_avatar_and_return_to_default_one" file="E:\coupony-backend\tests\Feature\AuthenticationTest.php" line="452" class="Tests\Feature\AuthenticationTest" classname="Tests.Feature.AuthenticationTest" assertions="6" time="0.050117"/>
        <testcase name="test_user_can_refresh_token" file="E:\coupony-backend\tests\Feature\AuthenticationTest.php" line="491" class="Tests\Feature\AuthenticationTest" classname="Tests.Feature.AuthenticationTest" assertions="10" time="0.057119"/>
        <testcase name="test_expired_refresh_token_returns_unauthorized" file="E:\coupony-backend\tests\Feature\AuthenticationTest.php" line="532" class="Tests\Feature\AuthenticationTest" classname="Tests.Feature.AuthenticationTest" assertions="2" time="0.058455"/>
        <testcase name="test_legacy_remember_token_refresh_returns_unauthorized" file="E:\coupony-backend\tests\Feature\AuthenticationTest.php" line="558" class="Tests\Feature\AuthenticationTest" classname="Tests.Feature.AuthenticationTest" assertions="2" time="0.058607"/>
        <testcase name="test_suspended_user_cannot_login" file="E:\coupony-backend\tests\Feature\AuthenticationTest.php" line="574" class="Tests\Feature\AuthenticationTest" classname="Tests.Feature.AuthenticationTest" assertions="2" time="0.043637"/>
        <testcase name="test_unknown_email_returns_invalid_credentials_response" file="E:\coupony-backend\tests\Feature\AuthenticationTest.php" line="592" class="Tests\Feature\AuthenticationTest" classname="Tests.Feature.AuthenticationTest" assertions="2" time="0.723789"/>
        <testcase name="test_user_can_login_with_google_and_create_a_new_customer_account" file="E:\coupony-backend\tests\Feature\AuthenticationTest.php" line="604" class="Tests\Feature\AuthenticationTest" classname="Tests.Feature.AuthenticationTest" assertions="12" time="0.052853"/>
        <testcase name="test_google_login_as_seller_first_time_assigns_seller_pending_and_is_allowed" file="E:\coupony-backend\tests\Feature\AuthenticationTest.php" line="648" class="Tests\Feature\AuthenticationTest" classname="Tests.Feature.AuthenticationTest" assertions="5" time="0.080589"/>
        <testcase name="test_existing_user_is_linked_to_google_by_email" file="E:\coupony-backend\tests\Feature\AuthenticationTest.php" line="677" class="Tests\Feature\AuthenticationTest" classname="Tests.Feature.AuthenticationTest" assertions="4" time="0.051605"/>
        <testcase name="test_google_login_as_seller_is_allowed_for_user_with_seller_pending" file="E:\coupony-backend\tests\Feature\AuthenticationTest.php" line="718" class="Tests\Feature\AuthenticationTest" classname="Tests.Feature.AuthenticationTest" assertions="2" time="0.056009"/>
        <testcase name="test_google_login_as_seller_is_allowed_for_user_with_seller_role" file="E:\coupony-backend\tests\Feature\AuthenticationTest.php" line="751" class="Tests\Feature\AuthenticationTest" classname="Tests.Feature.AuthenticationTest" assertions="2" time="0.057756"/>
        <testcase name="test_user_cannot_login_with_invalid_google_token" file="E:\coupony-backend\tests\Feature\AuthenticationTest.php" line="784" class="Tests\Feature\AuthenticationTest" classname="Tests.Feature.AuthenticationTest" assertions="2" time="0.762365"/>
        <testcase name="test_user_cannot_login_with_malformed_google_token" file="E:\coupony-backend\tests\Feature\AuthenticationTest.php" line="801" class="Tests\Feature\AuthenticationTest" classname="Tests.Feature.AuthenticationTest" assertions="3" time="0.664865"/>
        <testcase name="test_customer_can_delete_own_account_with_current_password" file="E:\coupony-backend\tests\Feature\AuthenticationTest.php" line="816" class="Tests\Feature\AuthenticationTest" classname="Tests.Feature.AuthenticationTest" assertions="3" time="0.068523"/>
        <testcase name="test_password_user_linked_to_google_still_requires_current_password_to_delete" file="E:\coupony-backend\tests\Feature\AuthenticationTest.php" line="837" class="Tests\Feature\AuthenticationTest" classname="Tests.Feature.AuthenticationTest" assertions="4" time="0.043373"/>
        <testcase name="test_google_only_customer_can_delete_own_account_with_valid_id_token" file="E:\coupony-backend\tests\Feature\AuthenticationTest.php" line="859" class="Tests\Feature\AuthenticationTest" classname="Tests.Feature.AuthenticationTest" assertions="3" time="0.067447"/>
        <testcase name="test_google_only_customer_cannot_delete_with_mismatched_google_id_token" file="E:\coupony-backend\tests\Feature\AuthenticationTest.php" line="884" class="Tests\Feature\AuthenticationTest" classname="Tests.Feature.AuthenticationTest" assertions="5" time="0.040356"/>
        <testcase name="test_customer_delete_own_account_requires_current_password_for_password_accounts" file="E:\coupony-backend\tests\Feature\AuthenticationTest.php" line="910" class="Tests\Feature\AuthenticationTest" classname="Tests.Feature.AuthenticationTest" assertions="3" time="0.040843"/>
        <testcase name="test_seller_cannot_delete_account_via_customer_delete_endpoint" file="E:\coupony-backend\tests\Feature\AuthenticationTest.php" line="925" class="Tests\Feature\AuthenticationTest" classname="Tests.Feature.AuthenticationTest" assertions="2" time="0.041259"/>
        <testcase name="test_customer_with_seller_role_cannot_delete_account_via_customer_delete_endpoint" file="E:\coupony-backend\tests\Feature\AuthenticationTest.php" line="939" class="Tests\Feature\AuthenticationTest" classname="Tests.Feature.AuthenticationTest" assertions="2" time="0.044352"/>
        <testcase name="test_seller_pending_cannot_delete_account_via_customer_delete_endpoint" file="E:\coupony-backend\tests\Feature\AuthenticationTest.php" line="954" class="Tests\Feature\AuthenticationTest" classname="Tests.Feature.AuthenticationTest" assertions="2" time="0.042000"/>
      </testsuite>
      <testsuite name="Tests\Feature\CategoryTest" file="E:\coupony-backend\tests\Feature\CategoryTest.php" tests="4" assertions="16" errors="0" failures="0" skipped="0" time="0.227282">
        <testcase name="test_admin_can_create_product_category" file="E:\coupony-backend\tests\Feature\CategoryTest.php" line="25" class="Tests\Feature\CategoryTest" classname="Tests.Feature.CategoryTest" assertions="5" time="0.047059"/>
        <testcase name="test_admin_can_update_product_category" file="E:\coupony-backend\tests\Feature\CategoryTest.php" line="50" class="Tests\Feature\CategoryTest" classname="Tests.Feature.CategoryTest" assertions="6" time="0.081305"/>
        <testcase name="test_public_product_categories_are_listed" file="E:\coupony-backend\tests\Feature\CategoryTest.php" line="83" class="Tests\Feature\CategoryTest" classname="Tests.Feature.CategoryTest" assertions="3" time="0.046584"/>
        <testcase name="test_admin_cannot_delete_category_with_children" file="E:\coupony-backend\tests\Feature\CategoryTest.php" line="104" class="Tests\Feature\CategoryTest" classname="Tests.Feature.CategoryTest" assertions="2" time="0.052334"/>
      </testsuite>
      <testsuite name="Tests\Feature\ExploreFiltersTest" file="E:\coupony-backend\tests\Feature\ExploreFiltersTest.php" tests="8" assertions="39" errors="0" failures="0" skipped="0" time="0.576122">
        <testcase name="test_picks_combined_interest_and_activity_filters_use_and_logic" file="E:\coupony-backend\tests\Feature\ExploreFiltersTest.php" line="55" class="Tests\Feature\ExploreFiltersTest" classname="Tests.Feature.ExploreFiltersTest" assertions="4" time="0.065700"/>
        <testcase name="test_picks_combined_interest_activity_and_search_filters_use_and_logic" file="E:\coupony-backend\tests\Feature\ExploreFiltersTest.php" line="93" class="Tests\Feature\ExploreFiltersTest" classname="Tests.Feature.ExploreFiltersTest" assertions="3" time="0.053946"/>
        <testcase name="test_picks_combined_filters_with_min_discount_percent_use_and_logic" file="E:\coupony-backend\tests\Feature\ExploreFiltersTest.php" line="126" class="Tests\Feature\ExploreFiltersTest" classname="Tests.Feature.ExploreFiltersTest" assertions="3" time="0.076915"/>
        <testcase name="test_picks_combined_filters_with_no_results_returns_empty_data_with_valid_pagination" file="E:\coupony-backend\tests\Feature\ExploreFiltersTest.php" line="162" class="Tests\Feature\ExploreFiltersTest" classname="Tests.Feature.ExploreFiltersTest" assertions="7" time="0.067044"/>
        <testcase name="test_picks_sort_by_does_not_filter_results" file="E:\coupony-backend\tests\Feature\ExploreFiltersTest.php" line="189" class="Tests\Feature\ExploreFiltersTest" classname="Tests.Feature.ExploreFiltersTest" assertions="4" time="0.090950"/>
        <testcase name="test_bootstrap_combined_filters_use_and_logic" file="E:\coupony-backend\tests\Feature\ExploreFiltersTest.php" line="225" class="Tests\Feature\ExploreFiltersTest" classname="Tests.Feature.ExploreFiltersTest" assertions="3" time="0.072640"/>
        <testcase name="test_bootstrap_combined_filters_with_no_results_returns_empty_sections" file="E:\coupony-backend\tests\Feature\ExploreFiltersTest.php" line="259" class="Tests\Feature\ExploreFiltersTest" classname="Tests.Feature.ExploreFiltersTest" assertions="5" time="0.052592"/>
        <testcase name="test_picks_all_five_parameters_can_be_combined" file="E:\coupony-backend\tests\Feature\ExploreFiltersTest.php" line="279" class="Tests\Feature\ExploreFiltersTest" classname="Tests.Feature.ExploreFiltersTest" assertions="10" time="0.096334"/>
      </testsuite>
      <testsuite name="Tests\Feature\Explore\ExploreSearchFilterTest" file="E:\coupony-backend\tests\Feature\Explore\ExploreSearchFilterTest.php" tests="7" assertions="12" errors="0" failures="0" skipped="0" time="0.382015">
        <testcase name="test_top_stores_search_matches_arabic_store_name" file="E:\coupony-backend\tests\Feature\Explore\ExploreSearchFilterTest.php" line="67" class="Tests\Feature\Explore\ExploreSearchFilterTest" classname="Tests.Feature.Explore.ExploreSearchFilterTest" assertions="2" time="0.061555"/>
        <testcase name="test_top_stores_search_matches_arabic_offer_label" file="E:\coupony-backend\tests\Feature\Explore\ExploreSearchFilterTest.php" line="79" class="Tests\Feature\Explore\ExploreSearchFilterTest" classname="Tests.Feature.Explore.ExploreSearchFilterTest" assertions="2" time="0.059278"/>
        <testcase name="test_top_stores_search_matches_arabic_product_title" file="E:\coupony-backend\tests\Feature\Explore\ExploreSearchFilterTest.php" line="91" class="Tests\Feature\Explore\ExploreSearchFilterTest" classname="Tests.Feature.Explore.ExploreSearchFilterTest" assertions="2" time="0.053012"/>
        <testcase name="test_top_stores_search_is_case_insensitive" file="E:\coupony-backend\tests\Feature\Explore\ExploreSearchFilterTest.php" line="103" class="Tests\Feature\Explore\ExploreSearchFilterTest" classname="Tests.Feature.Explore.ExploreSearchFilterTest" assertions="2" time="0.076743"/>
        <testcase name="test_non_matching_search_returns_empty" file="E:\coupony-backend\tests\Feature\Explore\ExploreSearchFilterTest.php" line="137" class="Tests\Feature\Explore\ExploreSearchFilterTest" classname="Tests.Feature.Explore.ExploreSearchFilterTest" assertions="1" time="0.043516"/>
        <testcase name="test_search_excludes_non_matching_stores" file="E:\coupony-backend\tests\Feature\Explore\ExploreSearchFilterTest.php" line="148" class="Tests\Feature\Explore\ExploreSearchFilterTest" classname="Tests.Feature.Explore.ExploreSearchFilterTest" assertions="2" time="0.046961"/>
        <testcase name="test_search_matches_partial_arabic_text" file="E:\coupony-backend\tests\Feature\Explore\ExploreSearchFilterTest.php" line="183" class="Tests\Feature\Explore\ExploreSearchFilterTest" classname="Tests.Feature.Explore.ExploreSearchFilterTest" assertions="1" time="0.040949"/>
      </testsuite>
      <testsuite name="Tests\Feature\Explore\ExploreValidationTest" file="E:\coupony-backend\tests\Feature\Explore\ExploreValidationTest.php" tests="21" assertions="55" errors="0" failures="0" skipped="0" time="1.024432">
        <testcase name="test_bootstrap_returns_400_for_nonexistent_interest_id" file="E:\coupony-backend\tests\Feature\Explore\ExploreValidationTest.php" line="19" class="Tests\Feature\Explore\ExploreValidationTest" classname="Tests.Feature.Explore.ExploreValidationTest" assertions="3" time="0.037839"/>
        <testcase name="test_bootstrap_returns_400_for_inactive_interest_id" file="E:\coupony-backend\tests\Feature\Explore\ExploreValidationTest.php" line="30" class="Tests\Feature\Explore\ExploreValidationTest" classname="Tests.Feature.Explore.ExploreValidationTest" assertions="3" time="0.035141"/>
        <testcase name="test_picks_returns_400_for_nonexistent_interest_id" file="E:\coupony-backend\tests\Feature\Explore\ExploreValidationTest.php" line="43" class="Tests\Feature\Explore\ExploreValidationTest" classname="Tests.Feature.Explore.ExploreValidationTest" assertions="3" time="0.035725"/>
        <testcase name="test_picks_returns_400_for_inactive_interest_id" file="E:\coupony-backend\tests\Feature\Explore\ExploreValidationTest.php" line="54" class="Tests\Feature\Explore\ExploreValidationTest" classname="Tests.Feature.Explore.ExploreValidationTest" assertions="3" time="0.036981"/>
        <testcase name="test_bootstrap_returns_400_for_nonexistent_activity_id" file="E:\coupony-backend\tests\Feature\Explore\ExploreValidationTest.php" line="72" class="Tests\Feature\Explore\ExploreValidationTest" classname="Tests.Feature.Explore.ExploreValidationTest" assertions="3" time="0.064561"/>
        <testcase name="test_bootstrap_returns_400_for_inactive_activity_id" file="E:\coupony-backend\tests\Feature\Explore\ExploreValidationTest.php" line="83" class="Tests\Feature\Explore\ExploreValidationTest" classname="Tests.Feature.Explore.ExploreValidationTest" assertions="3" time="0.046621"/>
        <testcase name="test_picks_returns_400_for_nonexistent_activity_id" file="E:\coupony-backend\tests\Feature\Explore\ExploreValidationTest.php" line="96" class="Tests\Feature\Explore\ExploreValidationTest" classname="Tests.Feature.Explore.ExploreValidationTest" assertions="3" time="0.060714"/>
        <testcase name="test_picks_returns_400_for_inactive_activity_id" file="E:\coupony-backend\tests\Feature\Explore\ExploreValidationTest.php" line="107" class="Tests\Feature\Explore\ExploreValidationTest" classname="Tests.Feature.Explore.ExploreValidationTest" assertions="3" time="0.036648"/>
        <testcase name="test_picks_returns_422_for_negative_min_discount_percent" file="E:\coupony-backend\tests\Feature\Explore\ExploreValidationTest.php" line="125" class="Tests\Feature\Explore\ExploreValidationTest" classname="Tests.Feature.Explore.ExploreValidationTest" assertions="3" time="0.050862"/>
        <testcase name="test_picks_returns_422_for_min_discount_percent_above_90" file="E:\coupony-backend\tests\Feature\Explore\ExploreValidationTest.php" line="133" class="Tests\Feature\Explore\ExploreValidationTest" classname="Tests.Feature.Explore.ExploreValidationTest" assertions="3" time="0.050904"/>
        <testcase name="test_picks_returns_422_for_non_numeric_min_discount_percent" file="E:\coupony-backend\tests\Feature\Explore\ExploreValidationTest.php" line="141" class="Tests\Feature\Explore\ExploreValidationTest" classname="Tests.Feature.Explore.ExploreValidationTest" assertions="3" time="0.062142"/>
        <testcase name="test_picks_returns_422_for_invalid_sort_by_value" file="E:\coupony-backend\tests\Feature\Explore\ExploreValidationTest.php" line="154" class="Tests\Feature\Explore\ExploreValidationTest" classname="Tests.Feature.Explore.ExploreValidationTest" assertions="3" time="0.040810"/>
        <testcase name="test_picks_returns_422_for_page_zero" file="E:\coupony-backend\tests\Feature\Explore\ExploreValidationTest.php" line="167" class="Tests\Feature\Explore\ExploreValidationTest" classname="Tests.Feature.Explore.ExploreValidationTest" assertions="3" time="0.069387"/>
        <testcase name="test_picks_returns_422_for_negative_page" file="E:\coupony-backend\tests\Feature\Explore\ExploreValidationTest.php" line="175" class="Tests\Feature\Explore\ExploreValidationTest" classname="Tests.Feature.Explore.ExploreValidationTest" assertions="3" time="0.048938"/>
        <testcase name="test_picks_returns_422_for_page_size_zero" file="E:\coupony-backend\tests\Feature\Explore\ExploreValidationTest.php" line="183" class="Tests\Feature\Explore\ExploreValidationTest" classname="Tests.Feature.Explore.ExploreValidationTest" assertions="3" time="0.045784"/>
        <testcase name="test_picks_returns_422_for_page_size_above_50" file="E:\coupony-backend\tests\Feature\Explore\ExploreValidationTest.php" line="191" class="Tests\Feature\Explore\ExploreValidationTest" classname="Tests.Feature.Explore.ExploreValidationTest" assertions="3" time="0.038429"/>
        <testcase name="test_picks_returns_422_for_non_numeric_page_size" file="E:\coupony-backend\tests\Feature\Explore\ExploreValidationTest.php" line="199" class="Tests\Feature\Explore\ExploreValidationTest" classname="Tests.Feature.Explore.ExploreValidationTest" assertions="3" time="0.059059"/>
        <testcase name="test_bootstrap_returns_200_for_valid_active_interest_id" file="E:\coupony-backend\tests\Feature\Explore\ExploreValidationTest.php" line="212" class="Tests\Feature\Explore\ExploreValidationTest" classname="Tests.Feature.Explore.ExploreValidationTest" assertions="1" time="0.044633"/>
        <testcase name="test_picks_returns_200_for_valid_active_interest_id" file="E:\coupony-backend\tests\Feature\Explore\ExploreValidationTest.php" line="221" class="Tests\Feature\Explore\ExploreValidationTest" classname="Tests.Feature.Explore.ExploreValidationTest" assertions="1" time="0.042196"/>
        <testcase name="test_bootstrap_returns_200_for_valid_active_activity_id" file="E:\coupony-backend\tests\Feature\Explore\ExploreValidationTest.php" line="230" class="Tests\Feature\Explore\ExploreValidationTest" classname="Tests.Feature.Explore.ExploreValidationTest" assertions="1" time="0.050670"/>
        <testcase name="test_picks_returns_200_for_valid_active_activity_id" file="E:\coupony-backend\tests\Feature\Explore\ExploreValidationTest.php" line="239" class="Tests\Feature\Explore\ExploreValidationTest" classname="Tests.Feature.Explore.ExploreValidationTest" assertions="1" time="0.066388"/>
      </testsuite>
      <testsuite name="Tests\Feature\Explore\FavoritesCountSyncTest" file="E:\coupony-backend\tests\Feature\Explore\FavoritesCountSyncTest.php" tests="80" assertions="100" errors="0" failures="0" skipped="0" time="4.693849">
        <testsuite name="Tests\Feature\Explore\FavoritesCountSyncTest::favorites_count_equals_number_of_favorites" tests="20" assertions="20" errors="0" failures="0" skipped="0" time="0.943058">
          <testcase name="favorites_count_equals_number_of_favorites with data set &quot;iteration_0_favorites(6)&quot;" file="E:\coupony-backend\tests\Feature\Explore\FavoritesCountSyncTest.php" line="45" class="Tests\Feature\Explore\FavoritesCountSyncTest" classname="Tests.Feature.Explore.FavoritesCountSyncTest" assertions="1" time="0.049227"/>
          <testcase name="favorites_count_equals_number_of_favorites with data set &quot;iteration_1_favorites(3)&quot;" file="E:\coupony-backend\tests\Feature\Explore\FavoritesCountSyncTest.php" line="45" class="Tests\Feature\Explore\FavoritesCountSyncTest" classname="Tests.Feature.Explore.FavoritesCountSyncTest" assertions="1" time="0.040208"/>
          <testcase name="favorites_count_equals_number_of_favorites with data set &quot;iteration_2_favorites(1)&quot;" file="E:\coupony-backend\tests\Feature\Explore\FavoritesCountSyncTest.php" line="45" class="Tests\Feature\Explore\FavoritesCountSyncTest" classname="Tests.Feature.Explore.FavoritesCountSyncTest" assertions="1" time="0.037300"/>
          <testcase name="favorites_count_equals_number_of_favorites with data set &quot;iteration_3_favorites(2)&quot;" file="E:\coupony-backend\tests\Feature\Explore\FavoritesCountSyncTest.php" line="45" class="Tests\Feature\Explore\FavoritesCountSyncTest" classname="Tests.Feature.Explore.FavoritesCountSyncTest" assertions="1" time="0.037866"/>
          <testcase name="favorites_count_equals_number_of_favorites with data set &quot;iteration_4_favorites(7)&quot;" file="E:\coupony-backend\tests\Feature\Explore\FavoritesCountSyncTest.php" line="45" class="Tests\Feature\Explore\FavoritesCountSyncTest" classname="Tests.Feature.Explore.FavoritesCountSyncTest" assertions="1" time="0.050672"/>
          <testcase name="favorites_count_equals_number_of_favorites with data set &quot;iteration_5_favorites(7)&quot;" file="E:\coupony-backend\tests\Feature\Explore\FavoritesCountSyncTest.php" line="45" class="Tests\Feature\Explore\FavoritesCountSyncTest" classname="Tests.Feature.Explore.FavoritesCountSyncTest" assertions="1" time="0.059489"/>
          <testcase name="favorites_count_equals_number_of_favorites with data set &quot;iteration_6_favorites(5)&quot;" file="E:\coupony-backend\tests\Feature\Explore\FavoritesCountSyncTest.php" line="45" class="Tests\Feature\Explore\FavoritesCountSyncTest" classname="Tests.Feature.Explore.FavoritesCountSyncTest" assertions="1" time="0.047461"/>
          <testcase name="favorites_count_equals_number_of_favorites with data set &quot;iteration_7_favorites(2)&quot;" file="E:\coupony-backend\tests\Feature\Explore\FavoritesCountSyncTest.php" line="45" class="Tests\Feature\Explore\FavoritesCountSyncTest" classname="Tests.Feature.Explore.FavoritesCountSyncTest" assertions="1" time="0.063434"/>
          <testcase name="favorites_count_equals_number_of_favorites with data set &quot;iteration_8_favorites(2)&quot;" file="E:\coupony-backend\tests\Feature\Explore\FavoritesCountSyncTest.php" line="45" class="Tests\Feature\Explore\FavoritesCountSyncTest" classname="Tests.Feature.Explore.FavoritesCountSyncTest" assertions="1" time="0.044240"/>
          <testcase name="favorites_count_equals_number_of_favorites with data set &quot;iteration_9_favorites(3)&quot;" file="E:\coupony-backend\tests\Feature\Explore\FavoritesCountSyncTest.php" line="45" class="Tests\Feature\Explore\FavoritesCountSyncTest" classname="Tests.Feature.Explore.FavoritesCountSyncTest" assertions="1" time="0.041742"/>
          <testcase name="favorites_count_equals_number_of_favorites with data set &quot;iteration_10_favorites(5)&quot;" file="E:\coupony-backend\tests\Feature\Explore\FavoritesCountSyncTest.php" line="45" class="Tests\Feature\Explore\FavoritesCountSyncTest" classname="Tests.Feature.Explore.FavoritesCountSyncTest" assertions="1" time="0.042063"/>
          <testcase name="favorites_count_equals_number_of_favorites with data set &quot;iteration_11_favorites(7)&quot;" file="E:\coupony-backend\tests\Feature\Explore\FavoritesCountSyncTest.php" line="45" class="Tests\Feature\Explore\FavoritesCountSyncTest" classname="Tests.Feature.Explore.FavoritesCountSyncTest" assertions="1" time="0.050651"/>
          <testcase name="favorites_count_equals_number_of_favorites with data set &quot;iteration_12_favorites(1)&quot;" file="E:\coupony-backend\tests\Feature\Explore\FavoritesCountSyncTest.php" line="45" class="Tests\Feature\Explore\FavoritesCountSyncTest" classname="Tests.Feature.Explore.FavoritesCountSyncTest" assertions="1" time="0.039294"/>
          <testcase name="favorites_count_equals_number_of_favorites with data set &quot;iteration_13_favorites(8)&quot;" file="E:\coupony-backend\tests\Feature\Explore\FavoritesCountSyncTest.php" line="45" class="Tests\Feature\Explore\FavoritesCountSyncTest" classname="Tests.Feature.Explore.FavoritesCountSyncTest" assertions="1" time="0.049384"/>
          <testcase name="favorites_count_equals_number_of_favorites with data set &quot;iteration_14_favorites(3)&quot;" file="E:\coupony-backend\tests\Feature\Explore\FavoritesCountSyncTest.php" line="45" class="Tests\Feature\Explore\FavoritesCountSyncTest" classname="Tests.Feature.Explore.FavoritesCountSyncTest" assertions="1" time="0.044000"/>
          <testcase name="favorites_count_equals_number_of_favorites with data set &quot;iteration_15_favorites(2)&quot;" file="E:\coupony-backend\tests\Feature\Explore\FavoritesCountSyncTest.php" line="45" class="Tests\Feature\Explore\FavoritesCountSyncTest" classname="Tests.Feature.Explore.FavoritesCountSyncTest" assertions="1" time="0.040018"/>
          <testcase name="favorites_count_equals_number_of_favorites with data set &quot;iteration_16_favorites(4)&quot;" file="E:\coupony-backend\tests\Feature\Explore\FavoritesCountSyncTest.php" line="45" class="Tests\Feature\Explore\FavoritesCountSyncTest" classname="Tests.Feature.Explore.FavoritesCountSyncTest" assertions="1" time="0.042456"/>
          <testcase name="favorites_count_equals_number_of_favorites with data set &quot;iteration_17_favorites(2)&quot;" file="E:\coupony-backend\tests\Feature\Explore\FavoritesCountSyncTest.php" line="45" class="Tests\Feature\Explore\FavoritesCountSyncTest" classname="Tests.Feature.Explore.FavoritesCountSyncTest" assertions="1" time="0.070750"/>
          <testcase name="favorites_count_equals_number_of_favorites with data set &quot;iteration_18_favorites(8)&quot;" file="E:\coupony-backend\tests\Feature\Explore\FavoritesCountSyncTest.php" line="45" class="Tests\Feature\Explore\FavoritesCountSyncTest" classname="Tests.Feature.Explore.FavoritesCountSyncTest" assertions="1" time="0.052991"/>
          <testcase name="favorites_count_equals_number_of_favorites with data set &quot;iteration_19_favorites(1)&quot;" file="E:\coupony-backend\tests\Feature\Explore\FavoritesCountSyncTest.php" line="45" class="Tests\Feature\Explore\FavoritesCountSyncTest" classname="Tests.Feature.Explore.FavoritesCountSyncTest" assertions="1" time="0.039814"/>
        </testsuite>
        <testsuite name="Tests\Feature\Explore\FavoritesCountSyncTest::favorites_count_equals_favorites_minus_unfavorites" tests="20" assertions="20" errors="0" failures="0" skipped="0" time="1.334988">
          <testcase name="favorites_count_equals_favorites_minus_unfavorites with data set &quot;iteration_0_fav(5)_unfav(2)&quot;" file="E:\coupony-backend\tests\Feature\Explore\FavoritesCountSyncTest.php" line="74" class="Tests\Feature\Explore\FavoritesCountSyncTest" classname="Tests.Feature.Explore.FavoritesCountSyncTest" assertions="1" time="0.053340"/>
          <testcase name="favorites_count_equals_favorites_minus_unfavorites with data set &quot;iteration_1_fav(1)_unfav(1)&quot;" file="E:\coupony-backend\tests\Feature\Explore\FavoritesCountSyncTest.php" line="74" class="Tests\Feature\Explore\FavoritesCountSyncTest" classname="Tests.Feature.Explore.FavoritesCountSyncTest" assertions="1" time="0.042369"/>
          <testcase name="favorites_count_equals_favorites_minus_unfavorites with data set &quot;iteration_2_fav(2)_unfav(0)&quot;" file="E:\coupony-backend\tests\Feature\Explore\FavoritesCountSyncTest.php" line="74" class="Tests\Feature\Explore\FavoritesCountSyncTest" classname="Tests.Feature.Explore.FavoritesCountSyncTest" assertions="1" time="0.040589"/>
          <testcase name="favorites_count_equals_favorites_minus_unfavorites with data set &quot;iteration_3_fav(5)_unfav(5)&quot;" file="E:\coupony-backend\tests\Feature\Explore\FavoritesCountSyncTest.php" line="74" class="Tests\Feature\Explore\FavoritesCountSyncTest" classname="Tests.Feature.Explore.FavoritesCountSyncTest" assertions="1" time="0.042493"/>
          <testcase name="favorites_count_equals_favorites_minus_unfavorites with data set &quot;iteration_4_fav(5)_unfav(4)&quot;" file="E:\coupony-backend\tests\Feature\Explore\FavoritesCountSyncTest.php" line="74" class="Tests\Feature\Explore\FavoritesCountSyncTest" classname="Tests.Feature.Explore.FavoritesCountSyncTest" assertions="1" time="0.066963"/>
          <testcase name="favorites_count_equals_favorites_minus_unfavorites with data set &quot;iteration_5_fav(1)_unfav(0)&quot;" file="E:\coupony-backend\tests\Feature\Explore\FavoritesCountSyncTest.php" line="74" class="Tests\Feature\Explore\FavoritesCountSyncTest" classname="Tests.Feature.Explore.FavoritesCountSyncTest" assertions="1" time="0.055129"/>
          <testcase name="favorites_count_equals_favorites_minus_unfavorites with data set &quot;iteration_6_fav(6)_unfav(5)&quot;" file="E:\coupony-backend\tests\Feature\Explore\FavoritesCountSyncTest.php" line="74" class="Tests\Feature\Explore\FavoritesCountSyncTest" classname="Tests.Feature.Explore.FavoritesCountSyncTest" assertions="1" time="0.078178"/>
          <testcase name="favorites_count_equals_favorites_minus_unfavorites with data set &quot;iteration_7_fav(8)_unfav(8)&quot;" file="E:\coupony-backend\tests\Feature\Explore\FavoritesCountSyncTest.php" line="74" class="Tests\Feature\Explore\FavoritesCountSyncTest" classname="Tests.Feature.Explore.FavoritesCountSyncTest" assertions="1" time="0.086085"/>
          <testcase name="favorites_count_equals_favorites_minus_unfavorites with data set &quot;iteration_8_fav(1)_unfav(0)&quot;" file="E:\coupony-backend\tests\Feature\Explore\FavoritesCountSyncTest.php" line="74" class="Tests\Feature\Explore\FavoritesCountSyncTest" classname="Tests.Feature.Explore.FavoritesCountSyncTest" assertions="1" time="0.075354"/>
          <testcase name="favorites_count_equals_favorites_minus_unfavorites with data set &quot;iteration_9_fav(7)_unfav(1)&quot;" file="E:\coupony-backend\tests\Feature\Explore\FavoritesCountSyncTest.php" line="74" class="Tests\Feature\Explore\FavoritesCountSyncTest" classname="Tests.Feature.Explore.FavoritesCountSyncTest" assertions="1" time="0.080868"/>
          <testcase name="favorites_count_equals_favorites_minus_unfavorites with data set &quot;iteration_10_fav(6)_unfav(1)&quot;" file="E:\coupony-backend\tests\Feature\Explore\FavoritesCountSyncTest.php" line="74" class="Tests\Feature\Explore\FavoritesCountSyncTest" classname="Tests.Feature.Explore.FavoritesCountSyncTest" assertions="1" time="0.066395"/>
          <testcase name="favorites_count_equals_favorites_minus_unfavorites with data set &quot;iteration_11_fav(4)_unfav(4)&quot;" file="E:\coupony-backend\tests\Feature\Explore\FavoritesCountSyncTest.php" line="74" class="Tests\Feature\Explore\FavoritesCountSyncTest" classname="Tests.Feature.Explore.FavoritesCountSyncTest" assertions="1" time="0.078044"/>
          <testcase name="favorites_count_equals_favorites_minus_unfavorites with data set &quot;iteration_12_fav(6)_unfav(3)&quot;" file="E:\coupony-backend\tests\Feature\Explore\FavoritesCountSyncTest.php" line="74" class="Tests\Feature\Explore\FavoritesCountSyncTest" classname="Tests.Feature.Explore.FavoritesCountSyncTest" assertions="1" time="0.082998"/>
          <testcase name="favorites_count_equals_favorites_minus_unfavorites with data set &quot;iteration_13_fav(7)_unfav(2)&quot;" file="E:\coupony-backend\tests\Feature\Explore\FavoritesCountSyncTest.php" line="74" class="Tests\Feature\Explore\FavoritesCountSyncTest" classname="Tests.Feature.Explore.FavoritesCountSyncTest" assertions="1" time="0.094000"/>
          <testcase name="favorites_count_equals_favorites_minus_unfavorites with data set &quot;iteration_14_fav(3)_unfav(2)&quot;" file="E:\coupony-backend\tests\Feature\Explore\FavoritesCountSyncTest.php" line="74" class="Tests\Feature\Explore\FavoritesCountSyncTest" classname="Tests.Feature.Explore.FavoritesCountSyncTest" assertions="1" time="0.063607"/>
          <testcase name="favorites_count_equals_favorites_minus_unfavorites with data set &quot;iteration_15_fav(1)_unfav(0)&quot;" file="E:\coupony-backend\tests\Feature\Explore\FavoritesCountSyncTest.php" line="74" class="Tests\Feature\Explore\FavoritesCountSyncTest" classname="Tests.Feature.Explore.FavoritesCountSyncTest" assertions="1" time="0.068247"/>
          <testcase name="favorites_count_equals_favorites_minus_unfavorites with data set &quot;iteration_16_fav(4)_unfav(2)&quot;" file="E:\coupony-backend\tests\Feature\Explore\FavoritesCountSyncTest.php" line="74" class="Tests\Feature\Explore\FavoritesCountSyncTest" classname="Tests.Feature.Explore.FavoritesCountSyncTest" assertions="1" time="0.098427"/>
          <testcase name="favorites_count_equals_favorites_minus_unfavorites with data set &quot;iteration_17_fav(6)_unfav(1)&quot;" file="E:\coupony-backend\tests\Feature\Explore\FavoritesCountSyncTest.php" line="74" class="Tests\Feature\Explore\FavoritesCountSyncTest" classname="Tests.Feature.Explore.FavoritesCountSyncTest" assertions="1" time="0.066850"/>
          <testcase name="favorites_count_equals_favorites_minus_unfavorites with data set &quot;iteration_18_fav(4)_unfav(2)&quot;" file="E:\coupony-backend\tests\Feature\Explore\FavoritesCountSyncTest.php" line="74" class="Tests\Feature\Explore\FavoritesCountSyncTest" classname="Tests.Feature.Explore.FavoritesCountSyncTest" assertions="1" time="0.047839"/>
          <testcase name="favorites_count_equals_favorites_minus_unfavorites with data set &quot;iteration_19_fav(1)_unfav(1)&quot;" file="E:\coupony-backend\tests\Feature\Explore\FavoritesCountSyncTest.php" line="74" class="Tests\Feature\Explore\FavoritesCountSyncTest" classname="Tests.Feature.Explore.FavoritesCountSyncTest" assertions="1" time="0.047212"/>
        </testsuite>
        <testsuite name="Tests\Feature\Explore\FavoritesCountSyncTest::favorites_count_never_goes_below_zero" tests="20" assertions="40" errors="0" failures="0" skipped="0" time="1.106401">
          <testcase name="favorites_count_never_goes_below_zero with data set &quot;iteration_0_fav(1)_extra_unfav(2)&quot;" file="E:\coupony-backend\tests\Feature\Explore\FavoritesCountSyncTest.php" line="112" class="Tests\Feature\Explore\FavoritesCountSyncTest" classname="Tests.Feature.Explore.FavoritesCountSyncTest" assertions="2" time="0.041090"/>
          <testcase name="favorites_count_never_goes_below_zero with data set &quot;iteration_1_fav(2)_extra_unfav(3)&quot;" file="E:\coupony-backend\tests\Feature\Explore\FavoritesCountSyncTest.php" line="112" class="Tests\Feature\Explore\FavoritesCountSyncTest" classname="Tests.Feature.Explore.FavoritesCountSyncTest" assertions="2" time="0.045264"/>
          <testcase name="favorites_count_never_goes_below_zero with data set &quot;iteration_2_fav(4)_extra_unfav(1)&quot;" file="E:\coupony-backend\tests\Feature\Explore\FavoritesCountSyncTest.php" line="112" class="Tests\Feature\Explore\FavoritesCountSyncTest" classname="Tests.Feature.Explore.FavoritesCountSyncTest" assertions="2" time="0.065153"/>
          <testcase name="favorites_count_never_goes_below_zero with data set &quot;iteration_3_fav(5)_extra_unfav(2)&quot;" file="E:\coupony-backend\tests\Feature\Explore\FavoritesCountSyncTest.php" line="112" class="Tests\Feature\Explore\FavoritesCountSyncTest" classname="Tests.Feature.Explore.FavoritesCountSyncTest" assertions="2" time="0.061905"/>
          <testcase name="favorites_count_never_goes_below_zero with data set &quot;iteration_4_fav(1)_extra_unfav(3)&quot;" file="E:\coupony-backend\tests\Feature\Explore\FavoritesCountSyncTest.php" line="112" class="Tests\Feature\Explore\FavoritesCountSyncTest" classname="Tests.Feature.Explore.FavoritesCountSyncTest" assertions="2" time="0.067444"/>
          <testcase name="favorites_count_never_goes_below_zero with data set &quot;iteration_5_fav(2)_extra_unfav(2)&quot;" file="E:\coupony-backend\tests\Feature\Explore\FavoritesCountSyncTest.php" line="112" class="Tests\Feature\Explore\FavoritesCountSyncTest" classname="Tests.Feature.Explore.FavoritesCountSyncTest" assertions="2" time="0.099145"/>
          <testcase name="favorites_count_never_goes_below_zero with data set &quot;iteration_6_fav(5)_extra_unfav(2)&quot;" file="E:\coupony-backend\tests\Feature\Explore\FavoritesCountSyncTest.php" line="112" class="Tests\Feature\Explore\FavoritesCountSyncTest" classname="Tests.Feature.Explore.FavoritesCountSyncTest" assertions="2" time="0.060197"/>
          <testcase name="favorites_count_never_goes_below_zero with data set &quot;iteration_7_fav(5)_extra_unfav(2)&quot;" file="E:\coupony-backend\tests\Feature\Explore\FavoritesCountSyncTest.php" line="112" class="Tests\Feature\Explore\FavoritesCountSyncTest" classname="Tests.Feature.Explore.FavoritesCountSyncTest" assertions="2" time="0.055771"/>
          <testcase name="favorites_count_never_goes_below_zero with data set &quot;iteration_8_fav(2)_extra_unfav(1)&quot;" file="E:\coupony-backend\tests\Feature\Explore\FavoritesCountSyncTest.php" line="112" class="Tests\Feature\Explore\FavoritesCountSyncTest" classname="Tests.Feature.Explore.FavoritesCountSyncTest" assertions="2" time="0.042359"/>
          <testcase name="favorites_count_never_goes_below_zero with data set &quot;iteration_9_fav(2)_extra_unfav(2)&quot;" file="E:\coupony-backend\tests\Feature\Explore\FavoritesCountSyncTest.php" line="112" class="Tests\Feature\Explore\FavoritesCountSyncTest" classname="Tests.Feature.Explore.FavoritesCountSyncTest" assertions="2" time="0.046663"/>
          <testcase name="favorites_count_never_goes_below_zero with data set &quot;iteration_10_fav(1)_extra_unfav(2)&quot;" file="E:\coupony-backend\tests\Feature\Explore\FavoritesCountSyncTest.php" line="112" class="Tests\Feature\Explore\FavoritesCountSyncTest" classname="Tests.Feature.Explore.FavoritesCountSyncTest" assertions="2" time="0.050876"/>
          <testcase name="favorites_count_never_goes_below_zero with data set &quot;iteration_11_fav(2)_extra_unfav(2)&quot;" file="E:\coupony-backend\tests\Feature\Explore\FavoritesCountSyncTest.php" line="112" class="Tests\Feature\Explore\FavoritesCountSyncTest" classname="Tests.Feature.Explore.FavoritesCountSyncTest" assertions="2" time="0.044761"/>
          <testcase name="favorites_count_never_goes_below_zero with data set &quot;iteration_12_fav(3)_extra_unfav(2)&quot;" file="E:\coupony-backend\tests\Feature\Explore\FavoritesCountSyncTest.php" line="112" class="Tests\Feature\Explore\FavoritesCountSyncTest" classname="Tests.Feature.Explore.FavoritesCountSyncTest" assertions="2" time="0.057167"/>
          <testcase name="favorites_count_never_goes_below_zero with data set &quot;iteration_13_fav(5)_extra_unfav(1)&quot;" file="E:\coupony-backend\tests\Feature\Explore\FavoritesCountSyncTest.php" line="112" class="Tests\Feature\Explore\FavoritesCountSyncTest" classname="Tests.Feature.Explore.FavoritesCountSyncTest" assertions="2" time="0.049907"/>
          <testcase name="favorites_count_never_goes_below_zero with data set &quot;iteration_14_fav(5)_extra_unfav(3)&quot;" file="E:\coupony-backend\tests\Feature\Explore\FavoritesCountSyncTest.php" line="112" class="Tests\Feature\Explore\FavoritesCountSyncTest" classname="Tests.Feature.Explore.FavoritesCountSyncTest" assertions="2" time="0.052391"/>
          <testcase name="favorites_count_never_goes_below_zero with data set &quot;iteration_15_fav(4)_extra_unfav(1)&quot;" file="E:\coupony-backend\tests\Feature\Explore\FavoritesCountSyncTest.php" line="112" class="Tests\Feature\Explore\FavoritesCountSyncTest" classname="Tests.Feature.Explore.FavoritesCountSyncTest" assertions="2" time="0.078906"/>
          <testcase name="favorites_count_never_goes_below_zero with data set &quot;iteration_16_fav(4)_extra_unfav(2)&quot;" file="E:\coupony-backend\tests\Feature\Explore\FavoritesCountSyncTest.php" line="112" class="Tests\Feature\Explore\FavoritesCountSyncTest" classname="Tests.Feature.Explore.FavoritesCountSyncTest" assertions="2" time="0.048620"/>
          <testcase name="favorites_count_never_goes_below_zero with data set &quot;iteration_17_fav(5)_extra_unfav(2)&quot;" file="E:\coupony-backend\tests\Feature\Explore\FavoritesCountSyncTest.php" line="112" class="Tests\Feature\Explore\FavoritesCountSyncTest" classname="Tests.Feature.Explore.FavoritesCountSyncTest" assertions="2" time="0.047566"/>
          <testcase name="favorites_count_never_goes_below_zero with data set &quot;iteration_18_fav(4)_extra_unfav(3)&quot;" file="E:\coupony-backend\tests\Feature\Explore\FavoritesCountSyncTest.php" line="112" class="Tests\Feature\Explore\FavoritesCountSyncTest" classname="Tests.Feature.Explore.FavoritesCountSyncTest" assertions="2" time="0.050573"/>
          <testcase name="favorites_count_never_goes_below_zero with data set &quot;iteration_19_fav(2)_extra_unfav(3)&quot;" file="E:\coupony-backend\tests\Feature\Explore\FavoritesCountSyncTest.php" line="112" class="Tests\Feature\Explore\FavoritesCountSyncTest" classname="Tests.Feature.Explore.FavoritesCountSyncTest" assertions="2" time="0.040641"/>
        </testsuite>
        <testsuite name="Tests\Feature\Explore\FavoritesCountSyncTest::sync_command_produces_correct_count" tests="20" assertions="20" errors="0" failures="0" skipped="0" time="1.309402">
          <testcase name="sync_command_produces_correct_count with data set &quot;iteration_0_fav(7)_unfav(6)&quot;" file="E:\coupony-backend\tests\Feature\Explore\FavoritesCountSyncTest.php" line="154" class="Tests\Feature\Explore\FavoritesCountSyncTest" classname="Tests.Feature.Explore.FavoritesCountSyncTest" assertions="1" time="0.053265"/>
          <testcase name="sync_command_produces_correct_count with data set &quot;iteration_1_fav(4)_unfav(2)&quot;" file="E:\coupony-backend\tests\Feature\Explore\FavoritesCountSyncTest.php" line="154" class="Tests\Feature\Explore\FavoritesCountSyncTest" classname="Tests.Feature.Explore.FavoritesCountSyncTest" assertions="1" time="0.058202"/>
          <testcase name="sync_command_produces_correct_count with data set &quot;iteration_2_fav(6)_unfav(3)&quot;" file="E:\coupony-backend\tests\Feature\Explore\FavoritesCountSyncTest.php" line="154" class="Tests\Feature\Explore\FavoritesCountSyncTest" classname="Tests.Feature.Explore.FavoritesCountSyncTest" assertions="1" time="0.078402"/>
          <testcase name="sync_command_produces_correct_count with data set &quot;iteration_3_fav(1)_unfav(0)&quot;" file="E:\coupony-backend\tests\Feature\Explore\FavoritesCountSyncTest.php" line="154" class="Tests\Feature\Explore\FavoritesCountSyncTest" classname="Tests.Feature.Explore.FavoritesCountSyncTest" assertions="1" time="0.093896"/>
          <testcase name="sync_command_produces_correct_count with data set &quot;iteration_4_fav(4)_unfav(3)&quot;" file="E:\coupony-backend\tests\Feature\Explore\FavoritesCountSyncTest.php" line="154" class="Tests\Feature\Explore\FavoritesCountSyncTest" classname="Tests.Feature.Explore.FavoritesCountSyncTest" assertions="1" time="0.063067"/>
          <testcase name="sync_command_produces_correct_count with data set &quot;iteration_5_fav(7)_unfav(6)&quot;" file="E:\coupony-backend\tests\Feature\Explore\FavoritesCountSyncTest.php" line="154" class="Tests\Feature\Explore\FavoritesCountSyncTest" classname="Tests.Feature.Explore.FavoritesCountSyncTest" assertions="1" time="0.060582"/>
          <testcase name="sync_command_produces_correct_count with data set &quot;iteration_6_fav(8)_unfav(6)&quot;" file="E:\coupony-backend\tests\Feature\Explore\FavoritesCountSyncTest.php" line="154" class="Tests\Feature\Explore\FavoritesCountSyncTest" classname="Tests.Feature.Explore.FavoritesCountSyncTest" assertions="1" time="0.062254"/>
          <testcase name="sync_command_produces_correct_count with data set &quot;iteration_7_fav(3)_unfav(3)&quot;" file="E:\coupony-backend\tests\Feature\Explore\FavoritesCountSyncTest.php" line="154" class="Tests\Feature\Explore\FavoritesCountSyncTest" classname="Tests.Feature.Explore.FavoritesCountSyncTest" assertions="1" time="0.068137"/>
          <testcase name="sync_command_produces_correct_count with data set &quot;iteration_8_fav(2)_unfav(0)&quot;" file="E:\coupony-backend\tests\Feature\Explore\FavoritesCountSyncTest.php" line="154" class="Tests\Feature\Explore\FavoritesCountSyncTest" classname="Tests.Feature.Explore.FavoritesCountSyncTest" assertions="1" time="0.059658"/>
          <testcase name="sync_command_produces_correct_count with data set &quot;iteration_9_fav(5)_unfav(4)&quot;" file="E:\coupony-backend\tests\Feature\Explore\FavoritesCountSyncTest.php" line="154" class="Tests\Feature\Explore\FavoritesCountSyncTest" classname="Tests.Feature.Explore.FavoritesCountSyncTest" assertions="1" time="0.070691"/>
          <testcase name="sync_command_produces_correct_count with data set &quot;iteration_10_fav(3)_unfav(1)&quot;" file="E:\coupony-backend\tests\Feature\Explore\FavoritesCountSyncTest.php" line="154" class="Tests\Feature\Explore\FavoritesCountSyncTest" classname="Tests.Feature.Explore.FavoritesCountSyncTest" assertions="1" time="0.050627"/>
          <testcase name="sync_command_produces_correct_count with data set &quot;iteration_11_fav(1)_unfav(0)&quot;" file="E:\coupony-backend\tests\Feature\Explore\FavoritesCountSyncTest.php" line="154" class="Tests\Feature\Explore\FavoritesCountSyncTest" classname="Tests.Feature.Explore.FavoritesCountSyncTest" assertions="1" time="0.095118"/>
          <testcase name="sync_command_produces_correct_count with data set &quot;iteration_12_fav(4)_unfav(1)&quot;" file="E:\coupony-backend\tests\Feature\Explore\FavoritesCountSyncTest.php" line="154" class="Tests\Feature\Explore\FavoritesCountSyncTest" classname="Tests.Feature.Explore.FavoritesCountSyncTest" assertions="1" time="0.054753"/>
          <testcase name="sync_command_produces_correct_count with data set &quot;iteration_13_fav(1)_unfav(1)&quot;" file="E:\coupony-backend\tests\Feature\Explore\FavoritesCountSyncTest.php" line="154" class="Tests\Feature\Explore\FavoritesCountSyncTest" classname="Tests.Feature.Explore.FavoritesCountSyncTest" assertions="1" time="0.050825"/>
          <testcase name="sync_command_produces_correct_count with data set &quot;iteration_14_fav(7)_unfav(0)&quot;" file="E:\coupony-backend\tests\Feature\Explore\FavoritesCountSyncTest.php" line="154" class="Tests\Feature\Explore\FavoritesCountSyncTest" classname="Tests.Feature.Explore.FavoritesCountSyncTest" assertions="1" time="0.056871"/>
          <testcase name="sync_command_produces_correct_count with data set &quot;iteration_15_fav(7)_unfav(2)&quot;" file="E:\coupony-backend\tests\Feature\Explore\FavoritesCountSyncTest.php" line="154" class="Tests\Feature\Explore\FavoritesCountSyncTest" classname="Tests.Feature.Explore.FavoritesCountSyncTest" assertions="1" time="0.062030"/>
          <testcase name="sync_command_produces_correct_count with data set &quot;iteration_16_fav(7)_unfav(4)&quot;" file="E:\coupony-backend\tests\Feature\Explore\FavoritesCountSyncTest.php" line="154" class="Tests\Feature\Explore\FavoritesCountSyncTest" classname="Tests.Feature.Explore.FavoritesCountSyncTest" assertions="1" time="0.061525"/>
          <testcase name="sync_command_produces_correct_count with data set &quot;iteration_17_fav(2)_unfav(1)&quot;" file="E:\coupony-backend\tests\Feature\Explore\FavoritesCountSyncTest.php" line="154" class="Tests\Feature\Explore\FavoritesCountSyncTest" classname="Tests.Feature.Explore.FavoritesCountSyncTest" assertions="1" time="0.052272"/>
          <testcase name="sync_command_produces_correct_count with data set &quot;iteration_18_fav(2)_unfav(0)&quot;" file="E:\coupony-backend\tests\Feature\Explore\FavoritesCountSyncTest.php" line="154" class="Tests\Feature\Explore\FavoritesCountSyncTest" classname="Tests.Feature.Explore.FavoritesCountSyncTest" assertions="1" time="0.104110"/>
          <testcase name="sync_command_produces_correct_count with data set &quot;iteration_19_fav(3)_unfav(1)&quot;" file="E:\coupony-backend\tests\Feature\Explore\FavoritesCountSyncTest.php" line="154" class="Tests\Feature\Explore\FavoritesCountSyncTest" classname="Tests.Feature.Explore.FavoritesCountSyncTest" assertions="1" time="0.053117"/>
        </testsuite>
      </testsuite>
      <testsuite name="Tests\Feature\LocalizationTest" file="E:\coupony-backend\tests\Feature\LocalizationTest.php" tests="9" assertions="47" errors="0" failures="0" skipped="0" time="0.660673">
        <testcase name="test_locales_endpoint_returns_supported_languages" file="E:\coupony-backend\tests\Feature\LocalizationTest.php" line="26" class="Tests\Feature\LocalizationTest" classname="Tests.Feature.LocalizationTest" assertions="8" time="0.039432"/>
        <testcase name="test_authenticated_user_can_update_language" file="E:\coupony-backend\tests\Feature\LocalizationTest.php" line="37" class="Tests\Feature\LocalizationTest" classname="Tests.Feature.LocalizationTest" assertions="4" time="0.053358"/>
        <testcase name="test_saved_user_language_is_used_when_header_is_missing" file="E:\coupony-backend\tests\Feature\LocalizationTest.php" line="57" class="Tests\Feature\LocalizationTest" classname="Tests.Feature.LocalizationTest" assertions="4" time="0.049511"/>
        <testcase name="test_accept_language_header_overrides_saved_language_for_the_current_request" file="E:\coupony-backend\tests\Feature\LocalizationTest.php" line="73" class="Tests\Feature\LocalizationTest" classname="Tests.Feature.LocalizationTest" assertions="5" time="0.070122"/>
        <testcase name="test_unsupported_header_locale_falls_back_to_user_language" file="E:\coupony-backend\tests\Feature\LocalizationTest.php" line="93" class="Tests\Feature\LocalizationTest" classname="Tests.Feature.LocalizationTest" assertions="4" time="0.066130"/>
        <testcase name="test_registration_validation_errors_are_translated_in_english_and_arabic" file="E:\coupony-backend\tests\Feature\LocalizationTest.php" line="108" class="Tests\Feature\LocalizationTest" classname="Tests.Feature.LocalizationTest" assertions="8" time="0.110220"/>
        <testcase name="test_otp_resend_error_message_is_localized" file="E:\coupony-backend\tests\Feature\LocalizationTest.php" line="137" class="Tests\Feature\LocalizationTest" classname="Tests.Feature.LocalizationTest" assertions="6" time="0.153498"/>
        <testcase name="test_password_reset_message_is_localized" file="E:\coupony-backend\tests\Feature\LocalizationTest.php" line="164" class="Tests\Feature\LocalizationTest" classname="Tests.Feature.LocalizationTest" assertions="4" time="0.062929"/>
        <testcase name="test_admin_store_management_response_is_localized" file="E:\coupony-backend\tests\Feature\LocalizationTest.php" line="181" class="Tests\Feature\LocalizationTest" classname="Tests.Feature.LocalizationTest" assertions="4" time="0.055474"/>
      </testsuite>
      <testsuite name="Tests\Feature\MeAddressTest" file="E:\coupony-backend\tests\Feature\MeAddressTest.php" tests="6" assertions="26" errors="0" failures="0" skipped="0" time="0.280735">
        <testcase name="test_user_can_list_own_addresses" file="E:\coupony-backend\tests\Feature\MeAddressTest.php" line="14" class="Tests\Feature\MeAddressTest" classname="Tests.Feature.MeAddressTest" assertions="3" time="0.038040"/>
        <testcase name="test_user_can_create_address" file="E:\coupony-backend\tests\Feature\MeAddressTest.php" line="36" class="Tests\Feature\MeAddressTest" classname="Tests.Feature.MeAddressTest" assertions="7" time="0.042854"/>
        <testcase name="test_user_can_search_own_addresses" file="E:\coupony-backend\tests\Feature\MeAddressTest.php" line="75" class="Tests\Feature\MeAddressTest" classname="Tests.Feature.MeAddressTest" assertions="4" time="0.069267"/>
        <testcase name="test_user_can_update_own_address" file="E:\coupony-backend\tests\Feature\MeAddressTest.php" line="110" class="Tests\Feature\MeAddressTest" classname="Tests.Feature.MeAddressTest" assertions="7" time="0.042342"/>
        <testcase name="test_user_can_delete_own_address" file="E:\coupony-backend\tests\Feature\MeAddressTest.php" line="152" class="Tests\Feature\MeAddressTest" classname="Tests.Feature.MeAddressTest" assertions="4" time="0.044866"/>
        <testcase name="test_user_cannot_update_another_users_address" file="E:\coupony-backend\tests\Feature\MeAddressTest.php" line="180" class="Tests\Feature\MeAddressTest" classname="Tests.Feature.MeAddressTest" assertions="1" time="0.043365"/>
      </testsuite>
      <testsuite name="Tests\Feature\NotificationApiTest" file="E:\coupony-backend\tests\Feature\NotificationApiTest.php" tests="9" assertions="26" errors="0" failures="0" skipped="0" time="0.410578">
        <testcase name="test_authenticated_user_can_list_notifications" file="E:\coupony-backend\tests\Feature\NotificationApiTest.php" line="14" class="Tests\Feature\NotificationApiTest" classname="Tests.Feature.NotificationApiTest" assertions="3" time="0.041786"/>
        <testcase name="test_authenticated_user_can_list_unread_notifications" file="E:\coupony-backend\tests\Feature\NotificationApiTest.php" line="27" class="Tests\Feature\NotificationApiTest" classname="Tests.Feature.NotificationApiTest" assertions="4" time="0.042923"/>
        <testcase name="test_authenticated_user_can_get_unread_count" file="E:\coupony-backend\tests\Feature\NotificationApiTest.php" line="41" class="Tests\Feature\NotificationApiTest" classname="Tests.Feature.NotificationApiTest" assertions="2" time="0.040525"/>
        <testcase name="test_user_cannot_access_another_users_notification" file="E:\coupony-backend\tests\Feature\NotificationApiTest.php" line="53" class="Tests\Feature\NotificationApiTest" classname="Tests.Feature.NotificationApiTest" assertions="1" time="0.073640"/>
        <testcase name="test_user_can_mark_notification_as_read" file="E:\coupony-backend\tests\Feature\NotificationApiTest.php" line="63" class="Tests\Feature\NotificationApiTest" classname="Tests.Feature.NotificationApiTest" assertions="3" time="0.040824"/>
        <testcase name="test_user_can_mark_notification_as_unread" file="E:\coupony-backend\tests\Feature\NotificationApiTest.php" line="76" class="Tests\Feature\NotificationApiTest" classname="Tests.Feature.NotificationApiTest" assertions="3" time="0.041065"/>
        <testcase name="test_user_can_mark_all_notifications_as_read" file="E:\coupony-backend\tests\Feature\NotificationApiTest.php" line="89" class="Tests\Feature\NotificationApiTest" classname="Tests.Feature.NotificationApiTest" assertions="4" time="0.044867"/>
        <testcase name="test_user_can_delete_read_notifications" file="E:\coupony-backend\tests\Feature\NotificationApiTest.php" line="103" class="Tests\Feature\NotificationApiTest" classname="Tests.Feature.NotificationApiTest" assertions="3" time="0.050186"/>
        <testcase name="test_user_can_delete_single_own_notification" file="E:\coupony-backend\tests\Feature\NotificationApiTest.php" line="117" class="Tests\Feature\NotificationApiTest" classname="Tests.Feature.NotificationApiTest" assertions="3" time="0.034761"/>
      </testsuite>
      <testsuite name="Tests\Feature\NotificationDomainTriggerTest" file="E:\coupony-backend\tests\Feature\NotificationDomainTriggerTest.php" tests="5" assertions="22" errors="0" failures="0" skipped="0" time="0.453713">
        <testcase name="test_offer_claim_creation_creates_customer_notification" file="E:\coupony-backend\tests\Feature\NotificationDomainTriggerTest.php" line="39" class="Tests\Feature\NotificationDomainTriggerTest" classname="Tests.Feature.NotificationDomainTriggerTest" assertions="4" time="0.060755"/>
        <testcase name="test_offer_claim_creation_creates_store_owner_notification" file="E:\coupony-backend\tests\Feature\NotificationDomainTriggerTest.php" line="60" class="Tests\Feature\NotificationDomainTriggerTest" classname="Tests.Feature.NotificationDomainTriggerTest" assertions="3" time="0.106152"/>
        <testcase name="test_offer_redemption_creates_customer_notification" file="E:\coupony-backend\tests\Feature\NotificationDomainTriggerTest.php" line="80" class="Tests\Feature\NotificationDomainTriggerTest" classname="Tests.Feature.NotificationDomainTriggerTest" assertions="4" time="0.100615"/>
        <testcase name="test_offer_redemption_creates_store_owner_notification" file="E:\coupony-backend\tests\Feature\NotificationDomainTriggerTest.php" line="99" class="Tests\Feature\NotificationDomainTriggerTest" classname="Tests.Feature.NotificationDomainTriggerTest" assertions="5" time="0.084233"/>
        <testcase name="test_offer_redemption_creates_points_earned_notifications_when_points_are_awarded" file="E:\coupony-backend\tests\Feature\NotificationDomainTriggerTest.php" line="119" class="Tests\Feature\NotificationDomainTriggerTest" classname="Tests.Feature.NotificationDomainTriggerTest" assertions="6" time="0.101957"/>
      </testsuite>
      <testsuite name="Tests\Feature\NotificationRealtimeTest" file="E:\coupony-backend\tests\Feature\NotificationRealtimeTest.php" tests="5" assertions="17" errors="0" failures="0" skipped="0" time="0.214626">
        <testcase name="test_notification_sent_broadcasts_on_private_user_channel" file="E:\coupony-backend\tests\Feature\NotificationRealtimeTest.php" line="35" class="Tests\Feature\NotificationRealtimeTest" classname="Tests.Feature.NotificationRealtimeTest" assertions="3" time="0.041493"/>
        <testcase name="test_notification_sent_broadcast_name_is_notification_sent" file="E:\coupony-backend\tests\Feature\NotificationRealtimeTest.php" line="47" class="Tests\Feature\NotificationRealtimeTest" classname="Tests.Feature.NotificationRealtimeTest" assertions="1" time="0.064674"/>
        <testcase name="test_notification_sent_broadcast_payload_includes_notification_and_unread_count" file="E:\coupony-backend\tests\Feature\NotificationRealtimeTest.php" line="58" class="Tests\Feature\NotificationRealtimeTest" classname="Tests.Feature.NotificationRealtimeTest" assertions="11" time="0.035122"/>
        <testcase name="test_user_can_authorize_own_private_notification_channel" file="E:\coupony-backend\tests\Feature\NotificationRealtimeTest.php" line="90" class="Tests\Feature\NotificationRealtimeTest" classname="Tests.Feature.NotificationRealtimeTest" assertions="1" time="0.036193"/>
        <testcase name="test_user_cannot_authorize_another_users_private_notification_channel" file="E:\coupony-backend\tests\Feature\NotificationRealtimeTest.php" line="99" class="Tests\Feature\NotificationRealtimeTest" classname="Tests.Feature.NotificationRealtimeTest" assertions="1" time="0.037144"/>
      </testsuite>
      <testsuite name="Tests\Feature\OfferClaimTest" file="E:\coupony-backend\tests\Feature\OfferClaimTest.php" tests="10" assertions="72" errors="0" failures="0" skipped="0" time="0.861148">
        <testcase name="test_customer_can_create_fixed_claim_and_stock_is_not_deducted_until_redemption" file="E:\coupony-backend\tests\Feature\OfferClaimTest.php" line="38" class="Tests\Feature\OfferClaimTest" classname="Tests.Feature.OfferClaimTest" assertions="11" time="0.093583"/>
        <testcase name="test_customer_can_create_percentage_claim_with_immutable_snapshot" file="E:\coupony-backend\tests\Feature\OfferClaimTest.php" line="109" class="Tests\Feature\OfferClaimTest" classname="Tests.Feature.OfferClaimTest" assertions="5" time="0.069813"/>
        <testcase name="test_claim_creation_sends_notifications_to_customer_store_owner_and_employees" file="E:\coupony-backend\tests\Feature\OfferClaimTest.php" line="150" class="Tests\Feature\OfferClaimTest" classname="Tests.Feature.OfferClaimTest" assertions="29" time="0.084857"/>
        <testcase name="test_claim_creation_still_succeeds_when_notifications_fail" file="E:\coupony-backend\tests\Feature\OfferClaimTest.php" line="211" class="Tests\Feature\OfferClaimTest" classname="Tests.Feature.OfferClaimTest" assertions="2" time="0.085611"/>
        <testcase name="test_buy_x_get_y_claim_snapshots_selected_buy_and_reward_variants_and_redeems_all_stock" file="E:\coupony-backend\tests\Feature\OfferClaimTest.php" line="260" class="Tests\Feature\OfferClaimTest" classname="Tests.Feature.OfferClaimTest" assertions="9" time="0.096867"/>
        <testcase name="test_claim_creation_rejects_offer_outside_validity_window" file="E:\coupony-backend\tests\Feature\OfferClaimTest.php" line="355" class="Tests\Feature\OfferClaimTest" classname="Tests.Feature.OfferClaimTest" assertions="2" time="0.060253"/>
        <testcase name="test_redeem_rejects_expired_and_already_redeemed_claims" file="E:\coupony-backend\tests\Feature\OfferClaimTest.php" line="383" class="Tests\Feature\OfferClaimTest" classname="Tests.Feature.OfferClaimTest" assertions="5" time="0.104419"/>
        <testcase name="test_store_employee_can_view_claim_details_and_redemption_history_for_own_store" file="E:\coupony-backend\tests\Feature\OfferClaimTest.php" line="441" class="Tests\Feature\OfferClaimTest" classname="Tests.Feature.OfferClaimTest" assertions="6" time="0.081849"/>
        <testcase name="test_redemption_fails_for_employee_of_different_store_and_allows_store_owner" file="E:\coupony-backend\tests\Feature\OfferClaimTest.php" line="473" class="Tests\Feature\OfferClaimTest" classname="Tests.Feature.OfferClaimTest" assertions="2" time="0.133547"/>
        <testcase name="test_store_employee_cannot_manage_products_for_store" file="E:\coupony-backend\tests\Feature\OfferClaimTest.php" line="509" class="Tests\Feature\OfferClaimTest" classname="Tests.Feature.OfferClaimTest" assertions="1" time="0.050349"/>
      </testsuite>
      <testsuite name="Tests\Feature\OfferRedeemPointsTest" file="E:\coupony-backend\tests\Feature\OfferRedeemPointsTest.php" tests="6" assertions="61" errors="0" failures="0" skipped="0" time="0.633516">
        <testcase name="test_successful_offer_redemption_awards_user_and_store_points" file="E:\coupony-backend\tests\Feature\OfferRedeemPointsTest.php" line="40" class="Tests\Feature\OfferRedeemPointsTest" classname="Tests.Feature.OfferRedeemPointsTest" assertions="8" time="0.126271"/>
        <testcase name="test_redeem_sends_customer_offer_redeemed_notification" file="E:\coupony-backend\tests\Feature\OfferRedeemPointsTest.php" line="83" class="Tests\Feature\OfferRedeemPointsTest" classname="Tests.Feature.OfferRedeemPointsTest" assertions="11" time="0.105057"/>
        <testcase name="test_redeem_sends_store_owner_notification" file="E:\coupony-backend\tests\Feature\OfferRedeemPointsTest.php" line="109" class="Tests\Feature\OfferRedeemPointsTest" classname="Tests.Feature.OfferRedeemPointsTest" assertions="12" time="0.091608"/>
        <testcase name="test_redeem_sends_points_earned_notifications" file="E:\coupony-backend\tests\Feature\OfferRedeemPointsTest.php" line="136" class="Tests\Feature\OfferRedeemPointsTest" classname="Tests.Feature.OfferRedeemPointsTest" assertions="14" time="0.135481"/>
        <testcase name="test_duplicate_redeemed_claim_does_not_award_points_twice" file="E:\coupony-backend\tests\Feature\OfferRedeemPointsTest.php" line="171" class="Tests\Feature\OfferRedeemPointsTest" classname="Tests.Feature.OfferRedeemPointsTest" assertions="8" time="0.086963"/>
        <testcase name="test_duplicate_redeem_does_not_duplicate_notifications" file="E:\coupony-backend\tests\Feature\OfferRedeemPointsTest.php" line="202" class="Tests\Feature\OfferRedeemPointsTest" classname="Tests.Feature.OfferRedeemPointsTest" assertions="8" time="0.088135"/>
      </testsuite>
      <testsuite name="Tests\Feature\OnboardingTest" file="E:\coupony-backend\tests\Feature\OnboardingTest.php" tests="3" assertions="6" errors="0" failures="0" skipped="0" time="0.159289">
        <testcase name="test_customer_onboarding_endpoint_returns_empty_state_when_not_completed" file="E:\coupony-backend\tests\Feature\OnboardingTest.php" line="23" class="Tests\Feature\OnboardingTest" classname="Tests.Feature.OnboardingTest" assertions="2" time="0.042248"/>
        <testcase name="test_customer_onboarding_endpoint_returns_saved_data" file="E:\coupony-backend\tests\Feature\OnboardingTest.php" line="42" class="Tests\Feature\OnboardingTest" classname="Tests.Feature.OnboardingTest" assertions="2" time="0.042130"/>
        <testcase name="test_seller_onboarding_endpoint_returns_saved_data" file="E:\coupony-backend\tests\Feature\OnboardingTest.php" line="70" class="Tests\Feature\OnboardingTest" classname="Tests.Feature.OnboardingTest" assertions="2" time="0.074911"/>
      </testsuite>
      <testsuite name="Tests\Feature\OtpTest" file="E:\coupony-backend\tests\Feature\OtpTest.php" tests="10" assertions="38" errors="0" failures="0" skipped="0" time="0.616918">
        <testcase name="test_user_can_request_otp" file="E:\coupony-backend\tests\Feature\OtpTest.php" line="15" class="Tests\Feature\OtpTest" classname="Tests.Feature.OtpTest" assertions="8" time="0.065768"/>
        <testcase name="test_email_otp_response_masks_email_recipient_correctly" file="E:\coupony-backend\tests\Feature\OtpTest.php" line="44" class="Tests\Feature\OtpTest" classname="Tests.Feature.OtpTest" assertions="2" time="0.051622"/>
        <testcase name="test_phone_verification_defaults_to_sms_channel" file="E:\coupony-backend\tests\Feature\OtpTest.php" line="59" class="Tests\Feature\OtpTest" classname="Tests.Feature.OtpTest" assertions="3" time="0.053044"/>
        <testcase name="test_user_can_verify_otp_with_correct_code" file="E:\coupony-backend\tests\Feature\OtpTest.php" line="88" class="Tests\Feature\OtpTest" classname="Tests.Feature.OtpTest" assertions="5" time="0.058924"/>
        <testcase name="test_user_cannot_verify_otp_with_incorrect_code" file="E:\coupony-backend\tests\Feature\OtpTest.php" line="120" class="Tests\Feature\OtpTest" classname="Tests.Feature.OtpTest" assertions="2" time="0.087951"/>
        <testcase name="test_verified_user_email_otp_verification_does_not_issue_tokens" file="E:\coupony-backend\tests\Feature\OtpTest.php" line="143" class="Tests\Feature\OtpTest" classname="Tests.Feature.OtpTest" assertions="6" time="0.065894"/>
        <testcase name="test_user_can_resend_otp" file="E:\coupony-backend\tests\Feature\OtpTest.php" line="173" class="Tests\Feature\OtpTest" classname="Tests.Feature.OtpTest" assertions="4" time="0.066869"/>
        <testcase name="test_otp_resend_enforces_rate_limiting" file="E:\coupony-backend\tests\Feature\OtpTest.php" line="211" class="Tests\Feature\OtpTest" classname="Tests.Feature.OtpTest" assertions="2" time="0.067326"/>
        <testcase name="test_otp_send_requires_email_or_phone" file="E:\coupony-backend\tests\Feature\OtpTest.php" line="233" class="Tests\Feature\OtpTest" classname="Tests.Feature.OtpTest" assertions="3" time="0.052220"/>
        <testcase name="test_otp_verify_requires_code" file="E:\coupony-backend\tests\Feature\OtpTest.php" line="243" class="Tests\Feature\OtpTest" classname="Tests.Feature.OtpTest" assertions="3" time="0.047300"/>
      </testsuite>
      <testsuite name="Tests\Feature\PointReadTest" file="E:\coupony-backend\tests\Feature\PointReadTest.php" tests="2" assertions="6" errors="0" failures="0" skipped="0" time="0.153714">
        <testcase name="test_store_employee_can_view_store_points_for_assigned_store" file="E:\coupony-backend\tests\Feature\PointReadTest.php" line="27" class="Tests\Feature\PointReadTest" classname="Tests.Feature.PointReadTest" assertions="4" time="0.098901"/>
        <testcase name="test_non_employee_cannot_view_store_points" file="E:\coupony-backend\tests\Feature\PointReadTest.php" line="50" class="Tests\Feature\PointReadTest" classname="Tests.Feature.PointReadTest" assertions="2" time="0.054814"/>
      </testsuite>
      <testsuite name="Tests\Feature\PonyAI\ArabicCustomerSearchTest" file="E:\coupony-backend\tests\Feature\PonyAI\ArabicCustomerSearchTest.php" tests="6" assertions="17" errors="0" failures="0" skipped="0" time="2.507467">
        <testcase name="test_generic_arabic_prompt_returns_catalog" file="E:\coupony-backend\tests\Feature\PonyAI\ArabicCustomerSearchTest.php" line="69" class="Tests\Feature\PonyAI\ArabicCustomerSearchTest" classname="Tests.Feature.PonyAI.ArabicCustomerSearchTest" assertions="2" time="0.067461"/>
        <testcase name="test_show_available_products_arabic_returns_catalog" file="E:\coupony-backend\tests\Feature\PonyAI\ArabicCustomerSearchTest.php" line="92" class="Tests\Feature\PonyAI\ArabicCustomerSearchTest" classname="Tests.Feature.PonyAI.ArabicCustomerSearchTest" assertions="2" time="0.059784"/>
        <testcase name="test_arabic_sneakers_slang_matches_english_sneakers_product" file="E:\coupony-backend\tests\Feature\PonyAI\ArabicCustomerSearchTest.php" line="116" class="Tests\Feature\PonyAI\ArabicCustomerSearchTest" classname="Tests.Feature.PonyAI.ArabicCustomerSearchTest" assertions="3" time="0.782126"/>
        <testcase name="test_msa_sports_shoes_phrase_matches_english_sneakers" file="E:\coupony-backend\tests\Feature\PonyAI\ArabicCustomerSearchTest.php" line="143" class="Tests\Feature\PonyAI\ArabicCustomerSearchTest" classname="Tests.Feature.PonyAI.ArabicCustomerSearchTest" assertions="2" time="0.717643"/>
        <testcase name="test_inactive_and_unapproved_products_are_excluded" file="E:\coupony-backend\tests\Feature\PonyAI\ArabicCustomerSearchTest.php" line="167" class="Tests\Feature\PonyAI\ArabicCustomerSearchTest" classname="Tests.Feature.PonyAI.ArabicCustomerSearchTest" assertions="4" time="0.089362"/>
        <testcase name="test_hallucinated_product_ids_are_dropped" file="E:\coupony-backend\tests\Feature\PonyAI\ArabicCustomerSearchTest.php" line="208" class="Tests\Feature\PonyAI\ArabicCustomerSearchTest" classname="Tests.Feature.PonyAI.ArabicCustomerSearchTest" assertions="4" time="0.791090"/>
      </testsuite>
      <testsuite name="Tests\Feature\PonyAI\CustomerChatFastPathTest" file="E:\coupony-backend\tests\Feature\PonyAI\CustomerChatFastPathTest.php" tests="5" assertions="19" errors="0" failures="0" skipped="0" time="0.320052">
        <testcase name="test_generic_arabic_prompt_skips_gemini_entirely" file="E:\coupony-backend\tests\Feature\PonyAI\CustomerChatFastPathTest.php" line="56" class="Tests\Feature\PonyAI\CustomerChatFastPathTest" classname="Tests.Feature.PonyAI.CustomerChatFastPathTest" assertions="3" time="0.053970"/>
        <testcase name="test_show_products_arabic_returns_popular_catalog" file="E:\coupony-backend\tests\Feature\PonyAI\CustomerChatFastPathTest.php" line="75" class="Tests\Feature\PonyAI\CustomerChatFastPathTest" classname="Tests.Feature.PonyAI.CustomerChatFastPathTest" assertions="3" time="0.061064"/>
        <testcase name="test_inactive_and_unapproved_products_are_excluded_from_fast_path" file="E:\coupony-backend\tests\Feature\PonyAI\CustomerChatFastPathTest.php" line="95" class="Tests\Feature\PonyAI\CustomerChatFastPathTest" classname="Tests.Feature.PonyAI.CustomerChatFastPathTest" assertions="3" time="0.056717"/>
        <testcase name="test_fast_path_metadata_is_surfaced_on_assistant_message" file="E:\coupony-backend\tests\Feature\PonyAI\CustomerChatFastPathTest.php" line="126" class="Tests\Feature\PonyAI\CustomerChatFastPathTest" classname="Tests.Feature.PonyAI.CustomerChatFastPathTest" assertions="4" time="0.054079"/>
        <testcase name="test_specific_arabic_prompt_runs_through_normal_pipeline" file="E:\coupony-backend\tests\Feature\PonyAI\CustomerChatFastPathTest.php" line="146" class="Tests\Feature\PonyAI\CustomerChatFastPathTest" classname="Tests.Feature.PonyAI.CustomerChatFastPathTest" assertions="6" time="0.094223"/>
      </testsuite>
      <testsuite name="Tests\Feature\PonyAI\CustomerChatGroundingTest" file="E:\coupony-backend\tests\Feature\PonyAI\CustomerChatGroundingTest.php" tests="2" assertions="9" errors="0" failures="0" skipped="0" time="1.506215">
        <testcase name="test_response_drops_product_ids_that_are_not_in_the_candidate_set" file="E:\coupony-backend\tests\Feature\PonyAI\CustomerChatGroundingTest.php" line="48" class="Tests\Feature\PonyAI\CustomerChatGroundingTest" classname="Tests.Feature.PonyAI.CustomerChatGroundingTest" assertions="5" time="0.754047"/>
        <testcase name="test_response_never_includes_inactive_or_unapproved_products" file="E:\coupony-backend\tests\Feature\PonyAI\CustomerChatGroundingTest.php" line="85" class="Tests\Feature\PonyAI\CustomerChatGroundingTest" classname="Tests.Feature.PonyAI.CustomerChatGroundingTest" assertions="4" time="0.752168"/>
      </testsuite>
      <testsuite name="Tests\Feature\PonyAI\CustomerChatTest" file="E:\coupony-backend\tests\Feature\PonyAI\CustomerChatTest.php" tests="8" assertions="27" errors="0" failures="0" skipped="0" time="5.669510">
        <testcase name="test_unauthenticated_requests_return_401" file="E:\coupony-backend\tests\Feature\PonyAI\CustomerChatTest.php" line="50" class="Tests\Feature\PonyAI\CustomerChatTest" classname="Tests.Feature.PonyAI.CustomerChatTest" assertions="1" time="0.035489"/>
        <testcase name="test_authenticated_chat_persists_messages_and_returns_grounded_products" file="E:\coupony-backend\tests\Feature\PonyAI\CustomerChatTest.php" line="56" class="Tests\Feature\PonyAI\CustomerChatTest" classname="Tests.Feature.PonyAI.CustomerChatTest" assertions="7" time="0.716839"/>
        <testcase name="test_continuing_an_existing_conversation_appends_to_it" file="E:\coupony-backend\tests\Feature\PonyAI\CustomerChatTest.php" line="86" class="Tests\Feature\PonyAI\CustomerChatTest" classname="Tests.Feature.PonyAI.CustomerChatTest" assertions="4" time="1.481934"/>
        <testcase name="test_referencing_someone_elses_conversation_returns_404" file="E:\coupony-backend\tests\Feature\PonyAI\CustomerChatTest.php" line="109" class="Tests\Feature\PonyAI\CustomerChatTest" classname="Tests.Feature.PonyAI.CustomerChatTest" assertions="1" time="0.686078"/>
        <testcase name="test_message_validation" file="E:\coupony-backend\tests\Feature\PonyAI\CustomerChatTest.php" line="127" class="Tests\Feature\PonyAI\CustomerChatTest" classname="Tests.Feature.PonyAI.CustomerChatTest" assertions="2" time="0.046560"/>
        <testcase name="test_index_lists_only_my_conversations" file="E:\coupony-backend\tests\Feature\PonyAI\CustomerChatTest.php" line="140" class="Tests\Feature\PonyAI\CustomerChatTest" classname="Tests.Feature.PonyAI.CustomerChatTest" assertions="5" time="1.368051"/>
        <testcase name="test_show_returns_messages_for_owner_only" file="E:\coupony-backend\tests\Feature\PonyAI\CustomerChatTest.php" line="164" class="Tests\Feature\PonyAI\CustomerChatTest" classname="Tests.Feature.PonyAI.CustomerChatTest" assertions="4" time="0.658518"/>
        <testcase name="test_destroy_soft_deletes_the_conversation" file="E:\coupony-backend\tests\Feature\PonyAI\CustomerChatTest.php" line="187" class="Tests\Feature\PonyAI\CustomerChatTest" classname="Tests.Feature.PonyAI.CustomerChatTest" assertions="3" time="0.676041"/>
      </testsuite>
      <testsuite name="Tests\Feature\PonyAI\CustomerImageSearchTest" file="E:\coupony-backend\tests\Feature\PonyAI\CustomerImageSearchTest.php" tests="9" assertions="29" errors="0" failures="0" skipped="0" time="4.300382">
        <testcase name="test_unauthenticated_returns_401" file="E:\coupony-backend\tests\Feature\PonyAI\CustomerImageSearchTest.php" line="62" class="Tests\Feature\PonyAI\CustomerImageSearchTest" classname="Tests.Feature.PonyAI.CustomerImageSearchTest" assertions="1" time="0.070214"/>
        <testcase name="test_authenticated_flow_returns_grounded_products_and_persists_messages" file="E:\coupony-backend\tests\Feature\PonyAI\CustomerImageSearchTest.php" line="68" class="Tests\Feature\PonyAI\CustomerImageSearchTest" classname="Tests.Feature.PonyAI.CustomerImageSearchTest" assertions="6" time="0.705538"/>
        <testcase name="test_uploaded_image_is_stored_on_private_disk_only" file="E:\coupony-backend\tests\Feature\PonyAI\CustomerImageSearchTest.php" line="109" class="Tests\Feature\PonyAI\CustomerImageSearchTest" classname="Tests.Feature.PonyAI.CustomerImageSearchTest" assertions="3" time="0.690827"/>
        <testcase name="test_response_never_echoes_raw_image_path" file="E:\coupony-backend\tests\Feature\PonyAI\CustomerImageSearchTest.php" line="133" class="Tests\Feature\PonyAI\CustomerImageSearchTest" classname="Tests.Feature.PonyAI.CustomerImageSearchTest" assertions="6" time="0.696940"/>
        <testcase name="test_rejects_non_image_uploads" file="E:\coupony-backend\tests\Feature\PonyAI\CustomerImageSearchTest.php" line="163" class="Tests\Feature\PonyAI\CustomerImageSearchTest" classname="Tests.Feature.PonyAI.CustomerImageSearchTest" assertions="3" time="0.053780"/>
        <testcase name="test_rejects_oversized_uploads" file="E:\coupony-backend\tests\Feature\PonyAI\CustomerImageSearchTest.php" line="177" class="Tests\Feature\PonyAI\CustomerImageSearchTest" classname="Tests.Feature.PonyAI.CustomerImageSearchTest" assertions="3" time="0.045322"/>
        <testcase name="test_invented_product_ids_are_dropped" file="E:\coupony-backend\tests\Feature\PonyAI\CustomerImageSearchTest.php" line="191" class="Tests\Feature\PonyAI\CustomerImageSearchTest" classname="Tests.Feature.PonyAI.CustomerImageSearchTest" assertions="2" time="0.711599"/>
        <testcase name="test_can_continue_existing_conversation_with_image" file="E:\coupony-backend\tests\Feature\PonyAI\CustomerImageSearchTest.php" line="215" class="Tests\Feature\PonyAI\CustomerImageSearchTest" classname="Tests.Feature.PonyAI.CustomerImageSearchTest" assertions="4" time="1.276133"/>
        <testcase name="test_referencing_someone_elses_conversation_returns_404" file="E:\coupony-backend\tests\Feature\PonyAI\CustomerImageSearchTest.php" line="248" class="Tests\Feature\PonyAI\CustomerImageSearchTest" classname="Tests.Feature.PonyAI.CustomerImageSearchTest" assertions="1" time="0.050029"/>
      </testsuite>
      <testsuite name="Tests\Feature\PonyAI\EmbedProductsCommandTest" file="E:\coupony-backend\tests\Feature\PonyAI\EmbedProductsCommandTest.php" tests="5" assertions="17" errors="0" failures="0" skipped="0" time="0.303833">
        <testcase name="test_command_embeds_all_eligible_products" file="E:\coupony-backend\tests\Feature\PonyAI\EmbedProductsCommandTest.php" line="32" class="Tests\Feature\PonyAI\EmbedProductsCommandTest" classname="Tests.Feature.PonyAI.EmbedProductsCommandTest" assertions="2" time="0.066068"/>
        <testcase name="test_command_skips_already_embedded_products_by_default" file="E:\coupony-backend\tests\Feature\PonyAI\EmbedProductsCommandTest.php" line="49" class="Tests\Feature\PonyAI\EmbedProductsCommandTest" classname="Tests.Feature.PonyAI.EmbedProductsCommandTest" assertions="5" time="0.052879"/>
        <testcase name="test_force_flag_re_embeds_existing" file="E:\coupony-backend\tests\Feature\PonyAI\EmbedProductsCommandTest.php" line="68" class="Tests\Feature\PonyAI\EmbedProductsCommandTest" classname="Tests.Feature.PonyAI.EmbedProductsCommandTest" assertions="4" time="0.048748"/>
        <testcase name="test_store_filter_limits_scope" file="E:\coupony-backend\tests\Feature\PonyAI\EmbedProductsCommandTest.php" line="85" class="Tests\Feature\PonyAI\EmbedProductsCommandTest" classname="Tests.Feature.PonyAI.EmbedProductsCommandTest" assertions="2" time="0.085396"/>
        <testcase name="test_command_ignores_inactive_or_unapproved_products" file="E:\coupony-backend\tests\Feature\PonyAI\EmbedProductsCommandTest.php" line="102" class="Tests\Feature\PonyAI\EmbedProductsCommandTest" classname="Tests.Feature.PonyAI.EmbedProductsCommandTest" assertions="4" time="0.050741"/>
      </testsuite>
      <testsuite name="Tests\Feature\PonyAI\InjectionResistanceTest" file="E:\coupony-backend\tests\Feature\PonyAI\InjectionResistanceTest.php" tests="4" assertions="19" errors="0" failures="0" skipped="0" time="2.691579">
        <testcase name="test_jailbreak_prompt_still_returns_grounded_products_only" file="E:\coupony-backend\tests\Feature\PonyAI\InjectionResistanceTest.php" line="47" class="Tests\Feature\PonyAI\InjectionResistanceTest" classname="Tests.Feature.PonyAI.InjectionResistanceTest" assertions="5" time="0.667516"/>
        <testcase name="test_sanitized_prompt_is_what_reaches_gemini" file="E:\coupony-backend\tests\Feature\PonyAI\InjectionResistanceTest.php" line="82" class="Tests\Feature\PonyAI\InjectionResistanceTest" classname="Tests.Feature.PonyAI.InjectionResistanceTest" assertions="10" time="0.686743"/>
        <testcase name="test_user_message_persists_original_text_for_audit" file="E:\coupony-backend\tests\Feature\PonyAI\InjectionResistanceTest.php" line="107" class="Tests\Feature\PonyAI\InjectionResistanceTest" classname="Tests.Feature.PonyAI.InjectionResistanceTest" assertions="2" time="0.683604"/>
        <testcase name="test_sanitization_can_be_disabled_via_config" file="E:\coupony-backend\tests\Feature\PonyAI\InjectionResistanceTest.php" line="127" class="Tests\Feature\PonyAI\InjectionResistanceTest" classname="Tests.Feature.PonyAI.InjectionResistanceTest" assertions="2" time="0.653716"/>
      </testsuite>
      <testsuite name="Tests\Feature\PonyAI\PurgeOldPonyImageUploadsTest" file="E:\coupony-backend\tests\Feature\PonyAI\PurgeOldPonyImageUploadsTest.php" tests="7" assertions="15" errors="0" failures="0" skipped="0" time="0.347039">
        <testcase name="test_purge_removes_files_older_than_retention_and_keeps_fresh_ones" file="E:\coupony-backend\tests\Feature\PonyAI\PurgeOldPonyImageUploadsTest.php" line="30" class="Tests\Feature\PonyAI\PurgeOldPonyImageUploadsTest" classname="Tests.Feature.PonyAI.PurgeOldPonyImageUploadsTest" assertions="4" time="0.078981"/>
        <testcase name="test_purge_never_touches_files_outside_pony_queries_prefix" file="E:\coupony-backend\tests\Feature\PonyAI\PurgeOldPonyImageUploadsTest.php" line="44" class="Tests\Feature\PonyAI\PurgeOldPonyImageUploadsTest" classname="Tests.Feature.PonyAI.PurgeOldPonyImageUploadsTest" assertions="2" time="0.045840"/>
        <testcase name="test_purge_is_idempotent_when_directory_does_not_exist" file="E:\coupony-backend\tests\Feature\PonyAI\PurgeOldPonyImageUploadsTest.php" line="55" class="Tests\Feature\PonyAI\PurgeOldPonyImageUploadsTest" classname="Tests.Feature.PonyAI.PurgeOldPonyImageUploadsTest" assertions="1" time="0.038524"/>
        <testcase name="test_zero_retention_removes_everything_under_pony_queries" file="E:\coupony-backend\tests\Feature\PonyAI\PurgeOldPonyImageUploadsTest.php" line="62" class="Tests\Feature\PonyAI\PurgeOldPonyImageUploadsTest" classname="Tests.Feature.PonyAI.PurgeOldPonyImageUploadsTest" assertions="1" time="0.043069"/>
        <testcase name="test_command_dispatches_the_job_by_default" file="E:\coupony-backend\tests\Feature\PonyAI\PurgeOldPonyImageUploadsTest.php" line="75" class="Tests\Feature\PonyAI\PurgeOldPonyImageUploadsTest" classname="Tests.Feature.PonyAI.PurgeOldPonyImageUploadsTest" assertions="3" time="0.046041"/>
        <testcase name="test_command_sync_flag_runs_inline_and_reports_count" file="E:\coupony-backend\tests\Feature\PonyAI\PurgeOldPonyImageUploadsTest.php" line="86" class="Tests\Feature\PonyAI\PurgeOldPonyImageUploadsTest" classname="Tests.Feature.PonyAI.PurgeOldPonyImageUploadsTest" assertions="2" time="0.048631"/>
        <testcase name="test_days_option_overrides_config" file="E:\coupony-backend\tests\Feature\PonyAI\PurgeOldPonyImageUploadsTest.php" line="96" class="Tests\Feature\PonyAI\PurgeOldPonyImageUploadsTest" classname="Tests.Feature.PonyAI.PurgeOldPonyImageUploadsTest" assertions="2" time="0.045952"/>
      </testsuite>
      <testsuite name="Tests\Feature\PonyAI\RateLimitTest" file="E:\coupony-backend\tests\Feature\PonyAI\RateLimitTest.php" tests="6" assertions="22" errors="0" failures="1" skipped="0" time="8.381559">
        <testcase name="test_customer_chat_returns_429_after_text_limit_exceeded" file="E:\coupony-backend\tests\Feature\PonyAI\RateLimitTest.php" line="49" class="Tests\Feature\PonyAI\RateLimitTest" classname="Tests.Feature.PonyAI.RateLimitTest" assertions="6" time="1.377813"/>
        <testcase name="test_image_search_uses_its_own_separate_bucket" file="E:\coupony-backend\tests\Feature\PonyAI\RateLimitTest.php" line="76" class="Tests\Feature\PonyAI\RateLimitTest" classname="Tests.Feature.PonyAI.RateLimitTest" assertions="3" time="1.281631"/>
        <testcase name="test_different_users_get_separate_buckets" file="E:\coupony-backend\tests\Feature\PonyAI\RateLimitTest.php" line="109" class="Tests\Feature\PonyAI\RateLimitTest" classname="Tests.Feature.PonyAI.RateLimitTest" assertions="3" time="1.296197"/>
        <testcase name="test_remaining_header_decreases_with_each_request" file="E:\coupony-backend\tests\Feature\PonyAI\RateLimitTest.php" line="131" class="Tests\Feature\PonyAI\RateLimitTest" classname="Tests.Feature.PonyAI.RateLimitTest" assertions="3" time="0.665284"/>
        <testcase name="test_seller_chat_is_throttled_too" file="E:\coupony-backend\tests\Feature\PonyAI\RateLimitTest.php" line="151" class="Tests\Feature\PonyAI\RateLimitTest" classname="Tests.Feature.PonyAI.RateLimitTest" assertions="1" time="0.044359">
          <failure type="PHPUnit\Framework\ExpectationFailedException">Tests\Feature\PonyAI\RateLimitTest::test_seller_chat_is_throttled_too&#13;
Expected response status code [200] but received 403.
Failed asserting that 403 is identical to 200.
&#13;
E:\coupony-backend\vendor\laravel\framework\src\Illuminate\Testing\TestResponseAssert.php:45
E:\coupony-backend\vendor\laravel\framework\src\Illuminate\Testing\TestResponse.php:174
E:\coupony-backend\vendor\laravel\framework\src\Illuminate\Testing\Concerns\AssertsStatusCodes.php:16
E:\coupony-backend\tests\Feature\PonyAI\RateLimitTest.php:166</failure>
        </testcase>
        <testcase name="test_zero_max_attempts_disables_throttling" file="E:\coupony-backend\tests\Feature\PonyAI\RateLimitTest.php" line="173" class="Tests\Feature\PonyAI\RateLimitTest" classname="Tests.Feature.PonyAI.RateLimitTest" assertions="6" time="3.716275"/>
      </testsuite>
      <testsuite name="Tests\Feature\PonyAI\RevisionApprovalReembedsTest" file="E:\coupony-backend\tests\Feature\PonyAI\RevisionApprovalReembedsTest.php" tests="2" assertions="2" errors="0" failures="0" skipped="0" time="0.175320">
        <testcase name="test_approving_a_revision_dispatches_reembed_job" file="E:\coupony-backend\tests\Feature\PonyAI\RevisionApprovalReembedsTest.php" line="55" class="Tests\Feature\PonyAI\RevisionApprovalReembedsTest" classname="Tests.Feature.PonyAI.RevisionApprovalReembedsTest" assertions="1" time="0.103470"/>
        <testcase name="test_queued_job_writes_embedding_when_run" file="E:\coupony-backend\tests\Feature\PonyAI\RevisionApprovalReembedsTest.php" line="68" class="Tests\Feature\PonyAI\RevisionApprovalReembedsTest" classname="Tests.Feature.PonyAI.RevisionApprovalReembedsTest" assertions="1" time="0.071850"/>
      </testsuite>
      <testsuite name="Tests\Feature\PonyAI\SellerChatAuthorizationTest" file="E:\coupony-backend\tests\Feature\PonyAI\SellerChatAuthorizationTest.php" tests="8" assertions="9" errors="0" failures="2" skipped="0" time="0.386345">
        <testcase name="test_unauthenticated_returns_401" file="E:\coupony-backend\tests\Feature\PonyAI\SellerChatAuthorizationTest.php" line="38" class="Tests\Feature\PonyAI\SellerChatAuthorizationTest" classname="Tests.Feature.PonyAI.SellerChatAuthorizationTest" assertions="1" time="0.040934"/>
        <testcase name="test_owner_can_chat" file="E:\coupony-backend\tests\Feature\PonyAI\SellerChatAuthorizationTest.php" line="47" class="Tests\Feature\PonyAI\SellerChatAuthorizationTest" classname="Tests.Feature.PonyAI.SellerChatAuthorizationTest" assertions="1" time="0.042596">
          <failure type="PHPUnit\Framework\ExpectationFailedException">Tests\Feature\PonyAI\SellerChatAuthorizationTest::test_owner_can_chat&#13;
Expected response status code [200] but received 403.
Failed asserting that 403 is identical to 200.
&#13;
E:\coupony-backend\vendor\laravel\framework\src\Illuminate\Testing\TestResponseAssert.php:45
E:\coupony-backend\vendor\laravel\framework\src\Illuminate\Testing\TestResponse.php:174
E:\coupony-backend\vendor\laravel\framework\src\Illuminate\Testing\Concerns\AssertsStatusCodes.php:16
E:\coupony-backend\tests\Feature\PonyAI\SellerChatAuthorizationTest.php:56</failure>
        </testcase>
        <testcase name="test_store_employee_can_chat" file="E:\coupony-backend\tests\Feature\PonyAI\SellerChatAuthorizationTest.php" line="61" class="Tests\Feature\PonyAI\SellerChatAuthorizationTest" classname="Tests.Feature.PonyAI.SellerChatAuthorizationTest" assertions="1" time="0.040844">
          <failure type="PHPUnit\Framework\ExpectationFailedException">Tests\Feature\PonyAI\SellerChatAuthorizationTest::test_store_employee_can_chat&#13;
Expected response status code [200] but received 403.
Failed asserting that 403 is identical to 200.
&#13;
E:\coupony-backend\vendor\laravel\framework\src\Illuminate\Testing\TestResponseAssert.php:45
E:\coupony-backend\vendor\laravel\framework\src\Illuminate\Testing\TestResponse.php:174
E:\coupony-backend\vendor\laravel\framework\src\Illuminate\Testing\Concerns\AssertsStatusCodes.php:16
E:\coupony-backend\tests\Feature\PonyAI\SellerChatAuthorizationTest.php:78</failure>
        </testcase>
        <testcase name="test_other_seller_cannot_chat" file="E:\coupony-backend\tests\Feature\PonyAI\SellerChatAuthorizationTest.php" line="81" class="Tests\Feature\PonyAI\SellerChatAuthorizationTest" classname="Tests.Feature.PonyAI.SellerChatAuthorizationTest" assertions="1" time="0.081304"/>
        <testcase name="test_owner_of_one_store_cannot_open_conversation_of_another" file="E:\coupony-backend\tests\Feature\PonyAI\SellerChatAuthorizationTest.php" line="92" class="Tests\Feature\PonyAI\SellerChatAuthorizationTest" classname="Tests.Feature.PonyAI.SellerChatAuthorizationTest" assertions="1" time="0.043838"/>
        <testcase name="test_seller_cannot_open_other_sellers_conversation_via_show" file="E:\coupony-backend\tests\Feature\PonyAI\SellerChatAuthorizationTest.php" line="114" class="Tests\Feature\PonyAI\SellerChatAuthorizationTest" classname="Tests.Feature.PonyAI.SellerChatAuthorizationTest" assertions="1" time="0.048019"/>
        <testcase name="test_index_and_show_obey_policy" file="E:\coupony-backend\tests\Feature\PonyAI\SellerChatAuthorizationTest.php" line="128" class="Tests\Feature\PonyAI\SellerChatAuthorizationTest" classname="Tests.Feature.PonyAI.SellerChatAuthorizationTest" assertions="1" time="0.045391"/>
        <testcase name="test_destroy_requires_seller_access" file="E:\coupony-backend\tests\Feature\PonyAI\SellerChatAuthorizationTest.php" line="139" class="Tests\Feature\PonyAI\SellerChatAuthorizationTest" classname="Tests.Feature.PonyAI.SellerChatAuthorizationTest" assertions="2" time="0.043420"/>
      </testsuite>
      <testsuite name="Tests\Feature\PonyAI\SellerChatLeakageTest" file="E:\coupony-backend\tests\Feature\PonyAI\SellerChatLeakageTest.php" tests="2" assertions="2" errors="0" failures="2" skipped="0" time="0.139235">
        <testcase name="test_seller_cannot_see_another_stores_products_even_if_gemini_returns_their_ids" file="E:\coupony-backend\tests\Feature\PonyAI\SellerChatLeakageTest.php" line="38" class="Tests\Feature\PonyAI\SellerChatLeakageTest" classname="Tests.Feature.PonyAI.SellerChatLeakageTest" assertions="1" time="0.047280">
          <failure type="PHPUnit\Framework\ExpectationFailedException">Tests\Feature\PonyAI\SellerChatLeakageTest::test_seller_cannot_see_another_stores_products_even_if_gemini_returns_their_ids&#13;
Expected response status code [200] but received 403.
Failed asserting that 403 is identical to 200.
&#13;
E:\coupony-backend\vendor\laravel\framework\src\Illuminate\Testing\TestResponseAssert.php:45
E:\coupony-backend\vendor\laravel\framework\src\Illuminate\Testing\TestResponse.php:174
E:\coupony-backend\vendor\laravel\framework\src\Illuminate\Testing\Concerns\AssertsStatusCodes.php:16
E:\coupony-backend\tests\Feature\PonyAI\SellerChatLeakageTest.php:62</failure>
        </testcase>
        <testcase name="test_insights_payload_never_contains_another_stores_data" file="E:\coupony-backend\tests\Feature\PonyAI\SellerChatLeakageTest.php" line="74" class="Tests\Feature\PonyAI\SellerChatLeakageTest" classname="Tests.Feature.PonyAI.SellerChatLeakageTest" assertions="1" time="0.091956">
          <failure type="PHPUnit\Framework\ExpectationFailedException">Tests\Feature\PonyAI\SellerChatLeakageTest::test_insights_payload_never_contains_another_stores_data&#13;
Expected response status code [200] but received 403.
Failed asserting that 403 is identical to 200.
&#13;
E:\coupony-backend\vendor\laravel\framework\src\Illuminate\Testing\TestResponseAssert.php:45
E:\coupony-backend\vendor\laravel\framework\src\Illuminate\Testing\TestResponse.php:174
E:\coupony-backend\vendor\laravel\framework\src\Illuminate\Testing\Concerns\AssertsStatusCodes.php:16
E:\coupony-backend\tests\Feature\PonyAI\SellerChatLeakageTest.php:97</failure>
        </testcase>
      </testsuite>
      <testsuite name="Tests\Feature\PonyAI\SellerSuggestionsTest" file="E:\coupony-backend\tests\Feature\PonyAI\SellerSuggestionsTest.php" tests="4" assertions="5" errors="0" failures="4" skipped="0" time="0.185708">
        <testcase name="test_high_view_zero_claim_product_surfaces_as_offer_suggestion" file="E:\coupony-backend\tests\Feature\PonyAI\SellerSuggestionsTest.php" line="28" class="Tests\Feature\PonyAI\SellerSuggestionsTest" classname="Tests.Feature.PonyAI.SellerSuggestionsTest" assertions="1" time="0.048497">
          <failure type="PHPUnit\Framework\ExpectationFailedException">Tests\Feature\PonyAI\SellerSuggestionsTest::test_high_view_zero_claim_product_surfaces_as_offer_suggestion&#13;
Expected response status code [200] but received 403.
Failed asserting that 403 is identical to 200.
&#13;
E:\coupony-backend\vendor\laravel\framework\src\Illuminate\Testing\TestResponseAssert.php:45
E:\coupony-backend\vendor\laravel\framework\src\Illuminate\Testing\TestResponse.php:174
E:\coupony-backend\vendor\laravel\framework\src\Illuminate\Testing\Concerns\AssertsStatusCodes.php:16
E:\coupony-backend\tests\Feature\PonyAI\SellerSuggestionsTest.php:56</failure>
        </testcase>
        <testcase name="test_free_form_topic_returns_a_message_even_without_strong_signals" file="E:\coupony-backend\tests\Feature\PonyAI\SellerSuggestionsTest.php" line="63" class="Tests\Feature\PonyAI\SellerSuggestionsTest" classname="Tests.Feature.PonyAI.SellerSuggestionsTest" assertions="1" time="0.042862">
          <failure type="PHPUnit\Framework\ExpectationFailedException">Tests\Feature\PonyAI\SellerSuggestionsTest::test_free_form_topic_returns_a_message_even_without_strong_signals&#13;
Expected response status code [200] but received 403.
Failed asserting that 403 is identical to 200.
&#13;
E:\coupony-backend\vendor\laravel\framework\src\Illuminate\Testing\TestResponseAssert.php:45
E:\coupony-backend\vendor\laravel\framework\src\Illuminate\Testing\TestResponse.php:174
E:\coupony-backend\vendor\laravel\framework\src\Illuminate\Testing\Concerns\AssertsStatusCodes.php:16
E:\coupony-backend\tests\Feature\PonyAI\SellerSuggestionsTest.php:79</failure>
        </testcase>
        <testcase name="test_index_and_show_return_seller_conversations_only" file="E:\coupony-backend\tests\Feature\PonyAI\SellerSuggestionsTest.php" line="86" class="Tests\Feature\PonyAI\SellerSuggestionsTest" classname="Tests.Feature.PonyAI.SellerSuggestionsTest" assertions="2" time="0.047125">
          <failure type="PHPUnit\Framework\ExpectationFailedException">Tests\Feature\PonyAI\SellerSuggestionsTest::test_index_and_show_return_seller_conversations_only&#13;
Failed to assert that the response count matched the expected 1
Failed asserting that actual size 0 matches expected size 1.
&#13;
E:\coupony-backend\vendor\laravel\framework\src\Illuminate\Testing\AssertableJsonString.php:74
E:\coupony-backend\vendor\laravel\framework\src\Illuminate\Testing\TestResponse.php:1029
E:\coupony-backend\tests\Feature\PonyAI\SellerSuggestionsTest.php:102</failure>
        </testcase>
        <testcase name="test_destroy_soft_deletes_the_seller_conversation" file="E:\coupony-backend\tests\Feature\PonyAI\SellerSuggestionsTest.php" line="113" class="Tests\Feature\PonyAI\SellerSuggestionsTest" classname="Tests.Feature.PonyAI.SellerSuggestionsTest" assertions="1" time="0.047224">
          <failure type="PHPUnit\Framework\ExpectationFailedException">Tests\Feature\PonyAI\SellerSuggestionsTest::test_destroy_soft_deletes_the_seller_conversation&#13;
Expected response status code [200] but received 405.
Failed asserting that 405 is identical to 200.
&#13;
E:\coupony-backend\vendor\laravel\framework\src\Illuminate\Testing\TestResponseAssert.php:45
E:\coupony-backend\vendor\laravel\framework\src\Illuminate\Testing\TestResponse.php:174
E:\coupony-backend\vendor\laravel\framework\src\Illuminate\Testing\Concerns\AssertsStatusCodes.php:16
E:\coupony-backend\tests\Feature\PonyAI\SellerSuggestionsTest.php:128</failure>
        </testcase>
      </testsuite>
      <testsuite name="Tests\Feature\PonyAI\ServiceProviderBindingTest" file="E:\coupony-backend\tests\Feature\PonyAI\ServiceProviderBindingTest.php" tests="5" assertions="7" errors="0" failures="0" skipped="0" time="0.204936">
        <testcase name="test_container_resolves_fake_client_in_testing_environment" file="E:\coupony-backend\tests\Feature\PonyAI\ServiceProviderBindingTest.php" line="12" class="Tests\Feature\PonyAI\ServiceProviderBindingTest" classname="Tests.Feature.PonyAI.ServiceProviderBindingTest" assertions="1" time="0.032171"/>
        <testcase name="test_singleton_returns_the_same_instance" file="E:\coupony-backend\tests\Feature\PonyAI\ServiceProviderBindingTest.php" line="19" class="Tests\Feature\PonyAI\ServiceProviderBindingTest" classname="Tests.Feature.PonyAI.ServiceProviderBindingTest" assertions="1" time="0.035377"/>
        <testcase name="test_alias_is_registered" file="E:\coupony-backend\tests\Feature\PonyAI\ServiceProviderBindingTest.php" line="27" class="Tests\Feature\PonyAI\ServiceProviderBindingTest" classname="Tests.Feature.PonyAI.ServiceProviderBindingTest" assertions="1" time="0.067413"/>
        <testcase name="test_http_client_resolves_when_fake_flag_is_off_and_not_testing" file="E:\coupony-backend\tests\Feature\PonyAI\ServiceProviderBindingTest.php" line="35" class="Tests\Feature\PonyAI\ServiceProviderBindingTest" classname="Tests.Feature.PonyAI.ServiceProviderBindingTest" assertions="1" time="0.032106"/>
        <testcase name="test_gemini_ping_command_succeeds_against_fake" file="E:\coupony-backend\tests\Feature\PonyAI\ServiceProviderBindingTest.php" line="49" class="Tests\Feature\PonyAI\ServiceProviderBindingTest" classname="Tests.Feature.PonyAI.ServiceProviderBindingTest" assertions="3" time="0.037869"/>
      </testsuite>
      <testsuite name="Tests\Feature\PonyAI\SignedImageUrlTest" file="E:\coupony-backend\tests\Feature\PonyAI\SignedImageUrlTest.php" tests="6" assertions="23" errors="0" failures="0" skipped="0" time="4.307454">
        <testcase name="test_message_resource_surfaces_a_signed_image_url" file="E:\coupony-backend\tests\Feature\PonyAI\SignedImageUrlTest.php" line="78" class="Tests\Feature\PonyAI\SignedImageUrlTest" classname="Tests.Feature.PonyAI.SignedImageUrlTest" assertions="5" time="0.674576"/>
        <testcase name="test_signed_url_returns_the_stored_image" file="E:\coupony-backend\tests\Feature\PonyAI\SignedImageUrlTest.php" line="88" class="Tests\Feature\PonyAI\SignedImageUrlTest" classname="Tests.Feature.PonyAI.SignedImageUrlTest" assertions="6" time="0.709915"/>
        <testcase name="test_tampering_with_the_signature_returns_403" file="E:\coupony-backend\tests\Feature\PonyAI\SignedImageUrlTest.php" line="107" class="Tests\Feature\PonyAI\SignedImageUrlTest" classname="Tests.Feature.PonyAI.SignedImageUrlTest" assertions="3" time="0.787211"/>
        <testcase name="test_expired_url_returns_403" file="E:\coupony-backend\tests\Feature\PonyAI\SignedImageUrlTest.php" line="117" class="Tests\Feature\PonyAI\SignedImageUrlTest" classname="Tests.Feature.PonyAI.SignedImageUrlTest" assertions="3" time="0.772663"/>
        <testcase name="test_purged_file_returns_404_even_with_valid_signature" file="E:\coupony-backend\tests\Feature\PonyAI\SignedImageUrlTest.php" line="131" class="Tests\Feature\PonyAI\SignedImageUrlTest" classname="Tests.Feature.PonyAI.SignedImageUrlTest" assertions="3" time="0.684077"/>
        <testcase name="test_signed_route_can_be_generated_directly_via_url_helper" file="E:\coupony-backend\tests\Feature\PonyAI\SignedImageUrlTest.php" line="144" class="Tests\Feature\PonyAI\SignedImageUrlTest" classname="Tests.Feature.PonyAI.SignedImageUrlTest" assertions="3" time="0.679011"/>
      </testsuite>
      <testsuite name="Tests\Feature\ProductRevisionRoutesTest" file="E:\coupony-backend\tests\Feature\ProductRevisionRoutesTest.php" tests="22" assertions="16" errors="7" failures="15" skipped="0" time="1.437763">
        <testcase name="test_seller_can_list_and_view_product_revisions" file="E:\coupony-backend\tests\Feature\ProductRevisionRoutesTest.php" line="32" class="Tests\Feature\ProductRevisionRoutesTest" classname="Tests.Feature.ProductRevisionRoutesTest" assertions="1" time="0.056318">
          <failure type="PHPUnit\Framework\ExpectationFailedException">Tests\Feature\ProductRevisionRoutesTest::test_seller_can_list_and_view_product_revisions&#13;
Expected response status code [200] but received 404.
Failed asserting that 404 is identical to 200.
&#13;
E:\coupony-backend\vendor\laravel\framework\src\Illuminate\Testing\TestResponseAssert.php:45
E:\coupony-backend\vendor\laravel\framework\src\Illuminate\Testing\TestResponse.php:174
E:\coupony-backend\vendor\laravel\framework\src\Illuminate\Testing\Concerns\AssertsStatusCodes.php:16
E:\coupony-backend\tests\Feature\ProductRevisionRoutesTest.php:45</failure>
        </testcase>
        <testcase name="test_admin_can_list_pending_revisions_and_approve_one" file="E:\coupony-backend\tests\Feature\ProductRevisionRoutesTest.php" line="60" class="Tests\Feature\ProductRevisionRoutesTest" classname="Tests.Feature.ProductRevisionRoutesTest" assertions="2" time="0.053983">
          <failure type="PHPUnit\Framework\ExpectationFailedException">Tests\Feature\ProductRevisionRoutesTest::test_admin_can_list_pending_revisions_and_approve_one&#13;
Failed to assert that the response count matched the expected 1
Failed asserting that actual size 0 matches expected size 1.
&#13;
E:\coupony-backend\vendor\laravel\framework\src\Illuminate\Testing\AssertableJsonString.php:74
E:\coupony-backend\vendor\laravel\framework\src\Illuminate\Testing\TestResponse.php:1029
E:\coupony-backend\tests\Feature\ProductRevisionRoutesTest.php:75</failure>
        </testcase>
        <testcase name="test_admin_can_reject_pending_revision_with_variant_requested_change_without_changing_live_product" file="E:\coupony-backend\tests\Feature\ProductRevisionRoutesTest.php" line="108" class="Tests\Feature\ProductRevisionRoutesTest" classname="Tests.Feature.ProductRevisionRoutesTest" assertions="1" time="0.094858">
          <failure type="PHPUnit\Framework\ExpectationFailedException">Tests\Feature\ProductRevisionRoutesTest::test_admin_can_reject_pending_revision_with_variant_requested_change_without_changing_live_product&#13;
Expected response status code [200] but received 404.
Failed asserting that 404 is identical to 200.
&#13;
E:\coupony-backend\vendor\laravel\framework\src\Illuminate\Testing\TestResponseAssert.php:45
E:\coupony-backend\vendor\laravel\framework\src\Illuminate\Testing\TestResponse.php:174
E:\coupony-backend\vendor\laravel\framework\src\Illuminate\Testing\Concerns\AssertsStatusCodes.php:16
E:\coupony-backend\tests\Feature\ProductRevisionRoutesTest.php:137</failure>
        </testcase>
        <testcase name="test_admin_can_reject_revision_with_variant_attribute_requested_change" file="E:\coupony-backend\tests\Feature\ProductRevisionRoutesTest.php" line="184" class="Tests\Feature\ProductRevisionRoutesTest" classname="Tests.Feature.ProductRevisionRoutesTest" assertions="1" time="0.059829">
          <failure type="PHPUnit\Framework\ExpectationFailedException">Tests\Feature\ProductRevisionRoutesTest::test_admin_can_reject_revision_with_variant_attribute_requested_change&#13;
Expected response status code [200] but received 404.
Failed asserting that 404 is identical to 200.
&#13;
E:\coupony-backend\vendor\laravel\framework\src\Illuminate\Testing\TestResponseAssert.php:45
E:\coupony-backend\vendor\laravel\framework\src\Illuminate\Testing\TestResponse.php:174
E:\coupony-backend\vendor\laravel\framework\src\Illuminate\Testing\Concerns\AssertsStatusCodes.php:16
E:\coupony-backend\tests\Feature\ProductRevisionRoutesTest.php:214</failure>
        </testcase>
        <testcase name="test_admin_can_reject_revision_with_image_requested_change" file="E:\coupony-backend\tests\Feature\ProductRevisionRoutesTest.php" line="221" class="Tests\Feature\ProductRevisionRoutesTest" classname="Tests.Feature.ProductRevisionRoutesTest" assertions="1" time="0.075614">
          <failure type="PHPUnit\Framework\ExpectationFailedException">Tests\Feature\ProductRevisionRoutesTest::test_admin_can_reject_revision_with_image_requested_change&#13;
Expected response status code [200] but received 404.
Failed asserting that 404 is identical to 200.
&#13;
E:\coupony-backend\vendor\laravel\framework\src\Illuminate\Testing\TestResponseAssert.php:45
E:\coupony-backend\vendor\laravel\framework\src\Illuminate\Testing\TestResponse.php:174
E:\coupony-backend\vendor\laravel\framework\src\Illuminate\Testing\Concerns\AssertsStatusCodes.php:16
E:\coupony-backend\tests\Feature\ProductRevisionRoutesTest.php:248</failure>
        </testcase>
        <testcase name="test_admin_reject_validation_rejects_invalid_field_for_section" file="E:\coupony-backend\tests\Feature\ProductRevisionRoutesTest.php" line="254" class="Tests\Feature\ProductRevisionRoutesTest" classname="Tests.Feature.ProductRevisionRoutesTest" assertions="1" time="0.063636">
          <failure type="PHPUnit\Framework\ExpectationFailedException">Tests\Feature\ProductRevisionRoutesTest::test_admin_reject_validation_rejects_invalid_field_for_section&#13;
Expected response status code [422] but received 404.
Failed asserting that 404 is identical to 422.
&#13;
E:\coupony-backend\vendor\laravel\framework\src\Illuminate\Testing\TestResponseAssert.php:45
E:\coupony-backend\vendor\laravel\framework\src\Illuminate\Testing\TestResponse.php:174
E:\coupony-backend\tests\Feature\ProductRevisionRoutesTest.php:279</failure>
        </testcase>
        <testcase name="test_admin_reject_validation_rejects_direct_only_image_field" file="E:\coupony-backend\tests\Feature\ProductRevisionRoutesTest.php" line="283" class="Tests\Feature\ProductRevisionRoutesTest" classname="Tests.Feature.ProductRevisionRoutesTest" assertions="1" time="0.096983">
          <failure type="PHPUnit\Framework\ExpectationFailedException">Tests\Feature\ProductRevisionRoutesTest::test_admin_reject_validation_rejects_direct_only_image_field&#13;
Expected response status code [422] but received 404.
Failed asserting that 404 is identical to 422.
&#13;
E:\coupony-backend\vendor\laravel\framework\src\Illuminate\Testing\TestResponseAssert.php:45
E:\coupony-backend\vendor\laravel\framework\src\Illuminate\Testing\TestResponse.php:174
E:\coupony-backend\tests\Feature\ProductRevisionRoutesTest.php:308</failure>
        </testcase>
        <testcase name="test_admin_reject_validation_rejects_variant_requested_change_without_selector" file="E:\coupony-backend\tests\Feature\ProductRevisionRoutesTest.php" line="312" class="Tests\Feature\ProductRevisionRoutesTest" classname="Tests.Feature.ProductRevisionRoutesTest" assertions="1" time="0.053803">
          <failure type="PHPUnit\Framework\ExpectationFailedException">Tests\Feature\ProductRevisionRoutesTest::test_admin_reject_validation_rejects_variant_requested_change_without_selector&#13;
Expected response status code [422] but received 404.
Failed asserting that 404 is identical to 422.
&#13;
E:\coupony-backend\vendor\laravel\framework\src\Illuminate\Testing\TestResponseAssert.php:45
E:\coupony-backend\vendor\laravel\framework\src\Illuminate\Testing\TestResponse.php:174
E:\coupony-backend\tests\Feature\ProductRevisionRoutesTest.php:334</failure>
        </testcase>
        <testcase name="test_admin_reject_validation_rejects_variant_attribute_requested_change_without_required_selectors" file="E:\coupony-backend\tests\Feature\ProductRevisionRoutesTest.php" line="338" class="Tests\Feature\ProductRevisionRoutesTest" classname="Tests.Feature.ProductRevisionRoutesTest" assertions="1" time="0.059825">
          <failure type="PHPUnit\Framework\ExpectationFailedException">Tests\Feature\ProductRevisionRoutesTest::test_admin_reject_validation_rejects_variant_attribute_requested_change_without_required_selectors&#13;
Expected response status code [422] but received 404.
Failed asserting that 404 is identical to 422.
&#13;
E:\coupony-backend\vendor\laravel\framework\src\Illuminate\Testing\TestResponseAssert.php:45
E:\coupony-backend\vendor\laravel\framework\src\Illuminate\Testing\TestResponse.php:174
E:\coupony-backend\tests\Feature\ProductRevisionRoutesTest.php:360</failure>
        </testcase>
        <testcase name="test_admin_reject_validation_rejects_title_as_requested_change_section" file="E:\coupony-backend\tests\Feature\ProductRevisionRoutesTest.php" line="367" class="Tests\Feature\ProductRevisionRoutesTest" classname="Tests.Feature.ProductRevisionRoutesTest" assertions="1" time="0.056917">
          <failure type="PHPUnit\Framework\ExpectationFailedException">Tests\Feature\ProductRevisionRoutesTest::test_admin_reject_validation_rejects_title_as_requested_change_section&#13;
Expected response status code [422] but received 404.
Failed asserting that 404 is identical to 422.
&#13;
E:\coupony-backend\vendor\laravel\framework\src\Illuminate\Testing\TestResponseAssert.php:45
E:\coupony-backend\vendor\laravel\framework\src\Illuminate\Testing\TestResponse.php:174
E:\coupony-backend\tests\Feature\ProductRevisionRoutesTest.php:389</failure>
        </testcase>
        <testcase name="test_seller_update_after_approval_creates_pending_revision_and_keeps_live_data" file="E:\coupony-backend\tests\Feature\ProductRevisionRoutesTest.php" line="393" class="Tests\Feature\ProductRevisionRoutesTest" classname="Tests.Feature.ProductRevisionRoutesTest" assertions="1" time="0.085475">
          <failure type="PHPUnit\Framework\ExpectationFailedException">Tests\Feature\ProductRevisionRoutesTest::test_seller_update_after_approval_creates_pending_revision_and_keeps_live_data&#13;
Expected response status code [200] but received 405.
Failed asserting that 405 is identical to 200.
&#13;
E:\coupony-backend\vendor\laravel\framework\src\Illuminate\Testing\TestResponseAssert.php:45
E:\coupony-backend\vendor\laravel\framework\src\Illuminate\Testing\TestResponse.php:174
E:\coupony-backend\vendor\laravel\framework\src\Illuminate\Testing\Concerns\AssertsStatusCodes.php:16
E:\coupony-backend\tests\Feature\ProductRevisionRoutesTest.php:413</failure>
        </testcase>
        <testcase name="test_seller_index_includes_requested_changes_from_latest_rejected_revision" file="E:\coupony-backend\tests\Feature\ProductRevisionRoutesTest.php" line="447" class="Tests\Feature\ProductRevisionRoutesTest" classname="Tests.Feature.ProductRevisionRoutesTest" assertions="1" time="0.053822">
          <failure type="PHPUnit\Framework\ExpectationFailedException">Tests\Feature\ProductRevisionRoutesTest::test_seller_index_includes_requested_changes_from_latest_rejected_revision&#13;
Expected response status code [200] but received 404.
Failed asserting that 404 is identical to 200.
&#13;
E:\coupony-backend\vendor\laravel\framework\src\Illuminate\Testing\TestResponseAssert.php:45
E:\coupony-backend\vendor\laravel\framework\src\Illuminate\Testing\TestResponse.php:174
E:\coupony-backend\vendor\laravel\framework\src\Illuminate\Testing\Concerns\AssertsStatusCodes.php:16
E:\coupony-backend\tests\Feature\ProductRevisionRoutesTest.php:476</failure>
        </testcase>
        <testcase name="test_seller_update_with_direct_only_field_updates_live_product_without_pending_revision" file="E:\coupony-backend\tests\Feature\ProductRevisionRoutesTest.php" line="487" class="Tests\Feature\ProductRevisionRoutesTest" classname="Tests.Feature.ProductRevisionRoutesTest" assertions="0" time="0.055579">
          <error type="Illuminate\Database\Eloquent\ModelNotFoundException">Tests\Feature\ProductRevisionRoutesTest::test_seller_update_with_direct_only_field_updates_live_product_without_pending_revision&#13;
Illuminate\Database\Eloquent\ModelNotFoundException: No query results for model [App\Domain\Product\Models\Product].
&#13;
E:\coupony-backend\vendor\laravel\framework\src\Illuminate\Database\Eloquent\Builder.php:630
E:\coupony-backend\tests\Feature\ProductRevisionRoutesTest.php:502</error>
        </testcase>
        <testcase name="test_approved_top_level_direct_fields_update_live_without_pending_revision" file="E:\coupony-backend\tests\Feature\ProductRevisionRoutesTest.php" line="522" class="Tests\Feature\ProductRevisionRoutesTest" classname="Tests.Feature.ProductRevisionRoutesTest" assertions="0" time="0.053644">
          <error type="Illuminate\Database\Eloquent\ModelNotFoundException">Tests\Feature\ProductRevisionRoutesTest::test_approved_top_level_direct_fields_update_live_without_pending_revision&#13;
Illuminate\Database\Eloquent\ModelNotFoundException: No query results for model [App\Domain\Product\Models\Product].
&#13;
E:\coupony-backend\vendor\laravel\framework\src\Illuminate\Database\Eloquent\Builder.php:630
E:\coupony-backend\tests\Feature\ProductRevisionRoutesTest.php:537</error>
        </testcase>
        <testcase name="test_approved_variant_direct_only_fields_update_live_without_pending_revision" file="E:\coupony-backend\tests\Feature\ProductRevisionRoutesTest.php" line="556" class="Tests\Feature\ProductRevisionRoutesTest" classname="Tests.Feature.ProductRevisionRoutesTest" assertions="0" time="0.083321">
          <error type="Illuminate\Database\Eloquent\ModelNotFoundException">Tests\Feature\ProductRevisionRoutesTest::test_approved_variant_direct_only_fields_update_live_without_pending_revision&#13;
Illuminate\Database\Eloquent\ModelNotFoundException: No query results for model [App\Domain\Product\Models\Product].
&#13;
E:\coupony-backend\vendor\laravel\framework\src\Illuminate\Database\Eloquent\Builder.php:630
E:\coupony-backend\tests\Feature\ProductRevisionRoutesTest.php:571</error>
        </testcase>
        <testcase name="test_approved_variant_reviewable_field_creates_pending_revision" file="E:\coupony-backend\tests\Feature\ProductRevisionRoutesTest.php" line="632" class="Tests\Feature\ProductRevisionRoutesTest" classname="Tests.Feature.ProductRevisionRoutesTest" assertions="0" time="0.055303">
          <error type="Illuminate\Database\Eloquent\ModelNotFoundException">Tests\Feature\ProductRevisionRoutesTest::test_approved_variant_reviewable_field_creates_pending_revision&#13;
Illuminate\Database\Eloquent\ModelNotFoundException: No query results for model [App\Domain\Product\Models\Product].
&#13;
E:\coupony-backend\vendor\laravel\framework\src\Illuminate\Database\Eloquent\Builder.php:630
E:\coupony-backend\tests\Feature\ProductRevisionRoutesTest.php:647</error>
        </testcase>
        <testcase name="test_approved_variant_mixed_fields_apply_direct_values_live_and_reviewable_values_to_revision" file="E:\coupony-backend\tests\Feature\ProductRevisionRoutesTest.php" line="702" class="Tests\Feature\ProductRevisionRoutesTest" classname="Tests.Feature.ProductRevisionRoutesTest" assertions="1" time="0.062574">
          <failure type="PHPUnit\Framework\ExpectationFailedException">Tests\Feature\ProductRevisionRoutesTest::test_approved_variant_mixed_fields_apply_direct_values_live_and_reviewable_values_to_revision&#13;
Expected response status code [200] but received 405.
Failed asserting that 405 is identical to 200.
&#13;
E:\coupony-backend\vendor\laravel\framework\src\Illuminate\Testing\TestResponseAssert.php:45
E:\coupony-backend\vendor\laravel\framework\src\Illuminate\Testing\TestResponse.php:174
E:\coupony-backend\vendor\laravel\framework\src\Illuminate\Testing\Concerns\AssertsStatusCodes.php:16
E:\coupony-backend\tests\Feature\ProductRevisionRoutesTest.php:759</failure>
        </testcase>
        <testcase name="test_approved_image_metadata_updates_live_without_pending_revision" file="E:\coupony-backend\tests\Feature\ProductRevisionRoutesTest.php" line="767" class="Tests\Feature\ProductRevisionRoutesTest" classname="Tests.Feature.ProductRevisionRoutesTest" assertions="0" time="0.057130">
          <error type="Illuminate\Database\Eloquent\ModelNotFoundException">Tests\Feature\ProductRevisionRoutesTest::test_approved_image_metadata_updates_live_without_pending_revision&#13;
Illuminate\Database\Eloquent\ModelNotFoundException: No query results for model [App\Domain\Product\Models\Product].
&#13;
E:\coupony-backend\vendor\laravel\framework\src\Illuminate\Database\Eloquent\Builder.php:630
E:\coupony-backend\tests\Feature\ProductRevisionRoutesTest.php:782</error>
        </testcase>
        <testcase name="test_approved_image_file_change_creates_pending_revision" file="E:\coupony-backend\tests\Feature\ProductRevisionRoutesTest.php" line="800" class="Tests\Feature\ProductRevisionRoutesTest" classname="Tests.Feature.ProductRevisionRoutesTest" assertions="0" time="0.094071">
          <error type="Illuminate\Database\Eloquent\ModelNotFoundException">Tests\Feature\ProductRevisionRoutesTest::test_approved_image_file_change_creates_pending_revision&#13;
Illuminate\Database\Eloquent\ModelNotFoundException: No query results for model [App\Domain\Product\Models\Product].
&#13;
E:\coupony-backend\vendor\laravel\framework\src\Illuminate\Database\Eloquent\Builder.php:630
E:\coupony-backend\tests\Feature\ProductRevisionRoutesTest.php:815</error>
        </testcase>
        <testcase name="test_approved_mixed_image_update_applies_metadata_live_and_keeps_file_pending" file="E:\coupony-backend\tests\Feature\ProductRevisionRoutesTest.php" line="840" class="Tests\Feature\ProductRevisionRoutesTest" classname="Tests.Feature.ProductRevisionRoutesTest" assertions="0" time="0.052895">
          <error type="Illuminate\Database\Eloquent\ModelNotFoundException">Tests\Feature\ProductRevisionRoutesTest::test_approved_mixed_image_update_applies_metadata_live_and_keeps_file_pending&#13;
Illuminate\Database\Eloquent\ModelNotFoundException: No query results for model [App\Domain\Product\Models\Product].
&#13;
E:\coupony-backend\vendor\laravel\framework\src\Illuminate\Database\Eloquent\Builder.php:630
E:\coupony-backend\tests\Feature\ProductRevisionRoutesTest.php:855</error>
        </testcase>
        <testcase name="test_seller_update_with_mixed_fields_updates_direct_field_and_creates_review_revision" file="E:\coupony-backend\tests\Feature\ProductRevisionRoutesTest.php" line="882" class="Tests\Feature\ProductRevisionRoutesTest" classname="Tests.Feature.ProductRevisionRoutesTest" assertions="1" time="0.056385">
          <failure type="PHPUnit\Framework\ExpectationFailedException">Tests\Feature\ProductRevisionRoutesTest::test_seller_update_with_mixed_fields_updates_direct_field_and_creates_review_revision&#13;
Expected response status code [200] but received 405.
Failed asserting that 405 is identical to 200.
&#13;
E:\coupony-backend\vendor\laravel\framework\src\Illuminate\Testing\TestResponseAssert.php:45
E:\coupony-backend\vendor\laravel\framework\src\Illuminate\Testing\TestResponse.php:174
E:\coupony-backend\vendor\laravel\framework\src\Illuminate\Testing\Concerns\AssertsStatusCodes.php:16
E:\coupony-backend\tests\Feature\ProductRevisionRoutesTest.php:902</failure>
        </testcase>
        <testcase name="test_slug_update_does_not_apply_directly_when_unclassified" file="E:\coupony-backend\tests\Feature\ProductRevisionRoutesTest.php" line="921" class="Tests\Feature\ProductRevisionRoutesTest" classname="Tests.Feature.ProductRevisionRoutesTest" assertions="1" time="0.055799">
          <failure type="PHPUnit\Framework\ExpectationFailedException">Tests\Feature\ProductRevisionRoutesTest::test_slug_update_does_not_apply_directly_when_unclassified&#13;
Expected response status code [200] but received 405.
Failed asserting that 405 is identical to 200.
&#13;
E:\coupony-backend\vendor\laravel\framework\src\Illuminate\Testing\TestResponseAssert.php:45
E:\coupony-backend\vendor\laravel\framework\src\Illuminate\Testing\TestResponse.php:174
E:\coupony-backend\vendor\laravel\framework\src\Illuminate\Testing\Concerns\AssertsStatusCodes.php:16
E:\coupony-backend\tests\Feature\ProductRevisionRoutesTest.php:944</failure>
        </testcase>
      </testsuite>
      <testsuite name="Tests\Feature\ProductShareTest" file="E:\coupony-backend\tests\Feature\ProductShareTest.php" tests="6" assertions="12" errors="0" failures="0" skipped="0" time="0.309980">
        <testcase name="test_authenticated_user_can_record_share_with_valid_platform" file="E:\coupony-backend\tests\Feature\ProductShareTest.php" line="15" class="Tests\Feature\ProductShareTest" classname="Tests.Feature.ProductShareTest" assertions="2" time="0.074705"/>
        <testcase name="test_share_is_persisted_with_correct_data" file="E:\coupony-backend\tests\Feature\ProductShareTest.php" line="29" class="Tests\Feature\ProductShareTest" classname="Tests.Feature.ProductShareTest" assertions="1" time="0.046784"/>
        <testcase name="test_platform_is_optional" file="E:\coupony-backend\tests\Feature\ProductShareTest.php" line="46" class="Tests\Feature\ProductShareTest" classname="Tests.Feature.ProductShareTest" assertions="3" time="0.045271"/>
        <testcase name="test_invalid_platform_returns_422" file="E:\coupony-backend\tests\Feature\ProductShareTest.php" line="61" class="Tests\Feature\ProductShareTest" classname="Tests.Feature.ProductShareTest" assertions="3" time="0.045553"/>
        <testcase name="test_unauthenticated_request_returns_401" file="E:\coupony-backend\tests\Feature\ProductShareTest.php" line="75" class="Tests\Feature\ProductShareTest" classname="Tests.Feature.ProductShareTest" assertions="1" time="0.042820"/>
        <testcase name="test_multiple_shares_from_same_user_are_allowed" file="E:\coupony-backend\tests\Feature\ProductShareTest.php" line="86" class="Tests\Feature\ProductShareTest" classname="Tests.Feature.ProductShareTest" assertions="2" time="0.054846"/>
      </testsuite>
      <testsuite name="Tests\Feature\ProductTest" file="E:\coupony-backend\tests\Feature\ProductTest.php" tests="71" assertions="275" errors="0" failures="22" skipped="0" time="4.889402">
        <testcase name="test_seller_can_create_product_for_own_store" file="E:\coupony-backend\tests\Feature\ProductTest.php" line="45" class="Tests\Feature\ProductTest" classname="Tests.Feature.ProductTest" assertions="1" time="0.049310">
          <failure type="PHPUnit\Framework\ExpectationFailedException">Tests\Feature\ProductTest::test_seller_can_create_product_for_own_store&#13;
Expected response status code [201] but received 403.
Failed asserting that 403 is identical to 201.
&#13;
E:\coupony-backend\vendor\laravel\framework\src\Illuminate\Testing\TestResponseAssert.php:45
E:\coupony-backend\vendor\laravel\framework\src\Illuminate\Testing\TestResponse.php:174
E:\coupony-backend\vendor\laravel\framework\src\Illuminate\Testing\Concerns\AssertsStatusCodes.php:26
E:\coupony-backend\tests\Feature\ProductTest.php:56</failure>
        </testcase>
        <testcase name="test_seller_cannot_create_product_for_another_sellers_store" file="E:\coupony-backend\tests\Feature\ProductTest.php" line="86" class="Tests\Feature\ProductTest" classname="Tests.Feature.ProductTest" assertions="1" time="0.089321"/>
        <testcase name="test_seller_can_list_own_store_products" file="E:\coupony-backend\tests\Feature\ProductTest.php" line="101" class="Tests\Feature\ProductTest" classname="Tests.Feature.ProductTest" assertions="3" time="0.084753"/>
        <testcase name="test_seller_can_view_own_product" file="E:\coupony-backend\tests\Feature\ProductTest.php" line="118" class="Tests\Feature\ProductTest" classname="Tests.Feature.ProductTest" assertions="2" time="0.100028"/>
        <testcase name="test_seller_can_update_own_product" file="E:\coupony-backend\tests\Feature\ProductTest.php" line="131" class="Tests\Feature\ProductTest" classname="Tests.Feature.ProductTest" assertions="5" time="0.091778"/>
        <testcase name="test_seller_cannot_update_another_stores_product" file="E:\coupony-backend\tests\Feature\ProductTest.php" line="164" class="Tests\Feature\ProductTest" classname="Tests.Feature.ProductTest" assertions="1" time="0.061645"/>
        <testcase name="test_seller_can_delete_own_product" file="E:\coupony-backend\tests\Feature\ProductTest.php" line="179" class="Tests\Feature\ProductTest" classname="Tests.Feature.ProductTest" assertions="4" time="0.061637"/>
        <testcase name="test_public_list_only_returns_active_products" file="E:\coupony-backend\tests\Feature\ProductTest.php" line="196" class="Tests\Feature\ProductTest" classname="Tests.Feature.ProductTest" assertions="5" time="0.104193"/>
        <testcase name="test_public_store_list_only_returns_active_products_for_that_store" file="E:\coupony-backend\tests\Feature\ProductTest.php" line="210" class="Tests\Feature\ProductTest" classname="Tests.Feature.ProductTest" assertions="5" time="0.058066"/>
        <testcase name="test_public_show_rejects_non_active_products" file="E:\coupony-backend\tests\Feature\ProductTest.php" line="239" class="Tests\Feature\ProductTest" classname="Tests.Feature.ProductTest" assertions="2" time="0.047742"/>
        <testcase name="test_public_show_rejects_non_approved_products" file="E:\coupony-backend\tests\Feature\ProductTest.php" line="249" class="Tests\Feature\ProductTest" classname="Tests.Feature.ProductTest" assertions="2" time="0.047337"/>
        <testcase name="test_product_resource_matches_final_contract" file="E:\coupony-backend\tests\Feature\ProductTest.php" line="261" class="Tests\Feature\ProductTest" classname="Tests.Feature.ProductTest" assertions="21" time="0.063686"/>
        <testcase name="test_authenticated_user_can_like_a_product" file="E:\coupony-backend\tests\Feature\ProductTest.php" line="301" class="Tests\Feature\ProductTest" classname="Tests.Feature.ProductTest" assertions="5" time="0.055015"/>
        <testcase name="test_customer_can_favorite_a_product" file="E:\coupony-backend\tests\Feature\ProductTest.php" line="320" class="Tests\Feature\ProductTest" classname="Tests.Feature.ProductTest" assertions="4" time="0.053773"/>
        <testcase name="test_seller_can_favorite_own_product" file="E:\coupony-backend\tests\Feature\ProductTest.php" line="338" class="Tests\Feature\ProductTest" classname="Tests.Feature.ProductTest" assertions="4" time="0.047402"/>
        <testcase name="test_duplicate_favorite_requests_do_not_create_duplicate_rows" file="E:\coupony-backend\tests\Feature\ProductTest.php" line="357" class="Tests\Feature\ProductTest" classname="Tests.Feature.ProductTest" assertions="4" time="0.085836"/>
        <testcase name="test_authenticated_user_can_unfavorite_a_product" file="E:\coupony-backend\tests\Feature\ProductTest.php" line="374" class="Tests\Feature\ProductTest" classname="Tests.Feature.ProductTest" assertions="4" time="0.050320"/>
        <testcase name="test_duplicate_unfavorite_requests_are_idempotent" file="E:\coupony-backend\tests\Feature\ProductTest.php" line="397" class="Tests\Feature\ProductTest" classname="Tests.Feature.ProductTest" assertions="4" time="0.053497"/>
        <testcase name="test_cannot_favorite_inactive_or_unapproved_products" file="E:\coupony-backend\tests\Feature\ProductTest.php" line="419" class="Tests\Feature\ProductTest" classname="Tests.Feature.ProductTest" assertions="3" time="0.057709"/>
        <testcase name="test_duplicate_like_requests_do_not_create_duplicate_rows" file="E:\coupony-backend\tests\Feature\ProductTest.php" line="438" class="Tests\Feature\ProductTest" classname="Tests.Feature.ProductTest" assertions="5" time="0.078701"/>
        <testcase name="test_authenticated_user_can_unlike_a_product" file="E:\coupony-backend\tests\Feature\ProductTest.php" line="456" class="Tests\Feature\ProductTest" classname="Tests.Feature.ProductTest" assertions="5" time="0.067251"/>
        <testcase name="test_duplicate_unlike_requests_are_idempotent" file="E:\coupony-backend\tests\Feature\ProductTest.php" line="480" class="Tests\Feature\ProductTest" classname="Tests.Feature.ProductTest" assertions="5" time="0.076027"/>
        <testcase name="test_public_product_responses_include_like_metadata_for_authenticated_and_anonymous_users" file="E:\coupony-backend\tests\Feature\ProductTest.php" line="503" class="Tests\Feature\ProductTest" classname="Tests.Feature.ProductTest" assertions="9" time="0.128389"/>
        <testcase name="test_product_responses_include_favorite_metadata_for_authenticated_and_anonymous_users" file="E:\coupony-backend\tests\Feature\ProductTest.php" line="532" class="Tests\Feature\ProductTest" classname="Tests.Feature.ProductTest" assertions="6" time="0.082781"/>
        <testcase name="test_authenticated_user_can_list_favorite_products_in_latest_favorite_order" file="E:\coupony-backend\tests\Feature\ProductTest.php" line="558" class="Tests\Feature\ProductTest" classname="Tests.Feature.ProductTest" assertions="7" time="0.078212"/>
        <testcase name="test_authenticated_user_can_fetch_product_recommendations" file="E:\coupony-backend\tests\Feature\ProductTest.php" line="581" class="Tests\Feature\ProductTest" classname="Tests.Feature.ProductTest" assertions="5" time="0.073259"/>
        <testcase name="test_recommendations_preserve_ml_rank_order" file="E:\coupony-backend\tests\Feature\ProductTest.php" line="612" class="Tests\Feature\ProductTest" classname="Tests.Feature.ProductTest" assertions="3" time="0.079636"/>
        <testcase name="test_recommendations_filter_non_public_products_returned_by_ml" file="E:\coupony-backend\tests\Feature\ProductTest.php" line="636" class="Tests\Feature\ProductTest" classname="Tests.Feature.ProductTest" assertions="3" time="0.079123"/>
        <testcase name="test_recommendations_exclude_seed_products_even_if_ml_returns_them" file="E:\coupony-backend\tests\Feature\ProductTest.php" line="661" class="Tests\Feature\ProductTest" classname="Tests.Feature.ProductTest" assertions="3" time="0.125599"/>
        <testcase name="test_recommendations_top_up_with_popular_fallback_when_ml_returns_too_few_products" file="E:\coupony-backend\tests\Feature\ProductTest.php" line="684" class="Tests\Feature\ProductTest" classname="Tests.Feature.ProductTest" assertions="4" time="0.097583"/>
        <testcase name="test_recommendations_fall_back_to_popular_products_when_ml_service_fails" file="E:\coupony-backend\tests\Feature\ProductTest.php" line="716" class="Tests\Feature\ProductTest" classname="Tests.Feature.ProductTest" assertions="3" time="0.082461"/>
        <testcase name="test_recommendations_fall_back_when_ml_returns_invalid_payload_or_empty_results" file="E:\coupony-backend\tests\Feature\ProductTest.php" line="743" class="Tests\Feature\ProductTest" classname="Tests.Feature.ProductTest" assertions="4" time="0.085882"/>
        <testcase name="test_recommendations_fall_back_when_ml_request_times_out" file="E:\coupony-backend\tests\Feature\ProductTest.php" line="778" class="Tests\Feature\ProductTest" classname="Tests.Feature.ProductTest" assertions="2" time="0.071481"/>
        <testcase name="test_recommendations_skip_ml_when_personalization_is_disabled" file="E:\coupony-backend\tests\Feature\ProductTest.php" line="800" class="Tests\Feature\ProductTest" classname="Tests.Feature.ProductTest" assertions="3" time="0.065687"/>
        <testcase name="test_recommendation_seed_excludes_views_when_browsing_history_tracking_is_disabled" file="E:\coupony-backend\tests\Feature\ProductTest.php" line="822" class="Tests\Feature\ProductTest" classname="Tests.Feature.ProductTest" assertions="4" time="0.102247"/>
        <testcase name="test_recommendation_seed_uses_recent_interactions_ordered_by_recency" file="E:\coupony-backend\tests\Feature\ProductTest.php" line="855" class="Tests\Feature\ProductTest" classname="Tests.Feature.ProductTest" assertions="4" time="0.081622"/>
        <testcase name="test_anonymous_users_cannot_access_product_recommendations" file="E:\coupony-backend\tests\Feature\ProductTest.php" line="890" class="Tests\Feature\ProductTest" classname="Tests.Feature.ProductTest" assertions="1" time="0.047383"/>
        <testcase name="test_user_can_list_only_their_liked_products" file="E:\coupony-backend\tests\Feature\ProductTest.php" line="896" class="Tests\Feature\ProductTest" classname="Tests.Feature.ProductTest" assertions="5" time="0.079872"/>
        <testcase name="test_non_public_products_cannot_be_liked" file="E:\coupony-backend\tests\Feature\ProductTest.php" line="932" class="Tests\Feature\ProductTest" classname="Tests.Feature.ProductTest" assertions="3" time="0.056342"/>
        <testcase name="test_authenticated_user_can_create_one_product_review_and_rating_summary_updates" file="E:\coupony-backend\tests\Feature\ProductTest.php" line="951" class="Tests\Feature\ProductTest" classname="Tests.Feature.ProductTest" assertions="10" time="0.059051"/>
        <testcase name="test_product_review_validation_and_public_product_gate" file="E:\coupony-backend\tests\Feature\ProductTest.php" line="989" class="Tests\Feature\ProductTest" classname="Tests.Feature.ProductTest" assertions="5" time="0.059709"/>
        <testcase name="test_nested_replies_are_returned_with_public_comments" file="E:\coupony-backend\tests\Feature\ProductTest.php" line="1013" class="Tests\Feature\ProductTest" classname="Tests.Feature.ProductTest" assertions="8" time="0.110325"/>
        <testcase name="test_comment_like_and_unlike_are_idempotent" file="E:\coupony-backend\tests\Feature\ProductTest.php" line="1049" class="Tests\Feature\ProductTest" classname="Tests.Feature.ProductTest" assertions="11" time="0.064804"/>
        <testcase name="test_owner_updates_deletes_and_admin_hides_comments_with_rating_recalculation" file="E:\coupony-backend\tests\Feature\ProductTest.php" line="1085" class="Tests\Feature\ProductTest" classname="Tests.Feature.ProductTest" assertions="13" time="0.087975"/>
        <testcase name="test_category_sync_works" file="E:\coupony-backend\tests\Feature\ProductTest.php" line="1142" class="Tests\Feature\ProductTest" classname="Tests.Feature.ProductTest" assertions="1" time="0.051411">
          <failure type="PHPUnit\Framework\ExpectationFailedException">Tests\Feature\ProductTest::test_category_sync_works&#13;
Failed asserting that table [product_categories] matches expected entries count of 2. Entries found: 0.
.
&#13;
E:\coupony-backend\vendor\laravel\framework\src\Illuminate\Foundation\Testing\Concerns\InteractsWithDatabase.php:94
E:\coupony-backend\tests\Feature\ProductTest.php:1155</failure>
        </testcase>
        <testcase name="test_seller_create_without_slug_and_sku_generates_identifiers_for_product_and_variants" file="E:\coupony-backend\tests\Feature\ProductTest.php" line="1166" class="Tests\Feature\ProductTest" classname="Tests.Feature.ProductTest" assertions="1" time="0.057906">
          <failure type="PHPUnit\Framework\ExpectationFailedException">Tests\Feature\ProductTest::test_seller_create_without_slug_and_sku_generates_identifiers_for_product_and_variants&#13;
Expected response status code [201] but received 403.
Failed asserting that 403 is identical to 201.
&#13;
E:\coupony-backend\vendor\laravel\framework\src\Illuminate\Testing\TestResponseAssert.php:45
E:\coupony-backend\vendor\laravel\framework\src\Illuminate\Testing\TestResponse.php:174
E:\coupony-backend\vendor\laravel\framework\src\Illuminate\Testing\Concerns\AssertsStatusCodes.php:26
E:\coupony-backend\tests\Feature\ProductTest.php:1210</failure>
        </testcase>
        <testcase name="test_variant_creation_works" file="E:\coupony-backend\tests\Feature\ProductTest.php" line="1225" class="Tests\Feature\ProductTest" classname="Tests.Feature.ProductTest" assertions="1" time="0.071709">
          <failure type="PHPUnit\Framework\ExpectationFailedException">Tests\Feature\ProductTest::test_variant_creation_works&#13;
Failed asserting that a row in the table [product_variants] matches the attributes {
    "product_id": null,
    "title": "Red \/ XL",
    "sku": "SKU-001-RED-XL",
    "original_price": 110,
    "price": 95,
    "compare_at_price": 110,
    "is_default": true,
    "inventory_mode": "tracked",
    "stock_qty": 8,
    "low_stock_threshold": 2,
    "allow_backorder": false
}.

The table is empty.
&#13;
E:\coupony-backend\vendor\laravel\framework\src\Illuminate\Foundation\Testing\Concerns\InteractsWithDatabase.php:43
E:\coupony-backend\tests\Feature\ProductTest.php:1238</failure>
        </testcase>
        <testcase name="test_only_one_default_variant_is_enforced" file="E:\coupony-backend\tests\Feature\ProductTest.php" line="1261" class="Tests\Feature\ProductTest" classname="Tests.Feature.ProductTest" assertions="1" time="0.082138">
          <failure type="PHPUnit\Framework\ExpectationFailedException">Tests\Feature\ProductTest::test_only_one_default_variant_is_enforced&#13;
Expected response status code [422] but received 403.
Failed asserting that 403 is identical to 422.
&#13;
E:\coupony-backend\vendor\laravel\framework\src\Illuminate\Testing\TestResponseAssert.php:45
E:\coupony-backend\vendor\laravel\framework\src\Illuminate\Testing\TestResponse.php:174
E:\coupony-backend\tests\Feature\ProductTest.php:1300</failure>
        </testcase>
        <testcase name="test_product_offer_is_required_on_create" file="E:\coupony-backend\tests\Feature\ProductTest.php" line="1304" class="Tests\Feature\ProductTest" classname="Tests.Feature.ProductTest" assertions="1" time="0.096315">
          <failure type="PHPUnit\Framework\ExpectationFailedException">Tests\Feature\ProductTest::test_product_offer_is_required_on_create&#13;
Expected response status code [422] but received 403.
Failed asserting that 403 is identical to 422.
&#13;
E:\coupony-backend\vendor\laravel\framework\src\Illuminate\Testing\TestResponseAssert.php:45
E:\coupony-backend\vendor\laravel\framework\src\Illuminate\Testing\TestResponse.php:174
E:\coupony-backend\tests\Feature\ProductTest.php:1315</failure>
        </testcase>
        <testcase name="test_fixed_offer_requires_fixed_amount" file="E:\coupony-backend\tests\Feature\ProductTest.php" line="1319" class="Tests\Feature\ProductTest" classname="Tests.Feature.ProductTest" assertions="1" time="0.047676">
          <failure type="PHPUnit\Framework\ExpectationFailedException">Tests\Feature\ProductTest::test_fixed_offer_requires_fixed_amount&#13;
Expected response status code [422] but received 403.
Failed asserting that 403 is identical to 422.
&#13;
E:\coupony-backend\vendor\laravel\framework\src\Illuminate\Testing\TestResponseAssert.php:45
E:\coupony-backend\vendor\laravel\framework\src\Illuminate\Testing\TestResponse.php:174
E:\coupony-backend\tests\Feature\ProductTest.php:1334</failure>
        </testcase>
        <testcase name="test_percentage_offer_requires_percentage_value" file="E:\coupony-backend\tests\Feature\ProductTest.php" line="1338" class="Tests\Feature\ProductTest" classname="Tests.Feature.ProductTest" assertions="1" time="0.047563">
          <failure type="PHPUnit\Framework\ExpectationFailedException">Tests\Feature\ProductTest::test_percentage_offer_requires_percentage_value&#13;
Expected response status code [422] but received 403.
Failed asserting that 403 is identical to 422.
&#13;
E:\coupony-backend\vendor\laravel\framework\src\Illuminate\Testing\TestResponseAssert.php:45
E:\coupony-backend\vendor\laravel\framework\src\Illuminate\Testing\TestResponse.php:174
E:\coupony-backend\tests\Feature\ProductTest.php:1355</failure>
        </testcase>
        <testcase name="test_fixed_offer_resolves_variant_prices_from_original_price" file="E:\coupony-backend\tests\Feature\ProductTest.php" line="1359" class="Tests\Feature\ProductTest" classname="Tests.Feature.ProductTest" assertions="1" time="0.044729">
          <failure type="PHPUnit\Framework\ExpectationFailedException">Tests\Feature\ProductTest::test_fixed_offer_resolves_variant_prices_from_original_price&#13;
Expected response status code [201] but received 403.
Failed asserting that 403 is identical to 201.
&#13;
E:\coupony-backend\vendor\laravel\framework\src\Illuminate\Testing\TestResponseAssert.php:45
E:\coupony-backend\vendor\laravel\framework\src\Illuminate\Testing\TestResponse.php:174
E:\coupony-backend\vendor\laravel\framework\src\Illuminate\Testing\Concerns\AssertsStatusCodes.php:26
E:\coupony-backend\tests\Feature\ProductTest.php:1374</failure>
        </testcase>
        <testcase name="test_percentage_offer_resolves_variant_prices_from_original_price" file="E:\coupony-backend\tests\Feature\ProductTest.php" line="1380" class="Tests\Feature\ProductTest" classname="Tests.Feature.ProductTest" assertions="1" time="0.048301">
          <failure type="PHPUnit\Framework\ExpectationFailedException">Tests\Feature\ProductTest::test_percentage_offer_resolves_variant_prices_from_original_price&#13;
Expected response status code [201] but received 403.
Failed asserting that 403 is identical to 201.
&#13;
E:\coupony-backend\vendor\laravel\framework\src\Illuminate\Testing\TestResponseAssert.php:45
E:\coupony-backend\vendor\laravel\framework\src\Illuminate\Testing\TestResponse.php:174
E:\coupony-backend\vendor\laravel\framework\src\Illuminate\Testing\Concerns\AssertsStatusCodes.php:26
E:\coupony-backend\tests\Feature\ProductTest.php:1397</failure>
        </testcase>
        <testcase name="test_negative_fixed_offer_final_price_is_rejected" file="E:\coupony-backend\tests\Feature\ProductTest.php" line="1403" class="Tests\Feature\ProductTest" classname="Tests.Feature.ProductTest" assertions="1" time="0.046060">
          <failure type="PHPUnit\Framework\ExpectationFailedException">Tests\Feature\ProductTest::test_negative_fixed_offer_final_price_is_rejected&#13;
Expected response status code [422] but received 403.
Failed asserting that 403 is identical to 422.
&#13;
E:\coupony-backend\vendor\laravel\framework\src\Illuminate\Testing\TestResponseAssert.php:45
E:\coupony-backend\vendor\laravel\framework\src\Illuminate\Testing\TestResponse.php:174
E:\coupony-backend\tests\Feature\ProductTest.php:1436</failure>
        </testcase>
        <testcase name="test_buy_x_get_y_keeps_reference_pricing_behavior" file="E:\coupony-backend\tests\Feature\ProductTest.php" line="1440" class="Tests\Feature\ProductTest" classname="Tests.Feature.ProductTest" assertions="1" time="0.046376">
          <failure type="PHPUnit\Framework\ExpectationFailedException">Tests\Feature\ProductTest::test_buy_x_get_y_keeps_reference_pricing_behavior&#13;
Expected response status code [201] but received 403.
Failed asserting that 403 is identical to 201.
&#13;
E:\coupony-backend\vendor\laravel\framework\src\Illuminate\Testing\TestResponseAssert.php:45
E:\coupony-backend\vendor\laravel\framework\src\Illuminate\Testing\TestResponse.php:174
E:\coupony-backend\vendor\laravel\framework\src\Illuminate\Testing\Concerns\AssertsStatusCodes.php:26
E:\coupony-backend\tests\Feature\ProductTest.php:1460</failure>
        </testcase>
        <testcase name="test_buy_x_get_y_offer_accepts_generated_variant_skus_on_seller_create" file="E:\coupony-backend\tests\Feature\ProductTest.php" line="1466" class="Tests\Feature\ProductTest" classname="Tests.Feature.ProductTest" assertions="1" time="0.084048">
          <failure type="PHPUnit\Framework\ExpectationFailedException">Tests\Feature\ProductTest::test_buy_x_get_y_offer_accepts_generated_variant_skus_on_seller_create&#13;
Expected response status code [201] but received 403.
Failed asserting that 403 is identical to 201.
&#13;
E:\coupony-backend\vendor\laravel\framework\src\Illuminate\Testing\TestResponseAssert.php:45
E:\coupony-backend\vendor\laravel\framework\src\Illuminate\Testing\TestResponse.php:174
E:\coupony-backend\vendor\laravel\framework\src\Illuminate\Testing\Concerns\AssertsStatusCodes.php:26
E:\coupony-backend\tests\Feature\ProductTest.php:1510</failure>
        </testcase>
        <testcase name="test_duplicate_generated_variant_skus_are_validated_from_prepared_values" file="E:\coupony-backend\tests\Feature\ProductTest.php" line="1515" class="Tests\Feature\ProductTest" classname="Tests.Feature.ProductTest" assertions="1" time="0.047071">
          <failure type="PHPUnit\Framework\ExpectationFailedException">Tests\Feature\ProductTest::test_duplicate_generated_variant_skus_are_validated_from_prepared_values&#13;
Expected response status code [422] but received 403.
Failed asserting that 403 is identical to 422.
&#13;
E:\coupony-backend\vendor\laravel\framework\src\Illuminate\Testing\TestResponseAssert.php:45
E:\coupony-backend\vendor\laravel\framework\src\Illuminate\Testing\TestResponse.php:174
E:\coupony-backend\tests\Feature\ProductTest.php:1568</failure>
        </testcase>
        <testcase name="test_seller_cannot_spoof_compare_at_price_for_computed_offer_types" file="E:\coupony-backend\tests\Feature\ProductTest.php" line="1572" class="Tests\Feature\ProductTest" classname="Tests.Feature.ProductTest" assertions="1" time="0.046668">
          <failure type="PHPUnit\Framework\ExpectationFailedException">Tests\Feature\ProductTest::test_seller_cannot_spoof_compare_at_price_for_computed_offer_types&#13;
Expected response status code [422] but received 403.
Failed asserting that 403 is identical to 422.
&#13;
E:\coupony-backend\vendor\laravel\framework\src\Illuminate\Testing\TestResponseAssert.php:45
E:\coupony-backend\vendor\laravel\framework\src\Illuminate\Testing\TestResponse.php:174
E:\coupony-backend\tests\Feature\ProductTest.php:1602</failure>
        </testcase>
        <testcase name="test_buy_x_get_y_offer_requires_known_target_variant_skus" file="E:\coupony-backend\tests\Feature\ProductTest.php" line="1606" class="Tests\Feature\ProductTest" classname="Tests.Feature.ProductTest" assertions="1" time="0.045736">
          <failure type="PHPUnit\Framework\ExpectationFailedException">Tests\Feature\ProductTest::test_buy_x_get_y_offer_requires_known_target_variant_skus&#13;
Expected response status code [422] but received 403.
Failed asserting that 403 is identical to 422.
&#13;
E:\coupony-backend\vendor\laravel\framework\src\Illuminate\Testing\TestResponseAssert.php:45
E:\coupony-backend\vendor\laravel\framework\src\Illuminate\Testing\TestResponse.php:174
E:\coupony-backend\tests\Feature\ProductTest.php:1626</failure>
        </testcase>
        <testcase name="test_buy_x_get_y_offer_returns_target_variant_ids" file="E:\coupony-backend\tests\Feature\ProductTest.php" line="1630" class="Tests\Feature\ProductTest" classname="Tests.Feature.ProductTest" assertions="1" time="0.045114">
          <failure type="PHPUnit\Framework\ExpectationFailedException">Tests\Feature\ProductTest::test_buy_x_get_y_offer_returns_target_variant_ids&#13;
Expected response status code [201] but received 403.
Failed asserting that 403 is identical to 201.
&#13;
E:\coupony-backend\vendor\laravel\framework\src\Illuminate\Testing\TestResponseAssert.php:45
E:\coupony-backend\vendor\laravel\framework\src\Illuminate\Testing\TestResponse.php:174
E:\coupony-backend\vendor\laravel\framework\src\Illuminate\Testing\Concerns\AssertsStatusCodes.php:26
E:\coupony-backend\tests\Feature\ProductTest.php:1685</failure>
        </testcase>
        <testcase name="test_tracked_inventory_requires_stock_quantity" file="E:\coupony-backend\tests\Feature\ProductTest.php" line="1691" class="Tests\Feature\ProductTest" classname="Tests.Feature.ProductTest" assertions="1" time="0.050362">
          <failure type="PHPUnit\Framework\ExpectationFailedException">Tests\Feature\ProductTest::test_tracked_inventory_requires_stock_quantity&#13;
Expected response status code [422] but received 403.
Failed asserting that 403 is identical to 422.
&#13;
E:\coupony-backend\vendor\laravel\framework\src\Illuminate\Testing\TestResponseAssert.php:45
E:\coupony-backend\vendor\laravel\framework\src\Illuminate\Testing\TestResponse.php:174
E:\coupony-backend\tests\Feature\ProductTest.php:1721</failure>
        </testcase>
        <testcase name="test_unlimited_inventory_is_always_in_stock" file="E:\coupony-backend\tests\Feature\ProductTest.php" line="1725" class="Tests\Feature\ProductTest" classname="Tests.Feature.ProductTest" assertions="1" time="0.049639">
          <failure type="PHPUnit\Framework\ExpectationFailedException">Tests\Feature\ProductTest::test_unlimited_inventory_is_always_in_stock&#13;
Expected response status code [201] but received 403.
Failed asserting that 403 is identical to 201.
&#13;
E:\coupony-backend\vendor\laravel\framework\src\Illuminate\Testing\TestResponseAssert.php:45
E:\coupony-backend\vendor\laravel\framework\src\Illuminate\Testing\TestResponse.php:174
E:\coupony-backend\vendor\laravel\framework\src\Illuminate\Testing\Concerns\AssertsStatusCodes.php:26
E:\coupony-backend\tests\Feature\ProductTest.php:1755</failure>
        </testcase>
        <testcase name="test_tracked_inventory_with_backorder_is_reported_in_stock" file="E:\coupony-backend\tests\Feature\ProductTest.php" line="1762" class="Tests\Feature\ProductTest" classname="Tests.Feature.ProductTest" assertions="5" time="0.108425"/>
        <testcase name="test_slug_uniqueness_per_store_is_enforced" file="E:\coupony-backend\tests\Feature\ProductTest.php" line="1785" class="Tests\Feature\ProductTest" classname="Tests.Feature.ProductTest" assertions="1" time="0.047718">
          <failure type="PHPUnit\Framework\ExpectationFailedException">Tests\Feature\ProductTest::test_slug_uniqueness_per_store_is_enforced&#13;
Expected response status code [422] but received 403.
Failed asserting that 403 is identical to 422.
&#13;
E:\coupony-backend\vendor\laravel\framework\src\Illuminate\Testing\TestResponseAssert.php:45
E:\coupony-backend\vendor\laravel\framework\src\Illuminate\Testing\TestResponse.php:174
E:\coupony-backend\tests\Feature\ProductTest.php:1802</failure>
        </testcase>
        <testcase name="test_duplicate_titles_in_same_store_get_unique_generated_slug_and_sku_suffixes" file="E:\coupony-backend\tests\Feature\ProductTest.php" line="1806" class="Tests\Feature\ProductTest" classname="Tests.Feature.ProductTest" assertions="1" time="0.055674">
          <failure type="PHPUnit\Framework\ExpectationFailedException">Tests\Feature\ProductTest::test_duplicate_titles_in_same_store_get_unique_generated_slug_and_sku_suffixes&#13;
Expected response status code [201] but received 403.
Failed asserting that 403 is identical to 201.
&#13;
E:\coupony-backend\vendor\laravel\framework\src\Illuminate\Testing\TestResponseAssert.php:45
E:\coupony-backend\vendor\laravel\framework\src\Illuminate\Testing\TestResponse.php:174
E:\coupony-backend\vendor\laravel\framework\src\Illuminate\Testing\Concerns\AssertsStatusCodes.php:26
E:\coupony-backend\tests\Feature\ProductTest.php:1872</failure>
        </testcase>
        <testcase name="test_variant_sku_uniqueness_per_product_is_enforced" file="E:\coupony-backend\tests\Feature\ProductTest.php" line="1887" class="Tests\Feature\ProductTest" classname="Tests.Feature.ProductTest" assertions="1" time="0.045826">
          <failure type="PHPUnit\Framework\ExpectationFailedException">Tests\Feature\ProductTest::test_variant_sku_uniqueness_per_product_is_enforced&#13;
Expected response status code [422] but received 403.
Failed asserting that 403 is identical to 422.
&#13;
E:\coupony-backend\vendor\laravel\framework\src\Illuminate\Testing\TestResponseAssert.php:45
E:\coupony-backend\vendor\laravel\framework\src\Illuminate\Testing\TestResponse.php:174
E:\coupony-backend\tests\Feature\ProductTest.php:1926</failure>
        </testcase>
        <testcase name="test_nested_store_product_route_requires_matching_store" file="E:\coupony-backend\tests\Feature\ProductTest.php" line="1930" class="Tests\Feature\ProductTest" classname="Tests.Feature.ProductTest" assertions="1" time="0.045117"/>
        <testcase name="test_seller_can_manage_variants_through_separate_endpoints" file="E:\coupony-backend\tests\Feature\ProductTest.php" line="1943" class="Tests\Feature\ProductTest" classname="Tests.Feature.ProductTest" assertions="19" time="0.069379"/>
        <testcase name="test_separate_variant_default_endpoint_behavior_unsets_previous_default" file="E:\coupony-backend\tests\Feature\ProductTest.php" line="2012" class="Tests\Feature\ProductTest" classname="Tests.Feature.ProductTest" assertions="4" time="0.054864"/>
        <testcase name="test_seller_can_replace_variant_attributes_through_separate_endpoint" file="E:\coupony-backend\tests\Feature\ProductTest.php" line="2047" class="Tests\Feature\ProductTest" classname="Tests.Feature.ProductTest" assertions="4" time="0.099973"/>
        <testcase name="test_seller_can_manage_images_through_separate_endpoints" file="E:\coupony-backend\tests\Feature\ProductTest.php" line="2084" class="Tests\Feature\ProductTest" classname="Tests.Feature.ProductTest" assertions="10" time="0.069153"/>
      </testsuite>
      <testsuite name="Tests\Feature\RegistrationTest" file="E:\coupony-backend\tests\Feature\RegistrationTest.php" tests="10" assertions="33" errors="0" failures="0" skipped="0" time="0.561091">
        <testcase name="test_user_can_register_with_valid_data" file="E:\coupony-backend\tests\Feature\RegistrationTest.php" line="24" class="Tests\Feature\RegistrationTest" classname="Tests.Feature.RegistrationTest" assertions="8" time="0.063439"/>
        <testcase name="test_registration_persists_phone_number" file="E:\coupony-backend\tests\Feature\RegistrationTest.php" line="52" class="Tests\Feature\RegistrationTest" classname="Tests.Feature.RegistrationTest" assertions="2" time="0.062661"/>
        <testcase name="test_seller_registration_assigns_seller_pending_role" file="E:\coupony-backend\tests\Feature\RegistrationTest.php" line="70" class="Tests\Feature\RegistrationTest" classname="Tests.Feature.RegistrationTest" assertions="4" time="0.061368"/>
        <testcase name="test_public_registration_rejects_admin_role" file="E:\coupony-backend\tests\Feature\RegistrationTest.php" line="88" class="Tests\Feature\RegistrationTest" classname="Tests.Feature.RegistrationTest" assertions="3" time="0.078268"/>
        <testcase name="test_registration_requires_first_name" file="E:\coupony-backend\tests\Feature\RegistrationTest.php" line="103" class="Tests\Feature\RegistrationTest" classname="Tests.Feature.RegistrationTest" assertions="3" time="0.042125"/>
        <testcase name="test_registration_requires_valid_email" file="E:\coupony-backend\tests\Feature\RegistrationTest.php" line="117" class="Tests\Feature\RegistrationTest" classname="Tests.Feature.RegistrationTest" assertions="3" time="0.042136"/>
        <testcase name="test_registration_requires_password_confirmation" file="E:\coupony-backend\tests\Feature\RegistrationTest.php" line="132" class="Tests\Feature\RegistrationTest" classname="Tests.Feature.RegistrationTest" assertions="3" time="0.038817"/>
        <testcase name="test_registration_prevents_duplicate_email" file="E:\coupony-backend\tests\Feature\RegistrationTest.php" line="147" class="Tests\Feature\RegistrationTest" classname="Tests.Feature.RegistrationTest" assertions="3" time="0.043230"/>
        <testcase name="test_registration_creates_user_profile" file="E:\coupony-backend\tests\Feature\RegistrationTest.php" line="166" class="Tests\Feature\RegistrationTest" classname="Tests.Feature.RegistrationTest" assertions="3" time="0.066146"/>
        <testcase name="test_registration_assigns_customer_role" file="E:\coupony-backend\tests\Feature\RegistrationTest.php" line="184" class="Tests\Feature\RegistrationTest" classname="Tests.Feature.RegistrationTest" assertions="1" time="0.062901"/>
      </testsuite>
      <testsuite name="Tests\Feature\StoreAddressTest" file="E:\coupony-backend\tests\Feature\StoreAddressTest.php" tests="9" assertions="35" errors="0" failures="1" skipped="0" time="0.587014">
        <testcase name="test_seller_can_list_their_store_addresses" file="E:\coupony-backend\tests\Feature\StoreAddressTest.php" line="26" class="Tests\Feature\StoreAddressTest" classname="Tests.Feature.StoreAddressTest" assertions="6" time="0.085724"/>
        <testcase name="test_seller_can_create_a_store_address" file="E:\coupony-backend\tests\Feature\StoreAddressTest.php" line="48" class="Tests\Feature\StoreAddressTest" classname="Tests.Feature.StoreAddressTest" assertions="1" time="0.045014">
          <failure type="PHPUnit\Framework\ExpectationFailedException">Tests\Feature\StoreAddressTest::test_seller_can_create_a_store_address&#13;
Expected response status code [201] but received 403.
Failed asserting that 403 is identical to 201.
&#13;
E:\coupony-backend\vendor\laravel\framework\src\Illuminate\Testing\TestResponseAssert.php:45
E:\coupony-backend\vendor\laravel\framework\src\Illuminate\Testing\TestResponse.php:174
E:\coupony-backend\vendor\laravel\framework\src\Illuminate\Testing\Concerns\AssertsStatusCodes.php:26
E:\coupony-backend\tests\Feature\StoreAddressTest.php:70</failure>
        </testcase>
        <testcase name="test_seller_can_view_a_store_address_that_belongs_to_their_store" file="E:\coupony-backend\tests\Feature\StoreAddressTest.php" line="93" class="Tests\Feature\StoreAddressTest" classname="Tests.Feature.StoreAddressTest" assertions="2" time="0.049739"/>
        <testcase name="test_seller_can_update_a_store_address_that_belongs_to_their_store" file="E:\coupony-backend\tests\Feature\StoreAddressTest.php" line="107" class="Tests\Feature\StoreAddressTest" classname="Tests.Feature.StoreAddressTest" assertions="9" time="0.052749"/>
        <testcase name="test_seller_can_delete_a_store_address_that_belongs_to_their_store" file="E:\coupony-backend\tests\Feature\StoreAddressTest.php" line="168" class="Tests\Feature\StoreAddressTest" classname="Tests.Feature.StoreAddressTest" assertions="4" time="0.050844"/>
        <testcase name="test_seller_cannot_access_another_sellers_store_addresses" file="E:\coupony-backend\tests\Feature\StoreAddressTest.php" line="192" class="Tests\Feature\StoreAddressTest" classname="Tests.Feature.StoreAddressTest" assertions="1" time="0.052060"/>
        <testcase name="test_nested_route_binding_rejects_address_that_does_not_belong_to_store" file="E:\coupony-backend\tests\Feature\StoreAddressTest.php" line="203" class="Tests\Feature\StoreAddressTest" classname="Tests.Feature.StoreAddressTest" assertions="1" time="0.049505"/>
        <testcase name="test_store_responses_still_include_addresses" file="E:\coupony-backend\tests\Feature\StoreAddressTest.php" line="217" class="Tests\Feature\StoreAddressTest" classname="Tests.Feature.StoreAddressTest" assertions="4" time="0.106010"/>
        <testcase name="test_existing_store_create_and_update_flows_with_embedded_address_data_still_work" file="E:\coupony-backend\tests\Feature\StoreAddressTest.php" line="233" class="Tests\Feature\StoreAddressTest" classname="Tests.Feature.StoreAddressTest" assertions="7" time="0.095369"/>
      </testsuite>
      <testsuite name="Tests\Feature\StoreCategoryTest" file="E:\coupony-backend\tests\Feature\StoreCategoryTest.php" tests="3" assertions="22" errors="0" failures="0" skipped="0" time="0.157642">
        <testcase name="test_admin_can_create_store_category_with_arabic_and_english_names" file="E:\coupony-backend\tests\Feature\StoreCategoryTest.php" line="25" class="Tests\Feature\StoreCategoryTest" classname="Tests.Feature.StoreCategoryTest" assertions="6" time="0.055502"/>
        <testcase name="test_admin_can_update_store_category_bilingual_names" file="E:\coupony-backend\tests\Feature\StoreCategoryTest.php" line="51" class="Tests\Feature\StoreCategoryTest" classname="Tests.Feature.StoreCategoryTest" assertions="6" time="0.055022"/>
        <testcase name="test_public_store_categories_are_localized_using_accept_language" file="E:\coupony-backend\tests\Feature\StoreCategoryTest.php" line="83" class="Tests\Feature\StoreCategoryTest" classname="Tests.Feature.StoreCategoryTest" assertions="10" time="0.047118"/>
      </testsuite>
      <testsuite name="Tests\Feature\StoreCommentTest" file="E:\coupony-backend\tests\Feature\StoreCommentTest.php" tests="16" assertions="76" errors="0" failures="0" skipped="0" time="0.907206">
        <testcase name="test_can_list_store_comments_on_active_store" file="E:\coupony-backend\tests\Feature\StoreCommentTest.php" line="33" class="Tests\Feature\StoreCommentTest" classname="Tests.Feature.StoreCommentTest" assertions="20" time="0.055770"/>
        <testcase name="test_cannot_list_comments_on_non_active_store" file="E:\coupony-backend\tests\Feature\StoreCommentTest.php" line="58" class="Tests\Feature\StoreCommentTest" classname="Tests.Feature.StoreCommentTest" assertions="2" time="0.089493"/>
        <testcase name="test_can_get_store_review_summary_on_active_store" file="E:\coupony-backend\tests\Feature\StoreCommentTest.php" line="68" class="Tests\Feature\StoreCommentTest" classname="Tests.Feature.StoreCommentTest" assertions="14" time="0.062616"/>
        <testcase name="test_authenticated_user_can_create_store_review" file="E:\coupony-backend\tests\Feature\StoreCommentTest.php" line="131" class="Tests\Feature\StoreCommentTest" classname="Tests.Feature.StoreCommentTest" assertions="5" time="0.054873"/>
        <testcase name="test_unauthenticated_user_cannot_create_store_review" file="E:\coupony-backend\tests\Feature\StoreCommentTest.php" line="155" class="Tests\Feature\StoreCommentTest" classname="Tests.Feature.StoreCommentTest" assertions="1" time="0.046030"/>
        <testcase name="test_cannot_create_review_on_inactive_store" file="E:\coupony-backend\tests\Feature\StoreCommentTest.php" line="167" class="Tests\Feature\StoreCommentTest" classname="Tests.Feature.StoreCommentTest" assertions="1" time="0.047477"/>
        <testcase name="test_duplicate_review_returns_422" file="E:\coupony-backend\tests\Feature\StoreCommentTest.php" line="182" class="Tests\Feature\StoreCommentTest" classname="Tests.Feature.StoreCommentTest" assertions="2" time="0.050367"/>
        <testcase name="test_authenticated_user_can_reply_to_review" file="E:\coupony-backend\tests\Feature\StoreCommentTest.php" line="209" class="Tests\Feature\StoreCommentTest" classname="Tests.Feature.StoreCommentTest" assertions="5" time="0.051552"/>
        <testcase name="test_owner_can_update_own_comment" file="E:\coupony-backend\tests\Feature\StoreCommentTest.php" line="240" class="Tests\Feature\StoreCommentTest" classname="Tests.Feature.StoreCommentTest" assertions="3" time="0.056088"/>
        <testcase name="test_owner_can_delete_own_comment" file="E:\coupony-backend\tests\Feature\StoreCommentTest.php" line="268" class="Tests\Feature\StoreCommentTest" classname="Tests.Feature.StoreCommentTest" assertions="3" time="0.083407"/>
        <testcase name="test_admin_can_hide_store_comment" file="E:\coupony-backend\tests\Feature\StoreCommentTest.php" line="294" class="Tests\Feature\StoreCommentTest" classname="Tests.Feature.StoreCommentTest" assertions="3" time="0.067093"/>
        <testcase name="test_owner_can_hide_store_comment" file="E:\coupony-backend\tests\Feature\StoreCommentTest.php" line="322" class="Tests\Feature\StoreCommentTest" classname="Tests.Feature.StoreCommentTest" assertions="3" time="0.052777"/>
        <testcase name="test_authenticated_user_can_like_store_comment" file="E:\coupony-backend\tests\Feature\StoreCommentTest.php" line="353" class="Tests\Feature\StoreCommentTest" classname="Tests.Feature.StoreCommentTest" assertions="4" time="0.052586"/>
        <testcase name="test_authenticated_user_can_unlike_store_comment" file="E:\coupony-backend\tests\Feature\StoreCommentTest.php" line="380" class="Tests\Feature\StoreCommentTest" classname="Tests.Feature.StoreCommentTest" assertions="3" time="0.051730"/>
        <testcase name="test_store_rating_updates_after_review_creation" file="E:\coupony-backend\tests\Feature\StoreCommentTest.php" line="411" class="Tests\Feature\StoreCommentTest" classname="Tests.Feature.StoreCommentTest" assertions="4" time="0.044698"/>
        <testcase name="test_store_rating_updates_after_review_deletion" file="E:\coupony-backend\tests\Feature\StoreCommentTest.php" line="439" class="Tests\Feature\StoreCommentTest" classname="Tests.Feature.StoreCommentTest" assertions="3" time="0.040648"/>
      </testsuite>
      <testsuite name="Tests\Feature\StoreEmployeeManagementTest" file="E:\coupony-backend\tests\Feature\StoreEmployeeManagementTest.php" tests="23" assertions="106" errors="0" failures="1" skipped="0" time="1.615007">
        <testcase name="test_owner_can_list_employees" file="E:\coupony-backend\tests\Feature\StoreEmployeeManagementTest.php" line="49" class="Tests\Feature\StoreEmployeeManagementTest" classname="Tests.Feature.StoreEmployeeManagementTest" assertions="4" time="0.093022"/>
        <testcase name="test_owner_can_show_employee" file="E:\coupony-backend\tests\Feature\StoreEmployeeManagementTest.php" line="64" class="Tests\Feature\StoreEmployeeManagementTest" classname="Tests.Feature.StoreEmployeeManagementTest" assertions="3" time="0.053865"/>
        <testcase name="test_owner_can_update_employee_role" file="E:\coupony-backend\tests\Feature\StoreEmployeeManagementTest.php" line="79" class="Tests\Feature\StoreEmployeeManagementTest" classname="Tests.Feature.StoreEmployeeManagementTest" assertions="4" time="0.061678"/>
        <testcase name="test_owner_can_update_employee_permissions" file="E:\coupony-backend\tests\Feature\StoreEmployeeManagementTest.php" line="101" class="Tests\Feature\StoreEmployeeManagementTest" classname="Tests.Feature.StoreEmployeeManagementTest" assertions="3" time="0.061249"/>
        <testcase name="test_owner_can_assign_employee_to_a_store_address" file="E:\coupony-backend\tests\Feature\StoreEmployeeManagementTest.php" line="122" class="Tests\Feature\StoreEmployeeManagementTest" classname="Tests.Feature.StoreEmployeeManagementTest" assertions="3" time="0.061843"/>
        <testcase name="test_owner_cannot_remove_himself_as_store_owner" file="E:\coupony-backend\tests\Feature\StoreEmployeeManagementTest.php" line="139" class="Tests\Feature\StoreEmployeeManagementTest" classname="Tests.Feature.StoreEmployeeManagementTest" assertions="2" time="0.050701"/>
        <testcase name="test_owner_can_remove_employee" file="E:\coupony-backend\tests\Feature\StoreEmployeeManagementTest.php" line="149" class="Tests\Feature\StoreEmployeeManagementTest" classname="Tests.Feature.StoreEmployeeManagementTest" assertions="3" time="0.057013"/>
        <testcase name="test_employee_loses_store_specific_role_if_not_employee_anywhere_else" file="E:\coupony-backend\tests\Feature\StoreEmployeeManagementTest.php" line="167" class="Tests\Feature\StoreEmployeeManagementTest" classname="Tests.Feature.StoreEmployeeManagementTest" assertions="3" time="0.091424"/>
        <testcase name="test_accept_invitation_creates_store_employee_row" file="E:\coupony-backend\tests\Feature\StoreEmployeeManagementTest.php" line="184" class="Tests\Feature\StoreEmployeeManagementTest" classname="Tests.Feature.StoreEmployeeManagementTest" assertions="2" time="0.061706"/>
        <testcase name="test_accept_invitation_assigns_role_without_removing_existing_roles" file="E:\coupony-backend\tests\Feature\StoreEmployeeManagementTest.php" line="205" class="Tests\Feature\StoreEmployeeManagementTest" classname="Tests.Feature.StoreEmployeeManagementTest" assertions="3" time="0.061360"/>
        <testcase name="test_permissions_endpoint_returns_store_permission_values" file="E:\coupony-backend\tests\Feature\StoreEmployeeManagementTest.php" line="223" class="Tests\Feature\StoreEmployeeManagementTest" classname="Tests.Feature.StoreEmployeeManagementTest" assertions="40" time="0.045248"/>
        <testcase name="test_non_owner_cannot_manage_employees_without_permission" file="E:\coupony-backend\tests\Feature\StoreEmployeeManagementTest.php" line="242" class="Tests\Feature\StoreEmployeeManagementTest" classname="Tests.Feature.StoreEmployeeManagementTest" assertions="1" time="0.049852"/>
        <testcase name="test_employee_with_employee_manage_permission_can_manage_employees" file="E:\coupony-backend\tests\Feature\StoreEmployeeManagementTest.php" line="254" class="Tests\Feature\StoreEmployeeManagementTest" classname="Tests.Feature.StoreEmployeeManagementTest" assertions="4" time="0.070949"/>
        <testcase name="test_cashier_can_access_claims_but_cannot_manage_employees" file="E:\coupony-backend\tests\Feature\StoreEmployeeManagementTest.php" line="280" class="Tests\Feature\StoreEmployeeManagementTest" classname="Tests.Feature.StoreEmployeeManagementTest" assertions="5" time="0.120497"/>
        <testcase name="test_employee_with_only_claim_view_can_list_and_show_but_cannot_redeem_claims" file="E:\coupony-backend\tests\Feature\StoreEmployeeManagementTest.php" line="306" class="Tests\Feature\StoreEmployeeManagementTest" classname="Tests.Feature.StoreEmployeeManagementTest" assertions="5" time="0.068354"/>
        <testcase name="test_employee_with_claim_redeem_can_redeem_claims" file="E:\coupony-backend\tests\Feature\StoreEmployeeManagementTest.php" line="331" class="Tests\Feature\StoreEmployeeManagementTest" classname="Tests.Feature.StoreEmployeeManagementTest" assertions="2" time="0.077635"/>
        <testcase name="test_employee_with_claim_manage_can_list_show_and_redeem_claims" file="E:\coupony-backend\tests\Feature\StoreEmployeeManagementTest.php" line="347" class="Tests\Feature\StoreEmployeeManagementTest" classname="Tests.Feature.StoreEmployeeManagementTest" assertions="6" time="0.084627"/>
        <testcase name="test_invitation_accepts_all_store_employee_roles" file="E:\coupony-backend\tests\Feature\StoreEmployeeManagementTest.php" line="373" class="Tests\Feature\StoreEmployeeManagementTest" classname="Tests.Feature.StoreEmployeeManagementTest" assertions="1" time="0.053305">
          <failure type="PHPUnit\Framework\ExpectationFailedException">Tests\Feature\StoreEmployeeManagementTest::test_invitation_accepts_all_store_employee_roles&#13;
Expected response status code [201] but received 403.
Failed asserting that 403 is identical to 201.
&#13;
E:\coupony-backend\vendor\laravel\framework\src\Illuminate\Testing\TestResponseAssert.php:45
E:\coupony-backend\vendor\laravel\framework\src\Illuminate\Testing\TestResponse.php:174
E:\coupony-backend\vendor\laravel\framework\src\Illuminate\Testing\Concerns\AssertsStatusCodes.php:26
E:\coupony-backend\tests\Feature\StoreEmployeeManagementTest.php:386</failure>
        </testcase>
        <testcase name="test_employee_with_view_permission_can_index_and_show_but_cannot_update_or_delete_employees" file="E:\coupony-backend\tests\Feature\StoreEmployeeManagementTest.php" line="391" class="Tests\Feature\StoreEmployeeManagementTest" classname="Tests.Feature.StoreEmployeeManagementTest" assertions="4" time="0.074755"/>
        <testcase name="test_employee_with_update_permission_can_update_but_cannot_delete_employees" file="E:\coupony-backend\tests\Feature\StoreEmployeeManagementTest.php" line="420" class="Tests\Feature\StoreEmployeeManagementTest" classname="Tests.Feature.StoreEmployeeManagementTest" assertions="2" time="0.106506"/>
        <testcase name="test_employee_with_remove_permission_can_delete_but_cannot_update_employees" file="E:\coupony-backend\tests\Feature\StoreEmployeeManagementTest.php" line="441" class="Tests\Feature\StoreEmployeeManagementTest" classname="Tests.Feature.StoreEmployeeManagementTest" assertions="2" time="0.065850"/>
        <testcase name="test_employee_with_null_permissions_gets_role_default_permissions" file="E:\coupony-backend\tests\Feature\StoreEmployeeManagementTest.php" line="462" class="Tests\Feature\StoreEmployeeManagementTest" classname="Tests.Feature.StoreEmployeeManagementTest" assertions="2" time="0.081202"/>
        <testcase name="test_employee_with_explicit_empty_permissions_gets_no_permissions" file="E:\coupony-backend\tests\Feature\StoreEmployeeManagementTest.php" line="479" class="Tests\Feature\StoreEmployeeManagementTest" classname="Tests.Feature.StoreEmployeeManagementTest" assertions="2" time="0.062367"/>
      </testsuite>
      <testsuite name="Tests\Feature\StoreFollowTest" file="E:\coupony-backend\tests\Feature\StoreFollowTest.php" tests="15" assertions="78" errors="0" failures="0" skipped="0" time="0.855211">
        <testcase name="test_authenticated_user_can_follow_active_store" file="E:\coupony-backend\tests\Feature\StoreFollowTest.php" line="33" class="Tests\Feature\StoreFollowTest" classname="Tests.Feature.StoreFollowTest" assertions="8" time="0.054582"/>
        <testcase name="test_following_same_store_twice_is_idempotent" file="E:\coupony-backend\tests\Feature\StoreFollowTest.php" line="59" class="Tests\Feature\StoreFollowTest" classname="Tests.Feature.StoreFollowTest" assertions="5" time="0.052511"/>
        <testcase name="test_cannot_follow_pending_store" file="E:\coupony-backend\tests\Feature\StoreFollowTest.php" line="82" class="Tests\Feature\StoreFollowTest" classname="Tests.Feature.StoreFollowTest" assertions="2" time="0.082750"/>
        <testcase name="test_cannot_follow_suspended_store" file="E:\coupony-backend\tests\Feature\StoreFollowTest.php" line="95" class="Tests\Feature\StoreFollowTest" classname="Tests.Feature.StoreFollowTest" assertions="2" time="0.043134"/>
        <testcase name="test_unauthenticated_user_cannot_follow_store" file="E:\coupony-backend\tests\Feature\StoreFollowTest.php" line="108" class="Tests\Feature\StoreFollowTest" classname="Tests.Feature.StoreFollowTest" assertions="1" time="0.044742"/>
        <testcase name="test_authenticated_user_can_unfollow_store" file="E:\coupony-backend\tests\Feature\StoreFollowTest.php" line="121" class="Tests\Feature\StoreFollowTest" classname="Tests.Feature.StoreFollowTest" assertions="6" time="0.046442"/>
        <testcase name="test_unfollow_when_not_following_returns_422" file="E:\coupony-backend\tests\Feature\StoreFollowTest.php" line="150" class="Tests\Feature\StoreFollowTest" classname="Tests.Feature.StoreFollowTest" assertions="2" time="0.047846"/>
        <testcase name="test_unauthenticated_user_cannot_unfollow_store" file="E:\coupony-backend\tests\Feature\StoreFollowTest.php" line="163" class="Tests\Feature\StoreFollowTest" classname="Tests.Feature.StoreFollowTest" assertions="1" time="0.043380"/>
        <testcase name="test_can_toggle_follow_notifications" file="E:\coupony-backend\tests\Feature\StoreFollowTest.php" line="176" class="Tests\Feature\StoreFollowTest" classname="Tests.Feature.StoreFollowTest" assertions="5" time="0.049385"/>
        <testcase name="test_toggle_notifications_when_not_following_returns_422" file="E:\coupony-backend\tests\Feature\StoreFollowTest.php" line="205" class="Tests\Feature\StoreFollowTest" classname="Tests.Feature.StoreFollowTest" assertions="2" time="0.051025"/>
        <testcase name="test_can_list_followed_stores" file="E:\coupony-backend\tests\Feature\StoreFollowTest.php" line="222" class="Tests\Feature\StoreFollowTest" classname="Tests.Feature.StoreFollowTest" assertions="24" time="0.109143"/>
        <testcase name="test_followed_stores_excludes_non_active_stores" file="E:\coupony-backend\tests\Feature\StoreFollowTest.php" line="264" class="Tests\Feature\StoreFollowTest" classname="Tests.Feature.StoreFollowTest" assertions="3" time="0.051890"/>
        <testcase name="test_followed_stores_supports_pagination" file="E:\coupony-backend\tests\Feature\StoreFollowTest.php" line="294" class="Tests\Feature\StoreFollowTest" classname="Tests.Feature.StoreFollowTest" assertions="5" time="0.065563"/>
        <testcase name="test_unauthenticated_user_cannot_list_followed_stores" file="E:\coupony-backend\tests\Feature\StoreFollowTest.php" line="320" class="Tests\Feature\StoreFollowTest" classname="Tests.Feature.StoreFollowTest" assertions="1" time="0.037111"/>
        <testcase name="test_followers_count_stays_consistent_with_multiple_users" file="E:\coupony-backend\tests\Feature\StoreFollowTest.php" line="331" class="Tests\Feature\StoreFollowTest" classname="Tests.Feature.StoreFollowTest" assertions="11" time="0.075707"/>
      </testsuite>
      <testsuite name="Tests\Feature\StoreProfileShowTest" file="E:\coupony-backend\tests\Feature\StoreProfileShowTest.php" tests="6" assertions="30" errors="0" failures="0" skipped="0" time="0.311917">
        <testcase name="test_active_store_returns_200_with_correct_json_structure" file="E:\coupony-backend\tests\Feature\StoreProfileShowTest.php" line="16" class="Tests\Feature\StoreProfileShowTest" classname="Tests.Feature.StoreProfileShowTest" assertions="21" time="0.045993"/>
        <testcase name="test_inactive_store_returns_404" file="E:\coupony-backend\tests\Feature\StoreProfileShowTest.php" line="48" class="Tests\Feature\StoreProfileShowTest" classname="Tests.Feature.StoreProfileShowTest" assertions="1" time="0.074143"/>
        <testcase name="test_profile_view_is_recorded_after_successful_request" file="E:\coupony-backend\tests\Feature\StoreProfileShowTest.php" line="59" class="Tests\Feature\StoreProfileShowTest" classname="Tests.Feature.StoreProfileShowTest" assertions="3" time="0.045873"/>
        <testcase name="test_authenticated_user_id_is_recorded_in_profile_view" file="E:\coupony-backend\tests\Feature\StoreProfileShowTest.php" line="73" class="Tests\Feature\StoreProfileShowTest" classname="Tests.Feature.StoreProfileShowTest" assertions="1" time="0.049014"/>
        <testcase name="test_unauthenticated_request_returns_200_and_records_view_with_null_user_id" file="E:\coupony-backend\tests\Feature\StoreProfileShowTest.php" line="87" class="Tests\Feature\StoreProfileShowTest" classname="Tests.Feature.StoreProfileShowTest" assertions="3" time="0.045019"/>
        <testcase name="test_multiple_requests_create_multiple_profile_view_records" file="E:\coupony-backend\tests\Feature\StoreProfileShowTest.php" line="100" class="Tests\Feature\StoreProfileShowTest" classname="Tests.Feature.StoreProfileShowTest" assertions="1" time="0.051875"/>
      </testsuite>
      <testsuite name="Tests\Feature\StoreTest" file="E:\coupony-backend\tests\Feature\StoreTest.php" tests="23" assertions="81" errors="0" failures="0" skipped="0" time="1.641168">
        <testcase name="test_authenticated_user_can_create_store" file="E:\coupony-backend\tests\Feature\StoreTest.php" line="33" class="Tests\Feature\StoreTest" classname="Tests.Feature.StoreTest" assertions="4" time="0.080024"/>
        <testcase name="test_store_creation_requires_authentication" file="E:\coupony-backend\tests\Feature\StoreTest.php" line="70" class="Tests\Feature\StoreTest" classname="Tests.Feature.StoreTest" assertions="1" time="0.044157"/>
        <testcase name="test_store_creation_requires_name" file="E:\coupony-backend\tests\Feature\StoreTest.php" line="83" class="Tests\Feature\StoreTest" classname="Tests.Feature.StoreTest" assertions="3" time="0.097084"/>
        <testcase name="test_store_creation_requires_phone" file="E:\coupony-backend\tests\Feature\StoreTest.php" line="97" class="Tests\Feature\StoreTest" classname="Tests.Feature.StoreTest" assertions="3" time="0.044545"/>
        <testcase name="test_store_creation_requires_categories" file="E:\coupony-backend\tests\Feature\StoreTest.php" line="111" class="Tests\Feature\StoreTest" classname="Tests.Feature.StoreTest" assertions="3" time="0.050845"/>
        <testcase name="test_store_creation_allows_missing_verification_documents" file="E:\coupony-backend\tests\Feature\StoreTest.php" line="126" class="Tests\Feature\StoreTest" classname="Tests.Feature.StoreTest" assertions="1" time="0.083215"/>
        <testcase name="test_store_creation_assigns_seller_pending_role" file="E:\coupony-backend\tests\Feature\StoreTest.php" line="146" class="Tests\Feature\StoreTest" classname="Tests.Feature.StoreTest" assertions="5" time="0.100380"/>
        <testcase name="test_store_creation_creates_default_hours" file="E:\coupony-backend\tests\Feature\StoreTest.php" line="192" class="Tests\Feature\StoreTest" classname="Tests.Feature.StoreTest" assertions="2" time="0.099100"/>
        <testcase name="test_public_store_listing_returns_only_active_stores_with_filters" file="E:\coupony-backend\tests\Feature\StoreTest.php" line="220" class="Tests\Feature\StoreTest" classname="Tests.Feature.StoreTest" assertions="7" time="0.068001"/>
        <testcase name="test_owner_can_patch_profile_on_active_store" file="E:\coupony-backend\tests\Feature\StoreTest.php" line="257" class="Tests\Feature\StoreTest" classname="Tests.Feature.StoreTest" assertions="8" time="0.111560"/>
        <testcase name="test_owner_can_update_hours_on_active_store" file="E:\coupony-backend\tests\Feature\StoreTest.php" line="281" class="Tests\Feature\StoreTest" classname="Tests.Feature.StoreTest" assertions="4" time="0.072158"/>
        <testcase name="test_owner_can_patch_profile_on_rejected_store_without_changing_status" file="E:\coupony-backend\tests\Feature\StoreTest.php" line="305" class="Tests\Feature\StoreTest" classname="Tests.Feature.StoreTest" assertions="7" time="0.062659"/>
        <testcase name="test_owner_can_update_hours_on_rejected_store_without_changing_status" file="E:\coupony-backend\tests\Feature\StoreTest.php" line="337" class="Tests\Feature\StoreTest" classname="Tests.Feature.StoreTest" assertions="4" time="0.074360"/>
        <testcase name="test_patching_profile_does_not_clear_rejection_fields" file="E:\coupony-backend\tests\Feature\StoreTest.php" line="363" class="Tests\Feature\StoreTest" classname="Tests.Feature.StoreTest" assertions="3" time="0.062411"/>
        <testcase name="test_non_owner_gets_403_when_updating_store_profile" file="E:\coupony-backend\tests\Feature\StoreTest.php" line="393" class="Tests\Feature\StoreTest" classname="Tests.Feature.StoreTest" assertions="1" time="0.048673"/>
        <testcase name="test_suspended_store_cannot_be_updated_through_profile_endpoint" file="E:\coupony-backend\tests\Feature\StoreTest.php" line="403" class="Tests\Feature\StoreTest" classname="Tests.Feature.StoreTest" assertions="1" time="0.047077"/>
        <testcase name="test_closed_store_cannot_be_updated_through_profile_endpoint" file="E:\coupony-backend\tests\Feature\StoreTest.php" line="415" class="Tests\Feature\StoreTest" classname="Tests.Feature.StoreTest" assertions="1" time="0.088331"/>
        <testcase name="test_closed_day_is_handled_correctly" file="E:\coupony-backend\tests\Feature\StoreTest.php" line="428" class="Tests\Feature\StoreTest" classname="Tests.Feature.StoreTest" assertions="2" time="0.064801"/>
        <testcase name="test_invalid_hour_time_ranges_fail_validation" file="E:\coupony-backend\tests\Feature\StoreTest.php" line="456" class="Tests\Feature\StoreTest" classname="Tests.Feature.StoreTest" assertions="3" time="0.047036"/>
        <testcase name="test_store_profile_socials_sync_works" file="E:\coupony-backend\tests\Feature\StoreTest.php" line="473" class="Tests\Feature\StoreTest" classname="Tests.Feature.StoreTest" assertions="5" time="0.059730"/>
        <testcase name="test_logo_replacement_deletes_old_file" file="E:\coupony-backend\tests\Feature\StoreTest.php" line="525" class="Tests\Feature\StoreTest" classname="Tests.Feature.StoreTest" assertions="4" time="0.092398"/>
        <testcase name="test_banner_replacement_deletes_old_file" file="E:\coupony-backend\tests\Feature\StoreTest.php" line="548" class="Tests\Feature\StoreTest" classname="Tests.Feature.StoreTest" assertions="4" time="0.092520"/>
        <testcase name="test_disallowed_fields_are_rejected_for_store_profile_updates" file="E:\coupony-backend\tests\Feature\StoreTest.php" line="571" class="Tests\Feature\StoreTest" classname="Tests.Feature.StoreTest" assertions="5" time="0.050104"/>
      </testsuite>
      <testsuite name="Tests\Feature\UserJourneyTest" file="E:\coupony-backend\tests\Feature\UserJourneyTest.php" tests="4" assertions="31" errors="0" failures="0" skipped="0" time="0.402109">
        <testcase name="test_complete_customer_registration_and_login_journey" file="E:\coupony-backend\tests\Feature\UserJourneyTest.php" line="28" class="Tests\Feature\UserJourneyTest" classname="Tests.Feature.UserJourneyTest" assertions="12" time="0.137108"/>
        <testcase name="test_complete_seller_registration_and_store_creation_journey" file="E:\coupony-backend\tests\Feature\UserJourneyTest.php" line="92" class="Tests\Feature\UserJourneyTest" classname="Tests.Feature.UserJourneyTest" assertions="10" time="0.129206"/>
        <testcase name="test_password_reset_journey" file="E:\coupony-backend\tests\Feature\UserJourneyTest.php" line="171" class="Tests\Feature\UserJourneyTest" classname="Tests.Feature.UserJourneyTest" assertions="3" time="0.068924"/>
        <testcase name="test_token_refresh_journey" file="E:\coupony-backend\tests\Feature\UserJourneyTest.php" line="202" class="Tests\Feature\UserJourneyTest" classname="Tests.Feature.UserJourneyTest" assertions="6" time="0.066871"/>
      </testsuite>
    </testsuite>
    <testsuite name="Property" tests="3180" assertions="14044" errors="0" failures="0" skipped="0" time="493.308196">
      <testsuite name="Tests\Property\AuditLogCompletenessPropertyTest" file="E:\coupony-backend\tests\Property\AuditLogCompletenessPropertyTest.php" tests="100" assertions="1100" errors="0" failures="0" skipped="0" time="4.445806">
        <testsuite name="Tests\Property\AuditLogCompletenessPropertyTest::test_audit_log_entry_is_created_with_all_required_fields" tests="100" assertions="1100" errors="0" failures="0" skipped="0" time="4.445806">
          <testcase name="test_audit_log_entry_is_created_with_all_required_fields with data set &quot;iteration_0_from_trial_to_none&quot;" file="E:\coupony-backend\tests\Property\AuditLogCompletenessPropertyTest.php" line="76" class="Tests\Property\AuditLogCompletenessPropertyTest" classname="Tests.Property.AuditLogCompletenessPropertyTest" assertions="11" time="0.039771"/>
          <testcase name="test_audit_log_entry_is_created_with_all_required_fields with data set &quot;iteration_1_from_grace_to_active&quot;" file="E:\coupony-backend\tests\Property\AuditLogCompletenessPropertyTest.php" line="76" class="Tests\Property\AuditLogCompletenessPropertyTest" classname="Tests.Property.AuditLogCompletenessPropertyTest" assertions="11" time="0.078173"/>
          <testcase name="test_audit_log_entry_is_created_with_all_required_fields with data set &quot;iteration_2_from_grace_to_active&quot;" file="E:\coupony-backend\tests\Property\AuditLogCompletenessPropertyTest.php" line="76" class="Tests\Property\AuditLogCompletenessPropertyTest" classname="Tests.Property.AuditLogCompletenessPropertyTest" assertions="11" time="0.040375"/>
          <testcase name="test_audit_log_entry_is_created_with_all_required_fields with data set &quot;iteration_3_from_trial_to_active&quot;" file="E:\coupony-backend\tests\Property\AuditLogCompletenessPropertyTest.php" line="76" class="Tests\Property\AuditLogCompletenessPropertyTest" classname="Tests.Property.AuditLogCompletenessPropertyTest" assertions="11" time="0.042628"/>
          <testcase name="test_audit_log_entry_is_created_with_all_required_fields with data set &quot;iteration_4_from_none_to_trial&quot;" file="E:\coupony-backend\tests\Property\AuditLogCompletenessPropertyTest.php" line="76" class="Tests\Property\AuditLogCompletenessPropertyTest" classname="Tests.Property.AuditLogCompletenessPropertyTest" assertions="11" time="0.041143"/>
          <testcase name="test_audit_log_entry_is_created_with_all_required_fields with data set &quot;iteration_5_from_suspended_to_active&quot;" file="E:\coupony-backend\tests\Property\AuditLogCompletenessPropertyTest.php" line="76" class="Tests\Property\AuditLogCompletenessPropertyTest" classname="Tests.Property.AuditLogCompletenessPropertyTest" assertions="11" time="0.041590"/>
          <testcase name="test_audit_log_entry_is_created_with_all_required_fields with data set &quot;iteration_6_from_grace_to_active&quot;" file="E:\coupony-backend\tests\Property\AuditLogCompletenessPropertyTest.php" line="76" class="Tests\Property\AuditLogCompletenessPropertyTest" classname="Tests.Property.AuditLogCompletenessPropertyTest" assertions="11" time="0.044663"/>
          <testcase name="test_audit_log_entry_is_created_with_all_required_fields with data set &quot;iteration_7_from_grace_to_degraded&quot;" file="E:\coupony-backend\tests\Property\AuditLogCompletenessPropertyTest.php" line="76" class="Tests\Property\AuditLogCompletenessPropertyTest" classname="Tests.Property.AuditLogCompletenessPropertyTest" assertions="11" time="0.039587"/>
          <testcase name="test_audit_log_entry_is_created_with_all_required_fields with data set &quot;iteration_8_from_none_to_active&quot;" file="E:\coupony-backend\tests\Property\AuditLogCompletenessPropertyTest.php" line="76" class="Tests\Property\AuditLogCompletenessPropertyTest" classname="Tests.Property.AuditLogCompletenessPropertyTest" assertions="11" time="0.039449"/>
          <testcase name="test_audit_log_entry_is_created_with_all_required_fields with data set &quot;iteration_9_from_none_to_active&quot;" file="E:\coupony-backend\tests\Property\AuditLogCompletenessPropertyTest.php" line="76" class="Tests\Property\AuditLogCompletenessPropertyTest" classname="Tests.Property.AuditLogCompletenessPropertyTest" assertions="11" time="0.046163"/>
          <testcase name="test_audit_log_entry_is_created_with_all_required_fields with data set &quot;iteration_10_from_grace_to_active&quot;" file="E:\coupony-backend\tests\Property\AuditLogCompletenessPropertyTest.php" line="76" class="Tests\Property\AuditLogCompletenessPropertyTest" classname="Tests.Property.AuditLogCompletenessPropertyTest" assertions="11" time="0.087425"/>
          <testcase name="test_audit_log_entry_is_created_with_all_required_fields with data set &quot;iteration_11_from_grace_to_active&quot;" file="E:\coupony-backend\tests\Property\AuditLogCompletenessPropertyTest.php" line="76" class="Tests\Property\AuditLogCompletenessPropertyTest" classname="Tests.Property.AuditLogCompletenessPropertyTest" assertions="11" time="0.040217"/>
          <testcase name="test_audit_log_entry_is_created_with_all_required_fields with data set &quot;iteration_12_from_suspended_to_archived&quot;" file="E:\coupony-backend\tests\Property\AuditLogCompletenessPropertyTest.php" line="76" class="Tests\Property\AuditLogCompletenessPropertyTest" classname="Tests.Property.AuditLogCompletenessPropertyTest" assertions="11" time="0.037803"/>
          <testcase name="test_audit_log_entry_is_created_with_all_required_fields with data set &quot;iteration_13_from_active_to_grace&quot;" file="E:\coupony-backend\tests\Property\AuditLogCompletenessPropertyTest.php" line="76" class="Tests\Property\AuditLogCompletenessPropertyTest" classname="Tests.Property.AuditLogCompletenessPropertyTest" assertions="11" time="0.041475"/>
          <testcase name="test_audit_log_entry_is_created_with_all_required_fields with data set &quot;iteration_14_from_grace_to_degraded&quot;" file="E:\coupony-backend\tests\Property\AuditLogCompletenessPropertyTest.php" line="76" class="Tests\Property\AuditLogCompletenessPropertyTest" classname="Tests.Property.AuditLogCompletenessPropertyTest" assertions="11" time="0.043710"/>
          <testcase name="test_audit_log_entry_is_created_with_all_required_fields with data set &quot;iteration_15_from_trial_to_none&quot;" file="E:\coupony-backend\tests\Property\AuditLogCompletenessPropertyTest.php" line="76" class="Tests\Property\AuditLogCompletenessPropertyTest" classname="Tests.Property.AuditLogCompletenessPropertyTest" assertions="11" time="0.041343"/>
          <testcase name="test_audit_log_entry_is_created_with_all_required_fields with data set &quot;iteration_16_from_none_to_trial&quot;" file="E:\coupony-backend\tests\Property\AuditLogCompletenessPropertyTest.php" line="76" class="Tests\Property\AuditLogCompletenessPropertyTest" classname="Tests.Property.AuditLogCompletenessPropertyTest" assertions="11" time="0.041941"/>
          <testcase name="test_audit_log_entry_is_created_with_all_required_fields with data set &quot;iteration_17_from_trial_to_none&quot;" file="E:\coupony-backend\tests\Property\AuditLogCompletenessPropertyTest.php" line="76" class="Tests\Property\AuditLogCompletenessPropertyTest" classname="Tests.Property.AuditLogCompletenessPropertyTest" assertions="11" time="0.039121"/>
          <testcase name="test_audit_log_entry_is_created_with_all_required_fields with data set &quot;iteration_18_from_grace_to_active&quot;" file="E:\coupony-backend\tests\Property\AuditLogCompletenessPropertyTest.php" line="76" class="Tests\Property\AuditLogCompletenessPropertyTest" classname="Tests.Property.AuditLogCompletenessPropertyTest" assertions="11" time="0.039098"/>
          <testcase name="test_audit_log_entry_is_created_with_all_required_fields with data set &quot;iteration_19_from_suspended_to_active&quot;" file="E:\coupony-backend\tests\Property\AuditLogCompletenessPropertyTest.php" line="76" class="Tests\Property\AuditLogCompletenessPropertyTest" classname="Tests.Property.AuditLogCompletenessPropertyTest" assertions="11" time="0.040256"/>
          <testcase name="test_audit_log_entry_is_created_with_all_required_fields with data set &quot;iteration_20_from_suspended_to_active&quot;" file="E:\coupony-backend\tests\Property\AuditLogCompletenessPropertyTest.php" line="76" class="Tests\Property\AuditLogCompletenessPropertyTest" classname="Tests.Property.AuditLogCompletenessPropertyTest" assertions="11" time="0.082903"/>
          <testcase name="test_audit_log_entry_is_created_with_all_required_fields with data set &quot;iteration_21_from_suspended_to_active&quot;" file="E:\coupony-backend\tests\Property\AuditLogCompletenessPropertyTest.php" line="76" class="Tests\Property\AuditLogCompletenessPropertyTest" classname="Tests.Property.AuditLogCompletenessPropertyTest" assertions="11" time="0.040251"/>
          <testcase name="test_audit_log_entry_is_created_with_all_required_fields with data set &quot;iteration_22_from_trial_to_none&quot;" file="E:\coupony-backend\tests\Property\AuditLogCompletenessPropertyTest.php" line="76" class="Tests\Property\AuditLogCompletenessPropertyTest" classname="Tests.Property.AuditLogCompletenessPropertyTest" assertions="11" time="0.038424"/>
          <testcase name="test_audit_log_entry_is_created_with_all_required_fields with data set &quot;iteration_23_from_active_to_grace&quot;" file="E:\coupony-backend\tests\Property\AuditLogCompletenessPropertyTest.php" line="76" class="Tests\Property\AuditLogCompletenessPropertyTest" classname="Tests.Property.AuditLogCompletenessPropertyTest" assertions="11" time="0.037846"/>
          <testcase name="test_audit_log_entry_is_created_with_all_required_fields with data set &quot;iteration_24_from_trial_to_active&quot;" file="E:\coupony-backend\tests\Property\AuditLogCompletenessPropertyTest.php" line="76" class="Tests\Property\AuditLogCompletenessPropertyTest" classname="Tests.Property.AuditLogCompletenessPropertyTest" assertions="11" time="0.039054"/>
          <testcase name="test_audit_log_entry_is_created_with_all_required_fields with data set &quot;iteration_25_from_grace_to_active&quot;" file="E:\coupony-backend\tests\Property\AuditLogCompletenessPropertyTest.php" line="76" class="Tests\Property\AuditLogCompletenessPropertyTest" classname="Tests.Property.AuditLogCompletenessPropertyTest" assertions="11" time="0.039266"/>
          <testcase name="test_audit_log_entry_is_created_with_all_required_fields with data set &quot;iteration_26_from_active_to_grace&quot;" file="E:\coupony-backend\tests\Property\AuditLogCompletenessPropertyTest.php" line="76" class="Tests\Property\AuditLogCompletenessPropertyTest" classname="Tests.Property.AuditLogCompletenessPropertyTest" assertions="11" time="0.040173"/>
          <testcase name="test_audit_log_entry_is_created_with_all_required_fields with data set &quot;iteration_27_from_grace_to_degraded&quot;" file="E:\coupony-backend\tests\Property\AuditLogCompletenessPropertyTest.php" line="76" class="Tests\Property\AuditLogCompletenessPropertyTest" classname="Tests.Property.AuditLogCompletenessPropertyTest" assertions="11" time="0.038695"/>
          <testcase name="test_audit_log_entry_is_created_with_all_required_fields with data set &quot;iteration_28_from_suspended_to_archived&quot;" file="E:\coupony-backend\tests\Property\AuditLogCompletenessPropertyTest.php" line="76" class="Tests\Property\AuditLogCompletenessPropertyTest" classname="Tests.Property.AuditLogCompletenessPropertyTest" assertions="11" time="0.040794"/>
          <testcase name="test_audit_log_entry_is_created_with_all_required_fields with data set &quot;iteration_29_from_degraded_to_active&quot;" file="E:\coupony-backend\tests\Property\AuditLogCompletenessPropertyTest.php" line="76" class="Tests\Property\AuditLogCompletenessPropertyTest" classname="Tests.Property.AuditLogCompletenessPropertyTest" assertions="11" time="0.090937"/>
          <testcase name="test_audit_log_entry_is_created_with_all_required_fields with data set &quot;iteration_30_from_suspended_to_archived&quot;" file="E:\coupony-backend\tests\Property\AuditLogCompletenessPropertyTest.php" line="76" class="Tests\Property\AuditLogCompletenessPropertyTest" classname="Tests.Property.AuditLogCompletenessPropertyTest" assertions="11" time="0.043659"/>
          <testcase name="test_audit_log_entry_is_created_with_all_required_fields with data set &quot;iteration_31_from_grace_to_active&quot;" file="E:\coupony-backend\tests\Property\AuditLogCompletenessPropertyTest.php" line="76" class="Tests\Property\AuditLogCompletenessPropertyTest" classname="Tests.Property.AuditLogCompletenessPropertyTest" assertions="11" time="0.038169"/>
          <testcase name="test_audit_log_entry_is_created_with_all_required_fields with data set &quot;iteration_32_from_grace_to_degraded&quot;" file="E:\coupony-backend\tests\Property\AuditLogCompletenessPropertyTest.php" line="76" class="Tests\Property\AuditLogCompletenessPropertyTest" classname="Tests.Property.AuditLogCompletenessPropertyTest" assertions="11" time="0.037984"/>
          <testcase name="test_audit_log_entry_is_created_with_all_required_fields with data set &quot;iteration_33_from_suspended_to_archived&quot;" file="E:\coupony-backend\tests\Property\AuditLogCompletenessPropertyTest.php" line="76" class="Tests\Property\AuditLogCompletenessPropertyTest" classname="Tests.Property.AuditLogCompletenessPropertyTest" assertions="11" time="0.038347"/>
          <testcase name="test_audit_log_entry_is_created_with_all_required_fields with data set &quot;iteration_34_from_active_to_grace&quot;" file="E:\coupony-backend\tests\Property\AuditLogCompletenessPropertyTest.php" line="76" class="Tests\Property\AuditLogCompletenessPropertyTest" classname="Tests.Property.AuditLogCompletenessPropertyTest" assertions="11" time="0.037111"/>
          <testcase name="test_audit_log_entry_is_created_with_all_required_fields with data set &quot;iteration_35_from_trial_to_none&quot;" file="E:\coupony-backend\tests\Property\AuditLogCompletenessPropertyTest.php" line="76" class="Tests\Property\AuditLogCompletenessPropertyTest" classname="Tests.Property.AuditLogCompletenessPropertyTest" assertions="11" time="0.038841"/>
          <testcase name="test_audit_log_entry_is_created_with_all_required_fields with data set &quot;iteration_36_from_grace_to_active&quot;" file="E:\coupony-backend\tests\Property\AuditLogCompletenessPropertyTest.php" line="76" class="Tests\Property\AuditLogCompletenessPropertyTest" classname="Tests.Property.AuditLogCompletenessPropertyTest" assertions="11" time="0.038923"/>
          <testcase name="test_audit_log_entry_is_created_with_all_required_fields with data set &quot;iteration_37_from_none_to_trial&quot;" file="E:\coupony-backend\tests\Property\AuditLogCompletenessPropertyTest.php" line="76" class="Tests\Property\AuditLogCompletenessPropertyTest" classname="Tests.Property.AuditLogCompletenessPropertyTest" assertions="11" time="0.040642"/>
          <testcase name="test_audit_log_entry_is_created_with_all_required_fields with data set &quot;iteration_38_from_degraded_to_suspended&quot;" file="E:\coupony-backend\tests\Property\AuditLogCompletenessPropertyTest.php" line="76" class="Tests\Property\AuditLogCompletenessPropertyTest" classname="Tests.Property.AuditLogCompletenessPropertyTest" assertions="11" time="0.040751"/>
          <testcase name="test_audit_log_entry_is_created_with_all_required_fields with data set &quot;iteration_39_from_degraded_to_active&quot;" file="E:\coupony-backend\tests\Property\AuditLogCompletenessPropertyTest.php" line="76" class="Tests\Property\AuditLogCompletenessPropertyTest" classname="Tests.Property.AuditLogCompletenessPropertyTest" assertions="11" time="0.077190"/>
          <testcase name="test_audit_log_entry_is_created_with_all_required_fields with data set &quot;iteration_40_from_grace_to_active&quot;" file="E:\coupony-backend\tests\Property\AuditLogCompletenessPropertyTest.php" line="76" class="Tests\Property\AuditLogCompletenessPropertyTest" classname="Tests.Property.AuditLogCompletenessPropertyTest" assertions="11" time="0.038675"/>
          <testcase name="test_audit_log_entry_is_created_with_all_required_fields with data set &quot;iteration_41_from_degraded_to_suspended&quot;" file="E:\coupony-backend\tests\Property\AuditLogCompletenessPropertyTest.php" line="76" class="Tests\Property\AuditLogCompletenessPropertyTest" classname="Tests.Property.AuditLogCompletenessPropertyTest" assertions="11" time="0.038669"/>
          <testcase name="test_audit_log_entry_is_created_with_all_required_fields with data set &quot;iteration_42_from_trial_to_active&quot;" file="E:\coupony-backend\tests\Property\AuditLogCompletenessPropertyTest.php" line="76" class="Tests\Property\AuditLogCompletenessPropertyTest" classname="Tests.Property.AuditLogCompletenessPropertyTest" assertions="11" time="0.038388"/>
          <testcase name="test_audit_log_entry_is_created_with_all_required_fields with data set &quot;iteration_43_from_grace_to_degraded&quot;" file="E:\coupony-backend\tests\Property\AuditLogCompletenessPropertyTest.php" line="76" class="Tests\Property\AuditLogCompletenessPropertyTest" classname="Tests.Property.AuditLogCompletenessPropertyTest" assertions="11" time="0.042381"/>
          <testcase name="test_audit_log_entry_is_created_with_all_required_fields with data set &quot;iteration_44_from_active_to_grace&quot;" file="E:\coupony-backend\tests\Property\AuditLogCompletenessPropertyTest.php" line="76" class="Tests\Property\AuditLogCompletenessPropertyTest" classname="Tests.Property.AuditLogCompletenessPropertyTest" assertions="11" time="0.039487"/>
          <testcase name="test_audit_log_entry_is_created_with_all_required_fields with data set &quot;iteration_45_from_degraded_to_active&quot;" file="E:\coupony-backend\tests\Property\AuditLogCompletenessPropertyTest.php" line="76" class="Tests\Property\AuditLogCompletenessPropertyTest" classname="Tests.Property.AuditLogCompletenessPropertyTest" assertions="11" time="0.038170"/>
          <testcase name="test_audit_log_entry_is_created_with_all_required_fields with data set &quot;iteration_46_from_suspended_to_archived&quot;" file="E:\coupony-backend\tests\Property\AuditLogCompletenessPropertyTest.php" line="76" class="Tests\Property\AuditLogCompletenessPropertyTest" classname="Tests.Property.AuditLogCompletenessPropertyTest" assertions="11" time="0.039434"/>
          <testcase name="test_audit_log_entry_is_created_with_all_required_fields with data set &quot;iteration_47_from_active_to_grace&quot;" file="E:\coupony-backend\tests\Property\AuditLogCompletenessPropertyTest.php" line="76" class="Tests\Property\AuditLogCompletenessPropertyTest" classname="Tests.Property.AuditLogCompletenessPropertyTest" assertions="11" time="0.037671"/>
          <testcase name="test_audit_log_entry_is_created_with_all_required_fields with data set &quot;iteration_48_from_grace_to_active&quot;" file="E:\coupony-backend\tests\Property\AuditLogCompletenessPropertyTest.php" line="76" class="Tests\Property\AuditLogCompletenessPropertyTest" classname="Tests.Property.AuditLogCompletenessPropertyTest" assertions="11" time="0.089768"/>
          <testcase name="test_audit_log_entry_is_created_with_all_required_fields with data set &quot;iteration_49_from_none_to_active&quot;" file="E:\coupony-backend\tests\Property\AuditLogCompletenessPropertyTest.php" line="76" class="Tests\Property\AuditLogCompletenessPropertyTest" classname="Tests.Property.AuditLogCompletenessPropertyTest" assertions="11" time="0.042801"/>
          <testcase name="test_audit_log_entry_is_created_with_all_required_fields with data set &quot;iteration_50_from_degraded_to_active&quot;" file="E:\coupony-backend\tests\Property\AuditLogCompletenessPropertyTest.php" line="76" class="Tests\Property\AuditLogCompletenessPropertyTest" classname="Tests.Property.AuditLogCompletenessPropertyTest" assertions="11" time="0.041591"/>
          <testcase name="test_audit_log_entry_is_created_with_all_required_fields with data set &quot;iteration_51_from_grace_to_degraded&quot;" file="E:\coupony-backend\tests\Property\AuditLogCompletenessPropertyTest.php" line="76" class="Tests\Property\AuditLogCompletenessPropertyTest" classname="Tests.Property.AuditLogCompletenessPropertyTest" assertions="11" time="0.038953"/>
          <testcase name="test_audit_log_entry_is_created_with_all_required_fields with data set &quot;iteration_52_from_trial_to_none&quot;" file="E:\coupony-backend\tests\Property\AuditLogCompletenessPropertyTest.php" line="76" class="Tests\Property\AuditLogCompletenessPropertyTest" classname="Tests.Property.AuditLogCompletenessPropertyTest" assertions="11" time="0.038773"/>
          <testcase name="test_audit_log_entry_is_created_with_all_required_fields with data set &quot;iteration_53_from_trial_to_none&quot;" file="E:\coupony-backend\tests\Property\AuditLogCompletenessPropertyTest.php" line="76" class="Tests\Property\AuditLogCompletenessPropertyTest" classname="Tests.Property.AuditLogCompletenessPropertyTest" assertions="11" time="0.039455"/>
          <testcase name="test_audit_log_entry_is_created_with_all_required_fields with data set &quot;iteration_54_from_trial_to_active&quot;" file="E:\coupony-backend\tests\Property\AuditLogCompletenessPropertyTest.php" line="76" class="Tests\Property\AuditLogCompletenessPropertyTest" classname="Tests.Property.AuditLogCompletenessPropertyTest" assertions="11" time="0.040447"/>
          <testcase name="test_audit_log_entry_is_created_with_all_required_fields with data set &quot;iteration_55_from_trial_to_none&quot;" file="E:\coupony-backend\tests\Property\AuditLogCompletenessPropertyTest.php" line="76" class="Tests\Property\AuditLogCompletenessPropertyTest" classname="Tests.Property.AuditLogCompletenessPropertyTest" assertions="11" time="0.039269"/>
          <testcase name="test_audit_log_entry_is_created_with_all_required_fields with data set &quot;iteration_56_from_trial_to_active&quot;" file="E:\coupony-backend\tests\Property\AuditLogCompletenessPropertyTest.php" line="76" class="Tests\Property\AuditLogCompletenessPropertyTest" classname="Tests.Property.AuditLogCompletenessPropertyTest" assertions="11" time="0.038641"/>
          <testcase name="test_audit_log_entry_is_created_with_all_required_fields with data set &quot;iteration_57_from_degraded_to_suspended&quot;" file="E:\coupony-backend\tests\Property\AuditLogCompletenessPropertyTest.php" line="76" class="Tests\Property\AuditLogCompletenessPropertyTest" classname="Tests.Property.AuditLogCompletenessPropertyTest" assertions="11" time="0.039188"/>
          <testcase name="test_audit_log_entry_is_created_with_all_required_fields with data set &quot;iteration_58_from_grace_to_active&quot;" file="E:\coupony-backend\tests\Property\AuditLogCompletenessPropertyTest.php" line="76" class="Tests\Property\AuditLogCompletenessPropertyTest" classname="Tests.Property.AuditLogCompletenessPropertyTest" assertions="11" time="0.075921"/>
          <testcase name="test_audit_log_entry_is_created_with_all_required_fields with data set &quot;iteration_59_from_active_to_grace&quot;" file="E:\coupony-backend\tests\Property\AuditLogCompletenessPropertyTest.php" line="76" class="Tests\Property\AuditLogCompletenessPropertyTest" classname="Tests.Property.AuditLogCompletenessPropertyTest" assertions="11" time="0.038503"/>
          <testcase name="test_audit_log_entry_is_created_with_all_required_fields with data set &quot;iteration_60_from_grace_to_degraded&quot;" file="E:\coupony-backend\tests\Property\AuditLogCompletenessPropertyTest.php" line="76" class="Tests\Property\AuditLogCompletenessPropertyTest" classname="Tests.Property.AuditLogCompletenessPropertyTest" assertions="11" time="0.039308"/>
          <testcase name="test_audit_log_entry_is_created_with_all_required_fields with data set &quot;iteration_61_from_none_to_active&quot;" file="E:\coupony-backend\tests\Property\AuditLogCompletenessPropertyTest.php" line="76" class="Tests\Property\AuditLogCompletenessPropertyTest" classname="Tests.Property.AuditLogCompletenessPropertyTest" assertions="11" time="0.037728"/>
          <testcase name="test_audit_log_entry_is_created_with_all_required_fields with data set &quot;iteration_62_from_active_to_grace&quot;" file="E:\coupony-backend\tests\Property\AuditLogCompletenessPropertyTest.php" line="76" class="Tests\Property\AuditLogCompletenessPropertyTest" classname="Tests.Property.AuditLogCompletenessPropertyTest" assertions="11" time="0.040053"/>
          <testcase name="test_audit_log_entry_is_created_with_all_required_fields with data set &quot;iteration_63_from_suspended_to_active&quot;" file="E:\coupony-backend\tests\Property\AuditLogCompletenessPropertyTest.php" line="76" class="Tests\Property\AuditLogCompletenessPropertyTest" classname="Tests.Property.AuditLogCompletenessPropertyTest" assertions="11" time="0.038965"/>
          <testcase name="test_audit_log_entry_is_created_with_all_required_fields with data set &quot;iteration_64_from_none_to_active&quot;" file="E:\coupony-backend\tests\Property\AuditLogCompletenessPropertyTest.php" line="76" class="Tests\Property\AuditLogCompletenessPropertyTest" classname="Tests.Property.AuditLogCompletenessPropertyTest" assertions="11" time="0.040011"/>
          <testcase name="test_audit_log_entry_is_created_with_all_required_fields with data set &quot;iteration_65_from_none_to_active&quot;" file="E:\coupony-backend\tests\Property\AuditLogCompletenessPropertyTest.php" line="76" class="Tests\Property\AuditLogCompletenessPropertyTest" classname="Tests.Property.AuditLogCompletenessPropertyTest" assertions="11" time="0.036936"/>
          <testcase name="test_audit_log_entry_is_created_with_all_required_fields with data set &quot;iteration_66_from_active_to_grace&quot;" file="E:\coupony-backend\tests\Property\AuditLogCompletenessPropertyTest.php" line="76" class="Tests\Property\AuditLogCompletenessPropertyTest" classname="Tests.Property.AuditLogCompletenessPropertyTest" assertions="11" time="0.038911"/>
          <testcase name="test_audit_log_entry_is_created_with_all_required_fields with data set &quot;iteration_67_from_none_to_active&quot;" file="E:\coupony-backend\tests\Property\AuditLogCompletenessPropertyTest.php" line="76" class="Tests\Property\AuditLogCompletenessPropertyTest" classname="Tests.Property.AuditLogCompletenessPropertyTest" assertions="11" time="0.088169"/>
          <testcase name="test_audit_log_entry_is_created_with_all_required_fields with data set &quot;iteration_68_from_suspended_to_archived&quot;" file="E:\coupony-backend\tests\Property\AuditLogCompletenessPropertyTest.php" line="76" class="Tests\Property\AuditLogCompletenessPropertyTest" classname="Tests.Property.AuditLogCompletenessPropertyTest" assertions="11" time="0.040069"/>
          <testcase name="test_audit_log_entry_is_created_with_all_required_fields with data set &quot;iteration_69_from_trial_to_none&quot;" file="E:\coupony-backend\tests\Property\AuditLogCompletenessPropertyTest.php" line="76" class="Tests\Property\AuditLogCompletenessPropertyTest" classname="Tests.Property.AuditLogCompletenessPropertyTest" assertions="11" time="0.039376"/>
          <testcase name="test_audit_log_entry_is_created_with_all_required_fields with data set &quot;iteration_70_from_none_to_active&quot;" file="E:\coupony-backend\tests\Property\AuditLogCompletenessPropertyTest.php" line="76" class="Tests\Property\AuditLogCompletenessPropertyTest" classname="Tests.Property.AuditLogCompletenessPropertyTest" assertions="11" time="0.038149"/>
          <testcase name="test_audit_log_entry_is_created_with_all_required_fields with data set &quot;iteration_71_from_grace_to_degraded&quot;" file="E:\coupony-backend\tests\Property\AuditLogCompletenessPropertyTest.php" line="76" class="Tests\Property\AuditLogCompletenessPropertyTest" classname="Tests.Property.AuditLogCompletenessPropertyTest" assertions="11" time="0.039540"/>
          <testcase name="test_audit_log_entry_is_created_with_all_required_fields with data set &quot;iteration_72_from_trial_to_none&quot;" file="E:\coupony-backend\tests\Property\AuditLogCompletenessPropertyTest.php" line="76" class="Tests\Property\AuditLogCompletenessPropertyTest" classname="Tests.Property.AuditLogCompletenessPropertyTest" assertions="11" time="0.040441"/>
          <testcase name="test_audit_log_entry_is_created_with_all_required_fields with data set &quot;iteration_73_from_degraded_to_suspended&quot;" file="E:\coupony-backend\tests\Property\AuditLogCompletenessPropertyTest.php" line="76" class="Tests\Property\AuditLogCompletenessPropertyTest" classname="Tests.Property.AuditLogCompletenessPropertyTest" assertions="11" time="0.047631"/>
          <testcase name="test_audit_log_entry_is_created_with_all_required_fields with data set &quot;iteration_74_from_suspended_to_active&quot;" file="E:\coupony-backend\tests\Property\AuditLogCompletenessPropertyTest.php" line="76" class="Tests\Property\AuditLogCompletenessPropertyTest" classname="Tests.Property.AuditLogCompletenessPropertyTest" assertions="11" time="0.041317"/>
          <testcase name="test_audit_log_entry_is_created_with_all_required_fields with data set &quot;iteration_75_from_active_to_grace&quot;" file="E:\coupony-backend\tests\Property\AuditLogCompletenessPropertyTest.php" line="76" class="Tests\Property\AuditLogCompletenessPropertyTest" classname="Tests.Property.AuditLogCompletenessPropertyTest" assertions="11" time="0.040635"/>
          <testcase name="test_audit_log_entry_is_created_with_all_required_fields with data set &quot;iteration_76_from_suspended_to_archived&quot;" file="E:\coupony-backend\tests\Property\AuditLogCompletenessPropertyTest.php" line="76" class="Tests\Property\AuditLogCompletenessPropertyTest" classname="Tests.Property.AuditLogCompletenessPropertyTest" assertions="11" time="0.040367"/>
          <testcase name="test_audit_log_entry_is_created_with_all_required_fields with data set &quot;iteration_77_from_active_to_grace&quot;" file="E:\coupony-backend\tests\Property\AuditLogCompletenessPropertyTest.php" line="76" class="Tests\Property\AuditLogCompletenessPropertyTest" classname="Tests.Property.AuditLogCompletenessPropertyTest" assertions="11" time="0.077989"/>
          <testcase name="test_audit_log_entry_is_created_with_all_required_fields with data set &quot;iteration_78_from_none_to_trial&quot;" file="E:\coupony-backend\tests\Property\AuditLogCompletenessPropertyTest.php" line="76" class="Tests\Property\AuditLogCompletenessPropertyTest" classname="Tests.Property.AuditLogCompletenessPropertyTest" assertions="11" time="0.038374"/>
          <testcase name="test_audit_log_entry_is_created_with_all_required_fields with data set &quot;iteration_79_from_none_to_active&quot;" file="E:\coupony-backend\tests\Property\AuditLogCompletenessPropertyTest.php" line="76" class="Tests\Property\AuditLogCompletenessPropertyTest" classname="Tests.Property.AuditLogCompletenessPropertyTest" assertions="11" time="0.038409"/>
          <testcase name="test_audit_log_entry_is_created_with_all_required_fields with data set &quot;iteration_80_from_grace_to_degraded&quot;" file="E:\coupony-backend\tests\Property\AuditLogCompletenessPropertyTest.php" line="76" class="Tests\Property\AuditLogCompletenessPropertyTest" classname="Tests.Property.AuditLogCompletenessPropertyTest" assertions="11" time="0.037586"/>
          <testcase name="test_audit_log_entry_is_created_with_all_required_fields with data set &quot;iteration_81_from_active_to_grace&quot;" file="E:\coupony-backend\tests\Property\AuditLogCompletenessPropertyTest.php" line="76" class="Tests\Property\AuditLogCompletenessPropertyTest" classname="Tests.Property.AuditLogCompletenessPropertyTest" assertions="11" time="0.037931"/>
          <testcase name="test_audit_log_entry_is_created_with_all_required_fields with data set &quot;iteration_82_from_trial_to_active&quot;" file="E:\coupony-backend\tests\Property\AuditLogCompletenessPropertyTest.php" line="76" class="Tests\Property\AuditLogCompletenessPropertyTest" classname="Tests.Property.AuditLogCompletenessPropertyTest" assertions="11" time="0.037176"/>
          <testcase name="test_audit_log_entry_is_created_with_all_required_fields with data set &quot;iteration_83_from_none_to_trial&quot;" file="E:\coupony-backend\tests\Property\AuditLogCompletenessPropertyTest.php" line="76" class="Tests\Property\AuditLogCompletenessPropertyTest" classname="Tests.Property.AuditLogCompletenessPropertyTest" assertions="11" time="0.037989"/>
          <testcase name="test_audit_log_entry_is_created_with_all_required_fields with data set &quot;iteration_84_from_degraded_to_suspended&quot;" file="E:\coupony-backend\tests\Property\AuditLogCompletenessPropertyTest.php" line="76" class="Tests\Property\AuditLogCompletenessPropertyTest" classname="Tests.Property.AuditLogCompletenessPropertyTest" assertions="11" time="0.038516"/>
          <testcase name="test_audit_log_entry_is_created_with_all_required_fields with data set &quot;iteration_85_from_trial_to_active&quot;" file="E:\coupony-backend\tests\Property\AuditLogCompletenessPropertyTest.php" line="76" class="Tests\Property\AuditLogCompletenessPropertyTest" classname="Tests.Property.AuditLogCompletenessPropertyTest" assertions="11" time="0.037108"/>
          <testcase name="test_audit_log_entry_is_created_with_all_required_fields with data set &quot;iteration_86_from_grace_to_degraded&quot;" file="E:\coupony-backend\tests\Property\AuditLogCompletenessPropertyTest.php" line="76" class="Tests\Property\AuditLogCompletenessPropertyTest" classname="Tests.Property.AuditLogCompletenessPropertyTest" assertions="11" time="0.087603"/>
          <testcase name="test_audit_log_entry_is_created_with_all_required_fields with data set &quot;iteration_87_from_suspended_to_active&quot;" file="E:\coupony-backend\tests\Property\AuditLogCompletenessPropertyTest.php" line="76" class="Tests\Property\AuditLogCompletenessPropertyTest" classname="Tests.Property.AuditLogCompletenessPropertyTest" assertions="11" time="0.039018"/>
          <testcase name="test_audit_log_entry_is_created_with_all_required_fields with data set &quot;iteration_88_from_grace_to_degraded&quot;" file="E:\coupony-backend\tests\Property\AuditLogCompletenessPropertyTest.php" line="76" class="Tests\Property\AuditLogCompletenessPropertyTest" classname="Tests.Property.AuditLogCompletenessPropertyTest" assertions="11" time="0.042415"/>
          <testcase name="test_audit_log_entry_is_created_with_all_required_fields with data set &quot;iteration_89_from_none_to_active&quot;" file="E:\coupony-backend\tests\Property\AuditLogCompletenessPropertyTest.php" line="76" class="Tests\Property\AuditLogCompletenessPropertyTest" classname="Tests.Property.AuditLogCompletenessPropertyTest" assertions="11" time="0.038218"/>
          <testcase name="test_audit_log_entry_is_created_with_all_required_fields with data set &quot;iteration_90_from_active_to_grace&quot;" file="E:\coupony-backend\tests\Property\AuditLogCompletenessPropertyTest.php" line="76" class="Tests\Property\AuditLogCompletenessPropertyTest" classname="Tests.Property.AuditLogCompletenessPropertyTest" assertions="11" time="0.037923"/>
          <testcase name="test_audit_log_entry_is_created_with_all_required_fields with data set &quot;iteration_91_from_suspended_to_active&quot;" file="E:\coupony-backend\tests\Property\AuditLogCompletenessPropertyTest.php" line="76" class="Tests\Property\AuditLogCompletenessPropertyTest" classname="Tests.Property.AuditLogCompletenessPropertyTest" assertions="11" time="0.038201"/>
          <testcase name="test_audit_log_entry_is_created_with_all_required_fields with data set &quot;iteration_92_from_degraded_to_active&quot;" file="E:\coupony-backend\tests\Property\AuditLogCompletenessPropertyTest.php" line="76" class="Tests\Property\AuditLogCompletenessPropertyTest" classname="Tests.Property.AuditLogCompletenessPropertyTest" assertions="11" time="0.037912"/>
          <testcase name="test_audit_log_entry_is_created_with_all_required_fields with data set &quot;iteration_93_from_suspended_to_active&quot;" file="E:\coupony-backend\tests\Property\AuditLogCompletenessPropertyTest.php" line="76" class="Tests\Property\AuditLogCompletenessPropertyTest" classname="Tests.Property.AuditLogCompletenessPropertyTest" assertions="11" time="0.038672"/>
          <testcase name="test_audit_log_entry_is_created_with_all_required_fields with data set &quot;iteration_94_from_grace_to_active&quot;" file="E:\coupony-backend\tests\Property\AuditLogCompletenessPropertyTest.php" line="76" class="Tests\Property\AuditLogCompletenessPropertyTest" classname="Tests.Property.AuditLogCompletenessPropertyTest" assertions="11" time="0.040655"/>
          <testcase name="test_audit_log_entry_is_created_with_all_required_fields with data set &quot;iteration_95_from_none_to_active&quot;" file="E:\coupony-backend\tests\Property\AuditLogCompletenessPropertyTest.php" line="76" class="Tests\Property\AuditLogCompletenessPropertyTest" classname="Tests.Property.AuditLogCompletenessPropertyTest" assertions="11" time="0.039513"/>
          <testcase name="test_audit_log_entry_is_created_with_all_required_fields with data set &quot;iteration_96_from_none_to_active&quot;" file="E:\coupony-backend\tests\Property\AuditLogCompletenessPropertyTest.php" line="76" class="Tests\Property\AuditLogCompletenessPropertyTest" classname="Tests.Property.AuditLogCompletenessPropertyTest" assertions="11" time="0.079414"/>
          <testcase name="test_audit_log_entry_is_created_with_all_required_fields with data set &quot;iteration_97_from_trial_to_none&quot;" file="E:\coupony-backend\tests\Property\AuditLogCompletenessPropertyTest.php" line="76" class="Tests\Property\AuditLogCompletenessPropertyTest" classname="Tests.Property.AuditLogCompletenessPropertyTest" assertions="11" time="0.038101"/>
          <testcase name="test_audit_log_entry_is_created_with_all_required_fields with data set &quot;iteration_98_from_suspended_to_archived&quot;" file="E:\coupony-backend\tests\Property\AuditLogCompletenessPropertyTest.php" line="76" class="Tests\Property\AuditLogCompletenessPropertyTest" classname="Tests.Property.AuditLogCompletenessPropertyTest" assertions="11" time="0.039246"/>
          <testcase name="test_audit_log_entry_is_created_with_all_required_fields with data set &quot;iteration_99_from_trial_to_none&quot;" file="E:\coupony-backend\tests\Property\AuditLogCompletenessPropertyTest.php" line="76" class="Tests\Property\AuditLogCompletenessPropertyTest" classname="Tests.Property.AuditLogCompletenessPropertyTest" assertions="11" time="0.038152"/>
        </testsuite>
      </testsuite>
      <testsuite name="Tests\Property\BlockedStatusEnforcementPropertyTest" file="E:\coupony-backend\tests\Property\BlockedStatusEnforcementPropertyTest.php" tests="105" assertions="315" errors="0" failures="0" skipped="0" time="4.604797">
        <testsuite name="Tests\Property\BlockedStatusEnforcementPropertyTest::test_blocked_status_returns_403_with_correct_error_code" tests="105" assertions="315" errors="0" failures="0" skipped="0" time="4.604797">
          <testcase name="test_blocked_status_returns_403_with_correct_error_code with data set &quot;iteration_0_suspended_DELETE&quot;" file="E:\coupony-backend\tests\Property\BlockedStatusEnforcementPropertyTest.php" line="73" class="Tests\Property\BlockedStatusEnforcementPropertyTest" classname="Tests.Property.BlockedStatusEnforcementPropertyTest" assertions="3" time="0.041784"/>
          <testcase name="test_blocked_status_returns_403_with_correct_error_code with data set &quot;iteration_1_suspended_GET&quot;" file="E:\coupony-backend\tests\Property\BlockedStatusEnforcementPropertyTest.php" line="73" class="Tests\Property\BlockedStatusEnforcementPropertyTest" classname="Tests.Property.BlockedStatusEnforcementPropertyTest" assertions="3" time="0.037249"/>
          <testcase name="test_blocked_status_returns_403_with_correct_error_code with data set &quot;iteration_2_suspended_PATCH&quot;" file="E:\coupony-backend\tests\Property\BlockedStatusEnforcementPropertyTest.php" line="73" class="Tests\Property\BlockedStatusEnforcementPropertyTest" classname="Tests.Property.BlockedStatusEnforcementPropertyTest" assertions="3" time="0.039414"/>
          <testcase name="test_blocked_status_returns_403_with_correct_error_code with data set &quot;iteration_3_none_POST&quot;" file="E:\coupony-backend\tests\Property\BlockedStatusEnforcementPropertyTest.php" line="73" class="Tests\Property\BlockedStatusEnforcementPropertyTest" classname="Tests.Property.BlockedStatusEnforcementPropertyTest" assertions="3" time="0.038672"/>
          <testcase name="test_blocked_status_returns_403_with_correct_error_code with data set &quot;iteration_4_none_PATCH&quot;" file="E:\coupony-backend\tests\Property\BlockedStatusEnforcementPropertyTest.php" line="73" class="Tests\Property\BlockedStatusEnforcementPropertyTest" classname="Tests.Property.BlockedStatusEnforcementPropertyTest" assertions="3" time="0.086591"/>
          <testcase name="test_blocked_status_returns_403_with_correct_error_code with data set &quot;iteration_5_archived_POST&quot;" file="E:\coupony-backend\tests\Property\BlockedStatusEnforcementPropertyTest.php" line="73" class="Tests\Property\BlockedStatusEnforcementPropertyTest" classname="Tests.Property.BlockedStatusEnforcementPropertyTest" assertions="3" time="0.036910"/>
          <testcase name="test_blocked_status_returns_403_with_correct_error_code with data set &quot;iteration_6_suspended_PUT&quot;" file="E:\coupony-backend\tests\Property\BlockedStatusEnforcementPropertyTest.php" line="73" class="Tests\Property\BlockedStatusEnforcementPropertyTest" classname="Tests.Property.BlockedStatusEnforcementPropertyTest" assertions="3" time="0.038927"/>
          <testcase name="test_blocked_status_returns_403_with_correct_error_code with data set &quot;iteration_7_suspended_POST&quot;" file="E:\coupony-backend\tests\Property\BlockedStatusEnforcementPropertyTest.php" line="73" class="Tests\Property\BlockedStatusEnforcementPropertyTest" classname="Tests.Property.BlockedStatusEnforcementPropertyTest" assertions="3" time="0.038617"/>
          <testcase name="test_blocked_status_returns_403_with_correct_error_code with data set &quot;iteration_8_none_DELETE&quot;" file="E:\coupony-backend\tests\Property\BlockedStatusEnforcementPropertyTest.php" line="73" class="Tests\Property\BlockedStatusEnforcementPropertyTest" classname="Tests.Property.BlockedStatusEnforcementPropertyTest" assertions="3" time="0.039056"/>
          <testcase name="test_blocked_status_returns_403_with_correct_error_code with data set &quot;iteration_9_suspended_PUT&quot;" file="E:\coupony-backend\tests\Property\BlockedStatusEnforcementPropertyTest.php" line="73" class="Tests\Property\BlockedStatusEnforcementPropertyTest" classname="Tests.Property.BlockedStatusEnforcementPropertyTest" assertions="3" time="0.039242"/>
          <testcase name="test_blocked_status_returns_403_with_correct_error_code with data set &quot;iteration_10_suspended_GET&quot;" file="E:\coupony-backend\tests\Property\BlockedStatusEnforcementPropertyTest.php" line="73" class="Tests\Property\BlockedStatusEnforcementPropertyTest" classname="Tests.Property.BlockedStatusEnforcementPropertyTest" assertions="3" time="0.037715"/>
          <testcase name="test_blocked_status_returns_403_with_correct_error_code with data set &quot;iteration_11_suspended_PUT&quot;" file="E:\coupony-backend\tests\Property\BlockedStatusEnforcementPropertyTest.php" line="73" class="Tests\Property\BlockedStatusEnforcementPropertyTest" classname="Tests.Property.BlockedStatusEnforcementPropertyTest" assertions="3" time="0.038720"/>
          <testcase name="test_blocked_status_returns_403_with_correct_error_code with data set &quot;iteration_12_suspended_GET&quot;" file="E:\coupony-backend\tests\Property\BlockedStatusEnforcementPropertyTest.php" line="73" class="Tests\Property\BlockedStatusEnforcementPropertyTest" classname="Tests.Property.BlockedStatusEnforcementPropertyTest" assertions="3" time="0.040350"/>
          <testcase name="test_blocked_status_returns_403_with_correct_error_code with data set &quot;iteration_13_archived_PUT&quot;" file="E:\coupony-backend\tests\Property\BlockedStatusEnforcementPropertyTest.php" line="73" class="Tests\Property\BlockedStatusEnforcementPropertyTest" classname="Tests.Property.BlockedStatusEnforcementPropertyTest" assertions="3" time="0.078068"/>
          <testcase name="test_blocked_status_returns_403_with_correct_error_code with data set &quot;iteration_14_none_PUT&quot;" file="E:\coupony-backend\tests\Property\BlockedStatusEnforcementPropertyTest.php" line="73" class="Tests\Property\BlockedStatusEnforcementPropertyTest" classname="Tests.Property.BlockedStatusEnforcementPropertyTest" assertions="3" time="0.038601"/>
          <testcase name="test_blocked_status_returns_403_with_correct_error_code with data set &quot;iteration_15_none_POST&quot;" file="E:\coupony-backend\tests\Property\BlockedStatusEnforcementPropertyTest.php" line="73" class="Tests\Property\BlockedStatusEnforcementPropertyTest" classname="Tests.Property.BlockedStatusEnforcementPropertyTest" assertions="3" time="0.036654"/>
          <testcase name="test_blocked_status_returns_403_with_correct_error_code with data set &quot;iteration_16_suspended_DELETE&quot;" file="E:\coupony-backend\tests\Property\BlockedStatusEnforcementPropertyTest.php" line="73" class="Tests\Property\BlockedStatusEnforcementPropertyTest" classname="Tests.Property.BlockedStatusEnforcementPropertyTest" assertions="3" time="0.040235"/>
          <testcase name="test_blocked_status_returns_403_with_correct_error_code with data set &quot;iteration_17_archived_DELETE&quot;" file="E:\coupony-backend\tests\Property\BlockedStatusEnforcementPropertyTest.php" line="73" class="Tests\Property\BlockedStatusEnforcementPropertyTest" classname="Tests.Property.BlockedStatusEnforcementPropertyTest" assertions="3" time="0.038352"/>
          <testcase name="test_blocked_status_returns_403_with_correct_error_code with data set &quot;iteration_18_archived_POST&quot;" file="E:\coupony-backend\tests\Property\BlockedStatusEnforcementPropertyTest.php" line="73" class="Tests\Property\BlockedStatusEnforcementPropertyTest" classname="Tests.Property.BlockedStatusEnforcementPropertyTest" assertions="3" time="0.037986"/>
          <testcase name="test_blocked_status_returns_403_with_correct_error_code with data set &quot;iteration_19_suspended_GET&quot;" file="E:\coupony-backend\tests\Property\BlockedStatusEnforcementPropertyTest.php" line="73" class="Tests\Property\BlockedStatusEnforcementPropertyTest" classname="Tests.Property.BlockedStatusEnforcementPropertyTest" assertions="3" time="0.042218"/>
          <testcase name="test_blocked_status_returns_403_with_correct_error_code with data set &quot;iteration_20_none_DELETE&quot;" file="E:\coupony-backend\tests\Property\BlockedStatusEnforcementPropertyTest.php" line="73" class="Tests\Property\BlockedStatusEnforcementPropertyTest" classname="Tests.Property.BlockedStatusEnforcementPropertyTest" assertions="3" time="0.037963"/>
          <testcase name="test_blocked_status_returns_403_with_correct_error_code with data set &quot;iteration_21_none_POST&quot;" file="E:\coupony-backend\tests\Property\BlockedStatusEnforcementPropertyTest.php" line="73" class="Tests\Property\BlockedStatusEnforcementPropertyTest" classname="Tests.Property.BlockedStatusEnforcementPropertyTest" assertions="3" time="0.038036"/>
          <testcase name="test_blocked_status_returns_403_with_correct_error_code with data set &quot;iteration_22_suspended_DELETE&quot;" file="E:\coupony-backend\tests\Property\BlockedStatusEnforcementPropertyTest.php" line="73" class="Tests\Property\BlockedStatusEnforcementPropertyTest" classname="Tests.Property.BlockedStatusEnforcementPropertyTest" assertions="3" time="0.038566"/>
          <testcase name="test_blocked_status_returns_403_with_correct_error_code with data set &quot;iteration_23_archived_GET&quot;" file="E:\coupony-backend\tests\Property\BlockedStatusEnforcementPropertyTest.php" line="73" class="Tests\Property\BlockedStatusEnforcementPropertyTest" classname="Tests.Property.BlockedStatusEnforcementPropertyTest" assertions="3" time="0.092249"/>
          <testcase name="test_blocked_status_returns_403_with_correct_error_code with data set &quot;iteration_24_none_PUT&quot;" file="E:\coupony-backend\tests\Property\BlockedStatusEnforcementPropertyTest.php" line="73" class="Tests\Property\BlockedStatusEnforcementPropertyTest" classname="Tests.Property.BlockedStatusEnforcementPropertyTest" assertions="3" time="0.037047"/>
          <testcase name="test_blocked_status_returns_403_with_correct_error_code with data set &quot;iteration_25_archived_PATCH&quot;" file="E:\coupony-backend\tests\Property\BlockedStatusEnforcementPropertyTest.php" line="73" class="Tests\Property\BlockedStatusEnforcementPropertyTest" classname="Tests.Property.BlockedStatusEnforcementPropertyTest" assertions="3" time="0.037804"/>
          <testcase name="test_blocked_status_returns_403_with_correct_error_code with data set &quot;iteration_26_suspended_GET&quot;" file="E:\coupony-backend\tests\Property\BlockedStatusEnforcementPropertyTest.php" line="73" class="Tests\Property\BlockedStatusEnforcementPropertyTest" classname="Tests.Property.BlockedStatusEnforcementPropertyTest" assertions="3" time="0.036833"/>
          <testcase name="test_blocked_status_returns_403_with_correct_error_code with data set &quot;iteration_27_suspended_GET&quot;" file="E:\coupony-backend\tests\Property\BlockedStatusEnforcementPropertyTest.php" line="73" class="Tests\Property\BlockedStatusEnforcementPropertyTest" classname="Tests.Property.BlockedStatusEnforcementPropertyTest" assertions="3" time="0.038521"/>
          <testcase name="test_blocked_status_returns_403_with_correct_error_code with data set &quot;iteration_28_archived_POST&quot;" file="E:\coupony-backend\tests\Property\BlockedStatusEnforcementPropertyTest.php" line="73" class="Tests\Property\BlockedStatusEnforcementPropertyTest" classname="Tests.Property.BlockedStatusEnforcementPropertyTest" assertions="3" time="0.038148"/>
          <testcase name="test_blocked_status_returns_403_with_correct_error_code with data set &quot;iteration_29_archived_POST&quot;" file="E:\coupony-backend\tests\Property\BlockedStatusEnforcementPropertyTest.php" line="73" class="Tests\Property\BlockedStatusEnforcementPropertyTest" classname="Tests.Property.BlockedStatusEnforcementPropertyTest" assertions="3" time="0.040159"/>
          <testcase name="test_blocked_status_returns_403_with_correct_error_code with data set &quot;iteration_30_none_POST&quot;" file="E:\coupony-backend\tests\Property\BlockedStatusEnforcementPropertyTest.php" line="73" class="Tests\Property\BlockedStatusEnforcementPropertyTest" classname="Tests.Property.BlockedStatusEnforcementPropertyTest" assertions="3" time="0.037541"/>
          <testcase name="test_blocked_status_returns_403_with_correct_error_code with data set &quot;iteration_31_suspended_PATCH&quot;" file="E:\coupony-backend\tests\Property\BlockedStatusEnforcementPropertyTest.php" line="73" class="Tests\Property\BlockedStatusEnforcementPropertyTest" classname="Tests.Property.BlockedStatusEnforcementPropertyTest" assertions="3" time="0.037429"/>
          <testcase name="test_blocked_status_returns_403_with_correct_error_code with data set &quot;iteration_32_none_PATCH&quot;" file="E:\coupony-backend\tests\Property\BlockedStatusEnforcementPropertyTest.php" line="73" class="Tests\Property\BlockedStatusEnforcementPropertyTest" classname="Tests.Property.BlockedStatusEnforcementPropertyTest" assertions="3" time="0.075058"/>
          <testcase name="test_blocked_status_returns_403_with_correct_error_code with data set &quot;iteration_33_none_PUT&quot;" file="E:\coupony-backend\tests\Property\BlockedStatusEnforcementPropertyTest.php" line="73" class="Tests\Property\BlockedStatusEnforcementPropertyTest" classname="Tests.Property.BlockedStatusEnforcementPropertyTest" assertions="3" time="0.037606"/>
          <testcase name="test_blocked_status_returns_403_with_correct_error_code with data set &quot;iteration_34_archived_PUT&quot;" file="E:\coupony-backend\tests\Property\BlockedStatusEnforcementPropertyTest.php" line="73" class="Tests\Property\BlockedStatusEnforcementPropertyTest" classname="Tests.Property.BlockedStatusEnforcementPropertyTest" assertions="3" time="0.037563"/>
          <testcase name="test_blocked_status_returns_403_with_correct_error_code with data set &quot;iteration_35_archived_DELETE&quot;" file="E:\coupony-backend\tests\Property\BlockedStatusEnforcementPropertyTest.php" line="73" class="Tests\Property\BlockedStatusEnforcementPropertyTest" classname="Tests.Property.BlockedStatusEnforcementPropertyTest" assertions="3" time="0.038583"/>
          <testcase name="test_blocked_status_returns_403_with_correct_error_code with data set &quot;iteration_36_none_GET&quot;" file="E:\coupony-backend\tests\Property\BlockedStatusEnforcementPropertyTest.php" line="73" class="Tests\Property\BlockedStatusEnforcementPropertyTest" classname="Tests.Property.BlockedStatusEnforcementPropertyTest" assertions="3" time="0.038687"/>
          <testcase name="test_blocked_status_returns_403_with_correct_error_code with data set &quot;iteration_37_none_GET&quot;" file="E:\coupony-backend\tests\Property\BlockedStatusEnforcementPropertyTest.php" line="73" class="Tests\Property\BlockedStatusEnforcementPropertyTest" classname="Tests.Property.BlockedStatusEnforcementPropertyTest" assertions="3" time="0.039739"/>
          <testcase name="test_blocked_status_returns_403_with_correct_error_code with data set &quot;iteration_38_archived_POST&quot;" file="E:\coupony-backend\tests\Property\BlockedStatusEnforcementPropertyTest.php" line="73" class="Tests\Property\BlockedStatusEnforcementPropertyTest" classname="Tests.Property.BlockedStatusEnforcementPropertyTest" assertions="3" time="0.038662"/>
          <testcase name="test_blocked_status_returns_403_with_correct_error_code with data set &quot;iteration_39_suspended_GET&quot;" file="E:\coupony-backend\tests\Property\BlockedStatusEnforcementPropertyTest.php" line="73" class="Tests\Property\BlockedStatusEnforcementPropertyTest" classname="Tests.Property.BlockedStatusEnforcementPropertyTest" assertions="3" time="0.040729"/>
          <testcase name="test_blocked_status_returns_403_with_correct_error_code with data set &quot;iteration_40_none_GET&quot;" file="E:\coupony-backend\tests\Property\BlockedStatusEnforcementPropertyTest.php" line="73" class="Tests\Property\BlockedStatusEnforcementPropertyTest" classname="Tests.Property.BlockedStatusEnforcementPropertyTest" assertions="3" time="0.039528"/>
          <testcase name="test_blocked_status_returns_403_with_correct_error_code with data set &quot;iteration_41_archived_PATCH&quot;" file="E:\coupony-backend\tests\Property\BlockedStatusEnforcementPropertyTest.php" line="73" class="Tests\Property\BlockedStatusEnforcementPropertyTest" classname="Tests.Property.BlockedStatusEnforcementPropertyTest" assertions="3" time="0.039329"/>
          <testcase name="test_blocked_status_returns_403_with_correct_error_code with data set &quot;iteration_42_none_PUT&quot;" file="E:\coupony-backend\tests\Property\BlockedStatusEnforcementPropertyTest.php" line="73" class="Tests\Property\BlockedStatusEnforcementPropertyTest" classname="Tests.Property.BlockedStatusEnforcementPropertyTest" assertions="3" time="0.093372"/>
          <testcase name="test_blocked_status_returns_403_with_correct_error_code with data set &quot;iteration_43_suspended_GET&quot;" file="E:\coupony-backend\tests\Property\BlockedStatusEnforcementPropertyTest.php" line="73" class="Tests\Property\BlockedStatusEnforcementPropertyTest" classname="Tests.Property.BlockedStatusEnforcementPropertyTest" assertions="3" time="0.047737"/>
          <testcase name="test_blocked_status_returns_403_with_correct_error_code with data set &quot;iteration_44_none_GET&quot;" file="E:\coupony-backend\tests\Property\BlockedStatusEnforcementPropertyTest.php" line="73" class="Tests\Property\BlockedStatusEnforcementPropertyTest" classname="Tests.Property.BlockedStatusEnforcementPropertyTest" assertions="3" time="0.041633"/>
          <testcase name="test_blocked_status_returns_403_with_correct_error_code with data set &quot;iteration_45_none_PUT&quot;" file="E:\coupony-backend\tests\Property\BlockedStatusEnforcementPropertyTest.php" line="73" class="Tests\Property\BlockedStatusEnforcementPropertyTest" classname="Tests.Property.BlockedStatusEnforcementPropertyTest" assertions="3" time="0.038629"/>
          <testcase name="test_blocked_status_returns_403_with_correct_error_code with data set &quot;iteration_46_suspended_DELETE&quot;" file="E:\coupony-backend\tests\Property\BlockedStatusEnforcementPropertyTest.php" line="73" class="Tests\Property\BlockedStatusEnforcementPropertyTest" classname="Tests.Property.BlockedStatusEnforcementPropertyTest" assertions="3" time="0.039924"/>
          <testcase name="test_blocked_status_returns_403_with_correct_error_code with data set &quot;iteration_47_none_GET&quot;" file="E:\coupony-backend\tests\Property\BlockedStatusEnforcementPropertyTest.php" line="73" class="Tests\Property\BlockedStatusEnforcementPropertyTest" classname="Tests.Property.BlockedStatusEnforcementPropertyTest" assertions="3" time="0.039956"/>
          <testcase name="test_blocked_status_returns_403_with_correct_error_code with data set &quot;iteration_48_suspended_PATCH&quot;" file="E:\coupony-backend\tests\Property\BlockedStatusEnforcementPropertyTest.php" line="73" class="Tests\Property\BlockedStatusEnforcementPropertyTest" classname="Tests.Property.BlockedStatusEnforcementPropertyTest" assertions="3" time="0.041873"/>
          <testcase name="test_blocked_status_returns_403_with_correct_error_code with data set &quot;iteration_49_none_POST&quot;" file="E:\coupony-backend\tests\Property\BlockedStatusEnforcementPropertyTest.php" line="73" class="Tests\Property\BlockedStatusEnforcementPropertyTest" classname="Tests.Property.BlockedStatusEnforcementPropertyTest" assertions="3" time="0.039641"/>
          <testcase name="test_blocked_status_returns_403_with_correct_error_code with data set &quot;iteration_50_suspended_DELETE&quot;" file="E:\coupony-backend\tests\Property\BlockedStatusEnforcementPropertyTest.php" line="73" class="Tests\Property\BlockedStatusEnforcementPropertyTest" classname="Tests.Property.BlockedStatusEnforcementPropertyTest" assertions="3" time="0.038321"/>
          <testcase name="test_blocked_status_returns_403_with_correct_error_code with data set &quot;iteration_51_none_GET&quot;" file="E:\coupony-backend\tests\Property\BlockedStatusEnforcementPropertyTest.php" line="73" class="Tests\Property\BlockedStatusEnforcementPropertyTest" classname="Tests.Property.BlockedStatusEnforcementPropertyTest" assertions="3" time="0.076701"/>
          <testcase name="test_blocked_status_returns_403_with_correct_error_code with data set &quot;iteration_52_archived_DELETE&quot;" file="E:\coupony-backend\tests\Property\BlockedStatusEnforcementPropertyTest.php" line="73" class="Tests\Property\BlockedStatusEnforcementPropertyTest" classname="Tests.Property.BlockedStatusEnforcementPropertyTest" assertions="3" time="0.038536"/>
          <testcase name="test_blocked_status_returns_403_with_correct_error_code with data set &quot;iteration_53_suspended_PUT&quot;" file="E:\coupony-backend\tests\Property\BlockedStatusEnforcementPropertyTest.php" line="73" class="Tests\Property\BlockedStatusEnforcementPropertyTest" classname="Tests.Property.BlockedStatusEnforcementPropertyTest" assertions="3" time="0.037691"/>
          <testcase name="test_blocked_status_returns_403_with_correct_error_code with data set &quot;iteration_54_none_PATCH&quot;" file="E:\coupony-backend\tests\Property\BlockedStatusEnforcementPropertyTest.php" line="73" class="Tests\Property\BlockedStatusEnforcementPropertyTest" classname="Tests.Property.BlockedStatusEnforcementPropertyTest" assertions="3" time="0.042192"/>
          <testcase name="test_blocked_status_returns_403_with_correct_error_code with data set &quot;iteration_55_archived_GET&quot;" file="E:\coupony-backend\tests\Property\BlockedStatusEnforcementPropertyTest.php" line="73" class="Tests\Property\BlockedStatusEnforcementPropertyTest" classname="Tests.Property.BlockedStatusEnforcementPropertyTest" assertions="3" time="0.041802"/>
          <testcase name="test_blocked_status_returns_403_with_correct_error_code with data set &quot;iteration_56_suspended_DELETE&quot;" file="E:\coupony-backend\tests\Property\BlockedStatusEnforcementPropertyTest.php" line="73" class="Tests\Property\BlockedStatusEnforcementPropertyTest" classname="Tests.Property.BlockedStatusEnforcementPropertyTest" assertions="3" time="0.037807"/>
          <testcase name="test_blocked_status_returns_403_with_correct_error_code with data set &quot;iteration_57_archived_GET&quot;" file="E:\coupony-backend\tests\Property\BlockedStatusEnforcementPropertyTest.php" line="73" class="Tests\Property\BlockedStatusEnforcementPropertyTest" classname="Tests.Property.BlockedStatusEnforcementPropertyTest" assertions="3" time="0.039720"/>
          <testcase name="test_blocked_status_returns_403_with_correct_error_code with data set &quot;iteration_58_archived_POST&quot;" file="E:\coupony-backend\tests\Property\BlockedStatusEnforcementPropertyTest.php" line="73" class="Tests\Property\BlockedStatusEnforcementPropertyTest" classname="Tests.Property.BlockedStatusEnforcementPropertyTest" assertions="3" time="0.038893"/>
          <testcase name="test_blocked_status_returns_403_with_correct_error_code with data set &quot;iteration_59_suspended_POST&quot;" file="E:\coupony-backend\tests\Property\BlockedStatusEnforcementPropertyTest.php" line="73" class="Tests\Property\BlockedStatusEnforcementPropertyTest" classname="Tests.Property.BlockedStatusEnforcementPropertyTest" assertions="3" time="0.041192"/>
          <testcase name="test_blocked_status_returns_403_with_correct_error_code with data set &quot;iteration_60_suspended_DELETE&quot;" file="E:\coupony-backend\tests\Property\BlockedStatusEnforcementPropertyTest.php" line="73" class="Tests\Property\BlockedStatusEnforcementPropertyTest" classname="Tests.Property.BlockedStatusEnforcementPropertyTest" assertions="3" time="0.038849"/>
          <testcase name="test_blocked_status_returns_403_with_correct_error_code with data set &quot;iteration_61_archived_PUT&quot;" file="E:\coupony-backend\tests\Property\BlockedStatusEnforcementPropertyTest.php" line="73" class="Tests\Property\BlockedStatusEnforcementPropertyTest" classname="Tests.Property.BlockedStatusEnforcementPropertyTest" assertions="3" time="0.091111"/>
          <testcase name="test_blocked_status_returns_403_with_correct_error_code with data set &quot;iteration_62_suspended_POST&quot;" file="E:\coupony-backend\tests\Property\BlockedStatusEnforcementPropertyTest.php" line="73" class="Tests\Property\BlockedStatusEnforcementPropertyTest" classname="Tests.Property.BlockedStatusEnforcementPropertyTest" assertions="3" time="0.039724"/>
          <testcase name="test_blocked_status_returns_403_with_correct_error_code with data set &quot;iteration_63_none_GET&quot;" file="E:\coupony-backend\tests\Property\BlockedStatusEnforcementPropertyTest.php" line="73" class="Tests\Property\BlockedStatusEnforcementPropertyTest" classname="Tests.Property.BlockedStatusEnforcementPropertyTest" assertions="3" time="0.039763"/>
          <testcase name="test_blocked_status_returns_403_with_correct_error_code with data set &quot;iteration_64_none_PUT&quot;" file="E:\coupony-backend\tests\Property\BlockedStatusEnforcementPropertyTest.php" line="73" class="Tests\Property\BlockedStatusEnforcementPropertyTest" classname="Tests.Property.BlockedStatusEnforcementPropertyTest" assertions="3" time="0.043105"/>
          <testcase name="test_blocked_status_returns_403_with_correct_error_code with data set &quot;iteration_65_none_DELETE&quot;" file="E:\coupony-backend\tests\Property\BlockedStatusEnforcementPropertyTest.php" line="73" class="Tests\Property\BlockedStatusEnforcementPropertyTest" classname="Tests.Property.BlockedStatusEnforcementPropertyTest" assertions="3" time="0.045961"/>
          <testcase name="test_blocked_status_returns_403_with_correct_error_code with data set &quot;iteration_66_suspended_DELETE&quot;" file="E:\coupony-backend\tests\Property\BlockedStatusEnforcementPropertyTest.php" line="73" class="Tests\Property\BlockedStatusEnforcementPropertyTest" classname="Tests.Property.BlockedStatusEnforcementPropertyTest" assertions="3" time="0.040356"/>
          <testcase name="test_blocked_status_returns_403_with_correct_error_code with data set &quot;iteration_67_suspended_POST&quot;" file="E:\coupony-backend\tests\Property\BlockedStatusEnforcementPropertyTest.php" line="73" class="Tests\Property\BlockedStatusEnforcementPropertyTest" classname="Tests.Property.BlockedStatusEnforcementPropertyTest" assertions="3" time="0.038661"/>
          <testcase name="test_blocked_status_returns_403_with_correct_error_code with data set &quot;iteration_68_none_POST&quot;" file="E:\coupony-backend\tests\Property\BlockedStatusEnforcementPropertyTest.php" line="73" class="Tests\Property\BlockedStatusEnforcementPropertyTest" classname="Tests.Property.BlockedStatusEnforcementPropertyTest" assertions="3" time="0.041076"/>
          <testcase name="test_blocked_status_returns_403_with_correct_error_code with data set &quot;iteration_69_none_PUT&quot;" file="E:\coupony-backend\tests\Property\BlockedStatusEnforcementPropertyTest.php" line="73" class="Tests\Property\BlockedStatusEnforcementPropertyTest" classname="Tests.Property.BlockedStatusEnforcementPropertyTest" assertions="3" time="0.036753"/>
          <testcase name="test_blocked_status_returns_403_with_correct_error_code with data set &quot;iteration_70_archived_POST&quot;" file="E:\coupony-backend\tests\Property\BlockedStatusEnforcementPropertyTest.php" line="73" class="Tests\Property\BlockedStatusEnforcementPropertyTest" classname="Tests.Property.BlockedStatusEnforcementPropertyTest" assertions="3" time="0.080256"/>
          <testcase name="test_blocked_status_returns_403_with_correct_error_code with data set &quot;iteration_71_archived_POST&quot;" file="E:\coupony-backend\tests\Property\BlockedStatusEnforcementPropertyTest.php" line="73" class="Tests\Property\BlockedStatusEnforcementPropertyTest" classname="Tests.Property.BlockedStatusEnforcementPropertyTest" assertions="3" time="0.039058"/>
          <testcase name="test_blocked_status_returns_403_with_correct_error_code with data set &quot;iteration_72_none_PUT&quot;" file="E:\coupony-backend\tests\Property\BlockedStatusEnforcementPropertyTest.php" line="73" class="Tests\Property\BlockedStatusEnforcementPropertyTest" classname="Tests.Property.BlockedStatusEnforcementPropertyTest" assertions="3" time="0.039674"/>
          <testcase name="test_blocked_status_returns_403_with_correct_error_code with data set &quot;iteration_73_archived_POST&quot;" file="E:\coupony-backend\tests\Property\BlockedStatusEnforcementPropertyTest.php" line="73" class="Tests\Property\BlockedStatusEnforcementPropertyTest" classname="Tests.Property.BlockedStatusEnforcementPropertyTest" assertions="3" time="0.038281"/>
          <testcase name="test_blocked_status_returns_403_with_correct_error_code with data set &quot;iteration_74_none_PATCH&quot;" file="E:\coupony-backend\tests\Property\BlockedStatusEnforcementPropertyTest.php" line="73" class="Tests\Property\BlockedStatusEnforcementPropertyTest" classname="Tests.Property.BlockedStatusEnforcementPropertyTest" assertions="3" time="0.038404"/>
          <testcase name="test_blocked_status_returns_403_with_correct_error_code with data set &quot;iteration_75_none_GET&quot;" file="E:\coupony-backend\tests\Property\BlockedStatusEnforcementPropertyTest.php" line="73" class="Tests\Property\BlockedStatusEnforcementPropertyTest" classname="Tests.Property.BlockedStatusEnforcementPropertyTest" assertions="3" time="0.037847"/>
          <testcase name="test_blocked_status_returns_403_with_correct_error_code with data set &quot;iteration_76_suspended_GET&quot;" file="E:\coupony-backend\tests\Property\BlockedStatusEnforcementPropertyTest.php" line="73" class="Tests\Property\BlockedStatusEnforcementPropertyTest" classname="Tests.Property.BlockedStatusEnforcementPropertyTest" assertions="3" time="0.037154"/>
          <testcase name="test_blocked_status_returns_403_with_correct_error_code with data set &quot;iteration_77_archived_GET&quot;" file="E:\coupony-backend\tests\Property\BlockedStatusEnforcementPropertyTest.php" line="73" class="Tests\Property\BlockedStatusEnforcementPropertyTest" classname="Tests.Property.BlockedStatusEnforcementPropertyTest" assertions="3" time="0.037178"/>
          <testcase name="test_blocked_status_returns_403_with_correct_error_code with data set &quot;iteration_78_suspended_PATCH&quot;" file="E:\coupony-backend\tests\Property\BlockedStatusEnforcementPropertyTest.php" line="73" class="Tests\Property\BlockedStatusEnforcementPropertyTest" classname="Tests.Property.BlockedStatusEnforcementPropertyTest" assertions="3" time="0.039397"/>
          <testcase name="test_blocked_status_returns_403_with_correct_error_code with data set &quot;iteration_79_none_POST&quot;" file="E:\coupony-backend\tests\Property\BlockedStatusEnforcementPropertyTest.php" line="73" class="Tests\Property\BlockedStatusEnforcementPropertyTest" classname="Tests.Property.BlockedStatusEnforcementPropertyTest" assertions="3" time="0.037107"/>
          <testcase name="test_blocked_status_returns_403_with_correct_error_code with data set &quot;iteration_80_archived_PATCH&quot;" file="E:\coupony-backend\tests\Property\BlockedStatusEnforcementPropertyTest.php" line="73" class="Tests\Property\BlockedStatusEnforcementPropertyTest" classname="Tests.Property.BlockedStatusEnforcementPropertyTest" assertions="3" time="0.088814"/>
          <testcase name="test_blocked_status_returns_403_with_correct_error_code with data set &quot;iteration_81_suspended_GET&quot;" file="E:\coupony-backend\tests\Property\BlockedStatusEnforcementPropertyTest.php" line="73" class="Tests\Property\BlockedStatusEnforcementPropertyTest" classname="Tests.Property.BlockedStatusEnforcementPropertyTest" assertions="3" time="0.038014"/>
          <testcase name="test_blocked_status_returns_403_with_correct_error_code with data set &quot;iteration_82_suspended_GET&quot;" file="E:\coupony-backend\tests\Property\BlockedStatusEnforcementPropertyTest.php" line="73" class="Tests\Property\BlockedStatusEnforcementPropertyTest" classname="Tests.Property.BlockedStatusEnforcementPropertyTest" assertions="3" time="0.037597"/>
          <testcase name="test_blocked_status_returns_403_with_correct_error_code with data set &quot;iteration_83_suspended_GET&quot;" file="E:\coupony-backend\tests\Property\BlockedStatusEnforcementPropertyTest.php" line="73" class="Tests\Property\BlockedStatusEnforcementPropertyTest" classname="Tests.Property.BlockedStatusEnforcementPropertyTest" assertions="3" time="0.038863"/>
          <testcase name="test_blocked_status_returns_403_with_correct_error_code with data set &quot;iteration_84_archived_DELETE&quot;" file="E:\coupony-backend\tests\Property\BlockedStatusEnforcementPropertyTest.php" line="73" class="Tests\Property\BlockedStatusEnforcementPropertyTest" classname="Tests.Property.BlockedStatusEnforcementPropertyTest" assertions="3" time="0.041341"/>
          <testcase name="test_blocked_status_returns_403_with_correct_error_code with data set &quot;iteration_85_none_POST&quot;" file="E:\coupony-backend\tests\Property\BlockedStatusEnforcementPropertyTest.php" line="73" class="Tests\Property\BlockedStatusEnforcementPropertyTest" classname="Tests.Property.BlockedStatusEnforcementPropertyTest" assertions="3" time="0.039651"/>
          <testcase name="test_blocked_status_returns_403_with_correct_error_code with data set &quot;iteration_86_suspended_GET&quot;" file="E:\coupony-backend\tests\Property\BlockedStatusEnforcementPropertyTest.php" line="73" class="Tests\Property\BlockedStatusEnforcementPropertyTest" classname="Tests.Property.BlockedStatusEnforcementPropertyTest" assertions="3" time="0.039557"/>
          <testcase name="test_blocked_status_returns_403_with_correct_error_code with data set &quot;iteration_87_archived_DELETE&quot;" file="E:\coupony-backend\tests\Property\BlockedStatusEnforcementPropertyTest.php" line="73" class="Tests\Property\BlockedStatusEnforcementPropertyTest" classname="Tests.Property.BlockedStatusEnforcementPropertyTest" assertions="3" time="0.041616"/>
          <testcase name="test_blocked_status_returns_403_with_correct_error_code with data set &quot;iteration_88_none_GET&quot;" file="E:\coupony-backend\tests\Property\BlockedStatusEnforcementPropertyTest.php" line="73" class="Tests\Property\BlockedStatusEnforcementPropertyTest" classname="Tests.Property.BlockedStatusEnforcementPropertyTest" assertions="3" time="0.036161"/>
          <testcase name="test_blocked_status_returns_403_with_correct_error_code with data set &quot;iteration_89_suspended_POST&quot;" file="E:\coupony-backend\tests\Property\BlockedStatusEnforcementPropertyTest.php" line="73" class="Tests\Property\BlockedStatusEnforcementPropertyTest" classname="Tests.Property.BlockedStatusEnforcementPropertyTest" assertions="3" time="0.079288"/>
          <testcase name="test_blocked_status_returns_403_with_correct_error_code with data set &quot;iteration_90_suspended_POST&quot;" file="E:\coupony-backend\tests\Property\BlockedStatusEnforcementPropertyTest.php" line="73" class="Tests\Property\BlockedStatusEnforcementPropertyTest" classname="Tests.Property.BlockedStatusEnforcementPropertyTest" assertions="3" time="0.040132"/>
          <testcase name="test_blocked_status_returns_403_with_correct_error_code with data set &quot;iteration_91_none_GET&quot;" file="E:\coupony-backend\tests\Property\BlockedStatusEnforcementPropertyTest.php" line="73" class="Tests\Property\BlockedStatusEnforcementPropertyTest" classname="Tests.Property.BlockedStatusEnforcementPropertyTest" assertions="3" time="0.038262"/>
          <testcase name="test_blocked_status_returns_403_with_correct_error_code with data set &quot;iteration_92_archived_PUT&quot;" file="E:\coupony-backend\tests\Property\BlockedStatusEnforcementPropertyTest.php" line="73" class="Tests\Property\BlockedStatusEnforcementPropertyTest" classname="Tests.Property.BlockedStatusEnforcementPropertyTest" assertions="3" time="0.038881"/>
          <testcase name="test_blocked_status_returns_403_with_correct_error_code with data set &quot;iteration_93_archived_PATCH&quot;" file="E:\coupony-backend\tests\Property\BlockedStatusEnforcementPropertyTest.php" line="73" class="Tests\Property\BlockedStatusEnforcementPropertyTest" classname="Tests.Property.BlockedStatusEnforcementPropertyTest" assertions="3" time="0.038391"/>
          <testcase name="test_blocked_status_returns_403_with_correct_error_code with data set &quot;iteration_94_suspended_DELETE&quot;" file="E:\coupony-backend\tests\Property\BlockedStatusEnforcementPropertyTest.php" line="73" class="Tests\Property\BlockedStatusEnforcementPropertyTest" classname="Tests.Property.BlockedStatusEnforcementPropertyTest" assertions="3" time="0.037692"/>
          <testcase name="test_blocked_status_returns_403_with_correct_error_code with data set &quot;iteration_95_archived_PUT&quot;" file="E:\coupony-backend\tests\Property\BlockedStatusEnforcementPropertyTest.php" line="73" class="Tests\Property\BlockedStatusEnforcementPropertyTest" classname="Tests.Property.BlockedStatusEnforcementPropertyTest" assertions="3" time="0.039506"/>
          <testcase name="test_blocked_status_returns_403_with_correct_error_code with data set &quot;iteration_96_suspended_PUT&quot;" file="E:\coupony-backend\tests\Property\BlockedStatusEnforcementPropertyTest.php" line="73" class="Tests\Property\BlockedStatusEnforcementPropertyTest" classname="Tests.Property.BlockedStatusEnforcementPropertyTest" assertions="3" time="0.039586"/>
          <testcase name="test_blocked_status_returns_403_with_correct_error_code with data set &quot;iteration_97_archived_DELETE&quot;" file="E:\coupony-backend\tests\Property\BlockedStatusEnforcementPropertyTest.php" line="73" class="Tests\Property\BlockedStatusEnforcementPropertyTest" classname="Tests.Property.BlockedStatusEnforcementPropertyTest" assertions="3" time="0.038339"/>
          <testcase name="test_blocked_status_returns_403_with_correct_error_code with data set &quot;iteration_98_archived_PUT&quot;" file="E:\coupony-backend\tests\Property\BlockedStatusEnforcementPropertyTest.php" line="73" class="Tests\Property\BlockedStatusEnforcementPropertyTest" classname="Tests.Property.BlockedStatusEnforcementPropertyTest" assertions="3" time="0.037264"/>
          <testcase name="test_blocked_status_returns_403_with_correct_error_code with data set &quot;iteration_99_suspended_GET&quot;" file="E:\coupony-backend\tests\Property\BlockedStatusEnforcementPropertyTest.php" line="73" class="Tests\Property\BlockedStatusEnforcementPropertyTest" classname="Tests.Property.BlockedStatusEnforcementPropertyTest" assertions="3" time="0.090846"/>
          <testcase name="test_blocked_status_returns_403_with_correct_error_code with data set &quot;iteration_100_archived_POST&quot;" file="E:\coupony-backend\tests\Property\BlockedStatusEnforcementPropertyTest.php" line="73" class="Tests\Property\BlockedStatusEnforcementPropertyTest" classname="Tests.Property.BlockedStatusEnforcementPropertyTest" assertions="3" time="0.038446"/>
          <testcase name="test_blocked_status_returns_403_with_correct_error_code with data set &quot;iteration_101_archived_DELETE&quot;" file="E:\coupony-backend\tests\Property\BlockedStatusEnforcementPropertyTest.php" line="73" class="Tests\Property\BlockedStatusEnforcementPropertyTest" classname="Tests.Property.BlockedStatusEnforcementPropertyTest" assertions="3" time="0.037253"/>
          <testcase name="test_blocked_status_returns_403_with_correct_error_code with data set &quot;iteration_102_archived_POST&quot;" file="E:\coupony-backend\tests\Property\BlockedStatusEnforcementPropertyTest.php" line="73" class="Tests\Property\BlockedStatusEnforcementPropertyTest" classname="Tests.Property.BlockedStatusEnforcementPropertyTest" assertions="3" time="0.038144"/>
          <testcase name="test_blocked_status_returns_403_with_correct_error_code with data set &quot;iteration_103_none_GET&quot;" file="E:\coupony-backend\tests\Property\BlockedStatusEnforcementPropertyTest.php" line="73" class="Tests\Property\BlockedStatusEnforcementPropertyTest" classname="Tests.Property.BlockedStatusEnforcementPropertyTest" assertions="3" time="0.036753"/>
          <testcase name="test_blocked_status_returns_403_with_correct_error_code with data set &quot;iteration_104_archived_GET&quot;" file="E:\coupony-backend\tests\Property\BlockedStatusEnforcementPropertyTest.php" line="73" class="Tests\Property\BlockedStatusEnforcementPropertyTest" classname="Tests.Property.BlockedStatusEnforcementPropertyTest" assertions="3" time="0.037929"/>
        </testsuite>
      </testsuite>
      <testsuite name="Tests\Property\DegradedModeReadOnlyPropertyTest" file="E:\coupony-backend\tests\Property\DegradedModeReadOnlyPropertyTest.php" tests="105" assertions="265" errors="0" failures="0" skipped="0" time="5.425114">
        <testsuite name="Tests\Property\DegradedModeReadOnlyPropertyTest::test_degraded_mode_allows_get_requests" tests="50" assertions="100" errors="0" failures="0" skipped="0" time="2.570812">
          <testcase name="test_degraded_mode_allows_get_requests with data set &quot;get_iteration_0_dashboard&quot;" file="E:\coupony-backend\tests\Property\DegradedModeReadOnlyPropertyTest.php" line="93" class="Tests\Property\DegradedModeReadOnlyPropertyTest" classname="Tests.Property.DegradedModeReadOnlyPropertyTest" assertions="2" time="0.040420"/>
          <testcase name="test_degraded_mode_allows_get_requests with data set &quot;get_iteration_1_employees&quot;" file="E:\coupony-backend\tests\Property\DegradedModeReadOnlyPropertyTest.php" line="93" class="Tests\Property\DegradedModeReadOnlyPropertyTest" classname="Tests.Property.DegradedModeReadOnlyPropertyTest" assertions="2" time="0.037368"/>
          <testcase name="test_degraded_mode_allows_get_requests with data set &quot;get_iteration_2_employees&quot;" file="E:\coupony-backend\tests\Property\DegradedModeReadOnlyPropertyTest.php" line="93" class="Tests\Property\DegradedModeReadOnlyPropertyTest" classname="Tests.Property.DegradedModeReadOnlyPropertyTest" assertions="2" time="0.078452"/>
          <testcase name="test_degraded_mode_allows_get_requests with data set &quot;get_iteration_3_dashboard&quot;" file="E:\coupony-backend\tests\Property\DegradedModeReadOnlyPropertyTest.php" line="93" class="Tests\Property\DegradedModeReadOnlyPropertyTest" classname="Tests.Property.DegradedModeReadOnlyPropertyTest" assertions="2" time="0.040343"/>
          <testcase name="test_degraded_mode_allows_get_requests with data set &quot;get_iteration_4_products&quot;" file="E:\coupony-backend\tests\Property\DegradedModeReadOnlyPropertyTest.php" line="93" class="Tests\Property\DegradedModeReadOnlyPropertyTest" classname="Tests.Property.DegradedModeReadOnlyPropertyTest" assertions="2" time="0.040784"/>
          <testcase name="test_degraded_mode_allows_get_requests with data set &quot;get_iteration_5_analytics&quot;" file="E:\coupony-backend\tests\Property\DegradedModeReadOnlyPropertyTest.php" line="93" class="Tests\Property\DegradedModeReadOnlyPropertyTest" classname="Tests.Property.DegradedModeReadOnlyPropertyTest" assertions="2" time="0.039885"/>
          <testcase name="test_degraded_mode_allows_get_requests with data set &quot;get_iteration_6_branches&quot;" file="E:\coupony-backend\tests\Property\DegradedModeReadOnlyPropertyTest.php" line="93" class="Tests\Property\DegradedModeReadOnlyPropertyTest" classname="Tests.Property.DegradedModeReadOnlyPropertyTest" assertions="2" time="0.039465"/>
          <testcase name="test_degraded_mode_allows_get_requests with data set &quot;get_iteration_7_analytics&quot;" file="E:\coupony-backend\tests\Property\DegradedModeReadOnlyPropertyTest.php" line="93" class="Tests\Property\DegradedModeReadOnlyPropertyTest" classname="Tests.Property.DegradedModeReadOnlyPropertyTest" assertions="2" time="0.038182"/>
          <testcase name="test_degraded_mode_allows_get_requests with data set &quot;get_iteration_8_dashboard&quot;" file="E:\coupony-backend\tests\Property\DegradedModeReadOnlyPropertyTest.php" line="93" class="Tests\Property\DegradedModeReadOnlyPropertyTest" classname="Tests.Property.DegradedModeReadOnlyPropertyTest" assertions="2" time="0.075635"/>
          <testcase name="test_degraded_mode_allows_get_requests with data set &quot;get_iteration_9_analytics&quot;" file="E:\coupony-backend\tests\Property\DegradedModeReadOnlyPropertyTest.php" line="93" class="Tests\Property\DegradedModeReadOnlyPropertyTest" classname="Tests.Property.DegradedModeReadOnlyPropertyTest" assertions="2" time="0.048727"/>
          <testcase name="test_degraded_mode_allows_get_requests with data set &quot;get_iteration_10_branches&quot;" file="E:\coupony-backend\tests\Property\DegradedModeReadOnlyPropertyTest.php" line="93" class="Tests\Property\DegradedModeReadOnlyPropertyTest" classname="Tests.Property.DegradedModeReadOnlyPropertyTest" assertions="2" time="0.037133"/>
          <testcase name="test_degraded_mode_allows_get_requests with data set &quot;get_iteration_11_employees&quot;" file="E:\coupony-backend\tests\Property\DegradedModeReadOnlyPropertyTest.php" line="93" class="Tests\Property\DegradedModeReadOnlyPropertyTest" classname="Tests.Property.DegradedModeReadOnlyPropertyTest" assertions="2" time="0.089162"/>
          <testcase name="test_degraded_mode_allows_get_requests with data set &quot;get_iteration_12_branches&quot;" file="E:\coupony-backend\tests\Property\DegradedModeReadOnlyPropertyTest.php" line="93" class="Tests\Property\DegradedModeReadOnlyPropertyTest" classname="Tests.Property.DegradedModeReadOnlyPropertyTest" assertions="2" time="0.037235"/>
          <testcase name="test_degraded_mode_allows_get_requests with data set &quot;get_iteration_13_analytics&quot;" file="E:\coupony-backend\tests\Property\DegradedModeReadOnlyPropertyTest.php" line="93" class="Tests\Property\DegradedModeReadOnlyPropertyTest" classname="Tests.Property.DegradedModeReadOnlyPropertyTest" assertions="2" time="0.038123"/>
          <testcase name="test_degraded_mode_allows_get_requests with data set &quot;get_iteration_14_analytics&quot;" file="E:\coupony-backend\tests\Property\DegradedModeReadOnlyPropertyTest.php" line="93" class="Tests\Property\DegradedModeReadOnlyPropertyTest" classname="Tests.Property.DegradedModeReadOnlyPropertyTest" assertions="2" time="0.039478"/>
          <testcase name="test_degraded_mode_allows_get_requests with data set &quot;get_iteration_15_employees&quot;" file="E:\coupony-backend\tests\Property\DegradedModeReadOnlyPropertyTest.php" line="93" class="Tests\Property\DegradedModeReadOnlyPropertyTest" classname="Tests.Property.DegradedModeReadOnlyPropertyTest" assertions="2" time="0.036834"/>
          <testcase name="test_degraded_mode_allows_get_requests with data set &quot;get_iteration_16_analytics&quot;" file="E:\coupony-backend\tests\Property\DegradedModeReadOnlyPropertyTest.php" line="93" class="Tests\Property\DegradedModeReadOnlyPropertyTest" classname="Tests.Property.DegradedModeReadOnlyPropertyTest" assertions="2" time="0.049401"/>
          <testcase name="test_degraded_mode_allows_get_requests with data set &quot;get_iteration_17_branches&quot;" file="E:\coupony-backend\tests\Property\DegradedModeReadOnlyPropertyTest.php" line="93" class="Tests\Property\DegradedModeReadOnlyPropertyTest" classname="Tests.Property.DegradedModeReadOnlyPropertyTest" assertions="2" time="0.059414"/>
          <testcase name="test_degraded_mode_allows_get_requests with data set &quot;get_iteration_18_settings&quot;" file="E:\coupony-backend\tests\Property\DegradedModeReadOnlyPropertyTest.php" line="93" class="Tests\Property\DegradedModeReadOnlyPropertyTest" classname="Tests.Property.DegradedModeReadOnlyPropertyTest" assertions="2" time="0.043540"/>
          <testcase name="test_degraded_mode_allows_get_requests with data set &quot;get_iteration_19_analytics&quot;" file="E:\coupony-backend\tests\Property\DegradedModeReadOnlyPropertyTest.php" line="93" class="Tests\Property\DegradedModeReadOnlyPropertyTest" classname="Tests.Property.DegradedModeReadOnlyPropertyTest" assertions="2" time="0.039200"/>
          <testcase name="test_degraded_mode_allows_get_requests with data set &quot;get_iteration_20_employees&quot;" file="E:\coupony-backend\tests\Property\DegradedModeReadOnlyPropertyTest.php" line="93" class="Tests\Property\DegradedModeReadOnlyPropertyTest" classname="Tests.Property.DegradedModeReadOnlyPropertyTest" assertions="2" time="0.036169"/>
          <testcase name="test_degraded_mode_allows_get_requests with data set &quot;get_iteration_21_products&quot;" file="E:\coupony-backend\tests\Property\DegradedModeReadOnlyPropertyTest.php" line="93" class="Tests\Property\DegradedModeReadOnlyPropertyTest" classname="Tests.Property.DegradedModeReadOnlyPropertyTest" assertions="2" time="0.079001"/>
          <testcase name="test_degraded_mode_allows_get_requests with data set &quot;get_iteration_22_products&quot;" file="E:\coupony-backend\tests\Property\DegradedModeReadOnlyPropertyTest.php" line="93" class="Tests\Property\DegradedModeReadOnlyPropertyTest" classname="Tests.Property.DegradedModeReadOnlyPropertyTest" assertions="2" time="0.039963"/>
          <testcase name="test_degraded_mode_allows_get_requests with data set &quot;get_iteration_23_employees&quot;" file="E:\coupony-backend\tests\Property\DegradedModeReadOnlyPropertyTest.php" line="93" class="Tests\Property\DegradedModeReadOnlyPropertyTest" classname="Tests.Property.DegradedModeReadOnlyPropertyTest" assertions="2" time="0.049588"/>
          <testcase name="test_degraded_mode_allows_get_requests with data set &quot;get_iteration_24_analytics&quot;" file="E:\coupony-backend\tests\Property\DegradedModeReadOnlyPropertyTest.php" line="93" class="Tests\Property\DegradedModeReadOnlyPropertyTest" classname="Tests.Property.DegradedModeReadOnlyPropertyTest" assertions="2" time="0.048800"/>
          <testcase name="test_degraded_mode_allows_get_requests with data set &quot;get_iteration_25_branches&quot;" file="E:\coupony-backend\tests\Property\DegradedModeReadOnlyPropertyTest.php" line="93" class="Tests\Property\DegradedModeReadOnlyPropertyTest" classname="Tests.Property.DegradedModeReadOnlyPropertyTest" assertions="2" time="0.046661"/>
          <testcase name="test_degraded_mode_allows_get_requests with data set &quot;get_iteration_26_analytics&quot;" file="E:\coupony-backend\tests\Property\DegradedModeReadOnlyPropertyTest.php" line="93" class="Tests\Property\DegradedModeReadOnlyPropertyTest" classname="Tests.Property.DegradedModeReadOnlyPropertyTest" assertions="2" time="0.040752"/>
          <testcase name="test_degraded_mode_allows_get_requests with data set &quot;get_iteration_27_products&quot;" file="E:\coupony-backend\tests\Property\DegradedModeReadOnlyPropertyTest.php" line="93" class="Tests\Property\DegradedModeReadOnlyPropertyTest" classname="Tests.Property.DegradedModeReadOnlyPropertyTest" assertions="2" time="0.041753"/>
          <testcase name="test_degraded_mode_allows_get_requests with data set &quot;get_iteration_28_employees&quot;" file="E:\coupony-backend\tests\Property\DegradedModeReadOnlyPropertyTest.php" line="93" class="Tests\Property\DegradedModeReadOnlyPropertyTest" classname="Tests.Property.DegradedModeReadOnlyPropertyTest" assertions="2" time="0.056288"/>
          <testcase name="test_degraded_mode_allows_get_requests with data set &quot;get_iteration_29_employees&quot;" file="E:\coupony-backend\tests\Property\DegradedModeReadOnlyPropertyTest.php" line="93" class="Tests\Property\DegradedModeReadOnlyPropertyTest" classname="Tests.Property.DegradedModeReadOnlyPropertyTest" assertions="2" time="0.065105"/>
          <testcase name="test_degraded_mode_allows_get_requests with data set &quot;get_iteration_30_analytics&quot;" file="E:\coupony-backend\tests\Property\DegradedModeReadOnlyPropertyTest.php" line="93" class="Tests\Property\DegradedModeReadOnlyPropertyTest" classname="Tests.Property.DegradedModeReadOnlyPropertyTest" assertions="2" time="0.133575"/>
          <testcase name="test_degraded_mode_allows_get_requests with data set &quot;get_iteration_31_analytics&quot;" file="E:\coupony-backend\tests\Property\DegradedModeReadOnlyPropertyTest.php" line="93" class="Tests\Property\DegradedModeReadOnlyPropertyTest" classname="Tests.Property.DegradedModeReadOnlyPropertyTest" assertions="2" time="0.061708"/>
          <testcase name="test_degraded_mode_allows_get_requests with data set &quot;get_iteration_32_analytics&quot;" file="E:\coupony-backend\tests\Property\DegradedModeReadOnlyPropertyTest.php" line="93" class="Tests\Property\DegradedModeReadOnlyPropertyTest" classname="Tests.Property.DegradedModeReadOnlyPropertyTest" assertions="2" time="0.062098"/>
          <testcase name="test_degraded_mode_allows_get_requests with data set &quot;get_iteration_33_branches&quot;" file="E:\coupony-backend\tests\Property\DegradedModeReadOnlyPropertyTest.php" line="93" class="Tests\Property\DegradedModeReadOnlyPropertyTest" classname="Tests.Property.DegradedModeReadOnlyPropertyTest" assertions="2" time="0.060488"/>
          <testcase name="test_degraded_mode_allows_get_requests with data set &quot;get_iteration_34_analytics&quot;" file="E:\coupony-backend\tests\Property\DegradedModeReadOnlyPropertyTest.php" line="93" class="Tests\Property\DegradedModeReadOnlyPropertyTest" classname="Tests.Property.DegradedModeReadOnlyPropertyTest" assertions="2" time="0.060962"/>
          <testcase name="test_degraded_mode_allows_get_requests with data set &quot;get_iteration_35_products&quot;" file="E:\coupony-backend\tests\Property\DegradedModeReadOnlyPropertyTest.php" line="93" class="Tests\Property\DegradedModeReadOnlyPropertyTest" classname="Tests.Property.DegradedModeReadOnlyPropertyTest" assertions="2" time="0.051193"/>
          <testcase name="test_degraded_mode_allows_get_requests with data set &quot;get_iteration_36_products&quot;" file="E:\coupony-backend\tests\Property\DegradedModeReadOnlyPropertyTest.php" line="93" class="Tests\Property\DegradedModeReadOnlyPropertyTest" classname="Tests.Property.DegradedModeReadOnlyPropertyTest" assertions="2" time="0.049197"/>
          <testcase name="test_degraded_mode_allows_get_requests with data set &quot;get_iteration_37_settings&quot;" file="E:\coupony-backend\tests\Property\DegradedModeReadOnlyPropertyTest.php" line="93" class="Tests\Property\DegradedModeReadOnlyPropertyTest" classname="Tests.Property.DegradedModeReadOnlyPropertyTest" assertions="2" time="0.067795"/>
          <testcase name="test_degraded_mode_allows_get_requests with data set &quot;get_iteration_38_products&quot;" file="E:\coupony-backend\tests\Property\DegradedModeReadOnlyPropertyTest.php" line="93" class="Tests\Property\DegradedModeReadOnlyPropertyTest" classname="Tests.Property.DegradedModeReadOnlyPropertyTest" assertions="2" time="0.043949"/>
          <testcase name="test_degraded_mode_allows_get_requests with data set &quot;get_iteration_39_branches&quot;" file="E:\coupony-backend\tests\Property\DegradedModeReadOnlyPropertyTest.php" line="93" class="Tests\Property\DegradedModeReadOnlyPropertyTest" classname="Tests.Property.DegradedModeReadOnlyPropertyTest" assertions="2" time="0.036003"/>
          <testcase name="test_degraded_mode_allows_get_requests with data set &quot;get_iteration_40_dashboard&quot;" file="E:\coupony-backend\tests\Property\DegradedModeReadOnlyPropertyTest.php" line="93" class="Tests\Property\DegradedModeReadOnlyPropertyTest" classname="Tests.Property.DegradedModeReadOnlyPropertyTest" assertions="2" time="0.080501"/>
          <testcase name="test_degraded_mode_allows_get_requests with data set &quot;get_iteration_41_branches&quot;" file="E:\coupony-backend\tests\Property\DegradedModeReadOnlyPropertyTest.php" line="93" class="Tests\Property\DegradedModeReadOnlyPropertyTest" classname="Tests.Property.DegradedModeReadOnlyPropertyTest" assertions="2" time="0.038265"/>
          <testcase name="test_degraded_mode_allows_get_requests with data set &quot;get_iteration_42_settings&quot;" file="E:\coupony-backend\tests\Property\DegradedModeReadOnlyPropertyTest.php" line="93" class="Tests\Property\DegradedModeReadOnlyPropertyTest" classname="Tests.Property.DegradedModeReadOnlyPropertyTest" assertions="2" time="0.038987"/>
          <testcase name="test_degraded_mode_allows_get_requests with data set &quot;get_iteration_43_settings&quot;" file="E:\coupony-backend\tests\Property\DegradedModeReadOnlyPropertyTest.php" line="93" class="Tests\Property\DegradedModeReadOnlyPropertyTest" classname="Tests.Property.DegradedModeReadOnlyPropertyTest" assertions="2" time="0.039799"/>
          <testcase name="test_degraded_mode_allows_get_requests with data set &quot;get_iteration_44_branches&quot;" file="E:\coupony-backend\tests\Property\DegradedModeReadOnlyPropertyTest.php" line="93" class="Tests\Property\DegradedModeReadOnlyPropertyTest" classname="Tests.Property.DegradedModeReadOnlyPropertyTest" assertions="2" time="0.042474"/>
          <testcase name="test_degraded_mode_allows_get_requests with data set &quot;get_iteration_45_branches&quot;" file="E:\coupony-backend\tests\Property\DegradedModeReadOnlyPropertyTest.php" line="93" class="Tests\Property\DegradedModeReadOnlyPropertyTest" classname="Tests.Property.DegradedModeReadOnlyPropertyTest" assertions="2" time="0.037723"/>
          <testcase name="test_degraded_mode_allows_get_requests with data set &quot;get_iteration_46_branches&quot;" file="E:\coupony-backend\tests\Property\DegradedModeReadOnlyPropertyTest.php" line="93" class="Tests\Property\DegradedModeReadOnlyPropertyTest" classname="Tests.Property.DegradedModeReadOnlyPropertyTest" assertions="2" time="0.038384"/>
          <testcase name="test_degraded_mode_allows_get_requests with data set &quot;get_iteration_47_products&quot;" file="E:\coupony-backend\tests\Property\DegradedModeReadOnlyPropertyTest.php" line="93" class="Tests\Property\DegradedModeReadOnlyPropertyTest" classname="Tests.Property.DegradedModeReadOnlyPropertyTest" assertions="2" time="0.044660"/>
          <testcase name="test_degraded_mode_allows_get_requests with data set &quot;get_iteration_48_analytics&quot;" file="E:\coupony-backend\tests\Property\DegradedModeReadOnlyPropertyTest.php" line="93" class="Tests\Property\DegradedModeReadOnlyPropertyTest" classname="Tests.Property.DegradedModeReadOnlyPropertyTest" assertions="2" time="0.040543"/>
          <testcase name="test_degraded_mode_allows_get_requests with data set &quot;get_iteration_49_branches&quot;" file="E:\coupony-backend\tests\Property\DegradedModeReadOnlyPropertyTest.php" line="93" class="Tests\Property\DegradedModeReadOnlyPropertyTest" classname="Tests.Property.DegradedModeReadOnlyPropertyTest" assertions="2" time="0.089648"/>
        </testsuite>
        <testsuite name="Tests\Property\DegradedModeReadOnlyPropertyTest::test_degraded_mode_blocks_write_requests_exceeding_limits" tests="55" assertions="165" errors="0" failures="0" skipped="0" time="2.854302">
          <testcase name="test_degraded_mode_blocks_write_requests_exceeding_limits with data set &quot;write_blocked_0_employees_PUT_limit_3_usage_3&quot;" file="E:\coupony-backend\tests\Property\DegradedModeReadOnlyPropertyTest.php" line="136" class="Tests\Property\DegradedModeReadOnlyPropertyTest" classname="Tests.Property.DegradedModeReadOnlyPropertyTest" assertions="3" time="0.044307"/>
          <testcase name="test_degraded_mode_blocks_write_requests_exceeding_limits with data set &quot;write_blocked_1_products_PUT_limit_5_usage_5&quot;" file="E:\coupony-backend\tests\Property\DegradedModeReadOnlyPropertyTest.php" line="136" class="Tests\Property\DegradedModeReadOnlyPropertyTest" classname="Tests.Property.DegradedModeReadOnlyPropertyTest" assertions="3" time="0.046715"/>
          <testcase name="test_degraded_mode_blocks_write_requests_exceeding_limits with data set &quot;write_blocked_2_employees_POST_limit_1_usage_1&quot;" file="E:\coupony-backend\tests\Property\DegradedModeReadOnlyPropertyTest.php" line="136" class="Tests\Property\DegradedModeReadOnlyPropertyTest" classname="Tests.Property.DegradedModeReadOnlyPropertyTest" assertions="3" time="0.044784"/>
          <testcase name="test_degraded_mode_blocks_write_requests_exceeding_limits with data set &quot;write_blocked_3_branches_PUT_limit_3_usage_5&quot;" file="E:\coupony-backend\tests\Property\DegradedModeReadOnlyPropertyTest.php" line="136" class="Tests\Property\DegradedModeReadOnlyPropertyTest" classname="Tests.Property.DegradedModeReadOnlyPropertyTest" assertions="3" time="0.043401"/>
          <testcase name="test_degraded_mode_blocks_write_requests_exceeding_limits with data set &quot;write_blocked_4_branches_POST_limit_5_usage_5&quot;" file="E:\coupony-backend\tests\Property\DegradedModeReadOnlyPropertyTest.php" line="136" class="Tests\Property\DegradedModeReadOnlyPropertyTest" classname="Tests.Property.DegradedModeReadOnlyPropertyTest" assertions="3" time="0.047235"/>
          <testcase name="test_degraded_mode_blocks_write_requests_exceeding_limits with data set &quot;write_blocked_5_employees_PUT_limit_2_usage_5&quot;" file="E:\coupony-backend\tests\Property\DegradedModeReadOnlyPropertyTest.php" line="136" class="Tests\Property\DegradedModeReadOnlyPropertyTest" classname="Tests.Property.DegradedModeReadOnlyPropertyTest" assertions="3" time="0.048939"/>
          <testcase name="test_degraded_mode_blocks_write_requests_exceeding_limits with data set &quot;write_blocked_6_branches_POST_limit_1_usage_1&quot;" file="E:\coupony-backend\tests\Property\DegradedModeReadOnlyPropertyTest.php" line="136" class="Tests\Property\DegradedModeReadOnlyPropertyTest" classname="Tests.Property.DegradedModeReadOnlyPropertyTest" assertions="3" time="0.040933"/>
          <testcase name="test_degraded_mode_blocks_write_requests_exceeding_limits with data set &quot;write_blocked_7_products_POST_limit_4_usage_6&quot;" file="E:\coupony-backend\tests\Property\DegradedModeReadOnlyPropertyTest.php" line="136" class="Tests\Property\DegradedModeReadOnlyPropertyTest" classname="Tests.Property.DegradedModeReadOnlyPropertyTest" assertions="3" time="0.048669"/>
          <testcase name="test_degraded_mode_blocks_write_requests_exceeding_limits with data set &quot;write_blocked_8_products_PUT_limit_2_usage_5&quot;" file="E:\coupony-backend\tests\Property\DegradedModeReadOnlyPropertyTest.php" line="136" class="Tests\Property\DegradedModeReadOnlyPropertyTest" classname="Tests.Property.DegradedModeReadOnlyPropertyTest" assertions="3" time="0.093247"/>
          <testcase name="test_degraded_mode_blocks_write_requests_exceeding_limits with data set &quot;write_blocked_9_employees_POST_limit_5_usage_8&quot;" file="E:\coupony-backend\tests\Property\DegradedModeReadOnlyPropertyTest.php" line="136" class="Tests\Property\DegradedModeReadOnlyPropertyTest" classname="Tests.Property.DegradedModeReadOnlyPropertyTest" assertions="3" time="0.049901"/>
          <testcase name="test_degraded_mode_blocks_write_requests_exceeding_limits with data set &quot;write_blocked_10_branches_PUT_limit_1_usage_4&quot;" file="E:\coupony-backend\tests\Property\DegradedModeReadOnlyPropertyTest.php" line="136" class="Tests\Property\DegradedModeReadOnlyPropertyTest" classname="Tests.Property.DegradedModeReadOnlyPropertyTest" assertions="3" time="0.045179"/>
          <testcase name="test_degraded_mode_blocks_write_requests_exceeding_limits with data set &quot;write_blocked_11_employees_PUT_limit_4_usage_4&quot;" file="E:\coupony-backend\tests\Property\DegradedModeReadOnlyPropertyTest.php" line="136" class="Tests\Property\DegradedModeReadOnlyPropertyTest" classname="Tests.Property.DegradedModeReadOnlyPropertyTest" assertions="3" time="0.048952"/>
          <testcase name="test_degraded_mode_blocks_write_requests_exceeding_limits with data set &quot;write_blocked_12_products_PUT_limit_1_usage_3&quot;" file="E:\coupony-backend\tests\Property\DegradedModeReadOnlyPropertyTest.php" line="136" class="Tests\Property\DegradedModeReadOnlyPropertyTest" classname="Tests.Property.DegradedModeReadOnlyPropertyTest" assertions="3" time="0.047581"/>
          <testcase name="test_degraded_mode_blocks_write_requests_exceeding_limits with data set &quot;write_blocked_13_branches_PUT_limit_4_usage_5&quot;" file="E:\coupony-backend\tests\Property\DegradedModeReadOnlyPropertyTest.php" line="136" class="Tests\Property\DegradedModeReadOnlyPropertyTest" classname="Tests.Property.DegradedModeReadOnlyPropertyTest" assertions="3" time="0.046327"/>
          <testcase name="test_degraded_mode_blocks_write_requests_exceeding_limits with data set &quot;write_blocked_14_products_DELETE_limit_5_usage_8&quot;" file="E:\coupony-backend\tests\Property\DegradedModeReadOnlyPropertyTest.php" line="136" class="Tests\Property\DegradedModeReadOnlyPropertyTest" classname="Tests.Property.DegradedModeReadOnlyPropertyTest" assertions="3" time="0.054087"/>
          <testcase name="test_degraded_mode_blocks_write_requests_exceeding_limits with data set &quot;write_blocked_15_products_DELETE_limit_3_usage_3&quot;" file="E:\coupony-backend\tests\Property\DegradedModeReadOnlyPropertyTest.php" line="136" class="Tests\Property\DegradedModeReadOnlyPropertyTest" classname="Tests.Property.DegradedModeReadOnlyPropertyTest" assertions="3" time="0.047181"/>
          <testcase name="test_degraded_mode_blocks_write_requests_exceeding_limits with data set &quot;write_blocked_16_branches_DELETE_limit_5_usage_6&quot;" file="E:\coupony-backend\tests\Property\DegradedModeReadOnlyPropertyTest.php" line="136" class="Tests\Property\DegradedModeReadOnlyPropertyTest" classname="Tests.Property.DegradedModeReadOnlyPropertyTest" assertions="3" time="0.047995"/>
          <testcase name="test_degraded_mode_blocks_write_requests_exceeding_limits with data set &quot;write_blocked_17_products_DELETE_limit_2_usage_4&quot;" file="E:\coupony-backend\tests\Property\DegradedModeReadOnlyPropertyTest.php" line="136" class="Tests\Property\DegradedModeReadOnlyPropertyTest" classname="Tests.Property.DegradedModeReadOnlyPropertyTest" assertions="3" time="0.049843"/>
          <testcase name="test_degraded_mode_blocks_write_requests_exceeding_limits with data set &quot;write_blocked_18_products_DELETE_limit_5_usage_5&quot;" file="E:\coupony-backend\tests\Property\DegradedModeReadOnlyPropertyTest.php" line="136" class="Tests\Property\DegradedModeReadOnlyPropertyTest" classname="Tests.Property.DegradedModeReadOnlyPropertyTest" assertions="3" time="0.099002"/>
          <testcase name="test_degraded_mode_blocks_write_requests_exceeding_limits with data set &quot;write_blocked_19_branches_PUT_limit_5_usage_6&quot;" file="E:\coupony-backend\tests\Property\DegradedModeReadOnlyPropertyTest.php" line="136" class="Tests\Property\DegradedModeReadOnlyPropertyTest" classname="Tests.Property.DegradedModeReadOnlyPropertyTest" assertions="3" time="0.049601"/>
          <testcase name="test_degraded_mode_blocks_write_requests_exceeding_limits with data set &quot;write_blocked_20_employees_PUT_limit_1_usage_3&quot;" file="E:\coupony-backend\tests\Property\DegradedModeReadOnlyPropertyTest.php" line="136" class="Tests\Property\DegradedModeReadOnlyPropertyTest" classname="Tests.Property.DegradedModeReadOnlyPropertyTest" assertions="3" time="0.046066"/>
          <testcase name="test_degraded_mode_blocks_write_requests_exceeding_limits with data set &quot;write_blocked_21_employees_PUT_limit_3_usage_3&quot;" file="E:\coupony-backend\tests\Property\DegradedModeReadOnlyPropertyTest.php" line="136" class="Tests\Property\DegradedModeReadOnlyPropertyTest" classname="Tests.Property.DegradedModeReadOnlyPropertyTest" assertions="3" time="0.046012"/>
          <testcase name="test_degraded_mode_blocks_write_requests_exceeding_limits with data set &quot;write_blocked_22_branches_POST_limit_1_usage_4&quot;" file="E:\coupony-backend\tests\Property\DegradedModeReadOnlyPropertyTest.php" line="136" class="Tests\Property\DegradedModeReadOnlyPropertyTest" classname="Tests.Property.DegradedModeReadOnlyPropertyTest" assertions="3" time="0.044884"/>
          <testcase name="test_degraded_mode_blocks_write_requests_exceeding_limits with data set &quot;write_blocked_23_branches_PUT_limit_4_usage_7&quot;" file="E:\coupony-backend\tests\Property\DegradedModeReadOnlyPropertyTest.php" line="136" class="Tests\Property\DegradedModeReadOnlyPropertyTest" classname="Tests.Property.DegradedModeReadOnlyPropertyTest" assertions="3" time="0.044812"/>
          <testcase name="test_degraded_mode_blocks_write_requests_exceeding_limits with data set &quot;write_blocked_24_products_DELETE_limit_3_usage_5&quot;" file="E:\coupony-backend\tests\Property\DegradedModeReadOnlyPropertyTest.php" line="136" class="Tests\Property\DegradedModeReadOnlyPropertyTest" classname="Tests.Property.DegradedModeReadOnlyPropertyTest" assertions="3" time="0.049113"/>
          <testcase name="test_degraded_mode_blocks_write_requests_exceeding_limits with data set &quot;write_blocked_25_branches_POST_limit_4_usage_4&quot;" file="E:\coupony-backend\tests\Property\DegradedModeReadOnlyPropertyTest.php" line="136" class="Tests\Property\DegradedModeReadOnlyPropertyTest" classname="Tests.Property.DegradedModeReadOnlyPropertyTest" assertions="3" time="0.044050"/>
          <testcase name="test_degraded_mode_blocks_write_requests_exceeding_limits with data set &quot;write_blocked_26_branches_DELETE_limit_5_usage_6&quot;" file="E:\coupony-backend\tests\Property\DegradedModeReadOnlyPropertyTest.php" line="136" class="Tests\Property\DegradedModeReadOnlyPropertyTest" classname="Tests.Property.DegradedModeReadOnlyPropertyTest" assertions="3" time="0.046489"/>
          <testcase name="test_degraded_mode_blocks_write_requests_exceeding_limits with data set &quot;write_blocked_27_branches_PUT_limit_3_usage_5&quot;" file="E:\coupony-backend\tests\Property\DegradedModeReadOnlyPropertyTest.php" line="136" class="Tests\Property\DegradedModeReadOnlyPropertyTest" classname="Tests.Property.DegradedModeReadOnlyPropertyTest" assertions="3" time="0.087244"/>
          <testcase name="test_degraded_mode_blocks_write_requests_exceeding_limits with data set &quot;write_blocked_28_employees_POST_limit_2_usage_4&quot;" file="E:\coupony-backend\tests\Property\DegradedModeReadOnlyPropertyTest.php" line="136" class="Tests\Property\DegradedModeReadOnlyPropertyTest" classname="Tests.Property.DegradedModeReadOnlyPropertyTest" assertions="3" time="0.045585"/>
          <testcase name="test_degraded_mode_blocks_write_requests_exceeding_limits with data set &quot;write_blocked_29_branches_DELETE_limit_2_usage_5&quot;" file="E:\coupony-backend\tests\Property\DegradedModeReadOnlyPropertyTest.php" line="136" class="Tests\Property\DegradedModeReadOnlyPropertyTest" classname="Tests.Property.DegradedModeReadOnlyPropertyTest" assertions="3" time="0.045026"/>
          <testcase name="test_degraded_mode_blocks_write_requests_exceeding_limits with data set &quot;write_blocked_30_employees_POST_limit_3_usage_3&quot;" file="E:\coupony-backend\tests\Property\DegradedModeReadOnlyPropertyTest.php" line="136" class="Tests\Property\DegradedModeReadOnlyPropertyTest" classname="Tests.Property.DegradedModeReadOnlyPropertyTest" assertions="3" time="0.043930"/>
          <testcase name="test_degraded_mode_blocks_write_requests_exceeding_limits with data set &quot;write_blocked_31_branches_POST_limit_3_usage_4&quot;" file="E:\coupony-backend\tests\Property\DegradedModeReadOnlyPropertyTest.php" line="136" class="Tests\Property\DegradedModeReadOnlyPropertyTest" classname="Tests.Property.DegradedModeReadOnlyPropertyTest" assertions="3" time="0.045194"/>
          <testcase name="test_degraded_mode_blocks_write_requests_exceeding_limits with data set &quot;write_blocked_32_products_PUT_limit_2_usage_2&quot;" file="E:\coupony-backend\tests\Property\DegradedModeReadOnlyPropertyTest.php" line="136" class="Tests\Property\DegradedModeReadOnlyPropertyTest" classname="Tests.Property.DegradedModeReadOnlyPropertyTest" assertions="3" time="0.047924"/>
          <testcase name="test_degraded_mode_blocks_write_requests_exceeding_limits with data set &quot;write_blocked_33_products_PUT_limit_5_usage_8&quot;" file="E:\coupony-backend\tests\Property\DegradedModeReadOnlyPropertyTest.php" line="136" class="Tests\Property\DegradedModeReadOnlyPropertyTest" classname="Tests.Property.DegradedModeReadOnlyPropertyTest" assertions="3" time="0.054456"/>
          <testcase name="test_degraded_mode_blocks_write_requests_exceeding_limits with data set &quot;write_blocked_34_products_DELETE_limit_1_usage_1&quot;" file="E:\coupony-backend\tests\Property\DegradedModeReadOnlyPropertyTest.php" line="136" class="Tests\Property\DegradedModeReadOnlyPropertyTest" classname="Tests.Property.DegradedModeReadOnlyPropertyTest" assertions="3" time="0.043707"/>
          <testcase name="test_degraded_mode_blocks_write_requests_exceeding_limits with data set &quot;write_blocked_35_branches_POST_limit_3_usage_5&quot;" file="E:\coupony-backend\tests\Property\DegradedModeReadOnlyPropertyTest.php" line="136" class="Tests\Property\DegradedModeReadOnlyPropertyTest" classname="Tests.Property.DegradedModeReadOnlyPropertyTest" assertions="3" time="0.045205"/>
          <testcase name="test_degraded_mode_blocks_write_requests_exceeding_limits with data set &quot;write_blocked_36_products_DELETE_limit_3_usage_4&quot;" file="E:\coupony-backend\tests\Property\DegradedModeReadOnlyPropertyTest.php" line="136" class="Tests\Property\DegradedModeReadOnlyPropertyTest" classname="Tests.Property.DegradedModeReadOnlyPropertyTest" assertions="3" time="0.046864"/>
          <testcase name="test_degraded_mode_blocks_write_requests_exceeding_limits with data set &quot;write_blocked_37_branches_PUT_limit_3_usage_5&quot;" file="E:\coupony-backend\tests\Property\DegradedModeReadOnlyPropertyTest.php" line="136" class="Tests\Property\DegradedModeReadOnlyPropertyTest" classname="Tests.Property.DegradedModeReadOnlyPropertyTest" assertions="3" time="0.087319"/>
          <testcase name="test_degraded_mode_blocks_write_requests_exceeding_limits with data set &quot;write_blocked_38_branches_PUT_limit_1_usage_4&quot;" file="E:\coupony-backend\tests\Property\DegradedModeReadOnlyPropertyTest.php" line="136" class="Tests\Property\DegradedModeReadOnlyPropertyTest" classname="Tests.Property.DegradedModeReadOnlyPropertyTest" assertions="3" time="0.042387"/>
          <testcase name="test_degraded_mode_blocks_write_requests_exceeding_limits with data set &quot;write_blocked_39_products_PUT_limit_5_usage_6&quot;" file="E:\coupony-backend\tests\Property\DegradedModeReadOnlyPropertyTest.php" line="136" class="Tests\Property\DegradedModeReadOnlyPropertyTest" classname="Tests.Property.DegradedModeReadOnlyPropertyTest" assertions="3" time="0.048601"/>
          <testcase name="test_degraded_mode_blocks_write_requests_exceeding_limits with data set &quot;write_blocked_40_products_DELETE_limit_3_usage_6&quot;" file="E:\coupony-backend\tests\Property\DegradedModeReadOnlyPropertyTest.php" line="136" class="Tests\Property\DegradedModeReadOnlyPropertyTest" classname="Tests.Property.DegradedModeReadOnlyPropertyTest" assertions="3" time="0.049968"/>
          <testcase name="test_degraded_mode_blocks_write_requests_exceeding_limits with data set &quot;write_blocked_41_products_POST_limit_2_usage_5&quot;" file="E:\coupony-backend\tests\Property\DegradedModeReadOnlyPropertyTest.php" line="136" class="Tests\Property\DegradedModeReadOnlyPropertyTest" classname="Tests.Property.DegradedModeReadOnlyPropertyTest" assertions="3" time="0.048618"/>
          <testcase name="test_degraded_mode_blocks_write_requests_exceeding_limits with data set &quot;write_blocked_42_products_PUT_limit_5_usage_7&quot;" file="E:\coupony-backend\tests\Property\DegradedModeReadOnlyPropertyTest.php" line="136" class="Tests\Property\DegradedModeReadOnlyPropertyTest" classname="Tests.Property.DegradedModeReadOnlyPropertyTest" assertions="3" time="0.048735"/>
          <testcase name="test_degraded_mode_blocks_write_requests_exceeding_limits with data set &quot;write_blocked_43_branches_POST_limit_2_usage_4&quot;" file="E:\coupony-backend\tests\Property\DegradedModeReadOnlyPropertyTest.php" line="136" class="Tests\Property\DegradedModeReadOnlyPropertyTest" classname="Tests.Property.DegradedModeReadOnlyPropertyTest" assertions="3" time="0.044767"/>
          <testcase name="test_degraded_mode_blocks_write_requests_exceeding_limits with data set &quot;write_blocked_44_employees_DELETE_limit_5_usage_8&quot;" file="E:\coupony-backend\tests\Property\DegradedModeReadOnlyPropertyTest.php" line="136" class="Tests\Property\DegradedModeReadOnlyPropertyTest" classname="Tests.Property.DegradedModeReadOnlyPropertyTest" assertions="3" time="0.049793"/>
          <testcase name="test_degraded_mode_blocks_write_requests_exceeding_limits with data set &quot;write_blocked_45_branches_POST_limit_5_usage_7&quot;" file="E:\coupony-backend\tests\Property\DegradedModeReadOnlyPropertyTest.php" line="136" class="Tests\Property\DegradedModeReadOnlyPropertyTest" classname="Tests.Property.DegradedModeReadOnlyPropertyTest" assertions="3" time="0.045541"/>
          <testcase name="test_degraded_mode_blocks_write_requests_exceeding_limits with data set &quot;write_blocked_46_employees_POST_limit_5_usage_8&quot;" file="E:\coupony-backend\tests\Property\DegradedModeReadOnlyPropertyTest.php" line="136" class="Tests\Property\DegradedModeReadOnlyPropertyTest" classname="Tests.Property.DegradedModeReadOnlyPropertyTest" assertions="3" time="0.099667"/>
          <testcase name="test_degraded_mode_blocks_write_requests_exceeding_limits with data set &quot;write_blocked_47_products_POST_limit_1_usage_1&quot;" file="E:\coupony-backend\tests\Property\DegradedModeReadOnlyPropertyTest.php" line="136" class="Tests\Property\DegradedModeReadOnlyPropertyTest" classname="Tests.Property.DegradedModeReadOnlyPropertyTest" assertions="3" time="0.049683"/>
          <testcase name="test_degraded_mode_blocks_write_requests_exceeding_limits with data set &quot;write_blocked_48_employees_DELETE_limit_3_usage_4&quot;" file="E:\coupony-backend\tests\Property\DegradedModeReadOnlyPropertyTest.php" line="136" class="Tests\Property\DegradedModeReadOnlyPropertyTest" classname="Tests.Property.DegradedModeReadOnlyPropertyTest" assertions="3" time="0.055718"/>
          <testcase name="test_degraded_mode_blocks_write_requests_exceeding_limits with data set &quot;write_blocked_49_products_POST_limit_5_usage_7&quot;" file="E:\coupony-backend\tests\Property\DegradedModeReadOnlyPropertyTest.php" line="136" class="Tests\Property\DegradedModeReadOnlyPropertyTest" classname="Tests.Property.DegradedModeReadOnlyPropertyTest" assertions="3" time="0.054830"/>
          <testcase name="test_degraded_mode_blocks_write_requests_exceeding_limits with data set &quot;write_blocked_50_branches_POST_limit_1_usage_3&quot;" file="E:\coupony-backend\tests\Property\DegradedModeReadOnlyPropertyTest.php" line="136" class="Tests\Property\DegradedModeReadOnlyPropertyTest" classname="Tests.Property.DegradedModeReadOnlyPropertyTest" assertions="3" time="0.049867"/>
          <testcase name="test_degraded_mode_blocks_write_requests_exceeding_limits with data set &quot;write_blocked_51_branches_POST_limit_3_usage_3&quot;" file="E:\coupony-backend\tests\Property\DegradedModeReadOnlyPropertyTest.php" line="136" class="Tests\Property\DegradedModeReadOnlyPropertyTest" classname="Tests.Property.DegradedModeReadOnlyPropertyTest" assertions="3" time="0.047220"/>
          <testcase name="test_degraded_mode_blocks_write_requests_exceeding_limits with data set &quot;write_blocked_52_branches_DELETE_limit_1_usage_4&quot;" file="E:\coupony-backend\tests\Property\DegradedModeReadOnlyPropertyTest.php" line="136" class="Tests\Property\DegradedModeReadOnlyPropertyTest" classname="Tests.Property.DegradedModeReadOnlyPropertyTest" assertions="3" time="0.047281"/>
          <testcase name="test_degraded_mode_blocks_write_requests_exceeding_limits with data set &quot;write_blocked_53_products_DELETE_limit_4_usage_6&quot;" file="E:\coupony-backend\tests\Property\DegradedModeReadOnlyPropertyTest.php" line="136" class="Tests\Property\DegradedModeReadOnlyPropertyTest" classname="Tests.Property.DegradedModeReadOnlyPropertyTest" assertions="3" time="0.051283"/>
          <testcase name="test_degraded_mode_blocks_write_requests_exceeding_limits with data set &quot;write_blocked_54_branches_PUT_limit_2_usage_3&quot;" file="E:\coupony-backend\tests\Property\DegradedModeReadOnlyPropertyTest.php" line="136" class="Tests\Property\DegradedModeReadOnlyPropertyTest" classname="Tests.Property.DegradedModeReadOnlyPropertyTest" assertions="3" time="0.062587"/>
        </testsuite>
      </testsuite>
      <testsuite name="Tests\Property\EntitlementArithmeticPropertyTest" file="E:\coupony-backend\tests\Property\EntitlementArithmeticPropertyTest.php" tests="100" assertions="2100" errors="0" failures="0" skipped="0" time="8.672664">
        <testsuite name="Tests\Property\EntitlementArithmeticPropertyTest::remaining_equals_limit_minus_usage_and_all_values_are_non_negative" tests="100" assertions="2100" errors="0" failures="0" skipped="0" time="8.672664">
          <testcase name="remaining_equals_limit_minus_usage_and_all_values_are_non_negative with data set &quot;iteration_0_products(218/3)_employees(413/6)_branches(383/6)&quot;" file="E:\coupony-backend\tests\Property\EntitlementArithmeticPropertyTest.php" line="43" class="Tests\Property\EntitlementArithmeticPropertyTest" classname="Tests.Property.EntitlementArithmeticPropertyTest" assertions="21" time="0.111398"/>
          <testcase name="remaining_equals_limit_minus_usage_and_all_values_are_non_negative with data set &quot;iteration_1_products(781/6)_employees(564/17)_branches(683/4)&quot;" file="E:\coupony-backend\tests\Property\EntitlementArithmeticPropertyTest.php" line="43" class="Tests\Property\EntitlementArithmeticPropertyTest" classname="Tests.Property.EntitlementArithmeticPropertyTest" assertions="21" time="0.071825"/>
          <testcase name="remaining_equals_limit_minus_usage_and_all_values_are_non_negative with data set &quot;iteration_2_products(554/36)_employees(91/10)_branches(778/11)&quot;" file="E:\coupony-backend\tests\Property\EntitlementArithmeticPropertyTest.php" line="43" class="Tests\Property\EntitlementArithmeticPropertyTest" classname="Tests.Property.EntitlementArithmeticPropertyTest" assertions="21" time="0.098957"/>
          <testcase name="remaining_equals_limit_minus_usage_and_all_values_are_non_negative with data set &quot;iteration_3_products(193/50)_employees(101/8)_branches(38/2)&quot;" file="E:\coupony-backend\tests\Property\EntitlementArithmeticPropertyTest.php" line="43" class="Tests\Property\EntitlementArithmeticPropertyTest" classname="Tests.Property.EntitlementArithmeticPropertyTest" assertions="21" time="0.109360"/>
          <testcase name="remaining_equals_limit_minus_usage_and_all_values_are_non_negative with data set &quot;iteration_4_products(764/27)_employees(697/2)_branches(647/6)&quot;" file="E:\coupony-backend\tests\Property\EntitlementArithmeticPropertyTest.php" line="43" class="Tests\Property\EntitlementArithmeticPropertyTest" classname="Tests.Property.EntitlementArithmeticPropertyTest" assertions="21" time="0.071371"/>
          <testcase name="remaining_equals_limit_minus_usage_and_all_values_are_non_negative with data set &quot;iteration_5_products(784/40)_employees(535/7)_branches(976/8)&quot;" file="E:\coupony-backend\tests\Property\EntitlementArithmeticPropertyTest.php" line="43" class="Tests\Property\EntitlementArithmeticPropertyTest" classname="Tests.Property.EntitlementArithmeticPropertyTest" assertions="21" time="0.098699"/>
          <testcase name="remaining_equals_limit_minus_usage_and_all_values_are_non_negative with data set &quot;iteration_6_products(899/43)_employees(118/5)_branches(952/14)&quot;" file="E:\coupony-backend\tests\Property\EntitlementArithmeticPropertyTest.php" line="43" class="Tests\Property\EntitlementArithmeticPropertyTest" classname="Tests.Property.EntitlementArithmeticPropertyTest" assertions="21" time="0.103138"/>
          <testcase name="remaining_equals_limit_minus_usage_and_all_values_are_non_negative with data set &quot;iteration_7_products(723/28)_employees(681/3)_branches(169/12)&quot;" file="E:\coupony-backend\tests\Property\EntitlementArithmeticPropertyTest.php" line="43" class="Tests\Property\EntitlementArithmeticPropertyTest" classname="Tests.Property.EntitlementArithmeticPropertyTest" assertions="21" time="0.077928"/>
          <testcase name="remaining_equals_limit_minus_usage_and_all_values_are_non_negative with data set &quot;iteration_8_products(966/3)_employees(454/19)_branches(990/14)&quot;" file="E:\coupony-backend\tests\Property\EntitlementArithmeticPropertyTest.php" line="43" class="Tests\Property\EntitlementArithmeticPropertyTest" classname="Tests.Property.EntitlementArithmeticPropertyTest" assertions="21" time="0.126894"/>
          <testcase name="remaining_equals_limit_minus_usage_and_all_values_are_non_negative with data set &quot;iteration_9_products(192/9)_employees(433/8)_branches(668/3)&quot;" file="E:\coupony-backend\tests\Property\EntitlementArithmeticPropertyTest.php" line="43" class="Tests\Property\EntitlementArithmeticPropertyTest" classname="Tests.Property.EntitlementArithmeticPropertyTest" assertions="21" time="0.058780"/>
          <testcase name="remaining_equals_limit_minus_usage_and_all_values_are_non_negative with data set &quot;iteration_10_products(297/37)_employees(115/8)_branches(819/8)&quot;" file="E:\coupony-backend\tests\Property\EntitlementArithmeticPropertyTest.php" line="43" class="Tests\Property\EntitlementArithmeticPropertyTest" classname="Tests.Property.EntitlementArithmeticPropertyTest" assertions="21" time="0.091567"/>
          <testcase name="remaining_equals_limit_minus_usage_and_all_values_are_non_negative with data set &quot;iteration_11_products(271/18)_employees(158/2)_branches(82/7)&quot;" file="E:\coupony-backend\tests\Property\EntitlementArithmeticPropertyTest.php" line="43" class="Tests\Property\EntitlementArithmeticPropertyTest" classname="Tests.Property.EntitlementArithmeticPropertyTest" assertions="21" time="0.064886"/>
          <testcase name="remaining_equals_limit_minus_usage_and_all_values_are_non_negative with data set &quot;iteration_12_products(403/2)_employees(76/10)_branches(97/6)&quot;" file="E:\coupony-backend\tests\Property\EntitlementArithmeticPropertyTest.php" line="43" class="Tests\Property\EntitlementArithmeticPropertyTest" classname="Tests.Property.EntitlementArithmeticPropertyTest" assertions="21" time="0.056817"/>
          <testcase name="remaining_equals_limit_minus_usage_and_all_values_are_non_negative with data set &quot;iteration_13_products(609/35)_employees(74/16)_branches(269/7)&quot;" file="E:\coupony-backend\tests\Property\EntitlementArithmeticPropertyTest.php" line="43" class="Tests\Property\EntitlementArithmeticPropertyTest" classname="Tests.Property.EntitlementArithmeticPropertyTest" assertions="21" time="0.104799"/>
          <testcase name="remaining_equals_limit_minus_usage_and_all_values_are_non_negative with data set &quot;iteration_14_products(275/4)_employees(227/20)_branches(917/14)&quot;" file="E:\coupony-backend\tests\Property\EntitlementArithmeticPropertyTest.php" line="43" class="Tests\Property\EntitlementArithmeticPropertyTest" classname="Tests.Property.EntitlementArithmeticPropertyTest" assertions="21" time="0.072459"/>
          <testcase name="remaining_equals_limit_minus_usage_and_all_values_are_non_negative with data set &quot;iteration_15_products(765/28)_employees(691/18)_branches(389/4)&quot;" file="E:\coupony-backend\tests\Property\EntitlementArithmeticPropertyTest.php" line="43" class="Tests\Property\EntitlementArithmeticPropertyTest" classname="Tests.Property.EntitlementArithmeticPropertyTest" assertions="21" time="0.090814"/>
          <testcase name="remaining_equals_limit_minus_usage_and_all_values_are_non_negative with data set &quot;iteration_16_products(26/8)_employees(755/3)_branches(657/15)&quot;" file="E:\coupony-backend\tests\Property\EntitlementArithmeticPropertyTest.php" line="43" class="Tests\Property\EntitlementArithmeticPropertyTest" classname="Tests.Property.EntitlementArithmeticPropertyTest" assertions="21" time="0.062462"/>
          <testcase name="remaining_equals_limit_minus_usage_and_all_values_are_non_negative with data set &quot;iteration_17_products(376/37)_employees(429/0)_branches(401/3)&quot;" file="E:\coupony-backend\tests\Property\EntitlementArithmeticPropertyTest.php" line="43" class="Tests\Property\EntitlementArithmeticPropertyTest" classname="Tests.Property.EntitlementArithmeticPropertyTest" assertions="21" time="0.125237"/>
          <testcase name="remaining_equals_limit_minus_usage_and_all_values_are_non_negative with data set &quot;iteration_18_products(886/39)_employees(992/9)_branches(335/12)&quot;" file="E:\coupony-backend\tests\Property\EntitlementArithmeticPropertyTest.php" line="43" class="Tests\Property\EntitlementArithmeticPropertyTest" classname="Tests.Property.EntitlementArithmeticPropertyTest" assertions="21" time="0.100337"/>
          <testcase name="remaining_equals_limit_minus_usage_and_all_values_are_non_negative with data set &quot;iteration_19_products(216/48)_employees(139/2)_branches(718/5)&quot;" file="E:\coupony-backend\tests\Property\EntitlementArithmeticPropertyTest.php" line="43" class="Tests\Property\EntitlementArithmeticPropertyTest" classname="Tests.Property.EntitlementArithmeticPropertyTest" assertions="21" time="0.099423"/>
          <testcase name="remaining_equals_limit_minus_usage_and_all_values_are_non_negative with data set &quot;iteration_20_products(352/5)_employees(405/9)_branches(655/6)&quot;" file="E:\coupony-backend\tests\Property\EntitlementArithmeticPropertyTest.php" line="43" class="Tests\Property\EntitlementArithmeticPropertyTest" classname="Tests.Property.EntitlementArithmeticPropertyTest" assertions="21" time="0.057754"/>
          <testcase name="remaining_equals_limit_minus_usage_and_all_values_are_non_negative with data set &quot;iteration_21_products(543/2)_employees(75/8)_branches(882/13)&quot;" file="E:\coupony-backend\tests\Property\EntitlementArithmeticPropertyTest.php" line="43" class="Tests\Property\EntitlementArithmeticPropertyTest" classname="Tests.Property.EntitlementArithmeticPropertyTest" assertions="21" time="0.060936"/>
          <testcase name="remaining_equals_limit_minus_usage_and_all_values_are_non_negative with data set &quot;iteration_22_products(489/8)_employees(684/18)_branches(673/6)&quot;" file="E:\coupony-backend\tests\Property\EntitlementArithmeticPropertyTest.php" line="43" class="Tests\Property\EntitlementArithmeticPropertyTest" classname="Tests.Property.EntitlementArithmeticPropertyTest" assertions="21" time="0.068099"/>
          <testcase name="remaining_equals_limit_minus_usage_and_all_values_are_non_negative with data set &quot;iteration_23_products(95/30)_employees(620/3)_branches(299/1)&quot;" file="E:\coupony-backend\tests\Property\EntitlementArithmeticPropertyTest.php" line="43" class="Tests\Property\EntitlementArithmeticPropertyTest" classname="Tests.Property.EntitlementArithmeticPropertyTest" assertions="21" time="0.083195"/>
          <testcase name="remaining_equals_limit_minus_usage_and_all_values_are_non_negative with data set &quot;iteration_24_products(15/2)_employees(334/14)_branches(398/13)&quot;" file="E:\coupony-backend\tests\Property\EntitlementArithmeticPropertyTest.php" line="43" class="Tests\Property\EntitlementArithmeticPropertyTest" classname="Tests.Property.EntitlementArithmeticPropertyTest" assertions="21" time="0.075620"/>
          <testcase name="remaining_equals_limit_minus_usage_and_all_values_are_non_negative with data set &quot;iteration_25_products(964/24)_employees(292/14)_branches(467/0)&quot;" file="E:\coupony-backend\tests\Property\EntitlementArithmeticPropertyTest.php" line="43" class="Tests\Property\EntitlementArithmeticPropertyTest" classname="Tests.Property.EntitlementArithmeticPropertyTest" assertions="21" time="0.078065"/>
          <testcase name="remaining_equals_limit_minus_usage_and_all_values_are_non_negative with data set &quot;iteration_26_products(598/13)_employees(36/2)_branches(952/1)&quot;" file="E:\coupony-backend\tests\Property\EntitlementArithmeticPropertyTest.php" line="43" class="Tests\Property\EntitlementArithmeticPropertyTest" classname="Tests.Property.EntitlementArithmeticPropertyTest" assertions="21" time="0.114811"/>
          <testcase name="remaining_equals_limit_minus_usage_and_all_values_are_non_negative with data set &quot;iteration_27_products(624/14)_employees(713/20)_branches(798/10)&quot;" file="E:\coupony-backend\tests\Property\EntitlementArithmeticPropertyTest.php" line="43" class="Tests\Property\EntitlementArithmeticPropertyTest" classname="Tests.Property.EntitlementArithmeticPropertyTest" assertions="21" time="0.082104"/>
          <testcase name="remaining_equals_limit_minus_usage_and_all_values_are_non_negative with data set &quot;iteration_28_products(711/32)_employees(313/12)_branches(327/9)&quot;" file="E:\coupony-backend\tests\Property\EntitlementArithmeticPropertyTest.php" line="43" class="Tests\Property\EntitlementArithmeticPropertyTest" classname="Tests.Property.EntitlementArithmeticPropertyTest" assertions="21" time="0.090249"/>
          <testcase name="remaining_equals_limit_minus_usage_and_all_values_are_non_negative with data set &quot;iteration_29_products(758/6)_employees(428/20)_branches(867/0)&quot;" file="E:\coupony-backend\tests\Property\EntitlementArithmeticPropertyTest.php" line="43" class="Tests\Property\EntitlementArithmeticPropertyTest" classname="Tests.Property.EntitlementArithmeticPropertyTest" assertions="21" time="0.068772"/>
          <testcase name="remaining_equals_limit_minus_usage_and_all_values_are_non_negative with data set &quot;iteration_30_products(795/36)_employees(6/13)_branches(516/10)&quot;" file="E:\coupony-backend\tests\Property\EntitlementArithmeticPropertyTest.php" line="43" class="Tests\Property\EntitlementArithmeticPropertyTest" classname="Tests.Property.EntitlementArithmeticPropertyTest" assertions="21" time="0.097070"/>
          <testcase name="remaining_equals_limit_minus_usage_and_all_values_are_non_negative with data set &quot;iteration_31_products(126/10)_employees(658/3)_branches(84/13)&quot;" file="E:\coupony-backend\tests\Property\EntitlementArithmeticPropertyTest.php" line="43" class="Tests\Property\EntitlementArithmeticPropertyTest" classname="Tests.Property.EntitlementArithmeticPropertyTest" assertions="21" time="0.066576"/>
          <testcase name="remaining_equals_limit_minus_usage_and_all_values_are_non_negative with data set &quot;iteration_32_products(646/5)_employees(848/17)_branches(950/3)&quot;" file="E:\coupony-backend\tests\Property\EntitlementArithmeticPropertyTest.php" line="43" class="Tests\Property\EntitlementArithmeticPropertyTest" classname="Tests.Property.EntitlementArithmeticPropertyTest" assertions="21" time="0.065833"/>
          <testcase name="remaining_equals_limit_minus_usage_and_all_values_are_non_negative with data set &quot;iteration_33_products(642/39)_employees(369/7)_branches(375/12)&quot;" file="E:\coupony-backend\tests\Property\EntitlementArithmeticPropertyTest.php" line="43" class="Tests\Property\EntitlementArithmeticPropertyTest" classname="Tests.Property.EntitlementArithmeticPropertyTest" assertions="21" time="0.093274"/>
          <testcase name="remaining_equals_limit_minus_usage_and_all_values_are_non_negative with data set &quot;iteration_34_products(842/30)_employees(352/3)_branches(657/14)&quot;" file="E:\coupony-backend\tests\Property\EntitlementArithmeticPropertyTest.php" line="43" class="Tests\Property\EntitlementArithmeticPropertyTest" classname="Tests.Property.EntitlementArithmeticPropertyTest" assertions="21" time="0.083593"/>
          <testcase name="remaining_equals_limit_minus_usage_and_all_values_are_non_negative with data set &quot;iteration_35_products(108/41)_employees(85/8)_branches(644/10)&quot;" file="E:\coupony-backend\tests\Property\EntitlementArithmeticPropertyTest.php" line="43" class="Tests\Property\EntitlementArithmeticPropertyTest" classname="Tests.Property.EntitlementArithmeticPropertyTest" assertions="21" time="0.161605"/>
          <testcase name="remaining_equals_limit_minus_usage_and_all_values_are_non_negative with data set &quot;iteration_36_products(6/10)_employees(770/16)_branches(155/14)&quot;" file="E:\coupony-backend\tests\Property\EntitlementArithmeticPropertyTest.php" line="43" class="Tests\Property\EntitlementArithmeticPropertyTest" classname="Tests.Property.EntitlementArithmeticPropertyTest" assertions="21" time="0.076881"/>
          <testcase name="remaining_equals_limit_minus_usage_and_all_values_are_non_negative with data set &quot;iteration_37_products(15/3)_employees(849/1)_branches(575/12)&quot;" file="E:\coupony-backend\tests\Property\EntitlementArithmeticPropertyTest.php" line="43" class="Tests\Property\EntitlementArithmeticPropertyTest" classname="Tests.Property.EntitlementArithmeticPropertyTest" assertions="21" time="0.055046"/>
          <testcase name="remaining_equals_limit_minus_usage_and_all_values_are_non_negative with data set &quot;iteration_38_products(176/37)_employees(49/3)_branches(569/7)&quot;" file="E:\coupony-backend\tests\Property\EntitlementArithmeticPropertyTest.php" line="43" class="Tests\Property\EntitlementArithmeticPropertyTest" classname="Tests.Property.EntitlementArithmeticPropertyTest" assertions="21" time="0.090287"/>
          <testcase name="remaining_equals_limit_minus_usage_and_all_values_are_non_negative with data set &quot;iteration_39_products(211/9)_employees(564/8)_branches(250/5)&quot;" file="E:\coupony-backend\tests\Property\EntitlementArithmeticPropertyTest.php" line="43" class="Tests\Property\EntitlementArithmeticPropertyTest" classname="Tests.Property.EntitlementArithmeticPropertyTest" assertions="21" time="0.062504"/>
          <testcase name="remaining_equals_limit_minus_usage_and_all_values_are_non_negative with data set &quot;iteration_40_products(85/15)_employees(1/1)_branches(570/8)&quot;" file="E:\coupony-backend\tests\Property\EntitlementArithmeticPropertyTest.php" line="43" class="Tests\Property\EntitlementArithmeticPropertyTest" classname="Tests.Property.EntitlementArithmeticPropertyTest" assertions="21" time="0.065380"/>
          <testcase name="remaining_equals_limit_minus_usage_and_all_values_are_non_negative with data set &quot;iteration_41_products(61/21)_employees(958/6)_branches(170/13)&quot;" file="E:\coupony-backend\tests\Property\EntitlementArithmeticPropertyTest.php" line="43" class="Tests\Property\EntitlementArithmeticPropertyTest" classname="Tests.Property.EntitlementArithmeticPropertyTest" assertions="21" time="0.080451"/>
          <testcase name="remaining_equals_limit_minus_usage_and_all_values_are_non_negative with data set &quot;iteration_42_products(387/50)_employees(617/8)_branches(327/11)&quot;" file="E:\coupony-backend\tests\Property\EntitlementArithmeticPropertyTest.php" line="43" class="Tests\Property\EntitlementArithmeticPropertyTest" classname="Tests.Property.EntitlementArithmeticPropertyTest" assertions="21" time="0.111388"/>
          <testcase name="remaining_equals_limit_minus_usage_and_all_values_are_non_negative with data set &quot;iteration_43_products(353/48)_employees(565/20)_branches(569/4)&quot;" file="E:\coupony-backend\tests\Property\EntitlementArithmeticPropertyTest.php" line="43" class="Tests\Property\EntitlementArithmeticPropertyTest" classname="Tests.Property.EntitlementArithmeticPropertyTest" assertions="21" time="0.122405"/>
          <testcase name="remaining_equals_limit_minus_usage_and_all_values_are_non_negative with data set &quot;iteration_44_products(763/44)_employees(605/11)_branches(937/11)&quot;" file="E:\coupony-backend\tests\Property\EntitlementArithmeticPropertyTest.php" line="43" class="Tests\Property\EntitlementArithmeticPropertyTest" classname="Tests.Property.EntitlementArithmeticPropertyTest" assertions="21" time="0.171298"/>
          <testcase name="remaining_equals_limit_minus_usage_and_all_values_are_non_negative with data set &quot;iteration_45_products(385/31)_employees(899/4)_branches(908/14)&quot;" file="E:\coupony-backend\tests\Property\EntitlementArithmeticPropertyTest.php" line="43" class="Tests\Property\EntitlementArithmeticPropertyTest" classname="Tests.Property.EntitlementArithmeticPropertyTest" assertions="21" time="0.091900"/>
          <testcase name="remaining_equals_limit_minus_usage_and_all_values_are_non_negative with data set &quot;iteration_46_products(110/9)_employees(862/3)_branches(962/10)&quot;" file="E:\coupony-backend\tests\Property\EntitlementArithmeticPropertyTest.php" line="43" class="Tests\Property\EntitlementArithmeticPropertyTest" classname="Tests.Property.EntitlementArithmeticPropertyTest" assertions="21" time="0.061386"/>
          <testcase name="remaining_equals_limit_minus_usage_and_all_values_are_non_negative with data set &quot;iteration_47_products(759/43)_employees(254/11)_branches(384/15)&quot;" file="E:\coupony-backend\tests\Property\EntitlementArithmeticPropertyTest.php" line="43" class="Tests\Property\EntitlementArithmeticPropertyTest" classname="Tests.Property.EntitlementArithmeticPropertyTest" assertions="21" time="0.116544"/>
          <testcase name="remaining_equals_limit_minus_usage_and_all_values_are_non_negative with data set &quot;iteration_48_products(489/24)_employees(106/10)_branches(545/3)&quot;" file="E:\coupony-backend\tests\Property\EntitlementArithmeticPropertyTest.php" line="43" class="Tests\Property\EntitlementArithmeticPropertyTest" classname="Tests.Property.EntitlementArithmeticPropertyTest" assertions="21" time="0.078639"/>
          <testcase name="remaining_equals_limit_minus_usage_and_all_values_are_non_negative with data set &quot;iteration_49_products(15/22)_employees(100/0)_branches(49/2)&quot;" file="E:\coupony-backend\tests\Property\EntitlementArithmeticPropertyTest.php" line="43" class="Tests\Property\EntitlementArithmeticPropertyTest" classname="Tests.Property.EntitlementArithmeticPropertyTest" assertions="21" time="0.063982"/>
          <testcase name="remaining_equals_limit_minus_usage_and_all_values_are_non_negative with data set &quot;iteration_50_products(551/38)_employees(684/1)_branches(237/2)&quot;" file="E:\coupony-backend\tests\Property\EntitlementArithmeticPropertyTest.php" line="43" class="Tests\Property\EntitlementArithmeticPropertyTest" classname="Tests.Property.EntitlementArithmeticPropertyTest" assertions="21" time="0.082425"/>
          <testcase name="remaining_equals_limit_minus_usage_and_all_values_are_non_negative with data set &quot;iteration_51_products(688/33)_employees(140/20)_branches(474/15)&quot;" file="E:\coupony-backend\tests\Property\EntitlementArithmeticPropertyTest.php" line="43" class="Tests\Property\EntitlementArithmeticPropertyTest" classname="Tests.Property.EntitlementArithmeticPropertyTest" assertions="21" time="0.103344"/>
          <testcase name="remaining_equals_limit_minus_usage_and_all_values_are_non_negative with data set &quot;iteration_52_products(193/2)_employees(41/19)_branches(209/10)&quot;" file="E:\coupony-backend\tests\Property\EntitlementArithmeticPropertyTest.php" line="43" class="Tests\Property\EntitlementArithmeticPropertyTest" classname="Tests.Property.EntitlementArithmeticPropertyTest" assertions="21" time="0.065491"/>
          <testcase name="remaining_equals_limit_minus_usage_and_all_values_are_non_negative with data set &quot;iteration_53_products(59/14)_employees(660/11)_branches(513/8)&quot;" file="E:\coupony-backend\tests\Property\EntitlementArithmeticPropertyTest.php" line="43" class="Tests\Property\EntitlementArithmeticPropertyTest" classname="Tests.Property.EntitlementArithmeticPropertyTest" assertions="21" time="0.132533"/>
          <testcase name="remaining_equals_limit_minus_usage_and_all_values_are_non_negative with data set &quot;iteration_54_products(299/43)_employees(728/14)_branches(618/13)&quot;" file="E:\coupony-backend\tests\Property\EntitlementArithmeticPropertyTest.php" line="43" class="Tests\Property\EntitlementArithmeticPropertyTest" classname="Tests.Property.EntitlementArithmeticPropertyTest" assertions="21" time="0.111758"/>
          <testcase name="remaining_equals_limit_minus_usage_and_all_values_are_non_negative with data set &quot;iteration_55_products(767/33)_employees(408/13)_branches(165/6)&quot;" file="E:\coupony-backend\tests\Property\EntitlementArithmeticPropertyTest.php" line="43" class="Tests\Property\EntitlementArithmeticPropertyTest" classname="Tests.Property.EntitlementArithmeticPropertyTest" assertions="21" time="0.092912"/>
          <testcase name="remaining_equals_limit_minus_usage_and_all_values_are_non_negative with data set &quot;iteration_56_products(966/19)_employees(415/11)_branches(99/3)&quot;" file="E:\coupony-backend\tests\Property\EntitlementArithmeticPropertyTest.php" line="43" class="Tests\Property\EntitlementArithmeticPropertyTest" classname="Tests.Property.EntitlementArithmeticPropertyTest" assertions="21" time="0.075001"/>
          <testcase name="remaining_equals_limit_minus_usage_and_all_values_are_non_negative with data set &quot;iteration_57_products(2/12)_employees(269/4)_branches(201/13)&quot;" file="E:\coupony-backend\tests\Property\EntitlementArithmeticPropertyTest.php" line="43" class="Tests\Property\EntitlementArithmeticPropertyTest" classname="Tests.Property.EntitlementArithmeticPropertyTest" assertions="21" time="0.068272"/>
          <testcase name="remaining_equals_limit_minus_usage_and_all_values_are_non_negative with data set &quot;iteration_58_products(145/6)_employees(925/17)_branches(143/11)&quot;" file="E:\coupony-backend\tests\Property\EntitlementArithmeticPropertyTest.php" line="43" class="Tests\Property\EntitlementArithmeticPropertyTest" classname="Tests.Property.EntitlementArithmeticPropertyTest" assertions="21" time="0.073504"/>
          <testcase name="remaining_equals_limit_minus_usage_and_all_values_are_non_negative with data set &quot;iteration_59_products(741/13)_employees(680/2)_branches(558/11)&quot;" file="E:\coupony-backend\tests\Property\EntitlementArithmeticPropertyTest.php" line="43" class="Tests\Property\EntitlementArithmeticPropertyTest" classname="Tests.Property.EntitlementArithmeticPropertyTest" assertions="21" time="0.063595"/>
          <testcase name="remaining_equals_limit_minus_usage_and_all_values_are_non_negative with data set &quot;iteration_60_products(723/15)_employees(64/15)_branches(345/3)&quot;" file="E:\coupony-backend\tests\Property\EntitlementArithmeticPropertyTest.php" line="43" class="Tests\Property\EntitlementArithmeticPropertyTest" classname="Tests.Property.EntitlementArithmeticPropertyTest" assertions="21" time="0.073857"/>
          <testcase name="remaining_equals_limit_minus_usage_and_all_values_are_non_negative with data set &quot;iteration_61_products(546/0)_employees(461/18)_branches(273/3)&quot;" file="E:\coupony-backend\tests\Property\EntitlementArithmeticPropertyTest.php" line="43" class="Tests\Property\EntitlementArithmeticPropertyTest" classname="Tests.Property.EntitlementArithmeticPropertyTest" assertions="21" time="0.065144"/>
          <testcase name="remaining_equals_limit_minus_usage_and_all_values_are_non_negative with data set &quot;iteration_62_products(261/15)_employees(490/11)_branches(580/15)&quot;" file="E:\coupony-backend\tests\Property\EntitlementArithmeticPropertyTest.php" line="43" class="Tests\Property\EntitlementArithmeticPropertyTest" classname="Tests.Property.EntitlementArithmeticPropertyTest" assertions="21" time="0.135677"/>
          <testcase name="remaining_equals_limit_minus_usage_and_all_values_are_non_negative with data set &quot;iteration_63_products(185/11)_employees(614/6)_branches(827/12)&quot;" file="E:\coupony-backend\tests\Property\EntitlementArithmeticPropertyTest.php" line="43" class="Tests\Property\EntitlementArithmeticPropertyTest" classname="Tests.Property.EntitlementArithmeticPropertyTest" assertions="21" time="0.065413"/>
          <testcase name="remaining_equals_limit_minus_usage_and_all_values_are_non_negative with data set &quot;iteration_64_products(911/26)_employees(230/13)_branches(852/9)&quot;" file="E:\coupony-backend\tests\Property\EntitlementArithmeticPropertyTest.php" line="43" class="Tests\Property\EntitlementArithmeticPropertyTest" classname="Tests.Property.EntitlementArithmeticPropertyTest" assertions="21" time="0.086293"/>
          <testcase name="remaining_equals_limit_minus_usage_and_all_values_are_non_negative with data set &quot;iteration_65_products(908/2)_employees(448/6)_branches(633/5)&quot;" file="E:\coupony-backend\tests\Property\EntitlementArithmeticPropertyTest.php" line="43" class="Tests\Property\EntitlementArithmeticPropertyTest" classname="Tests.Property.EntitlementArithmeticPropertyTest" assertions="21" time="0.051529"/>
          <testcase name="remaining_equals_limit_minus_usage_and_all_values_are_non_negative with data set &quot;iteration_66_products(49/22)_employees(591/16)_branches(967/2)&quot;" file="E:\coupony-backend\tests\Property\EntitlementArithmeticPropertyTest.php" line="43" class="Tests\Property\EntitlementArithmeticPropertyTest" classname="Tests.Property.EntitlementArithmeticPropertyTest" assertions="21" time="0.101475"/>
          <testcase name="remaining_equals_limit_minus_usage_and_all_values_are_non_negative with data set &quot;iteration_67_products(472/36)_employees(54/17)_branches(903/11)&quot;" file="E:\coupony-backend\tests\Property\EntitlementArithmeticPropertyTest.php" line="43" class="Tests\Property\EntitlementArithmeticPropertyTest" classname="Tests.Property.EntitlementArithmeticPropertyTest" assertions="21" time="0.127554"/>
          <testcase name="remaining_equals_limit_minus_usage_and_all_values_are_non_negative with data set &quot;iteration_68_products(738/46)_employees(154/17)_branches(260/7)&quot;" file="E:\coupony-backend\tests\Property\EntitlementArithmeticPropertyTest.php" line="43" class="Tests\Property\EntitlementArithmeticPropertyTest" classname="Tests.Property.EntitlementArithmeticPropertyTest" assertions="21" time="0.110179"/>
          <testcase name="remaining_equals_limit_minus_usage_and_all_values_are_non_negative with data set &quot;iteration_69_products(536/30)_employees(337/3)_branches(564/13)&quot;" file="E:\coupony-backend\tests\Property\EntitlementArithmeticPropertyTest.php" line="43" class="Tests\Property\EntitlementArithmeticPropertyTest" classname="Tests.Property.EntitlementArithmeticPropertyTest" assertions="21" time="0.083314"/>
          <testcase name="remaining_equals_limit_minus_usage_and_all_values_are_non_negative with data set &quot;iteration_70_products(109/7)_employees(551/5)_branches(649/14)&quot;" file="E:\coupony-backend\tests\Property\EntitlementArithmeticPropertyTest.php" line="43" class="Tests\Property\EntitlementArithmeticPropertyTest" classname="Tests.Property.EntitlementArithmeticPropertyTest" assertions="21" time="0.063332"/>
          <testcase name="remaining_equals_limit_minus_usage_and_all_values_are_non_negative with data set &quot;iteration_71_products(139/25)_employees(863/19)_branches(271/4)&quot;" file="E:\coupony-backend\tests\Property\EntitlementArithmeticPropertyTest.php" line="43" class="Tests\Property\EntitlementArithmeticPropertyTest" classname="Tests.Property.EntitlementArithmeticPropertyTest" assertions="21" time="0.146420"/>
          <testcase name="remaining_equals_limit_minus_usage_and_all_values_are_non_negative with data set &quot;iteration_72_products(636/16)_employees(438/1)_branches(21/10)&quot;" file="E:\coupony-backend\tests\Property\EntitlementArithmeticPropertyTest.php" line="43" class="Tests\Property\EntitlementArithmeticPropertyTest" classname="Tests.Property.EntitlementArithmeticPropertyTest" assertions="21" time="0.064548"/>
          <testcase name="remaining_equals_limit_minus_usage_and_all_values_are_non_negative with data set &quot;iteration_73_products(819/1)_employees(86/3)_branches(826/3)&quot;" file="E:\coupony-backend\tests\Property\EntitlementArithmeticPropertyTest.php" line="43" class="Tests\Property\EntitlementArithmeticPropertyTest" classname="Tests.Property.EntitlementArithmeticPropertyTest" assertions="21" time="0.046540"/>
          <testcase name="remaining_equals_limit_minus_usage_and_all_values_are_non_negative with data set &quot;iteration_74_products(23/19)_employees(608/0)_branches(402/3)&quot;" file="E:\coupony-backend\tests\Property\EntitlementArithmeticPropertyTest.php" line="43" class="Tests\Property\EntitlementArithmeticPropertyTest" classname="Tests.Property.EntitlementArithmeticPropertyTest" assertions="21" time="0.062495"/>
          <testcase name="remaining_equals_limit_minus_usage_and_all_values_are_non_negative with data set &quot;iteration_75_products(276/44)_employees(484/3)_branches(166/12)&quot;" file="E:\coupony-backend\tests\Property\EntitlementArithmeticPropertyTest.php" line="43" class="Tests\Property\EntitlementArithmeticPropertyTest" classname="Tests.Property.EntitlementArithmeticPropertyTest" assertions="21" time="0.095364"/>
          <testcase name="remaining_equals_limit_minus_usage_and_all_values_are_non_negative with data set &quot;iteration_76_products(522/10)_employees(863/6)_branches(967/10)&quot;" file="E:\coupony-backend\tests\Property\EntitlementArithmeticPropertyTest.php" line="43" class="Tests\Property\EntitlementArithmeticPropertyTest" classname="Tests.Property.EntitlementArithmeticPropertyTest" assertions="21" time="0.065188"/>
          <testcase name="remaining_equals_limit_minus_usage_and_all_values_are_non_negative with data set &quot;iteration_77_products(195/3)_employees(626/12)_branches(578/0)&quot;" file="E:\coupony-backend\tests\Property\EntitlementArithmeticPropertyTest.php" line="43" class="Tests\Property\EntitlementArithmeticPropertyTest" classname="Tests.Property.EntitlementArithmeticPropertyTest" assertions="21" time="0.054664"/>
          <testcase name="remaining_equals_limit_minus_usage_and_all_values_are_non_negative with data set &quot;iteration_78_products(319/22)_employees(186/15)_branches(970/12)&quot;" file="E:\coupony-backend\tests\Property\EntitlementArithmeticPropertyTest.php" line="43" class="Tests\Property\EntitlementArithmeticPropertyTest" classname="Tests.Property.EntitlementArithmeticPropertyTest" assertions="21" time="0.089547"/>
          <testcase name="remaining_equals_limit_minus_usage_and_all_values_are_non_negative with data set &quot;iteration_79_products(598/35)_employees(85/13)_branches(488/7)&quot;" file="E:\coupony-backend\tests\Property\EntitlementArithmeticPropertyTest.php" line="43" class="Tests\Property\EntitlementArithmeticPropertyTest" classname="Tests.Property.EntitlementArithmeticPropertyTest" assertions="21" time="0.090366"/>
          <testcase name="remaining_equals_limit_minus_usage_and_all_values_are_non_negative with data set &quot;iteration_80_products(821/10)_employees(485/19)_branches(668/12)&quot;" file="E:\coupony-backend\tests\Property\EntitlementArithmeticPropertyTest.php" line="43" class="Tests\Property\EntitlementArithmeticPropertyTest" classname="Tests.Property.EntitlementArithmeticPropertyTest" assertions="21" time="0.135206"/>
          <testcase name="remaining_equals_limit_minus_usage_and_all_values_are_non_negative with data set &quot;iteration_81_products(234/30)_employees(298/0)_branches(940/3)&quot;" file="E:\coupony-backend\tests\Property\EntitlementArithmeticPropertyTest.php" line="43" class="Tests\Property\EntitlementArithmeticPropertyTest" classname="Tests.Property.EntitlementArithmeticPropertyTest" assertions="21" time="0.074149"/>
          <testcase name="remaining_equals_limit_minus_usage_and_all_values_are_non_negative with data set &quot;iteration_82_products(859/4)_employees(181/15)_branches(65/11)&quot;" file="E:\coupony-backend\tests\Property\EntitlementArithmeticPropertyTest.php" line="43" class="Tests\Property\EntitlementArithmeticPropertyTest" classname="Tests.Property.EntitlementArithmeticPropertyTest" assertions="21" time="0.065542"/>
          <testcase name="remaining_equals_limit_minus_usage_and_all_values_are_non_negative with data set &quot;iteration_83_products(326/34)_employees(427/8)_branches(705/10)&quot;" file="E:\coupony-backend\tests\Property\EntitlementArithmeticPropertyTest.php" line="43" class="Tests\Property\EntitlementArithmeticPropertyTest" classname="Tests.Property.EntitlementArithmeticPropertyTest" assertions="21" time="0.091306"/>
          <testcase name="remaining_equals_limit_minus_usage_and_all_values_are_non_negative with data set &quot;iteration_84_products(54/38)_employees(349/15)_branches(867/7)&quot;" file="E:\coupony-backend\tests\Property\EntitlementArithmeticPropertyTest.php" line="43" class="Tests\Property\EntitlementArithmeticPropertyTest" classname="Tests.Property.EntitlementArithmeticPropertyTest" assertions="21" time="0.096494"/>
          <testcase name="remaining_equals_limit_minus_usage_and_all_values_are_non_negative with data set &quot;iteration_85_products(591/11)_employees(575/4)_branches(905/4)&quot;" file="E:\coupony-backend\tests\Property\EntitlementArithmeticPropertyTest.php" line="43" class="Tests\Property\EntitlementArithmeticPropertyTest" classname="Tests.Property.EntitlementArithmeticPropertyTest" assertions="21" time="0.060266"/>
          <testcase name="remaining_equals_limit_minus_usage_and_all_values_are_non_negative with data set &quot;iteration_86_products(163/21)_employees(500/19)_branches(12/0)&quot;" file="E:\coupony-backend\tests\Property\EntitlementArithmeticPropertyTest.php" line="43" class="Tests\Property\EntitlementArithmeticPropertyTest" classname="Tests.Property.EntitlementArithmeticPropertyTest" assertions="21" time="0.079828"/>
          <testcase name="remaining_equals_limit_minus_usage_and_all_values_are_non_negative with data set &quot;iteration_87_products(831/4)_employees(594/16)_branches(270/14)&quot;" file="E:\coupony-backend\tests\Property\EntitlementArithmeticPropertyTest.php" line="43" class="Tests\Property\EntitlementArithmeticPropertyTest" classname="Tests.Property.EntitlementArithmeticPropertyTest" assertions="21" time="0.068973"/>
          <testcase name="remaining_equals_limit_minus_usage_and_all_values_are_non_negative with data set &quot;iteration_88_products(2/1)_employees(446/16)_branches(33/3)&quot;" file="E:\coupony-backend\tests\Property\EntitlementArithmeticPropertyTest.php" line="43" class="Tests\Property\EntitlementArithmeticPropertyTest" classname="Tests.Property.EntitlementArithmeticPropertyTest" assertions="21" time="0.061001"/>
          <testcase name="remaining_equals_limit_minus_usage_and_all_values_are_non_negative with data set &quot;iteration_89_products(662/23)_employees(558/20)_branches(886/12)&quot;" file="E:\coupony-backend\tests\Property\EntitlementArithmeticPropertyTest.php" line="43" class="Tests\Property\EntitlementArithmeticPropertyTest" classname="Tests.Property.EntitlementArithmeticPropertyTest" assertions="21" time="0.153176"/>
          <testcase name="remaining_equals_limit_minus_usage_and_all_values_are_non_negative with data set &quot;iteration_90_products(489/27)_employees(469/20)_branches(690/10)&quot;" file="E:\coupony-backend\tests\Property\EntitlementArithmeticPropertyTest.php" line="43" class="Tests\Property\EntitlementArithmeticPropertyTest" classname="Tests.Property.EntitlementArithmeticPropertyTest" assertions="21" time="0.095090"/>
          <testcase name="remaining_equals_limit_minus_usage_and_all_values_are_non_negative with data set &quot;iteration_91_products(105/1)_employees(228/17)_branches(866/9)&quot;" file="E:\coupony-backend\tests\Property\EntitlementArithmeticPropertyTest.php" line="43" class="Tests\Property\EntitlementArithmeticPropertyTest" classname="Tests.Property.EntitlementArithmeticPropertyTest" assertions="21" time="0.061874"/>
          <testcase name="remaining_equals_limit_minus_usage_and_all_values_are_non_negative with data set &quot;iteration_92_products(538/33)_employees(340/18)_branches(292/12)&quot;" file="E:\coupony-backend\tests\Property\EntitlementArithmeticPropertyTest.php" line="43" class="Tests\Property\EntitlementArithmeticPropertyTest" classname="Tests.Property.EntitlementArithmeticPropertyTest" assertions="21" time="0.100579"/>
          <testcase name="remaining_equals_limit_minus_usage_and_all_values_are_non_negative with data set &quot;iteration_93_products(509/40)_employees(298/0)_branches(413/6)&quot;" file="E:\coupony-backend\tests\Property\EntitlementArithmeticPropertyTest.php" line="43" class="Tests\Property\EntitlementArithmeticPropertyTest" classname="Tests.Property.EntitlementArithmeticPropertyTest" assertions="21" time="0.086978"/>
          <testcase name="remaining_equals_limit_minus_usage_and_all_values_are_non_negative with data set &quot;iteration_94_products(375/35)_employees(395/5)_branches(563/7)&quot;" file="E:\coupony-backend\tests\Property\EntitlementArithmeticPropertyTest.php" line="43" class="Tests\Property\EntitlementArithmeticPropertyTest" classname="Tests.Property.EntitlementArithmeticPropertyTest" assertions="21" time="0.087299"/>
          <testcase name="remaining_equals_limit_minus_usage_and_all_values_are_non_negative with data set &quot;iteration_95_products(253/9)_employees(945/4)_branches(689/10)&quot;" file="E:\coupony-backend\tests\Property\EntitlementArithmeticPropertyTest.php" line="43" class="Tests\Property\EntitlementArithmeticPropertyTest" classname="Tests.Property.EntitlementArithmeticPropertyTest" assertions="21" time="0.061385"/>
          <testcase name="remaining_equals_limit_minus_usage_and_all_values_are_non_negative with data set &quot;iteration_96_products(425/11)_employees(781/3)_branches(463/1)&quot;" file="E:\coupony-backend\tests\Property\EntitlementArithmeticPropertyTest.php" line="43" class="Tests\Property\EntitlementArithmeticPropertyTest" classname="Tests.Property.EntitlementArithmeticPropertyTest" assertions="21" time="0.054581"/>
          <testcase name="remaining_equals_limit_minus_usage_and_all_values_are_non_negative with data set &quot;iteration_97_products(597/22)_employees(899/2)_branches(16/5)&quot;" file="E:\coupony-backend\tests\Property\EntitlementArithmeticPropertyTest.php" line="43" class="Tests\Property\EntitlementArithmeticPropertyTest" classname="Tests.Property.EntitlementArithmeticPropertyTest" assertions="21" time="0.068709"/>
          <testcase name="remaining_equals_limit_minus_usage_and_all_values_are_non_negative with data set &quot;iteration_98_products(981/0)_employees(301/15)_branches(87/14)&quot;" file="E:\coupony-backend\tests\Property\EntitlementArithmeticPropertyTest.php" line="43" class="Tests\Property\EntitlementArithmeticPropertyTest" classname="Tests.Property.EntitlementArithmeticPropertyTest" assertions="21" time="0.121945"/>
          <testcase name="remaining_equals_limit_minus_usage_and_all_values_are_non_negative with data set &quot;iteration_99_products(161/48)_employees(340/15)_branches(933/6)&quot;" file="E:\coupony-backend\tests\Property\EntitlementArithmeticPropertyTest.php" line="43" class="Tests\Property\EntitlementArithmeticPropertyTest" classname="Tests.Property.EntitlementArithmeticPropertyTest" assertions="21" time="0.107749"/>
        </testsuite>
      </testsuite>
      <testsuite name="Tests\Property\ExpiredSessionRejectionPropertyTest" file="E:\coupony-backend\tests\Property\ExpiredSessionRejectionPropertyTest.php" tests="100" assertions="100" errors="0" failures="0" skipped="0" time="4.463792">
        <testsuite name="Tests\Property\ExpiredSessionRejectionPropertyTest::test_expired_session_throws_payment_session_expired_exception" tests="100" assertions="100" errors="0" failures="0" skipped="0" time="4.463792">
          <testcase name="test_expired_session_throws_payment_session_expired_exception with data set &quot;iteration_0_expired_1302_minutes_ago&quot;" file="E:\coupony-backend\tests\Property\ExpiredSessionRejectionPropertyTest.php" line="58" class="Tests\Property\ExpiredSessionRejectionPropertyTest" classname="Tests.Property.ExpiredSessionRejectionPropertyTest" assertions="1" time="0.039939"/>
          <testcase name="test_expired_session_throws_payment_session_expired_exception with data set &quot;iteration_1_expired_785_minutes_ago&quot;" file="E:\coupony-backend\tests\Property\ExpiredSessionRejectionPropertyTest.php" line="58" class="Tests\Property\ExpiredSessionRejectionPropertyTest" classname="Tests.Property.ExpiredSessionRejectionPropertyTest" assertions="1" time="0.037087"/>
          <testcase name="test_expired_session_throws_payment_session_expired_exception with data set &quot;iteration_2_expired_966_minutes_ago&quot;" file="E:\coupony-backend\tests\Property\ExpiredSessionRejectionPropertyTest.php" line="58" class="Tests\Property\ExpiredSessionRejectionPropertyTest" classname="Tests.Property.ExpiredSessionRejectionPropertyTest" assertions="1" time="0.040530"/>
          <testcase name="test_expired_session_throws_payment_session_expired_exception with data set &quot;iteration_3_expired_631_minutes_ago&quot;" file="E:\coupony-backend\tests\Property\ExpiredSessionRejectionPropertyTest.php" line="58" class="Tests\Property\ExpiredSessionRejectionPropertyTest" classname="Tests.Property.ExpiredSessionRejectionPropertyTest" assertions="1" time="0.036815"/>
          <testcase name="test_expired_session_throws_payment_session_expired_exception with data set &quot;iteration_4_expired_296_minutes_ago&quot;" file="E:\coupony-backend\tests\Property\ExpiredSessionRejectionPropertyTest.php" line="58" class="Tests\Property\ExpiredSessionRejectionPropertyTest" classname="Tests.Property.ExpiredSessionRejectionPropertyTest" assertions="1" time="0.040967"/>
          <testcase name="test_expired_session_throws_payment_session_expired_exception with data set &quot;iteration_5_expired_1039_minutes_ago&quot;" file="E:\coupony-backend\tests\Property\ExpiredSessionRejectionPropertyTest.php" line="58" class="Tests\Property\ExpiredSessionRejectionPropertyTest" classname="Tests.Property.ExpiredSessionRejectionPropertyTest" assertions="1" time="0.039621"/>
          <testcase name="test_expired_session_throws_payment_session_expired_exception with data set &quot;iteration_6_expired_498_minutes_ago&quot;" file="E:\coupony-backend\tests\Property\ExpiredSessionRejectionPropertyTest.php" line="58" class="Tests\Property\ExpiredSessionRejectionPropertyTest" classname="Tests.Property.ExpiredSessionRejectionPropertyTest" assertions="1" time="0.097770"/>
          <testcase name="test_expired_session_throws_payment_session_expired_exception with data set &quot;iteration_7_expired_648_minutes_ago&quot;" file="E:\coupony-backend\tests\Property\ExpiredSessionRejectionPropertyTest.php" line="58" class="Tests\Property\ExpiredSessionRejectionPropertyTest" classname="Tests.Property.ExpiredSessionRejectionPropertyTest" assertions="1" time="0.037905"/>
          <testcase name="test_expired_session_throws_payment_session_expired_exception with data set &quot;iteration_8_expired_1379_minutes_ago&quot;" file="E:\coupony-backend\tests\Property\ExpiredSessionRejectionPropertyTest.php" line="58" class="Tests\Property\ExpiredSessionRejectionPropertyTest" classname="Tests.Property.ExpiredSessionRejectionPropertyTest" assertions="1" time="0.037980"/>
          <testcase name="test_expired_session_throws_payment_session_expired_exception with data set &quot;iteration_9_expired_572_minutes_ago&quot;" file="E:\coupony-backend\tests\Property\ExpiredSessionRejectionPropertyTest.php" line="58" class="Tests\Property\ExpiredSessionRejectionPropertyTest" classname="Tests.Property.ExpiredSessionRejectionPropertyTest" assertions="1" time="0.037917"/>
          <testcase name="test_expired_session_throws_payment_session_expired_exception with data set &quot;iteration_10_expired_1120_minutes_ago&quot;" file="E:\coupony-backend\tests\Property\ExpiredSessionRejectionPropertyTest.php" line="58" class="Tests\Property\ExpiredSessionRejectionPropertyTest" classname="Tests.Property.ExpiredSessionRejectionPropertyTest" assertions="1" time="0.039784"/>
          <testcase name="test_expired_session_throws_payment_session_expired_exception with data set &quot;iteration_11_expired_820_minutes_ago&quot;" file="E:\coupony-backend\tests\Property\ExpiredSessionRejectionPropertyTest.php" line="58" class="Tests\Property\ExpiredSessionRejectionPropertyTest" classname="Tests.Property.ExpiredSessionRejectionPropertyTest" assertions="1" time="0.036122"/>
          <testcase name="test_expired_session_throws_payment_session_expired_exception with data set &quot;iteration_12_expired_941_minutes_ago&quot;" file="E:\coupony-backend\tests\Property\ExpiredSessionRejectionPropertyTest.php" line="58" class="Tests\Property\ExpiredSessionRejectionPropertyTest" classname="Tests.Property.ExpiredSessionRejectionPropertyTest" assertions="1" time="0.039091"/>
          <testcase name="test_expired_session_throws_payment_session_expired_exception with data set &quot;iteration_13_expired_273_minutes_ago&quot;" file="E:\coupony-backend\tests\Property\ExpiredSessionRejectionPropertyTest.php" line="58" class="Tests\Property\ExpiredSessionRejectionPropertyTest" classname="Tests.Property.ExpiredSessionRejectionPropertyTest" assertions="1" time="0.036983"/>
          <testcase name="test_expired_session_throws_payment_session_expired_exception with data set &quot;iteration_14_expired_1396_minutes_ago&quot;" file="E:\coupony-backend\tests\Property\ExpiredSessionRejectionPropertyTest.php" line="58" class="Tests\Property\ExpiredSessionRejectionPropertyTest" classname="Tests.Property.ExpiredSessionRejectionPropertyTest" assertions="1" time="0.040485"/>
          <testcase name="test_expired_session_throws_payment_session_expired_exception with data set &quot;iteration_15_expired_201_minutes_ago&quot;" file="E:\coupony-backend\tests\Property\ExpiredSessionRejectionPropertyTest.php" line="58" class="Tests\Property\ExpiredSessionRejectionPropertyTest" classname="Tests.Property.ExpiredSessionRejectionPropertyTest" assertions="1" time="0.041107"/>
          <testcase name="test_expired_session_throws_payment_session_expired_exception with data set &quot;iteration_16_expired_791_minutes_ago&quot;" file="E:\coupony-backend\tests\Property\ExpiredSessionRejectionPropertyTest.php" line="58" class="Tests\Property\ExpiredSessionRejectionPropertyTest" classname="Tests.Property.ExpiredSessionRejectionPropertyTest" assertions="1" time="0.090296"/>
          <testcase name="test_expired_session_throws_payment_session_expired_exception with data set &quot;iteration_17_expired_289_minutes_ago&quot;" file="E:\coupony-backend\tests\Property\ExpiredSessionRejectionPropertyTest.php" line="58" class="Tests\Property\ExpiredSessionRejectionPropertyTest" classname="Tests.Property.ExpiredSessionRejectionPropertyTest" assertions="1" time="0.040455"/>
          <testcase name="test_expired_session_throws_payment_session_expired_exception with data set &quot;iteration_18_expired_1172_minutes_ago&quot;" file="E:\coupony-backend\tests\Property\ExpiredSessionRejectionPropertyTest.php" line="58" class="Tests\Property\ExpiredSessionRejectionPropertyTest" classname="Tests.Property.ExpiredSessionRejectionPropertyTest" assertions="1" time="0.038473"/>
          <testcase name="test_expired_session_throws_payment_session_expired_exception with data set &quot;iteration_19_expired_332_minutes_ago&quot;" file="E:\coupony-backend\tests\Property\ExpiredSessionRejectionPropertyTest.php" line="58" class="Tests\Property\ExpiredSessionRejectionPropertyTest" classname="Tests.Property.ExpiredSessionRejectionPropertyTest" assertions="1" time="0.039746"/>
          <testcase name="test_expired_session_throws_payment_session_expired_exception with data set &quot;iteration_20_expired_545_minutes_ago&quot;" file="E:\coupony-backend\tests\Property\ExpiredSessionRejectionPropertyTest.php" line="58" class="Tests\Property\ExpiredSessionRejectionPropertyTest" classname="Tests.Property.ExpiredSessionRejectionPropertyTest" assertions="1" time="0.039865"/>
          <testcase name="test_expired_session_throws_payment_session_expired_exception with data set &quot;iteration_21_expired_405_minutes_ago&quot;" file="E:\coupony-backend\tests\Property\ExpiredSessionRejectionPropertyTest.php" line="58" class="Tests\Property\ExpiredSessionRejectionPropertyTest" classname="Tests.Property.ExpiredSessionRejectionPropertyTest" assertions="1" time="0.039595"/>
          <testcase name="test_expired_session_throws_payment_session_expired_exception with data set &quot;iteration_22_expired_1149_minutes_ago&quot;" file="E:\coupony-backend\tests\Property\ExpiredSessionRejectionPropertyTest.php" line="58" class="Tests\Property\ExpiredSessionRejectionPropertyTest" classname="Tests.Property.ExpiredSessionRejectionPropertyTest" assertions="1" time="0.038654"/>
          <testcase name="test_expired_session_throws_payment_session_expired_exception with data set &quot;iteration_23_expired_1176_minutes_ago&quot;" file="E:\coupony-backend\tests\Property\ExpiredSessionRejectionPropertyTest.php" line="58" class="Tests\Property\ExpiredSessionRejectionPropertyTest" classname="Tests.Property.ExpiredSessionRejectionPropertyTest" assertions="1" time="0.041594"/>
          <testcase name="test_expired_session_throws_payment_session_expired_exception with data set &quot;iteration_24_expired_1062_minutes_ago&quot;" file="E:\coupony-backend\tests\Property\ExpiredSessionRejectionPropertyTest.php" line="58" class="Tests\Property\ExpiredSessionRejectionPropertyTest" classname="Tests.Property.ExpiredSessionRejectionPropertyTest" assertions="1" time="0.040515"/>
          <testcase name="test_expired_session_throws_payment_session_expired_exception with data set &quot;iteration_25_expired_1035_minutes_ago&quot;" file="E:\coupony-backend\tests\Property\ExpiredSessionRejectionPropertyTest.php" line="58" class="Tests\Property\ExpiredSessionRejectionPropertyTest" classname="Tests.Property.ExpiredSessionRejectionPropertyTest" assertions="1" time="0.042702"/>
          <testcase name="test_expired_session_throws_payment_session_expired_exception with data set &quot;iteration_26_expired_369_minutes_ago&quot;" file="E:\coupony-backend\tests\Property\ExpiredSessionRejectionPropertyTest.php" line="58" class="Tests\Property\ExpiredSessionRejectionPropertyTest" classname="Tests.Property.ExpiredSessionRejectionPropertyTest" assertions="1" time="0.102609"/>
          <testcase name="test_expired_session_throws_payment_session_expired_exception with data set &quot;iteration_27_expired_549_minutes_ago&quot;" file="E:\coupony-backend\tests\Property\ExpiredSessionRejectionPropertyTest.php" line="58" class="Tests\Property\ExpiredSessionRejectionPropertyTest" classname="Tests.Property.ExpiredSessionRejectionPropertyTest" assertions="1" time="0.037466"/>
          <testcase name="test_expired_session_throws_payment_session_expired_exception with data set &quot;iteration_28_expired_308_minutes_ago&quot;" file="E:\coupony-backend\tests\Property\ExpiredSessionRejectionPropertyTest.php" line="58" class="Tests\Property\ExpiredSessionRejectionPropertyTest" classname="Tests.Property.ExpiredSessionRejectionPropertyTest" assertions="1" time="0.039333"/>
          <testcase name="test_expired_session_throws_payment_session_expired_exception with data set &quot;iteration_29_expired_1155_minutes_ago&quot;" file="E:\coupony-backend\tests\Property\ExpiredSessionRejectionPropertyTest.php" line="58" class="Tests\Property\ExpiredSessionRejectionPropertyTest" classname="Tests.Property.ExpiredSessionRejectionPropertyTest" assertions="1" time="0.041584"/>
          <testcase name="test_expired_session_throws_payment_session_expired_exception with data set &quot;iteration_30_expired_161_minutes_ago&quot;" file="E:\coupony-backend\tests\Property\ExpiredSessionRejectionPropertyTest.php" line="58" class="Tests\Property\ExpiredSessionRejectionPropertyTest" classname="Tests.Property.ExpiredSessionRejectionPropertyTest" assertions="1" time="0.037978"/>
          <testcase name="test_expired_session_throws_payment_session_expired_exception with data set &quot;iteration_31_expired_319_minutes_ago&quot;" file="E:\coupony-backend\tests\Property\ExpiredSessionRejectionPropertyTest.php" line="58" class="Tests\Property\ExpiredSessionRejectionPropertyTest" classname="Tests.Property.ExpiredSessionRejectionPropertyTest" assertions="1" time="0.040690"/>
          <testcase name="test_expired_session_throws_payment_session_expired_exception with data set &quot;iteration_32_expired_1115_minutes_ago&quot;" file="E:\coupony-backend\tests\Property\ExpiredSessionRejectionPropertyTest.php" line="58" class="Tests\Property\ExpiredSessionRejectionPropertyTest" classname="Tests.Property.ExpiredSessionRejectionPropertyTest" assertions="1" time="0.039608"/>
          <testcase name="test_expired_session_throws_payment_session_expired_exception with data set &quot;iteration_33_expired_1111_minutes_ago&quot;" file="E:\coupony-backend\tests\Property\ExpiredSessionRejectionPropertyTest.php" line="58" class="Tests\Property\ExpiredSessionRejectionPropertyTest" classname="Tests.Property.ExpiredSessionRejectionPropertyTest" assertions="1" time="0.040090"/>
          <testcase name="test_expired_session_throws_payment_session_expired_exception with data set &quot;iteration_34_expired_1375_minutes_ago&quot;" file="E:\coupony-backend\tests\Property\ExpiredSessionRejectionPropertyTest.php" line="58" class="Tests\Property\ExpiredSessionRejectionPropertyTest" classname="Tests.Property.ExpiredSessionRejectionPropertyTest" assertions="1" time="0.039393"/>
          <testcase name="test_expired_session_throws_payment_session_expired_exception with data set &quot;iteration_35_expired_70_minutes_ago&quot;" file="E:\coupony-backend\tests\Property\ExpiredSessionRejectionPropertyTest.php" line="58" class="Tests\Property\ExpiredSessionRejectionPropertyTest" classname="Tests.Property.ExpiredSessionRejectionPropertyTest" assertions="1" time="0.039429"/>
          <testcase name="test_expired_session_throws_payment_session_expired_exception with data set &quot;iteration_36_expired_950_minutes_ago&quot;" file="E:\coupony-backend\tests\Property\ExpiredSessionRejectionPropertyTest.php" line="58" class="Tests\Property\ExpiredSessionRejectionPropertyTest" classname="Tests.Property.ExpiredSessionRejectionPropertyTest" assertions="1" time="0.098764"/>
          <testcase name="test_expired_session_throws_payment_session_expired_exception with data set &quot;iteration_37_expired_1055_minutes_ago&quot;" file="E:\coupony-backend\tests\Property\ExpiredSessionRejectionPropertyTest.php" line="58" class="Tests\Property\ExpiredSessionRejectionPropertyTest" classname="Tests.Property.ExpiredSessionRejectionPropertyTest" assertions="1" time="0.038233"/>
          <testcase name="test_expired_session_throws_payment_session_expired_exception with data set &quot;iteration_38_expired_990_minutes_ago&quot;" file="E:\coupony-backend\tests\Property\ExpiredSessionRejectionPropertyTest.php" line="58" class="Tests\Property\ExpiredSessionRejectionPropertyTest" classname="Tests.Property.ExpiredSessionRejectionPropertyTest" assertions="1" time="0.037791"/>
          <testcase name="test_expired_session_throws_payment_session_expired_exception with data set &quot;iteration_39_expired_226_minutes_ago&quot;" file="E:\coupony-backend\tests\Property\ExpiredSessionRejectionPropertyTest.php" line="58" class="Tests\Property\ExpiredSessionRejectionPropertyTest" classname="Tests.Property.ExpiredSessionRejectionPropertyTest" assertions="1" time="0.038233"/>
          <testcase name="test_expired_session_throws_payment_session_expired_exception with data set &quot;iteration_40_expired_560_minutes_ago&quot;" file="E:\coupony-backend\tests\Property\ExpiredSessionRejectionPropertyTest.php" line="58" class="Tests\Property\ExpiredSessionRejectionPropertyTest" classname="Tests.Property.ExpiredSessionRejectionPropertyTest" assertions="1" time="0.036615"/>
          <testcase name="test_expired_session_throws_payment_session_expired_exception with data set &quot;iteration_41_expired_681_minutes_ago&quot;" file="E:\coupony-backend\tests\Property\ExpiredSessionRejectionPropertyTest.php" line="58" class="Tests\Property\ExpiredSessionRejectionPropertyTest" classname="Tests.Property.ExpiredSessionRejectionPropertyTest" assertions="1" time="0.037681"/>
          <testcase name="test_expired_session_throws_payment_session_expired_exception with data set &quot;iteration_42_expired_45_minutes_ago&quot;" file="E:\coupony-backend\tests\Property\ExpiredSessionRejectionPropertyTest.php" line="58" class="Tests\Property\ExpiredSessionRejectionPropertyTest" classname="Tests.Property.ExpiredSessionRejectionPropertyTest" assertions="1" time="0.037852"/>
          <testcase name="test_expired_session_throws_payment_session_expired_exception with data set &quot;iteration_43_expired_1023_minutes_ago&quot;" file="E:\coupony-backend\tests\Property\ExpiredSessionRejectionPropertyTest.php" line="58" class="Tests\Property\ExpiredSessionRejectionPropertyTest" classname="Tests.Property.ExpiredSessionRejectionPropertyTest" assertions="1" time="0.041477"/>
          <testcase name="test_expired_session_throws_payment_session_expired_exception with data set &quot;iteration_44_expired_649_minutes_ago&quot;" file="E:\coupony-backend\tests\Property\ExpiredSessionRejectionPropertyTest.php" line="58" class="Tests\Property\ExpiredSessionRejectionPropertyTest" classname="Tests.Property.ExpiredSessionRejectionPropertyTest" assertions="1" time="0.037788"/>
          <testcase name="test_expired_session_throws_payment_session_expired_exception with data set &quot;iteration_45_expired_34_minutes_ago&quot;" file="E:\coupony-backend\tests\Property\ExpiredSessionRejectionPropertyTest.php" line="58" class="Tests\Property\ExpiredSessionRejectionPropertyTest" classname="Tests.Property.ExpiredSessionRejectionPropertyTest" assertions="1" time="0.038793"/>
          <testcase name="test_expired_session_throws_payment_session_expired_exception with data set &quot;iteration_46_expired_581_minutes_ago&quot;" file="E:\coupony-backend\tests\Property\ExpiredSessionRejectionPropertyTest.php" line="58" class="Tests\Property\ExpiredSessionRejectionPropertyTest" classname="Tests.Property.ExpiredSessionRejectionPropertyTest" assertions="1" time="0.099221"/>
          <testcase name="test_expired_session_throws_payment_session_expired_exception with data set &quot;iteration_47_expired_301_minutes_ago&quot;" file="E:\coupony-backend\tests\Property\ExpiredSessionRejectionPropertyTest.php" line="58" class="Tests\Property\ExpiredSessionRejectionPropertyTest" classname="Tests.Property.ExpiredSessionRejectionPropertyTest" assertions="1" time="0.037865"/>
          <testcase name="test_expired_session_throws_payment_session_expired_exception with data set &quot;iteration_48_expired_1257_minutes_ago&quot;" file="E:\coupony-backend\tests\Property\ExpiredSessionRejectionPropertyTest.php" line="58" class="Tests\Property\ExpiredSessionRejectionPropertyTest" classname="Tests.Property.ExpiredSessionRejectionPropertyTest" assertions="1" time="0.039608"/>
          <testcase name="test_expired_session_throws_payment_session_expired_exception with data set &quot;iteration_49_expired_1086_minutes_ago&quot;" file="E:\coupony-backend\tests\Property\ExpiredSessionRejectionPropertyTest.php" line="58" class="Tests\Property\ExpiredSessionRejectionPropertyTest" classname="Tests.Property.ExpiredSessionRejectionPropertyTest" assertions="1" time="0.037003"/>
          <testcase name="test_expired_session_throws_payment_session_expired_exception with data set &quot;iteration_50_expired_183_minutes_ago&quot;" file="E:\coupony-backend\tests\Property\ExpiredSessionRejectionPropertyTest.php" line="58" class="Tests\Property\ExpiredSessionRejectionPropertyTest" classname="Tests.Property.ExpiredSessionRejectionPropertyTest" assertions="1" time="0.038393"/>
          <testcase name="test_expired_session_throws_payment_session_expired_exception with data set &quot;iteration_51_expired_1346_minutes_ago&quot;" file="E:\coupony-backend\tests\Property\ExpiredSessionRejectionPropertyTest.php" line="58" class="Tests\Property\ExpiredSessionRejectionPropertyTest" classname="Tests.Property.ExpiredSessionRejectionPropertyTest" assertions="1" time="0.037612"/>
          <testcase name="test_expired_session_throws_payment_session_expired_exception with data set &quot;iteration_52_expired_1153_minutes_ago&quot;" file="E:\coupony-backend\tests\Property\ExpiredSessionRejectionPropertyTest.php" line="58" class="Tests\Property\ExpiredSessionRejectionPropertyTest" classname="Tests.Property.ExpiredSessionRejectionPropertyTest" assertions="1" time="0.038199"/>
          <testcase name="test_expired_session_throws_payment_session_expired_exception with data set &quot;iteration_53_expired_439_minutes_ago&quot;" file="E:\coupony-backend\tests\Property\ExpiredSessionRejectionPropertyTest.php" line="58" class="Tests\Property\ExpiredSessionRejectionPropertyTest" classname="Tests.Property.ExpiredSessionRejectionPropertyTest" assertions="1" time="0.036867"/>
          <testcase name="test_expired_session_throws_payment_session_expired_exception with data set &quot;iteration_54_expired_513_minutes_ago&quot;" file="E:\coupony-backend\tests\Property\ExpiredSessionRejectionPropertyTest.php" line="58" class="Tests\Property\ExpiredSessionRejectionPropertyTest" classname="Tests.Property.ExpiredSessionRejectionPropertyTest" assertions="1" time="0.037936"/>
          <testcase name="test_expired_session_throws_payment_session_expired_exception with data set &quot;iteration_55_expired_398_minutes_ago&quot;" file="E:\coupony-backend\tests\Property\ExpiredSessionRejectionPropertyTest.php" line="58" class="Tests\Property\ExpiredSessionRejectionPropertyTest" classname="Tests.Property.ExpiredSessionRejectionPropertyTest" assertions="1" time="0.038301"/>
          <testcase name="test_expired_session_throws_payment_session_expired_exception with data set &quot;iteration_56_expired_1020_minutes_ago&quot;" file="E:\coupony-backend\tests\Property\ExpiredSessionRejectionPropertyTest.php" line="58" class="Tests\Property\ExpiredSessionRejectionPropertyTest" classname="Tests.Property.ExpiredSessionRejectionPropertyTest" assertions="1" time="0.104397"/>
          <testcase name="test_expired_session_throws_payment_session_expired_exception with data set &quot;iteration_57_expired_1392_minutes_ago&quot;" file="E:\coupony-backend\tests\Property\ExpiredSessionRejectionPropertyTest.php" line="58" class="Tests\Property\ExpiredSessionRejectionPropertyTest" classname="Tests.Property.ExpiredSessionRejectionPropertyTest" assertions="1" time="0.035785"/>
          <testcase name="test_expired_session_throws_payment_session_expired_exception with data set &quot;iteration_58_expired_1326_minutes_ago&quot;" file="E:\coupony-backend\tests\Property\ExpiredSessionRejectionPropertyTest.php" line="58" class="Tests\Property\ExpiredSessionRejectionPropertyTest" classname="Tests.Property.ExpiredSessionRejectionPropertyTest" assertions="1" time="0.040386"/>
          <testcase name="test_expired_session_throws_payment_session_expired_exception with data set &quot;iteration_59_expired_209_minutes_ago&quot;" file="E:\coupony-backend\tests\Property\ExpiredSessionRejectionPropertyTest.php" line="58" class="Tests\Property\ExpiredSessionRejectionPropertyTest" classname="Tests.Property.ExpiredSessionRejectionPropertyTest" assertions="1" time="0.038472"/>
          <testcase name="test_expired_session_throws_payment_session_expired_exception with data set &quot;iteration_60_expired_22_minutes_ago&quot;" file="E:\coupony-backend\tests\Property\ExpiredSessionRejectionPropertyTest.php" line="58" class="Tests\Property\ExpiredSessionRejectionPropertyTest" classname="Tests.Property.ExpiredSessionRejectionPropertyTest" assertions="1" time="0.036460"/>
          <testcase name="test_expired_session_throws_payment_session_expired_exception with data set &quot;iteration_61_expired_939_minutes_ago&quot;" file="E:\coupony-backend\tests\Property\ExpiredSessionRejectionPropertyTest.php" line="58" class="Tests\Property\ExpiredSessionRejectionPropertyTest" classname="Tests.Property.ExpiredSessionRejectionPropertyTest" assertions="1" time="0.036695"/>
          <testcase name="test_expired_session_throws_payment_session_expired_exception with data set &quot;iteration_62_expired_315_minutes_ago&quot;" file="E:\coupony-backend\tests\Property\ExpiredSessionRejectionPropertyTest.php" line="58" class="Tests\Property\ExpiredSessionRejectionPropertyTest" classname="Tests.Property.ExpiredSessionRejectionPropertyTest" assertions="1" time="0.036381"/>
          <testcase name="test_expired_session_throws_payment_session_expired_exception with data set &quot;iteration_63_expired_93_minutes_ago&quot;" file="E:\coupony-backend\tests\Property\ExpiredSessionRejectionPropertyTest.php" line="58" class="Tests\Property\ExpiredSessionRejectionPropertyTest" classname="Tests.Property.ExpiredSessionRejectionPropertyTest" assertions="1" time="0.040479"/>
          <testcase name="test_expired_session_throws_payment_session_expired_exception with data set &quot;iteration_64_expired_344_minutes_ago&quot;" file="E:\coupony-backend\tests\Property\ExpiredSessionRejectionPropertyTest.php" line="58" class="Tests\Property\ExpiredSessionRejectionPropertyTest" classname="Tests.Property.ExpiredSessionRejectionPropertyTest" assertions="1" time="0.036338"/>
          <testcase name="test_expired_session_throws_payment_session_expired_exception with data set &quot;iteration_65_expired_1037_minutes_ago&quot;" file="E:\coupony-backend\tests\Property\ExpiredSessionRejectionPropertyTest.php" line="58" class="Tests\Property\ExpiredSessionRejectionPropertyTest" classname="Tests.Property.ExpiredSessionRejectionPropertyTest" assertions="1" time="0.038835"/>
          <testcase name="test_expired_session_throws_payment_session_expired_exception with data set &quot;iteration_66_expired_867_minutes_ago&quot;" file="E:\coupony-backend\tests\Property\ExpiredSessionRejectionPropertyTest.php" line="58" class="Tests\Property\ExpiredSessionRejectionPropertyTest" classname="Tests.Property.ExpiredSessionRejectionPropertyTest" assertions="1" time="0.099304"/>
          <testcase name="test_expired_session_throws_payment_session_expired_exception with data set &quot;iteration_67_expired_450_minutes_ago&quot;" file="E:\coupony-backend\tests\Property\ExpiredSessionRejectionPropertyTest.php" line="58" class="Tests\Property\ExpiredSessionRejectionPropertyTest" classname="Tests.Property.ExpiredSessionRejectionPropertyTest" assertions="1" time="0.036789"/>
          <testcase name="test_expired_session_throws_payment_session_expired_exception with data set &quot;iteration_68_expired_967_minutes_ago&quot;" file="E:\coupony-backend\tests\Property\ExpiredSessionRejectionPropertyTest.php" line="58" class="Tests\Property\ExpiredSessionRejectionPropertyTest" classname="Tests.Property.ExpiredSessionRejectionPropertyTest" assertions="1" time="0.041313"/>
          <testcase name="test_expired_session_throws_payment_session_expired_exception with data set &quot;iteration_69_expired_1346_minutes_ago&quot;" file="E:\coupony-backend\tests\Property\ExpiredSessionRejectionPropertyTest.php" line="58" class="Tests\Property\ExpiredSessionRejectionPropertyTest" classname="Tests.Property.ExpiredSessionRejectionPropertyTest" assertions="1" time="0.039689"/>
          <testcase name="test_expired_session_throws_payment_session_expired_exception with data set &quot;iteration_70_expired_385_minutes_ago&quot;" file="E:\coupony-backend\tests\Property\ExpiredSessionRejectionPropertyTest.php" line="58" class="Tests\Property\ExpiredSessionRejectionPropertyTest" classname="Tests.Property.ExpiredSessionRejectionPropertyTest" assertions="1" time="0.037137"/>
          <testcase name="test_expired_session_throws_payment_session_expired_exception with data set &quot;iteration_71_expired_317_minutes_ago&quot;" file="E:\coupony-backend\tests\Property\ExpiredSessionRejectionPropertyTest.php" line="58" class="Tests\Property\ExpiredSessionRejectionPropertyTest" classname="Tests.Property.ExpiredSessionRejectionPropertyTest" assertions="1" time="0.037313"/>
          <testcase name="test_expired_session_throws_payment_session_expired_exception with data set &quot;iteration_72_expired_1208_minutes_ago&quot;" file="E:\coupony-backend\tests\Property\ExpiredSessionRejectionPropertyTest.php" line="58" class="Tests\Property\ExpiredSessionRejectionPropertyTest" classname="Tests.Property.ExpiredSessionRejectionPropertyTest" assertions="1" time="0.038818"/>
          <testcase name="test_expired_session_throws_payment_session_expired_exception with data set &quot;iteration_73_expired_703_minutes_ago&quot;" file="E:\coupony-backend\tests\Property\ExpiredSessionRejectionPropertyTest.php" line="58" class="Tests\Property\ExpiredSessionRejectionPropertyTest" classname="Tests.Property.ExpiredSessionRejectionPropertyTest" assertions="1" time="0.038271"/>
          <testcase name="test_expired_session_throws_payment_session_expired_exception with data set &quot;iteration_74_expired_44_minutes_ago&quot;" file="E:\coupony-backend\tests\Property\ExpiredSessionRejectionPropertyTest.php" line="58" class="Tests\Property\ExpiredSessionRejectionPropertyTest" classname="Tests.Property.ExpiredSessionRejectionPropertyTest" assertions="1" time="0.040162"/>
          <testcase name="test_expired_session_throws_payment_session_expired_exception with data set &quot;iteration_75_expired_129_minutes_ago&quot;" file="E:\coupony-backend\tests\Property\ExpiredSessionRejectionPropertyTest.php" line="58" class="Tests\Property\ExpiredSessionRejectionPropertyTest" classname="Tests.Property.ExpiredSessionRejectionPropertyTest" assertions="1" time="0.036912"/>
          <testcase name="test_expired_session_throws_payment_session_expired_exception with data set &quot;iteration_76_expired_886_minutes_ago&quot;" file="E:\coupony-backend\tests\Property\ExpiredSessionRejectionPropertyTest.php" line="58" class="Tests\Property\ExpiredSessionRejectionPropertyTest" classname="Tests.Property.ExpiredSessionRejectionPropertyTest" assertions="1" time="0.097839"/>
          <testcase name="test_expired_session_throws_payment_session_expired_exception with data set &quot;iteration_77_expired_399_minutes_ago&quot;" file="E:\coupony-backend\tests\Property\ExpiredSessionRejectionPropertyTest.php" line="58" class="Tests\Property\ExpiredSessionRejectionPropertyTest" classname="Tests.Property.ExpiredSessionRejectionPropertyTest" assertions="1" time="0.041300"/>
          <testcase name="test_expired_session_throws_payment_session_expired_exception with data set &quot;iteration_78_expired_1265_minutes_ago&quot;" file="E:\coupony-backend\tests\Property\ExpiredSessionRejectionPropertyTest.php" line="58" class="Tests\Property\ExpiredSessionRejectionPropertyTest" classname="Tests.Property.ExpiredSessionRejectionPropertyTest" assertions="1" time="0.039253"/>
          <testcase name="test_expired_session_throws_payment_session_expired_exception with data set &quot;iteration_79_expired_771_minutes_ago&quot;" file="E:\coupony-backend\tests\Property\ExpiredSessionRejectionPropertyTest.php" line="58" class="Tests\Property\ExpiredSessionRejectionPropertyTest" classname="Tests.Property.ExpiredSessionRejectionPropertyTest" assertions="1" time="0.038559"/>
          <testcase name="test_expired_session_throws_payment_session_expired_exception with data set &quot;iteration_80_expired_1191_minutes_ago&quot;" file="E:\coupony-backend\tests\Property\ExpiredSessionRejectionPropertyTest.php" line="58" class="Tests\Property\ExpiredSessionRejectionPropertyTest" classname="Tests.Property.ExpiredSessionRejectionPropertyTest" assertions="1" time="0.039360"/>
          <testcase name="test_expired_session_throws_payment_session_expired_exception with data set &quot;iteration_81_expired_843_minutes_ago&quot;" file="E:\coupony-backend\tests\Property\ExpiredSessionRejectionPropertyTest.php" line="58" class="Tests\Property\ExpiredSessionRejectionPropertyTest" classname="Tests.Property.ExpiredSessionRejectionPropertyTest" assertions="1" time="0.037642"/>
          <testcase name="test_expired_session_throws_payment_session_expired_exception with data set &quot;iteration_82_expired_521_minutes_ago&quot;" file="E:\coupony-backend\tests\Property\ExpiredSessionRejectionPropertyTest.php" line="58" class="Tests\Property\ExpiredSessionRejectionPropertyTest" classname="Tests.Property.ExpiredSessionRejectionPropertyTest" assertions="1" time="0.038882"/>
          <testcase name="test_expired_session_throws_payment_session_expired_exception with data set &quot;iteration_83_expired_935_minutes_ago&quot;" file="E:\coupony-backend\tests\Property\ExpiredSessionRejectionPropertyTest.php" line="58" class="Tests\Property\ExpiredSessionRejectionPropertyTest" classname="Tests.Property.ExpiredSessionRejectionPropertyTest" assertions="1" time="0.037563"/>
          <testcase name="test_expired_session_throws_payment_session_expired_exception with data set &quot;iteration_84_expired_1128_minutes_ago&quot;" file="E:\coupony-backend\tests\Property\ExpiredSessionRejectionPropertyTest.php" line="58" class="Tests\Property\ExpiredSessionRejectionPropertyTest" classname="Tests.Property.ExpiredSessionRejectionPropertyTest" assertions="1" time="0.038330"/>
          <testcase name="test_expired_session_throws_payment_session_expired_exception with data set &quot;iteration_85_expired_761_minutes_ago&quot;" file="E:\coupony-backend\tests\Property\ExpiredSessionRejectionPropertyTest.php" line="58" class="Tests\Property\ExpiredSessionRejectionPropertyTest" classname="Tests.Property.ExpiredSessionRejectionPropertyTest" assertions="1" time="0.039428"/>
          <testcase name="test_expired_session_throws_payment_session_expired_exception with data set &quot;iteration_86_expired_387_minutes_ago&quot;" file="E:\coupony-backend\tests\Property\ExpiredSessionRejectionPropertyTest.php" line="58" class="Tests\Property\ExpiredSessionRejectionPropertyTest" classname="Tests.Property.ExpiredSessionRejectionPropertyTest" assertions="1" time="0.099483"/>
          <testcase name="test_expired_session_throws_payment_session_expired_exception with data set &quot;iteration_87_expired_436_minutes_ago&quot;" file="E:\coupony-backend\tests\Property\ExpiredSessionRejectionPropertyTest.php" line="58" class="Tests\Property\ExpiredSessionRejectionPropertyTest" classname="Tests.Property.ExpiredSessionRejectionPropertyTest" assertions="1" time="0.038883"/>
          <testcase name="test_expired_session_throws_payment_session_expired_exception with data set &quot;iteration_88_expired_143_minutes_ago&quot;" file="E:\coupony-backend\tests\Property\ExpiredSessionRejectionPropertyTest.php" line="58" class="Tests\Property\ExpiredSessionRejectionPropertyTest" classname="Tests.Property.ExpiredSessionRejectionPropertyTest" assertions="1" time="0.037142"/>
          <testcase name="test_expired_session_throws_payment_session_expired_exception with data set &quot;iteration_89_expired_551_minutes_ago&quot;" file="E:\coupony-backend\tests\Property\ExpiredSessionRejectionPropertyTest.php" line="58" class="Tests\Property\ExpiredSessionRejectionPropertyTest" classname="Tests.Property.ExpiredSessionRejectionPropertyTest" assertions="1" time="0.040354"/>
          <testcase name="test_expired_session_throws_payment_session_expired_exception with data set &quot;iteration_90_expired_269_minutes_ago&quot;" file="E:\coupony-backend\tests\Property\ExpiredSessionRejectionPropertyTest.php" line="58" class="Tests\Property\ExpiredSessionRejectionPropertyTest" classname="Tests.Property.ExpiredSessionRejectionPropertyTest" assertions="1" time="0.036933"/>
          <testcase name="test_expired_session_throws_payment_session_expired_exception with data set &quot;iteration_91_expired_142_minutes_ago&quot;" file="E:\coupony-backend\tests\Property\ExpiredSessionRejectionPropertyTest.php" line="58" class="Tests\Property\ExpiredSessionRejectionPropertyTest" classname="Tests.Property.ExpiredSessionRejectionPropertyTest" assertions="1" time="0.041205"/>
          <testcase name="test_expired_session_throws_payment_session_expired_exception with data set &quot;iteration_92_expired_835_minutes_ago&quot;" file="E:\coupony-backend\tests\Property\ExpiredSessionRejectionPropertyTest.php" line="58" class="Tests\Property\ExpiredSessionRejectionPropertyTest" classname="Tests.Property.ExpiredSessionRejectionPropertyTest" assertions="1" time="0.038734"/>
          <testcase name="test_expired_session_throws_payment_session_expired_exception with data set &quot;iteration_93_expired_300_minutes_ago&quot;" file="E:\coupony-backend\tests\Property\ExpiredSessionRejectionPropertyTest.php" line="58" class="Tests\Property\ExpiredSessionRejectionPropertyTest" classname="Tests.Property.ExpiredSessionRejectionPropertyTest" assertions="1" time="0.037300"/>
          <testcase name="test_expired_session_throws_payment_session_expired_exception with data set &quot;iteration_94_expired_453_minutes_ago&quot;" file="E:\coupony-backend\tests\Property\ExpiredSessionRejectionPropertyTest.php" line="58" class="Tests\Property\ExpiredSessionRejectionPropertyTest" classname="Tests.Property.ExpiredSessionRejectionPropertyTest" assertions="1" time="0.036520"/>
          <testcase name="test_expired_session_throws_payment_session_expired_exception with data set &quot;iteration_95_expired_300_minutes_ago&quot;" file="E:\coupony-backend\tests\Property\ExpiredSessionRejectionPropertyTest.php" line="58" class="Tests\Property\ExpiredSessionRejectionPropertyTest" classname="Tests.Property.ExpiredSessionRejectionPropertyTest" assertions="1" time="0.035058"/>
          <testcase name="test_expired_session_throws_payment_session_expired_exception with data set &quot;iteration_96_expired_441_minutes_ago&quot;" file="E:\coupony-backend\tests\Property\ExpiredSessionRejectionPropertyTest.php" line="58" class="Tests\Property\ExpiredSessionRejectionPropertyTest" classname="Tests.Property.ExpiredSessionRejectionPropertyTest" assertions="1" time="0.096971"/>
          <testcase name="test_expired_session_throws_payment_session_expired_exception with data set &quot;iteration_97_expired_710_minutes_ago&quot;" file="E:\coupony-backend\tests\Property\ExpiredSessionRejectionPropertyTest.php" line="58" class="Tests\Property\ExpiredSessionRejectionPropertyTest" classname="Tests.Property.ExpiredSessionRejectionPropertyTest" assertions="1" time="0.036456"/>
          <testcase name="test_expired_session_throws_payment_session_expired_exception with data set &quot;iteration_98_expired_289_minutes_ago&quot;" file="E:\coupony-backend\tests\Property\ExpiredSessionRejectionPropertyTest.php" line="58" class="Tests\Property\ExpiredSessionRejectionPropertyTest" classname="Tests.Property.ExpiredSessionRejectionPropertyTest" assertions="1" time="0.035156"/>
          <testcase name="test_expired_session_throws_payment_session_expired_exception with data set &quot;iteration_99_expired_329_minutes_ago&quot;" file="E:\coupony-backend\tests\Property\ExpiredSessionRejectionPropertyTest.php" line="58" class="Tests\Property\ExpiredSessionRejectionPropertyTest" classname="Tests.Property.ExpiredSessionRejectionPropertyTest" assertions="1" time="0.041093"/>
        </testsuite>
      </testsuite>
      <testsuite name="Tests\Property\ExpiringSoonNotificationThresholdPropertyTest" file="E:\coupony-backend\tests\Property\ExpiringSoonNotificationThresholdPropertyTest.php" tests="110" assertions="460" errors="0" failures="0" skipped="0" time="81.162236">
        <testsuite name="Tests\Property\ExpiringSoonNotificationThresholdPropertyTest::test_expiring_soon_notification_respects_threshold" tests="110" assertions="460" errors="0" failures="0" skipped="0" time="81.162236">
          <testcase name="test_expiring_soon_notification_respects_threshold with data set &quot;iteration_0_threshold_4_days_2&quot;" file="E:\coupony-backend\tests\Property\ExpiringSoonNotificationThresholdPropertyTest.php" line="58" class="Tests\Property\ExpiringSoonNotificationThresholdPropertyTest" classname="Tests.Property.ExpiringSoonNotificationThresholdPropertyTest" assertions="6" time="0.651656"/>
          <testcase name="test_expiring_soon_notification_respects_threshold with data set &quot;iteration_1_threshold_1_days_3&quot;" file="E:\coupony-backend\tests\Property\ExpiringSoonNotificationThresholdPropertyTest.php" line="58" class="Tests\Property\ExpiringSoonNotificationThresholdPropertyTest" classname="Tests.Property.ExpiringSoonNotificationThresholdPropertyTest" assertions="2" time="0.662752"/>
          <testcase name="test_expiring_soon_notification_respects_threshold with data set &quot;iteration_2_threshold_6_days_10&quot;" file="E:\coupony-backend\tests\Property\ExpiringSoonNotificationThresholdPropertyTest.php" line="58" class="Tests\Property\ExpiringSoonNotificationThresholdPropertyTest" classname="Tests.Property.ExpiringSoonNotificationThresholdPropertyTest" assertions="2" time="0.684277"/>
          <testcase name="test_expiring_soon_notification_respects_threshold with data set &quot;iteration_3_threshold_12_days_16&quot;" file="E:\coupony-backend\tests\Property\ExpiringSoonNotificationThresholdPropertyTest.php" line="58" class="Tests\Property\ExpiringSoonNotificationThresholdPropertyTest" classname="Tests.Property.ExpiringSoonNotificationThresholdPropertyTest" assertions="2" time="0.804888"/>
          <testcase name="test_expiring_soon_notification_respects_threshold with data set &quot;iteration_4_threshold_6_days_9&quot;" file="E:\coupony-backend\tests\Property\ExpiringSoonNotificationThresholdPropertyTest.php" line="58" class="Tests\Property\ExpiringSoonNotificationThresholdPropertyTest" classname="Tests.Property.ExpiringSoonNotificationThresholdPropertyTest" assertions="2" time="0.728456"/>
          <testcase name="test_expiring_soon_notification_respects_threshold with data set &quot;iteration_5_threshold_4_days_4&quot;" file="E:\coupony-backend\tests\Property\ExpiringSoonNotificationThresholdPropertyTest.php" line="58" class="Tests\Property\ExpiringSoonNotificationThresholdPropertyTest" classname="Tests.Property.ExpiringSoonNotificationThresholdPropertyTest" assertions="6" time="0.700126"/>
          <testcase name="test_expiring_soon_notification_respects_threshold with data set &quot;iteration_6_threshold_5_days_7&quot;" file="E:\coupony-backend\tests\Property\ExpiringSoonNotificationThresholdPropertyTest.php" line="58" class="Tests\Property\ExpiringSoonNotificationThresholdPropertyTest" classname="Tests.Property.ExpiringSoonNotificationThresholdPropertyTest" assertions="2" time="0.726326"/>
          <testcase name="test_expiring_soon_notification_respects_threshold with data set &quot;iteration_7_threshold_8_days_2&quot;" file="E:\coupony-backend\tests\Property\ExpiringSoonNotificationThresholdPropertyTest.php" line="58" class="Tests\Property\ExpiringSoonNotificationThresholdPropertyTest" classname="Tests.Property.ExpiringSoonNotificationThresholdPropertyTest" assertions="6" time="0.712569"/>
          <testcase name="test_expiring_soon_notification_respects_threshold with data set &quot;iteration_8_threshold_5_days_7&quot;" file="E:\coupony-backend\tests\Property\ExpiringSoonNotificationThresholdPropertyTest.php" line="58" class="Tests\Property\ExpiringSoonNotificationThresholdPropertyTest" classname="Tests.Property.ExpiringSoonNotificationThresholdPropertyTest" assertions="2" time="0.825576"/>
          <testcase name="test_expiring_soon_notification_respects_threshold with data set &quot;iteration_9_threshold_4_days_4&quot;" file="E:\coupony-backend\tests\Property\ExpiringSoonNotificationThresholdPropertyTest.php" line="58" class="Tests\Property\ExpiringSoonNotificationThresholdPropertyTest" classname="Tests.Property.ExpiringSoonNotificationThresholdPropertyTest" assertions="6" time="0.750494"/>
          <testcase name="test_expiring_soon_notification_respects_threshold with data set &quot;iteration_10_threshold_7_days_5&quot;" file="E:\coupony-backend\tests\Property\ExpiringSoonNotificationThresholdPropertyTest.php" line="58" class="Tests\Property\ExpiringSoonNotificationThresholdPropertyTest" classname="Tests.Property.ExpiringSoonNotificationThresholdPropertyTest" assertions="6" time="0.768529"/>
          <testcase name="test_expiring_soon_notification_respects_threshold with data set &quot;iteration_11_threshold_6_days_4&quot;" file="E:\coupony-backend\tests\Property\ExpiringSoonNotificationThresholdPropertyTest.php" line="58" class="Tests\Property\ExpiringSoonNotificationThresholdPropertyTest" classname="Tests.Property.ExpiringSoonNotificationThresholdPropertyTest" assertions="6" time="0.776227"/>
          <testcase name="test_expiring_soon_notification_respects_threshold with data set &quot;iteration_12_threshold_13_days_15&quot;" file="E:\coupony-backend\tests\Property\ExpiringSoonNotificationThresholdPropertyTest.php" line="58" class="Tests\Property\ExpiringSoonNotificationThresholdPropertyTest" classname="Tests.Property.ExpiringSoonNotificationThresholdPropertyTest" assertions="2" time="0.740759"/>
          <testcase name="test_expiring_soon_notification_respects_threshold with data set &quot;iteration_13_threshold_8_days_8&quot;" file="E:\coupony-backend\tests\Property\ExpiringSoonNotificationThresholdPropertyTest.php" line="58" class="Tests\Property\ExpiringSoonNotificationThresholdPropertyTest" classname="Tests.Property.ExpiringSoonNotificationThresholdPropertyTest" assertions="6" time="0.759730"/>
          <testcase name="test_expiring_soon_notification_respects_threshold with data set &quot;iteration_14_threshold_5_days_4&quot;" file="E:\coupony-backend\tests\Property\ExpiringSoonNotificationThresholdPropertyTest.php" line="58" class="Tests\Property\ExpiringSoonNotificationThresholdPropertyTest" classname="Tests.Property.ExpiringSoonNotificationThresholdPropertyTest" assertions="6" time="0.738714"/>
          <testcase name="test_expiring_soon_notification_respects_threshold with data set &quot;iteration_15_threshold_10_days_14&quot;" file="E:\coupony-backend\tests\Property\ExpiringSoonNotificationThresholdPropertyTest.php" line="58" class="Tests\Property\ExpiringSoonNotificationThresholdPropertyTest" classname="Tests.Property.ExpiringSoonNotificationThresholdPropertyTest" assertions="2" time="0.737993"/>
          <testcase name="test_expiring_soon_notification_respects_threshold with data set &quot;iteration_16_threshold_4_days_1&quot;" file="E:\coupony-backend\tests\Property\ExpiringSoonNotificationThresholdPropertyTest.php" line="58" class="Tests\Property\ExpiringSoonNotificationThresholdPropertyTest" classname="Tests.Property.ExpiringSoonNotificationThresholdPropertyTest" assertions="6" time="0.724306"/>
          <testcase name="test_expiring_soon_notification_respects_threshold with data set &quot;iteration_17_threshold_2_days_2&quot;" file="E:\coupony-backend\tests\Property\ExpiringSoonNotificationThresholdPropertyTest.php" line="58" class="Tests\Property\ExpiringSoonNotificationThresholdPropertyTest" classname="Tests.Property.ExpiringSoonNotificationThresholdPropertyTest" assertions="6" time="0.765008"/>
          <testcase name="test_expiring_soon_notification_respects_threshold with data set &quot;iteration_18_threshold_3_days_8&quot;" file="E:\coupony-backend\tests\Property\ExpiringSoonNotificationThresholdPropertyTest.php" line="58" class="Tests\Property\ExpiringSoonNotificationThresholdPropertyTest" classname="Tests.Property.ExpiringSoonNotificationThresholdPropertyTest" assertions="2" time="0.702068"/>
          <testcase name="test_expiring_soon_notification_respects_threshold with data set &quot;iteration_19_threshold_14_days_10&quot;" file="E:\coupony-backend\tests\Property\ExpiringSoonNotificationThresholdPropertyTest.php" line="58" class="Tests\Property\ExpiringSoonNotificationThresholdPropertyTest" classname="Tests.Property.ExpiringSoonNotificationThresholdPropertyTest" assertions="6" time="0.684449"/>
          <testcase name="test_expiring_soon_notification_respects_threshold with data set &quot;iteration_20_threshold_4_days_7&quot;" file="E:\coupony-backend\tests\Property\ExpiringSoonNotificationThresholdPropertyTest.php" line="58" class="Tests\Property\ExpiringSoonNotificationThresholdPropertyTest" classname="Tests.Property.ExpiringSoonNotificationThresholdPropertyTest" assertions="2" time="0.730347"/>
          <testcase name="test_expiring_soon_notification_respects_threshold with data set &quot;iteration_21_threshold_4_days_8&quot;" file="E:\coupony-backend\tests\Property\ExpiringSoonNotificationThresholdPropertyTest.php" line="58" class="Tests\Property\ExpiringSoonNotificationThresholdPropertyTest" classname="Tests.Property.ExpiringSoonNotificationThresholdPropertyTest" assertions="2" time="0.707327"/>
          <testcase name="test_expiring_soon_notification_respects_threshold with data set &quot;iteration_22_threshold_10_days_12&quot;" file="E:\coupony-backend\tests\Property\ExpiringSoonNotificationThresholdPropertyTest.php" line="58" class="Tests\Property\ExpiringSoonNotificationThresholdPropertyTest" classname="Tests.Property.ExpiringSoonNotificationThresholdPropertyTest" assertions="2" time="0.836409"/>
          <testcase name="test_expiring_soon_notification_respects_threshold with data set &quot;iteration_23_threshold_2_days_1&quot;" file="E:\coupony-backend\tests\Property\ExpiringSoonNotificationThresholdPropertyTest.php" line="58" class="Tests\Property\ExpiringSoonNotificationThresholdPropertyTest" classname="Tests.Property.ExpiringSoonNotificationThresholdPropertyTest" assertions="6" time="0.758398"/>
          <testcase name="test_expiring_soon_notification_respects_threshold with data set &quot;iteration_24_threshold_1_days_5&quot;" file="E:\coupony-backend\tests\Property\ExpiringSoonNotificationThresholdPropertyTest.php" line="58" class="Tests\Property\ExpiringSoonNotificationThresholdPropertyTest" classname="Tests.Property.ExpiringSoonNotificationThresholdPropertyTest" assertions="2" time="0.786954"/>
          <testcase name="test_expiring_soon_notification_respects_threshold with data set &quot;iteration_25_threshold_2_days_3&quot;" file="E:\coupony-backend\tests\Property\ExpiringSoonNotificationThresholdPropertyTest.php" line="58" class="Tests\Property\ExpiringSoonNotificationThresholdPropertyTest" classname="Tests.Property.ExpiringSoonNotificationThresholdPropertyTest" assertions="2" time="0.745846"/>
          <testcase name="test_expiring_soon_notification_respects_threshold with data set &quot;iteration_26_threshold_1_days_2&quot;" file="E:\coupony-backend\tests\Property\ExpiringSoonNotificationThresholdPropertyTest.php" line="58" class="Tests\Property\ExpiringSoonNotificationThresholdPropertyTest" classname="Tests.Property.ExpiringSoonNotificationThresholdPropertyTest" assertions="2" time="0.818807"/>
          <testcase name="test_expiring_soon_notification_respects_threshold with data set &quot;iteration_27_threshold_2_days_1&quot;" file="E:\coupony-backend\tests\Property\ExpiringSoonNotificationThresholdPropertyTest.php" line="58" class="Tests\Property\ExpiringSoonNotificationThresholdPropertyTest" classname="Tests.Property.ExpiringSoonNotificationThresholdPropertyTest" assertions="6" time="0.707173"/>
          <testcase name="test_expiring_soon_notification_respects_threshold with data set &quot;iteration_28_threshold_4_days_8&quot;" file="E:\coupony-backend\tests\Property\ExpiringSoonNotificationThresholdPropertyTest.php" line="58" class="Tests\Property\ExpiringSoonNotificationThresholdPropertyTest" classname="Tests.Property.ExpiringSoonNotificationThresholdPropertyTest" assertions="2" time="0.788527"/>
          <testcase name="test_expiring_soon_notification_respects_threshold with data set &quot;iteration_29_threshold_7_days_4&quot;" file="E:\coupony-backend\tests\Property\ExpiringSoonNotificationThresholdPropertyTest.php" line="58" class="Tests\Property\ExpiringSoonNotificationThresholdPropertyTest" classname="Tests.Property.ExpiringSoonNotificationThresholdPropertyTest" assertions="6" time="0.733944"/>
          <testcase name="test_expiring_soon_notification_respects_threshold with data set &quot;iteration_30_threshold_9_days_9&quot;" file="E:\coupony-backend\tests\Property\ExpiringSoonNotificationThresholdPropertyTest.php" line="58" class="Tests\Property\ExpiringSoonNotificationThresholdPropertyTest" classname="Tests.Property.ExpiringSoonNotificationThresholdPropertyTest" assertions="6" time="0.706818"/>
          <testcase name="test_expiring_soon_notification_respects_threshold with data set &quot;iteration_31_threshold_2_days_5&quot;" file="E:\coupony-backend\tests\Property\ExpiringSoonNotificationThresholdPropertyTest.php" line="58" class="Tests\Property\ExpiringSoonNotificationThresholdPropertyTest" classname="Tests.Property.ExpiringSoonNotificationThresholdPropertyTest" assertions="2" time="0.744245"/>
          <testcase name="test_expiring_soon_notification_respects_threshold with data set &quot;iteration_32_threshold_7_days_11&quot;" file="E:\coupony-backend\tests\Property\ExpiringSoonNotificationThresholdPropertyTest.php" line="58" class="Tests\Property\ExpiringSoonNotificationThresholdPropertyTest" classname="Tests.Property.ExpiringSoonNotificationThresholdPropertyTest" assertions="2" time="0.697996"/>
          <testcase name="test_expiring_soon_notification_respects_threshold with data set &quot;iteration_33_threshold_11_days_11&quot;" file="E:\coupony-backend\tests\Property\ExpiringSoonNotificationThresholdPropertyTest.php" line="58" class="Tests\Property\ExpiringSoonNotificationThresholdPropertyTest" classname="Tests.Property.ExpiringSoonNotificationThresholdPropertyTest" assertions="6" time="0.726692"/>
          <testcase name="test_expiring_soon_notification_respects_threshold with data set &quot;iteration_34_threshold_4_days_4&quot;" file="E:\coupony-backend\tests\Property\ExpiringSoonNotificationThresholdPropertyTest.php" line="58" class="Tests\Property\ExpiringSoonNotificationThresholdPropertyTest" classname="Tests.Property.ExpiringSoonNotificationThresholdPropertyTest" assertions="6" time="0.813086"/>
          <testcase name="test_expiring_soon_notification_respects_threshold with data set &quot;iteration_35_threshold_9_days_2&quot;" file="E:\coupony-backend\tests\Property\ExpiringSoonNotificationThresholdPropertyTest.php" line="58" class="Tests\Property\ExpiringSoonNotificationThresholdPropertyTest" classname="Tests.Property.ExpiringSoonNotificationThresholdPropertyTest" assertions="6" time="0.707117"/>
          <testcase name="test_expiring_soon_notification_respects_threshold with data set &quot;iteration_36_threshold_10_days_6&quot;" file="E:\coupony-backend\tests\Property\ExpiringSoonNotificationThresholdPropertyTest.php" line="58" class="Tests\Property\ExpiringSoonNotificationThresholdPropertyTest" classname="Tests.Property.ExpiringSoonNotificationThresholdPropertyTest" assertions="6" time="0.661787"/>
          <testcase name="test_expiring_soon_notification_respects_threshold with data set &quot;iteration_37_threshold_8_days_3&quot;" file="E:\coupony-backend\tests\Property\ExpiringSoonNotificationThresholdPropertyTest.php" line="58" class="Tests\Property\ExpiringSoonNotificationThresholdPropertyTest" classname="Tests.Property.ExpiringSoonNotificationThresholdPropertyTest" assertions="6" time="0.756464"/>
          <testcase name="test_expiring_soon_notification_respects_threshold with data set &quot;iteration_38_threshold_6_days_10&quot;" file="E:\coupony-backend\tests\Property\ExpiringSoonNotificationThresholdPropertyTest.php" line="58" class="Tests\Property\ExpiringSoonNotificationThresholdPropertyTest" classname="Tests.Property.ExpiringSoonNotificationThresholdPropertyTest" assertions="2" time="0.748579"/>
          <testcase name="test_expiring_soon_notification_respects_threshold with data set &quot;iteration_39_threshold_8_days_1&quot;" file="E:\coupony-backend\tests\Property\ExpiringSoonNotificationThresholdPropertyTest.php" line="58" class="Tests\Property\ExpiringSoonNotificationThresholdPropertyTest" classname="Tests.Property.ExpiringSoonNotificationThresholdPropertyTest" assertions="6" time="0.732435"/>
          <testcase name="test_expiring_soon_notification_respects_threshold with data set &quot;iteration_40_threshold_3_days_2&quot;" file="E:\coupony-backend\tests\Property\ExpiringSoonNotificationThresholdPropertyTest.php" line="58" class="Tests\Property\ExpiringSoonNotificationThresholdPropertyTest" classname="Tests.Property.ExpiringSoonNotificationThresholdPropertyTest" assertions="6" time="0.717517"/>
          <testcase name="test_expiring_soon_notification_respects_threshold with data set &quot;iteration_41_threshold_4_days_1&quot;" file="E:\coupony-backend\tests\Property\ExpiringSoonNotificationThresholdPropertyTest.php" line="58" class="Tests\Property\ExpiringSoonNotificationThresholdPropertyTest" classname="Tests.Property.ExpiringSoonNotificationThresholdPropertyTest" assertions="6" time="0.706858"/>
          <testcase name="test_expiring_soon_notification_respects_threshold with data set &quot;iteration_42_threshold_5_days_1&quot;" file="E:\coupony-backend\tests\Property\ExpiringSoonNotificationThresholdPropertyTest.php" line="58" class="Tests\Property\ExpiringSoonNotificationThresholdPropertyTest" classname="Tests.Property.ExpiringSoonNotificationThresholdPropertyTest" assertions="6" time="0.698622"/>
          <testcase name="test_expiring_soon_notification_respects_threshold with data set &quot;iteration_43_threshold_12_days_7&quot;" file="E:\coupony-backend\tests\Property\ExpiringSoonNotificationThresholdPropertyTest.php" line="58" class="Tests\Property\ExpiringSoonNotificationThresholdPropertyTest" classname="Tests.Property.ExpiringSoonNotificationThresholdPropertyTest" assertions="6" time="0.805094"/>
          <testcase name="test_expiring_soon_notification_respects_threshold with data set &quot;iteration_44_threshold_7_days_2&quot;" file="E:\coupony-backend\tests\Property\ExpiringSoonNotificationThresholdPropertyTest.php" line="58" class="Tests\Property\ExpiringSoonNotificationThresholdPropertyTest" classname="Tests.Property.ExpiringSoonNotificationThresholdPropertyTest" assertions="6" time="0.803834"/>
          <testcase name="test_expiring_soon_notification_respects_threshold with data set &quot;iteration_45_threshold_10_days_8&quot;" file="E:\coupony-backend\tests\Property\ExpiringSoonNotificationThresholdPropertyTest.php" line="58" class="Tests\Property\ExpiringSoonNotificationThresholdPropertyTest" classname="Tests.Property.ExpiringSoonNotificationThresholdPropertyTest" assertions="6" time="0.773876"/>
          <testcase name="test_expiring_soon_notification_respects_threshold with data set &quot;iteration_46_threshold_6_days_11&quot;" file="E:\coupony-backend\tests\Property\ExpiringSoonNotificationThresholdPropertyTest.php" line="58" class="Tests\Property\ExpiringSoonNotificationThresholdPropertyTest" classname="Tests.Property.ExpiringSoonNotificationThresholdPropertyTest" assertions="2" time="0.730605"/>
          <testcase name="test_expiring_soon_notification_respects_threshold with data set &quot;iteration_47_threshold_5_days_7&quot;" file="E:\coupony-backend\tests\Property\ExpiringSoonNotificationThresholdPropertyTest.php" line="58" class="Tests\Property\ExpiringSoonNotificationThresholdPropertyTest" classname="Tests.Property.ExpiringSoonNotificationThresholdPropertyTest" assertions="2" time="0.712079"/>
          <testcase name="test_expiring_soon_notification_respects_threshold with data set &quot;iteration_48_threshold_11_days_13&quot;" file="E:\coupony-backend\tests\Property\ExpiringSoonNotificationThresholdPropertyTest.php" line="58" class="Tests\Property\ExpiringSoonNotificationThresholdPropertyTest" classname="Tests.Property.ExpiringSoonNotificationThresholdPropertyTest" assertions="2" time="0.686957"/>
          <testcase name="test_expiring_soon_notification_respects_threshold with data set &quot;iteration_49_threshold_7_days_10&quot;" file="E:\coupony-backend\tests\Property\ExpiringSoonNotificationThresholdPropertyTest.php" line="58" class="Tests\Property\ExpiringSoonNotificationThresholdPropertyTest" classname="Tests.Property.ExpiringSoonNotificationThresholdPropertyTest" assertions="2" time="0.689209"/>
          <testcase name="test_expiring_soon_notification_respects_threshold with data set &quot;iteration_50_threshold_3_days_1&quot;" file="E:\coupony-backend\tests\Property\ExpiringSoonNotificationThresholdPropertyTest.php" line="58" class="Tests\Property\ExpiringSoonNotificationThresholdPropertyTest" classname="Tests.Property.ExpiringSoonNotificationThresholdPropertyTest" assertions="6" time="0.674490"/>
          <testcase name="test_expiring_soon_notification_respects_threshold with data set &quot;iteration_51_threshold_8_days_4&quot;" file="E:\coupony-backend\tests\Property\ExpiringSoonNotificationThresholdPropertyTest.php" line="58" class="Tests\Property\ExpiringSoonNotificationThresholdPropertyTest" classname="Tests.Property.ExpiringSoonNotificationThresholdPropertyTest" assertions="6" time="0.664759"/>
          <testcase name="test_expiring_soon_notification_respects_threshold with data set &quot;iteration_52_threshold_3_days_6&quot;" file="E:\coupony-backend\tests\Property\ExpiringSoonNotificationThresholdPropertyTest.php" line="58" class="Tests\Property\ExpiringSoonNotificationThresholdPropertyTest" classname="Tests.Property.ExpiringSoonNotificationThresholdPropertyTest" assertions="2" time="0.823272"/>
          <testcase name="test_expiring_soon_notification_respects_threshold with data set &quot;iteration_53_threshold_7_days_11&quot;" file="E:\coupony-backend\tests\Property\ExpiringSoonNotificationThresholdPropertyTest.php" line="58" class="Tests\Property\ExpiringSoonNotificationThresholdPropertyTest" classname="Tests.Property.ExpiringSoonNotificationThresholdPropertyTest" assertions="2" time="0.641791"/>
          <testcase name="test_expiring_soon_notification_respects_threshold with data set &quot;iteration_54_threshold_10_days_12&quot;" file="E:\coupony-backend\tests\Property\ExpiringSoonNotificationThresholdPropertyTest.php" line="58" class="Tests\Property\ExpiringSoonNotificationThresholdPropertyTest" classname="Tests.Property.ExpiringSoonNotificationThresholdPropertyTest" assertions="2" time="0.651638"/>
          <testcase name="test_expiring_soon_notification_respects_threshold with data set &quot;iteration_55_threshold_2_days_1&quot;" file="E:\coupony-backend\tests\Property\ExpiringSoonNotificationThresholdPropertyTest.php" line="58" class="Tests\Property\ExpiringSoonNotificationThresholdPropertyTest" classname="Tests.Property.ExpiringSoonNotificationThresholdPropertyTest" assertions="6" time="0.674398"/>
          <testcase name="test_expiring_soon_notification_respects_threshold with data set &quot;iteration_56_threshold_14_days_19&quot;" file="E:\coupony-backend\tests\Property\ExpiringSoonNotificationThresholdPropertyTest.php" line="58" class="Tests\Property\ExpiringSoonNotificationThresholdPropertyTest" classname="Tests.Property.ExpiringSoonNotificationThresholdPropertyTest" assertions="2" time="0.771376"/>
          <testcase name="test_expiring_soon_notification_respects_threshold with data set &quot;iteration_57_threshold_4_days_4&quot;" file="E:\coupony-backend\tests\Property\ExpiringSoonNotificationThresholdPropertyTest.php" line="58" class="Tests\Property\ExpiringSoonNotificationThresholdPropertyTest" classname="Tests.Property.ExpiringSoonNotificationThresholdPropertyTest" assertions="6" time="0.721300"/>
          <testcase name="test_expiring_soon_notification_respects_threshold with data set &quot;iteration_58_threshold_9_days_14&quot;" file="E:\coupony-backend\tests\Property\ExpiringSoonNotificationThresholdPropertyTest.php" line="58" class="Tests\Property\ExpiringSoonNotificationThresholdPropertyTest" classname="Tests.Property.ExpiringSoonNotificationThresholdPropertyTest" assertions="2" time="0.729260"/>
          <testcase name="test_expiring_soon_notification_respects_threshold with data set &quot;iteration_59_threshold_6_days_10&quot;" file="E:\coupony-backend\tests\Property\ExpiringSoonNotificationThresholdPropertyTest.php" line="58" class="Tests\Property\ExpiringSoonNotificationThresholdPropertyTest" classname="Tests.Property.ExpiringSoonNotificationThresholdPropertyTest" assertions="2" time="0.810079"/>
          <testcase name="test_expiring_soon_notification_respects_threshold with data set &quot;iteration_60_threshold_4_days_8&quot;" file="E:\coupony-backend\tests\Property\ExpiringSoonNotificationThresholdPropertyTest.php" line="58" class="Tests\Property\ExpiringSoonNotificationThresholdPropertyTest" classname="Tests.Property.ExpiringSoonNotificationThresholdPropertyTest" assertions="2" time="0.853078"/>
          <testcase name="test_expiring_soon_notification_respects_threshold with data set &quot;iteration_61_threshold_9_days_9&quot;" file="E:\coupony-backend\tests\Property\ExpiringSoonNotificationThresholdPropertyTest.php" line="58" class="Tests\Property\ExpiringSoonNotificationThresholdPropertyTest" classname="Tests.Property.ExpiringSoonNotificationThresholdPropertyTest" assertions="6" time="0.715766"/>
          <testcase name="test_expiring_soon_notification_respects_threshold with data set &quot;iteration_62_threshold_14_days_9&quot;" file="E:\coupony-backend\tests\Property\ExpiringSoonNotificationThresholdPropertyTest.php" line="58" class="Tests\Property\ExpiringSoonNotificationThresholdPropertyTest" classname="Tests.Property.ExpiringSoonNotificationThresholdPropertyTest" assertions="6" time="0.797659"/>
          <testcase name="test_expiring_soon_notification_respects_threshold with data set &quot;iteration_63_threshold_13_days_1&quot;" file="E:\coupony-backend\tests\Property\ExpiringSoonNotificationThresholdPropertyTest.php" line="58" class="Tests\Property\ExpiringSoonNotificationThresholdPropertyTest" classname="Tests.Property.ExpiringSoonNotificationThresholdPropertyTest" assertions="6" time="0.753695"/>
          <testcase name="test_expiring_soon_notification_respects_threshold with data set &quot;iteration_64_threshold_1_days_1&quot;" file="E:\coupony-backend\tests\Property\ExpiringSoonNotificationThresholdPropertyTest.php" line="58" class="Tests\Property\ExpiringSoonNotificationThresholdPropertyTest" classname="Tests.Property.ExpiringSoonNotificationThresholdPropertyTest" assertions="6" time="0.692729"/>
          <testcase name="test_expiring_soon_notification_respects_threshold with data set &quot;iteration_65_threshold_9_days_7&quot;" file="E:\coupony-backend\tests\Property\ExpiringSoonNotificationThresholdPropertyTest.php" line="58" class="Tests\Property\ExpiringSoonNotificationThresholdPropertyTest" classname="Tests.Property.ExpiringSoonNotificationThresholdPropertyTest" assertions="6" time="0.712826"/>
          <testcase name="test_expiring_soon_notification_respects_threshold with data set &quot;iteration_66_threshold_14_days_2&quot;" file="E:\coupony-backend\tests\Property\ExpiringSoonNotificationThresholdPropertyTest.php" line="58" class="Tests\Property\ExpiringSoonNotificationThresholdPropertyTest" classname="Tests.Property.ExpiringSoonNotificationThresholdPropertyTest" assertions="6" time="0.783402"/>
          <testcase name="test_expiring_soon_notification_respects_threshold with data set &quot;iteration_67_threshold_10_days_11&quot;" file="E:\coupony-backend\tests\Property\ExpiringSoonNotificationThresholdPropertyTest.php" line="58" class="Tests\Property\ExpiringSoonNotificationThresholdPropertyTest" classname="Tests.Property.ExpiringSoonNotificationThresholdPropertyTest" assertions="2" time="0.745487"/>
          <testcase name="test_expiring_soon_notification_respects_threshold with data set &quot;iteration_68_threshold_3_days_8&quot;" file="E:\coupony-backend\tests\Property\ExpiringSoonNotificationThresholdPropertyTest.php" line="58" class="Tests\Property\ExpiringSoonNotificationThresholdPropertyTest" classname="Tests.Property.ExpiringSoonNotificationThresholdPropertyTest" assertions="2" time="0.846254"/>
          <testcase name="test_expiring_soon_notification_respects_threshold with data set &quot;iteration_69_threshold_2_days_2&quot;" file="E:\coupony-backend\tests\Property\ExpiringSoonNotificationThresholdPropertyTest.php" line="58" class="Tests\Property\ExpiringSoonNotificationThresholdPropertyTest" classname="Tests.Property.ExpiringSoonNotificationThresholdPropertyTest" assertions="6" time="0.736990"/>
          <testcase name="test_expiring_soon_notification_respects_threshold with data set &quot;iteration_70_threshold_7_days_5&quot;" file="E:\coupony-backend\tests\Property\ExpiringSoonNotificationThresholdPropertyTest.php" line="58" class="Tests\Property\ExpiringSoonNotificationThresholdPropertyTest" classname="Tests.Property.ExpiringSoonNotificationThresholdPropertyTest" assertions="6" time="0.828200"/>
          <testcase name="test_expiring_soon_notification_respects_threshold with data set &quot;iteration_71_threshold_3_days_8&quot;" file="E:\coupony-backend\tests\Property\ExpiringSoonNotificationThresholdPropertyTest.php" line="58" class="Tests\Property\ExpiringSoonNotificationThresholdPropertyTest" classname="Tests.Property.ExpiringSoonNotificationThresholdPropertyTest" assertions="2" time="0.774308"/>
          <testcase name="test_expiring_soon_notification_respects_threshold with data set &quot;iteration_72_threshold_3_days_2&quot;" file="E:\coupony-backend\tests\Property\ExpiringSoonNotificationThresholdPropertyTest.php" line="58" class="Tests\Property\ExpiringSoonNotificationThresholdPropertyTest" classname="Tests.Property.ExpiringSoonNotificationThresholdPropertyTest" assertions="6" time="0.653871"/>
          <testcase name="test_expiring_soon_notification_respects_threshold with data set &quot;iteration_73_threshold_9_days_13&quot;" file="E:\coupony-backend\tests\Property\ExpiringSoonNotificationThresholdPropertyTest.php" line="58" class="Tests\Property\ExpiringSoonNotificationThresholdPropertyTest" classname="Tests.Property.ExpiringSoonNotificationThresholdPropertyTest" assertions="2" time="0.684511"/>
          <testcase name="test_expiring_soon_notification_respects_threshold with data set &quot;iteration_74_threshold_11_days_3&quot;" file="E:\coupony-backend\tests\Property\ExpiringSoonNotificationThresholdPropertyTest.php" line="58" class="Tests\Property\ExpiringSoonNotificationThresholdPropertyTest" classname="Tests.Property.ExpiringSoonNotificationThresholdPropertyTest" assertions="6" time="0.756981"/>
          <testcase name="test_expiring_soon_notification_respects_threshold with data set &quot;iteration_75_threshold_6_days_1&quot;" file="E:\coupony-backend\tests\Property\ExpiringSoonNotificationThresholdPropertyTest.php" line="58" class="Tests\Property\ExpiringSoonNotificationThresholdPropertyTest" classname="Tests.Property.ExpiringSoonNotificationThresholdPropertyTest" assertions="6" time="0.673989"/>
          <testcase name="test_expiring_soon_notification_respects_threshold with data set &quot;iteration_76_threshold_8_days_9&quot;" file="E:\coupony-backend\tests\Property\ExpiringSoonNotificationThresholdPropertyTest.php" line="58" class="Tests\Property\ExpiringSoonNotificationThresholdPropertyTest" classname="Tests.Property.ExpiringSoonNotificationThresholdPropertyTest" assertions="2" time="0.705159"/>
          <testcase name="test_expiring_soon_notification_respects_threshold with data set &quot;iteration_77_threshold_2_days_1&quot;" file="E:\coupony-backend\tests\Property\ExpiringSoonNotificationThresholdPropertyTest.php" line="58" class="Tests\Property\ExpiringSoonNotificationThresholdPropertyTest" classname="Tests.Property.ExpiringSoonNotificationThresholdPropertyTest" assertions="6" time="0.793818"/>
          <testcase name="test_expiring_soon_notification_respects_threshold with data set &quot;iteration_78_threshold_3_days_2&quot;" file="E:\coupony-backend\tests\Property\ExpiringSoonNotificationThresholdPropertyTest.php" line="58" class="Tests\Property\ExpiringSoonNotificationThresholdPropertyTest" classname="Tests.Property.ExpiringSoonNotificationThresholdPropertyTest" assertions="6" time="0.727361"/>
          <testcase name="test_expiring_soon_notification_respects_threshold with data set &quot;iteration_79_threshold_11_days_15&quot;" file="E:\coupony-backend\tests\Property\ExpiringSoonNotificationThresholdPropertyTest.php" line="58" class="Tests\Property\ExpiringSoonNotificationThresholdPropertyTest" classname="Tests.Property.ExpiringSoonNotificationThresholdPropertyTest" assertions="2" time="0.845648"/>
          <testcase name="test_expiring_soon_notification_respects_threshold with data set &quot;iteration_80_threshold_12_days_16&quot;" file="E:\coupony-backend\tests\Property\ExpiringSoonNotificationThresholdPropertyTest.php" line="58" class="Tests\Property\ExpiringSoonNotificationThresholdPropertyTest" classname="Tests.Property.ExpiringSoonNotificationThresholdPropertyTest" assertions="2" time="0.775440"/>
          <testcase name="test_expiring_soon_notification_respects_threshold with data set &quot;iteration_81_threshold_13_days_12&quot;" file="E:\coupony-backend\tests\Property\ExpiringSoonNotificationThresholdPropertyTest.php" line="58" class="Tests\Property\ExpiringSoonNotificationThresholdPropertyTest" classname="Tests.Property.ExpiringSoonNotificationThresholdPropertyTest" assertions="6" time="0.800501"/>
          <testcase name="test_expiring_soon_notification_respects_threshold with data set &quot;iteration_82_threshold_11_days_9&quot;" file="E:\coupony-backend\tests\Property\ExpiringSoonNotificationThresholdPropertyTest.php" line="58" class="Tests\Property\ExpiringSoonNotificationThresholdPropertyTest" classname="Tests.Property.ExpiringSoonNotificationThresholdPropertyTest" assertions="6" time="0.740406"/>
          <testcase name="test_expiring_soon_notification_respects_threshold with data set &quot;iteration_83_threshold_6_days_8&quot;" file="E:\coupony-backend\tests\Property\ExpiringSoonNotificationThresholdPropertyTest.php" line="58" class="Tests\Property\ExpiringSoonNotificationThresholdPropertyTest" classname="Tests.Property.ExpiringSoonNotificationThresholdPropertyTest" assertions="2" time="0.728075"/>
          <testcase name="test_expiring_soon_notification_respects_threshold with data set &quot;iteration_84_threshold_3_days_2&quot;" file="E:\coupony-backend\tests\Property\ExpiringSoonNotificationThresholdPropertyTest.php" line="58" class="Tests\Property\ExpiringSoonNotificationThresholdPropertyTest" classname="Tests.Property.ExpiringSoonNotificationThresholdPropertyTest" assertions="6" time="0.745575"/>
          <testcase name="test_expiring_soon_notification_respects_threshold with data set &quot;iteration_85_threshold_3_days_7&quot;" file="E:\coupony-backend\tests\Property\ExpiringSoonNotificationThresholdPropertyTest.php" line="58" class="Tests\Property\ExpiringSoonNotificationThresholdPropertyTest" classname="Tests.Property.ExpiringSoonNotificationThresholdPropertyTest" assertions="2" time="0.728289"/>
          <testcase name="test_expiring_soon_notification_respects_threshold with data set &quot;iteration_86_threshold_5_days_8&quot;" file="E:\coupony-backend\tests\Property\ExpiringSoonNotificationThresholdPropertyTest.php" line="58" class="Tests\Property\ExpiringSoonNotificationThresholdPropertyTest" classname="Tests.Property.ExpiringSoonNotificationThresholdPropertyTest" assertions="2" time="0.819189"/>
          <testcase name="test_expiring_soon_notification_respects_threshold with data set &quot;iteration_87_threshold_6_days_1&quot;" file="E:\coupony-backend\tests\Property\ExpiringSoonNotificationThresholdPropertyTest.php" line="58" class="Tests\Property\ExpiringSoonNotificationThresholdPropertyTest" classname="Tests.Property.ExpiringSoonNotificationThresholdPropertyTest" assertions="6" time="0.758339"/>
          <testcase name="test_expiring_soon_notification_respects_threshold with data set &quot;iteration_88_threshold_2_days_6&quot;" file="E:\coupony-backend\tests\Property\ExpiringSoonNotificationThresholdPropertyTest.php" line="58" class="Tests\Property\ExpiringSoonNotificationThresholdPropertyTest" classname="Tests.Property.ExpiringSoonNotificationThresholdPropertyTest" assertions="2" time="0.680978"/>
          <testcase name="test_expiring_soon_notification_respects_threshold with data set &quot;iteration_89_threshold_12_days_5&quot;" file="E:\coupony-backend\tests\Property\ExpiringSoonNotificationThresholdPropertyTest.php" line="58" class="Tests\Property\ExpiringSoonNotificationThresholdPropertyTest" classname="Tests.Property.ExpiringSoonNotificationThresholdPropertyTest" assertions="6" time="0.657014"/>
          <testcase name="test_expiring_soon_notification_respects_threshold with data set &quot;iteration_90_threshold_8_days_3&quot;" file="E:\coupony-backend\tests\Property\ExpiringSoonNotificationThresholdPropertyTest.php" line="58" class="Tests\Property\ExpiringSoonNotificationThresholdPropertyTest" classname="Tests.Property.ExpiringSoonNotificationThresholdPropertyTest" assertions="6" time="0.694976"/>
          <testcase name="test_expiring_soon_notification_respects_threshold with data set &quot;iteration_91_threshold_1_days_4&quot;" file="E:\coupony-backend\tests\Property\ExpiringSoonNotificationThresholdPropertyTest.php" line="58" class="Tests\Property\ExpiringSoonNotificationThresholdPropertyTest" classname="Tests.Property.ExpiringSoonNotificationThresholdPropertyTest" assertions="2" time="0.686419"/>
          <testcase name="test_expiring_soon_notification_respects_threshold with data set &quot;iteration_92_threshold_2_days_5&quot;" file="E:\coupony-backend\tests\Property\ExpiringSoonNotificationThresholdPropertyTest.php" line="58" class="Tests\Property\ExpiringSoonNotificationThresholdPropertyTest" classname="Tests.Property.ExpiringSoonNotificationThresholdPropertyTest" assertions="2" time="0.780929"/>
          <testcase name="test_expiring_soon_notification_respects_threshold with data set &quot;iteration_93_threshold_11_days_11&quot;" file="E:\coupony-backend\tests\Property\ExpiringSoonNotificationThresholdPropertyTest.php" line="58" class="Tests\Property\ExpiringSoonNotificationThresholdPropertyTest" classname="Tests.Property.ExpiringSoonNotificationThresholdPropertyTest" assertions="6" time="0.853371"/>
          <testcase name="test_expiring_soon_notification_respects_threshold with data set &quot;iteration_94_threshold_10_days_12&quot;" file="E:\coupony-backend\tests\Property\ExpiringSoonNotificationThresholdPropertyTest.php" line="58" class="Tests\Property\ExpiringSoonNotificationThresholdPropertyTest" classname="Tests.Property.ExpiringSoonNotificationThresholdPropertyTest" assertions="2" time="0.799931"/>
          <testcase name="test_expiring_soon_notification_respects_threshold with data set &quot;iteration_95_threshold_10_days_9&quot;" file="E:\coupony-backend\tests\Property\ExpiringSoonNotificationThresholdPropertyTest.php" line="58" class="Tests\Property\ExpiringSoonNotificationThresholdPropertyTest" classname="Tests.Property.ExpiringSoonNotificationThresholdPropertyTest" assertions="6" time="0.703764"/>
          <testcase name="test_expiring_soon_notification_respects_threshold with data set &quot;iteration_96_threshold_6_days_5&quot;" file="E:\coupony-backend\tests\Property\ExpiringSoonNotificationThresholdPropertyTest.php" line="58" class="Tests\Property\ExpiringSoonNotificationThresholdPropertyTest" classname="Tests.Property.ExpiringSoonNotificationThresholdPropertyTest" assertions="6" time="0.698206"/>
          <testcase name="test_expiring_soon_notification_respects_threshold with data set &quot;iteration_97_threshold_9_days_5&quot;" file="E:\coupony-backend\tests\Property\ExpiringSoonNotificationThresholdPropertyTest.php" line="58" class="Tests\Property\ExpiringSoonNotificationThresholdPropertyTest" classname="Tests.Property.ExpiringSoonNotificationThresholdPropertyTest" assertions="6" time="0.692279"/>
          <testcase name="test_expiring_soon_notification_respects_threshold with data set &quot;iteration_98_threshold_7_days_6&quot;" file="E:\coupony-backend\tests\Property\ExpiringSoonNotificationThresholdPropertyTest.php" line="58" class="Tests\Property\ExpiringSoonNotificationThresholdPropertyTest" classname="Tests.Property.ExpiringSoonNotificationThresholdPropertyTest" assertions="6" time="0.769009"/>
          <testcase name="test_expiring_soon_notification_respects_threshold with data set &quot;iteration_99_threshold_7_days_1&quot;" file="E:\coupony-backend\tests\Property\ExpiringSoonNotificationThresholdPropertyTest.php" line="58" class="Tests\Property\ExpiringSoonNotificationThresholdPropertyTest" classname="Tests.Property.ExpiringSoonNotificationThresholdPropertyTest" assertions="6" time="0.663610"/>
          <testcase name="test_expiring_soon_notification_respects_threshold with data set &quot;iteration_100_threshold_9_days_4&quot;" file="E:\coupony-backend\tests\Property\ExpiringSoonNotificationThresholdPropertyTest.php" line="58" class="Tests\Property\ExpiringSoonNotificationThresholdPropertyTest" classname="Tests.Property.ExpiringSoonNotificationThresholdPropertyTest" assertions="6" time="0.692834"/>
          <testcase name="test_expiring_soon_notification_respects_threshold with data set &quot;iteration_101_threshold_9_days_9&quot;" file="E:\coupony-backend\tests\Property\ExpiringSoonNotificationThresholdPropertyTest.php" line="58" class="Tests\Property\ExpiringSoonNotificationThresholdPropertyTest" classname="Tests.Property.ExpiringSoonNotificationThresholdPropertyTest" assertions="6" time="0.731021"/>
          <testcase name="test_expiring_soon_notification_respects_threshold with data set &quot;iteration_102_threshold_6_days_11&quot;" file="E:\coupony-backend\tests\Property\ExpiringSoonNotificationThresholdPropertyTest.php" line="58" class="Tests\Property\ExpiringSoonNotificationThresholdPropertyTest" classname="Tests.Property.ExpiringSoonNotificationThresholdPropertyTest" assertions="2" time="0.672710"/>
          <testcase name="test_expiring_soon_notification_respects_threshold with data set &quot;iteration_103_threshold_8_days_12&quot;" file="E:\coupony-backend\tests\Property\ExpiringSoonNotificationThresholdPropertyTest.php" line="58" class="Tests\Property\ExpiringSoonNotificationThresholdPropertyTest" classname="Tests.Property.ExpiringSoonNotificationThresholdPropertyTest" assertions="2" time="0.669150"/>
          <testcase name="test_expiring_soon_notification_respects_threshold with data set &quot;iteration_104_threshold_5_days_7&quot;" file="E:\coupony-backend\tests\Property\ExpiringSoonNotificationThresholdPropertyTest.php" line="58" class="Tests\Property\ExpiringSoonNotificationThresholdPropertyTest" classname="Tests.Property.ExpiringSoonNotificationThresholdPropertyTest" assertions="2" time="0.638835"/>
          <testcase name="test_expiring_soon_notification_respects_threshold with data set &quot;iteration_105_threshold_9_days_3&quot;" file="E:\coupony-backend\tests\Property\ExpiringSoonNotificationThresholdPropertyTest.php" line="58" class="Tests\Property\ExpiringSoonNotificationThresholdPropertyTest" classname="Tests.Property.ExpiringSoonNotificationThresholdPropertyTest" assertions="6" time="0.796181"/>
          <testcase name="test_expiring_soon_notification_respects_threshold with data set &quot;iteration_106_threshold_9_days_13&quot;" file="E:\coupony-backend\tests\Property\ExpiringSoonNotificationThresholdPropertyTest.php" line="58" class="Tests\Property\ExpiringSoonNotificationThresholdPropertyTest" classname="Tests.Property.ExpiringSoonNotificationThresholdPropertyTest" assertions="2" time="0.694795"/>
          <testcase name="test_expiring_soon_notification_respects_threshold with data set &quot;iteration_107_threshold_10_days_15&quot;" file="E:\coupony-backend\tests\Property\ExpiringSoonNotificationThresholdPropertyTest.php" line="58" class="Tests\Property\ExpiringSoonNotificationThresholdPropertyTest" classname="Tests.Property.ExpiringSoonNotificationThresholdPropertyTest" assertions="2" time="0.720024"/>
          <testcase name="test_expiring_soon_notification_respects_threshold with data set &quot;iteration_108_threshold_1_days_5&quot;" file="E:\coupony-backend\tests\Property\ExpiringSoonNotificationThresholdPropertyTest.php" line="58" class="Tests\Property\ExpiringSoonNotificationThresholdPropertyTest" classname="Tests.Property.ExpiringSoonNotificationThresholdPropertyTest" assertions="2" time="0.863057"/>
          <testcase name="test_expiring_soon_notification_respects_threshold with data set &quot;iteration_109_threshold_10_days_5&quot;" file="E:\coupony-backend\tests\Property\ExpiringSoonNotificationThresholdPropertyTest.php" line="58" class="Tests\Property\ExpiringSoonNotificationThresholdPropertyTest" classname="Tests.Property.ExpiringSoonNotificationThresholdPropertyTest" assertions="6" time="0.784731"/>
        </testsuite>
      </testsuite>
      <testsuite name="Tests\Property\FailedPaymentRecordingPropertyTest" file="E:\coupony-backend\tests\Property\FailedPaymentRecordingPropertyTest.php" tests="100" assertions="400" errors="0" failures="0" skipped="0" time="4.517959">
        <testsuite name="Tests\Property\FailedPaymentRecordingPropertyTest::test_failed_payment_webhook_records_failure" tests="100" assertions="400" errors="0" failures="0" skipped="0" time="4.517959">
          <testcase name="test_failed_payment_webhook_records_failure with data set &quot;iteration_0_cycle_yearly_order_872552&quot;" file="E:\coupony-backend\tests\Property\FailedPaymentRecordingPropertyTest.php" line="78" class="Tests\Property\FailedPaymentRecordingPropertyTest" classname="Tests.Property.FailedPaymentRecordingPropertyTest" assertions="4" time="0.042978"/>
          <testcase name="test_failed_payment_webhook_records_failure with data set &quot;iteration_1_cycle_yearly_order_951138&quot;" file="E:\coupony-backend\tests\Property\FailedPaymentRecordingPropertyTest.php" line="78" class="Tests\Property\FailedPaymentRecordingPropertyTest" classname="Tests.Property.FailedPaymentRecordingPropertyTest" assertions="4" time="0.038469"/>
          <testcase name="test_failed_payment_webhook_records_failure with data set &quot;iteration_2_cycle_yearly_order_599841&quot;" file="E:\coupony-backend\tests\Property\FailedPaymentRecordingPropertyTest.php" line="78" class="Tests\Property\FailedPaymentRecordingPropertyTest" classname="Tests.Property.FailedPaymentRecordingPropertyTest" assertions="4" time="0.039082"/>
          <testcase name="test_failed_payment_webhook_records_failure with data set &quot;iteration_3_cycle_yearly_order_409307&quot;" file="E:\coupony-backend\tests\Property\FailedPaymentRecordingPropertyTest.php" line="78" class="Tests\Property\FailedPaymentRecordingPropertyTest" classname="Tests.Property.FailedPaymentRecordingPropertyTest" assertions="4" time="0.038401"/>
          <testcase name="test_failed_payment_webhook_records_failure with data set &quot;iteration_4_cycle_yearly_order_439696&quot;" file="E:\coupony-backend\tests\Property\FailedPaymentRecordingPropertyTest.php" line="78" class="Tests\Property\FailedPaymentRecordingPropertyTest" classname="Tests.Property.FailedPaymentRecordingPropertyTest" assertions="4" time="0.038632"/>
          <testcase name="test_failed_payment_webhook_records_failure with data set &quot;iteration_5_cycle_yearly_order_284770&quot;" file="E:\coupony-backend\tests\Property\FailedPaymentRecordingPropertyTest.php" line="78" class="Tests\Property\FailedPaymentRecordingPropertyTest" classname="Tests.Property.FailedPaymentRecordingPropertyTest" assertions="4" time="0.087634"/>
          <testcase name="test_failed_payment_webhook_records_failure with data set &quot;iteration_6_cycle_monthly_order_515277&quot;" file="E:\coupony-backend\tests\Property\FailedPaymentRecordingPropertyTest.php" line="78" class="Tests\Property\FailedPaymentRecordingPropertyTest" classname="Tests.Property.FailedPaymentRecordingPropertyTest" assertions="4" time="0.039293"/>
          <testcase name="test_failed_payment_webhook_records_failure with data set &quot;iteration_7_cycle_yearly_order_736569&quot;" file="E:\coupony-backend\tests\Property\FailedPaymentRecordingPropertyTest.php" line="78" class="Tests\Property\FailedPaymentRecordingPropertyTest" classname="Tests.Property.FailedPaymentRecordingPropertyTest" assertions="4" time="0.043423"/>
          <testcase name="test_failed_payment_webhook_records_failure with data set &quot;iteration_8_cycle_monthly_order_612630&quot;" file="E:\coupony-backend\tests\Property\FailedPaymentRecordingPropertyTest.php" line="78" class="Tests\Property\FailedPaymentRecordingPropertyTest" classname="Tests.Property.FailedPaymentRecordingPropertyTest" assertions="4" time="0.038980"/>
          <testcase name="test_failed_payment_webhook_records_failure with data set &quot;iteration_9_cycle_yearly_order_848900&quot;" file="E:\coupony-backend\tests\Property\FailedPaymentRecordingPropertyTest.php" line="78" class="Tests\Property\FailedPaymentRecordingPropertyTest" classname="Tests.Property.FailedPaymentRecordingPropertyTest" assertions="4" time="0.039459"/>
          <testcase name="test_failed_payment_webhook_records_failure with data set &quot;iteration_10_cycle_monthly_order_670168&quot;" file="E:\coupony-backend\tests\Property\FailedPaymentRecordingPropertyTest.php" line="78" class="Tests\Property\FailedPaymentRecordingPropertyTest" classname="Tests.Property.FailedPaymentRecordingPropertyTest" assertions="4" time="0.044640"/>
          <testcase name="test_failed_payment_webhook_records_failure with data set &quot;iteration_11_cycle_monthly_order_430444&quot;" file="E:\coupony-backend\tests\Property\FailedPaymentRecordingPropertyTest.php" line="78" class="Tests\Property\FailedPaymentRecordingPropertyTest" classname="Tests.Property.FailedPaymentRecordingPropertyTest" assertions="4" time="0.037669"/>
          <testcase name="test_failed_payment_webhook_records_failure with data set &quot;iteration_12_cycle_yearly_order_603026&quot;" file="E:\coupony-backend\tests\Property\FailedPaymentRecordingPropertyTest.php" line="78" class="Tests\Property\FailedPaymentRecordingPropertyTest" classname="Tests.Property.FailedPaymentRecordingPropertyTest" assertions="4" time="0.038265"/>
          <testcase name="test_failed_payment_webhook_records_failure with data set &quot;iteration_13_cycle_monthly_order_614787&quot;" file="E:\coupony-backend\tests\Property\FailedPaymentRecordingPropertyTest.php" line="78" class="Tests\Property\FailedPaymentRecordingPropertyTest" classname="Tests.Property.FailedPaymentRecordingPropertyTest" assertions="4" time="0.038233"/>
          <testcase name="test_failed_payment_webhook_records_failure with data set &quot;iteration_14_cycle_yearly_order_974966&quot;" file="E:\coupony-backend\tests\Property\FailedPaymentRecordingPropertyTest.php" line="78" class="Tests\Property\FailedPaymentRecordingPropertyTest" classname="Tests.Property.FailedPaymentRecordingPropertyTest" assertions="4" time="0.038132"/>
          <testcase name="test_failed_payment_webhook_records_failure with data set &quot;iteration_15_cycle_monthly_order_194824&quot;" file="E:\coupony-backend\tests\Property\FailedPaymentRecordingPropertyTest.php" line="78" class="Tests\Property\FailedPaymentRecordingPropertyTest" classname="Tests.Property.FailedPaymentRecordingPropertyTest" assertions="4" time="0.103772"/>
          <testcase name="test_failed_payment_webhook_records_failure with data set &quot;iteration_16_cycle_yearly_order_396076&quot;" file="E:\coupony-backend\tests\Property\FailedPaymentRecordingPropertyTest.php" line="78" class="Tests\Property\FailedPaymentRecordingPropertyTest" classname="Tests.Property.FailedPaymentRecordingPropertyTest" assertions="4" time="0.039496"/>
          <testcase name="test_failed_payment_webhook_records_failure with data set &quot;iteration_17_cycle_yearly_order_261391&quot;" file="E:\coupony-backend\tests\Property\FailedPaymentRecordingPropertyTest.php" line="78" class="Tests\Property\FailedPaymentRecordingPropertyTest" classname="Tests.Property.FailedPaymentRecordingPropertyTest" assertions="4" time="0.039886"/>
          <testcase name="test_failed_payment_webhook_records_failure with data set &quot;iteration_18_cycle_monthly_order_954211&quot;" file="E:\coupony-backend\tests\Property\FailedPaymentRecordingPropertyTest.php" line="78" class="Tests\Property\FailedPaymentRecordingPropertyTest" classname="Tests.Property.FailedPaymentRecordingPropertyTest" assertions="4" time="0.039707"/>
          <testcase name="test_failed_payment_webhook_records_failure with data set &quot;iteration_19_cycle_monthly_order_890388&quot;" file="E:\coupony-backend\tests\Property\FailedPaymentRecordingPropertyTest.php" line="78" class="Tests\Property\FailedPaymentRecordingPropertyTest" classname="Tests.Property.FailedPaymentRecordingPropertyTest" assertions="4" time="0.040069"/>
          <testcase name="test_failed_payment_webhook_records_failure with data set &quot;iteration_20_cycle_monthly_order_792750&quot;" file="E:\coupony-backend\tests\Property\FailedPaymentRecordingPropertyTest.php" line="78" class="Tests\Property\FailedPaymentRecordingPropertyTest" classname="Tests.Property.FailedPaymentRecordingPropertyTest" assertions="4" time="0.039047"/>
          <testcase name="test_failed_payment_webhook_records_failure with data set &quot;iteration_21_cycle_monthly_order_784295&quot;" file="E:\coupony-backend\tests\Property\FailedPaymentRecordingPropertyTest.php" line="78" class="Tests\Property\FailedPaymentRecordingPropertyTest" classname="Tests.Property.FailedPaymentRecordingPropertyTest" assertions="4" time="0.037582"/>
          <testcase name="test_failed_payment_webhook_records_failure with data set &quot;iteration_22_cycle_monthly_order_116157&quot;" file="E:\coupony-backend\tests\Property\FailedPaymentRecordingPropertyTest.php" line="78" class="Tests\Property\FailedPaymentRecordingPropertyTest" classname="Tests.Property.FailedPaymentRecordingPropertyTest" assertions="4" time="0.039085"/>
          <testcase name="test_failed_payment_webhook_records_failure with data set &quot;iteration_23_cycle_monthly_order_168813&quot;" file="E:\coupony-backend\tests\Property\FailedPaymentRecordingPropertyTest.php" line="78" class="Tests\Property\FailedPaymentRecordingPropertyTest" classname="Tests.Property.FailedPaymentRecordingPropertyTest" assertions="4" time="0.038883"/>
          <testcase name="test_failed_payment_webhook_records_failure with data set &quot;iteration_24_cycle_yearly_order_381121&quot;" file="E:\coupony-backend\tests\Property\FailedPaymentRecordingPropertyTest.php" line="78" class="Tests\Property\FailedPaymentRecordingPropertyTest" classname="Tests.Property.FailedPaymentRecordingPropertyTest" assertions="4" time="0.091755"/>
          <testcase name="test_failed_payment_webhook_records_failure with data set &quot;iteration_25_cycle_yearly_order_334422&quot;" file="E:\coupony-backend\tests\Property\FailedPaymentRecordingPropertyTest.php" line="78" class="Tests\Property\FailedPaymentRecordingPropertyTest" classname="Tests.Property.FailedPaymentRecordingPropertyTest" assertions="4" time="0.038504"/>
          <testcase name="test_failed_payment_webhook_records_failure with data set &quot;iteration_26_cycle_yearly_order_470283&quot;" file="E:\coupony-backend\tests\Property\FailedPaymentRecordingPropertyTest.php" line="78" class="Tests\Property\FailedPaymentRecordingPropertyTest" classname="Tests.Property.FailedPaymentRecordingPropertyTest" assertions="4" time="0.037006"/>
          <testcase name="test_failed_payment_webhook_records_failure with data set &quot;iteration_27_cycle_monthly_order_984454&quot;" file="E:\coupony-backend\tests\Property\FailedPaymentRecordingPropertyTest.php" line="78" class="Tests\Property\FailedPaymentRecordingPropertyTest" classname="Tests.Property.FailedPaymentRecordingPropertyTest" assertions="4" time="0.037538"/>
          <testcase name="test_failed_payment_webhook_records_failure with data set &quot;iteration_28_cycle_monthly_order_562852&quot;" file="E:\coupony-backend\tests\Property\FailedPaymentRecordingPropertyTest.php" line="78" class="Tests\Property\FailedPaymentRecordingPropertyTest" classname="Tests.Property.FailedPaymentRecordingPropertyTest" assertions="4" time="0.038130"/>
          <testcase name="test_failed_payment_webhook_records_failure with data set &quot;iteration_29_cycle_monthly_order_614575&quot;" file="E:\coupony-backend\tests\Property\FailedPaymentRecordingPropertyTest.php" line="78" class="Tests\Property\FailedPaymentRecordingPropertyTest" classname="Tests.Property.FailedPaymentRecordingPropertyTest" assertions="4" time="0.037970"/>
          <testcase name="test_failed_payment_webhook_records_failure with data set &quot;iteration_30_cycle_monthly_order_447582&quot;" file="E:\coupony-backend\tests\Property\FailedPaymentRecordingPropertyTest.php" line="78" class="Tests\Property\FailedPaymentRecordingPropertyTest" classname="Tests.Property.FailedPaymentRecordingPropertyTest" assertions="4" time="0.038538"/>
          <testcase name="test_failed_payment_webhook_records_failure with data set &quot;iteration_31_cycle_yearly_order_597645&quot;" file="E:\coupony-backend\tests\Property\FailedPaymentRecordingPropertyTest.php" line="78" class="Tests\Property\FailedPaymentRecordingPropertyTest" classname="Tests.Property.FailedPaymentRecordingPropertyTest" assertions="4" time="0.038444"/>
          <testcase name="test_failed_payment_webhook_records_failure with data set &quot;iteration_32_cycle_monthly_order_471445&quot;" file="E:\coupony-backend\tests\Property\FailedPaymentRecordingPropertyTest.php" line="78" class="Tests\Property\FailedPaymentRecordingPropertyTest" classname="Tests.Property.FailedPaymentRecordingPropertyTest" assertions="4" time="0.038164"/>
          <testcase name="test_failed_payment_webhook_records_failure with data set &quot;iteration_33_cycle_monthly_order_962008&quot;" file="E:\coupony-backend\tests\Property\FailedPaymentRecordingPropertyTest.php" line="78" class="Tests\Property\FailedPaymentRecordingPropertyTest" classname="Tests.Property.FailedPaymentRecordingPropertyTest" assertions="4" time="0.045532"/>
          <testcase name="test_failed_payment_webhook_records_failure with data set &quot;iteration_34_cycle_yearly_order_124369&quot;" file="E:\coupony-backend\tests\Property\FailedPaymentRecordingPropertyTest.php" line="78" class="Tests\Property\FailedPaymentRecordingPropertyTest" classname="Tests.Property.FailedPaymentRecordingPropertyTest" assertions="4" time="0.104406"/>
          <testcase name="test_failed_payment_webhook_records_failure with data set &quot;iteration_35_cycle_monthly_order_471786&quot;" file="E:\coupony-backend\tests\Property\FailedPaymentRecordingPropertyTest.php" line="78" class="Tests\Property\FailedPaymentRecordingPropertyTest" classname="Tests.Property.FailedPaymentRecordingPropertyTest" assertions="4" time="0.039381"/>
          <testcase name="test_failed_payment_webhook_records_failure with data set &quot;iteration_36_cycle_yearly_order_625048&quot;" file="E:\coupony-backend\tests\Property\FailedPaymentRecordingPropertyTest.php" line="78" class="Tests\Property\FailedPaymentRecordingPropertyTest" classname="Tests.Property.FailedPaymentRecordingPropertyTest" assertions="4" time="0.042463"/>
          <testcase name="test_failed_payment_webhook_records_failure with data set &quot;iteration_37_cycle_monthly_order_245600&quot;" file="E:\coupony-backend\tests\Property\FailedPaymentRecordingPropertyTest.php" line="78" class="Tests\Property\FailedPaymentRecordingPropertyTest" classname="Tests.Property.FailedPaymentRecordingPropertyTest" assertions="4" time="0.037715"/>
          <testcase name="test_failed_payment_webhook_records_failure with data set &quot;iteration_38_cycle_monthly_order_617682&quot;" file="E:\coupony-backend\tests\Property\FailedPaymentRecordingPropertyTest.php" line="78" class="Tests\Property\FailedPaymentRecordingPropertyTest" classname="Tests.Property.FailedPaymentRecordingPropertyTest" assertions="4" time="0.037330"/>
          <testcase name="test_failed_payment_webhook_records_failure with data set &quot;iteration_39_cycle_monthly_order_774740&quot;" file="E:\coupony-backend\tests\Property\FailedPaymentRecordingPropertyTest.php" line="78" class="Tests\Property\FailedPaymentRecordingPropertyTest" classname="Tests.Property.FailedPaymentRecordingPropertyTest" assertions="4" time="0.036438"/>
          <testcase name="test_failed_payment_webhook_records_failure with data set &quot;iteration_40_cycle_monthly_order_437494&quot;" file="E:\coupony-backend\tests\Property\FailedPaymentRecordingPropertyTest.php" line="78" class="Tests\Property\FailedPaymentRecordingPropertyTest" classname="Tests.Property.FailedPaymentRecordingPropertyTest" assertions="4" time="0.039121"/>
          <testcase name="test_failed_payment_webhook_records_failure with data set &quot;iteration_41_cycle_monthly_order_732320&quot;" file="E:\coupony-backend\tests\Property\FailedPaymentRecordingPropertyTest.php" line="78" class="Tests\Property\FailedPaymentRecordingPropertyTest" classname="Tests.Property.FailedPaymentRecordingPropertyTest" assertions="4" time="0.037622"/>
          <testcase name="test_failed_payment_webhook_records_failure with data set &quot;iteration_42_cycle_yearly_order_200755&quot;" file="E:\coupony-backend\tests\Property\FailedPaymentRecordingPropertyTest.php" line="78" class="Tests\Property\FailedPaymentRecordingPropertyTest" classname="Tests.Property.FailedPaymentRecordingPropertyTest" assertions="4" time="0.038837"/>
          <testcase name="test_failed_payment_webhook_records_failure with data set &quot;iteration_43_cycle_monthly_order_920678&quot;" file="E:\coupony-backend\tests\Property\FailedPaymentRecordingPropertyTest.php" line="78" class="Tests\Property\FailedPaymentRecordingPropertyTest" classname="Tests.Property.FailedPaymentRecordingPropertyTest" assertions="4" time="0.085859"/>
          <testcase name="test_failed_payment_webhook_records_failure with data set &quot;iteration_44_cycle_yearly_order_137743&quot;" file="E:\coupony-backend\tests\Property\FailedPaymentRecordingPropertyTest.php" line="78" class="Tests\Property\FailedPaymentRecordingPropertyTest" classname="Tests.Property.FailedPaymentRecordingPropertyTest" assertions="4" time="0.037094"/>
          <testcase name="test_failed_payment_webhook_records_failure with data set &quot;iteration_45_cycle_yearly_order_402015&quot;" file="E:\coupony-backend\tests\Property\FailedPaymentRecordingPropertyTest.php" line="78" class="Tests\Property\FailedPaymentRecordingPropertyTest" classname="Tests.Property.FailedPaymentRecordingPropertyTest" assertions="4" time="0.038435"/>
          <testcase name="test_failed_payment_webhook_records_failure with data set &quot;iteration_46_cycle_monthly_order_773073&quot;" file="E:\coupony-backend\tests\Property\FailedPaymentRecordingPropertyTest.php" line="78" class="Tests\Property\FailedPaymentRecordingPropertyTest" classname="Tests.Property.FailedPaymentRecordingPropertyTest" assertions="4" time="0.038916"/>
          <testcase name="test_failed_payment_webhook_records_failure with data set &quot;iteration_47_cycle_monthly_order_941306&quot;" file="E:\coupony-backend\tests\Property\FailedPaymentRecordingPropertyTest.php" line="78" class="Tests\Property\FailedPaymentRecordingPropertyTest" classname="Tests.Property.FailedPaymentRecordingPropertyTest" assertions="4" time="0.039077"/>
          <testcase name="test_failed_payment_webhook_records_failure with data set &quot;iteration_48_cycle_yearly_order_888338&quot;" file="E:\coupony-backend\tests\Property\FailedPaymentRecordingPropertyTest.php" line="78" class="Tests\Property\FailedPaymentRecordingPropertyTest" classname="Tests.Property.FailedPaymentRecordingPropertyTest" assertions="4" time="0.040102"/>
          <testcase name="test_failed_payment_webhook_records_failure with data set &quot;iteration_49_cycle_monthly_order_206333&quot;" file="E:\coupony-backend\tests\Property\FailedPaymentRecordingPropertyTest.php" line="78" class="Tests\Property\FailedPaymentRecordingPropertyTest" classname="Tests.Property.FailedPaymentRecordingPropertyTest" assertions="4" time="0.046362"/>
          <testcase name="test_failed_payment_webhook_records_failure with data set &quot;iteration_50_cycle_monthly_order_971787&quot;" file="E:\coupony-backend\tests\Property\FailedPaymentRecordingPropertyTest.php" line="78" class="Tests\Property\FailedPaymentRecordingPropertyTest" classname="Tests.Property.FailedPaymentRecordingPropertyTest" assertions="4" time="0.039922"/>
          <testcase name="test_failed_payment_webhook_records_failure with data set &quot;iteration_51_cycle_yearly_order_143248&quot;" file="E:\coupony-backend\tests\Property\FailedPaymentRecordingPropertyTest.php" line="78" class="Tests\Property\FailedPaymentRecordingPropertyTest" classname="Tests.Property.FailedPaymentRecordingPropertyTest" assertions="4" time="0.039917"/>
          <testcase name="test_failed_payment_webhook_records_failure with data set &quot;iteration_52_cycle_yearly_order_557290&quot;" file="E:\coupony-backend\tests\Property\FailedPaymentRecordingPropertyTest.php" line="78" class="Tests\Property\FailedPaymentRecordingPropertyTest" classname="Tests.Property.FailedPaymentRecordingPropertyTest" assertions="4" time="0.039824"/>
          <testcase name="test_failed_payment_webhook_records_failure with data set &quot;iteration_53_cycle_yearly_order_743820&quot;" file="E:\coupony-backend\tests\Property\FailedPaymentRecordingPropertyTest.php" line="78" class="Tests\Property\FailedPaymentRecordingPropertyTest" classname="Tests.Property.FailedPaymentRecordingPropertyTest" assertions="4" time="0.104433"/>
          <testcase name="test_failed_payment_webhook_records_failure with data set &quot;iteration_54_cycle_yearly_order_570453&quot;" file="E:\coupony-backend\tests\Property\FailedPaymentRecordingPropertyTest.php" line="78" class="Tests\Property\FailedPaymentRecordingPropertyTest" classname="Tests.Property.FailedPaymentRecordingPropertyTest" assertions="4" time="0.037724"/>
          <testcase name="test_failed_payment_webhook_records_failure with data set &quot;iteration_55_cycle_monthly_order_683200&quot;" file="E:\coupony-backend\tests\Property\FailedPaymentRecordingPropertyTest.php" line="78" class="Tests\Property\FailedPaymentRecordingPropertyTest" classname="Tests.Property.FailedPaymentRecordingPropertyTest" assertions="4" time="0.037810"/>
          <testcase name="test_failed_payment_webhook_records_failure with data set &quot;iteration_56_cycle_monthly_order_133628&quot;" file="E:\coupony-backend\tests\Property\FailedPaymentRecordingPropertyTest.php" line="78" class="Tests\Property\FailedPaymentRecordingPropertyTest" classname="Tests.Property.FailedPaymentRecordingPropertyTest" assertions="4" time="0.042787"/>
          <testcase name="test_failed_payment_webhook_records_failure with data set &quot;iteration_57_cycle_monthly_order_240584&quot;" file="E:\coupony-backend\tests\Property\FailedPaymentRecordingPropertyTest.php" line="78" class="Tests\Property\FailedPaymentRecordingPropertyTest" classname="Tests.Property.FailedPaymentRecordingPropertyTest" assertions="4" time="0.044569"/>
          <testcase name="test_failed_payment_webhook_records_failure with data set &quot;iteration_58_cycle_yearly_order_455545&quot;" file="E:\coupony-backend\tests\Property\FailedPaymentRecordingPropertyTest.php" line="78" class="Tests\Property\FailedPaymentRecordingPropertyTest" classname="Tests.Property.FailedPaymentRecordingPropertyTest" assertions="4" time="0.038275"/>
          <testcase name="test_failed_payment_webhook_records_failure with data set &quot;iteration_59_cycle_monthly_order_780670&quot;" file="E:\coupony-backend\tests\Property\FailedPaymentRecordingPropertyTest.php" line="78" class="Tests\Property\FailedPaymentRecordingPropertyTest" classname="Tests.Property.FailedPaymentRecordingPropertyTest" assertions="4" time="0.037892"/>
          <testcase name="test_failed_payment_webhook_records_failure with data set &quot;iteration_60_cycle_monthly_order_812380&quot;" file="E:\coupony-backend\tests\Property\FailedPaymentRecordingPropertyTest.php" line="78" class="Tests\Property\FailedPaymentRecordingPropertyTest" classname="Tests.Property.FailedPaymentRecordingPropertyTest" assertions="4" time="0.038808"/>
          <testcase name="test_failed_payment_webhook_records_failure with data set &quot;iteration_61_cycle_yearly_order_778336&quot;" file="E:\coupony-backend\tests\Property\FailedPaymentRecordingPropertyTest.php" line="78" class="Tests\Property\FailedPaymentRecordingPropertyTest" classname="Tests.Property.FailedPaymentRecordingPropertyTest" assertions="4" time="0.039128"/>
          <testcase name="test_failed_payment_webhook_records_failure with data set &quot;iteration_62_cycle_yearly_order_885249&quot;" file="E:\coupony-backend\tests\Property\FailedPaymentRecordingPropertyTest.php" line="78" class="Tests\Property\FailedPaymentRecordingPropertyTest" classname="Tests.Property.FailedPaymentRecordingPropertyTest" assertions="4" time="0.090806"/>
          <testcase name="test_failed_payment_webhook_records_failure with data set &quot;iteration_63_cycle_yearly_order_893885&quot;" file="E:\coupony-backend\tests\Property\FailedPaymentRecordingPropertyTest.php" line="78" class="Tests\Property\FailedPaymentRecordingPropertyTest" classname="Tests.Property.FailedPaymentRecordingPropertyTest" assertions="4" time="0.038556"/>
          <testcase name="test_failed_payment_webhook_records_failure with data set &quot;iteration_64_cycle_monthly_order_995415&quot;" file="E:\coupony-backend\tests\Property\FailedPaymentRecordingPropertyTest.php" line="78" class="Tests\Property\FailedPaymentRecordingPropertyTest" classname="Tests.Property.FailedPaymentRecordingPropertyTest" assertions="4" time="0.038863"/>
          <testcase name="test_failed_payment_webhook_records_failure with data set &quot;iteration_65_cycle_monthly_order_771861&quot;" file="E:\coupony-backend\tests\Property\FailedPaymentRecordingPropertyTest.php" line="78" class="Tests\Property\FailedPaymentRecordingPropertyTest" classname="Tests.Property.FailedPaymentRecordingPropertyTest" assertions="4" time="0.038893"/>
          <testcase name="test_failed_payment_webhook_records_failure with data set &quot;iteration_66_cycle_yearly_order_963618&quot;" file="E:\coupony-backend\tests\Property\FailedPaymentRecordingPropertyTest.php" line="78" class="Tests\Property\FailedPaymentRecordingPropertyTest" classname="Tests.Property.FailedPaymentRecordingPropertyTest" assertions="4" time="0.040296"/>
          <testcase name="test_failed_payment_webhook_records_failure with data set &quot;iteration_67_cycle_yearly_order_206115&quot;" file="E:\coupony-backend\tests\Property\FailedPaymentRecordingPropertyTest.php" line="78" class="Tests\Property\FailedPaymentRecordingPropertyTest" classname="Tests.Property.FailedPaymentRecordingPropertyTest" assertions="4" time="0.041164"/>
          <testcase name="test_failed_payment_webhook_records_failure with data set &quot;iteration_68_cycle_monthly_order_832640&quot;" file="E:\coupony-backend\tests\Property\FailedPaymentRecordingPropertyTest.php" line="78" class="Tests\Property\FailedPaymentRecordingPropertyTest" classname="Tests.Property.FailedPaymentRecordingPropertyTest" assertions="4" time="0.039412"/>
          <testcase name="test_failed_payment_webhook_records_failure with data set &quot;iteration_69_cycle_yearly_order_246019&quot;" file="E:\coupony-backend\tests\Property\FailedPaymentRecordingPropertyTest.php" line="78" class="Tests\Property\FailedPaymentRecordingPropertyTest" classname="Tests.Property.FailedPaymentRecordingPropertyTest" assertions="4" time="0.037839"/>
          <testcase name="test_failed_payment_webhook_records_failure with data set &quot;iteration_70_cycle_monthly_order_634454&quot;" file="E:\coupony-backend\tests\Property\FailedPaymentRecordingPropertyTest.php" line="78" class="Tests\Property\FailedPaymentRecordingPropertyTest" classname="Tests.Property.FailedPaymentRecordingPropertyTest" assertions="4" time="0.038592"/>
          <testcase name="test_failed_payment_webhook_records_failure with data set &quot;iteration_71_cycle_yearly_order_269296&quot;" file="E:\coupony-backend\tests\Property\FailedPaymentRecordingPropertyTest.php" line="78" class="Tests\Property\FailedPaymentRecordingPropertyTest" classname="Tests.Property.FailedPaymentRecordingPropertyTest" assertions="4" time="0.037808"/>
          <testcase name="test_failed_payment_webhook_records_failure with data set &quot;iteration_72_cycle_yearly_order_798104&quot;" file="E:\coupony-backend\tests\Property\FailedPaymentRecordingPropertyTest.php" line="78" class="Tests\Property\FailedPaymentRecordingPropertyTest" classname="Tests.Property.FailedPaymentRecordingPropertyTest" assertions="4" time="0.105013"/>
          <testcase name="test_failed_payment_webhook_records_failure with data set &quot;iteration_73_cycle_monthly_order_872156&quot;" file="E:\coupony-backend\tests\Property\FailedPaymentRecordingPropertyTest.php" line="78" class="Tests\Property\FailedPaymentRecordingPropertyTest" classname="Tests.Property.FailedPaymentRecordingPropertyTest" assertions="4" time="0.042056"/>
          <testcase name="test_failed_payment_webhook_records_failure with data set &quot;iteration_74_cycle_monthly_order_635877&quot;" file="E:\coupony-backend\tests\Property\FailedPaymentRecordingPropertyTest.php" line="78" class="Tests\Property\FailedPaymentRecordingPropertyTest" classname="Tests.Property.FailedPaymentRecordingPropertyTest" assertions="4" time="0.039734"/>
          <testcase name="test_failed_payment_webhook_records_failure with data set &quot;iteration_75_cycle_monthly_order_311220&quot;" file="E:\coupony-backend\tests\Property\FailedPaymentRecordingPropertyTest.php" line="78" class="Tests\Property\FailedPaymentRecordingPropertyTest" classname="Tests.Property.FailedPaymentRecordingPropertyTest" assertions="4" time="0.038366"/>
          <testcase name="test_failed_payment_webhook_records_failure with data set &quot;iteration_76_cycle_monthly_order_153728&quot;" file="E:\coupony-backend\tests\Property\FailedPaymentRecordingPropertyTest.php" line="78" class="Tests\Property\FailedPaymentRecordingPropertyTest" classname="Tests.Property.FailedPaymentRecordingPropertyTest" assertions="4" time="0.043903"/>
          <testcase name="test_failed_payment_webhook_records_failure with data set &quot;iteration_77_cycle_yearly_order_299944&quot;" file="E:\coupony-backend\tests\Property\FailedPaymentRecordingPropertyTest.php" line="78" class="Tests\Property\FailedPaymentRecordingPropertyTest" classname="Tests.Property.FailedPaymentRecordingPropertyTest" assertions="4" time="0.039706"/>
          <testcase name="test_failed_payment_webhook_records_failure with data set &quot;iteration_78_cycle_yearly_order_816409&quot;" file="E:\coupony-backend\tests\Property\FailedPaymentRecordingPropertyTest.php" line="78" class="Tests\Property\FailedPaymentRecordingPropertyTest" classname="Tests.Property.FailedPaymentRecordingPropertyTest" assertions="4" time="0.040538"/>
          <testcase name="test_failed_payment_webhook_records_failure with data set &quot;iteration_79_cycle_yearly_order_429301&quot;" file="E:\coupony-backend\tests\Property\FailedPaymentRecordingPropertyTest.php" line="78" class="Tests\Property\FailedPaymentRecordingPropertyTest" classname="Tests.Property.FailedPaymentRecordingPropertyTest" assertions="4" time="0.039634"/>
          <testcase name="test_failed_payment_webhook_records_failure with data set &quot;iteration_80_cycle_yearly_order_958636&quot;" file="E:\coupony-backend\tests\Property\FailedPaymentRecordingPropertyTest.php" line="78" class="Tests\Property\FailedPaymentRecordingPropertyTest" classname="Tests.Property.FailedPaymentRecordingPropertyTest" assertions="4" time="0.039402"/>
          <testcase name="test_failed_payment_webhook_records_failure with data set &quot;iteration_81_cycle_monthly_order_486638&quot;" file="E:\coupony-backend\tests\Property\FailedPaymentRecordingPropertyTest.php" line="78" class="Tests\Property\FailedPaymentRecordingPropertyTest" classname="Tests.Property.FailedPaymentRecordingPropertyTest" assertions="4" time="0.089224"/>
          <testcase name="test_failed_payment_webhook_records_failure with data set &quot;iteration_82_cycle_yearly_order_566718&quot;" file="E:\coupony-backend\tests\Property\FailedPaymentRecordingPropertyTest.php" line="78" class="Tests\Property\FailedPaymentRecordingPropertyTest" classname="Tests.Property.FailedPaymentRecordingPropertyTest" assertions="4" time="0.038971"/>
          <testcase name="test_failed_payment_webhook_records_failure with data set &quot;iteration_83_cycle_yearly_order_470249&quot;" file="E:\coupony-backend\tests\Property\FailedPaymentRecordingPropertyTest.php" line="78" class="Tests\Property\FailedPaymentRecordingPropertyTest" classname="Tests.Property.FailedPaymentRecordingPropertyTest" assertions="4" time="0.036972"/>
          <testcase name="test_failed_payment_webhook_records_failure with data set &quot;iteration_84_cycle_monthly_order_223689&quot;" file="E:\coupony-backend\tests\Property\FailedPaymentRecordingPropertyTest.php" line="78" class="Tests\Property\FailedPaymentRecordingPropertyTest" classname="Tests.Property.FailedPaymentRecordingPropertyTest" assertions="4" time="0.042103"/>
          <testcase name="test_failed_payment_webhook_records_failure with data set &quot;iteration_85_cycle_yearly_order_585749&quot;" file="E:\coupony-backend\tests\Property\FailedPaymentRecordingPropertyTest.php" line="78" class="Tests\Property\FailedPaymentRecordingPropertyTest" classname="Tests.Property.FailedPaymentRecordingPropertyTest" assertions="4" time="0.038999"/>
          <testcase name="test_failed_payment_webhook_records_failure with data set &quot;iteration_86_cycle_yearly_order_881175&quot;" file="E:\coupony-backend\tests\Property\FailedPaymentRecordingPropertyTest.php" line="78" class="Tests\Property\FailedPaymentRecordingPropertyTest" classname="Tests.Property.FailedPaymentRecordingPropertyTest" assertions="4" time="0.040248"/>
          <testcase name="test_failed_payment_webhook_records_failure with data set &quot;iteration_87_cycle_yearly_order_969424&quot;" file="E:\coupony-backend\tests\Property\FailedPaymentRecordingPropertyTest.php" line="78" class="Tests\Property\FailedPaymentRecordingPropertyTest" classname="Tests.Property.FailedPaymentRecordingPropertyTest" assertions="4" time="0.037184"/>
          <testcase name="test_failed_payment_webhook_records_failure with data set &quot;iteration_88_cycle_yearly_order_412692&quot;" file="E:\coupony-backend\tests\Property\FailedPaymentRecordingPropertyTest.php" line="78" class="Tests\Property\FailedPaymentRecordingPropertyTest" classname="Tests.Property.FailedPaymentRecordingPropertyTest" assertions="4" time="0.038214"/>
          <testcase name="test_failed_payment_webhook_records_failure with data set &quot;iteration_89_cycle_yearly_order_736651&quot;" file="E:\coupony-backend\tests\Property\FailedPaymentRecordingPropertyTest.php" line="78" class="Tests\Property\FailedPaymentRecordingPropertyTest" classname="Tests.Property.FailedPaymentRecordingPropertyTest" assertions="4" time="0.041827"/>
          <testcase name="test_failed_payment_webhook_records_failure with data set &quot;iteration_90_cycle_yearly_order_929039&quot;" file="E:\coupony-backend\tests\Property\FailedPaymentRecordingPropertyTest.php" line="78" class="Tests\Property\FailedPaymentRecordingPropertyTest" classname="Tests.Property.FailedPaymentRecordingPropertyTest" assertions="4" time="0.039345"/>
          <testcase name="test_failed_payment_webhook_records_failure with data set &quot;iteration_91_cycle_monthly_order_151957&quot;" file="E:\coupony-backend\tests\Property\FailedPaymentRecordingPropertyTest.php" line="78" class="Tests\Property\FailedPaymentRecordingPropertyTest" classname="Tests.Property.FailedPaymentRecordingPropertyTest" assertions="4" time="0.105116"/>
          <testcase name="test_failed_payment_webhook_records_failure with data set &quot;iteration_92_cycle_yearly_order_957296&quot;" file="E:\coupony-backend\tests\Property\FailedPaymentRecordingPropertyTest.php" line="78" class="Tests\Property\FailedPaymentRecordingPropertyTest" classname="Tests.Property.FailedPaymentRecordingPropertyTest" assertions="4" time="0.040749"/>
          <testcase name="test_failed_payment_webhook_records_failure with data set &quot;iteration_93_cycle_yearly_order_508860&quot;" file="E:\coupony-backend\tests\Property\FailedPaymentRecordingPropertyTest.php" line="78" class="Tests\Property\FailedPaymentRecordingPropertyTest" classname="Tests.Property.FailedPaymentRecordingPropertyTest" assertions="4" time="0.039268"/>
          <testcase name="test_failed_payment_webhook_records_failure with data set &quot;iteration_94_cycle_yearly_order_918720&quot;" file="E:\coupony-backend\tests\Property\FailedPaymentRecordingPropertyTest.php" line="78" class="Tests\Property\FailedPaymentRecordingPropertyTest" classname="Tests.Property.FailedPaymentRecordingPropertyTest" assertions="4" time="0.038887"/>
          <testcase name="test_failed_payment_webhook_records_failure with data set &quot;iteration_95_cycle_yearly_order_159890&quot;" file="E:\coupony-backend\tests\Property\FailedPaymentRecordingPropertyTest.php" line="78" class="Tests\Property\FailedPaymentRecordingPropertyTest" classname="Tests.Property.FailedPaymentRecordingPropertyTest" assertions="4" time="0.040890"/>
          <testcase name="test_failed_payment_webhook_records_failure with data set &quot;iteration_96_cycle_yearly_order_803235&quot;" file="E:\coupony-backend\tests\Property\FailedPaymentRecordingPropertyTest.php" line="78" class="Tests\Property\FailedPaymentRecordingPropertyTest" classname="Tests.Property.FailedPaymentRecordingPropertyTest" assertions="4" time="0.037697"/>
          <testcase name="test_failed_payment_webhook_records_failure with data set &quot;iteration_97_cycle_monthly_order_227209&quot;" file="E:\coupony-backend\tests\Property\FailedPaymentRecordingPropertyTest.php" line="78" class="Tests\Property\FailedPaymentRecordingPropertyTest" classname="Tests.Property.FailedPaymentRecordingPropertyTest" assertions="4" time="0.038419"/>
          <testcase name="test_failed_payment_webhook_records_failure with data set &quot;iteration_98_cycle_yearly_order_325992&quot;" file="E:\coupony-backend\tests\Property\FailedPaymentRecordingPropertyTest.php" line="78" class="Tests\Property\FailedPaymentRecordingPropertyTest" classname="Tests.Property.FailedPaymentRecordingPropertyTest" assertions="4" time="0.041267"/>
          <testcase name="test_failed_payment_webhook_records_failure with data set &quot;iteration_99_cycle_yearly_order_855928&quot;" file="E:\coupony-backend\tests\Property\FailedPaymentRecordingPropertyTest.php" line="78" class="Tests\Property\FailedPaymentRecordingPropertyTest" classname="Tests.Property.FailedPaymentRecordingPropertyTest" assertions="4" time="0.039356"/>
        </testsuite>
      </testsuite>
      <testsuite name="Tests\Property\FeatureLockEnforcementPropertyTest" file="E:\coupony-backend\tests\Property\FeatureLockEnforcementPropertyTest.php" tests="105" assertions="315" errors="0" failures="0" skipped="0" time="4.718782">
        <testsuite name="Tests\Property\FeatureLockEnforcementPropertyTest::test_feature_not_in_plan_returns_403_feature_locked" tests="105" assertions="315" errors="0" failures="0" skipped="0" time="4.718782">
          <testcase name="test_feature_not_in_plan_returns_403_feature_locked with data set &quot;iteration_0_api_access_GET&quot;" file="E:\coupony-backend\tests\Property\FeatureLockEnforcementPropertyTest.php" line="87" class="Tests\Property\FeatureLockEnforcementPropertyTest" classname="Tests.Property.FeatureLockEnforcementPropertyTest" assertions="3" time="0.038032"/>
          <testcase name="test_feature_not_in_plan_returns_403_feature_locked with data set &quot;iteration_1_analytics_DELETE&quot;" file="E:\coupony-backend\tests\Property\FeatureLockEnforcementPropertyTest.php" line="87" class="Tests\Property\FeatureLockEnforcementPropertyTest" classname="Tests.Property.FeatureLockEnforcementPropertyTest" assertions="3" time="0.039139"/>
          <testcase name="test_feature_not_in_plan_returns_403_feature_locked with data set &quot;iteration_2_api_access_GET&quot;" file="E:\coupony-backend\tests\Property\FeatureLockEnforcementPropertyTest.php" line="87" class="Tests\Property\FeatureLockEnforcementPropertyTest" classname="Tests.Property.FeatureLockEnforcementPropertyTest" assertions="3" time="0.037699"/>
          <testcase name="test_feature_not_in_plan_returns_403_feature_locked with data set &quot;iteration_3_priority_support_DELETE&quot;" file="E:\coupony-backend\tests\Property\FeatureLockEnforcementPropertyTest.php" line="87" class="Tests\Property\FeatureLockEnforcementPropertyTest" classname="Tests.Property.FeatureLockEnforcementPropertyTest" assertions="3" time="0.038061"/>
          <testcase name="test_feature_not_in_plan_returns_403_feature_locked with data set &quot;iteration_4_advanced_reports_DELETE&quot;" file="E:\coupony-backend\tests\Property\FeatureLockEnforcementPropertyTest.php" line="87" class="Tests\Property\FeatureLockEnforcementPropertyTest" classname="Tests.Property.FeatureLockEnforcementPropertyTest" assertions="3" time="0.042144"/>
          <testcase name="test_feature_not_in_plan_returns_403_feature_locked with data set &quot;iteration_5_bulk_import_GET&quot;" file="E:\coupony-backend\tests\Property\FeatureLockEnforcementPropertyTest.php" line="87" class="Tests\Property\FeatureLockEnforcementPropertyTest" classname="Tests.Property.FeatureLockEnforcementPropertyTest" assertions="3" time="0.038690"/>
          <testcase name="test_feature_not_in_plan_returns_403_feature_locked with data set &quot;iteration_6_advanced_reports_POST&quot;" file="E:\coupony-backend\tests\Property\FeatureLockEnforcementPropertyTest.php" line="87" class="Tests\Property\FeatureLockEnforcementPropertyTest" classname="Tests.Property.FeatureLockEnforcementPropertyTest" assertions="3" time="0.037338"/>
          <testcase name="test_feature_not_in_plan_returns_403_feature_locked with data set &quot;iteration_7_priority_support_GET&quot;" file="E:\coupony-backend\tests\Property\FeatureLockEnforcementPropertyTest.php" line="87" class="Tests\Property\FeatureLockEnforcementPropertyTest" classname="Tests.Property.FeatureLockEnforcementPropertyTest" assertions="3" time="0.039605"/>
          <testcase name="test_feature_not_in_plan_returns_403_feature_locked with data set &quot;iteration_8_advanced_reports_GET&quot;" file="E:\coupony-backend\tests\Property\FeatureLockEnforcementPropertyTest.php" line="87" class="Tests\Property\FeatureLockEnforcementPropertyTest" classname="Tests.Property.FeatureLockEnforcementPropertyTest" assertions="3" time="0.089290"/>
          <testcase name="test_feature_not_in_plan_returns_403_feature_locked with data set &quot;iteration_9_ai_assistant_PUT&quot;" file="E:\coupony-backend\tests\Property\FeatureLockEnforcementPropertyTest.php" line="87" class="Tests\Property\FeatureLockEnforcementPropertyTest" classname="Tests.Property.FeatureLockEnforcementPropertyTest" assertions="3" time="0.038010"/>
          <testcase name="test_feature_not_in_plan_returns_403_feature_locked with data set &quot;iteration_10_bulk_import_POST&quot;" file="E:\coupony-backend\tests\Property\FeatureLockEnforcementPropertyTest.php" line="87" class="Tests\Property\FeatureLockEnforcementPropertyTest" classname="Tests.Property.FeatureLockEnforcementPropertyTest" assertions="3" time="0.040702"/>
          <testcase name="test_feature_not_in_plan_returns_403_feature_locked with data set &quot;iteration_11_custom_branding_DELETE&quot;" file="E:\coupony-backend\tests\Property\FeatureLockEnforcementPropertyTest.php" line="87" class="Tests\Property\FeatureLockEnforcementPropertyTest" classname="Tests.Property.FeatureLockEnforcementPropertyTest" assertions="3" time="0.037408"/>
          <testcase name="test_feature_not_in_plan_returns_403_feature_locked with data set &quot;iteration_12_priority_support_POST&quot;" file="E:\coupony-backend\tests\Property\FeatureLockEnforcementPropertyTest.php" line="87" class="Tests\Property\FeatureLockEnforcementPropertyTest" classname="Tests.Property.FeatureLockEnforcementPropertyTest" assertions="3" time="0.036700"/>
          <testcase name="test_feature_not_in_plan_returns_403_feature_locked with data set &quot;iteration_13_advanced_reports_GET&quot;" file="E:\coupony-backend\tests\Property\FeatureLockEnforcementPropertyTest.php" line="87" class="Tests\Property\FeatureLockEnforcementPropertyTest" classname="Tests.Property.FeatureLockEnforcementPropertyTest" assertions="3" time="0.038333"/>
          <testcase name="test_feature_not_in_plan_returns_403_feature_locked with data set &quot;iteration_14_ai_assistant_POST&quot;" file="E:\coupony-backend\tests\Property\FeatureLockEnforcementPropertyTest.php" line="87" class="Tests\Property\FeatureLockEnforcementPropertyTest" classname="Tests.Property.FeatureLockEnforcementPropertyTest" assertions="3" time="0.037456"/>
          <testcase name="test_feature_not_in_plan_returns_403_feature_locked with data set &quot;iteration_15_api_access_POST&quot;" file="E:\coupony-backend\tests\Property\FeatureLockEnforcementPropertyTest.php" line="87" class="Tests\Property\FeatureLockEnforcementPropertyTest" classname="Tests.Property.FeatureLockEnforcementPropertyTest" assertions="3" time="0.038766"/>
          <testcase name="test_feature_not_in_plan_returns_403_feature_locked with data set &quot;iteration_16_analytics_POST&quot;" file="E:\coupony-backend\tests\Property\FeatureLockEnforcementPropertyTest.php" line="87" class="Tests\Property\FeatureLockEnforcementPropertyTest" classname="Tests.Property.FeatureLockEnforcementPropertyTest" assertions="3" time="0.038622"/>
          <testcase name="test_feature_not_in_plan_returns_403_feature_locked with data set &quot;iteration_17_analytics_POST&quot;" file="E:\coupony-backend\tests\Property\FeatureLockEnforcementPropertyTest.php" line="87" class="Tests\Property\FeatureLockEnforcementPropertyTest" classname="Tests.Property.FeatureLockEnforcementPropertyTest" assertions="3" time="0.037071"/>
          <testcase name="test_feature_not_in_plan_returns_403_feature_locked with data set &quot;iteration_18_advanced_reports_GET&quot;" file="E:\coupony-backend\tests\Property\FeatureLockEnforcementPropertyTest.php" line="87" class="Tests\Property\FeatureLockEnforcementPropertyTest" classname="Tests.Property.FeatureLockEnforcementPropertyTest" assertions="3" time="0.092151"/>
          <testcase name="test_feature_not_in_plan_returns_403_feature_locked with data set &quot;iteration_19_analytics_GET&quot;" file="E:\coupony-backend\tests\Property\FeatureLockEnforcementPropertyTest.php" line="87" class="Tests\Property\FeatureLockEnforcementPropertyTest" classname="Tests.Property.FeatureLockEnforcementPropertyTest" assertions="3" time="0.038830"/>
          <testcase name="test_feature_not_in_plan_returns_403_feature_locked with data set &quot;iteration_20_ai_assistant_DELETE&quot;" file="E:\coupony-backend\tests\Property\FeatureLockEnforcementPropertyTest.php" line="87" class="Tests\Property\FeatureLockEnforcementPropertyTest" classname="Tests.Property.FeatureLockEnforcementPropertyTest" assertions="3" time="0.044217"/>
          <testcase name="test_feature_not_in_plan_returns_403_feature_locked with data set &quot;iteration_21_bulk_import_PUT&quot;" file="E:\coupony-backend\tests\Property\FeatureLockEnforcementPropertyTest.php" line="87" class="Tests\Property\FeatureLockEnforcementPropertyTest" classname="Tests.Property.FeatureLockEnforcementPropertyTest" assertions="3" time="0.039996"/>
          <testcase name="test_feature_not_in_plan_returns_403_feature_locked with data set &quot;iteration_22_priority_support_DELETE&quot;" file="E:\coupony-backend\tests\Property\FeatureLockEnforcementPropertyTest.php" line="87" class="Tests\Property\FeatureLockEnforcementPropertyTest" classname="Tests.Property.FeatureLockEnforcementPropertyTest" assertions="3" time="0.040341"/>
          <testcase name="test_feature_not_in_plan_returns_403_feature_locked with data set &quot;iteration_23_bulk_import_GET&quot;" file="E:\coupony-backend\tests\Property\FeatureLockEnforcementPropertyTest.php" line="87" class="Tests\Property\FeatureLockEnforcementPropertyTest" classname="Tests.Property.FeatureLockEnforcementPropertyTest" assertions="3" time="0.043853"/>
          <testcase name="test_feature_not_in_plan_returns_403_feature_locked with data set &quot;iteration_24_bulk_import_GET&quot;" file="E:\coupony-backend\tests\Property\FeatureLockEnforcementPropertyTest.php" line="87" class="Tests\Property\FeatureLockEnforcementPropertyTest" classname="Tests.Property.FeatureLockEnforcementPropertyTest" assertions="3" time="0.040505"/>
          <testcase name="test_feature_not_in_plan_returns_403_feature_locked with data set &quot;iteration_25_analytics_POST&quot;" file="E:\coupony-backend\tests\Property\FeatureLockEnforcementPropertyTest.php" line="87" class="Tests\Property\FeatureLockEnforcementPropertyTest" classname="Tests.Property.FeatureLockEnforcementPropertyTest" assertions="3" time="0.040667"/>
          <testcase name="test_feature_not_in_plan_returns_403_feature_locked with data set &quot;iteration_26_priority_support_POST&quot;" file="E:\coupony-backend\tests\Property\FeatureLockEnforcementPropertyTest.php" line="87" class="Tests\Property\FeatureLockEnforcementPropertyTest" classname="Tests.Property.FeatureLockEnforcementPropertyTest" assertions="3" time="0.036642"/>
          <testcase name="test_feature_not_in_plan_returns_403_feature_locked with data set &quot;iteration_27_bulk_import_PUT&quot;" file="E:\coupony-backend\tests\Property\FeatureLockEnforcementPropertyTest.php" line="87" class="Tests\Property\FeatureLockEnforcementPropertyTest" classname="Tests.Property.FeatureLockEnforcementPropertyTest" assertions="3" time="0.091103"/>
          <testcase name="test_feature_not_in_plan_returns_403_feature_locked with data set &quot;iteration_28_ai_assistant_GET&quot;" file="E:\coupony-backend\tests\Property\FeatureLockEnforcementPropertyTest.php" line="87" class="Tests\Property\FeatureLockEnforcementPropertyTest" classname="Tests.Property.FeatureLockEnforcementPropertyTest" assertions="3" time="0.039741"/>
          <testcase name="test_feature_not_in_plan_returns_403_feature_locked with data set &quot;iteration_29_bulk_import_GET&quot;" file="E:\coupony-backend\tests\Property\FeatureLockEnforcementPropertyTest.php" line="87" class="Tests\Property\FeatureLockEnforcementPropertyTest" classname="Tests.Property.FeatureLockEnforcementPropertyTest" assertions="3" time="0.038211"/>
          <testcase name="test_feature_not_in_plan_returns_403_feature_locked with data set &quot;iteration_30_api_access_PUT&quot;" file="E:\coupony-backend\tests\Property\FeatureLockEnforcementPropertyTest.php" line="87" class="Tests\Property\FeatureLockEnforcementPropertyTest" classname="Tests.Property.FeatureLockEnforcementPropertyTest" assertions="3" time="0.038368"/>
          <testcase name="test_feature_not_in_plan_returns_403_feature_locked with data set &quot;iteration_31_ai_assistant_PUT&quot;" file="E:\coupony-backend\tests\Property\FeatureLockEnforcementPropertyTest.php" line="87" class="Tests\Property\FeatureLockEnforcementPropertyTest" classname="Tests.Property.FeatureLockEnforcementPropertyTest" assertions="3" time="0.038935"/>
          <testcase name="test_feature_not_in_plan_returns_403_feature_locked with data set &quot;iteration_32_analytics_DELETE&quot;" file="E:\coupony-backend\tests\Property\FeatureLockEnforcementPropertyTest.php" line="87" class="Tests\Property\FeatureLockEnforcementPropertyTest" classname="Tests.Property.FeatureLockEnforcementPropertyTest" assertions="3" time="0.038918"/>
          <testcase name="test_feature_not_in_plan_returns_403_feature_locked with data set &quot;iteration_33_custom_branding_POST&quot;" file="E:\coupony-backend\tests\Property\FeatureLockEnforcementPropertyTest.php" line="87" class="Tests\Property\FeatureLockEnforcementPropertyTest" classname="Tests.Property.FeatureLockEnforcementPropertyTest" assertions="3" time="0.036938"/>
          <testcase name="test_feature_not_in_plan_returns_403_feature_locked with data set &quot;iteration_34_custom_branding_PUT&quot;" file="E:\coupony-backend\tests\Property\FeatureLockEnforcementPropertyTest.php" line="87" class="Tests\Property\FeatureLockEnforcementPropertyTest" classname="Tests.Property.FeatureLockEnforcementPropertyTest" assertions="3" time="0.037521"/>
          <testcase name="test_feature_not_in_plan_returns_403_feature_locked with data set &quot;iteration_35_priority_support_POST&quot;" file="E:\coupony-backend\tests\Property\FeatureLockEnforcementPropertyTest.php" line="87" class="Tests\Property\FeatureLockEnforcementPropertyTest" classname="Tests.Property.FeatureLockEnforcementPropertyTest" assertions="3" time="0.036820"/>
          <testcase name="test_feature_not_in_plan_returns_403_feature_locked with data set &quot;iteration_36_custom_branding_PUT&quot;" file="E:\coupony-backend\tests\Property\FeatureLockEnforcementPropertyTest.php" line="87" class="Tests\Property\FeatureLockEnforcementPropertyTest" classname="Tests.Property.FeatureLockEnforcementPropertyTest" assertions="3" time="0.037583"/>
          <testcase name="test_feature_not_in_plan_returns_403_feature_locked with data set &quot;iteration_37_advanced_reports_DELETE&quot;" file="E:\coupony-backend\tests\Property\FeatureLockEnforcementPropertyTest.php" line="87" class="Tests\Property\FeatureLockEnforcementPropertyTest" classname="Tests.Property.FeatureLockEnforcementPropertyTest" assertions="3" time="0.105482"/>
          <testcase name="test_feature_not_in_plan_returns_403_feature_locked with data set &quot;iteration_38_priority_support_PUT&quot;" file="E:\coupony-backend\tests\Property\FeatureLockEnforcementPropertyTest.php" line="87" class="Tests\Property\FeatureLockEnforcementPropertyTest" classname="Tests.Property.FeatureLockEnforcementPropertyTest" assertions="3" time="0.036837"/>
          <testcase name="test_feature_not_in_plan_returns_403_feature_locked with data set &quot;iteration_39_custom_branding_POST&quot;" file="E:\coupony-backend\tests\Property\FeatureLockEnforcementPropertyTest.php" line="87" class="Tests\Property\FeatureLockEnforcementPropertyTest" classname="Tests.Property.FeatureLockEnforcementPropertyTest" assertions="3" time="0.045210"/>
          <testcase name="test_feature_not_in_plan_returns_403_feature_locked with data set &quot;iteration_40_api_access_DELETE&quot;" file="E:\coupony-backend\tests\Property\FeatureLockEnforcementPropertyTest.php" line="87" class="Tests\Property\FeatureLockEnforcementPropertyTest" classname="Tests.Property.FeatureLockEnforcementPropertyTest" assertions="3" time="0.038857"/>
          <testcase name="test_feature_not_in_plan_returns_403_feature_locked with data set &quot;iteration_41_analytics_PUT&quot;" file="E:\coupony-backend\tests\Property\FeatureLockEnforcementPropertyTest.php" line="87" class="Tests\Property\FeatureLockEnforcementPropertyTest" classname="Tests.Property.FeatureLockEnforcementPropertyTest" assertions="3" time="0.037145"/>
          <testcase name="test_feature_not_in_plan_returns_403_feature_locked with data set &quot;iteration_42_bulk_import_POST&quot;" file="E:\coupony-backend\tests\Property\FeatureLockEnforcementPropertyTest.php" line="87" class="Tests\Property\FeatureLockEnforcementPropertyTest" classname="Tests.Property.FeatureLockEnforcementPropertyTest" assertions="3" time="0.042239"/>
          <testcase name="test_feature_not_in_plan_returns_403_feature_locked with data set &quot;iteration_43_custom_branding_GET&quot;" file="E:\coupony-backend\tests\Property\FeatureLockEnforcementPropertyTest.php" line="87" class="Tests\Property\FeatureLockEnforcementPropertyTest" classname="Tests.Property.FeatureLockEnforcementPropertyTest" assertions="3" time="0.038466"/>
          <testcase name="test_feature_not_in_plan_returns_403_feature_locked with data set &quot;iteration_44_analytics_POST&quot;" file="E:\coupony-backend\tests\Property\FeatureLockEnforcementPropertyTest.php" line="87" class="Tests\Property\FeatureLockEnforcementPropertyTest" classname="Tests.Property.FeatureLockEnforcementPropertyTest" assertions="3" time="0.039031"/>
          <testcase name="test_feature_not_in_plan_returns_403_feature_locked with data set &quot;iteration_45_bulk_import_DELETE&quot;" file="E:\coupony-backend\tests\Property\FeatureLockEnforcementPropertyTest.php" line="87" class="Tests\Property\FeatureLockEnforcementPropertyTest" classname="Tests.Property.FeatureLockEnforcementPropertyTest" assertions="3" time="0.040514"/>
          <testcase name="test_feature_not_in_plan_returns_403_feature_locked with data set &quot;iteration_46_advanced_reports_GET&quot;" file="E:\coupony-backend\tests\Property\FeatureLockEnforcementPropertyTest.php" line="87" class="Tests\Property\FeatureLockEnforcementPropertyTest" classname="Tests.Property.FeatureLockEnforcementPropertyTest" assertions="3" time="0.089993"/>
          <testcase name="test_feature_not_in_plan_returns_403_feature_locked with data set &quot;iteration_47_priority_support_PUT&quot;" file="E:\coupony-backend\tests\Property\FeatureLockEnforcementPropertyTest.php" line="87" class="Tests\Property\FeatureLockEnforcementPropertyTest" classname="Tests.Property.FeatureLockEnforcementPropertyTest" assertions="3" time="0.038352"/>
          <testcase name="test_feature_not_in_plan_returns_403_feature_locked with data set &quot;iteration_48_ai_assistant_PUT&quot;" file="E:\coupony-backend\tests\Property\FeatureLockEnforcementPropertyTest.php" line="87" class="Tests\Property\FeatureLockEnforcementPropertyTest" classname="Tests.Property.FeatureLockEnforcementPropertyTest" assertions="3" time="0.039217"/>
          <testcase name="test_feature_not_in_plan_returns_403_feature_locked with data set &quot;iteration_49_api_access_POST&quot;" file="E:\coupony-backend\tests\Property\FeatureLockEnforcementPropertyTest.php" line="87" class="Tests\Property\FeatureLockEnforcementPropertyTest" classname="Tests.Property.FeatureLockEnforcementPropertyTest" assertions="3" time="0.038640"/>
          <testcase name="test_feature_not_in_plan_returns_403_feature_locked with data set &quot;iteration_50_ai_assistant_POST&quot;" file="E:\coupony-backend\tests\Property\FeatureLockEnforcementPropertyTest.php" line="87" class="Tests\Property\FeatureLockEnforcementPropertyTest" classname="Tests.Property.FeatureLockEnforcementPropertyTest" assertions="3" time="0.037147"/>
          <testcase name="test_feature_not_in_plan_returns_403_feature_locked with data set &quot;iteration_51_ai_assistant_DELETE&quot;" file="E:\coupony-backend\tests\Property\FeatureLockEnforcementPropertyTest.php" line="87" class="Tests\Property\FeatureLockEnforcementPropertyTest" classname="Tests.Property.FeatureLockEnforcementPropertyTest" assertions="3" time="0.039997"/>
          <testcase name="test_feature_not_in_plan_returns_403_feature_locked with data set &quot;iteration_52_custom_branding_POST&quot;" file="E:\coupony-backend\tests\Property\FeatureLockEnforcementPropertyTest.php" line="87" class="Tests\Property\FeatureLockEnforcementPropertyTest" classname="Tests.Property.FeatureLockEnforcementPropertyTest" assertions="3" time="0.035983"/>
          <testcase name="test_feature_not_in_plan_returns_403_feature_locked with data set &quot;iteration_53_bulk_import_PUT&quot;" file="E:\coupony-backend\tests\Property\FeatureLockEnforcementPropertyTest.php" line="87" class="Tests\Property\FeatureLockEnforcementPropertyTest" classname="Tests.Property.FeatureLockEnforcementPropertyTest" assertions="3" time="0.037520"/>
          <testcase name="test_feature_not_in_plan_returns_403_feature_locked with data set &quot;iteration_54_bulk_import_POST&quot;" file="E:\coupony-backend\tests\Property\FeatureLockEnforcementPropertyTest.php" line="87" class="Tests\Property\FeatureLockEnforcementPropertyTest" classname="Tests.Property.FeatureLockEnforcementPropertyTest" assertions="3" time="0.037206"/>
          <testcase name="test_feature_not_in_plan_returns_403_feature_locked with data set &quot;iteration_55_api_access_DELETE&quot;" file="E:\coupony-backend\tests\Property\FeatureLockEnforcementPropertyTest.php" line="87" class="Tests\Property\FeatureLockEnforcementPropertyTest" classname="Tests.Property.FeatureLockEnforcementPropertyTest" assertions="3" time="0.036128"/>
          <testcase name="test_feature_not_in_plan_returns_403_feature_locked with data set &quot;iteration_56_analytics_GET&quot;" file="E:\coupony-backend\tests\Property\FeatureLockEnforcementPropertyTest.php" line="87" class="Tests\Property\FeatureLockEnforcementPropertyTest" classname="Tests.Property.FeatureLockEnforcementPropertyTest" assertions="3" time="0.106398"/>
          <testcase name="test_feature_not_in_plan_returns_403_feature_locked with data set &quot;iteration_57_analytics_POST&quot;" file="E:\coupony-backend\tests\Property\FeatureLockEnforcementPropertyTest.php" line="87" class="Tests\Property\FeatureLockEnforcementPropertyTest" classname="Tests.Property.FeatureLockEnforcementPropertyTest" assertions="3" time="0.037406"/>
          <testcase name="test_feature_not_in_plan_returns_403_feature_locked with data set &quot;iteration_58_ai_assistant_GET&quot;" file="E:\coupony-backend\tests\Property\FeatureLockEnforcementPropertyTest.php" line="87" class="Tests\Property\FeatureLockEnforcementPropertyTest" classname="Tests.Property.FeatureLockEnforcementPropertyTest" assertions="3" time="0.038196"/>
          <testcase name="test_feature_not_in_plan_returns_403_feature_locked with data set &quot;iteration_59_custom_branding_POST&quot;" file="E:\coupony-backend\tests\Property\FeatureLockEnforcementPropertyTest.php" line="87" class="Tests\Property\FeatureLockEnforcementPropertyTest" classname="Tests.Property.FeatureLockEnforcementPropertyTest" assertions="3" time="0.037567"/>
          <testcase name="test_feature_not_in_plan_returns_403_feature_locked with data set &quot;iteration_60_ai_assistant_PUT&quot;" file="E:\coupony-backend\tests\Property\FeatureLockEnforcementPropertyTest.php" line="87" class="Tests\Property\FeatureLockEnforcementPropertyTest" classname="Tests.Property.FeatureLockEnforcementPropertyTest" assertions="3" time="0.040592"/>
          <testcase name="test_feature_not_in_plan_returns_403_feature_locked with data set &quot;iteration_61_custom_branding_DELETE&quot;" file="E:\coupony-backend\tests\Property\FeatureLockEnforcementPropertyTest.php" line="87" class="Tests\Property\FeatureLockEnforcementPropertyTest" classname="Tests.Property.FeatureLockEnforcementPropertyTest" assertions="3" time="0.038930"/>
          <testcase name="test_feature_not_in_plan_returns_403_feature_locked with data set &quot;iteration_62_custom_branding_POST&quot;" file="E:\coupony-backend\tests\Property\FeatureLockEnforcementPropertyTest.php" line="87" class="Tests\Property\FeatureLockEnforcementPropertyTest" classname="Tests.Property.FeatureLockEnforcementPropertyTest" assertions="3" time="0.040047"/>
          <testcase name="test_feature_not_in_plan_returns_403_feature_locked with data set &quot;iteration_63_custom_branding_DELETE&quot;" file="E:\coupony-backend\tests\Property\FeatureLockEnforcementPropertyTest.php" line="87" class="Tests\Property\FeatureLockEnforcementPropertyTest" classname="Tests.Property.FeatureLockEnforcementPropertyTest" assertions="3" time="0.038833"/>
          <testcase name="test_feature_not_in_plan_returns_403_feature_locked with data set &quot;iteration_64_ai_assistant_GET&quot;" file="E:\coupony-backend\tests\Property\FeatureLockEnforcementPropertyTest.php" line="87" class="Tests\Property\FeatureLockEnforcementPropertyTest" classname="Tests.Property.FeatureLockEnforcementPropertyTest" assertions="3" time="0.037430"/>
          <testcase name="test_feature_not_in_plan_returns_403_feature_locked with data set &quot;iteration_65_bulk_import_PUT&quot;" file="E:\coupony-backend\tests\Property\FeatureLockEnforcementPropertyTest.php" line="87" class="Tests\Property\FeatureLockEnforcementPropertyTest" classname="Tests.Property.FeatureLockEnforcementPropertyTest" assertions="3" time="0.092395"/>
          <testcase name="test_feature_not_in_plan_returns_403_feature_locked with data set &quot;iteration_66_api_access_POST&quot;" file="E:\coupony-backend\tests\Property\FeatureLockEnforcementPropertyTest.php" line="87" class="Tests\Property\FeatureLockEnforcementPropertyTest" classname="Tests.Property.FeatureLockEnforcementPropertyTest" assertions="3" time="0.037175"/>
          <testcase name="test_feature_not_in_plan_returns_403_feature_locked with data set &quot;iteration_67_analytics_POST&quot;" file="E:\coupony-backend\tests\Property\FeatureLockEnforcementPropertyTest.php" line="87" class="Tests\Property\FeatureLockEnforcementPropertyTest" classname="Tests.Property.FeatureLockEnforcementPropertyTest" assertions="3" time="0.037839"/>
          <testcase name="test_feature_not_in_plan_returns_403_feature_locked with data set &quot;iteration_68_ai_assistant_GET&quot;" file="E:\coupony-backend\tests\Property\FeatureLockEnforcementPropertyTest.php" line="87" class="Tests\Property\FeatureLockEnforcementPropertyTest" classname="Tests.Property.FeatureLockEnforcementPropertyTest" assertions="3" time="0.038465"/>
          <testcase name="test_feature_not_in_plan_returns_403_feature_locked with data set &quot;iteration_69_analytics_POST&quot;" file="E:\coupony-backend\tests\Property\FeatureLockEnforcementPropertyTest.php" line="87" class="Tests\Property\FeatureLockEnforcementPropertyTest" classname="Tests.Property.FeatureLockEnforcementPropertyTest" assertions="3" time="0.037601"/>
          <testcase name="test_feature_not_in_plan_returns_403_feature_locked with data set &quot;iteration_70_custom_branding_POST&quot;" file="E:\coupony-backend\tests\Property\FeatureLockEnforcementPropertyTest.php" line="87" class="Tests\Property\FeatureLockEnforcementPropertyTest" classname="Tests.Property.FeatureLockEnforcementPropertyTest" assertions="3" time="0.040050"/>
          <testcase name="test_feature_not_in_plan_returns_403_feature_locked with data set &quot;iteration_71_api_access_POST&quot;" file="E:\coupony-backend\tests\Property\FeatureLockEnforcementPropertyTest.php" line="87" class="Tests\Property\FeatureLockEnforcementPropertyTest" classname="Tests.Property.FeatureLockEnforcementPropertyTest" assertions="3" time="0.040484"/>
          <testcase name="test_feature_not_in_plan_returns_403_feature_locked with data set &quot;iteration_72_ai_assistant_GET&quot;" file="E:\coupony-backend\tests\Property\FeatureLockEnforcementPropertyTest.php" line="87" class="Tests\Property\FeatureLockEnforcementPropertyTest" classname="Tests.Property.FeatureLockEnforcementPropertyTest" assertions="3" time="0.038837"/>
          <testcase name="test_feature_not_in_plan_returns_403_feature_locked with data set &quot;iteration_73_bulk_import_PUT&quot;" file="E:\coupony-backend\tests\Property\FeatureLockEnforcementPropertyTest.php" line="87" class="Tests\Property\FeatureLockEnforcementPropertyTest" classname="Tests.Property.FeatureLockEnforcementPropertyTest" assertions="3" time="0.038548"/>
          <testcase name="test_feature_not_in_plan_returns_403_feature_locked with data set &quot;iteration_74_advanced_reports_PUT&quot;" file="E:\coupony-backend\tests\Property\FeatureLockEnforcementPropertyTest.php" line="87" class="Tests\Property\FeatureLockEnforcementPropertyTest" classname="Tests.Property.FeatureLockEnforcementPropertyTest" assertions="3" time="0.039182"/>
          <testcase name="test_feature_not_in_plan_returns_403_feature_locked with data set &quot;iteration_75_advanced_reports_DELETE&quot;" file="E:\coupony-backend\tests\Property\FeatureLockEnforcementPropertyTest.php" line="87" class="Tests\Property\FeatureLockEnforcementPropertyTest" classname="Tests.Property.FeatureLockEnforcementPropertyTest" assertions="3" time="0.108794"/>
          <testcase name="test_feature_not_in_plan_returns_403_feature_locked with data set &quot;iteration_76_custom_branding_POST&quot;" file="E:\coupony-backend\tests\Property\FeatureLockEnforcementPropertyTest.php" line="87" class="Tests\Property\FeatureLockEnforcementPropertyTest" classname="Tests.Property.FeatureLockEnforcementPropertyTest" assertions="3" time="0.037790"/>
          <testcase name="test_feature_not_in_plan_returns_403_feature_locked with data set &quot;iteration_77_ai_assistant_POST&quot;" file="E:\coupony-backend\tests\Property\FeatureLockEnforcementPropertyTest.php" line="87" class="Tests\Property\FeatureLockEnforcementPropertyTest" classname="Tests.Property.FeatureLockEnforcementPropertyTest" assertions="3" time="0.038828"/>
          <testcase name="test_feature_not_in_plan_returns_403_feature_locked with data set &quot;iteration_78_custom_branding_POST&quot;" file="E:\coupony-backend\tests\Property\FeatureLockEnforcementPropertyTest.php" line="87" class="Tests\Property\FeatureLockEnforcementPropertyTest" classname="Tests.Property.FeatureLockEnforcementPropertyTest" assertions="3" time="0.039850"/>
          <testcase name="test_feature_not_in_plan_returns_403_feature_locked with data set &quot;iteration_79_analytics_POST&quot;" file="E:\coupony-backend\tests\Property\FeatureLockEnforcementPropertyTest.php" line="87" class="Tests\Property\FeatureLockEnforcementPropertyTest" classname="Tests.Property.FeatureLockEnforcementPropertyTest" assertions="3" time="0.039096"/>
          <testcase name="test_feature_not_in_plan_returns_403_feature_locked with data set &quot;iteration_80_api_access_POST&quot;" file="E:\coupony-backend\tests\Property\FeatureLockEnforcementPropertyTest.php" line="87" class="Tests\Property\FeatureLockEnforcementPropertyTest" classname="Tests.Property.FeatureLockEnforcementPropertyTest" assertions="3" time="0.042392"/>
          <testcase name="test_feature_not_in_plan_returns_403_feature_locked with data set &quot;iteration_81_api_access_DELETE&quot;" file="E:\coupony-backend\tests\Property\FeatureLockEnforcementPropertyTest.php" line="87" class="Tests\Property\FeatureLockEnforcementPropertyTest" classname="Tests.Property.FeatureLockEnforcementPropertyTest" assertions="3" time="0.038392"/>
          <testcase name="test_feature_not_in_plan_returns_403_feature_locked with data set &quot;iteration_82_advanced_reports_GET&quot;" file="E:\coupony-backend\tests\Property\FeatureLockEnforcementPropertyTest.php" line="87" class="Tests\Property\FeatureLockEnforcementPropertyTest" classname="Tests.Property.FeatureLockEnforcementPropertyTest" assertions="3" time="0.039025"/>
          <testcase name="test_feature_not_in_plan_returns_403_feature_locked with data set &quot;iteration_83_priority_support_PUT&quot;" file="E:\coupony-backend\tests\Property\FeatureLockEnforcementPropertyTest.php" line="87" class="Tests\Property\FeatureLockEnforcementPropertyTest" classname="Tests.Property.FeatureLockEnforcementPropertyTest" assertions="3" time="0.040555"/>
          <testcase name="test_feature_not_in_plan_returns_403_feature_locked with data set &quot;iteration_84_analytics_GET&quot;" file="E:\coupony-backend\tests\Property\FeatureLockEnforcementPropertyTest.php" line="87" class="Tests\Property\FeatureLockEnforcementPropertyTest" classname="Tests.Property.FeatureLockEnforcementPropertyTest" assertions="3" time="0.093064"/>
          <testcase name="test_feature_not_in_plan_returns_403_feature_locked with data set &quot;iteration_85_ai_assistant_PUT&quot;" file="E:\coupony-backend\tests\Property\FeatureLockEnforcementPropertyTest.php" line="87" class="Tests\Property\FeatureLockEnforcementPropertyTest" classname="Tests.Property.FeatureLockEnforcementPropertyTest" assertions="3" time="0.038148"/>
          <testcase name="test_feature_not_in_plan_returns_403_feature_locked with data set &quot;iteration_86_priority_support_POST&quot;" file="E:\coupony-backend\tests\Property\FeatureLockEnforcementPropertyTest.php" line="87" class="Tests\Property\FeatureLockEnforcementPropertyTest" classname="Tests.Property.FeatureLockEnforcementPropertyTest" assertions="3" time="0.040559"/>
          <testcase name="test_feature_not_in_plan_returns_403_feature_locked with data set &quot;iteration_87_ai_assistant_GET&quot;" file="E:\coupony-backend\tests\Property\FeatureLockEnforcementPropertyTest.php" line="87" class="Tests\Property\FeatureLockEnforcementPropertyTest" classname="Tests.Property.FeatureLockEnforcementPropertyTest" assertions="3" time="0.037628"/>
          <testcase name="test_feature_not_in_plan_returns_403_feature_locked with data set &quot;iteration_88_advanced_reports_DELETE&quot;" file="E:\coupony-backend\tests\Property\FeatureLockEnforcementPropertyTest.php" line="87" class="Tests\Property\FeatureLockEnforcementPropertyTest" classname="Tests.Property.FeatureLockEnforcementPropertyTest" assertions="3" time="0.039109"/>
          <testcase name="test_feature_not_in_plan_returns_403_feature_locked with data set &quot;iteration_89_api_access_POST&quot;" file="E:\coupony-backend\tests\Property\FeatureLockEnforcementPropertyTest.php" line="87" class="Tests\Property\FeatureLockEnforcementPropertyTest" classname="Tests.Property.FeatureLockEnforcementPropertyTest" assertions="3" time="0.039651"/>
          <testcase name="test_feature_not_in_plan_returns_403_feature_locked with data set &quot;iteration_90_priority_support_POST&quot;" file="E:\coupony-backend\tests\Property\FeatureLockEnforcementPropertyTest.php" line="87" class="Tests\Property\FeatureLockEnforcementPropertyTest" classname="Tests.Property.FeatureLockEnforcementPropertyTest" assertions="3" time="0.041214"/>
          <testcase name="test_feature_not_in_plan_returns_403_feature_locked with data set &quot;iteration_91_analytics_POST&quot;" file="E:\coupony-backend\tests\Property\FeatureLockEnforcementPropertyTest.php" line="87" class="Tests\Property\FeatureLockEnforcementPropertyTest" classname="Tests.Property.FeatureLockEnforcementPropertyTest" assertions="3" time="0.039350"/>
          <testcase name="test_feature_not_in_plan_returns_403_feature_locked with data set &quot;iteration_92_api_access_PUT&quot;" file="E:\coupony-backend\tests\Property\FeatureLockEnforcementPropertyTest.php" line="87" class="Tests\Property\FeatureLockEnforcementPropertyTest" classname="Tests.Property.FeatureLockEnforcementPropertyTest" assertions="3" time="0.037469"/>
          <testcase name="test_feature_not_in_plan_returns_403_feature_locked with data set &quot;iteration_93_analytics_PUT&quot;" file="E:\coupony-backend\tests\Property\FeatureLockEnforcementPropertyTest.php" line="87" class="Tests\Property\FeatureLockEnforcementPropertyTest" classname="Tests.Property.FeatureLockEnforcementPropertyTest" assertions="3" time="0.037441"/>
          <testcase name="test_feature_not_in_plan_returns_403_feature_locked with data set &quot;iteration_94_bulk_import_POST&quot;" file="E:\coupony-backend\tests\Property\FeatureLockEnforcementPropertyTest.php" line="87" class="Tests\Property\FeatureLockEnforcementPropertyTest" classname="Tests.Property.FeatureLockEnforcementPropertyTest" assertions="3" time="0.104149"/>
          <testcase name="test_feature_not_in_plan_returns_403_feature_locked with data set &quot;iteration_95_custom_branding_GET&quot;" file="E:\coupony-backend\tests\Property\FeatureLockEnforcementPropertyTest.php" line="87" class="Tests\Property\FeatureLockEnforcementPropertyTest" classname="Tests.Property.FeatureLockEnforcementPropertyTest" assertions="3" time="0.038723"/>
          <testcase name="test_feature_not_in_plan_returns_403_feature_locked with data set &quot;iteration_96_bulk_import_POST&quot;" file="E:\coupony-backend\tests\Property\FeatureLockEnforcementPropertyTest.php" line="87" class="Tests\Property\FeatureLockEnforcementPropertyTest" classname="Tests.Property.FeatureLockEnforcementPropertyTest" assertions="3" time="0.036363"/>
          <testcase name="test_feature_not_in_plan_returns_403_feature_locked with data set &quot;iteration_97_bulk_import_POST&quot;" file="E:\coupony-backend\tests\Property\FeatureLockEnforcementPropertyTest.php" line="87" class="Tests\Property\FeatureLockEnforcementPropertyTest" classname="Tests.Property.FeatureLockEnforcementPropertyTest" assertions="3" time="0.038654"/>
          <testcase name="test_feature_not_in_plan_returns_403_feature_locked with data set &quot;iteration_98_advanced_reports_GET&quot;" file="E:\coupony-backend\tests\Property\FeatureLockEnforcementPropertyTest.php" line="87" class="Tests\Property\FeatureLockEnforcementPropertyTest" classname="Tests.Property.FeatureLockEnforcementPropertyTest" assertions="3" time="0.042741"/>
          <testcase name="test_feature_not_in_plan_returns_403_feature_locked with data set &quot;iteration_99_bulk_import_POST&quot;" file="E:\coupony-backend\tests\Property\FeatureLockEnforcementPropertyTest.php" line="87" class="Tests\Property\FeatureLockEnforcementPropertyTest" classname="Tests.Property.FeatureLockEnforcementPropertyTest" assertions="3" time="0.038952"/>
          <testcase name="test_feature_not_in_plan_returns_403_feature_locked with data set &quot;iteration_100_advanced_reports_PUT&quot;" file="E:\coupony-backend\tests\Property\FeatureLockEnforcementPropertyTest.php" line="87" class="Tests\Property\FeatureLockEnforcementPropertyTest" classname="Tests.Property.FeatureLockEnforcementPropertyTest" assertions="3" time="0.039709"/>
          <testcase name="test_feature_not_in_plan_returns_403_feature_locked with data set &quot;iteration_101_advanced_reports_PUT&quot;" file="E:\coupony-backend\tests\Property\FeatureLockEnforcementPropertyTest.php" line="87" class="Tests\Property\FeatureLockEnforcementPropertyTest" classname="Tests.Property.FeatureLockEnforcementPropertyTest" assertions="3" time="0.037435"/>
          <testcase name="test_feature_not_in_plan_returns_403_feature_locked with data set &quot;iteration_102_api_access_DELETE&quot;" file="E:\coupony-backend\tests\Property\FeatureLockEnforcementPropertyTest.php" line="87" class="Tests\Property\FeatureLockEnforcementPropertyTest" classname="Tests.Property.FeatureLockEnforcementPropertyTest" assertions="3" time="0.038464"/>
          <testcase name="test_feature_not_in_plan_returns_403_feature_locked with data set &quot;iteration_103_analytics_DELETE&quot;" file="E:\coupony-backend\tests\Property\FeatureLockEnforcementPropertyTest.php" line="87" class="Tests\Property\FeatureLockEnforcementPropertyTest" classname="Tests.Property.FeatureLockEnforcementPropertyTest" assertions="3" time="0.091840"/>
          <testcase name="test_feature_not_in_plan_returns_403_feature_locked with data set &quot;iteration_104_advanced_reports_DELETE&quot;" file="E:\coupony-backend\tests\Property\FeatureLockEnforcementPropertyTest.php" line="87" class="Tests\Property\FeatureLockEnforcementPropertyTest" classname="Tests.Property.FeatureLockEnforcementPropertyTest" assertions="3" time="0.039046"/>
        </testsuite>
      </testsuite>
      <testsuite name="Tests\Property\HistoryFilterCorrectnessPropertyTest" file="E:\coupony-backend\tests\Property\HistoryFilterCorrectnessPropertyTest.php" tests="105" assertions="902" errors="0" failures="0" skipped="0" time="6.188415">
        <testsuite name="Tests\Property\HistoryFilterCorrectnessPropertyTest::test_history_filter_returns_only_records_matching_filter_status" tests="105" assertions="902" errors="0" failures="0" skipped="0" time="6.188415">
          <testcase name="test_history_filter_returns_only_records_matching_filter_status with data set &quot;iteration_0_filter_active_match_5_other_3&quot;" file="E:\coupony-backend\tests\Property\HistoryFilterCorrectnessPropertyTest.php" line="60" class="Tests\Property\HistoryFilterCorrectnessPropertyTest" classname="Tests.Property.HistoryFilterCorrectnessPropertyTest" assertions="8" time="0.061118"/>
          <testcase name="test_history_filter_returns_only_records_matching_filter_status with data set &quot;iteration_1_filter_failed_match_5_other_1&quot;" file="E:\coupony-backend\tests\Property\HistoryFilterCorrectnessPropertyTest.php" line="60" class="Tests\Property\HistoryFilterCorrectnessPropertyTest" classname="Tests.Property.HistoryFilterCorrectnessPropertyTest" assertions="8" time="0.046236"/>
          <testcase name="test_history_filter_returns_only_records_matching_filter_status with data set &quot;iteration_2_filter_refunded_match_2_other_2&quot;" file="E:\coupony-backend\tests\Property\HistoryFilterCorrectnessPropertyTest.php" line="60" class="Tests\Property\HistoryFilterCorrectnessPropertyTest" classname="Tests.Property.HistoryFilterCorrectnessPropertyTest" assertions="5" time="0.044727"/>
          <testcase name="test_history_filter_returns_only_records_matching_filter_status with data set &quot;iteration_3_filter_cancelled_match_3_other_10&quot;" file="E:\coupony-backend\tests\Property\HistoryFilterCorrectnessPropertyTest.php" line="60" class="Tests\Property\HistoryFilterCorrectnessPropertyTest" classname="Tests.Property.HistoryFilterCorrectnessPropertyTest" assertions="6" time="0.119396"/>
          <testcase name="test_history_filter_returns_only_records_matching_filter_status with data set &quot;iteration_4_filter_active_match_9_other_0&quot;" file="E:\coupony-backend\tests\Property\HistoryFilterCorrectnessPropertyTest.php" line="60" class="Tests\Property\HistoryFilterCorrectnessPropertyTest" classname="Tests.Property.HistoryFilterCorrectnessPropertyTest" assertions="12" time="0.048888"/>
          <testcase name="test_history_filter_returns_only_records_matching_filter_status with data set &quot;iteration_5_filter_active_match_7_other_0&quot;" file="E:\coupony-backend\tests\Property\HistoryFilterCorrectnessPropertyTest.php" line="60" class="Tests\Property\HistoryFilterCorrectnessPropertyTest" classname="Tests.Property.HistoryFilterCorrectnessPropertyTest" assertions="10" time="0.047994"/>
          <testcase name="test_history_filter_returns_only_records_matching_filter_status with data set &quot;iteration_6_filter_cancelled_match_10_other_0&quot;" file="E:\coupony-backend\tests\Property\HistoryFilterCorrectnessPropertyTest.php" line="60" class="Tests\Property\HistoryFilterCorrectnessPropertyTest" classname="Tests.Property.HistoryFilterCorrectnessPropertyTest" assertions="13" time="0.051135"/>
          <testcase name="test_history_filter_returns_only_records_matching_filter_status with data set &quot;iteration_7_filter_active_match_9_other_6&quot;" file="E:\coupony-backend\tests\Property\HistoryFilterCorrectnessPropertyTest.php" line="60" class="Tests\Property\HistoryFilterCorrectnessPropertyTest" classname="Tests.Property.HistoryFilterCorrectnessPropertyTest" assertions="12" time="0.051772"/>
          <testcase name="test_history_filter_returns_only_records_matching_filter_status with data set &quot;iteration_8_filter_refunded_match_4_other_4&quot;" file="E:\coupony-backend\tests\Property\HistoryFilterCorrectnessPropertyTest.php" line="60" class="Tests\Property\HistoryFilterCorrectnessPropertyTest" classname="Tests.Property.HistoryFilterCorrectnessPropertyTest" assertions="7" time="0.048009"/>
          <testcase name="test_history_filter_returns_only_records_matching_filter_status with data set &quot;iteration_9_filter_refunded_match_6_other_5&quot;" file="E:\coupony-backend\tests\Property\HistoryFilterCorrectnessPropertyTest.php" line="60" class="Tests\Property\HistoryFilterCorrectnessPropertyTest" classname="Tests.Property.HistoryFilterCorrectnessPropertyTest" assertions="9" time="0.047661"/>
          <testcase name="test_history_filter_returns_only_records_matching_filter_status with data set &quot;iteration_10_filter_refunded_match_8_other_8&quot;" file="E:\coupony-backend\tests\Property\HistoryFilterCorrectnessPropertyTest.php" line="60" class="Tests\Property\HistoryFilterCorrectnessPropertyTest" classname="Tests.Property.HistoryFilterCorrectnessPropertyTest" assertions="11" time="0.104288"/>
          <testcase name="test_history_filter_returns_only_records_matching_filter_status with data set &quot;iteration_11_filter_cancelled_match_8_other_0&quot;" file="E:\coupony-backend\tests\Property\HistoryFilterCorrectnessPropertyTest.php" line="60" class="Tests\Property\HistoryFilterCorrectnessPropertyTest" classname="Tests.Property.HistoryFilterCorrectnessPropertyTest" assertions="11" time="0.046934"/>
          <testcase name="test_history_filter_returns_only_records_matching_filter_status with data set &quot;iteration_12_filter_active_match_8_other_10&quot;" file="E:\coupony-backend\tests\Property\HistoryFilterCorrectnessPropertyTest.php" line="60" class="Tests\Property\HistoryFilterCorrectnessPropertyTest" classname="Tests.Property.HistoryFilterCorrectnessPropertyTest" assertions="11" time="0.050655"/>
          <testcase name="test_history_filter_returns_only_records_matching_filter_status with data set &quot;iteration_13_filter_active_match_7_other_1&quot;" file="E:\coupony-backend\tests\Property\HistoryFilterCorrectnessPropertyTest.php" line="60" class="Tests\Property\HistoryFilterCorrectnessPropertyTest" classname="Tests.Property.HistoryFilterCorrectnessPropertyTest" assertions="10" time="0.046321"/>
          <testcase name="test_history_filter_returns_only_records_matching_filter_status with data set &quot;iteration_14_filter_active_match_9_other_1&quot;" file="E:\coupony-backend\tests\Property\HistoryFilterCorrectnessPropertyTest.php" line="60" class="Tests\Property\HistoryFilterCorrectnessPropertyTest" classname="Tests.Property.HistoryFilterCorrectnessPropertyTest" assertions="12" time="0.048163"/>
          <testcase name="test_history_filter_returns_only_records_matching_filter_status with data set &quot;iteration_15_filter_failed_match_2_other_7&quot;" file="E:\coupony-backend\tests\Property\HistoryFilterCorrectnessPropertyTest.php" line="60" class="Tests\Property\HistoryFilterCorrectnessPropertyTest" classname="Tests.Property.HistoryFilterCorrectnessPropertyTest" assertions="5" time="0.049625"/>
          <testcase name="test_history_filter_returns_only_records_matching_filter_status with data set &quot;iteration_16_filter_expired_match_7_other_3&quot;" file="E:\coupony-backend\tests\Property\HistoryFilterCorrectnessPropertyTest.php" line="60" class="Tests\Property\HistoryFilterCorrectnessPropertyTest" classname="Tests.Property.HistoryFilterCorrectnessPropertyTest" assertions="10" time="0.049255"/>
          <testcase name="test_history_filter_returns_only_records_matching_filter_status with data set &quot;iteration_17_filter_cancelled_match_9_other_0&quot;" file="E:\coupony-backend\tests\Property\HistoryFilterCorrectnessPropertyTest.php" line="60" class="Tests\Property\HistoryFilterCorrectnessPropertyTest" classname="Tests.Property.HistoryFilterCorrectnessPropertyTest" assertions="12" time="0.146164"/>
          <testcase name="test_history_filter_returns_only_records_matching_filter_status with data set &quot;iteration_18_filter_failed_match_8_other_5&quot;" file="E:\coupony-backend\tests\Property\HistoryFilterCorrectnessPropertyTest.php" line="60" class="Tests\Property\HistoryFilterCorrectnessPropertyTest" classname="Tests.Property.HistoryFilterCorrectnessPropertyTest" assertions="11" time="0.073489"/>
          <testcase name="test_history_filter_returns_only_records_matching_filter_status with data set &quot;iteration_19_filter_failed_match_10_other_8&quot;" file="E:\coupony-backend\tests\Property\HistoryFilterCorrectnessPropertyTest.php" line="60" class="Tests\Property\HistoryFilterCorrectnessPropertyTest" classname="Tests.Property.HistoryFilterCorrectnessPropertyTest" assertions="13" time="0.058461"/>
          <testcase name="test_history_filter_returns_only_records_matching_filter_status with data set &quot;iteration_20_filter_cancelled_match_2_other_5&quot;" file="E:\coupony-backend\tests\Property\HistoryFilterCorrectnessPropertyTest.php" line="60" class="Tests\Property\HistoryFilterCorrectnessPropertyTest" classname="Tests.Property.HistoryFilterCorrectnessPropertyTest" assertions="5" time="0.045576"/>
          <testcase name="test_history_filter_returns_only_records_matching_filter_status with data set &quot;iteration_21_filter_cancelled_match_9_other_8&quot;" file="E:\coupony-backend\tests\Property\HistoryFilterCorrectnessPropertyTest.php" line="60" class="Tests\Property\HistoryFilterCorrectnessPropertyTest" classname="Tests.Property.HistoryFilterCorrectnessPropertyTest" assertions="12" time="0.052266"/>
          <testcase name="test_history_filter_returns_only_records_matching_filter_status with data set &quot;iteration_22_filter_expired_match_9_other_6&quot;" file="E:\coupony-backend\tests\Property\HistoryFilterCorrectnessPropertyTest.php" line="60" class="Tests\Property\HistoryFilterCorrectnessPropertyTest" classname="Tests.Property.HistoryFilterCorrectnessPropertyTest" assertions="12" time="0.053985"/>
          <testcase name="test_history_filter_returns_only_records_matching_filter_status with data set &quot;iteration_23_filter_expired_match_7_other_10&quot;" file="E:\coupony-backend\tests\Property\HistoryFilterCorrectnessPropertyTest.php" line="60" class="Tests\Property\HistoryFilterCorrectnessPropertyTest" classname="Tests.Property.HistoryFilterCorrectnessPropertyTest" assertions="10" time="0.107283"/>
          <testcase name="test_history_filter_returns_only_records_matching_filter_status with data set &quot;iteration_24_filter_failed_match_3_other_2&quot;" file="E:\coupony-backend\tests\Property\HistoryFilterCorrectnessPropertyTest.php" line="60" class="Tests\Property\HistoryFilterCorrectnessPropertyTest" classname="Tests.Property.HistoryFilterCorrectnessPropertyTest" assertions="6" time="0.049729"/>
          <testcase name="test_history_filter_returns_only_records_matching_filter_status with data set &quot;iteration_25_filter_refunded_match_2_other_3&quot;" file="E:\coupony-backend\tests\Property\HistoryFilterCorrectnessPropertyTest.php" line="60" class="Tests\Property\HistoryFilterCorrectnessPropertyTest" classname="Tests.Property.HistoryFilterCorrectnessPropertyTest" assertions="5" time="0.046384"/>
          <testcase name="test_history_filter_returns_only_records_matching_filter_status with data set &quot;iteration_26_filter_expired_match_3_other_1&quot;" file="E:\coupony-backend\tests\Property\HistoryFilterCorrectnessPropertyTest.php" line="60" class="Tests\Property\HistoryFilterCorrectnessPropertyTest" classname="Tests.Property.HistoryFilterCorrectnessPropertyTest" assertions="6" time="0.045376"/>
          <testcase name="test_history_filter_returns_only_records_matching_filter_status with data set &quot;iteration_27_filter_failed_match_9_other_2&quot;" file="E:\coupony-backend\tests\Property\HistoryFilterCorrectnessPropertyTest.php" line="60" class="Tests\Property\HistoryFilterCorrectnessPropertyTest" classname="Tests.Property.HistoryFilterCorrectnessPropertyTest" assertions="12" time="0.052000"/>
          <testcase name="test_history_filter_returns_only_records_matching_filter_status with data set &quot;iteration_28_filter_active_match_4_other_4&quot;" file="E:\coupony-backend\tests\Property\HistoryFilterCorrectnessPropertyTest.php" line="60" class="Tests\Property\HistoryFilterCorrectnessPropertyTest" classname="Tests.Property.HistoryFilterCorrectnessPropertyTest" assertions="7" time="0.050322"/>
          <testcase name="test_history_filter_returns_only_records_matching_filter_status with data set &quot;iteration_29_filter_failed_match_4_other_3&quot;" file="E:\coupony-backend\tests\Property\HistoryFilterCorrectnessPropertyTest.php" line="60" class="Tests\Property\HistoryFilterCorrectnessPropertyTest" classname="Tests.Property.HistoryFilterCorrectnessPropertyTest" assertions="7" time="0.046645"/>
          <testcase name="test_history_filter_returns_only_records_matching_filter_status with data set &quot;iteration_30_filter_expired_match_8_other_7&quot;" file="E:\coupony-backend\tests\Property\HistoryFilterCorrectnessPropertyTest.php" line="60" class="Tests\Property\HistoryFilterCorrectnessPropertyTest" classname="Tests.Property.HistoryFilterCorrectnessPropertyTest" assertions="11" time="0.104891"/>
          <testcase name="test_history_filter_returns_only_records_matching_filter_status with data set &quot;iteration_31_filter_refunded_match_2_other_3&quot;" file="E:\coupony-backend\tests\Property\HistoryFilterCorrectnessPropertyTest.php" line="60" class="Tests\Property\HistoryFilterCorrectnessPropertyTest" classname="Tests.Property.HistoryFilterCorrectnessPropertyTest" assertions="5" time="0.045243"/>
          <testcase name="test_history_filter_returns_only_records_matching_filter_status with data set &quot;iteration_32_filter_failed_match_8_other_5&quot;" file="E:\coupony-backend\tests\Property\HistoryFilterCorrectnessPropertyTest.php" line="60" class="Tests\Property\HistoryFilterCorrectnessPropertyTest" classname="Tests.Property.HistoryFilterCorrectnessPropertyTest" assertions="11" time="0.053338"/>
          <testcase name="test_history_filter_returns_only_records_matching_filter_status with data set &quot;iteration_33_filter_cancelled_match_3_other_5&quot;" file="E:\coupony-backend\tests\Property\HistoryFilterCorrectnessPropertyTest.php" line="60" class="Tests\Property\HistoryFilterCorrectnessPropertyTest" classname="Tests.Property.HistoryFilterCorrectnessPropertyTest" assertions="6" time="0.048018"/>
          <testcase name="test_history_filter_returns_only_records_matching_filter_status with data set &quot;iteration_34_filter_cancelled_match_7_other_1&quot;" file="E:\coupony-backend\tests\Property\HistoryFilterCorrectnessPropertyTest.php" line="60" class="Tests\Property\HistoryFilterCorrectnessPropertyTest" classname="Tests.Property.HistoryFilterCorrectnessPropertyTest" assertions="10" time="0.051423"/>
          <testcase name="test_history_filter_returns_only_records_matching_filter_status with data set &quot;iteration_35_filter_expired_match_3_other_5&quot;" file="E:\coupony-backend\tests\Property\HistoryFilterCorrectnessPropertyTest.php" line="60" class="Tests\Property\HistoryFilterCorrectnessPropertyTest" classname="Tests.Property.HistoryFilterCorrectnessPropertyTest" assertions="6" time="0.049398"/>
          <testcase name="test_history_filter_returns_only_records_matching_filter_status with data set &quot;iteration_36_filter_cancelled_match_4_other_3&quot;" file="E:\coupony-backend\tests\Property\HistoryFilterCorrectnessPropertyTest.php" line="60" class="Tests\Property\HistoryFilterCorrectnessPropertyTest" classname="Tests.Property.HistoryFilterCorrectnessPropertyTest" assertions="7" time="0.102527"/>
          <testcase name="test_history_filter_returns_only_records_matching_filter_status with data set &quot;iteration_37_filter_active_match_3_other_2&quot;" file="E:\coupony-backend\tests\Property\HistoryFilterCorrectnessPropertyTest.php" line="60" class="Tests\Property\HistoryFilterCorrectnessPropertyTest" classname="Tests.Property.HistoryFilterCorrectnessPropertyTest" assertions="6" time="0.049839"/>
          <testcase name="test_history_filter_returns_only_records_matching_filter_status with data set &quot;iteration_38_filter_active_match_2_other_1&quot;" file="E:\coupony-backend\tests\Property\HistoryFilterCorrectnessPropertyTest.php" line="60" class="Tests\Property\HistoryFilterCorrectnessPropertyTest" classname="Tests.Property.HistoryFilterCorrectnessPropertyTest" assertions="5" time="0.046427"/>
          <testcase name="test_history_filter_returns_only_records_matching_filter_status with data set &quot;iteration_39_filter_expired_match_9_other_7&quot;" file="E:\coupony-backend\tests\Property\HistoryFilterCorrectnessPropertyTest.php" line="60" class="Tests\Property\HistoryFilterCorrectnessPropertyTest" classname="Tests.Property.HistoryFilterCorrectnessPropertyTest" assertions="12" time="0.054420"/>
          <testcase name="test_history_filter_returns_only_records_matching_filter_status with data set &quot;iteration_40_filter_active_match_1_other_9&quot;" file="E:\coupony-backend\tests\Property\HistoryFilterCorrectnessPropertyTest.php" line="60" class="Tests\Property\HistoryFilterCorrectnessPropertyTest" classname="Tests.Property.HistoryFilterCorrectnessPropertyTest" assertions="4" time="0.047511"/>
          <testcase name="test_history_filter_returns_only_records_matching_filter_status with data set &quot;iteration_41_filter_failed_match_2_other_6&quot;" file="E:\coupony-backend\tests\Property\HistoryFilterCorrectnessPropertyTest.php" line="60" class="Tests\Property\HistoryFilterCorrectnessPropertyTest" classname="Tests.Property.HistoryFilterCorrectnessPropertyTest" assertions="5" time="0.048536"/>
          <testcase name="test_history_filter_returns_only_records_matching_filter_status with data set &quot;iteration_42_filter_cancelled_match_9_other_4&quot;" file="E:\coupony-backend\tests\Property\HistoryFilterCorrectnessPropertyTest.php" line="60" class="Tests\Property\HistoryFilterCorrectnessPropertyTest" classname="Tests.Property.HistoryFilterCorrectnessPropertyTest" assertions="12" time="0.052554"/>
          <testcase name="test_history_filter_returns_only_records_matching_filter_status with data set &quot;iteration_43_filter_expired_match_3_other_5&quot;" file="E:\coupony-backend\tests\Property\HistoryFilterCorrectnessPropertyTest.php" line="60" class="Tests\Property\HistoryFilterCorrectnessPropertyTest" classname="Tests.Property.HistoryFilterCorrectnessPropertyTest" assertions="6" time="0.101554"/>
          <testcase name="test_history_filter_returns_only_records_matching_filter_status with data set &quot;iteration_44_filter_cancelled_match_10_other_6&quot;" file="E:\coupony-backend\tests\Property\HistoryFilterCorrectnessPropertyTest.php" line="60" class="Tests\Property\HistoryFilterCorrectnessPropertyTest" classname="Tests.Property.HistoryFilterCorrectnessPropertyTest" assertions="13" time="0.050199"/>
          <testcase name="test_history_filter_returns_only_records_matching_filter_status with data set &quot;iteration_45_filter_refunded_match_8_other_0&quot;" file="E:\coupony-backend\tests\Property\HistoryFilterCorrectnessPropertyTest.php" line="60" class="Tests\Property\HistoryFilterCorrectnessPropertyTest" classname="Tests.Property.HistoryFilterCorrectnessPropertyTest" assertions="11" time="0.049224"/>
          <testcase name="test_history_filter_returns_only_records_matching_filter_status with data set &quot;iteration_46_filter_refunded_match_10_other_3&quot;" file="E:\coupony-backend\tests\Property\HistoryFilterCorrectnessPropertyTest.php" line="60" class="Tests\Property\HistoryFilterCorrectnessPropertyTest" classname="Tests.Property.HistoryFilterCorrectnessPropertyTest" assertions="13" time="0.049167"/>
          <testcase name="test_history_filter_returns_only_records_matching_filter_status with data set &quot;iteration_47_filter_cancelled_match_1_other_10&quot;" file="E:\coupony-backend\tests\Property\HistoryFilterCorrectnessPropertyTest.php" line="60" class="Tests\Property\HistoryFilterCorrectnessPropertyTest" classname="Tests.Property.HistoryFilterCorrectnessPropertyTest" assertions="4" time="0.049306"/>
          <testcase name="test_history_filter_returns_only_records_matching_filter_status with data set &quot;iteration_48_filter_refunded_match_4_other_0&quot;" file="E:\coupony-backend\tests\Property\HistoryFilterCorrectnessPropertyTest.php" line="60" class="Tests\Property\HistoryFilterCorrectnessPropertyTest" classname="Tests.Property.HistoryFilterCorrectnessPropertyTest" assertions="7" time="0.045923"/>
          <testcase name="test_history_filter_returns_only_records_matching_filter_status with data set &quot;iteration_49_filter_active_match_4_other_8&quot;" file="E:\coupony-backend\tests\Property\HistoryFilterCorrectnessPropertyTest.php" line="60" class="Tests\Property\HistoryFilterCorrectnessPropertyTest" classname="Tests.Property.HistoryFilterCorrectnessPropertyTest" assertions="7" time="0.050327"/>
          <testcase name="test_history_filter_returns_only_records_matching_filter_status with data set &quot;iteration_50_filter_cancelled_match_8_other_0&quot;" file="E:\coupony-backend\tests\Property\HistoryFilterCorrectnessPropertyTest.php" line="60" class="Tests\Property\HistoryFilterCorrectnessPropertyTest" classname="Tests.Property.HistoryFilterCorrectnessPropertyTest" assertions="11" time="0.128025"/>
          <testcase name="test_history_filter_returns_only_records_matching_filter_status with data set &quot;iteration_51_filter_active_match_5_other_2&quot;" file="E:\coupony-backend\tests\Property\HistoryFilterCorrectnessPropertyTest.php" line="60" class="Tests\Property\HistoryFilterCorrectnessPropertyTest" classname="Tests.Property.HistoryFilterCorrectnessPropertyTest" assertions="8" time="0.046779"/>
          <testcase name="test_history_filter_returns_only_records_matching_filter_status with data set &quot;iteration_52_filter_failed_match_5_other_10&quot;" file="E:\coupony-backend\tests\Property\HistoryFilterCorrectnessPropertyTest.php" line="60" class="Tests\Property\HistoryFilterCorrectnessPropertyTest" classname="Tests.Property.HistoryFilterCorrectnessPropertyTest" assertions="8" time="0.056972"/>
          <testcase name="test_history_filter_returns_only_records_matching_filter_status with data set &quot;iteration_53_filter_refunded_match_2_other_6&quot;" file="E:\coupony-backend\tests\Property\HistoryFilterCorrectnessPropertyTest.php" line="60" class="Tests\Property\HistoryFilterCorrectnessPropertyTest" classname="Tests.Property.HistoryFilterCorrectnessPropertyTest" assertions="5" time="0.048617"/>
          <testcase name="test_history_filter_returns_only_records_matching_filter_status with data set &quot;iteration_54_filter_active_match_1_other_1&quot;" file="E:\coupony-backend\tests\Property\HistoryFilterCorrectnessPropertyTest.php" line="60" class="Tests\Property\HistoryFilterCorrectnessPropertyTest" classname="Tests.Property.HistoryFilterCorrectnessPropertyTest" assertions="4" time="0.046236"/>
          <testcase name="test_history_filter_returns_only_records_matching_filter_status with data set &quot;iteration_55_filter_expired_match_9_other_0&quot;" file="E:\coupony-backend\tests\Property\HistoryFilterCorrectnessPropertyTest.php" line="60" class="Tests\Property\HistoryFilterCorrectnessPropertyTest" classname="Tests.Property.HistoryFilterCorrectnessPropertyTest" assertions="12" time="0.050172"/>
          <testcase name="test_history_filter_returns_only_records_matching_filter_status with data set &quot;iteration_56_filter_failed_match_9_other_10&quot;" file="E:\coupony-backend\tests\Property\HistoryFilterCorrectnessPropertyTest.php" line="60" class="Tests\Property\HistoryFilterCorrectnessPropertyTest" classname="Tests.Property.HistoryFilterCorrectnessPropertyTest" assertions="12" time="0.105222"/>
          <testcase name="test_history_filter_returns_only_records_matching_filter_status with data set &quot;iteration_57_filter_active_match_6_other_4&quot;" file="E:\coupony-backend\tests\Property\HistoryFilterCorrectnessPropertyTest.php" line="60" class="Tests\Property\HistoryFilterCorrectnessPropertyTest" classname="Tests.Property.HistoryFilterCorrectnessPropertyTest" assertions="9" time="0.048918"/>
          <testcase name="test_history_filter_returns_only_records_matching_filter_status with data set &quot;iteration_58_filter_active_match_5_other_3&quot;" file="E:\coupony-backend\tests\Property\HistoryFilterCorrectnessPropertyTest.php" line="60" class="Tests\Property\HistoryFilterCorrectnessPropertyTest" classname="Tests.Property.HistoryFilterCorrectnessPropertyTest" assertions="8" time="0.050012"/>
          <testcase name="test_history_filter_returns_only_records_matching_filter_status with data set &quot;iteration_59_filter_cancelled_match_1_other_9&quot;" file="E:\coupony-backend\tests\Property\HistoryFilterCorrectnessPropertyTest.php" line="60" class="Tests\Property\HistoryFilterCorrectnessPropertyTest" classname="Tests.Property.HistoryFilterCorrectnessPropertyTest" assertions="4" time="0.048823"/>
          <testcase name="test_history_filter_returns_only_records_matching_filter_status with data set &quot;iteration_60_filter_failed_match_9_other_4&quot;" file="E:\coupony-backend\tests\Property\HistoryFilterCorrectnessPropertyTest.php" line="60" class="Tests\Property\HistoryFilterCorrectnessPropertyTest" classname="Tests.Property.HistoryFilterCorrectnessPropertyTest" assertions="12" time="0.052186"/>
          <testcase name="test_history_filter_returns_only_records_matching_filter_status with data set &quot;iteration_61_filter_expired_match_3_other_9&quot;" file="E:\coupony-backend\tests\Property\HistoryFilterCorrectnessPropertyTest.php" line="60" class="Tests\Property\HistoryFilterCorrectnessPropertyTest" classname="Tests.Property.HistoryFilterCorrectnessPropertyTest" assertions="6" time="0.050896"/>
          <testcase name="test_history_filter_returns_only_records_matching_filter_status with data set &quot;iteration_62_filter_cancelled_match_5_other_0&quot;" file="E:\coupony-backend\tests\Property\HistoryFilterCorrectnessPropertyTest.php" line="60" class="Tests\Property\HistoryFilterCorrectnessPropertyTest" classname="Tests.Property.HistoryFilterCorrectnessPropertyTest" assertions="8" time="0.045786"/>
          <testcase name="test_history_filter_returns_only_records_matching_filter_status with data set &quot;iteration_63_filter_refunded_match_4_other_2&quot;" file="E:\coupony-backend\tests\Property\HistoryFilterCorrectnessPropertyTest.php" line="60" class="Tests\Property\HistoryFilterCorrectnessPropertyTest" classname="Tests.Property.HistoryFilterCorrectnessPropertyTest" assertions="7" time="0.100977"/>
          <testcase name="test_history_filter_returns_only_records_matching_filter_status with data set &quot;iteration_64_filter_active_match_4_other_3&quot;" file="E:\coupony-backend\tests\Property\HistoryFilterCorrectnessPropertyTest.php" line="60" class="Tests\Property\HistoryFilterCorrectnessPropertyTest" classname="Tests.Property.HistoryFilterCorrectnessPropertyTest" assertions="7" time="0.048656"/>
          <testcase name="test_history_filter_returns_only_records_matching_filter_status with data set &quot;iteration_65_filter_failed_match_8_other_0&quot;" file="E:\coupony-backend\tests\Property\HistoryFilterCorrectnessPropertyTest.php" line="60" class="Tests\Property\HistoryFilterCorrectnessPropertyTest" classname="Tests.Property.HistoryFilterCorrectnessPropertyTest" assertions="11" time="0.048508"/>
          <testcase name="test_history_filter_returns_only_records_matching_filter_status with data set &quot;iteration_66_filter_cancelled_match_9_other_2&quot;" file="E:\coupony-backend\tests\Property\HistoryFilterCorrectnessPropertyTest.php" line="60" class="Tests\Property\HistoryFilterCorrectnessPropertyTest" classname="Tests.Property.HistoryFilterCorrectnessPropertyTest" assertions="12" time="0.048129"/>
          <testcase name="test_history_filter_returns_only_records_matching_filter_status with data set &quot;iteration_67_filter_active_match_1_other_6&quot;" file="E:\coupony-backend\tests\Property\HistoryFilterCorrectnessPropertyTest.php" line="60" class="Tests\Property\HistoryFilterCorrectnessPropertyTest" classname="Tests.Property.HistoryFilterCorrectnessPropertyTest" assertions="4" time="0.049283"/>
          <testcase name="test_history_filter_returns_only_records_matching_filter_status with data set &quot;iteration_68_filter_failed_match_8_other_6&quot;" file="E:\coupony-backend\tests\Property\HistoryFilterCorrectnessPropertyTest.php" line="60" class="Tests\Property\HistoryFilterCorrectnessPropertyTest" classname="Tests.Property.HistoryFilterCorrectnessPropertyTest" assertions="11" time="0.051857"/>
          <testcase name="test_history_filter_returns_only_records_matching_filter_status with data set &quot;iteration_69_filter_active_match_5_other_10&quot;" file="E:\coupony-backend\tests\Property\HistoryFilterCorrectnessPropertyTest.php" line="60" class="Tests\Property\HistoryFilterCorrectnessPropertyTest" classname="Tests.Property.HistoryFilterCorrectnessPropertyTest" assertions="8" time="0.052034"/>
          <testcase name="test_history_filter_returns_only_records_matching_filter_status with data set &quot;iteration_70_filter_failed_match_10_other_2&quot;" file="E:\coupony-backend\tests\Property\HistoryFilterCorrectnessPropertyTest.php" line="60" class="Tests\Property\HistoryFilterCorrectnessPropertyTest" classname="Tests.Property.HistoryFilterCorrectnessPropertyTest" assertions="13" time="0.124882"/>
          <testcase name="test_history_filter_returns_only_records_matching_filter_status with data set &quot;iteration_71_filter_active_match_4_other_4&quot;" file="E:\coupony-backend\tests\Property\HistoryFilterCorrectnessPropertyTest.php" line="60" class="Tests\Property\HistoryFilterCorrectnessPropertyTest" classname="Tests.Property.HistoryFilterCorrectnessPropertyTest" assertions="7" time="0.048901"/>
          <testcase name="test_history_filter_returns_only_records_matching_filter_status with data set &quot;iteration_72_filter_active_match_8_other_3&quot;" file="E:\coupony-backend\tests\Property\HistoryFilterCorrectnessPropertyTest.php" line="60" class="Tests\Property\HistoryFilterCorrectnessPropertyTest" classname="Tests.Property.HistoryFilterCorrectnessPropertyTest" assertions="11" time="0.049930"/>
          <testcase name="test_history_filter_returns_only_records_matching_filter_status with data set &quot;iteration_73_filter_refunded_match_5_other_9&quot;" file="E:\coupony-backend\tests\Property\HistoryFilterCorrectnessPropertyTest.php" line="60" class="Tests\Property\HistoryFilterCorrectnessPropertyTest" classname="Tests.Property.HistoryFilterCorrectnessPropertyTest" assertions="8" time="0.050652"/>
          <testcase name="test_history_filter_returns_only_records_matching_filter_status with data set &quot;iteration_74_filter_failed_match_4_other_4&quot;" file="E:\coupony-backend\tests\Property\HistoryFilterCorrectnessPropertyTest.php" line="60" class="Tests\Property\HistoryFilterCorrectnessPropertyTest" classname="Tests.Property.HistoryFilterCorrectnessPropertyTest" assertions="7" time="0.048529"/>
          <testcase name="test_history_filter_returns_only_records_matching_filter_status with data set &quot;iteration_75_filter_expired_match_5_other_2&quot;" file="E:\coupony-backend\tests\Property\HistoryFilterCorrectnessPropertyTest.php" line="60" class="Tests\Property\HistoryFilterCorrectnessPropertyTest" classname="Tests.Property.HistoryFilterCorrectnessPropertyTest" assertions="8" time="0.047128"/>
          <testcase name="test_history_filter_returns_only_records_matching_filter_status with data set &quot;iteration_76_filter_expired_match_8_other_2&quot;" file="E:\coupony-backend\tests\Property\HistoryFilterCorrectnessPropertyTest.php" line="60" class="Tests\Property\HistoryFilterCorrectnessPropertyTest" classname="Tests.Property.HistoryFilterCorrectnessPropertyTest" assertions="11" time="0.101724"/>
          <testcase name="test_history_filter_returns_only_records_matching_filter_status with data set &quot;iteration_77_filter_cancelled_match_10_other_5&quot;" file="E:\coupony-backend\tests\Property\HistoryFilterCorrectnessPropertyTest.php" line="60" class="Tests\Property\HistoryFilterCorrectnessPropertyTest" classname="Tests.Property.HistoryFilterCorrectnessPropertyTest" assertions="13" time="0.049952"/>
          <testcase name="test_history_filter_returns_only_records_matching_filter_status with data set &quot;iteration_78_filter_cancelled_match_3_other_9&quot;" file="E:\coupony-backend\tests\Property\HistoryFilterCorrectnessPropertyTest.php" line="60" class="Tests\Property\HistoryFilterCorrectnessPropertyTest" classname="Tests.Property.HistoryFilterCorrectnessPropertyTest" assertions="6" time="0.050679"/>
          <testcase name="test_history_filter_returns_only_records_matching_filter_status with data set &quot;iteration_79_filter_expired_match_3_other_3&quot;" file="E:\coupony-backend\tests\Property\HistoryFilterCorrectnessPropertyTest.php" line="60" class="Tests\Property\HistoryFilterCorrectnessPropertyTest" classname="Tests.Property.HistoryFilterCorrectnessPropertyTest" assertions="6" time="0.048329"/>
          <testcase name="test_history_filter_returns_only_records_matching_filter_status with data set &quot;iteration_80_filter_cancelled_match_1_other_2&quot;" file="E:\coupony-backend\tests\Property\HistoryFilterCorrectnessPropertyTest.php" line="60" class="Tests\Property\HistoryFilterCorrectnessPropertyTest" classname="Tests.Property.HistoryFilterCorrectnessPropertyTest" assertions="4" time="0.045747"/>
          <testcase name="test_history_filter_returns_only_records_matching_filter_status with data set &quot;iteration_81_filter_refunded_match_1_other_0&quot;" file="E:\coupony-backend\tests\Property\HistoryFilterCorrectnessPropertyTest.php" line="60" class="Tests\Property\HistoryFilterCorrectnessPropertyTest" classname="Tests.Property.HistoryFilterCorrectnessPropertyTest" assertions="4" time="0.044134"/>
          <testcase name="test_history_filter_returns_only_records_matching_filter_status with data set &quot;iteration_82_filter_refunded_match_3_other_0&quot;" file="E:\coupony-backend\tests\Property\HistoryFilterCorrectnessPropertyTest.php" line="60" class="Tests\Property\HistoryFilterCorrectnessPropertyTest" classname="Tests.Property.HistoryFilterCorrectnessPropertyTest" assertions="6" time="0.046831"/>
          <testcase name="test_history_filter_returns_only_records_matching_filter_status with data set &quot;iteration_83_filter_cancelled_match_7_other_8&quot;" file="E:\coupony-backend\tests\Property\HistoryFilterCorrectnessPropertyTest.php" line="60" class="Tests\Property\HistoryFilterCorrectnessPropertyTest" classname="Tests.Property.HistoryFilterCorrectnessPropertyTest" assertions="10" time="0.106613"/>
          <testcase name="test_history_filter_returns_only_records_matching_filter_status with data set &quot;iteration_84_filter_cancelled_match_1_other_2&quot;" file="E:\coupony-backend\tests\Property\HistoryFilterCorrectnessPropertyTest.php" line="60" class="Tests\Property\HistoryFilterCorrectnessPropertyTest" classname="Tests.Property.HistoryFilterCorrectnessPropertyTest" assertions="4" time="0.045462"/>
          <testcase name="test_history_filter_returns_only_records_matching_filter_status with data set &quot;iteration_85_filter_active_match_6_other_0&quot;" file="E:\coupony-backend\tests\Property\HistoryFilterCorrectnessPropertyTest.php" line="60" class="Tests\Property\HistoryFilterCorrectnessPropertyTest" classname="Tests.Property.HistoryFilterCorrectnessPropertyTest" assertions="9" time="0.046316"/>
          <testcase name="test_history_filter_returns_only_records_matching_filter_status with data set &quot;iteration_86_filter_failed_match_7_other_5&quot;" file="E:\coupony-backend\tests\Property\HistoryFilterCorrectnessPropertyTest.php" line="60" class="Tests\Property\HistoryFilterCorrectnessPropertyTest" classname="Tests.Property.HistoryFilterCorrectnessPropertyTest" assertions="10" time="0.049607"/>
          <testcase name="test_history_filter_returns_only_records_matching_filter_status with data set &quot;iteration_87_filter_failed_match_3_other_10&quot;" file="E:\coupony-backend\tests\Property\HistoryFilterCorrectnessPropertyTest.php" line="60" class="Tests\Property\HistoryFilterCorrectnessPropertyTest" classname="Tests.Property.HistoryFilterCorrectnessPropertyTest" assertions="6" time="0.051617"/>
          <testcase name="test_history_filter_returns_only_records_matching_filter_status with data set &quot;iteration_88_filter_expired_match_2_other_0&quot;" file="E:\coupony-backend\tests\Property\HistoryFilterCorrectnessPropertyTest.php" line="60" class="Tests\Property\HistoryFilterCorrectnessPropertyTest" classname="Tests.Property.HistoryFilterCorrectnessPropertyTest" assertions="5" time="0.043256"/>
          <testcase name="test_history_filter_returns_only_records_matching_filter_status with data set &quot;iteration_89_filter_active_match_9_other_3&quot;" file="E:\coupony-backend\tests\Property\HistoryFilterCorrectnessPropertyTest.php" line="60" class="Tests\Property\HistoryFilterCorrectnessPropertyTest" classname="Tests.Property.HistoryFilterCorrectnessPropertyTest" assertions="12" time="0.051556"/>
          <testcase name="test_history_filter_returns_only_records_matching_filter_status with data set &quot;iteration_90_filter_refunded_match_3_other_2&quot;" file="E:\coupony-backend\tests\Property\HistoryFilterCorrectnessPropertyTest.php" line="60" class="Tests\Property\HistoryFilterCorrectnessPropertyTest" classname="Tests.Property.HistoryFilterCorrectnessPropertyTest" assertions="6" time="0.125650"/>
          <testcase name="test_history_filter_returns_only_records_matching_filter_status with data set &quot;iteration_91_filter_refunded_match_8_other_7&quot;" file="E:\coupony-backend\tests\Property\HistoryFilterCorrectnessPropertyTest.php" line="60" class="Tests\Property\HistoryFilterCorrectnessPropertyTest" classname="Tests.Property.HistoryFilterCorrectnessPropertyTest" assertions="11" time="0.048679"/>
          <testcase name="test_history_filter_returns_only_records_matching_filter_status with data set &quot;iteration_92_filter_cancelled_match_3_other_2&quot;" file="E:\coupony-backend\tests\Property\HistoryFilterCorrectnessPropertyTest.php" line="60" class="Tests\Property\HistoryFilterCorrectnessPropertyTest" classname="Tests.Property.HistoryFilterCorrectnessPropertyTest" assertions="6" time="0.044069"/>
          <testcase name="test_history_filter_returns_only_records_matching_filter_status with data set &quot;iteration_93_filter_expired_match_9_other_0&quot;" file="E:\coupony-backend\tests\Property\HistoryFilterCorrectnessPropertyTest.php" line="60" class="Tests\Property\HistoryFilterCorrectnessPropertyTest" classname="Tests.Property.HistoryFilterCorrectnessPropertyTest" assertions="12" time="0.048787"/>
          <testcase name="test_history_filter_returns_only_records_matching_filter_status with data set &quot;iteration_94_filter_cancelled_match_9_other_4&quot;" file="E:\coupony-backend\tests\Property\HistoryFilterCorrectnessPropertyTest.php" line="60" class="Tests\Property\HistoryFilterCorrectnessPropertyTest" classname="Tests.Property.HistoryFilterCorrectnessPropertyTest" assertions="12" time="0.051739"/>
          <testcase name="test_history_filter_returns_only_records_matching_filter_status with data set &quot;iteration_95_filter_failed_match_4_other_8&quot;" file="E:\coupony-backend\tests\Property\HistoryFilterCorrectnessPropertyTest.php" line="60" class="Tests\Property\HistoryFilterCorrectnessPropertyTest" classname="Tests.Property.HistoryFilterCorrectnessPropertyTest" assertions="7" time="0.048678"/>
          <testcase name="test_history_filter_returns_only_records_matching_filter_status with data set &quot;iteration_96_filter_cancelled_match_3_other_5&quot;" file="E:\coupony-backend\tests\Property\HistoryFilterCorrectnessPropertyTest.php" line="60" class="Tests\Property\HistoryFilterCorrectnessPropertyTest" classname="Tests.Property.HistoryFilterCorrectnessPropertyTest" assertions="6" time="0.102844"/>
          <testcase name="test_history_filter_returns_only_records_matching_filter_status with data set &quot;iteration_97_filter_refunded_match_10_other_7&quot;" file="E:\coupony-backend\tests\Property\HistoryFilterCorrectnessPropertyTest.php" line="60" class="Tests\Property\HistoryFilterCorrectnessPropertyTest" classname="Tests.Property.HistoryFilterCorrectnessPropertyTest" assertions="13" time="0.051292"/>
          <testcase name="test_history_filter_returns_only_records_matching_filter_status with data set &quot;iteration_98_filter_expired_match_8_other_5&quot;" file="E:\coupony-backend\tests\Property\HistoryFilterCorrectnessPropertyTest.php" line="60" class="Tests\Property\HistoryFilterCorrectnessPropertyTest" classname="Tests.Property.HistoryFilterCorrectnessPropertyTest" assertions="11" time="0.048606"/>
          <testcase name="test_history_filter_returns_only_records_matching_filter_status with data set &quot;iteration_99_filter_refunded_match_8_other_1&quot;" file="E:\coupony-backend\tests\Property\HistoryFilterCorrectnessPropertyTest.php" line="60" class="Tests\Property\HistoryFilterCorrectnessPropertyTest" classname="Tests.Property.HistoryFilterCorrectnessPropertyTest" assertions="11" time="0.047817"/>
          <testcase name="test_history_filter_returns_only_records_matching_filter_status with data set &quot;iteration_100_filter_cancelled_match_6_other_2&quot;" file="E:\coupony-backend\tests\Property\HistoryFilterCorrectnessPropertyTest.php" line="60" class="Tests\Property\HistoryFilterCorrectnessPropertyTest" classname="Tests.Property.HistoryFilterCorrectnessPropertyTest" assertions="9" time="0.045334"/>
          <testcase name="test_history_filter_returns_only_records_matching_filter_status with data set &quot;iteration_101_filter_cancelled_match_4_other_8&quot;" file="E:\coupony-backend\tests\Property\HistoryFilterCorrectnessPropertyTest.php" line="60" class="Tests\Property\HistoryFilterCorrectnessPropertyTest" classname="Tests.Property.HistoryFilterCorrectnessPropertyTest" assertions="7" time="0.046515"/>
          <testcase name="test_history_filter_returns_only_records_matching_filter_status with data set &quot;iteration_102_filter_refunded_match_7_other_10&quot;" file="E:\coupony-backend\tests\Property\HistoryFilterCorrectnessPropertyTest.php" line="60" class="Tests\Property\HistoryFilterCorrectnessPropertyTest" classname="Tests.Property.HistoryFilterCorrectnessPropertyTest" assertions="10" time="0.052901"/>
          <testcase name="test_history_filter_returns_only_records_matching_filter_status with data set &quot;iteration_103_filter_cancelled_match_5_other_2&quot;" file="E:\coupony-backend\tests\Property\HistoryFilterCorrectnessPropertyTest.php" line="60" class="Tests\Property\HistoryFilterCorrectnessPropertyTest" classname="Tests.Property.HistoryFilterCorrectnessPropertyTest" assertions="8" time="0.105384"/>
          <testcase name="test_history_filter_returns_only_records_matching_filter_status with data set &quot;iteration_104_filter_cancelled_match_4_other_5&quot;" file="E:\coupony-backend\tests\Property\HistoryFilterCorrectnessPropertyTest.php" line="60" class="Tests\Property\HistoryFilterCorrectnessPropertyTest" classname="Tests.Property.HistoryFilterCorrectnessPropertyTest" assertions="7" time="0.050506"/>
        </testsuite>
      </testsuite>
      <testsuite name="Tests\Property\HistoryOrderingPropertyTest" file="E:\coupony-backend\tests\Property\HistoryOrderingPropertyTest.php" tests="105" assertions="2398" errors="0" failures="0" skipped="0" time="7.229562">
        <testsuite name="Tests\Property\HistoryOrderingPropertyTest::test_history_records_are_ordered_by_created_at_descending" tests="105" assertions="2398" errors="0" failures="0" skipped="0" time="7.229562">
          <testcase name="test_history_records_are_ordered_by_created_at_descending with data set &quot;iteration_0_records_9&quot;" file="E:\coupony-backend\tests\Property\HistoryOrderingPropertyTest.php" line="57" class="Tests\Property\HistoryOrderingPropertyTest" classname="Tests.Property.HistoryOrderingPropertyTest" assertions="18" time="0.054635"/>
          <testcase name="test_history_records_are_ordered_by_created_at_descending with data set &quot;iteration_1_records_17&quot;" file="E:\coupony-backend\tests\Property\HistoryOrderingPropertyTest.php" line="57" class="Tests\Property\HistoryOrderingPropertyTest" classname="Tests.Property.HistoryOrderingPropertyTest" assertions="34" time="0.064074"/>
          <testcase name="test_history_records_are_ordered_by_created_at_descending with data set &quot;iteration_2_records_8&quot;" file="E:\coupony-backend\tests\Property\HistoryOrderingPropertyTest.php" line="57" class="Tests\Property\HistoryOrderingPropertyTest" classname="Tests.Property.HistoryOrderingPropertyTest" assertions="16" time="0.050916"/>
          <testcase name="test_history_records_are_ordered_by_created_at_descending with data set &quot;iteration_3_records_19&quot;" file="E:\coupony-backend\tests\Property\HistoryOrderingPropertyTest.php" line="57" class="Tests\Property\HistoryOrderingPropertyTest" classname="Tests.Property.HistoryOrderingPropertyTest" assertions="38" time="0.136586"/>
          <testcase name="test_history_records_are_ordered_by_created_at_descending with data set &quot;iteration_4_records_20&quot;" file="E:\coupony-backend\tests\Property\HistoryOrderingPropertyTest.php" line="57" class="Tests\Property\HistoryOrderingPropertyTest" classname="Tests.Property.HistoryOrderingPropertyTest" assertions="40" time="0.061422"/>
          <testcase name="test_history_records_are_ordered_by_created_at_descending with data set &quot;iteration_5_records_7&quot;" file="E:\coupony-backend\tests\Property\HistoryOrderingPropertyTest.php" line="57" class="Tests\Property\HistoryOrderingPropertyTest" classname="Tests.Property.HistoryOrderingPropertyTest" assertions="14" time="0.051834"/>
          <testcase name="test_history_records_are_ordered_by_created_at_descending with data set &quot;iteration_6_records_16&quot;" file="E:\coupony-backend\tests\Property\HistoryOrderingPropertyTest.php" line="57" class="Tests\Property\HistoryOrderingPropertyTest" classname="Tests.Property.HistoryOrderingPropertyTest" assertions="32" time="0.059526"/>
          <testcase name="test_history_records_are_ordered_by_created_at_descending with data set &quot;iteration_7_records_2&quot;" file="E:\coupony-backend\tests\Property\HistoryOrderingPropertyTest.php" line="57" class="Tests\Property\HistoryOrderingPropertyTest" classname="Tests.Property.HistoryOrderingPropertyTest" assertions="4" time="0.049497"/>
          <testcase name="test_history_records_are_ordered_by_created_at_descending with data set &quot;iteration_8_records_14&quot;" file="E:\coupony-backend\tests\Property\HistoryOrderingPropertyTest.php" line="57" class="Tests\Property\HistoryOrderingPropertyTest" classname="Tests.Property.HistoryOrderingPropertyTest" assertions="28" time="0.056158"/>
          <testcase name="test_history_records_are_ordered_by_created_at_descending with data set &quot;iteration_9_records_10&quot;" file="E:\coupony-backend\tests\Property\HistoryOrderingPropertyTest.php" line="57" class="Tests\Property\HistoryOrderingPropertyTest" classname="Tests.Property.HistoryOrderingPropertyTest" assertions="20" time="0.054096"/>
          <testcase name="test_history_records_are_ordered_by_created_at_descending with data set &quot;iteration_10_records_11&quot;" file="E:\coupony-backend\tests\Property\HistoryOrderingPropertyTest.php" line="57" class="Tests\Property\HistoryOrderingPropertyTest" classname="Tests.Property.HistoryOrderingPropertyTest" assertions="22" time="0.110748"/>
          <testcase name="test_history_records_are_ordered_by_created_at_descending with data set &quot;iteration_11_records_3&quot;" file="E:\coupony-backend\tests\Property\HistoryOrderingPropertyTest.php" line="57" class="Tests\Property\HistoryOrderingPropertyTest" classname="Tests.Property.HistoryOrderingPropertyTest" assertions="6" time="0.044444"/>
          <testcase name="test_history_records_are_ordered_by_created_at_descending with data set &quot;iteration_12_records_7&quot;" file="E:\coupony-backend\tests\Property\HistoryOrderingPropertyTest.php" line="57" class="Tests\Property\HistoryOrderingPropertyTest" classname="Tests.Property.HistoryOrderingPropertyTest" assertions="14" time="0.051058"/>
          <testcase name="test_history_records_are_ordered_by_created_at_descending with data set &quot;iteration_13_records_18&quot;" file="E:\coupony-backend\tests\Property\HistoryOrderingPropertyTest.php" line="57" class="Tests\Property\HistoryOrderingPropertyTest" classname="Tests.Property.HistoryOrderingPropertyTest" assertions="36" time="0.066876"/>
          <testcase name="test_history_records_are_ordered_by_created_at_descending with data set &quot;iteration_14_records_13&quot;" file="E:\coupony-backend\tests\Property\HistoryOrderingPropertyTest.php" line="57" class="Tests\Property\HistoryOrderingPropertyTest" classname="Tests.Property.HistoryOrderingPropertyTest" assertions="26" time="0.058775"/>
          <testcase name="test_history_records_are_ordered_by_created_at_descending with data set &quot;iteration_15_records_14&quot;" file="E:\coupony-backend\tests\Property\HistoryOrderingPropertyTest.php" line="57" class="Tests\Property\HistoryOrderingPropertyTest" classname="Tests.Property.HistoryOrderingPropertyTest" assertions="28" time="0.057051"/>
          <testcase name="test_history_records_are_ordered_by_created_at_descending with data set &quot;iteration_16_records_5&quot;" file="E:\coupony-backend\tests\Property\HistoryOrderingPropertyTest.php" line="57" class="Tests\Property\HistoryOrderingPropertyTest" classname="Tests.Property.HistoryOrderingPropertyTest" assertions="10" time="0.102460"/>
          <testcase name="test_history_records_are_ordered_by_created_at_descending with data set &quot;iteration_17_records_14&quot;" file="E:\coupony-backend\tests\Property\HistoryOrderingPropertyTest.php" line="57" class="Tests\Property\HistoryOrderingPropertyTest" classname="Tests.Property.HistoryOrderingPropertyTest" assertions="28" time="0.058056"/>
          <testcase name="test_history_records_are_ordered_by_created_at_descending with data set &quot;iteration_18_records_7&quot;" file="E:\coupony-backend\tests\Property\HistoryOrderingPropertyTest.php" line="57" class="Tests\Property\HistoryOrderingPropertyTest" classname="Tests.Property.HistoryOrderingPropertyTest" assertions="14" time="0.049812"/>
          <testcase name="test_history_records_are_ordered_by_created_at_descending with data set &quot;iteration_19_records_13&quot;" file="E:\coupony-backend\tests\Property\HistoryOrderingPropertyTest.php" line="57" class="Tests\Property\HistoryOrderingPropertyTest" classname="Tests.Property.HistoryOrderingPropertyTest" assertions="26" time="0.058747"/>
          <testcase name="test_history_records_are_ordered_by_created_at_descending with data set &quot;iteration_20_records_19&quot;" file="E:\coupony-backend\tests\Property\HistoryOrderingPropertyTest.php" line="57" class="Tests\Property\HistoryOrderingPropertyTest" classname="Tests.Property.HistoryOrderingPropertyTest" assertions="38" time="0.063529"/>
          <testcase name="test_history_records_are_ordered_by_created_at_descending with data set &quot;iteration_21_records_3&quot;" file="E:\coupony-backend\tests\Property\HistoryOrderingPropertyTest.php" line="57" class="Tests\Property\HistoryOrderingPropertyTest" classname="Tests.Property.HistoryOrderingPropertyTest" assertions="6" time="0.048960"/>
          <testcase name="test_history_records_are_ordered_by_created_at_descending with data set &quot;iteration_22_records_7&quot;" file="E:\coupony-backend\tests\Property\HistoryOrderingPropertyTest.php" line="57" class="Tests\Property\HistoryOrderingPropertyTest" classname="Tests.Property.HistoryOrderingPropertyTest" assertions="14" time="0.107165"/>
          <testcase name="test_history_records_are_ordered_by_created_at_descending with data set &quot;iteration_23_records_5&quot;" file="E:\coupony-backend\tests\Property\HistoryOrderingPropertyTest.php" line="57" class="Tests\Property\HistoryOrderingPropertyTest" classname="Tests.Property.HistoryOrderingPropertyTest" assertions="10" time="0.047782"/>
          <testcase name="test_history_records_are_ordered_by_created_at_descending with data set &quot;iteration_24_records_11&quot;" file="E:\coupony-backend\tests\Property\HistoryOrderingPropertyTest.php" line="57" class="Tests\Property\HistoryOrderingPropertyTest" classname="Tests.Property.HistoryOrderingPropertyTest" assertions="22" time="0.053168"/>
          <testcase name="test_history_records_are_ordered_by_created_at_descending with data set &quot;iteration_25_records_10&quot;" file="E:\coupony-backend\tests\Property\HistoryOrderingPropertyTest.php" line="57" class="Tests\Property\HistoryOrderingPropertyTest" classname="Tests.Property.HistoryOrderingPropertyTest" assertions="20" time="0.053184"/>
          <testcase name="test_history_records_are_ordered_by_created_at_descending with data set &quot;iteration_26_records_11&quot;" file="E:\coupony-backend\tests\Property\HistoryOrderingPropertyTest.php" line="57" class="Tests\Property\HistoryOrderingPropertyTest" classname="Tests.Property.HistoryOrderingPropertyTest" assertions="22" time="0.053402"/>
          <testcase name="test_history_records_are_ordered_by_created_at_descending with data set &quot;iteration_27_records_7&quot;" file="E:\coupony-backend\tests\Property\HistoryOrderingPropertyTest.php" line="57" class="Tests\Property\HistoryOrderingPropertyTest" classname="Tests.Property.HistoryOrderingPropertyTest" assertions="14" time="0.051013"/>
          <testcase name="test_history_records_are_ordered_by_created_at_descending with data set &quot;iteration_28_records_6&quot;" file="E:\coupony-backend\tests\Property\HistoryOrderingPropertyTest.php" line="57" class="Tests\Property\HistoryOrderingPropertyTest" classname="Tests.Property.HistoryOrderingPropertyTest" assertions="12" time="0.050258"/>
          <testcase name="test_history_records_are_ordered_by_created_at_descending with data set &quot;iteration_29_records_2&quot;" file="E:\coupony-backend\tests\Property\HistoryOrderingPropertyTest.php" line="57" class="Tests\Property\HistoryOrderingPropertyTest" classname="Tests.Property.HistoryOrderingPropertyTest" assertions="4" time="0.107176"/>
          <testcase name="test_history_records_are_ordered_by_created_at_descending with data set &quot;iteration_30_records_7&quot;" file="E:\coupony-backend\tests\Property\HistoryOrderingPropertyTest.php" line="57" class="Tests\Property\HistoryOrderingPropertyTest" classname="Tests.Property.HistoryOrderingPropertyTest" assertions="14" time="0.056410"/>
          <testcase name="test_history_records_are_ordered_by_created_at_descending with data set &quot;iteration_31_records_19&quot;" file="E:\coupony-backend\tests\Property\HistoryOrderingPropertyTest.php" line="57" class="Tests\Property\HistoryOrderingPropertyTest" classname="Tests.Property.HistoryOrderingPropertyTest" assertions="38" time="0.062643"/>
          <testcase name="test_history_records_are_ordered_by_created_at_descending with data set &quot;iteration_32_records_19&quot;" file="E:\coupony-backend\tests\Property\HistoryOrderingPropertyTest.php" line="57" class="Tests\Property\HistoryOrderingPropertyTest" classname="Tests.Property.HistoryOrderingPropertyTest" assertions="38" time="0.072006"/>
          <testcase name="test_history_records_are_ordered_by_created_at_descending with data set &quot;iteration_33_records_11&quot;" file="E:\coupony-backend\tests\Property\HistoryOrderingPropertyTest.php" line="57" class="Tests\Property\HistoryOrderingPropertyTest" classname="Tests.Property.HistoryOrderingPropertyTest" assertions="22" time="0.054491"/>
          <testcase name="test_history_records_are_ordered_by_created_at_descending with data set &quot;iteration_34_records_7&quot;" file="E:\coupony-backend\tests\Property\HistoryOrderingPropertyTest.php" line="57" class="Tests\Property\HistoryOrderingPropertyTest" classname="Tests.Property.HistoryOrderingPropertyTest" assertions="14" time="0.050123"/>
          <testcase name="test_history_records_are_ordered_by_created_at_descending with data set &quot;iteration_35_records_2&quot;" file="E:\coupony-backend\tests\Property\HistoryOrderingPropertyTest.php" line="57" class="Tests\Property\HistoryOrderingPropertyTest" classname="Tests.Property.HistoryOrderingPropertyTest" assertions="4" time="0.099435"/>
          <testcase name="test_history_records_are_ordered_by_created_at_descending with data set &quot;iteration_36_records_16&quot;" file="E:\coupony-backend\tests\Property\HistoryOrderingPropertyTest.php" line="57" class="Tests\Property\HistoryOrderingPropertyTest" classname="Tests.Property.HistoryOrderingPropertyTest" assertions="32" time="0.063110"/>
          <testcase name="test_history_records_are_ordered_by_created_at_descending with data set &quot;iteration_37_records_6&quot;" file="E:\coupony-backend\tests\Property\HistoryOrderingPropertyTest.php" line="57" class="Tests\Property\HistoryOrderingPropertyTest" classname="Tests.Property.HistoryOrderingPropertyTest" assertions="12" time="0.050556"/>
          <testcase name="test_history_records_are_ordered_by_created_at_descending with data set &quot;iteration_38_records_15&quot;" file="E:\coupony-backend\tests\Property\HistoryOrderingPropertyTest.php" line="57" class="Tests\Property\HistoryOrderingPropertyTest" classname="Tests.Property.HistoryOrderingPropertyTest" assertions="30" time="0.061299"/>
          <testcase name="test_history_records_are_ordered_by_created_at_descending with data set &quot;iteration_39_records_6&quot;" file="E:\coupony-backend\tests\Property\HistoryOrderingPropertyTest.php" line="57" class="Tests\Property\HistoryOrderingPropertyTest" classname="Tests.Property.HistoryOrderingPropertyTest" assertions="12" time="0.050129"/>
          <testcase name="test_history_records_are_ordered_by_created_at_descending with data set &quot;iteration_40_records_12&quot;" file="E:\coupony-backend\tests\Property\HistoryOrderingPropertyTest.php" line="57" class="Tests\Property\HistoryOrderingPropertyTest" classname="Tests.Property.HistoryOrderingPropertyTest" assertions="24" time="0.058677"/>
          <testcase name="test_history_records_are_ordered_by_created_at_descending with data set &quot;iteration_41_records_16&quot;" file="E:\coupony-backend\tests\Property\HistoryOrderingPropertyTest.php" line="57" class="Tests\Property\HistoryOrderingPropertyTest" classname="Tests.Property.HistoryOrderingPropertyTest" assertions="32" time="0.116610"/>
          <testcase name="test_history_records_are_ordered_by_created_at_descending with data set &quot;iteration_42_records_11&quot;" file="E:\coupony-backend\tests\Property\HistoryOrderingPropertyTest.php" line="57" class="Tests\Property\HistoryOrderingPropertyTest" classname="Tests.Property.HistoryOrderingPropertyTest" assertions="22" time="0.055979"/>
          <testcase name="test_history_records_are_ordered_by_created_at_descending with data set &quot;iteration_43_records_8&quot;" file="E:\coupony-backend\tests\Property\HistoryOrderingPropertyTest.php" line="57" class="Tests\Property\HistoryOrderingPropertyTest" classname="Tests.Property.HistoryOrderingPropertyTest" assertions="16" time="0.055441"/>
          <testcase name="test_history_records_are_ordered_by_created_at_descending with data set &quot;iteration_44_records_20&quot;" file="E:\coupony-backend\tests\Property\HistoryOrderingPropertyTest.php" line="57" class="Tests\Property\HistoryOrderingPropertyTest" classname="Tests.Property.HistoryOrderingPropertyTest" assertions="40" time="0.062836"/>
          <testcase name="test_history_records_are_ordered_by_created_at_descending with data set &quot;iteration_45_records_6&quot;" file="E:\coupony-backend\tests\Property\HistoryOrderingPropertyTest.php" line="57" class="Tests\Property\HistoryOrderingPropertyTest" classname="Tests.Property.HistoryOrderingPropertyTest" assertions="12" time="0.079215"/>
          <testcase name="test_history_records_are_ordered_by_created_at_descending with data set &quot;iteration_46_records_10&quot;" file="E:\coupony-backend\tests\Property\HistoryOrderingPropertyTest.php" line="57" class="Tests\Property\HistoryOrderingPropertyTest" classname="Tests.Property.HistoryOrderingPropertyTest" assertions="20" time="0.088340"/>
          <testcase name="test_history_records_are_ordered_by_created_at_descending with data set &quot;iteration_47_records_17&quot;" file="E:\coupony-backend\tests\Property\HistoryOrderingPropertyTest.php" line="57" class="Tests\Property\HistoryOrderingPropertyTest" classname="Tests.Property.HistoryOrderingPropertyTest" assertions="34" time="0.076551"/>
          <testcase name="test_history_records_are_ordered_by_created_at_descending with data set &quot;iteration_48_records_15&quot;" file="E:\coupony-backend\tests\Property\HistoryOrderingPropertyTest.php" line="57" class="Tests\Property\HistoryOrderingPropertyTest" classname="Tests.Property.HistoryOrderingPropertyTest" assertions="30" time="0.162679"/>
          <testcase name="test_history_records_are_ordered_by_created_at_descending with data set &quot;iteration_49_records_4&quot;" file="E:\coupony-backend\tests\Property\HistoryOrderingPropertyTest.php" line="57" class="Tests\Property\HistoryOrderingPropertyTest" classname="Tests.Property.HistoryOrderingPropertyTest" assertions="8" time="0.067335"/>
          <testcase name="test_history_records_are_ordered_by_created_at_descending with data set &quot;iteration_50_records_14&quot;" file="E:\coupony-backend\tests\Property\HistoryOrderingPropertyTest.php" line="57" class="Tests\Property\HistoryOrderingPropertyTest" classname="Tests.Property.HistoryOrderingPropertyTest" assertions="28" time="0.073503"/>
          <testcase name="test_history_records_are_ordered_by_created_at_descending with data set &quot;iteration_51_records_8&quot;" file="E:\coupony-backend\tests\Property\HistoryOrderingPropertyTest.php" line="57" class="Tests\Property\HistoryOrderingPropertyTest" classname="Tests.Property.HistoryOrderingPropertyTest" assertions="16" time="0.059755"/>
          <testcase name="test_history_records_are_ordered_by_created_at_descending with data set &quot;iteration_52_records_19&quot;" file="E:\coupony-backend\tests\Property\HistoryOrderingPropertyTest.php" line="57" class="Tests\Property\HistoryOrderingPropertyTest" classname="Tests.Property.HistoryOrderingPropertyTest" assertions="38" time="0.070156"/>
          <testcase name="test_history_records_are_ordered_by_created_at_descending with data set &quot;iteration_53_records_17&quot;" file="E:\coupony-backend\tests\Property\HistoryOrderingPropertyTest.php" line="57" class="Tests\Property\HistoryOrderingPropertyTest" classname="Tests.Property.HistoryOrderingPropertyTest" assertions="34" time="0.065501"/>
          <testcase name="test_history_records_are_ordered_by_created_at_descending with data set &quot;iteration_54_records_12&quot;" file="E:\coupony-backend\tests\Property\HistoryOrderingPropertyTest.php" line="57" class="Tests\Property\HistoryOrderingPropertyTest" classname="Tests.Property.HistoryOrderingPropertyTest" assertions="24" time="0.116126"/>
          <testcase name="test_history_records_are_ordered_by_created_at_descending with data set &quot;iteration_55_records_13&quot;" file="E:\coupony-backend\tests\Property\HistoryOrderingPropertyTest.php" line="57" class="Tests\Property\HistoryOrderingPropertyTest" classname="Tests.Property.HistoryOrderingPropertyTest" assertions="26" time="0.062212"/>
          <testcase name="test_history_records_are_ordered_by_created_at_descending with data set &quot;iteration_56_records_18&quot;" file="E:\coupony-backend\tests\Property\HistoryOrderingPropertyTest.php" line="57" class="Tests\Property\HistoryOrderingPropertyTest" classname="Tests.Property.HistoryOrderingPropertyTest" assertions="36" time="0.070239"/>
          <testcase name="test_history_records_are_ordered_by_created_at_descending with data set &quot;iteration_57_records_19&quot;" file="E:\coupony-backend\tests\Property\HistoryOrderingPropertyTest.php" line="57" class="Tests\Property\HistoryOrderingPropertyTest" classname="Tests.Property.HistoryOrderingPropertyTest" assertions="38" time="0.080891"/>
          <testcase name="test_history_records_are_ordered_by_created_at_descending with data set &quot;iteration_58_records_17&quot;" file="E:\coupony-backend\tests\Property\HistoryOrderingPropertyTest.php" line="57" class="Tests\Property\HistoryOrderingPropertyTest" classname="Tests.Property.HistoryOrderingPropertyTest" assertions="34" time="0.071459"/>
          <testcase name="test_history_records_are_ordered_by_created_at_descending with data set &quot;iteration_59_records_16&quot;" file="E:\coupony-backend\tests\Property\HistoryOrderingPropertyTest.php" line="57" class="Tests\Property\HistoryOrderingPropertyTest" classname="Tests.Property.HistoryOrderingPropertyTest" assertions="32" time="0.065734"/>
          <testcase name="test_history_records_are_ordered_by_created_at_descending with data set &quot;iteration_60_records_13&quot;" file="E:\coupony-backend\tests\Property\HistoryOrderingPropertyTest.php" line="57" class="Tests\Property\HistoryOrderingPropertyTest" classname="Tests.Property.HistoryOrderingPropertyTest" assertions="26" time="0.120515"/>
          <testcase name="test_history_records_are_ordered_by_created_at_descending with data set &quot;iteration_61_records_9&quot;" file="E:\coupony-backend\tests\Property\HistoryOrderingPropertyTest.php" line="57" class="Tests\Property\HistoryOrderingPropertyTest" classname="Tests.Property.HistoryOrderingPropertyTest" assertions="18" time="0.053457"/>
          <testcase name="test_history_records_are_ordered_by_created_at_descending with data set &quot;iteration_62_records_20&quot;" file="E:\coupony-backend\tests\Property\HistoryOrderingPropertyTest.php" line="57" class="Tests\Property\HistoryOrderingPropertyTest" classname="Tests.Property.HistoryOrderingPropertyTest" assertions="40" time="0.069792"/>
          <testcase name="test_history_records_are_ordered_by_created_at_descending with data set &quot;iteration_63_records_17&quot;" file="E:\coupony-backend\tests\Property\HistoryOrderingPropertyTest.php" line="57" class="Tests\Property\HistoryOrderingPropertyTest" classname="Tests.Property.HistoryOrderingPropertyTest" assertions="34" time="0.065306"/>
          <testcase name="test_history_records_are_ordered_by_created_at_descending with data set &quot;iteration_64_records_11&quot;" file="E:\coupony-backend\tests\Property\HistoryOrderingPropertyTest.php" line="57" class="Tests\Property\HistoryOrderingPropertyTest" classname="Tests.Property.HistoryOrderingPropertyTest" assertions="22" time="0.056484"/>
          <testcase name="test_history_records_are_ordered_by_created_at_descending with data set &quot;iteration_65_records_8&quot;" file="E:\coupony-backend\tests\Property\HistoryOrderingPropertyTest.php" line="57" class="Tests\Property\HistoryOrderingPropertyTest" classname="Tests.Property.HistoryOrderingPropertyTest" assertions="16" time="0.062384"/>
          <testcase name="test_history_records_are_ordered_by_created_at_descending with data set &quot;iteration_66_records_14&quot;" file="E:\coupony-backend\tests\Property\HistoryOrderingPropertyTest.php" line="57" class="Tests\Property\HistoryOrderingPropertyTest" classname="Tests.Property.HistoryOrderingPropertyTest" assertions="28" time="0.062603"/>
          <testcase name="test_history_records_are_ordered_by_created_at_descending with data set &quot;iteration_67_records_10&quot;" file="E:\coupony-backend\tests\Property\HistoryOrderingPropertyTest.php" line="57" class="Tests\Property\HistoryOrderingPropertyTest" classname="Tests.Property.HistoryOrderingPropertyTest" assertions="20" time="0.120591"/>
          <testcase name="test_history_records_are_ordered_by_created_at_descending with data set &quot;iteration_68_records_9&quot;" file="E:\coupony-backend\tests\Property\HistoryOrderingPropertyTest.php" line="57" class="Tests\Property\HistoryOrderingPropertyTest" classname="Tests.Property.HistoryOrderingPropertyTest" assertions="18" time="0.056624"/>
          <testcase name="test_history_records_are_ordered_by_created_at_descending with data set &quot;iteration_69_records_11&quot;" file="E:\coupony-backend\tests\Property\HistoryOrderingPropertyTest.php" line="57" class="Tests\Property\HistoryOrderingPropertyTest" classname="Tests.Property.HistoryOrderingPropertyTest" assertions="22" time="0.056807"/>
          <testcase name="test_history_records_are_ordered_by_created_at_descending with data set &quot;iteration_70_records_17&quot;" file="E:\coupony-backend\tests\Property\HistoryOrderingPropertyTest.php" line="57" class="Tests\Property\HistoryOrderingPropertyTest" classname="Tests.Property.HistoryOrderingPropertyTest" assertions="34" time="0.063086"/>
          <testcase name="test_history_records_are_ordered_by_created_at_descending with data set &quot;iteration_71_records_8&quot;" file="E:\coupony-backend\tests\Property\HistoryOrderingPropertyTest.php" line="57" class="Tests\Property\HistoryOrderingPropertyTest" classname="Tests.Property.HistoryOrderingPropertyTest" assertions="16" time="0.057242"/>
          <testcase name="test_history_records_are_ordered_by_created_at_descending with data set &quot;iteration_72_records_4&quot;" file="E:\coupony-backend\tests\Property\HistoryOrderingPropertyTest.php" line="57" class="Tests\Property\HistoryOrderingPropertyTest" classname="Tests.Property.HistoryOrderingPropertyTest" assertions="8" time="0.052282"/>
          <testcase name="test_history_records_are_ordered_by_created_at_descending with data set &quot;iteration_73_records_20&quot;" file="E:\coupony-backend\tests\Property\HistoryOrderingPropertyTest.php" line="57" class="Tests\Property\HistoryOrderingPropertyTest" classname="Tests.Property.HistoryOrderingPropertyTest" assertions="40" time="0.129232"/>
          <testcase name="test_history_records_are_ordered_by_created_at_descending with data set &quot;iteration_74_records_20&quot;" file="E:\coupony-backend\tests\Property\HistoryOrderingPropertyTest.php" line="57" class="Tests\Property\HistoryOrderingPropertyTest" classname="Tests.Property.HistoryOrderingPropertyTest" assertions="40" time="0.068318"/>
          <testcase name="test_history_records_are_ordered_by_created_at_descending with data set &quot;iteration_75_records_9&quot;" file="E:\coupony-backend\tests\Property\HistoryOrderingPropertyTest.php" line="57" class="Tests\Property\HistoryOrderingPropertyTest" classname="Tests.Property.HistoryOrderingPropertyTest" assertions="18" time="0.058722"/>
          <testcase name="test_history_records_are_ordered_by_created_at_descending with data set &quot;iteration_76_records_2&quot;" file="E:\coupony-backend\tests\Property\HistoryOrderingPropertyTest.php" line="57" class="Tests\Property\HistoryOrderingPropertyTest" classname="Tests.Property.HistoryOrderingPropertyTest" assertions="4" time="0.048042"/>
          <testcase name="test_history_records_are_ordered_by_created_at_descending with data set &quot;iteration_77_records_7&quot;" file="E:\coupony-backend\tests\Property\HistoryOrderingPropertyTest.php" line="57" class="Tests\Property\HistoryOrderingPropertyTest" classname="Tests.Property.HistoryOrderingPropertyTest" assertions="14" time="0.054525"/>
          <testcase name="test_history_records_are_ordered_by_created_at_descending with data set &quot;iteration_78_records_13&quot;" file="E:\coupony-backend\tests\Property\HistoryOrderingPropertyTest.php" line="57" class="Tests\Property\HistoryOrderingPropertyTest" classname="Tests.Property.HistoryOrderingPropertyTest" assertions="26" time="0.060833"/>
          <testcase name="test_history_records_are_ordered_by_created_at_descending with data set &quot;iteration_79_records_10&quot;" file="E:\coupony-backend\tests\Property\HistoryOrderingPropertyTest.php" line="57" class="Tests\Property\HistoryOrderingPropertyTest" classname="Tests.Property.HistoryOrderingPropertyTest" assertions="20" time="0.118680"/>
          <testcase name="test_history_records_are_ordered_by_created_at_descending with data set &quot;iteration_80_records_20&quot;" file="E:\coupony-backend\tests\Property\HistoryOrderingPropertyTest.php" line="57" class="Tests\Property\HistoryOrderingPropertyTest" classname="Tests.Property.HistoryOrderingPropertyTest" assertions="40" time="0.073029"/>
          <testcase name="test_history_records_are_ordered_by_created_at_descending with data set &quot;iteration_81_records_5&quot;" file="E:\coupony-backend\tests\Property\HistoryOrderingPropertyTest.php" line="57" class="Tests\Property\HistoryOrderingPropertyTest" classname="Tests.Property.HistoryOrderingPropertyTest" assertions="10" time="0.051060"/>
          <testcase name="test_history_records_are_ordered_by_created_at_descending with data set &quot;iteration_82_records_9&quot;" file="E:\coupony-backend\tests\Property\HistoryOrderingPropertyTest.php" line="57" class="Tests\Property\HistoryOrderingPropertyTest" classname="Tests.Property.HistoryOrderingPropertyTest" assertions="18" time="0.056488"/>
          <testcase name="test_history_records_are_ordered_by_created_at_descending with data set &quot;iteration_83_records_8&quot;" file="E:\coupony-backend\tests\Property\HistoryOrderingPropertyTest.php" line="57" class="Tests\Property\HistoryOrderingPropertyTest" classname="Tests.Property.HistoryOrderingPropertyTest" assertions="16" time="0.055742"/>
          <testcase name="test_history_records_are_ordered_by_created_at_descending with data set &quot;iteration_84_records_18&quot;" file="E:\coupony-backend\tests\Property\HistoryOrderingPropertyTest.php" line="57" class="Tests\Property\HistoryOrderingPropertyTest" classname="Tests.Property.HistoryOrderingPropertyTest" assertions="36" time="0.068316"/>
          <testcase name="test_history_records_are_ordered_by_created_at_descending with data set &quot;iteration_85_records_9&quot;" file="E:\coupony-backend\tests\Property\HistoryOrderingPropertyTest.php" line="57" class="Tests\Property\HistoryOrderingPropertyTest" classname="Tests.Property.HistoryOrderingPropertyTest" assertions="18" time="0.056429"/>
          <testcase name="test_history_records_are_ordered_by_created_at_descending with data set &quot;iteration_86_records_20&quot;" file="E:\coupony-backend\tests\Property\HistoryOrderingPropertyTest.php" line="57" class="Tests\Property\HistoryOrderingPropertyTest" classname="Tests.Property.HistoryOrderingPropertyTest" assertions="40" time="0.130380"/>
          <testcase name="test_history_records_are_ordered_by_created_at_descending with data set &quot;iteration_87_records_5&quot;" file="E:\coupony-backend\tests\Property\HistoryOrderingPropertyTest.php" line="57" class="Tests\Property\HistoryOrderingPropertyTest" classname="Tests.Property.HistoryOrderingPropertyTest" assertions="10" time="0.049605"/>
          <testcase name="test_history_records_are_ordered_by_created_at_descending with data set &quot;iteration_88_records_7&quot;" file="E:\coupony-backend\tests\Property\HistoryOrderingPropertyTest.php" line="57" class="Tests\Property\HistoryOrderingPropertyTest" classname="Tests.Property.HistoryOrderingPropertyTest" assertions="14" time="0.052078"/>
          <testcase name="test_history_records_are_ordered_by_created_at_descending with data set &quot;iteration_89_records_20&quot;" file="E:\coupony-backend\tests\Property\HistoryOrderingPropertyTest.php" line="57" class="Tests\Property\HistoryOrderingPropertyTest" classname="Tests.Property.HistoryOrderingPropertyTest" assertions="40" time="0.064420"/>
          <testcase name="test_history_records_are_ordered_by_created_at_descending with data set &quot;iteration_90_records_18&quot;" file="E:\coupony-backend\tests\Property\HistoryOrderingPropertyTest.php" line="57" class="Tests\Property\HistoryOrderingPropertyTest" classname="Tests.Property.HistoryOrderingPropertyTest" assertions="36" time="0.062414"/>
          <testcase name="test_history_records_are_ordered_by_created_at_descending with data set &quot;iteration_91_records_14&quot;" file="E:\coupony-backend\tests\Property\HistoryOrderingPropertyTest.php" line="57" class="Tests\Property\HistoryOrderingPropertyTest" classname="Tests.Property.HistoryOrderingPropertyTest" assertions="28" time="0.061915"/>
          <testcase name="test_history_records_are_ordered_by_created_at_descending with data set &quot;iteration_92_records_3&quot;" file="E:\coupony-backend\tests\Property\HistoryOrderingPropertyTest.php" line="57" class="Tests\Property\HistoryOrderingPropertyTest" classname="Tests.Property.HistoryOrderingPropertyTest" assertions="6" time="0.112877"/>
          <testcase name="test_history_records_are_ordered_by_created_at_descending with data set &quot;iteration_93_records_16&quot;" file="E:\coupony-backend\tests\Property\HistoryOrderingPropertyTest.php" line="57" class="Tests\Property\HistoryOrderingPropertyTest" classname="Tests.Property.HistoryOrderingPropertyTest" assertions="32" time="0.064492"/>
          <testcase name="test_history_records_are_ordered_by_created_at_descending with data set &quot;iteration_94_records_11&quot;" file="E:\coupony-backend\tests\Property\HistoryOrderingPropertyTest.php" line="57" class="Tests\Property\HistoryOrderingPropertyTest" classname="Tests.Property.HistoryOrderingPropertyTest" assertions="22" time="0.060002"/>
          <testcase name="test_history_records_are_ordered_by_created_at_descending with data set &quot;iteration_95_records_11&quot;" file="E:\coupony-backend\tests\Property\HistoryOrderingPropertyTest.php" line="57" class="Tests\Property\HistoryOrderingPropertyTest" classname="Tests.Property.HistoryOrderingPropertyTest" assertions="22" time="0.061346"/>
          <testcase name="test_history_records_are_ordered_by_created_at_descending with data set &quot;iteration_96_records_8&quot;" file="E:\coupony-backend\tests\Property\HistoryOrderingPropertyTest.php" line="57" class="Tests\Property\HistoryOrderingPropertyTest" classname="Tests.Property.HistoryOrderingPropertyTest" assertions="16" time="0.054541"/>
          <testcase name="test_history_records_are_ordered_by_created_at_descending with data set &quot;iteration_97_records_6&quot;" file="E:\coupony-backend\tests\Property\HistoryOrderingPropertyTest.php" line="57" class="Tests\Property\HistoryOrderingPropertyTest" classname="Tests.Property.HistoryOrderingPropertyTest" assertions="12" time="0.051812"/>
          <testcase name="test_history_records_are_ordered_by_created_at_descending with data set &quot;iteration_98_records_15&quot;" file="E:\coupony-backend\tests\Property\HistoryOrderingPropertyTest.php" line="57" class="Tests\Property\HistoryOrderingPropertyTest" classname="Tests.Property.HistoryOrderingPropertyTest" assertions="30" time="0.143604"/>
          <testcase name="test_history_records_are_ordered_by_created_at_descending with data set &quot;iteration_99_records_20&quot;" file="E:\coupony-backend\tests\Property\HistoryOrderingPropertyTest.php" line="57" class="Tests\Property\HistoryOrderingPropertyTest" classname="Tests.Property.HistoryOrderingPropertyTest" assertions="40" time="0.073181"/>
          <testcase name="test_history_records_are_ordered_by_created_at_descending with data set &quot;iteration_100_records_3&quot;" file="E:\coupony-backend\tests\Property\HistoryOrderingPropertyTest.php" line="57" class="Tests\Property\HistoryOrderingPropertyTest" classname="Tests.Property.HistoryOrderingPropertyTest" assertions="6" time="0.051713"/>
          <testcase name="test_history_records_are_ordered_by_created_at_descending with data set &quot;iteration_101_records_14&quot;" file="E:\coupony-backend\tests\Property\HistoryOrderingPropertyTest.php" line="57" class="Tests\Property\HistoryOrderingPropertyTest" classname="Tests.Property.HistoryOrderingPropertyTest" assertions="28" time="0.062920"/>
          <testcase name="test_history_records_are_ordered_by_created_at_descending with data set &quot;iteration_102_records_2&quot;" file="E:\coupony-backend\tests\Property\HistoryOrderingPropertyTest.php" line="57" class="Tests\Property\HistoryOrderingPropertyTest" classname="Tests.Property.HistoryOrderingPropertyTest" assertions="4" time="0.050830"/>
          <testcase name="test_history_records_are_ordered_by_created_at_descending with data set &quot;iteration_103_records_14&quot;" file="E:\coupony-backend\tests\Property\HistoryOrderingPropertyTest.php" line="57" class="Tests\Property\HistoryOrderingPropertyTest" classname="Tests.Property.HistoryOrderingPropertyTest" assertions="28" time="0.062030"/>
          <testcase name="test_history_records_are_ordered_by_created_at_descending with data set &quot;iteration_104_records_3&quot;" file="E:\coupony-backend\tests\Property\HistoryOrderingPropertyTest.php" line="57" class="Tests\Property\HistoryOrderingPropertyTest" classname="Tests.Property.HistoryOrderingPropertyTest" assertions="6" time="0.050951"/>
        </testsuite>
      </testsuite>
      <testsuite name="Tests\Property\HmacValidationPropertyTest" file="E:\coupony-backend\tests\Property\HmacValidationPropertyTest.php" tests="400" assertions="400" errors="0" failures="0" skipped="0" time="17.067127">
        <testsuite name="Tests\Property\HmacValidationPropertyTest::test_valid_hmac_is_accepted_for_any_payload" tests="100" assertions="100" errors="0" failures="0" skipped="0" time="4.236670">
          <testcase name="test_valid_hmac_is_accepted_for_any_payload with data set &quot;iteration_0&quot;" file="E:\coupony-backend\tests\Property\HmacValidationPropertyTest.php" line="155" class="Tests\Property\HmacValidationPropertyTest" classname="Tests.Property.HmacValidationPropertyTest" assertions="1" time="0.033163"/>
          <testcase name="test_valid_hmac_is_accepted_for_any_payload with data set &quot;iteration_1&quot;" file="E:\coupony-backend\tests\Property\HmacValidationPropertyTest.php" line="155" class="Tests\Property\HmacValidationPropertyTest" classname="Tests.Property.HmacValidationPropertyTest" assertions="1" time="0.033889"/>
          <testcase name="test_valid_hmac_is_accepted_for_any_payload with data set &quot;iteration_2&quot;" file="E:\coupony-backend\tests\Property\HmacValidationPropertyTest.php" line="155" class="Tests\Property\HmacValidationPropertyTest" classname="Tests.Property.HmacValidationPropertyTest" assertions="1" time="0.038891"/>
          <testcase name="test_valid_hmac_is_accepted_for_any_payload with data set &quot;iteration_3&quot;" file="E:\coupony-backend\tests\Property\HmacValidationPropertyTest.php" line="155" class="Tests\Property\HmacValidationPropertyTest" classname="Tests.Property.HmacValidationPropertyTest" assertions="1" time="0.030607"/>
          <testcase name="test_valid_hmac_is_accepted_for_any_payload with data set &quot;iteration_4&quot;" file="E:\coupony-backend\tests\Property\HmacValidationPropertyTest.php" line="155" class="Tests\Property\HmacValidationPropertyTest" classname="Tests.Property.HmacValidationPropertyTest" assertions="1" time="0.033294"/>
          <testcase name="test_valid_hmac_is_accepted_for_any_payload with data set &quot;iteration_5&quot;" file="E:\coupony-backend\tests\Property\HmacValidationPropertyTest.php" line="155" class="Tests\Property\HmacValidationPropertyTest" classname="Tests.Property.HmacValidationPropertyTest" assertions="1" time="0.034053"/>
          <testcase name="test_valid_hmac_is_accepted_for_any_payload with data set &quot;iteration_6&quot;" file="E:\coupony-backend\tests\Property\HmacValidationPropertyTest.php" line="155" class="Tests\Property\HmacValidationPropertyTest" classname="Tests.Property.HmacValidationPropertyTest" assertions="1" time="0.034995"/>
          <testcase name="test_valid_hmac_is_accepted_for_any_payload with data set &quot;iteration_7&quot;" file="E:\coupony-backend\tests\Property\HmacValidationPropertyTest.php" line="155" class="Tests\Property\HmacValidationPropertyTest" classname="Tests.Property.HmacValidationPropertyTest" assertions="1" time="0.031917"/>
          <testcase name="test_valid_hmac_is_accepted_for_any_payload with data set &quot;iteration_8&quot;" file="E:\coupony-backend\tests\Property\HmacValidationPropertyTest.php" line="155" class="Tests\Property\HmacValidationPropertyTest" classname="Tests.Property.HmacValidationPropertyTest" assertions="1" time="0.034614"/>
          <testcase name="test_valid_hmac_is_accepted_for_any_payload with data set &quot;iteration_9&quot;" file="E:\coupony-backend\tests\Property\HmacValidationPropertyTest.php" line="155" class="Tests\Property\HmacValidationPropertyTest" classname="Tests.Property.HmacValidationPropertyTest" assertions="1" time="0.096318"/>
          <testcase name="test_valid_hmac_is_accepted_for_any_payload with data set &quot;iteration_10&quot;" file="E:\coupony-backend\tests\Property\HmacValidationPropertyTest.php" line="155" class="Tests\Property\HmacValidationPropertyTest" classname="Tests.Property.HmacValidationPropertyTest" assertions="1" time="0.031627"/>
          <testcase name="test_valid_hmac_is_accepted_for_any_payload with data set &quot;iteration_11&quot;" file="E:\coupony-backend\tests\Property\HmacValidationPropertyTest.php" line="155" class="Tests\Property\HmacValidationPropertyTest" classname="Tests.Property.HmacValidationPropertyTest" assertions="1" time="0.033544"/>
          <testcase name="test_valid_hmac_is_accepted_for_any_payload with data set &quot;iteration_12&quot;" file="E:\coupony-backend\tests\Property\HmacValidationPropertyTest.php" line="155" class="Tests\Property\HmacValidationPropertyTest" classname="Tests.Property.HmacValidationPropertyTest" assertions="1" time="0.030806"/>
          <testcase name="test_valid_hmac_is_accepted_for_any_payload with data set &quot;iteration_13&quot;" file="E:\coupony-backend\tests\Property\HmacValidationPropertyTest.php" line="155" class="Tests\Property\HmacValidationPropertyTest" classname="Tests.Property.HmacValidationPropertyTest" assertions="1" time="0.035224"/>
          <testcase name="test_valid_hmac_is_accepted_for_any_payload with data set &quot;iteration_14&quot;" file="E:\coupony-backend\tests\Property\HmacValidationPropertyTest.php" line="155" class="Tests\Property\HmacValidationPropertyTest" classname="Tests.Property.HmacValidationPropertyTest" assertions="1" time="0.037088"/>
          <testcase name="test_valid_hmac_is_accepted_for_any_payload with data set &quot;iteration_15&quot;" file="E:\coupony-backend\tests\Property\HmacValidationPropertyTest.php" line="155" class="Tests\Property\HmacValidationPropertyTest" classname="Tests.Property.HmacValidationPropertyTest" assertions="1" time="0.035980"/>
          <testcase name="test_valid_hmac_is_accepted_for_any_payload with data set &quot;iteration_16&quot;" file="E:\coupony-backend\tests\Property\HmacValidationPropertyTest.php" line="155" class="Tests\Property\HmacValidationPropertyTest" classname="Tests.Property.HmacValidationPropertyTest" assertions="1" time="0.037823"/>
          <testcase name="test_valid_hmac_is_accepted_for_any_payload with data set &quot;iteration_17&quot;" file="E:\coupony-backend\tests\Property\HmacValidationPropertyTest.php" line="155" class="Tests\Property\HmacValidationPropertyTest" classname="Tests.Property.HmacValidationPropertyTest" assertions="1" time="0.035576"/>
          <testcase name="test_valid_hmac_is_accepted_for_any_payload with data set &quot;iteration_18&quot;" file="E:\coupony-backend\tests\Property\HmacValidationPropertyTest.php" line="155" class="Tests\Property\HmacValidationPropertyTest" classname="Tests.Property.HmacValidationPropertyTest" assertions="1" time="0.035803"/>
          <testcase name="test_valid_hmac_is_accepted_for_any_payload with data set &quot;iteration_19&quot;" file="E:\coupony-backend\tests\Property\HmacValidationPropertyTest.php" line="155" class="Tests\Property\HmacValidationPropertyTest" classname="Tests.Property.HmacValidationPropertyTest" assertions="1" time="0.117874"/>
          <testcase name="test_valid_hmac_is_accepted_for_any_payload with data set &quot;iteration_20&quot;" file="E:\coupony-backend\tests\Property\HmacValidationPropertyTest.php" line="155" class="Tests\Property\HmacValidationPropertyTest" classname="Tests.Property.HmacValidationPropertyTest" assertions="1" time="0.035808"/>
          <testcase name="test_valid_hmac_is_accepted_for_any_payload with data set &quot;iteration_21&quot;" file="E:\coupony-backend\tests\Property\HmacValidationPropertyTest.php" line="155" class="Tests\Property\HmacValidationPropertyTest" classname="Tests.Property.HmacValidationPropertyTest" assertions="1" time="0.035554"/>
          <testcase name="test_valid_hmac_is_accepted_for_any_payload with data set &quot;iteration_22&quot;" file="E:\coupony-backend\tests\Property\HmacValidationPropertyTest.php" line="155" class="Tests\Property\HmacValidationPropertyTest" classname="Tests.Property.HmacValidationPropertyTest" assertions="1" time="0.035923"/>
          <testcase name="test_valid_hmac_is_accepted_for_any_payload with data set &quot;iteration_23&quot;" file="E:\coupony-backend\tests\Property\HmacValidationPropertyTest.php" line="155" class="Tests\Property\HmacValidationPropertyTest" classname="Tests.Property.HmacValidationPropertyTest" assertions="1" time="0.033202"/>
          <testcase name="test_valid_hmac_is_accepted_for_any_payload with data set &quot;iteration_24&quot;" file="E:\coupony-backend\tests\Property\HmacValidationPropertyTest.php" line="155" class="Tests\Property\HmacValidationPropertyTest" classname="Tests.Property.HmacValidationPropertyTest" assertions="1" time="0.034710"/>
          <testcase name="test_valid_hmac_is_accepted_for_any_payload with data set &quot;iteration_25&quot;" file="E:\coupony-backend\tests\Property\HmacValidationPropertyTest.php" line="155" class="Tests\Property\HmacValidationPropertyTest" classname="Tests.Property.HmacValidationPropertyTest" assertions="1" time="0.037134"/>
          <testcase name="test_valid_hmac_is_accepted_for_any_payload with data set &quot;iteration_26&quot;" file="E:\coupony-backend\tests\Property\HmacValidationPropertyTest.php" line="155" class="Tests\Property\HmacValidationPropertyTest" classname="Tests.Property.HmacValidationPropertyTest" assertions="1" time="0.035686"/>
          <testcase name="test_valid_hmac_is_accepted_for_any_payload with data set &quot;iteration_27&quot;" file="E:\coupony-backend\tests\Property\HmacValidationPropertyTest.php" line="155" class="Tests\Property\HmacValidationPropertyTest" classname="Tests.Property.HmacValidationPropertyTest" assertions="1" time="0.038225"/>
          <testcase name="test_valid_hmac_is_accepted_for_any_payload with data set &quot;iteration_28&quot;" file="E:\coupony-backend\tests\Property\HmacValidationPropertyTest.php" line="155" class="Tests\Property\HmacValidationPropertyTest" classname="Tests.Property.HmacValidationPropertyTest" assertions="1" time="0.034407"/>
          <testcase name="test_valid_hmac_is_accepted_for_any_payload with data set &quot;iteration_29&quot;" file="E:\coupony-backend\tests\Property\HmacValidationPropertyTest.php" line="155" class="Tests\Property\HmacValidationPropertyTest" classname="Tests.Property.HmacValidationPropertyTest" assertions="1" time="0.112498"/>
          <testcase name="test_valid_hmac_is_accepted_for_any_payload with data set &quot;iteration_30&quot;" file="E:\coupony-backend\tests\Property\HmacValidationPropertyTest.php" line="155" class="Tests\Property\HmacValidationPropertyTest" classname="Tests.Property.HmacValidationPropertyTest" assertions="1" time="0.033040"/>
          <testcase name="test_valid_hmac_is_accepted_for_any_payload with data set &quot;iteration_31&quot;" file="E:\coupony-backend\tests\Property\HmacValidationPropertyTest.php" line="155" class="Tests\Property\HmacValidationPropertyTest" classname="Tests.Property.HmacValidationPropertyTest" assertions="1" time="0.030993"/>
          <testcase name="test_valid_hmac_is_accepted_for_any_payload with data set &quot;iteration_32&quot;" file="E:\coupony-backend\tests\Property\HmacValidationPropertyTest.php" line="155" class="Tests\Property\HmacValidationPropertyTest" classname="Tests.Property.HmacValidationPropertyTest" assertions="1" time="0.031973"/>
          <testcase name="test_valid_hmac_is_accepted_for_any_payload with data set &quot;iteration_33&quot;" file="E:\coupony-backend\tests\Property\HmacValidationPropertyTest.php" line="155" class="Tests\Property\HmacValidationPropertyTest" classname="Tests.Property.HmacValidationPropertyTest" assertions="1" time="0.030651"/>
          <testcase name="test_valid_hmac_is_accepted_for_any_payload with data set &quot;iteration_34&quot;" file="E:\coupony-backend\tests\Property\HmacValidationPropertyTest.php" line="155" class="Tests\Property\HmacValidationPropertyTest" classname="Tests.Property.HmacValidationPropertyTest" assertions="1" time="0.033280"/>
          <testcase name="test_valid_hmac_is_accepted_for_any_payload with data set &quot;iteration_35&quot;" file="E:\coupony-backend\tests\Property\HmacValidationPropertyTest.php" line="155" class="Tests\Property\HmacValidationPropertyTest" classname="Tests.Property.HmacValidationPropertyTest" assertions="1" time="0.030423"/>
          <testcase name="test_valid_hmac_is_accepted_for_any_payload with data set &quot;iteration_36&quot;" file="E:\coupony-backend\tests\Property\HmacValidationPropertyTest.php" line="155" class="Tests\Property\HmacValidationPropertyTest" classname="Tests.Property.HmacValidationPropertyTest" assertions="1" time="0.033765"/>
          <testcase name="test_valid_hmac_is_accepted_for_any_payload with data set &quot;iteration_37&quot;" file="E:\coupony-backend\tests\Property\HmacValidationPropertyTest.php" line="155" class="Tests\Property\HmacValidationPropertyTest" classname="Tests.Property.HmacValidationPropertyTest" assertions="1" time="0.030842"/>
          <testcase name="test_valid_hmac_is_accepted_for_any_payload with data set &quot;iteration_38&quot;" file="E:\coupony-backend\tests\Property\HmacValidationPropertyTest.php" line="155" class="Tests\Property\HmacValidationPropertyTest" classname="Tests.Property.HmacValidationPropertyTest" assertions="1" time="0.033418"/>
          <testcase name="test_valid_hmac_is_accepted_for_any_payload with data set &quot;iteration_39&quot;" file="E:\coupony-backend\tests\Property\HmacValidationPropertyTest.php" line="155" class="Tests\Property\HmacValidationPropertyTest" classname="Tests.Property.HmacValidationPropertyTest" assertions="1" time="0.120597"/>
          <testcase name="test_valid_hmac_is_accepted_for_any_payload with data set &quot;iteration_40&quot;" file="E:\coupony-backend\tests\Property\HmacValidationPropertyTest.php" line="155" class="Tests\Property\HmacValidationPropertyTest" classname="Tests.Property.HmacValidationPropertyTest" assertions="1" time="0.035193"/>
          <testcase name="test_valid_hmac_is_accepted_for_any_payload with data set &quot;iteration_41&quot;" file="E:\coupony-backend\tests\Property\HmacValidationPropertyTest.php" line="155" class="Tests\Property\HmacValidationPropertyTest" classname="Tests.Property.HmacValidationPropertyTest" assertions="1" time="0.034690"/>
          <testcase name="test_valid_hmac_is_accepted_for_any_payload with data set &quot;iteration_42&quot;" file="E:\coupony-backend\tests\Property\HmacValidationPropertyTest.php" line="155" class="Tests\Property\HmacValidationPropertyTest" classname="Tests.Property.HmacValidationPropertyTest" assertions="1" time="0.033413"/>
          <testcase name="test_valid_hmac_is_accepted_for_any_payload with data set &quot;iteration_43&quot;" file="E:\coupony-backend\tests\Property\HmacValidationPropertyTest.php" line="155" class="Tests\Property\HmacValidationPropertyTest" classname="Tests.Property.HmacValidationPropertyTest" assertions="1" time="0.034024"/>
          <testcase name="test_valid_hmac_is_accepted_for_any_payload with data set &quot;iteration_44&quot;" file="E:\coupony-backend\tests\Property\HmacValidationPropertyTest.php" line="155" class="Tests\Property\HmacValidationPropertyTest" classname="Tests.Property.HmacValidationPropertyTest" assertions="1" time="0.031551"/>
          <testcase name="test_valid_hmac_is_accepted_for_any_payload with data set &quot;iteration_45&quot;" file="E:\coupony-backend\tests\Property\HmacValidationPropertyTest.php" line="155" class="Tests\Property\HmacValidationPropertyTest" classname="Tests.Property.HmacValidationPropertyTest" assertions="1" time="0.033619"/>
          <testcase name="test_valid_hmac_is_accepted_for_any_payload with data set &quot;iteration_46&quot;" file="E:\coupony-backend\tests\Property\HmacValidationPropertyTest.php" line="155" class="Tests\Property\HmacValidationPropertyTest" classname="Tests.Property.HmacValidationPropertyTest" assertions="1" time="0.036218"/>
          <testcase name="test_valid_hmac_is_accepted_for_any_payload with data set &quot;iteration_47&quot;" file="E:\coupony-backend\tests\Property\HmacValidationPropertyTest.php" line="155" class="Tests\Property\HmacValidationPropertyTest" classname="Tests.Property.HmacValidationPropertyTest" assertions="1" time="0.033869"/>
          <testcase name="test_valid_hmac_is_accepted_for_any_payload with data set &quot;iteration_48&quot;" file="E:\coupony-backend\tests\Property\HmacValidationPropertyTest.php" line="155" class="Tests\Property\HmacValidationPropertyTest" classname="Tests.Property.HmacValidationPropertyTest" assertions="1" time="0.031648"/>
          <testcase name="test_valid_hmac_is_accepted_for_any_payload with data set &quot;iteration_49&quot;" file="E:\coupony-backend\tests\Property\HmacValidationPropertyTest.php" line="155" class="Tests\Property\HmacValidationPropertyTest" classname="Tests.Property.HmacValidationPropertyTest" assertions="1" time="0.112665"/>
          <testcase name="test_valid_hmac_is_accepted_for_any_payload with data set &quot;iteration_50&quot;" file="E:\coupony-backend\tests\Property\HmacValidationPropertyTest.php" line="155" class="Tests\Property\HmacValidationPropertyTest" classname="Tests.Property.HmacValidationPropertyTest" assertions="1" time="0.033950"/>
          <testcase name="test_valid_hmac_is_accepted_for_any_payload with data set &quot;iteration_51&quot;" file="E:\coupony-backend\tests\Property\HmacValidationPropertyTest.php" line="155" class="Tests\Property\HmacValidationPropertyTest" classname="Tests.Property.HmacValidationPropertyTest" assertions="1" time="0.031427"/>
          <testcase name="test_valid_hmac_is_accepted_for_any_payload with data set &quot;iteration_52&quot;" file="E:\coupony-backend\tests\Property\HmacValidationPropertyTest.php" line="155" class="Tests\Property\HmacValidationPropertyTest" classname="Tests.Property.HmacValidationPropertyTest" assertions="1" time="0.032114"/>
          <testcase name="test_valid_hmac_is_accepted_for_any_payload with data set &quot;iteration_53&quot;" file="E:\coupony-backend\tests\Property\HmacValidationPropertyTest.php" line="155" class="Tests\Property\HmacValidationPropertyTest" classname="Tests.Property.HmacValidationPropertyTest" assertions="1" time="0.034053"/>
          <testcase name="test_valid_hmac_is_accepted_for_any_payload with data set &quot;iteration_54&quot;" file="E:\coupony-backend\tests\Property\HmacValidationPropertyTest.php" line="155" class="Tests\Property\HmacValidationPropertyTest" classname="Tests.Property.HmacValidationPropertyTest" assertions="1" time="0.031462"/>
          <testcase name="test_valid_hmac_is_accepted_for_any_payload with data set &quot;iteration_55&quot;" file="E:\coupony-backend\tests\Property\HmacValidationPropertyTest.php" line="155" class="Tests\Property\HmacValidationPropertyTest" classname="Tests.Property.HmacValidationPropertyTest" assertions="1" time="0.035348"/>
          <testcase name="test_valid_hmac_is_accepted_for_any_payload with data set &quot;iteration_56&quot;" file="E:\coupony-backend\tests\Property\HmacValidationPropertyTest.php" line="155" class="Tests\Property\HmacValidationPropertyTest" classname="Tests.Property.HmacValidationPropertyTest" assertions="1" time="0.036285"/>
          <testcase name="test_valid_hmac_is_accepted_for_any_payload with data set &quot;iteration_57&quot;" file="E:\coupony-backend\tests\Property\HmacValidationPropertyTest.php" line="155" class="Tests\Property\HmacValidationPropertyTest" classname="Tests.Property.HmacValidationPropertyTest" assertions="1" time="0.034593"/>
          <testcase name="test_valid_hmac_is_accepted_for_any_payload with data set &quot;iteration_58&quot;" file="E:\coupony-backend\tests\Property\HmacValidationPropertyTest.php" line="155" class="Tests\Property\HmacValidationPropertyTest" classname="Tests.Property.HmacValidationPropertyTest" assertions="1" time="0.034449"/>
          <testcase name="test_valid_hmac_is_accepted_for_any_payload with data set &quot;iteration_59&quot;" file="E:\coupony-backend\tests\Property\HmacValidationPropertyTest.php" line="155" class="Tests\Property\HmacValidationPropertyTest" classname="Tests.Property.HmacValidationPropertyTest" assertions="1" time="0.116608"/>
          <testcase name="test_valid_hmac_is_accepted_for_any_payload with data set &quot;iteration_60&quot;" file="E:\coupony-backend\tests\Property\HmacValidationPropertyTest.php" line="155" class="Tests\Property\HmacValidationPropertyTest" classname="Tests.Property.HmacValidationPropertyTest" assertions="1" time="0.033288"/>
          <testcase name="test_valid_hmac_is_accepted_for_any_payload with data set &quot;iteration_61&quot;" file="E:\coupony-backend\tests\Property\HmacValidationPropertyTest.php" line="155" class="Tests\Property\HmacValidationPropertyTest" classname="Tests.Property.HmacValidationPropertyTest" assertions="1" time="0.031238"/>
          <testcase name="test_valid_hmac_is_accepted_for_any_payload with data set &quot;iteration_62&quot;" file="E:\coupony-backend\tests\Property\HmacValidationPropertyTest.php" line="155" class="Tests\Property\HmacValidationPropertyTest" classname="Tests.Property.HmacValidationPropertyTest" assertions="1" time="0.033329"/>
          <testcase name="test_valid_hmac_is_accepted_for_any_payload with data set &quot;iteration_63&quot;" file="E:\coupony-backend\tests\Property\HmacValidationPropertyTest.php" line="155" class="Tests\Property\HmacValidationPropertyTest" classname="Tests.Property.HmacValidationPropertyTest" assertions="1" time="0.031888"/>
          <testcase name="test_valid_hmac_is_accepted_for_any_payload with data set &quot;iteration_64&quot;" file="E:\coupony-backend\tests\Property\HmacValidationPropertyTest.php" line="155" class="Tests\Property\HmacValidationPropertyTest" classname="Tests.Property.HmacValidationPropertyTest" assertions="1" time="0.034736"/>
          <testcase name="test_valid_hmac_is_accepted_for_any_payload with data set &quot;iteration_65&quot;" file="E:\coupony-backend\tests\Property\HmacValidationPropertyTest.php" line="155" class="Tests\Property\HmacValidationPropertyTest" classname="Tests.Property.HmacValidationPropertyTest" assertions="1" time="0.033034"/>
          <testcase name="test_valid_hmac_is_accepted_for_any_payload with data set &quot;iteration_66&quot;" file="E:\coupony-backend\tests\Property\HmacValidationPropertyTest.php" line="155" class="Tests\Property\HmacValidationPropertyTest" classname="Tests.Property.HmacValidationPropertyTest" assertions="1" time="0.031835"/>
          <testcase name="test_valid_hmac_is_accepted_for_any_payload with data set &quot;iteration_67&quot;" file="E:\coupony-backend\tests\Property\HmacValidationPropertyTest.php" line="155" class="Tests\Property\HmacValidationPropertyTest" classname="Tests.Property.HmacValidationPropertyTest" assertions="1" time="0.033078"/>
          <testcase name="test_valid_hmac_is_accepted_for_any_payload with data set &quot;iteration_68&quot;" file="E:\coupony-backend\tests\Property\HmacValidationPropertyTest.php" line="155" class="Tests\Property\HmacValidationPropertyTest" classname="Tests.Property.HmacValidationPropertyTest" assertions="1" time="0.034205"/>
          <testcase name="test_valid_hmac_is_accepted_for_any_payload with data set &quot;iteration_69&quot;" file="E:\coupony-backend\tests\Property\HmacValidationPropertyTest.php" line="155" class="Tests\Property\HmacValidationPropertyTest" classname="Tests.Property.HmacValidationPropertyTest" assertions="1" time="0.117038"/>
          <testcase name="test_valid_hmac_is_accepted_for_any_payload with data set &quot;iteration_70&quot;" file="E:\coupony-backend\tests\Property\HmacValidationPropertyTest.php" line="155" class="Tests\Property\HmacValidationPropertyTest" classname="Tests.Property.HmacValidationPropertyTest" assertions="1" time="0.034412"/>
          <testcase name="test_valid_hmac_is_accepted_for_any_payload with data set &quot;iteration_71&quot;" file="E:\coupony-backend\tests\Property\HmacValidationPropertyTest.php" line="155" class="Tests\Property\HmacValidationPropertyTest" classname="Tests.Property.HmacValidationPropertyTest" assertions="1" time="0.030909"/>
          <testcase name="test_valid_hmac_is_accepted_for_any_payload with data set &quot;iteration_72&quot;" file="E:\coupony-backend\tests\Property\HmacValidationPropertyTest.php" line="155" class="Tests\Property\HmacValidationPropertyTest" classname="Tests.Property.HmacValidationPropertyTest" assertions="1" time="0.035538"/>
          <testcase name="test_valid_hmac_is_accepted_for_any_payload with data set &quot;iteration_73&quot;" file="E:\coupony-backend\tests\Property\HmacValidationPropertyTest.php" line="155" class="Tests\Property\HmacValidationPropertyTest" classname="Tests.Property.HmacValidationPropertyTest" assertions="1" time="0.036801"/>
          <testcase name="test_valid_hmac_is_accepted_for_any_payload with data set &quot;iteration_74&quot;" file="E:\coupony-backend\tests\Property\HmacValidationPropertyTest.php" line="155" class="Tests\Property\HmacValidationPropertyTest" classname="Tests.Property.HmacValidationPropertyTest" assertions="1" time="0.036653"/>
          <testcase name="test_valid_hmac_is_accepted_for_any_payload with data set &quot;iteration_75&quot;" file="E:\coupony-backend\tests\Property\HmacValidationPropertyTest.php" line="155" class="Tests\Property\HmacValidationPropertyTest" classname="Tests.Property.HmacValidationPropertyTest" assertions="1" time="0.034099"/>
          <testcase name="test_valid_hmac_is_accepted_for_any_payload with data set &quot;iteration_76&quot;" file="E:\coupony-backend\tests\Property\HmacValidationPropertyTest.php" line="155" class="Tests\Property\HmacValidationPropertyTest" classname="Tests.Property.HmacValidationPropertyTest" assertions="1" time="0.034792"/>
          <testcase name="test_valid_hmac_is_accepted_for_any_payload with data set &quot;iteration_77&quot;" file="E:\coupony-backend\tests\Property\HmacValidationPropertyTest.php" line="155" class="Tests\Property\HmacValidationPropertyTest" classname="Tests.Property.HmacValidationPropertyTest" assertions="1" time="0.032134"/>
          <testcase name="test_valid_hmac_is_accepted_for_any_payload with data set &quot;iteration_78&quot;" file="E:\coupony-backend\tests\Property\HmacValidationPropertyTest.php" line="155" class="Tests\Property\HmacValidationPropertyTest" classname="Tests.Property.HmacValidationPropertyTest" assertions="1" time="0.033097"/>
          <testcase name="test_valid_hmac_is_accepted_for_any_payload with data set &quot;iteration_79&quot;" file="E:\coupony-backend\tests\Property\HmacValidationPropertyTest.php" line="155" class="Tests\Property\HmacValidationPropertyTest" classname="Tests.Property.HmacValidationPropertyTest" assertions="1" time="0.126267"/>
          <testcase name="test_valid_hmac_is_accepted_for_any_payload with data set &quot;iteration_80&quot;" file="E:\coupony-backend\tests\Property\HmacValidationPropertyTest.php" line="155" class="Tests\Property\HmacValidationPropertyTest" classname="Tests.Property.HmacValidationPropertyTest" assertions="1" time="0.036489"/>
          <testcase name="test_valid_hmac_is_accepted_for_any_payload with data set &quot;iteration_81&quot;" file="E:\coupony-backend\tests\Property\HmacValidationPropertyTest.php" line="155" class="Tests\Property\HmacValidationPropertyTest" classname="Tests.Property.HmacValidationPropertyTest" assertions="1" time="0.036919"/>
          <testcase name="test_valid_hmac_is_accepted_for_any_payload with data set &quot;iteration_82&quot;" file="E:\coupony-backend\tests\Property\HmacValidationPropertyTest.php" line="155" class="Tests\Property\HmacValidationPropertyTest" classname="Tests.Property.HmacValidationPropertyTest" assertions="1" time="0.036027"/>
          <testcase name="test_valid_hmac_is_accepted_for_any_payload with data set &quot;iteration_83&quot;" file="E:\coupony-backend\tests\Property\HmacValidationPropertyTest.php" line="155" class="Tests\Property\HmacValidationPropertyTest" classname="Tests.Property.HmacValidationPropertyTest" assertions="1" time="0.034304"/>
          <testcase name="test_valid_hmac_is_accepted_for_any_payload with data set &quot;iteration_84&quot;" file="E:\coupony-backend\tests\Property\HmacValidationPropertyTest.php" line="155" class="Tests\Property\HmacValidationPropertyTest" classname="Tests.Property.HmacValidationPropertyTest" assertions="1" time="0.040966"/>
          <testcase name="test_valid_hmac_is_accepted_for_any_payload with data set &quot;iteration_85&quot;" file="E:\coupony-backend\tests\Property\HmacValidationPropertyTest.php" line="155" class="Tests\Property\HmacValidationPropertyTest" classname="Tests.Property.HmacValidationPropertyTest" assertions="1" time="0.035920"/>
          <testcase name="test_valid_hmac_is_accepted_for_any_payload with data set &quot;iteration_86&quot;" file="E:\coupony-backend\tests\Property\HmacValidationPropertyTest.php" line="155" class="Tests\Property\HmacValidationPropertyTest" classname="Tests.Property.HmacValidationPropertyTest" assertions="1" time="0.035117"/>
          <testcase name="test_valid_hmac_is_accepted_for_any_payload with data set &quot;iteration_87&quot;" file="E:\coupony-backend\tests\Property\HmacValidationPropertyTest.php" line="155" class="Tests\Property\HmacValidationPropertyTest" classname="Tests.Property.HmacValidationPropertyTest" assertions="1" time="0.043166"/>
          <testcase name="test_valid_hmac_is_accepted_for_any_payload with data set &quot;iteration_88&quot;" file="E:\coupony-backend\tests\Property\HmacValidationPropertyTest.php" line="155" class="Tests\Property\HmacValidationPropertyTest" classname="Tests.Property.HmacValidationPropertyTest" assertions="1" time="0.033978"/>
          <testcase name="test_valid_hmac_is_accepted_for_any_payload with data set &quot;iteration_89&quot;" file="E:\coupony-backend\tests\Property\HmacValidationPropertyTest.php" line="155" class="Tests\Property\HmacValidationPropertyTest" classname="Tests.Property.HmacValidationPropertyTest" assertions="1" time="0.127897"/>
          <testcase name="test_valid_hmac_is_accepted_for_any_payload with data set &quot;iteration_90&quot;" file="E:\coupony-backend\tests\Property\HmacValidationPropertyTest.php" line="155" class="Tests\Property\HmacValidationPropertyTest" classname="Tests.Property.HmacValidationPropertyTest" assertions="1" time="0.033380"/>
          <testcase name="test_valid_hmac_is_accepted_for_any_payload with data set &quot;iteration_91&quot;" file="E:\coupony-backend\tests\Property\HmacValidationPropertyTest.php" line="155" class="Tests\Property\HmacValidationPropertyTest" classname="Tests.Property.HmacValidationPropertyTest" assertions="1" time="0.031621"/>
          <testcase name="test_valid_hmac_is_accepted_for_any_payload with data set &quot;iteration_92&quot;" file="E:\coupony-backend\tests\Property\HmacValidationPropertyTest.php" line="155" class="Tests\Property\HmacValidationPropertyTest" classname="Tests.Property.HmacValidationPropertyTest" assertions="1" time="0.033334"/>
          <testcase name="test_valid_hmac_is_accepted_for_any_payload with data set &quot;iteration_93&quot;" file="E:\coupony-backend\tests\Property\HmacValidationPropertyTest.php" line="155" class="Tests\Property\HmacValidationPropertyTest" classname="Tests.Property.HmacValidationPropertyTest" assertions="1" time="0.030355"/>
          <testcase name="test_valid_hmac_is_accepted_for_any_payload with data set &quot;iteration_94&quot;" file="E:\coupony-backend\tests\Property\HmacValidationPropertyTest.php" line="155" class="Tests\Property\HmacValidationPropertyTest" classname="Tests.Property.HmacValidationPropertyTest" assertions="1" time="0.034544"/>
          <testcase name="test_valid_hmac_is_accepted_for_any_payload with data set &quot;iteration_95&quot;" file="E:\coupony-backend\tests\Property\HmacValidationPropertyTest.php" line="155" class="Tests\Property\HmacValidationPropertyTest" classname="Tests.Property.HmacValidationPropertyTest" assertions="1" time="0.034141"/>
          <testcase name="test_valid_hmac_is_accepted_for_any_payload with data set &quot;iteration_96&quot;" file="E:\coupony-backend\tests\Property\HmacValidationPropertyTest.php" line="155" class="Tests\Property\HmacValidationPropertyTest" classname="Tests.Property.HmacValidationPropertyTest" assertions="1" time="0.032345"/>
          <testcase name="test_valid_hmac_is_accepted_for_any_payload with data set &quot;iteration_97&quot;" file="E:\coupony-backend\tests\Property\HmacValidationPropertyTest.php" line="155" class="Tests\Property\HmacValidationPropertyTest" classname="Tests.Property.HmacValidationPropertyTest" assertions="1" time="0.032939"/>
          <testcase name="test_valid_hmac_is_accepted_for_any_payload with data set &quot;iteration_98&quot;" file="E:\coupony-backend\tests\Property\HmacValidationPropertyTest.php" line="155" class="Tests\Property\HmacValidationPropertyTest" classname="Tests.Property.HmacValidationPropertyTest" assertions="1" time="0.033122"/>
          <testcase name="test_valid_hmac_is_accepted_for_any_payload with data set &quot;iteration_99&quot;" file="E:\coupony-backend\tests\Property\HmacValidationPropertyTest.php" line="155" class="Tests\Property\HmacValidationPropertyTest" classname="Tests.Property.HmacValidationPropertyTest" assertions="1" time="0.119336"/>
        </testsuite>
        <testsuite name="Tests\Property\HmacValidationPropertyTest::test_mutated_payload_invalidates_hmac" tests="100" assertions="100" errors="0" failures="0" skipped="0" time="4.249106">
          <testcase name="test_mutated_payload_invalidates_hmac with data set &quot;iteration_0&quot;" file="E:\coupony-backend\tests\Property\HmacValidationPropertyTest.php" line="177" class="Tests\Property\HmacValidationPropertyTest" classname="Tests.Property.HmacValidationPropertyTest" assertions="1" time="0.035367"/>
          <testcase name="test_mutated_payload_invalidates_hmac with data set &quot;iteration_1&quot;" file="E:\coupony-backend\tests\Property\HmacValidationPropertyTest.php" line="177" class="Tests\Property\HmacValidationPropertyTest" classname="Tests.Property.HmacValidationPropertyTest" assertions="1" time="0.040933"/>
          <testcase name="test_mutated_payload_invalidates_hmac with data set &quot;iteration_2&quot;" file="E:\coupony-backend\tests\Property\HmacValidationPropertyTest.php" line="177" class="Tests\Property\HmacValidationPropertyTest" classname="Tests.Property.HmacValidationPropertyTest" assertions="1" time="0.033770"/>
          <testcase name="test_mutated_payload_invalidates_hmac with data set &quot;iteration_3&quot;" file="E:\coupony-backend\tests\Property\HmacValidationPropertyTest.php" line="177" class="Tests\Property\HmacValidationPropertyTest" classname="Tests.Property.HmacValidationPropertyTest" assertions="1" time="0.034037"/>
          <testcase name="test_mutated_payload_invalidates_hmac with data set &quot;iteration_4&quot;" file="E:\coupony-backend\tests\Property\HmacValidationPropertyTest.php" line="177" class="Tests\Property\HmacValidationPropertyTest" classname="Tests.Property.HmacValidationPropertyTest" assertions="1" time="0.033910"/>
          <testcase name="test_mutated_payload_invalidates_hmac with data set &quot;iteration_5&quot;" file="E:\coupony-backend\tests\Property\HmacValidationPropertyTest.php" line="177" class="Tests\Property\HmacValidationPropertyTest" classname="Tests.Property.HmacValidationPropertyTest" assertions="1" time="0.032501"/>
          <testcase name="test_mutated_payload_invalidates_hmac with data set &quot;iteration_6&quot;" file="E:\coupony-backend\tests\Property\HmacValidationPropertyTest.php" line="177" class="Tests\Property\HmacValidationPropertyTest" classname="Tests.Property.HmacValidationPropertyTest" assertions="1" time="0.034565"/>
          <testcase name="test_mutated_payload_invalidates_hmac with data set &quot;iteration_7&quot;" file="E:\coupony-backend\tests\Property\HmacValidationPropertyTest.php" line="177" class="Tests\Property\HmacValidationPropertyTest" classname="Tests.Property.HmacValidationPropertyTest" assertions="1" time="0.034048"/>
          <testcase name="test_mutated_payload_invalidates_hmac with data set &quot;iteration_8&quot;" file="E:\coupony-backend\tests\Property\HmacValidationPropertyTest.php" line="177" class="Tests\Property\HmacValidationPropertyTest" classname="Tests.Property.HmacValidationPropertyTest" assertions="1" time="0.034174"/>
          <testcase name="test_mutated_payload_invalidates_hmac with data set &quot;iteration_9&quot;" file="E:\coupony-backend\tests\Property\HmacValidationPropertyTest.php" line="177" class="Tests\Property\HmacValidationPropertyTest" classname="Tests.Property.HmacValidationPropertyTest" assertions="1" time="0.119786"/>
          <testcase name="test_mutated_payload_invalidates_hmac with data set &quot;iteration_10&quot;" file="E:\coupony-backend\tests\Property\HmacValidationPropertyTest.php" line="177" class="Tests\Property\HmacValidationPropertyTest" classname="Tests.Property.HmacValidationPropertyTest" assertions="1" time="0.034725"/>
          <testcase name="test_mutated_payload_invalidates_hmac with data set &quot;iteration_11&quot;" file="E:\coupony-backend\tests\Property\HmacValidationPropertyTest.php" line="177" class="Tests\Property\HmacValidationPropertyTest" classname="Tests.Property.HmacValidationPropertyTest" assertions="1" time="0.032379"/>
          <testcase name="test_mutated_payload_invalidates_hmac with data set &quot;iteration_12&quot;" file="E:\coupony-backend\tests\Property\HmacValidationPropertyTest.php" line="177" class="Tests\Property\HmacValidationPropertyTest" classname="Tests.Property.HmacValidationPropertyTest" assertions="1" time="0.032998"/>
          <testcase name="test_mutated_payload_invalidates_hmac with data set &quot;iteration_13&quot;" file="E:\coupony-backend\tests\Property\HmacValidationPropertyTest.php" line="177" class="Tests\Property\HmacValidationPropertyTest" classname="Tests.Property.HmacValidationPropertyTest" assertions="1" time="0.033043"/>
          <testcase name="test_mutated_payload_invalidates_hmac with data set &quot;iteration_14&quot;" file="E:\coupony-backend\tests\Property\HmacValidationPropertyTest.php" line="177" class="Tests\Property\HmacValidationPropertyTest" classname="Tests.Property.HmacValidationPropertyTest" assertions="1" time="0.031231"/>
          <testcase name="test_mutated_payload_invalidates_hmac with data set &quot;iteration_15&quot;" file="E:\coupony-backend\tests\Property\HmacValidationPropertyTest.php" line="177" class="Tests\Property\HmacValidationPropertyTest" classname="Tests.Property.HmacValidationPropertyTest" assertions="1" time="0.033620"/>
          <testcase name="test_mutated_payload_invalidates_hmac with data set &quot;iteration_16&quot;" file="E:\coupony-backend\tests\Property\HmacValidationPropertyTest.php" line="177" class="Tests\Property\HmacValidationPropertyTest" classname="Tests.Property.HmacValidationPropertyTest" assertions="1" time="0.033781"/>
          <testcase name="test_mutated_payload_invalidates_hmac with data set &quot;iteration_17&quot;" file="E:\coupony-backend\tests\Property\HmacValidationPropertyTest.php" line="177" class="Tests\Property\HmacValidationPropertyTest" classname="Tests.Property.HmacValidationPropertyTest" assertions="1" time="0.031230"/>
          <testcase name="test_mutated_payload_invalidates_hmac with data set &quot;iteration_18&quot;" file="E:\coupony-backend\tests\Property\HmacValidationPropertyTest.php" line="177" class="Tests\Property\HmacValidationPropertyTest" classname="Tests.Property.HmacValidationPropertyTest" assertions="1" time="0.034688"/>
          <testcase name="test_mutated_payload_invalidates_hmac with data set &quot;iteration_19&quot;" file="E:\coupony-backend\tests\Property\HmacValidationPropertyTest.php" line="177" class="Tests\Property\HmacValidationPropertyTest" classname="Tests.Property.HmacValidationPropertyTest" assertions="1" time="0.124509"/>
          <testcase name="test_mutated_payload_invalidates_hmac with data set &quot;iteration_20&quot;" file="E:\coupony-backend\tests\Property\HmacValidationPropertyTest.php" line="177" class="Tests\Property\HmacValidationPropertyTest" classname="Tests.Property.HmacValidationPropertyTest" assertions="1" time="0.037132"/>
          <testcase name="test_mutated_payload_invalidates_hmac with data set &quot;iteration_21&quot;" file="E:\coupony-backend\tests\Property\HmacValidationPropertyTest.php" line="177" class="Tests\Property\HmacValidationPropertyTest" classname="Tests.Property.HmacValidationPropertyTest" assertions="1" time="0.035640"/>
          <testcase name="test_mutated_payload_invalidates_hmac with data set &quot;iteration_22&quot;" file="E:\coupony-backend\tests\Property\HmacValidationPropertyTest.php" line="177" class="Tests\Property\HmacValidationPropertyTest" classname="Tests.Property.HmacValidationPropertyTest" assertions="1" time="0.031711"/>
          <testcase name="test_mutated_payload_invalidates_hmac with data set &quot;iteration_23&quot;" file="E:\coupony-backend\tests\Property\HmacValidationPropertyTest.php" line="177" class="Tests\Property\HmacValidationPropertyTest" classname="Tests.Property.HmacValidationPropertyTest" assertions="1" time="0.034517"/>
          <testcase name="test_mutated_payload_invalidates_hmac with data set &quot;iteration_24&quot;" file="E:\coupony-backend\tests\Property\HmacValidationPropertyTest.php" line="177" class="Tests\Property\HmacValidationPropertyTest" classname="Tests.Property.HmacValidationPropertyTest" assertions="1" time="0.034809"/>
          <testcase name="test_mutated_payload_invalidates_hmac with data set &quot;iteration_25&quot;" file="E:\coupony-backend\tests\Property\HmacValidationPropertyTest.php" line="177" class="Tests\Property\HmacValidationPropertyTest" classname="Tests.Property.HmacValidationPropertyTest" assertions="1" time="0.033867"/>
          <testcase name="test_mutated_payload_invalidates_hmac with data set &quot;iteration_26&quot;" file="E:\coupony-backend\tests\Property\HmacValidationPropertyTest.php" line="177" class="Tests\Property\HmacValidationPropertyTest" classname="Tests.Property.HmacValidationPropertyTest" assertions="1" time="0.033281"/>
          <testcase name="test_mutated_payload_invalidates_hmac with data set &quot;iteration_27&quot;" file="E:\coupony-backend\tests\Property\HmacValidationPropertyTest.php" line="177" class="Tests\Property\HmacValidationPropertyTest" classname="Tests.Property.HmacValidationPropertyTest" assertions="1" time="0.033997"/>
          <testcase name="test_mutated_payload_invalidates_hmac with data set &quot;iteration_28&quot;" file="E:\coupony-backend\tests\Property\HmacValidationPropertyTest.php" line="177" class="Tests\Property\HmacValidationPropertyTest" classname="Tests.Property.HmacValidationPropertyTest" assertions="1" time="0.034874"/>
          <testcase name="test_mutated_payload_invalidates_hmac with data set &quot;iteration_29&quot;" file="E:\coupony-backend\tests\Property\HmacValidationPropertyTest.php" line="177" class="Tests\Property\HmacValidationPropertyTest" classname="Tests.Property.HmacValidationPropertyTest" assertions="1" time="0.116725"/>
          <testcase name="test_mutated_payload_invalidates_hmac with data set &quot;iteration_30&quot;" file="E:\coupony-backend\tests\Property\HmacValidationPropertyTest.php" line="177" class="Tests\Property\HmacValidationPropertyTest" classname="Tests.Property.HmacValidationPropertyTest" assertions="1" time="0.034756"/>
          <testcase name="test_mutated_payload_invalidates_hmac with data set &quot;iteration_31&quot;" file="E:\coupony-backend\tests\Property\HmacValidationPropertyTest.php" line="177" class="Tests\Property\HmacValidationPropertyTest" classname="Tests.Property.HmacValidationPropertyTest" assertions="1" time="0.032172"/>
          <testcase name="test_mutated_payload_invalidates_hmac with data set &quot;iteration_32&quot;" file="E:\coupony-backend\tests\Property\HmacValidationPropertyTest.php" line="177" class="Tests\Property\HmacValidationPropertyTest" classname="Tests.Property.HmacValidationPropertyTest" assertions="1" time="0.036543"/>
          <testcase name="test_mutated_payload_invalidates_hmac with data set &quot;iteration_33&quot;" file="E:\coupony-backend\tests\Property\HmacValidationPropertyTest.php" line="177" class="Tests\Property\HmacValidationPropertyTest" classname="Tests.Property.HmacValidationPropertyTest" assertions="1" time="0.034446"/>
          <testcase name="test_mutated_payload_invalidates_hmac with data set &quot;iteration_34&quot;" file="E:\coupony-backend\tests\Property\HmacValidationPropertyTest.php" line="177" class="Tests\Property\HmacValidationPropertyTest" classname="Tests.Property.HmacValidationPropertyTest" assertions="1" time="0.035160"/>
          <testcase name="test_mutated_payload_invalidates_hmac with data set &quot;iteration_35&quot;" file="E:\coupony-backend\tests\Property\HmacValidationPropertyTest.php" line="177" class="Tests\Property\HmacValidationPropertyTest" classname="Tests.Property.HmacValidationPropertyTest" assertions="1" time="0.034079"/>
          <testcase name="test_mutated_payload_invalidates_hmac with data set &quot;iteration_36&quot;" file="E:\coupony-backend\tests\Property\HmacValidationPropertyTest.php" line="177" class="Tests\Property\HmacValidationPropertyTest" classname="Tests.Property.HmacValidationPropertyTest" assertions="1" time="0.035384"/>
          <testcase name="test_mutated_payload_invalidates_hmac with data set &quot;iteration_37&quot;" file="E:\coupony-backend\tests\Property\HmacValidationPropertyTest.php" line="177" class="Tests\Property\HmacValidationPropertyTest" classname="Tests.Property.HmacValidationPropertyTest" assertions="1" time="0.032481"/>
          <testcase name="test_mutated_payload_invalidates_hmac with data set &quot;iteration_38&quot;" file="E:\coupony-backend\tests\Property\HmacValidationPropertyTest.php" line="177" class="Tests\Property\HmacValidationPropertyTest" classname="Tests.Property.HmacValidationPropertyTest" assertions="1" time="0.035389"/>
          <testcase name="test_mutated_payload_invalidates_hmac with data set &quot;iteration_39&quot;" file="E:\coupony-backend\tests\Property\HmacValidationPropertyTest.php" line="177" class="Tests\Property\HmacValidationPropertyTest" classname="Tests.Property.HmacValidationPropertyTest" assertions="1" time="0.118741"/>
          <testcase name="test_mutated_payload_invalidates_hmac with data set &quot;iteration_40&quot;" file="E:\coupony-backend\tests\Property\HmacValidationPropertyTest.php" line="177" class="Tests\Property\HmacValidationPropertyTest" classname="Tests.Property.HmacValidationPropertyTest" assertions="1" time="0.031337"/>
          <testcase name="test_mutated_payload_invalidates_hmac with data set &quot;iteration_41&quot;" file="E:\coupony-backend\tests\Property\HmacValidationPropertyTest.php" line="177" class="Tests\Property\HmacValidationPropertyTest" classname="Tests.Property.HmacValidationPropertyTest" assertions="1" time="0.034291"/>
          <testcase name="test_mutated_payload_invalidates_hmac with data set &quot;iteration_42&quot;" file="E:\coupony-backend\tests\Property\HmacValidationPropertyTest.php" line="177" class="Tests\Property\HmacValidationPropertyTest" classname="Tests.Property.HmacValidationPropertyTest" assertions="1" time="0.031668"/>
          <testcase name="test_mutated_payload_invalidates_hmac with data set &quot;iteration_43&quot;" file="E:\coupony-backend\tests\Property\HmacValidationPropertyTest.php" line="177" class="Tests\Property\HmacValidationPropertyTest" classname="Tests.Property.HmacValidationPropertyTest" assertions="1" time="0.033441"/>
          <testcase name="test_mutated_payload_invalidates_hmac with data set &quot;iteration_44&quot;" file="E:\coupony-backend\tests\Property\HmacValidationPropertyTest.php" line="177" class="Tests\Property\HmacValidationPropertyTest" classname="Tests.Property.HmacValidationPropertyTest" assertions="1" time="0.034249"/>
          <testcase name="test_mutated_payload_invalidates_hmac with data set &quot;iteration_45&quot;" file="E:\coupony-backend\tests\Property\HmacValidationPropertyTest.php" line="177" class="Tests\Property\HmacValidationPropertyTest" classname="Tests.Property.HmacValidationPropertyTest" assertions="1" time="0.030258"/>
          <testcase name="test_mutated_payload_invalidates_hmac with data set &quot;iteration_46&quot;" file="E:\coupony-backend\tests\Property\HmacValidationPropertyTest.php" line="177" class="Tests\Property\HmacValidationPropertyTest" classname="Tests.Property.HmacValidationPropertyTest" assertions="1" time="0.033709"/>
          <testcase name="test_mutated_payload_invalidates_hmac with data set &quot;iteration_47&quot;" file="E:\coupony-backend\tests\Property\HmacValidationPropertyTest.php" line="177" class="Tests\Property\HmacValidationPropertyTest" classname="Tests.Property.HmacValidationPropertyTest" assertions="1" time="0.034054"/>
          <testcase name="test_mutated_payload_invalidates_hmac with data set &quot;iteration_48&quot;" file="E:\coupony-backend\tests\Property\HmacValidationPropertyTest.php" line="177" class="Tests\Property\HmacValidationPropertyTest" classname="Tests.Property.HmacValidationPropertyTest" assertions="1" time="0.031863"/>
          <testcase name="test_mutated_payload_invalidates_hmac with data set &quot;iteration_49&quot;" file="E:\coupony-backend\tests\Property\HmacValidationPropertyTest.php" line="177" class="Tests\Property\HmacValidationPropertyTest" classname="Tests.Property.HmacValidationPropertyTest" assertions="1" time="0.119458"/>
          <testcase name="test_mutated_payload_invalidates_hmac with data set &quot;iteration_50&quot;" file="E:\coupony-backend\tests\Property\HmacValidationPropertyTest.php" line="177" class="Tests\Property\HmacValidationPropertyTest" classname="Tests.Property.HmacValidationPropertyTest" assertions="1" time="0.033730"/>
          <testcase name="test_mutated_payload_invalidates_hmac with data set &quot;iteration_51&quot;" file="E:\coupony-backend\tests\Property\HmacValidationPropertyTest.php" line="177" class="Tests\Property\HmacValidationPropertyTest" classname="Tests.Property.HmacValidationPropertyTest" assertions="1" time="0.034547"/>
          <testcase name="test_mutated_payload_invalidates_hmac with data set &quot;iteration_52&quot;" file="E:\coupony-backend\tests\Property\HmacValidationPropertyTest.php" line="177" class="Tests\Property\HmacValidationPropertyTest" classname="Tests.Property.HmacValidationPropertyTest" assertions="1" time="0.036257"/>
          <testcase name="test_mutated_payload_invalidates_hmac with data set &quot;iteration_53&quot;" file="E:\coupony-backend\tests\Property\HmacValidationPropertyTest.php" line="177" class="Tests\Property\HmacValidationPropertyTest" classname="Tests.Property.HmacValidationPropertyTest" assertions="1" time="0.036527"/>
          <testcase name="test_mutated_payload_invalidates_hmac with data set &quot;iteration_54&quot;" file="E:\coupony-backend\tests\Property\HmacValidationPropertyTest.php" line="177" class="Tests\Property\HmacValidationPropertyTest" classname="Tests.Property.HmacValidationPropertyTest" assertions="1" time="0.035560"/>
          <testcase name="test_mutated_payload_invalidates_hmac with data set &quot;iteration_55&quot;" file="E:\coupony-backend\tests\Property\HmacValidationPropertyTest.php" line="177" class="Tests\Property\HmacValidationPropertyTest" classname="Tests.Property.HmacValidationPropertyTest" assertions="1" time="0.037491"/>
          <testcase name="test_mutated_payload_invalidates_hmac with data set &quot;iteration_56&quot;" file="E:\coupony-backend\tests\Property\HmacValidationPropertyTest.php" line="177" class="Tests\Property\HmacValidationPropertyTest" classname="Tests.Property.HmacValidationPropertyTest" assertions="1" time="0.035775"/>
          <testcase name="test_mutated_payload_invalidates_hmac with data set &quot;iteration_57&quot;" file="E:\coupony-backend\tests\Property\HmacValidationPropertyTest.php" line="177" class="Tests\Property\HmacValidationPropertyTest" classname="Tests.Property.HmacValidationPropertyTest" assertions="1" time="0.038591"/>
          <testcase name="test_mutated_payload_invalidates_hmac with data set &quot;iteration_58&quot;" file="E:\coupony-backend\tests\Property\HmacValidationPropertyTest.php" line="177" class="Tests\Property\HmacValidationPropertyTest" classname="Tests.Property.HmacValidationPropertyTest" assertions="1" time="0.038042"/>
          <testcase name="test_mutated_payload_invalidates_hmac with data set &quot;iteration_59&quot;" file="E:\coupony-backend\tests\Property\HmacValidationPropertyTest.php" line="177" class="Tests\Property\HmacValidationPropertyTest" classname="Tests.Property.HmacValidationPropertyTest" assertions="1" time="0.122552"/>
          <testcase name="test_mutated_payload_invalidates_hmac with data set &quot;iteration_60&quot;" file="E:\coupony-backend\tests\Property\HmacValidationPropertyTest.php" line="177" class="Tests\Property\HmacValidationPropertyTest" classname="Tests.Property.HmacValidationPropertyTest" assertions="1" time="0.032712"/>
          <testcase name="test_mutated_payload_invalidates_hmac with data set &quot;iteration_61&quot;" file="E:\coupony-backend\tests\Property\HmacValidationPropertyTest.php" line="177" class="Tests\Property\HmacValidationPropertyTest" classname="Tests.Property.HmacValidationPropertyTest" assertions="1" time="0.031801"/>
          <testcase name="test_mutated_payload_invalidates_hmac with data set &quot;iteration_62&quot;" file="E:\coupony-backend\tests\Property\HmacValidationPropertyTest.php" line="177" class="Tests\Property\HmacValidationPropertyTest" classname="Tests.Property.HmacValidationPropertyTest" assertions="1" time="0.034953"/>
          <testcase name="test_mutated_payload_invalidates_hmac with data set &quot;iteration_63&quot;" file="E:\coupony-backend\tests\Property\HmacValidationPropertyTest.php" line="177" class="Tests\Property\HmacValidationPropertyTest" classname="Tests.Property.HmacValidationPropertyTest" assertions="1" time="0.032071"/>
          <testcase name="test_mutated_payload_invalidates_hmac with data set &quot;iteration_64&quot;" file="E:\coupony-backend\tests\Property\HmacValidationPropertyTest.php" line="177" class="Tests\Property\HmacValidationPropertyTest" classname="Tests.Property.HmacValidationPropertyTest" assertions="1" time="0.032599"/>
          <testcase name="test_mutated_payload_invalidates_hmac with data set &quot;iteration_65&quot;" file="E:\coupony-backend\tests\Property\HmacValidationPropertyTest.php" line="177" class="Tests\Property\HmacValidationPropertyTest" classname="Tests.Property.HmacValidationPropertyTest" assertions="1" time="0.033493"/>
          <testcase name="test_mutated_payload_invalidates_hmac with data set &quot;iteration_66&quot;" file="E:\coupony-backend\tests\Property\HmacValidationPropertyTest.php" line="177" class="Tests\Property\HmacValidationPropertyTest" classname="Tests.Property.HmacValidationPropertyTest" assertions="1" time="0.031010"/>
          <testcase name="test_mutated_payload_invalidates_hmac with data set &quot;iteration_67&quot;" file="E:\coupony-backend\tests\Property\HmacValidationPropertyTest.php" line="177" class="Tests\Property\HmacValidationPropertyTest" classname="Tests.Property.HmacValidationPropertyTest" assertions="1" time="0.034402"/>
          <testcase name="test_mutated_payload_invalidates_hmac with data set &quot;iteration_68&quot;" file="E:\coupony-backend\tests\Property\HmacValidationPropertyTest.php" line="177" class="Tests\Property\HmacValidationPropertyTest" classname="Tests.Property.HmacValidationPropertyTest" assertions="1" time="0.033146"/>
          <testcase name="test_mutated_payload_invalidates_hmac with data set &quot;iteration_69&quot;" file="E:\coupony-backend\tests\Property\HmacValidationPropertyTest.php" line="177" class="Tests\Property\HmacValidationPropertyTest" classname="Tests.Property.HmacValidationPropertyTest" assertions="1" time="0.117426"/>
          <testcase name="test_mutated_payload_invalidates_hmac with data set &quot;iteration_70&quot;" file="E:\coupony-backend\tests\Property\HmacValidationPropertyTest.php" line="177" class="Tests\Property\HmacValidationPropertyTest" classname="Tests.Property.HmacValidationPropertyTest" assertions="1" time="0.033160"/>
          <testcase name="test_mutated_payload_invalidates_hmac with data set &quot;iteration_71&quot;" file="E:\coupony-backend\tests\Property\HmacValidationPropertyTest.php" line="177" class="Tests\Property\HmacValidationPropertyTest" classname="Tests.Property.HmacValidationPropertyTest" assertions="1" time="0.031836"/>
          <testcase name="test_mutated_payload_invalidates_hmac with data set &quot;iteration_72&quot;" file="E:\coupony-backend\tests\Property\HmacValidationPropertyTest.php" line="177" class="Tests\Property\HmacValidationPropertyTest" classname="Tests.Property.HmacValidationPropertyTest" assertions="1" time="0.034758"/>
          <testcase name="test_mutated_payload_invalidates_hmac with data set &quot;iteration_73&quot;" file="E:\coupony-backend\tests\Property\HmacValidationPropertyTest.php" line="177" class="Tests\Property\HmacValidationPropertyTest" classname="Tests.Property.HmacValidationPropertyTest" assertions="1" time="0.034700"/>
          <testcase name="test_mutated_payload_invalidates_hmac with data set &quot;iteration_74&quot;" file="E:\coupony-backend\tests\Property\HmacValidationPropertyTest.php" line="177" class="Tests\Property\HmacValidationPropertyTest" classname="Tests.Property.HmacValidationPropertyTest" assertions="1" time="0.030824"/>
          <testcase name="test_mutated_payload_invalidates_hmac with data set &quot;iteration_75&quot;" file="E:\coupony-backend\tests\Property\HmacValidationPropertyTest.php" line="177" class="Tests\Property\HmacValidationPropertyTest" classname="Tests.Property.HmacValidationPropertyTest" assertions="1" time="0.033949"/>
          <testcase name="test_mutated_payload_invalidates_hmac with data set &quot;iteration_76&quot;" file="E:\coupony-backend\tests\Property\HmacValidationPropertyTest.php" line="177" class="Tests\Property\HmacValidationPropertyTest" classname="Tests.Property.HmacValidationPropertyTest" assertions="1" time="0.033698"/>
          <testcase name="test_mutated_payload_invalidates_hmac with data set &quot;iteration_77&quot;" file="E:\coupony-backend\tests\Property\HmacValidationPropertyTest.php" line="177" class="Tests\Property\HmacValidationPropertyTest" classname="Tests.Property.HmacValidationPropertyTest" assertions="1" time="0.030690"/>
          <testcase name="test_mutated_payload_invalidates_hmac with data set &quot;iteration_78&quot;" file="E:\coupony-backend\tests\Property\HmacValidationPropertyTest.php" line="177" class="Tests\Property\HmacValidationPropertyTest" classname="Tests.Property.HmacValidationPropertyTest" assertions="1" time="0.035405"/>
          <testcase name="test_mutated_payload_invalidates_hmac with data set &quot;iteration_79&quot;" file="E:\coupony-backend\tests\Property\HmacValidationPropertyTest.php" line="177" class="Tests\Property\HmacValidationPropertyTest" classname="Tests.Property.HmacValidationPropertyTest" assertions="1" time="0.119191"/>
          <testcase name="test_mutated_payload_invalidates_hmac with data set &quot;iteration_80&quot;" file="E:\coupony-backend\tests\Property\HmacValidationPropertyTest.php" line="177" class="Tests\Property\HmacValidationPropertyTest" classname="Tests.Property.HmacValidationPropertyTest" assertions="1" time="0.031121"/>
          <testcase name="test_mutated_payload_invalidates_hmac with data set &quot;iteration_81&quot;" file="E:\coupony-backend\tests\Property\HmacValidationPropertyTest.php" line="177" class="Tests\Property\HmacValidationPropertyTest" classname="Tests.Property.HmacValidationPropertyTest" assertions="1" time="0.033642"/>
          <testcase name="test_mutated_payload_invalidates_hmac with data set &quot;iteration_82&quot;" file="E:\coupony-backend\tests\Property\HmacValidationPropertyTest.php" line="177" class="Tests\Property\HmacValidationPropertyTest" classname="Tests.Property.HmacValidationPropertyTest" assertions="1" time="0.030748"/>
          <testcase name="test_mutated_payload_invalidates_hmac with data set &quot;iteration_83&quot;" file="E:\coupony-backend\tests\Property\HmacValidationPropertyTest.php" line="177" class="Tests\Property\HmacValidationPropertyTest" classname="Tests.Property.HmacValidationPropertyTest" assertions="1" time="0.033376"/>
          <testcase name="test_mutated_payload_invalidates_hmac with data set &quot;iteration_84&quot;" file="E:\coupony-backend\tests\Property\HmacValidationPropertyTest.php" line="177" class="Tests\Property\HmacValidationPropertyTest" classname="Tests.Property.HmacValidationPropertyTest" assertions="1" time="0.033931"/>
          <testcase name="test_mutated_payload_invalidates_hmac with data set &quot;iteration_85&quot;" file="E:\coupony-backend\tests\Property\HmacValidationPropertyTest.php" line="177" class="Tests\Property\HmacValidationPropertyTest" classname="Tests.Property.HmacValidationPropertyTest" assertions="1" time="0.032216"/>
          <testcase name="test_mutated_payload_invalidates_hmac with data set &quot;iteration_86&quot;" file="E:\coupony-backend\tests\Property\HmacValidationPropertyTest.php" line="177" class="Tests\Property\HmacValidationPropertyTest" classname="Tests.Property.HmacValidationPropertyTest" assertions="1" time="0.034070"/>
          <testcase name="test_mutated_payload_invalidates_hmac with data set &quot;iteration_87&quot;" file="E:\coupony-backend\tests\Property\HmacValidationPropertyTest.php" line="177" class="Tests\Property\HmacValidationPropertyTest" classname="Tests.Property.HmacValidationPropertyTest" assertions="1" time="0.034490"/>
          <testcase name="test_mutated_payload_invalidates_hmac with data set &quot;iteration_88&quot;" file="E:\coupony-backend\tests\Property\HmacValidationPropertyTest.php" line="177" class="Tests\Property\HmacValidationPropertyTest" classname="Tests.Property.HmacValidationPropertyTest" assertions="1" time="0.031664"/>
          <testcase name="test_mutated_payload_invalidates_hmac with data set &quot;iteration_89&quot;" file="E:\coupony-backend\tests\Property\HmacValidationPropertyTest.php" line="177" class="Tests\Property\HmacValidationPropertyTest" classname="Tests.Property.HmacValidationPropertyTest" assertions="1" time="0.118851"/>
          <testcase name="test_mutated_payload_invalidates_hmac with data set &quot;iteration_90&quot;" file="E:\coupony-backend\tests\Property\HmacValidationPropertyTest.php" line="177" class="Tests\Property\HmacValidationPropertyTest" classname="Tests.Property.HmacValidationPropertyTest" assertions="1" time="0.034497"/>
          <testcase name="test_mutated_payload_invalidates_hmac with data set &quot;iteration_91&quot;" file="E:\coupony-backend\tests\Property\HmacValidationPropertyTest.php" line="177" class="Tests\Property\HmacValidationPropertyTest" classname="Tests.Property.HmacValidationPropertyTest" assertions="1" time="0.038540"/>
          <testcase name="test_mutated_payload_invalidates_hmac with data set &quot;iteration_92&quot;" file="E:\coupony-backend\tests\Property\HmacValidationPropertyTest.php" line="177" class="Tests\Property\HmacValidationPropertyTest" classname="Tests.Property.HmacValidationPropertyTest" assertions="1" time="0.032425"/>
          <testcase name="test_mutated_payload_invalidates_hmac with data set &quot;iteration_93&quot;" file="E:\coupony-backend\tests\Property\HmacValidationPropertyTest.php" line="177" class="Tests\Property\HmacValidationPropertyTest" classname="Tests.Property.HmacValidationPropertyTest" assertions="1" time="0.035303"/>
          <testcase name="test_mutated_payload_invalidates_hmac with data set &quot;iteration_94&quot;" file="E:\coupony-backend\tests\Property\HmacValidationPropertyTest.php" line="177" class="Tests\Property\HmacValidationPropertyTest" classname="Tests.Property.HmacValidationPropertyTest" assertions="1" time="0.032968"/>
          <testcase name="test_mutated_payload_invalidates_hmac with data set &quot;iteration_95&quot;" file="E:\coupony-backend\tests\Property\HmacValidationPropertyTest.php" line="177" class="Tests\Property\HmacValidationPropertyTest" classname="Tests.Property.HmacValidationPropertyTest" assertions="1" time="0.033442"/>
          <testcase name="test_mutated_payload_invalidates_hmac with data set &quot;iteration_96&quot;" file="E:\coupony-backend\tests\Property\HmacValidationPropertyTest.php" line="177" class="Tests\Property\HmacValidationPropertyTest" classname="Tests.Property.HmacValidationPropertyTest" assertions="1" time="0.032045"/>
          <testcase name="test_mutated_payload_invalidates_hmac with data set &quot;iteration_97&quot;" file="E:\coupony-backend\tests\Property\HmacValidationPropertyTest.php" line="177" class="Tests\Property\HmacValidationPropertyTest" classname="Tests.Property.HmacValidationPropertyTest" assertions="1" time="0.033996"/>
          <testcase name="test_mutated_payload_invalidates_hmac with data set &quot;iteration_98&quot;" file="E:\coupony-backend\tests\Property\HmacValidationPropertyTest.php" line="177" class="Tests\Property\HmacValidationPropertyTest" classname="Tests.Property.HmacValidationPropertyTest" assertions="1" time="0.030509"/>
          <testcase name="test_mutated_payload_invalidates_hmac with data set &quot;iteration_99&quot;" file="E:\coupony-backend\tests\Property\HmacValidationPropertyTest.php" line="177" class="Tests\Property\HmacValidationPropertyTest" classname="Tests.Property.HmacValidationPropertyTest" assertions="1" time="0.125048"/>
        </testsuite>
        <testsuite name="Tests\Property\HmacValidationPropertyTest::test_mutated_signature_is_rejected" tests="100" assertions="100" errors="0" failures="0" skipped="0" time="4.299396">
          <testcase name="test_mutated_signature_is_rejected with data set &quot;iteration_0&quot;" file="E:\coupony-backend\tests\Property\HmacValidationPropertyTest.php" line="221" class="Tests\Property\HmacValidationPropertyTest" classname="Tests.Property.HmacValidationPropertyTest" assertions="1" time="0.035655"/>
          <testcase name="test_mutated_signature_is_rejected with data set &quot;iteration_1&quot;" file="E:\coupony-backend\tests\Property\HmacValidationPropertyTest.php" line="221" class="Tests\Property\HmacValidationPropertyTest" classname="Tests.Property.HmacValidationPropertyTest" assertions="1" time="0.033605"/>
          <testcase name="test_mutated_signature_is_rejected with data set &quot;iteration_2&quot;" file="E:\coupony-backend\tests\Property\HmacValidationPropertyTest.php" line="221" class="Tests\Property\HmacValidationPropertyTest" classname="Tests.Property.HmacValidationPropertyTest" assertions="1" time="0.032871"/>
          <testcase name="test_mutated_signature_is_rejected with data set &quot;iteration_3&quot;" file="E:\coupony-backend\tests\Property\HmacValidationPropertyTest.php" line="221" class="Tests\Property\HmacValidationPropertyTest" classname="Tests.Property.HmacValidationPropertyTest" assertions="1" time="0.033665"/>
          <testcase name="test_mutated_signature_is_rejected with data set &quot;iteration_4&quot;" file="E:\coupony-backend\tests\Property\HmacValidationPropertyTest.php" line="221" class="Tests\Property\HmacValidationPropertyTest" classname="Tests.Property.HmacValidationPropertyTest" assertions="1" time="0.036066"/>
          <testcase name="test_mutated_signature_is_rejected with data set &quot;iteration_5&quot;" file="E:\coupony-backend\tests\Property\HmacValidationPropertyTest.php" line="221" class="Tests\Property\HmacValidationPropertyTest" classname="Tests.Property.HmacValidationPropertyTest" assertions="1" time="0.034620"/>
          <testcase name="test_mutated_signature_is_rejected with data set &quot;iteration_6&quot;" file="E:\coupony-backend\tests\Property\HmacValidationPropertyTest.php" line="221" class="Tests\Property\HmacValidationPropertyTest" classname="Tests.Property.HmacValidationPropertyTest" assertions="1" time="0.032751"/>
          <testcase name="test_mutated_signature_is_rejected with data set &quot;iteration_7&quot;" file="E:\coupony-backend\tests\Property\HmacValidationPropertyTest.php" line="221" class="Tests\Property\HmacValidationPropertyTest" classname="Tests.Property.HmacValidationPropertyTest" assertions="1" time="0.032022"/>
          <testcase name="test_mutated_signature_is_rejected with data set &quot;iteration_8&quot;" file="E:\coupony-backend\tests\Property\HmacValidationPropertyTest.php" line="221" class="Tests\Property\HmacValidationPropertyTest" classname="Tests.Property.HmacValidationPropertyTest" assertions="1" time="0.034590"/>
          <testcase name="test_mutated_signature_is_rejected with data set &quot;iteration_9&quot;" file="E:\coupony-backend\tests\Property\HmacValidationPropertyTest.php" line="221" class="Tests\Property\HmacValidationPropertyTest" classname="Tests.Property.HmacValidationPropertyTest" assertions="1" time="0.116710"/>
          <testcase name="test_mutated_signature_is_rejected with data set &quot;iteration_10&quot;" file="E:\coupony-backend\tests\Property\HmacValidationPropertyTest.php" line="221" class="Tests\Property\HmacValidationPropertyTest" classname="Tests.Property.HmacValidationPropertyTest" assertions="1" time="0.033786"/>
          <testcase name="test_mutated_signature_is_rejected with data set &quot;iteration_11&quot;" file="E:\coupony-backend\tests\Property\HmacValidationPropertyTest.php" line="221" class="Tests\Property\HmacValidationPropertyTest" classname="Tests.Property.HmacValidationPropertyTest" assertions="1" time="0.030910"/>
          <testcase name="test_mutated_signature_is_rejected with data set &quot;iteration_12&quot;" file="E:\coupony-backend\tests\Property\HmacValidationPropertyTest.php" line="221" class="Tests\Property\HmacValidationPropertyTest" classname="Tests.Property.HmacValidationPropertyTest" assertions="1" time="0.034408"/>
          <testcase name="test_mutated_signature_is_rejected with data set &quot;iteration_13&quot;" file="E:\coupony-backend\tests\Property\HmacValidationPropertyTest.php" line="221" class="Tests\Property\HmacValidationPropertyTest" classname="Tests.Property.HmacValidationPropertyTest" assertions="1" time="0.033455"/>
          <testcase name="test_mutated_signature_is_rejected with data set &quot;iteration_14&quot;" file="E:\coupony-backend\tests\Property\HmacValidationPropertyTest.php" line="221" class="Tests\Property\HmacValidationPropertyTest" classname="Tests.Property.HmacValidationPropertyTest" assertions="1" time="0.030834"/>
          <testcase name="test_mutated_signature_is_rejected with data set &quot;iteration_15&quot;" file="E:\coupony-backend\tests\Property\HmacValidationPropertyTest.php" line="221" class="Tests\Property\HmacValidationPropertyTest" classname="Tests.Property.HmacValidationPropertyTest" assertions="1" time="0.035688"/>
          <testcase name="test_mutated_signature_is_rejected with data set &quot;iteration_16&quot;" file="E:\coupony-backend\tests\Property\HmacValidationPropertyTest.php" line="221" class="Tests\Property\HmacValidationPropertyTest" classname="Tests.Property.HmacValidationPropertyTest" assertions="1" time="0.034985"/>
          <testcase name="test_mutated_signature_is_rejected with data set &quot;iteration_17&quot;" file="E:\coupony-backend\tests\Property\HmacValidationPropertyTest.php" line="221" class="Tests\Property\HmacValidationPropertyTest" classname="Tests.Property.HmacValidationPropertyTest" assertions="1" time="0.034692"/>
          <testcase name="test_mutated_signature_is_rejected with data set &quot;iteration_18&quot;" file="E:\coupony-backend\tests\Property\HmacValidationPropertyTest.php" line="221" class="Tests\Property\HmacValidationPropertyTest" classname="Tests.Property.HmacValidationPropertyTest" assertions="1" time="0.031747"/>
          <testcase name="test_mutated_signature_is_rejected with data set &quot;iteration_19&quot;" file="E:\coupony-backend\tests\Property\HmacValidationPropertyTest.php" line="221" class="Tests\Property\HmacValidationPropertyTest" classname="Tests.Property.HmacValidationPropertyTest" assertions="1" time="0.161547"/>
          <testcase name="test_mutated_signature_is_rejected with data set &quot;iteration_20&quot;" file="E:\coupony-backend\tests\Property\HmacValidationPropertyTest.php" line="221" class="Tests\Property\HmacValidationPropertyTest" classname="Tests.Property.HmacValidationPropertyTest" assertions="1" time="0.034238"/>
          <testcase name="test_mutated_signature_is_rejected with data set &quot;iteration_21&quot;" file="E:\coupony-backend\tests\Property\HmacValidationPropertyTest.php" line="221" class="Tests\Property\HmacValidationPropertyTest" classname="Tests.Property.HmacValidationPropertyTest" assertions="1" time="0.034578"/>
          <testcase name="test_mutated_signature_is_rejected with data set &quot;iteration_22&quot;" file="E:\coupony-backend\tests\Property\HmacValidationPropertyTest.php" line="221" class="Tests\Property\HmacValidationPropertyTest" classname="Tests.Property.HmacValidationPropertyTest" assertions="1" time="0.031997"/>
          <testcase name="test_mutated_signature_is_rejected with data set &quot;iteration_23&quot;" file="E:\coupony-backend\tests\Property\HmacValidationPropertyTest.php" line="221" class="Tests\Property\HmacValidationPropertyTest" classname="Tests.Property.HmacValidationPropertyTest" assertions="1" time="0.039851"/>
          <testcase name="test_mutated_signature_is_rejected with data set &quot;iteration_24&quot;" file="E:\coupony-backend\tests\Property\HmacValidationPropertyTest.php" line="221" class="Tests\Property\HmacValidationPropertyTest" classname="Tests.Property.HmacValidationPropertyTest" assertions="1" time="0.032153"/>
          <testcase name="test_mutated_signature_is_rejected with data set &quot;iteration_25&quot;" file="E:\coupony-backend\tests\Property\HmacValidationPropertyTest.php" line="221" class="Tests\Property\HmacValidationPropertyTest" classname="Tests.Property.HmacValidationPropertyTest" assertions="1" time="0.032534"/>
          <testcase name="test_mutated_signature_is_rejected with data set &quot;iteration_26&quot;" file="E:\coupony-backend\tests\Property\HmacValidationPropertyTest.php" line="221" class="Tests\Property\HmacValidationPropertyTest" classname="Tests.Property.HmacValidationPropertyTest" assertions="1" time="0.031636"/>
          <testcase name="test_mutated_signature_is_rejected with data set &quot;iteration_27&quot;" file="E:\coupony-backend\tests\Property\HmacValidationPropertyTest.php" line="221" class="Tests\Property\HmacValidationPropertyTest" classname="Tests.Property.HmacValidationPropertyTest" assertions="1" time="0.034785"/>
          <testcase name="test_mutated_signature_is_rejected with data set &quot;iteration_28&quot;" file="E:\coupony-backend\tests\Property\HmacValidationPropertyTest.php" line="221" class="Tests\Property\HmacValidationPropertyTest" classname="Tests.Property.HmacValidationPropertyTest" assertions="1" time="0.037861"/>
          <testcase name="test_mutated_signature_is_rejected with data set &quot;iteration_29&quot;" file="E:\coupony-backend\tests\Property\HmacValidationPropertyTest.php" line="221" class="Tests\Property\HmacValidationPropertyTest" classname="Tests.Property.HmacValidationPropertyTest" assertions="1" time="0.122047"/>
          <testcase name="test_mutated_signature_is_rejected with data set &quot;iteration_30&quot;" file="E:\coupony-backend\tests\Property\HmacValidationPropertyTest.php" line="221" class="Tests\Property\HmacValidationPropertyTest" classname="Tests.Property.HmacValidationPropertyTest" assertions="1" time="0.032191"/>
          <testcase name="test_mutated_signature_is_rejected with data set &quot;iteration_31&quot;" file="E:\coupony-backend\tests\Property\HmacValidationPropertyTest.php" line="221" class="Tests\Property\HmacValidationPropertyTest" classname="Tests.Property.HmacValidationPropertyTest" assertions="1" time="0.032207"/>
          <testcase name="test_mutated_signature_is_rejected with data set &quot;iteration_32&quot;" file="E:\coupony-backend\tests\Property\HmacValidationPropertyTest.php" line="221" class="Tests\Property\HmacValidationPropertyTest" classname="Tests.Property.HmacValidationPropertyTest" assertions="1" time="0.032441"/>
          <testcase name="test_mutated_signature_is_rejected with data set &quot;iteration_33&quot;" file="E:\coupony-backend\tests\Property\HmacValidationPropertyTest.php" line="221" class="Tests\Property\HmacValidationPropertyTest" classname="Tests.Property.HmacValidationPropertyTest" assertions="1" time="0.033753"/>
          <testcase name="test_mutated_signature_is_rejected with data set &quot;iteration_34&quot;" file="E:\coupony-backend\tests\Property\HmacValidationPropertyTest.php" line="221" class="Tests\Property\HmacValidationPropertyTest" classname="Tests.Property.HmacValidationPropertyTest" assertions="1" time="0.033934"/>
          <testcase name="test_mutated_signature_is_rejected with data set &quot;iteration_35&quot;" file="E:\coupony-backend\tests\Property\HmacValidationPropertyTest.php" line="221" class="Tests\Property\HmacValidationPropertyTest" classname="Tests.Property.HmacValidationPropertyTest" assertions="1" time="0.034794"/>
          <testcase name="test_mutated_signature_is_rejected with data set &quot;iteration_36&quot;" file="E:\coupony-backend\tests\Property\HmacValidationPropertyTest.php" line="221" class="Tests\Property\HmacValidationPropertyTest" classname="Tests.Property.HmacValidationPropertyTest" assertions="1" time="0.036401"/>
          <testcase name="test_mutated_signature_is_rejected with data set &quot;iteration_37&quot;" file="E:\coupony-backend\tests\Property\HmacValidationPropertyTest.php" line="221" class="Tests\Property\HmacValidationPropertyTest" classname="Tests.Property.HmacValidationPropertyTest" assertions="1" time="0.030914"/>
          <testcase name="test_mutated_signature_is_rejected with data set &quot;iteration_38&quot;" file="E:\coupony-backend\tests\Property\HmacValidationPropertyTest.php" line="221" class="Tests\Property\HmacValidationPropertyTest" classname="Tests.Property.HmacValidationPropertyTest" assertions="1" time="0.033287"/>
          <testcase name="test_mutated_signature_is_rejected with data set &quot;iteration_39&quot;" file="E:\coupony-backend\tests\Property\HmacValidationPropertyTest.php" line="221" class="Tests\Property\HmacValidationPropertyTest" classname="Tests.Property.HmacValidationPropertyTest" assertions="1" time="0.118069"/>
          <testcase name="test_mutated_signature_is_rejected with data set &quot;iteration_40&quot;" file="E:\coupony-backend\tests\Property\HmacValidationPropertyTest.php" line="221" class="Tests\Property\HmacValidationPropertyTest" classname="Tests.Property.HmacValidationPropertyTest" assertions="1" time="0.031658"/>
          <testcase name="test_mutated_signature_is_rejected with data set &quot;iteration_41&quot;" file="E:\coupony-backend\tests\Property\HmacValidationPropertyTest.php" line="221" class="Tests\Property\HmacValidationPropertyTest" classname="Tests.Property.HmacValidationPropertyTest" assertions="1" time="0.032926"/>
          <testcase name="test_mutated_signature_is_rejected with data set &quot;iteration_42&quot;" file="E:\coupony-backend\tests\Property\HmacValidationPropertyTest.php" line="221" class="Tests\Property\HmacValidationPropertyTest" classname="Tests.Property.HmacValidationPropertyTest" assertions="1" time="0.030622"/>
          <testcase name="test_mutated_signature_is_rejected with data set &quot;iteration_43&quot;" file="E:\coupony-backend\tests\Property\HmacValidationPropertyTest.php" line="221" class="Tests\Property\HmacValidationPropertyTest" classname="Tests.Property.HmacValidationPropertyTest" assertions="1" time="0.034575"/>
          <testcase name="test_mutated_signature_is_rejected with data set &quot;iteration_44&quot;" file="E:\coupony-backend\tests\Property\HmacValidationPropertyTest.php" line="221" class="Tests\Property\HmacValidationPropertyTest" classname="Tests.Property.HmacValidationPropertyTest" assertions="1" time="0.030547"/>
          <testcase name="test_mutated_signature_is_rejected with data set &quot;iteration_45&quot;" file="E:\coupony-backend\tests\Property\HmacValidationPropertyTest.php" line="221" class="Tests\Property\HmacValidationPropertyTest" classname="Tests.Property.HmacValidationPropertyTest" assertions="1" time="0.035935"/>
          <testcase name="test_mutated_signature_is_rejected with data set &quot;iteration_46&quot;" file="E:\coupony-backend\tests\Property\HmacValidationPropertyTest.php" line="221" class="Tests\Property\HmacValidationPropertyTest" classname="Tests.Property.HmacValidationPropertyTest" assertions="1" time="0.035436"/>
          <testcase name="test_mutated_signature_is_rejected with data set &quot;iteration_47&quot;" file="E:\coupony-backend\tests\Property\HmacValidationPropertyTest.php" line="221" class="Tests\Property\HmacValidationPropertyTest" classname="Tests.Property.HmacValidationPropertyTest" assertions="1" time="0.035563"/>
          <testcase name="test_mutated_signature_is_rejected with data set &quot;iteration_48&quot;" file="E:\coupony-backend\tests\Property\HmacValidationPropertyTest.php" line="221" class="Tests\Property\HmacValidationPropertyTest" classname="Tests.Property.HmacValidationPropertyTest" assertions="1" time="0.036469"/>
          <testcase name="test_mutated_signature_is_rejected with data set &quot;iteration_49&quot;" file="E:\coupony-backend\tests\Property\HmacValidationPropertyTest.php" line="221" class="Tests\Property\HmacValidationPropertyTest" classname="Tests.Property.HmacValidationPropertyTest" assertions="1" time="0.125037"/>
          <testcase name="test_mutated_signature_is_rejected with data set &quot;iteration_50&quot;" file="E:\coupony-backend\tests\Property\HmacValidationPropertyTest.php" line="221" class="Tests\Property\HmacValidationPropertyTest" classname="Tests.Property.HmacValidationPropertyTest" assertions="1" time="0.031427"/>
          <testcase name="test_mutated_signature_is_rejected with data set &quot;iteration_51&quot;" file="E:\coupony-backend\tests\Property\HmacValidationPropertyTest.php" line="221" class="Tests\Property\HmacValidationPropertyTest" classname="Tests.Property.HmacValidationPropertyTest" assertions="1" time="0.035465"/>
          <testcase name="test_mutated_signature_is_rejected with data set &quot;iteration_52&quot;" file="E:\coupony-backend\tests\Property\HmacValidationPropertyTest.php" line="221" class="Tests\Property\HmacValidationPropertyTest" classname="Tests.Property.HmacValidationPropertyTest" assertions="1" time="0.034523"/>
          <testcase name="test_mutated_signature_is_rejected with data set &quot;iteration_53&quot;" file="E:\coupony-backend\tests\Property\HmacValidationPropertyTest.php" line="221" class="Tests\Property\HmacValidationPropertyTest" classname="Tests.Property.HmacValidationPropertyTest" assertions="1" time="0.033357"/>
          <testcase name="test_mutated_signature_is_rejected with data set &quot;iteration_54&quot;" file="E:\coupony-backend\tests\Property\HmacValidationPropertyTest.php" line="221" class="Tests\Property\HmacValidationPropertyTest" classname="Tests.Property.HmacValidationPropertyTest" assertions="1" time="0.031751"/>
          <testcase name="test_mutated_signature_is_rejected with data set &quot;iteration_55&quot;" file="E:\coupony-backend\tests\Property\HmacValidationPropertyTest.php" line="221" class="Tests\Property\HmacValidationPropertyTest" classname="Tests.Property.HmacValidationPropertyTest" assertions="1" time="0.033627"/>
          <testcase name="test_mutated_signature_is_rejected with data set &quot;iteration_56&quot;" file="E:\coupony-backend\tests\Property\HmacValidationPropertyTest.php" line="221" class="Tests\Property\HmacValidationPropertyTest" classname="Tests.Property.HmacValidationPropertyTest" assertions="1" time="0.030627"/>
          <testcase name="test_mutated_signature_is_rejected with data set &quot;iteration_57&quot;" file="E:\coupony-backend\tests\Property\HmacValidationPropertyTest.php" line="221" class="Tests\Property\HmacValidationPropertyTest" classname="Tests.Property.HmacValidationPropertyTest" assertions="1" time="0.033981"/>
          <testcase name="test_mutated_signature_is_rejected with data set &quot;iteration_58&quot;" file="E:\coupony-backend\tests\Property\HmacValidationPropertyTest.php" line="221" class="Tests\Property\HmacValidationPropertyTest" classname="Tests.Property.HmacValidationPropertyTest" assertions="1" time="0.033129"/>
          <testcase name="test_mutated_signature_is_rejected with data set &quot;iteration_59&quot;" file="E:\coupony-backend\tests\Property\HmacValidationPropertyTest.php" line="221" class="Tests\Property\HmacValidationPropertyTest" classname="Tests.Property.HmacValidationPropertyTest" assertions="1" time="0.118392"/>
          <testcase name="test_mutated_signature_is_rejected with data set &quot;iteration_60&quot;" file="E:\coupony-backend\tests\Property\HmacValidationPropertyTest.php" line="221" class="Tests\Property\HmacValidationPropertyTest" classname="Tests.Property.HmacValidationPropertyTest" assertions="1" time="0.032693"/>
          <testcase name="test_mutated_signature_is_rejected with data set &quot;iteration_61&quot;" file="E:\coupony-backend\tests\Property\HmacValidationPropertyTest.php" line="221" class="Tests\Property\HmacValidationPropertyTest" classname="Tests.Property.HmacValidationPropertyTest" assertions="1" time="0.032252"/>
          <testcase name="test_mutated_signature_is_rejected with data set &quot;iteration_62&quot;" file="E:\coupony-backend\tests\Property\HmacValidationPropertyTest.php" line="221" class="Tests\Property\HmacValidationPropertyTest" classname="Tests.Property.HmacValidationPropertyTest" assertions="1" time="0.034109"/>
          <testcase name="test_mutated_signature_is_rejected with data set &quot;iteration_63&quot;" file="E:\coupony-backend\tests\Property\HmacValidationPropertyTest.php" line="221" class="Tests\Property\HmacValidationPropertyTest" classname="Tests.Property.HmacValidationPropertyTest" assertions="1" time="0.035901"/>
          <testcase name="test_mutated_signature_is_rejected with data set &quot;iteration_64&quot;" file="E:\coupony-backend\tests\Property\HmacValidationPropertyTest.php" line="221" class="Tests\Property\HmacValidationPropertyTest" classname="Tests.Property.HmacValidationPropertyTest" assertions="1" time="0.033099"/>
          <testcase name="test_mutated_signature_is_rejected with data set &quot;iteration_65&quot;" file="E:\coupony-backend\tests\Property\HmacValidationPropertyTest.php" line="221" class="Tests\Property\HmacValidationPropertyTest" classname="Tests.Property.HmacValidationPropertyTest" assertions="1" time="0.032060"/>
          <testcase name="test_mutated_signature_is_rejected with data set &quot;iteration_66&quot;" file="E:\coupony-backend\tests\Property\HmacValidationPropertyTest.php" line="221" class="Tests\Property\HmacValidationPropertyTest" classname="Tests.Property.HmacValidationPropertyTest" assertions="1" time="0.034951"/>
          <testcase name="test_mutated_signature_is_rejected with data set &quot;iteration_67&quot;" file="E:\coupony-backend\tests\Property\HmacValidationPropertyTest.php" line="221" class="Tests\Property\HmacValidationPropertyTest" classname="Tests.Property.HmacValidationPropertyTest" assertions="1" time="0.035081"/>
          <testcase name="test_mutated_signature_is_rejected with data set &quot;iteration_68&quot;" file="E:\coupony-backend\tests\Property\HmacValidationPropertyTest.php" line="221" class="Tests\Property\HmacValidationPropertyTest" classname="Tests.Property.HmacValidationPropertyTest" assertions="1" time="0.033319"/>
          <testcase name="test_mutated_signature_is_rejected with data set &quot;iteration_69&quot;" file="E:\coupony-backend\tests\Property\HmacValidationPropertyTest.php" line="221" class="Tests\Property\HmacValidationPropertyTest" classname="Tests.Property.HmacValidationPropertyTest" assertions="1" time="0.120717"/>
          <testcase name="test_mutated_signature_is_rejected with data set &quot;iteration_70&quot;" file="E:\coupony-backend\tests\Property\HmacValidationPropertyTest.php" line="221" class="Tests\Property\HmacValidationPropertyTest" classname="Tests.Property.HmacValidationPropertyTest" assertions="1" time="0.033916"/>
          <testcase name="test_mutated_signature_is_rejected with data set &quot;iteration_71&quot;" file="E:\coupony-backend\tests\Property\HmacValidationPropertyTest.php" line="221" class="Tests\Property\HmacValidationPropertyTest" classname="Tests.Property.HmacValidationPropertyTest" assertions="1" time="0.032912"/>
          <testcase name="test_mutated_signature_is_rejected with data set &quot;iteration_72&quot;" file="E:\coupony-backend\tests\Property\HmacValidationPropertyTest.php" line="221" class="Tests\Property\HmacValidationPropertyTest" classname="Tests.Property.HmacValidationPropertyTest" assertions="1" time="0.031583"/>
          <testcase name="test_mutated_signature_is_rejected with data set &quot;iteration_73&quot;" file="E:\coupony-backend\tests\Property\HmacValidationPropertyTest.php" line="221" class="Tests\Property\HmacValidationPropertyTest" classname="Tests.Property.HmacValidationPropertyTest" assertions="1" time="0.037693"/>
          <testcase name="test_mutated_signature_is_rejected with data set &quot;iteration_74&quot;" file="E:\coupony-backend\tests\Property\HmacValidationPropertyTest.php" line="221" class="Tests\Property\HmacValidationPropertyTest" classname="Tests.Property.HmacValidationPropertyTest" assertions="1" time="0.033669"/>
          <testcase name="test_mutated_signature_is_rejected with data set &quot;iteration_75&quot;" file="E:\coupony-backend\tests\Property\HmacValidationPropertyTest.php" line="221" class="Tests\Property\HmacValidationPropertyTest" classname="Tests.Property.HmacValidationPropertyTest" assertions="1" time="0.030916"/>
          <testcase name="test_mutated_signature_is_rejected with data set &quot;iteration_76&quot;" file="E:\coupony-backend\tests\Property\HmacValidationPropertyTest.php" line="221" class="Tests\Property\HmacValidationPropertyTest" classname="Tests.Property.HmacValidationPropertyTest" assertions="1" time="0.034142"/>
          <testcase name="test_mutated_signature_is_rejected with data set &quot;iteration_77&quot;" file="E:\coupony-backend\tests\Property\HmacValidationPropertyTest.php" line="221" class="Tests\Property\HmacValidationPropertyTest" classname="Tests.Property.HmacValidationPropertyTest" assertions="1" time="0.035604"/>
          <testcase name="test_mutated_signature_is_rejected with data set &quot;iteration_78&quot;" file="E:\coupony-backend\tests\Property\HmacValidationPropertyTest.php" line="221" class="Tests\Property\HmacValidationPropertyTest" classname="Tests.Property.HmacValidationPropertyTest" assertions="1" time="0.034465"/>
          <testcase name="test_mutated_signature_is_rejected with data set &quot;iteration_79&quot;" file="E:\coupony-backend\tests\Property\HmacValidationPropertyTest.php" line="221" class="Tests\Property\HmacValidationPropertyTest" classname="Tests.Property.HmacValidationPropertyTest" assertions="1" time="0.122784"/>
          <testcase name="test_mutated_signature_is_rejected with data set &quot;iteration_80&quot;" file="E:\coupony-backend\tests\Property\HmacValidationPropertyTest.php" line="221" class="Tests\Property\HmacValidationPropertyTest" classname="Tests.Property.HmacValidationPropertyTest" assertions="1" time="0.032721"/>
          <testcase name="test_mutated_signature_is_rejected with data set &quot;iteration_81&quot;" file="E:\coupony-backend\tests\Property\HmacValidationPropertyTest.php" line="221" class="Tests\Property\HmacValidationPropertyTest" classname="Tests.Property.HmacValidationPropertyTest" assertions="1" time="0.033780"/>
          <testcase name="test_mutated_signature_is_rejected with data set &quot;iteration_82&quot;" file="E:\coupony-backend\tests\Property\HmacValidationPropertyTest.php" line="221" class="Tests\Property\HmacValidationPropertyTest" classname="Tests.Property.HmacValidationPropertyTest" assertions="1" time="0.033010"/>
          <testcase name="test_mutated_signature_is_rejected with data set &quot;iteration_83&quot;" file="E:\coupony-backend\tests\Property\HmacValidationPropertyTest.php" line="221" class="Tests\Property\HmacValidationPropertyTest" classname="Tests.Property.HmacValidationPropertyTest" assertions="1" time="0.033500"/>
          <testcase name="test_mutated_signature_is_rejected with data set &quot;iteration_84&quot;" file="E:\coupony-backend\tests\Property\HmacValidationPropertyTest.php" line="221" class="Tests\Property\HmacValidationPropertyTest" classname="Tests.Property.HmacValidationPropertyTest" assertions="1" time="0.033454"/>
          <testcase name="test_mutated_signature_is_rejected with data set &quot;iteration_85&quot;" file="E:\coupony-backend\tests\Property\HmacValidationPropertyTest.php" line="221" class="Tests\Property\HmacValidationPropertyTest" classname="Tests.Property.HmacValidationPropertyTest" assertions="1" time="0.035015"/>
          <testcase name="test_mutated_signature_is_rejected with data set &quot;iteration_86&quot;" file="E:\coupony-backend\tests\Property\HmacValidationPropertyTest.php" line="221" class="Tests\Property\HmacValidationPropertyTest" classname="Tests.Property.HmacValidationPropertyTest" assertions="1" time="0.031883"/>
          <testcase name="test_mutated_signature_is_rejected with data set &quot;iteration_87&quot;" file="E:\coupony-backend\tests\Property\HmacValidationPropertyTest.php" line="221" class="Tests\Property\HmacValidationPropertyTest" classname="Tests.Property.HmacValidationPropertyTest" assertions="1" time="0.032878"/>
          <testcase name="test_mutated_signature_is_rejected with data set &quot;iteration_88&quot;" file="E:\coupony-backend\tests\Property\HmacValidationPropertyTest.php" line="221" class="Tests\Property\HmacValidationPropertyTest" classname="Tests.Property.HmacValidationPropertyTest" assertions="1" time="0.030063"/>
          <testcase name="test_mutated_signature_is_rejected with data set &quot;iteration_89&quot;" file="E:\coupony-backend\tests\Property\HmacValidationPropertyTest.php" line="221" class="Tests\Property\HmacValidationPropertyTest" classname="Tests.Property.HmacValidationPropertyTest" assertions="1" time="0.123819"/>
          <testcase name="test_mutated_signature_is_rejected with data set &quot;iteration_90&quot;" file="E:\coupony-backend\tests\Property\HmacValidationPropertyTest.php" line="221" class="Tests\Property\HmacValidationPropertyTest" classname="Tests.Property.HmacValidationPropertyTest" assertions="1" time="0.035757"/>
          <testcase name="test_mutated_signature_is_rejected with data set &quot;iteration_91&quot;" file="E:\coupony-backend\tests\Property\HmacValidationPropertyTest.php" line="221" class="Tests\Property\HmacValidationPropertyTest" classname="Tests.Property.HmacValidationPropertyTest" assertions="1" time="0.036053"/>
          <testcase name="test_mutated_signature_is_rejected with data set &quot;iteration_92&quot;" file="E:\coupony-backend\tests\Property\HmacValidationPropertyTest.php" line="221" class="Tests\Property\HmacValidationPropertyTest" classname="Tests.Property.HmacValidationPropertyTest" assertions="1" time="0.034307"/>
          <testcase name="test_mutated_signature_is_rejected with data set &quot;iteration_93&quot;" file="E:\coupony-backend\tests\Property\HmacValidationPropertyTest.php" line="221" class="Tests\Property\HmacValidationPropertyTest" classname="Tests.Property.HmacValidationPropertyTest" assertions="1" time="0.040568"/>
          <testcase name="test_mutated_signature_is_rejected with data set &quot;iteration_94&quot;" file="E:\coupony-backend\tests\Property\HmacValidationPropertyTest.php" line="221" class="Tests\Property\HmacValidationPropertyTest" classname="Tests.Property.HmacValidationPropertyTest" assertions="1" time="0.035932"/>
          <testcase name="test_mutated_signature_is_rejected with data set &quot;iteration_95&quot;" file="E:\coupony-backend\tests\Property\HmacValidationPropertyTest.php" line="221" class="Tests\Property\HmacValidationPropertyTest" classname="Tests.Property.HmacValidationPropertyTest" assertions="1" time="0.032749"/>
          <testcase name="test_mutated_signature_is_rejected with data set &quot;iteration_96&quot;" file="E:\coupony-backend\tests\Property\HmacValidationPropertyTest.php" line="221" class="Tests\Property\HmacValidationPropertyTest" classname="Tests.Property.HmacValidationPropertyTest" assertions="1" time="0.033115"/>
          <testcase name="test_mutated_signature_is_rejected with data set &quot;iteration_97&quot;" file="E:\coupony-backend\tests\Property\HmacValidationPropertyTest.php" line="221" class="Tests\Property\HmacValidationPropertyTest" classname="Tests.Property.HmacValidationPropertyTest" assertions="1" time="0.036549"/>
          <testcase name="test_mutated_signature_is_rejected with data set &quot;iteration_98&quot;" file="E:\coupony-backend\tests\Property\HmacValidationPropertyTest.php" line="221" class="Tests\Property\HmacValidationPropertyTest" classname="Tests.Property.HmacValidationPropertyTest" assertions="1" time="0.035970"/>
          <testcase name="test_mutated_signature_is_rejected with data set &quot;iteration_99&quot;" file="E:\coupony-backend\tests\Property\HmacValidationPropertyTest.php" line="221" class="Tests\Property\HmacValidationPropertyTest" classname="Tests.Property.HmacValidationPropertyTest" assertions="1" time="0.127081"/>
        </testsuite>
        <testsuite name="Tests\Property\HmacValidationPropertyTest::test_mutated_nested_fields_invalidate_hmac" tests="100" assertions="100" errors="0" failures="0" skipped="0" time="4.281955">
          <testcase name="test_mutated_nested_fields_invalidate_hmac with data set &quot;iteration_0&quot;" file="E:\coupony-backend\tests\Property\HmacValidationPropertyTest.php" line="245" class="Tests\Property\HmacValidationPropertyTest" classname="Tests.Property.HmacValidationPropertyTest" assertions="1" time="0.034430"/>
          <testcase name="test_mutated_nested_fields_invalidate_hmac with data set &quot;iteration_1&quot;" file="E:\coupony-backend\tests\Property\HmacValidationPropertyTest.php" line="245" class="Tests\Property\HmacValidationPropertyTest" classname="Tests.Property.HmacValidationPropertyTest" assertions="1" time="0.030675"/>
          <testcase name="test_mutated_nested_fields_invalidate_hmac with data set &quot;iteration_2&quot;" file="E:\coupony-backend\tests\Property\HmacValidationPropertyTest.php" line="245" class="Tests\Property\HmacValidationPropertyTest" classname="Tests.Property.HmacValidationPropertyTest" assertions="1" time="0.032750"/>
          <testcase name="test_mutated_nested_fields_invalidate_hmac with data set &quot;iteration_3&quot;" file="E:\coupony-backend\tests\Property\HmacValidationPropertyTest.php" line="245" class="Tests\Property\HmacValidationPropertyTest" classname="Tests.Property.HmacValidationPropertyTest" assertions="1" time="0.032557"/>
          <testcase name="test_mutated_nested_fields_invalidate_hmac with data set &quot;iteration_4&quot;" file="E:\coupony-backend\tests\Property\HmacValidationPropertyTest.php" line="245" class="Tests\Property\HmacValidationPropertyTest" classname="Tests.Property.HmacValidationPropertyTest" assertions="1" time="0.031810"/>
          <testcase name="test_mutated_nested_fields_invalidate_hmac with data set &quot;iteration_5&quot;" file="E:\coupony-backend\tests\Property\HmacValidationPropertyTest.php" line="245" class="Tests\Property\HmacValidationPropertyTest" classname="Tests.Property.HmacValidationPropertyTest" assertions="1" time="0.032839"/>
          <testcase name="test_mutated_nested_fields_invalidate_hmac with data set &quot;iteration_6&quot;" file="E:\coupony-backend\tests\Property\HmacValidationPropertyTest.php" line="245" class="Tests\Property\HmacValidationPropertyTest" classname="Tests.Property.HmacValidationPropertyTest" assertions="1" time="0.031525"/>
          <testcase name="test_mutated_nested_fields_invalidate_hmac with data set &quot;iteration_7&quot;" file="E:\coupony-backend\tests\Property\HmacValidationPropertyTest.php" line="245" class="Tests\Property\HmacValidationPropertyTest" classname="Tests.Property.HmacValidationPropertyTest" assertions="1" time="0.033275"/>
          <testcase name="test_mutated_nested_fields_invalidate_hmac with data set &quot;iteration_8&quot;" file="E:\coupony-backend\tests\Property\HmacValidationPropertyTest.php" line="245" class="Tests\Property\HmacValidationPropertyTest" classname="Tests.Property.HmacValidationPropertyTest" assertions="1" time="0.032763"/>
          <testcase name="test_mutated_nested_fields_invalidate_hmac with data set &quot;iteration_9&quot;" file="E:\coupony-backend\tests\Property\HmacValidationPropertyTest.php" line="245" class="Tests\Property\HmacValidationPropertyTest" classname="Tests.Property.HmacValidationPropertyTest" assertions="1" time="0.124007"/>
          <testcase name="test_mutated_nested_fields_invalidate_hmac with data set &quot;iteration_10&quot;" file="E:\coupony-backend\tests\Property\HmacValidationPropertyTest.php" line="245" class="Tests\Property\HmacValidationPropertyTest" classname="Tests.Property.HmacValidationPropertyTest" assertions="1" time="0.035142"/>
          <testcase name="test_mutated_nested_fields_invalidate_hmac with data set &quot;iteration_11&quot;" file="E:\coupony-backend\tests\Property\HmacValidationPropertyTest.php" line="245" class="Tests\Property\HmacValidationPropertyTest" classname="Tests.Property.HmacValidationPropertyTest" assertions="1" time="0.032138"/>
          <testcase name="test_mutated_nested_fields_invalidate_hmac with data set &quot;iteration_12&quot;" file="E:\coupony-backend\tests\Property\HmacValidationPropertyTest.php" line="245" class="Tests\Property\HmacValidationPropertyTest" classname="Tests.Property.HmacValidationPropertyTest" assertions="1" time="0.034972"/>
          <testcase name="test_mutated_nested_fields_invalidate_hmac with data set &quot;iteration_13&quot;" file="E:\coupony-backend\tests\Property\HmacValidationPropertyTest.php" line="245" class="Tests\Property\HmacValidationPropertyTest" classname="Tests.Property.HmacValidationPropertyTest" assertions="1" time="0.034066"/>
          <testcase name="test_mutated_nested_fields_invalidate_hmac with data set &quot;iteration_14&quot;" file="E:\coupony-backend\tests\Property\HmacValidationPropertyTest.php" line="245" class="Tests\Property\HmacValidationPropertyTest" classname="Tests.Property.HmacValidationPropertyTest" assertions="1" time="0.031682"/>
          <testcase name="test_mutated_nested_fields_invalidate_hmac with data set &quot;iteration_15&quot;" file="E:\coupony-backend\tests\Property\HmacValidationPropertyTest.php" line="245" class="Tests\Property\HmacValidationPropertyTest" classname="Tests.Property.HmacValidationPropertyTest" assertions="1" time="0.034651"/>
          <testcase name="test_mutated_nested_fields_invalidate_hmac with data set &quot;iteration_16&quot;" file="E:\coupony-backend\tests\Property\HmacValidationPropertyTest.php" line="245" class="Tests\Property\HmacValidationPropertyTest" classname="Tests.Property.HmacValidationPropertyTest" assertions="1" time="0.034371"/>
          <testcase name="test_mutated_nested_fields_invalidate_hmac with data set &quot;iteration_17&quot;" file="E:\coupony-backend\tests\Property\HmacValidationPropertyTest.php" line="245" class="Tests\Property\HmacValidationPropertyTest" classname="Tests.Property.HmacValidationPropertyTest" assertions="1" time="0.031155"/>
          <testcase name="test_mutated_nested_fields_invalidate_hmac with data set &quot;iteration_18&quot;" file="E:\coupony-backend\tests\Property\HmacValidationPropertyTest.php" line="245" class="Tests\Property\HmacValidationPropertyTest" classname="Tests.Property.HmacValidationPropertyTest" assertions="1" time="0.033634"/>
          <testcase name="test_mutated_nested_fields_invalidate_hmac with data set &quot;iteration_19&quot;" file="E:\coupony-backend\tests\Property\HmacValidationPropertyTest.php" line="245" class="Tests\Property\HmacValidationPropertyTest" classname="Tests.Property.HmacValidationPropertyTest" assertions="1" time="0.123818"/>
          <testcase name="test_mutated_nested_fields_invalidate_hmac with data set &quot;iteration_20&quot;" file="E:\coupony-backend\tests\Property\HmacValidationPropertyTest.php" line="245" class="Tests\Property\HmacValidationPropertyTest" classname="Tests.Property.HmacValidationPropertyTest" assertions="1" time="0.030632"/>
          <testcase name="test_mutated_nested_fields_invalidate_hmac with data set &quot;iteration_21&quot;" file="E:\coupony-backend\tests\Property\HmacValidationPropertyTest.php" line="245" class="Tests\Property\HmacValidationPropertyTest" classname="Tests.Property.HmacValidationPropertyTest" assertions="1" time="0.034357"/>
          <testcase name="test_mutated_nested_fields_invalidate_hmac with data set &quot;iteration_22&quot;" file="E:\coupony-backend\tests\Property\HmacValidationPropertyTest.php" line="245" class="Tests\Property\HmacValidationPropertyTest" classname="Tests.Property.HmacValidationPropertyTest" assertions="1" time="0.034780"/>
          <testcase name="test_mutated_nested_fields_invalidate_hmac with data set &quot;iteration_23&quot;" file="E:\coupony-backend\tests\Property\HmacValidationPropertyTest.php" line="245" class="Tests\Property\HmacValidationPropertyTest" classname="Tests.Property.HmacValidationPropertyTest" assertions="1" time="0.030801"/>
          <testcase name="test_mutated_nested_fields_invalidate_hmac with data set &quot;iteration_24&quot;" file="E:\coupony-backend\tests\Property\HmacValidationPropertyTest.php" line="245" class="Tests\Property\HmacValidationPropertyTest" classname="Tests.Property.HmacValidationPropertyTest" assertions="1" time="0.035090"/>
          <testcase name="test_mutated_nested_fields_invalidate_hmac with data set &quot;iteration_25&quot;" file="E:\coupony-backend\tests\Property\HmacValidationPropertyTest.php" line="245" class="Tests\Property\HmacValidationPropertyTest" classname="Tests.Property.HmacValidationPropertyTest" assertions="1" time="0.034999"/>
          <testcase name="test_mutated_nested_fields_invalidate_hmac with data set &quot;iteration_26&quot;" file="E:\coupony-backend\tests\Property\HmacValidationPropertyTest.php" line="245" class="Tests\Property\HmacValidationPropertyTest" classname="Tests.Property.HmacValidationPropertyTest" assertions="1" time="0.034697"/>
          <testcase name="test_mutated_nested_fields_invalidate_hmac with data set &quot;iteration_27&quot;" file="E:\coupony-backend\tests\Property\HmacValidationPropertyTest.php" line="245" class="Tests\Property\HmacValidationPropertyTest" classname="Tests.Property.HmacValidationPropertyTest" assertions="1" time="0.032133"/>
          <testcase name="test_mutated_nested_fields_invalidate_hmac with data set &quot;iteration_28&quot;" file="E:\coupony-backend\tests\Property\HmacValidationPropertyTest.php" line="245" class="Tests\Property\HmacValidationPropertyTest" classname="Tests.Property.HmacValidationPropertyTest" assertions="1" time="0.035454"/>
          <testcase name="test_mutated_nested_fields_invalidate_hmac with data set &quot;iteration_29&quot;" file="E:\coupony-backend\tests\Property\HmacValidationPropertyTest.php" line="245" class="Tests\Property\HmacValidationPropertyTest" classname="Tests.Property.HmacValidationPropertyTest" assertions="1" time="0.125307"/>
          <testcase name="test_mutated_nested_fields_invalidate_hmac with data set &quot;iteration_30&quot;" file="E:\coupony-backend\tests\Property\HmacValidationPropertyTest.php" line="245" class="Tests\Property\HmacValidationPropertyTest" classname="Tests.Property.HmacValidationPropertyTest" assertions="1" time="0.033143"/>
          <testcase name="test_mutated_nested_fields_invalidate_hmac with data set &quot;iteration_31&quot;" file="E:\coupony-backend\tests\Property\HmacValidationPropertyTest.php" line="245" class="Tests\Property\HmacValidationPropertyTest" classname="Tests.Property.HmacValidationPropertyTest" assertions="1" time="0.031305"/>
          <testcase name="test_mutated_nested_fields_invalidate_hmac with data set &quot;iteration_32&quot;" file="E:\coupony-backend\tests\Property\HmacValidationPropertyTest.php" line="245" class="Tests\Property\HmacValidationPropertyTest" classname="Tests.Property.HmacValidationPropertyTest" assertions="1" time="0.033777"/>
          <testcase name="test_mutated_nested_fields_invalidate_hmac with data set &quot;iteration_33&quot;" file="E:\coupony-backend\tests\Property\HmacValidationPropertyTest.php" line="245" class="Tests\Property\HmacValidationPropertyTest" classname="Tests.Property.HmacValidationPropertyTest" assertions="1" time="0.033281"/>
          <testcase name="test_mutated_nested_fields_invalidate_hmac with data set &quot;iteration_34&quot;" file="E:\coupony-backend\tests\Property\HmacValidationPropertyTest.php" line="245" class="Tests\Property\HmacValidationPropertyTest" classname="Tests.Property.HmacValidationPropertyTest" assertions="1" time="0.031510"/>
          <testcase name="test_mutated_nested_fields_invalidate_hmac with data set &quot;iteration_35&quot;" file="E:\coupony-backend\tests\Property\HmacValidationPropertyTest.php" line="245" class="Tests\Property\HmacValidationPropertyTest" classname="Tests.Property.HmacValidationPropertyTest" assertions="1" time="0.034756"/>
          <testcase name="test_mutated_nested_fields_invalidate_hmac with data set &quot;iteration_36&quot;" file="E:\coupony-backend\tests\Property\HmacValidationPropertyTest.php" line="245" class="Tests\Property\HmacValidationPropertyTest" classname="Tests.Property.HmacValidationPropertyTest" assertions="1" time="0.035716"/>
          <testcase name="test_mutated_nested_fields_invalidate_hmac with data set &quot;iteration_37&quot;" file="E:\coupony-backend\tests\Property\HmacValidationPropertyTest.php" line="245" class="Tests\Property\HmacValidationPropertyTest" classname="Tests.Property.HmacValidationPropertyTest" assertions="1" time="0.034487"/>
          <testcase name="test_mutated_nested_fields_invalidate_hmac with data set &quot;iteration_38&quot;" file="E:\coupony-backend\tests\Property\HmacValidationPropertyTest.php" line="245" class="Tests\Property\HmacValidationPropertyTest" classname="Tests.Property.HmacValidationPropertyTest" assertions="1" time="0.031190"/>
          <testcase name="test_mutated_nested_fields_invalidate_hmac with data set &quot;iteration_39&quot;" file="E:\coupony-backend\tests\Property\HmacValidationPropertyTest.php" line="245" class="Tests\Property\HmacValidationPropertyTest" classname="Tests.Property.HmacValidationPropertyTest" assertions="1" time="0.134940"/>
          <testcase name="test_mutated_nested_fields_invalidate_hmac with data set &quot;iteration_40&quot;" file="E:\coupony-backend\tests\Property\HmacValidationPropertyTest.php" line="245" class="Tests\Property\HmacValidationPropertyTest" classname="Tests.Property.HmacValidationPropertyTest" assertions="1" time="0.046768"/>
          <testcase name="test_mutated_nested_fields_invalidate_hmac with data set &quot;iteration_41&quot;" file="E:\coupony-backend\tests\Property\HmacValidationPropertyTest.php" line="245" class="Tests\Property\HmacValidationPropertyTest" classname="Tests.Property.HmacValidationPropertyTest" assertions="1" time="0.031949"/>
          <testcase name="test_mutated_nested_fields_invalidate_hmac with data set &quot;iteration_42&quot;" file="E:\coupony-backend\tests\Property\HmacValidationPropertyTest.php" line="245" class="Tests\Property\HmacValidationPropertyTest" classname="Tests.Property.HmacValidationPropertyTest" assertions="1" time="0.035464"/>
          <testcase name="test_mutated_nested_fields_invalidate_hmac with data set &quot;iteration_43&quot;" file="E:\coupony-backend\tests\Property\HmacValidationPropertyTest.php" line="245" class="Tests\Property\HmacValidationPropertyTest" classname="Tests.Property.HmacValidationPropertyTest" assertions="1" time="0.036276"/>
          <testcase name="test_mutated_nested_fields_invalidate_hmac with data set &quot;iteration_44&quot;" file="E:\coupony-backend\tests\Property\HmacValidationPropertyTest.php" line="245" class="Tests\Property\HmacValidationPropertyTest" classname="Tests.Property.HmacValidationPropertyTest" assertions="1" time="0.033719"/>
          <testcase name="test_mutated_nested_fields_invalidate_hmac with data set &quot;iteration_45&quot;" file="E:\coupony-backend\tests\Property\HmacValidationPropertyTest.php" line="245" class="Tests\Property\HmacValidationPropertyTest" classname="Tests.Property.HmacValidationPropertyTest" assertions="1" time="0.035175"/>
          <testcase name="test_mutated_nested_fields_invalidate_hmac with data set &quot;iteration_46&quot;" file="E:\coupony-backend\tests\Property\HmacValidationPropertyTest.php" line="245" class="Tests\Property\HmacValidationPropertyTest" classname="Tests.Property.HmacValidationPropertyTest" assertions="1" time="0.033132"/>
          <testcase name="test_mutated_nested_fields_invalidate_hmac with data set &quot;iteration_47&quot;" file="E:\coupony-backend\tests\Property\HmacValidationPropertyTest.php" line="245" class="Tests\Property\HmacValidationPropertyTest" classname="Tests.Property.HmacValidationPropertyTest" assertions="1" time="0.034182"/>
          <testcase name="test_mutated_nested_fields_invalidate_hmac with data set &quot;iteration_48&quot;" file="E:\coupony-backend\tests\Property\HmacValidationPropertyTest.php" line="245" class="Tests\Property\HmacValidationPropertyTest" classname="Tests.Property.HmacValidationPropertyTest" assertions="1" time="0.033090"/>
          <testcase name="test_mutated_nested_fields_invalidate_hmac with data set &quot;iteration_49&quot;" file="E:\coupony-backend\tests\Property\HmacValidationPropertyTest.php" line="245" class="Tests\Property\HmacValidationPropertyTest" classname="Tests.Property.HmacValidationPropertyTest" assertions="1" time="0.124749"/>
          <testcase name="test_mutated_nested_fields_invalidate_hmac with data set &quot;iteration_50&quot;" file="E:\coupony-backend\tests\Property\HmacValidationPropertyTest.php" line="245" class="Tests\Property\HmacValidationPropertyTest" classname="Tests.Property.HmacValidationPropertyTest" assertions="1" time="0.032970"/>
          <testcase name="test_mutated_nested_fields_invalidate_hmac with data set &quot;iteration_51&quot;" file="E:\coupony-backend\tests\Property\HmacValidationPropertyTest.php" line="245" class="Tests\Property\HmacValidationPropertyTest" classname="Tests.Property.HmacValidationPropertyTest" assertions="1" time="0.032661"/>
          <testcase name="test_mutated_nested_fields_invalidate_hmac with data set &quot;iteration_52&quot;" file="E:\coupony-backend\tests\Property\HmacValidationPropertyTest.php" line="245" class="Tests\Property\HmacValidationPropertyTest" classname="Tests.Property.HmacValidationPropertyTest" assertions="1" time="0.035116"/>
          <testcase name="test_mutated_nested_fields_invalidate_hmac with data set &quot;iteration_53&quot;" file="E:\coupony-backend\tests\Property\HmacValidationPropertyTest.php" line="245" class="Tests\Property\HmacValidationPropertyTest" classname="Tests.Property.HmacValidationPropertyTest" assertions="1" time="0.031624"/>
          <testcase name="test_mutated_nested_fields_invalidate_hmac with data set &quot;iteration_54&quot;" file="E:\coupony-backend\tests\Property\HmacValidationPropertyTest.php" line="245" class="Tests\Property\HmacValidationPropertyTest" classname="Tests.Property.HmacValidationPropertyTest" assertions="1" time="0.034285"/>
          <testcase name="test_mutated_nested_fields_invalidate_hmac with data set &quot;iteration_55&quot;" file="E:\coupony-backend\tests\Property\HmacValidationPropertyTest.php" line="245" class="Tests\Property\HmacValidationPropertyTest" classname="Tests.Property.HmacValidationPropertyTest" assertions="1" time="0.036605"/>
          <testcase name="test_mutated_nested_fields_invalidate_hmac with data set &quot;iteration_56&quot;" file="E:\coupony-backend\tests\Property\HmacValidationPropertyTest.php" line="245" class="Tests\Property\HmacValidationPropertyTest" classname="Tests.Property.HmacValidationPropertyTest" assertions="1" time="0.033795"/>
          <testcase name="test_mutated_nested_fields_invalidate_hmac with data set &quot;iteration_57&quot;" file="E:\coupony-backend\tests\Property\HmacValidationPropertyTest.php" line="245" class="Tests\Property\HmacValidationPropertyTest" classname="Tests.Property.HmacValidationPropertyTest" assertions="1" time="0.031260"/>
          <testcase name="test_mutated_nested_fields_invalidate_hmac with data set &quot;iteration_58&quot;" file="E:\coupony-backend\tests\Property\HmacValidationPropertyTest.php" line="245" class="Tests\Property\HmacValidationPropertyTest" classname="Tests.Property.HmacValidationPropertyTest" assertions="1" time="0.033689"/>
          <testcase name="test_mutated_nested_fields_invalidate_hmac with data set &quot;iteration_59&quot;" file="E:\coupony-backend\tests\Property\HmacValidationPropertyTest.php" line="245" class="Tests\Property\HmacValidationPropertyTest" classname="Tests.Property.HmacValidationPropertyTest" assertions="1" time="0.124496"/>
          <testcase name="test_mutated_nested_fields_invalidate_hmac with data set &quot;iteration_60&quot;" file="E:\coupony-backend\tests\Property\HmacValidationPropertyTest.php" line="245" class="Tests\Property\HmacValidationPropertyTest" classname="Tests.Property.HmacValidationPropertyTest" assertions="1" time="0.033511"/>
          <testcase name="test_mutated_nested_fields_invalidate_hmac with data set &quot;iteration_61&quot;" file="E:\coupony-backend\tests\Property\HmacValidationPropertyTest.php" line="245" class="Tests\Property\HmacValidationPropertyTest" classname="Tests.Property.HmacValidationPropertyTest" assertions="1" time="0.030770"/>
          <testcase name="test_mutated_nested_fields_invalidate_hmac with data set &quot;iteration_62&quot;" file="E:\coupony-backend\tests\Property\HmacValidationPropertyTest.php" line="245" class="Tests\Property\HmacValidationPropertyTest" classname="Tests.Property.HmacValidationPropertyTest" assertions="1" time="0.032459"/>
          <testcase name="test_mutated_nested_fields_invalidate_hmac with data set &quot;iteration_63&quot;" file="E:\coupony-backend\tests\Property\HmacValidationPropertyTest.php" line="245" class="Tests\Property\HmacValidationPropertyTest" classname="Tests.Property.HmacValidationPropertyTest" assertions="1" time="0.032883"/>
          <testcase name="test_mutated_nested_fields_invalidate_hmac with data set &quot;iteration_64&quot;" file="E:\coupony-backend\tests\Property\HmacValidationPropertyTest.php" line="245" class="Tests\Property\HmacValidationPropertyTest" classname="Tests.Property.HmacValidationPropertyTest" assertions="1" time="0.034726"/>
          <testcase name="test_mutated_nested_fields_invalidate_hmac with data set &quot;iteration_65&quot;" file="E:\coupony-backend\tests\Property\HmacValidationPropertyTest.php" line="245" class="Tests\Property\HmacValidationPropertyTest" classname="Tests.Property.HmacValidationPropertyTest" assertions="1" time="0.032055"/>
          <testcase name="test_mutated_nested_fields_invalidate_hmac with data set &quot;iteration_66&quot;" file="E:\coupony-backend\tests\Property\HmacValidationPropertyTest.php" line="245" class="Tests\Property\HmacValidationPropertyTest" classname="Tests.Property.HmacValidationPropertyTest" assertions="1" time="0.032563"/>
          <testcase name="test_mutated_nested_fields_invalidate_hmac with data set &quot;iteration_67&quot;" file="E:\coupony-backend\tests\Property\HmacValidationPropertyTest.php" line="245" class="Tests\Property\HmacValidationPropertyTest" classname="Tests.Property.HmacValidationPropertyTest" assertions="1" time="0.035054"/>
          <testcase name="test_mutated_nested_fields_invalidate_hmac with data set &quot;iteration_68&quot;" file="E:\coupony-backend\tests\Property\HmacValidationPropertyTest.php" line="245" class="Tests\Property\HmacValidationPropertyTest" classname="Tests.Property.HmacValidationPropertyTest" assertions="1" time="0.035242"/>
          <testcase name="test_mutated_nested_fields_invalidate_hmac with data set &quot;iteration_69&quot;" file="E:\coupony-backend\tests\Property\HmacValidationPropertyTest.php" line="245" class="Tests\Property\HmacValidationPropertyTest" classname="Tests.Property.HmacValidationPropertyTest" assertions="1" time="0.125676"/>
          <testcase name="test_mutated_nested_fields_invalidate_hmac with data set &quot;iteration_70&quot;" file="E:\coupony-backend\tests\Property\HmacValidationPropertyTest.php" line="245" class="Tests\Property\HmacValidationPropertyTest" classname="Tests.Property.HmacValidationPropertyTest" assertions="1" time="0.033080"/>
          <testcase name="test_mutated_nested_fields_invalidate_hmac with data set &quot;iteration_71&quot;" file="E:\coupony-backend\tests\Property\HmacValidationPropertyTest.php" line="245" class="Tests\Property\HmacValidationPropertyTest" classname="Tests.Property.HmacValidationPropertyTest" assertions="1" time="0.032057"/>
          <testcase name="test_mutated_nested_fields_invalidate_hmac with data set &quot;iteration_72&quot;" file="E:\coupony-backend\tests\Property\HmacValidationPropertyTest.php" line="245" class="Tests\Property\HmacValidationPropertyTest" classname="Tests.Property.HmacValidationPropertyTest" assertions="1" time="0.035798"/>
          <testcase name="test_mutated_nested_fields_invalidate_hmac with data set &quot;iteration_73&quot;" file="E:\coupony-backend\tests\Property\HmacValidationPropertyTest.php" line="245" class="Tests\Property\HmacValidationPropertyTest" classname="Tests.Property.HmacValidationPropertyTest" assertions="1" time="0.033916"/>
          <testcase name="test_mutated_nested_fields_invalidate_hmac with data set &quot;iteration_74&quot;" file="E:\coupony-backend\tests\Property\HmacValidationPropertyTest.php" line="245" class="Tests\Property\HmacValidationPropertyTest" classname="Tests.Property.HmacValidationPropertyTest" assertions="1" time="0.030942"/>
          <testcase name="test_mutated_nested_fields_invalidate_hmac with data set &quot;iteration_75&quot;" file="E:\coupony-backend\tests\Property\HmacValidationPropertyTest.php" line="245" class="Tests\Property\HmacValidationPropertyTest" classname="Tests.Property.HmacValidationPropertyTest" assertions="1" time="0.032919"/>
          <testcase name="test_mutated_nested_fields_invalidate_hmac with data set &quot;iteration_76&quot;" file="E:\coupony-backend\tests\Property\HmacValidationPropertyTest.php" line="245" class="Tests\Property\HmacValidationPropertyTest" classname="Tests.Property.HmacValidationPropertyTest" assertions="1" time="0.032879"/>
          <testcase name="test_mutated_nested_fields_invalidate_hmac with data set &quot;iteration_77&quot;" file="E:\coupony-backend\tests\Property\HmacValidationPropertyTest.php" line="245" class="Tests\Property\HmacValidationPropertyTest" classname="Tests.Property.HmacValidationPropertyTest" assertions="1" time="0.031414"/>
          <testcase name="test_mutated_nested_fields_invalidate_hmac with data set &quot;iteration_78&quot;" file="E:\coupony-backend\tests\Property\HmacValidationPropertyTest.php" line="245" class="Tests\Property\HmacValidationPropertyTest" classname="Tests.Property.HmacValidationPropertyTest" assertions="1" time="0.034714"/>
          <testcase name="test_mutated_nested_fields_invalidate_hmac with data set &quot;iteration_79&quot;" file="E:\coupony-backend\tests\Property\HmacValidationPropertyTest.php" line="245" class="Tests\Property\HmacValidationPropertyTest" classname="Tests.Property.HmacValidationPropertyTest" assertions="1" time="0.128978"/>
          <testcase name="test_mutated_nested_fields_invalidate_hmac with data set &quot;iteration_80&quot;" file="E:\coupony-backend\tests\Property\HmacValidationPropertyTest.php" line="245" class="Tests\Property\HmacValidationPropertyTest" classname="Tests.Property.HmacValidationPropertyTest" assertions="1" time="0.032644"/>
          <testcase name="test_mutated_nested_fields_invalidate_hmac with data set &quot;iteration_81&quot;" file="E:\coupony-backend\tests\Property\HmacValidationPropertyTest.php" line="245" class="Tests\Property\HmacValidationPropertyTest" classname="Tests.Property.HmacValidationPropertyTest" assertions="1" time="0.030576"/>
          <testcase name="test_mutated_nested_fields_invalidate_hmac with data set &quot;iteration_82&quot;" file="E:\coupony-backend\tests\Property\HmacValidationPropertyTest.php" line="245" class="Tests\Property\HmacValidationPropertyTest" classname="Tests.Property.HmacValidationPropertyTest" assertions="1" time="0.034799"/>
          <testcase name="test_mutated_nested_fields_invalidate_hmac with data set &quot;iteration_83&quot;" file="E:\coupony-backend\tests\Property\HmacValidationPropertyTest.php" line="245" class="Tests\Property\HmacValidationPropertyTest" classname="Tests.Property.HmacValidationPropertyTest" assertions="1" time="0.033094"/>
          <testcase name="test_mutated_nested_fields_invalidate_hmac with data set &quot;iteration_84&quot;" file="E:\coupony-backend\tests\Property\HmacValidationPropertyTest.php" line="245" class="Tests\Property\HmacValidationPropertyTest" classname="Tests.Property.HmacValidationPropertyTest" assertions="1" time="0.031694"/>
          <testcase name="test_mutated_nested_fields_invalidate_hmac with data set &quot;iteration_85&quot;" file="E:\coupony-backend\tests\Property\HmacValidationPropertyTest.php" line="245" class="Tests\Property\HmacValidationPropertyTest" classname="Tests.Property.HmacValidationPropertyTest" assertions="1" time="0.034311"/>
          <testcase name="test_mutated_nested_fields_invalidate_hmac with data set &quot;iteration_86&quot;" file="E:\coupony-backend\tests\Property\HmacValidationPropertyTest.php" line="245" class="Tests\Property\HmacValidationPropertyTest" classname="Tests.Property.HmacValidationPropertyTest" assertions="1" time="0.035789"/>
          <testcase name="test_mutated_nested_fields_invalidate_hmac with data set &quot;iteration_87&quot;" file="E:\coupony-backend\tests\Property\HmacValidationPropertyTest.php" line="245" class="Tests\Property\HmacValidationPropertyTest" classname="Tests.Property.HmacValidationPropertyTest" assertions="1" time="0.031656"/>
          <testcase name="test_mutated_nested_fields_invalidate_hmac with data set &quot;iteration_88&quot;" file="E:\coupony-backend\tests\Property\HmacValidationPropertyTest.php" line="245" class="Tests\Property\HmacValidationPropertyTest" classname="Tests.Property.HmacValidationPropertyTest" assertions="1" time="0.033404"/>
          <testcase name="test_mutated_nested_fields_invalidate_hmac with data set &quot;iteration_89&quot;" file="E:\coupony-backend\tests\Property\HmacValidationPropertyTest.php" line="245" class="Tests\Property\HmacValidationPropertyTest" classname="Tests.Property.HmacValidationPropertyTest" assertions="1" time="0.132677"/>
          <testcase name="test_mutated_nested_fields_invalidate_hmac with data set &quot;iteration_90&quot;" file="E:\coupony-backend\tests\Property\HmacValidationPropertyTest.php" line="245" class="Tests\Property\HmacValidationPropertyTest" classname="Tests.Property.HmacValidationPropertyTest" assertions="1" time="0.030928"/>
          <testcase name="test_mutated_nested_fields_invalidate_hmac with data set &quot;iteration_91&quot;" file="E:\coupony-backend\tests\Property\HmacValidationPropertyTest.php" line="245" class="Tests\Property\HmacValidationPropertyTest" classname="Tests.Property.HmacValidationPropertyTest" assertions="1" time="0.034663"/>
          <testcase name="test_mutated_nested_fields_invalidate_hmac with data set &quot;iteration_92&quot;" file="E:\coupony-backend\tests\Property\HmacValidationPropertyTest.php" line="245" class="Tests\Property\HmacValidationPropertyTest" classname="Tests.Property.HmacValidationPropertyTest" assertions="1" time="0.032922"/>
          <testcase name="test_mutated_nested_fields_invalidate_hmac with data set &quot;iteration_93&quot;" file="E:\coupony-backend\tests\Property\HmacValidationPropertyTest.php" line="245" class="Tests\Property\HmacValidationPropertyTest" classname="Tests.Property.HmacValidationPropertyTest" assertions="1" time="0.032230"/>
          <testcase name="test_mutated_nested_fields_invalidate_hmac with data set &quot;iteration_94&quot;" file="E:\coupony-backend\tests\Property\HmacValidationPropertyTest.php" line="245" class="Tests\Property\HmacValidationPropertyTest" classname="Tests.Property.HmacValidationPropertyTest" assertions="1" time="0.033194"/>
          <testcase name="test_mutated_nested_fields_invalidate_hmac with data set &quot;iteration_95&quot;" file="E:\coupony-backend\tests\Property\HmacValidationPropertyTest.php" line="245" class="Tests\Property\HmacValidationPropertyTest" classname="Tests.Property.HmacValidationPropertyTest" assertions="1" time="0.033333"/>
          <testcase name="test_mutated_nested_fields_invalidate_hmac with data set &quot;iteration_96&quot;" file="E:\coupony-backend\tests\Property\HmacValidationPropertyTest.php" line="245" class="Tests\Property\HmacValidationPropertyTest" classname="Tests.Property.HmacValidationPropertyTest" assertions="1" time="0.031302"/>
          <testcase name="test_mutated_nested_fields_invalidate_hmac with data set &quot;iteration_97&quot;" file="E:\coupony-backend\tests\Property\HmacValidationPropertyTest.php" line="245" class="Tests\Property\HmacValidationPropertyTest" classname="Tests.Property.HmacValidationPropertyTest" assertions="1" time="0.033297"/>
          <testcase name="test_mutated_nested_fields_invalidate_hmac with data set &quot;iteration_98&quot;" file="E:\coupony-backend\tests\Property\HmacValidationPropertyTest.php" line="245" class="Tests\Property\HmacValidationPropertyTest" classname="Tests.Property.HmacValidationPropertyTest" assertions="1" time="0.032868"/>
          <testcase name="test_mutated_nested_fields_invalidate_hmac with data set &quot;iteration_99&quot;" file="E:\coupony-backend\tests\Property\HmacValidationPropertyTest.php" line="245" class="Tests\Property\HmacValidationPropertyTest" classname="Tests.Property.HmacValidationPropertyTest" assertions="1" time="0.129316"/>
        </testsuite>
      </testsuite>
      <testsuite name="Tests\Property\LimitEnforcementPropertyTest" file="E:\coupony-backend\tests\Property\LimitEnforcementPropertyTest.php" tests="105" assertions="315" errors="0" failures="0" skipped="0" time="6.335897">
        <testsuite name="Tests\Property\LimitEnforcementPropertyTest::test_at_or_over_limit_returns_403_subscription_limit_reached" tests="105" assertions="315" errors="0" failures="0" skipped="0" time="6.335897">
          <testcase name="test_at_or_over_limit_returns_403_subscription_limit_reached with data set &quot;iteration_0_employees_limit_10_usage_12&quot;" file="E:\coupony-backend\tests\Property\LimitEnforcementPropertyTest.php" line="70" class="Tests\Property\LimitEnforcementPropertyTest" classname="Tests.Property.LimitEnforcementPropertyTest" assertions="3" time="0.057517"/>
          <testcase name="test_at_or_over_limit_returns_403_subscription_limit_reached with data set &quot;iteration_1_branches_limit_5_usage_10&quot;" file="E:\coupony-backend\tests\Property\LimitEnforcementPropertyTest.php" line="70" class="Tests\Property\LimitEnforcementPropertyTest" classname="Tests.Property.LimitEnforcementPropertyTest" assertions="3" time="0.051150"/>
          <testcase name="test_at_or_over_limit_returns_403_subscription_limit_reached with data set &quot;iteration_2_branches_limit_7_usage_11&quot;" file="E:\coupony-backend\tests\Property\LimitEnforcementPropertyTest.php" line="70" class="Tests\Property\LimitEnforcementPropertyTest" classname="Tests.Property.LimitEnforcementPropertyTest" assertions="3" time="0.065375"/>
          <testcase name="test_at_or_over_limit_returns_403_subscription_limit_reached with data set &quot;iteration_3_products_limit_7_usage_12&quot;" file="E:\coupony-backend\tests\Property\LimitEnforcementPropertyTest.php" line="70" class="Tests\Property\LimitEnforcementPropertyTest" classname="Tests.Property.LimitEnforcementPropertyTest" assertions="3" time="0.058013"/>
          <testcase name="test_at_or_over_limit_returns_403_subscription_limit_reached with data set &quot;iteration_4_employees_limit_2_usage_2&quot;" file="E:\coupony-backend\tests\Property\LimitEnforcementPropertyTest.php" line="70" class="Tests\Property\LimitEnforcementPropertyTest" classname="Tests.Property.LimitEnforcementPropertyTest" assertions="3" time="0.043959"/>
          <testcase name="test_at_or_over_limit_returns_403_subscription_limit_reached with data set &quot;iteration_5_employees_limit_8_usage_13&quot;" file="E:\coupony-backend\tests\Property\LimitEnforcementPropertyTest.php" line="70" class="Tests\Property\LimitEnforcementPropertyTest" classname="Tests.Property.LimitEnforcementPropertyTest" assertions="3" time="0.056546"/>
          <testcase name="test_at_or_over_limit_returns_403_subscription_limit_reached with data set &quot;iteration_6_branches_limit_7_usage_10&quot;" file="E:\coupony-backend\tests\Property\LimitEnforcementPropertyTest.php" line="70" class="Tests\Property\LimitEnforcementPropertyTest" classname="Tests.Property.LimitEnforcementPropertyTest" assertions="3" time="0.144243"/>
          <testcase name="test_at_or_over_limit_returns_403_subscription_limit_reached with data set &quot;iteration_7_employees_limit_4_usage_8&quot;" file="E:\coupony-backend\tests\Property\LimitEnforcementPropertyTest.php" line="70" class="Tests\Property\LimitEnforcementPropertyTest" classname="Tests.Property.LimitEnforcementPropertyTest" assertions="3" time="0.055935"/>
          <testcase name="test_at_or_over_limit_returns_403_subscription_limit_reached with data set &quot;iteration_8_products_limit_1_usage_2&quot;" file="E:\coupony-backend\tests\Property\LimitEnforcementPropertyTest.php" line="70" class="Tests\Property\LimitEnforcementPropertyTest" classname="Tests.Property.LimitEnforcementPropertyTest" assertions="3" time="0.048745"/>
          <testcase name="test_at_or_over_limit_returns_403_subscription_limit_reached with data set &quot;iteration_9_products_limit_6_usage_10&quot;" file="E:\coupony-backend\tests\Property\LimitEnforcementPropertyTest.php" line="70" class="Tests\Property\LimitEnforcementPropertyTest" classname="Tests.Property.LimitEnforcementPropertyTest" assertions="3" time="0.055837"/>
          <testcase name="test_at_or_over_limit_returns_403_subscription_limit_reached with data set &quot;iteration_10_products_limit_4_usage_6&quot;" file="E:\coupony-backend\tests\Property\LimitEnforcementPropertyTest.php" line="70" class="Tests\Property\LimitEnforcementPropertyTest" classname="Tests.Property.LimitEnforcementPropertyTest" assertions="3" time="0.054610"/>
          <testcase name="test_at_or_over_limit_returns_403_subscription_limit_reached with data set &quot;iteration_11_branches_limit_9_usage_11&quot;" file="E:\coupony-backend\tests\Property\LimitEnforcementPropertyTest.php" line="70" class="Tests\Property\LimitEnforcementPropertyTest" classname="Tests.Property.LimitEnforcementPropertyTest" assertions="3" time="0.053919"/>
          <testcase name="test_at_or_over_limit_returns_403_subscription_limit_reached with data set &quot;iteration_12_products_limit_8_usage_10&quot;" file="E:\coupony-backend\tests\Property\LimitEnforcementPropertyTest.php" line="70" class="Tests\Property\LimitEnforcementPropertyTest" classname="Tests.Property.LimitEnforcementPropertyTest" assertions="3" time="0.053654"/>
          <testcase name="test_at_or_over_limit_returns_403_subscription_limit_reached with data set &quot;iteration_13_branches_limit_1_usage_1&quot;" file="E:\coupony-backend\tests\Property\LimitEnforcementPropertyTest.php" line="70" class="Tests\Property\LimitEnforcementPropertyTest" classname="Tests.Property.LimitEnforcementPropertyTest" assertions="3" time="0.044436"/>
          <testcase name="test_at_or_over_limit_returns_403_subscription_limit_reached with data set &quot;iteration_14_branches_limit_3_usage_5&quot;" file="E:\coupony-backend\tests\Property\LimitEnforcementPropertyTest.php" line="70" class="Tests\Property\LimitEnforcementPropertyTest" classname="Tests.Property.LimitEnforcementPropertyTest" assertions="3" time="0.044720"/>
          <testcase name="test_at_or_over_limit_returns_403_subscription_limit_reached with data set &quot;iteration_15_branches_limit_4_usage_5&quot;" file="E:\coupony-backend\tests\Property\LimitEnforcementPropertyTest.php" line="70" class="Tests\Property\LimitEnforcementPropertyTest" classname="Tests.Property.LimitEnforcementPropertyTest" assertions="3" time="0.118164"/>
          <testcase name="test_at_or_over_limit_returns_403_subscription_limit_reached with data set &quot;iteration_16_products_limit_5_usage_5&quot;" file="E:\coupony-backend\tests\Property\LimitEnforcementPropertyTest.php" line="70" class="Tests\Property\LimitEnforcementPropertyTest" classname="Tests.Property.LimitEnforcementPropertyTest" assertions="3" time="0.051512"/>
          <testcase name="test_at_or_over_limit_returns_403_subscription_limit_reached with data set &quot;iteration_17_employees_limit_3_usage_7&quot;" file="E:\coupony-backend\tests\Property\LimitEnforcementPropertyTest.php" line="70" class="Tests\Property\LimitEnforcementPropertyTest" classname="Tests.Property.LimitEnforcementPropertyTest" assertions="3" time="0.064069"/>
          <testcase name="test_at_or_over_limit_returns_403_subscription_limit_reached with data set &quot;iteration_18_products_limit_4_usage_7&quot;" file="E:\coupony-backend\tests\Property\LimitEnforcementPropertyTest.php" line="70" class="Tests\Property\LimitEnforcementPropertyTest" classname="Tests.Property.LimitEnforcementPropertyTest" assertions="3" time="0.064582"/>
          <testcase name="test_at_or_over_limit_returns_403_subscription_limit_reached with data set &quot;iteration_19_branches_limit_7_usage_8&quot;" file="E:\coupony-backend\tests\Property\LimitEnforcementPropertyTest.php" line="70" class="Tests\Property\LimitEnforcementPropertyTest" classname="Tests.Property.LimitEnforcementPropertyTest" assertions="3" time="0.068457"/>
          <testcase name="test_at_or_over_limit_returns_403_subscription_limit_reached with data set &quot;iteration_20_employees_limit_10_usage_12&quot;" file="E:\coupony-backend\tests\Property\LimitEnforcementPropertyTest.php" line="70" class="Tests\Property\LimitEnforcementPropertyTest" classname="Tests.Property.LimitEnforcementPropertyTest" assertions="3" time="0.056421"/>
          <testcase name="test_at_or_over_limit_returns_403_subscription_limit_reached with data set &quot;iteration_21_products_limit_5_usage_10&quot;" file="E:\coupony-backend\tests\Property\LimitEnforcementPropertyTest.php" line="70" class="Tests\Property\LimitEnforcementPropertyTest" classname="Tests.Property.LimitEnforcementPropertyTest" assertions="3" time="0.058508"/>
          <testcase name="test_at_or_over_limit_returns_403_subscription_limit_reached with data set &quot;iteration_22_branches_limit_10_usage_10&quot;" file="E:\coupony-backend\tests\Property\LimitEnforcementPropertyTest.php" line="70" class="Tests\Property\LimitEnforcementPropertyTest" classname="Tests.Property.LimitEnforcementPropertyTest" assertions="3" time="0.053176"/>
          <testcase name="test_at_or_over_limit_returns_403_subscription_limit_reached with data set &quot;iteration_23_products_limit_8_usage_11&quot;" file="E:\coupony-backend\tests\Property\LimitEnforcementPropertyTest.php" line="70" class="Tests\Property\LimitEnforcementPropertyTest" classname="Tests.Property.LimitEnforcementPropertyTest" assertions="3" time="0.059610"/>
          <testcase name="test_at_or_over_limit_returns_403_subscription_limit_reached with data set &quot;iteration_24_products_limit_9_usage_13&quot;" file="E:\coupony-backend\tests\Property\LimitEnforcementPropertyTest.php" line="70" class="Tests\Property\LimitEnforcementPropertyTest" classname="Tests.Property.LimitEnforcementPropertyTest" assertions="3" time="0.132015"/>
          <testcase name="test_at_or_over_limit_returns_403_subscription_limit_reached with data set &quot;iteration_25_products_limit_4_usage_9&quot;" file="E:\coupony-backend\tests\Property\LimitEnforcementPropertyTest.php" line="70" class="Tests\Property\LimitEnforcementPropertyTest" classname="Tests.Property.LimitEnforcementPropertyTest" assertions="3" time="0.053471"/>
          <testcase name="test_at_or_over_limit_returns_403_subscription_limit_reached with data set &quot;iteration_26_branches_limit_2_usage_7&quot;" file="E:\coupony-backend\tests\Property\LimitEnforcementPropertyTest.php" line="70" class="Tests\Property\LimitEnforcementPropertyTest" classname="Tests.Property.LimitEnforcementPropertyTest" assertions="3" time="0.046487"/>
          <testcase name="test_at_or_over_limit_returns_403_subscription_limit_reached with data set &quot;iteration_27_branches_limit_2_usage_6&quot;" file="E:\coupony-backend\tests\Property\LimitEnforcementPropertyTest.php" line="70" class="Tests\Property\LimitEnforcementPropertyTest" classname="Tests.Property.LimitEnforcementPropertyTest" assertions="3" time="0.046542"/>
          <testcase name="test_at_or_over_limit_returns_403_subscription_limit_reached with data set &quot;iteration_28_branches_limit_1_usage_1&quot;" file="E:\coupony-backend\tests\Property\LimitEnforcementPropertyTest.php" line="70" class="Tests\Property\LimitEnforcementPropertyTest" classname="Tests.Property.LimitEnforcementPropertyTest" assertions="3" time="0.045249"/>
          <testcase name="test_at_or_over_limit_returns_403_subscription_limit_reached with data set &quot;iteration_29_employees_limit_10_usage_11&quot;" file="E:\coupony-backend\tests\Property\LimitEnforcementPropertyTest.php" line="70" class="Tests\Property\LimitEnforcementPropertyTest" classname="Tests.Property.LimitEnforcementPropertyTest" assertions="3" time="0.055385"/>
          <testcase name="test_at_or_over_limit_returns_403_subscription_limit_reached with data set &quot;iteration_30_employees_limit_9_usage_9&quot;" file="E:\coupony-backend\tests\Property\LimitEnforcementPropertyTest.php" line="70" class="Tests\Property\LimitEnforcementPropertyTest" classname="Tests.Property.LimitEnforcementPropertyTest" assertions="3" time="0.057270"/>
          <testcase name="test_at_or_over_limit_returns_403_subscription_limit_reached with data set &quot;iteration_31_employees_limit_7_usage_7&quot;" file="E:\coupony-backend\tests\Property\LimitEnforcementPropertyTest.php" line="70" class="Tests\Property\LimitEnforcementPropertyTest" classname="Tests.Property.LimitEnforcementPropertyTest" assertions="3" time="0.052234"/>
          <testcase name="test_at_or_over_limit_returns_403_subscription_limit_reached with data set &quot;iteration_32_products_limit_7_usage_12&quot;" file="E:\coupony-backend\tests\Property\LimitEnforcementPropertyTest.php" line="70" class="Tests\Property\LimitEnforcementPropertyTest" classname="Tests.Property.LimitEnforcementPropertyTest" assertions="3" time="0.058047"/>
          <testcase name="test_at_or_over_limit_returns_403_subscription_limit_reached with data set &quot;iteration_33_employees_limit_4_usage_8&quot;" file="E:\coupony-backend\tests\Property\LimitEnforcementPropertyTest.php" line="70" class="Tests\Property\LimitEnforcementPropertyTest" classname="Tests.Property.LimitEnforcementPropertyTest" assertions="3" time="0.125190"/>
          <testcase name="test_at_or_over_limit_returns_403_subscription_limit_reached with data set &quot;iteration_34_products_limit_10_usage_11&quot;" file="E:\coupony-backend\tests\Property\LimitEnforcementPropertyTest.php" line="70" class="Tests\Property\LimitEnforcementPropertyTest" classname="Tests.Property.LimitEnforcementPropertyTest" assertions="3" time="0.052570"/>
          <testcase name="test_at_or_over_limit_returns_403_subscription_limit_reached with data set &quot;iteration_35_branches_limit_5_usage_5&quot;" file="E:\coupony-backend\tests\Property\LimitEnforcementPropertyTest.php" line="70" class="Tests\Property\LimitEnforcementPropertyTest" classname="Tests.Property.LimitEnforcementPropertyTest" assertions="3" time="0.049357"/>
          <testcase name="test_at_or_over_limit_returns_403_subscription_limit_reached with data set &quot;iteration_36_products_limit_2_usage_7&quot;" file="E:\coupony-backend\tests\Property\LimitEnforcementPropertyTest.php" line="70" class="Tests\Property\LimitEnforcementPropertyTest" classname="Tests.Property.LimitEnforcementPropertyTest" assertions="3" time="0.049469"/>
          <testcase name="test_at_or_over_limit_returns_403_subscription_limit_reached with data set &quot;iteration_37_products_limit_6_usage_7&quot;" file="E:\coupony-backend\tests\Property\LimitEnforcementPropertyTest.php" line="70" class="Tests\Property\LimitEnforcementPropertyTest" classname="Tests.Property.LimitEnforcementPropertyTest" assertions="3" time="0.049312"/>
          <testcase name="test_at_or_over_limit_returns_403_subscription_limit_reached with data set &quot;iteration_38_products_limit_5_usage_9&quot;" file="E:\coupony-backend\tests\Property\LimitEnforcementPropertyTest.php" line="70" class="Tests\Property\LimitEnforcementPropertyTest" classname="Tests.Property.LimitEnforcementPropertyTest" assertions="3" time="0.050847"/>
          <testcase name="test_at_or_over_limit_returns_403_subscription_limit_reached with data set &quot;iteration_39_products_limit_6_usage_8&quot;" file="E:\coupony-backend\tests\Property\LimitEnforcementPropertyTest.php" line="70" class="Tests\Property\LimitEnforcementPropertyTest" classname="Tests.Property.LimitEnforcementPropertyTest" assertions="3" time="0.051212"/>
          <testcase name="test_at_or_over_limit_returns_403_subscription_limit_reached with data set &quot;iteration_40_employees_limit_8_usage_8&quot;" file="E:\coupony-backend\tests\Property\LimitEnforcementPropertyTest.php" line="70" class="Tests\Property\LimitEnforcementPropertyTest" classname="Tests.Property.LimitEnforcementPropertyTest" assertions="3" time="0.051754"/>
          <testcase name="test_at_or_over_limit_returns_403_subscription_limit_reached with data set &quot;iteration_41_products_limit_6_usage_9&quot;" file="E:\coupony-backend\tests\Property\LimitEnforcementPropertyTest.php" line="70" class="Tests\Property\LimitEnforcementPropertyTest" classname="Tests.Property.LimitEnforcementPropertyTest" assertions="3" time="0.059844"/>
          <testcase name="test_at_or_over_limit_returns_403_subscription_limit_reached with data set &quot;iteration_42_employees_limit_3_usage_3&quot;" file="E:\coupony-backend\tests\Property\LimitEnforcementPropertyTest.php" line="70" class="Tests\Property\LimitEnforcementPropertyTest" classname="Tests.Property.LimitEnforcementPropertyTest" assertions="3" time="0.118679"/>
          <testcase name="test_at_or_over_limit_returns_403_subscription_limit_reached with data set &quot;iteration_43_products_limit_4_usage_4&quot;" file="E:\coupony-backend\tests\Property\LimitEnforcementPropertyTest.php" line="70" class="Tests\Property\LimitEnforcementPropertyTest" classname="Tests.Property.LimitEnforcementPropertyTest" assertions="3" time="0.047128"/>
          <testcase name="test_at_or_over_limit_returns_403_subscription_limit_reached with data set &quot;iteration_44_employees_limit_8_usage_10&quot;" file="E:\coupony-backend\tests\Property\LimitEnforcementPropertyTest.php" line="70" class="Tests\Property\LimitEnforcementPropertyTest" classname="Tests.Property.LimitEnforcementPropertyTest" assertions="3" time="0.055223"/>
          <testcase name="test_at_or_over_limit_returns_403_subscription_limit_reached with data set &quot;iteration_45_products_limit_7_usage_8&quot;" file="E:\coupony-backend\tests\Property\LimitEnforcementPropertyTest.php" line="70" class="Tests\Property\LimitEnforcementPropertyTest" classname="Tests.Property.LimitEnforcementPropertyTest" assertions="3" time="0.051004"/>
          <testcase name="test_at_or_over_limit_returns_403_subscription_limit_reached with data set &quot;iteration_46_employees_limit_3_usage_5&quot;" file="E:\coupony-backend\tests\Property\LimitEnforcementPropertyTest.php" line="70" class="Tests\Property\LimitEnforcementPropertyTest" classname="Tests.Property.LimitEnforcementPropertyTest" assertions="3" time="0.046736"/>
          <testcase name="test_at_or_over_limit_returns_403_subscription_limit_reached with data set &quot;iteration_47_branches_limit_10_usage_11&quot;" file="E:\coupony-backend\tests\Property\LimitEnforcementPropertyTest.php" line="70" class="Tests\Property\LimitEnforcementPropertyTest" classname="Tests.Property.LimitEnforcementPropertyTest" assertions="3" time="0.052838"/>
          <testcase name="test_at_or_over_limit_returns_403_subscription_limit_reached with data set &quot;iteration_48_employees_limit_4_usage_6&quot;" file="E:\coupony-backend\tests\Property\LimitEnforcementPropertyTest.php" line="70" class="Tests\Property\LimitEnforcementPropertyTest" classname="Tests.Property.LimitEnforcementPropertyTest" assertions="3" time="0.046298"/>
          <testcase name="test_at_or_over_limit_returns_403_subscription_limit_reached with data set &quot;iteration_49_employees_limit_10_usage_12&quot;" file="E:\coupony-backend\tests\Property\LimitEnforcementPropertyTest.php" line="70" class="Tests\Property\LimitEnforcementPropertyTest" classname="Tests.Property.LimitEnforcementPropertyTest" assertions="3" time="0.053198"/>
          <testcase name="test_at_or_over_limit_returns_403_subscription_limit_reached with data set &quot;iteration_50_employees_limit_2_usage_6&quot;" file="E:\coupony-backend\tests\Property\LimitEnforcementPropertyTest.php" line="70" class="Tests\Property\LimitEnforcementPropertyTest" classname="Tests.Property.LimitEnforcementPropertyTest" assertions="3" time="0.048098"/>
          <testcase name="test_at_or_over_limit_returns_403_subscription_limit_reached with data set &quot;iteration_51_products_limit_10_usage_14&quot;" file="E:\coupony-backend\tests\Property\LimitEnforcementPropertyTest.php" line="70" class="Tests\Property\LimitEnforcementPropertyTest" classname="Tests.Property.LimitEnforcementPropertyTest" assertions="3" time="0.129928"/>
          <testcase name="test_at_or_over_limit_returns_403_subscription_limit_reached with data set &quot;iteration_52_branches_limit_5_usage_10&quot;" file="E:\coupony-backend\tests\Property\LimitEnforcementPropertyTest.php" line="70" class="Tests\Property\LimitEnforcementPropertyTest" classname="Tests.Property.LimitEnforcementPropertyTest" assertions="3" time="0.052912"/>
          <testcase name="test_at_or_over_limit_returns_403_subscription_limit_reached with data set &quot;iteration_53_branches_limit_2_usage_6&quot;" file="E:\coupony-backend\tests\Property\LimitEnforcementPropertyTest.php" line="70" class="Tests\Property\LimitEnforcementPropertyTest" classname="Tests.Property.LimitEnforcementPropertyTest" assertions="3" time="0.052831"/>
          <testcase name="test_at_or_over_limit_returns_403_subscription_limit_reached with data set &quot;iteration_54_products_limit_5_usage_8&quot;" file="E:\coupony-backend\tests\Property\LimitEnforcementPropertyTest.php" line="70" class="Tests\Property\LimitEnforcementPropertyTest" classname="Tests.Property.LimitEnforcementPropertyTest" assertions="3" time="0.052841"/>
          <testcase name="test_at_or_over_limit_returns_403_subscription_limit_reached with data set &quot;iteration_55_products_limit_10_usage_14&quot;" file="E:\coupony-backend\tests\Property\LimitEnforcementPropertyTest.php" line="70" class="Tests\Property\LimitEnforcementPropertyTest" classname="Tests.Property.LimitEnforcementPropertyTest" assertions="3" time="0.060855"/>
          <testcase name="test_at_or_over_limit_returns_403_subscription_limit_reached with data set &quot;iteration_56_branches_limit_9_usage_10&quot;" file="E:\coupony-backend\tests\Property\LimitEnforcementPropertyTest.php" line="70" class="Tests\Property\LimitEnforcementPropertyTest" classname="Tests.Property.LimitEnforcementPropertyTest" assertions="3" time="0.051881"/>
          <testcase name="test_at_or_over_limit_returns_403_subscription_limit_reached with data set &quot;iteration_57_products_limit_7_usage_11&quot;" file="E:\coupony-backend\tests\Property\LimitEnforcementPropertyTest.php" line="70" class="Tests\Property\LimitEnforcementPropertyTest" classname="Tests.Property.LimitEnforcementPropertyTest" assertions="3" time="0.059170"/>
          <testcase name="test_at_or_over_limit_returns_403_subscription_limit_reached with data set &quot;iteration_58_products_limit_9_usage_10&quot;" file="E:\coupony-backend\tests\Property\LimitEnforcementPropertyTest.php" line="70" class="Tests\Property\LimitEnforcementPropertyTest" classname="Tests.Property.LimitEnforcementPropertyTest" assertions="3" time="0.054120"/>
          <testcase name="test_at_or_over_limit_returns_403_subscription_limit_reached with data set &quot;iteration_59_products_limit_5_usage_9&quot;" file="E:\coupony-backend\tests\Property\LimitEnforcementPropertyTest.php" line="70" class="Tests\Property\LimitEnforcementPropertyTest" classname="Tests.Property.LimitEnforcementPropertyTest" assertions="3" time="0.053055"/>
          <testcase name="test_at_or_over_limit_returns_403_subscription_limit_reached with data set &quot;iteration_60_employees_limit_6_usage_11&quot;" file="E:\coupony-backend\tests\Property\LimitEnforcementPropertyTest.php" line="70" class="Tests\Property\LimitEnforcementPropertyTest" classname="Tests.Property.LimitEnforcementPropertyTest" assertions="3" time="0.134560"/>
          <testcase name="test_at_or_over_limit_returns_403_subscription_limit_reached with data set &quot;iteration_61_branches_limit_2_usage_5&quot;" file="E:\coupony-backend\tests\Property\LimitEnforcementPropertyTest.php" line="70" class="Tests\Property\LimitEnforcementPropertyTest" classname="Tests.Property.LimitEnforcementPropertyTest" assertions="3" time="0.049047"/>
          <testcase name="test_at_or_over_limit_returns_403_subscription_limit_reached with data set &quot;iteration_62_products_limit_4_usage_5&quot;" file="E:\coupony-backend\tests\Property\LimitEnforcementPropertyTest.php" line="70" class="Tests\Property\LimitEnforcementPropertyTest" classname="Tests.Property.LimitEnforcementPropertyTest" assertions="3" time="0.049585"/>
          <testcase name="test_at_or_over_limit_returns_403_subscription_limit_reached with data set &quot;iteration_63_employees_limit_3_usage_8&quot;" file="E:\coupony-backend\tests\Property\LimitEnforcementPropertyTest.php" line="70" class="Tests\Property\LimitEnforcementPropertyTest" classname="Tests.Property.LimitEnforcementPropertyTest" assertions="3" time="0.049191"/>
          <testcase name="test_at_or_over_limit_returns_403_subscription_limit_reached with data set &quot;iteration_64_employees_limit_5_usage_10&quot;" file="E:\coupony-backend\tests\Property\LimitEnforcementPropertyTest.php" line="70" class="Tests\Property\LimitEnforcementPropertyTest" classname="Tests.Property.LimitEnforcementPropertyTest" assertions="3" time="0.053353"/>
          <testcase name="test_at_or_over_limit_returns_403_subscription_limit_reached with data set &quot;iteration_65_employees_limit_5_usage_8&quot;" file="E:\coupony-backend\tests\Property\LimitEnforcementPropertyTest.php" line="70" class="Tests\Property\LimitEnforcementPropertyTest" classname="Tests.Property.LimitEnforcementPropertyTest" assertions="3" time="0.050980"/>
          <testcase name="test_at_or_over_limit_returns_403_subscription_limit_reached with data set &quot;iteration_66_branches_limit_6_usage_8&quot;" file="E:\coupony-backend\tests\Property\LimitEnforcementPropertyTest.php" line="70" class="Tests\Property\LimitEnforcementPropertyTest" classname="Tests.Property.LimitEnforcementPropertyTest" assertions="3" time="0.050057"/>
          <testcase name="test_at_or_over_limit_returns_403_subscription_limit_reached with data set &quot;iteration_67_products_limit_7_usage_12&quot;" file="E:\coupony-backend\tests\Property\LimitEnforcementPropertyTest.php" line="70" class="Tests\Property\LimitEnforcementPropertyTest" classname="Tests.Property.LimitEnforcementPropertyTest" assertions="3" time="0.058280"/>
          <testcase name="test_at_or_over_limit_returns_403_subscription_limit_reached with data set &quot;iteration_68_branches_limit_2_usage_4&quot;" file="E:\coupony-backend\tests\Property\LimitEnforcementPropertyTest.php" line="70" class="Tests\Property\LimitEnforcementPropertyTest" classname="Tests.Property.LimitEnforcementPropertyTest" assertions="3" time="0.046106"/>
          <testcase name="test_at_or_over_limit_returns_403_subscription_limit_reached with data set &quot;iteration_69_products_limit_3_usage_6&quot;" file="E:\coupony-backend\tests\Property\LimitEnforcementPropertyTest.php" line="70" class="Tests\Property\LimitEnforcementPropertyTest" classname="Tests.Property.LimitEnforcementPropertyTest" assertions="3" time="0.120774"/>
          <testcase name="test_at_or_over_limit_returns_403_subscription_limit_reached with data set &quot;iteration_70_employees_limit_2_usage_2&quot;" file="E:\coupony-backend\tests\Property\LimitEnforcementPropertyTest.php" line="70" class="Tests\Property\LimitEnforcementPropertyTest" classname="Tests.Property.LimitEnforcementPropertyTest" assertions="3" time="0.044412"/>
          <testcase name="test_at_or_over_limit_returns_403_subscription_limit_reached with data set &quot;iteration_71_employees_limit_10_usage_15&quot;" file="E:\coupony-backend\tests\Property\LimitEnforcementPropertyTest.php" line="70" class="Tests\Property\LimitEnforcementPropertyTest" classname="Tests.Property.LimitEnforcementPropertyTest" assertions="3" time="0.054958"/>
          <testcase name="test_at_or_over_limit_returns_403_subscription_limit_reached with data set &quot;iteration_72_branches_limit_5_usage_7&quot;" file="E:\coupony-backend\tests\Property\LimitEnforcementPropertyTest.php" line="70" class="Tests\Property\LimitEnforcementPropertyTest" classname="Tests.Property.LimitEnforcementPropertyTest" assertions="3" time="0.049284"/>
          <testcase name="test_at_or_over_limit_returns_403_subscription_limit_reached with data set &quot;iteration_73_products_limit_3_usage_4&quot;" file="E:\coupony-backend\tests\Property\LimitEnforcementPropertyTest.php" line="70" class="Tests\Property\LimitEnforcementPropertyTest" classname="Tests.Property.LimitEnforcementPropertyTest" assertions="3" time="0.050158"/>
          <testcase name="test_at_or_over_limit_returns_403_subscription_limit_reached with data set &quot;iteration_74_employees_limit_6_usage_7&quot;" file="E:\coupony-backend\tests\Property\LimitEnforcementPropertyTest.php" line="70" class="Tests\Property\LimitEnforcementPropertyTest" classname="Tests.Property.LimitEnforcementPropertyTest" assertions="3" time="0.052264"/>
          <testcase name="test_at_or_over_limit_returns_403_subscription_limit_reached with data set &quot;iteration_75_products_limit_4_usage_4&quot;" file="E:\coupony-backend\tests\Property\LimitEnforcementPropertyTest.php" line="70" class="Tests\Property\LimitEnforcementPropertyTest" classname="Tests.Property.LimitEnforcementPropertyTest" assertions="3" time="0.057000"/>
          <testcase name="test_at_or_over_limit_returns_403_subscription_limit_reached with data set &quot;iteration_76_branches_limit_1_usage_1&quot;" file="E:\coupony-backend\tests\Property\LimitEnforcementPropertyTest.php" line="70" class="Tests\Property\LimitEnforcementPropertyTest" classname="Tests.Property.LimitEnforcementPropertyTest" assertions="3" time="0.044828"/>
          <testcase name="test_at_or_over_limit_returns_403_subscription_limit_reached with data set &quot;iteration_77_products_limit_3_usage_6&quot;" file="E:\coupony-backend\tests\Property\LimitEnforcementPropertyTest.php" line="70" class="Tests\Property\LimitEnforcementPropertyTest" classname="Tests.Property.LimitEnforcementPropertyTest" assertions="3" time="0.049367"/>
          <testcase name="test_at_or_over_limit_returns_403_subscription_limit_reached with data set &quot;iteration_78_branches_limit_8_usage_12&quot;" file="E:\coupony-backend\tests\Property\LimitEnforcementPropertyTest.php" line="70" class="Tests\Property\LimitEnforcementPropertyTest" classname="Tests.Property.LimitEnforcementPropertyTest" assertions="3" time="0.127872"/>
          <testcase name="test_at_or_over_limit_returns_403_subscription_limit_reached with data set &quot;iteration_79_employees_limit_9_usage_10&quot;" file="E:\coupony-backend\tests\Property\LimitEnforcementPropertyTest.php" line="70" class="Tests\Property\LimitEnforcementPropertyTest" classname="Tests.Property.LimitEnforcementPropertyTest" assertions="3" time="0.052687"/>
          <testcase name="test_at_or_over_limit_returns_403_subscription_limit_reached with data set &quot;iteration_80_products_limit_1_usage_5&quot;" file="E:\coupony-backend\tests\Property\LimitEnforcementPropertyTest.php" line="70" class="Tests\Property\LimitEnforcementPropertyTest" classname="Tests.Property.LimitEnforcementPropertyTest" assertions="3" time="0.049549"/>
          <testcase name="test_at_or_over_limit_returns_403_subscription_limit_reached with data set &quot;iteration_81_branches_limit_3_usage_7&quot;" file="E:\coupony-backend\tests\Property\LimitEnforcementPropertyTest.php" line="70" class="Tests\Property\LimitEnforcementPropertyTest" classname="Tests.Property.LimitEnforcementPropertyTest" assertions="3" time="0.047372"/>
          <testcase name="test_at_or_over_limit_returns_403_subscription_limit_reached with data set &quot;iteration_82_employees_limit_10_usage_10&quot;" file="E:\coupony-backend\tests\Property\LimitEnforcementPropertyTest.php" line="70" class="Tests\Property\LimitEnforcementPropertyTest" classname="Tests.Property.LimitEnforcementPropertyTest" assertions="3" time="0.052083"/>
          <testcase name="test_at_or_over_limit_returns_403_subscription_limit_reached with data set &quot;iteration_83_branches_limit_8_usage_10&quot;" file="E:\coupony-backend\tests\Property\LimitEnforcementPropertyTest.php" line="70" class="Tests\Property\LimitEnforcementPropertyTest" classname="Tests.Property.LimitEnforcementPropertyTest" assertions="3" time="0.050995"/>
          <testcase name="test_at_or_over_limit_returns_403_subscription_limit_reached with data set &quot;iteration_84_branches_limit_8_usage_8&quot;" file="E:\coupony-backend\tests\Property\LimitEnforcementPropertyTest.php" line="70" class="Tests\Property\LimitEnforcementPropertyTest" classname="Tests.Property.LimitEnforcementPropertyTest" assertions="3" time="0.047966"/>
          <testcase name="test_at_or_over_limit_returns_403_subscription_limit_reached with data set &quot;iteration_85_branches_limit_9_usage_9&quot;" file="E:\coupony-backend\tests\Property\LimitEnforcementPropertyTest.php" line="70" class="Tests\Property\LimitEnforcementPropertyTest" classname="Tests.Property.LimitEnforcementPropertyTest" assertions="3" time="0.051163"/>
          <testcase name="test_at_or_over_limit_returns_403_subscription_limit_reached with data set &quot;iteration_86_branches_limit_10_usage_12&quot;" file="E:\coupony-backend\tests\Property\LimitEnforcementPropertyTest.php" line="70" class="Tests\Property\LimitEnforcementPropertyTest" classname="Tests.Property.LimitEnforcementPropertyTest" assertions="3" time="0.052923"/>
          <testcase name="test_at_or_over_limit_returns_403_subscription_limit_reached with data set &quot;iteration_87_products_limit_2_usage_4&quot;" file="E:\coupony-backend\tests\Property\LimitEnforcementPropertyTest.php" line="70" class="Tests\Property\LimitEnforcementPropertyTest" classname="Tests.Property.LimitEnforcementPropertyTest" assertions="3" time="0.121110"/>
          <testcase name="test_at_or_over_limit_returns_403_subscription_limit_reached with data set &quot;iteration_88_products_limit_10_usage_14&quot;" file="E:\coupony-backend\tests\Property\LimitEnforcementPropertyTest.php" line="70" class="Tests\Property\LimitEnforcementPropertyTest" classname="Tests.Property.LimitEnforcementPropertyTest" assertions="3" time="0.059285"/>
          <testcase name="test_at_or_over_limit_returns_403_subscription_limit_reached with data set &quot;iteration_89_employees_limit_6_usage_9&quot;" file="E:\coupony-backend\tests\Property\LimitEnforcementPropertyTest.php" line="70" class="Tests\Property\LimitEnforcementPropertyTest" classname="Tests.Property.LimitEnforcementPropertyTest" assertions="3" time="0.053055"/>
          <testcase name="test_at_or_over_limit_returns_403_subscription_limit_reached with data set &quot;iteration_90_products_limit_8_usage_11&quot;" file="E:\coupony-backend\tests\Property\LimitEnforcementPropertyTest.php" line="70" class="Tests\Property\LimitEnforcementPropertyTest" classname="Tests.Property.LimitEnforcementPropertyTest" assertions="3" time="0.054728"/>
          <testcase name="test_at_or_over_limit_returns_403_subscription_limit_reached with data set &quot;iteration_91_employees_limit_9_usage_11&quot;" file="E:\coupony-backend\tests\Property\LimitEnforcementPropertyTest.php" line="70" class="Tests\Property\LimitEnforcementPropertyTest" classname="Tests.Property.LimitEnforcementPropertyTest" assertions="3" time="0.056507"/>
          <testcase name="test_at_or_over_limit_returns_403_subscription_limit_reached with data set &quot;iteration_92_branches_limit_7_usage_7&quot;" file="E:\coupony-backend\tests\Property\LimitEnforcementPropertyTest.php" line="70" class="Tests\Property\LimitEnforcementPropertyTest" classname="Tests.Property.LimitEnforcementPropertyTest" assertions="3" time="0.047056"/>
          <testcase name="test_at_or_over_limit_returns_403_subscription_limit_reached with data set &quot;iteration_93_products_limit_2_usage_5&quot;" file="E:\coupony-backend\tests\Property\LimitEnforcementPropertyTest.php" line="70" class="Tests\Property\LimitEnforcementPropertyTest" classname="Tests.Property.LimitEnforcementPropertyTest" assertions="3" time="0.046404"/>
          <testcase name="test_at_or_over_limit_returns_403_subscription_limit_reached with data set &quot;iteration_94_branches_limit_10_usage_14&quot;" file="E:\coupony-backend\tests\Property\LimitEnforcementPropertyTest.php" line="70" class="Tests\Property\LimitEnforcementPropertyTest" classname="Tests.Property.LimitEnforcementPropertyTest" assertions="3" time="0.056582"/>
          <testcase name="test_at_or_over_limit_returns_403_subscription_limit_reached with data set &quot;iteration_95_branches_limit_8_usage_8&quot;" file="E:\coupony-backend\tests\Property\LimitEnforcementPropertyTest.php" line="70" class="Tests\Property\LimitEnforcementPropertyTest" classname="Tests.Property.LimitEnforcementPropertyTest" assertions="3" time="0.049300"/>
          <testcase name="test_at_or_over_limit_returns_403_subscription_limit_reached with data set &quot;iteration_96_employees_limit_10_usage_11&quot;" file="E:\coupony-backend\tests\Property\LimitEnforcementPropertyTest.php" line="70" class="Tests\Property\LimitEnforcementPropertyTest" classname="Tests.Property.LimitEnforcementPropertyTest" assertions="3" time="0.125674"/>
          <testcase name="test_at_or_over_limit_returns_403_subscription_limit_reached with data set &quot;iteration_97_products_limit_10_usage_15&quot;" file="E:\coupony-backend\tests\Property\LimitEnforcementPropertyTest.php" line="70" class="Tests\Property\LimitEnforcementPropertyTest" classname="Tests.Property.LimitEnforcementPropertyTest" assertions="3" time="0.063177"/>
          <testcase name="test_at_or_over_limit_returns_403_subscription_limit_reached with data set &quot;iteration_98_employees_limit_6_usage_10&quot;" file="E:\coupony-backend\tests\Property\LimitEnforcementPropertyTest.php" line="70" class="Tests\Property\LimitEnforcementPropertyTest" classname="Tests.Property.LimitEnforcementPropertyTest" assertions="3" time="0.052126"/>
          <testcase name="test_at_or_over_limit_returns_403_subscription_limit_reached with data set &quot;iteration_99_branches_limit_5_usage_5&quot;" file="E:\coupony-backend\tests\Property\LimitEnforcementPropertyTest.php" line="70" class="Tests\Property\LimitEnforcementPropertyTest" classname="Tests.Property.LimitEnforcementPropertyTest" assertions="3" time="0.048896"/>
          <testcase name="test_at_or_over_limit_returns_403_subscription_limit_reached with data set &quot;iteration_100_products_limit_5_usage_6&quot;" file="E:\coupony-backend\tests\Property\LimitEnforcementPropertyTest.php" line="70" class="Tests\Property\LimitEnforcementPropertyTest" classname="Tests.Property.LimitEnforcementPropertyTest" assertions="3" time="0.048636"/>
          <testcase name="test_at_or_over_limit_returns_403_subscription_limit_reached with data set &quot;iteration_101_employees_limit_5_usage_9&quot;" file="E:\coupony-backend\tests\Property\LimitEnforcementPropertyTest.php" line="70" class="Tests\Property\LimitEnforcementPropertyTest" classname="Tests.Property.LimitEnforcementPropertyTest" assertions="3" time="0.051639"/>
          <testcase name="test_at_or_over_limit_returns_403_subscription_limit_reached with data set &quot;iteration_102_products_limit_5_usage_7&quot;" file="E:\coupony-backend\tests\Property\LimitEnforcementPropertyTest.php" line="70" class="Tests\Property\LimitEnforcementPropertyTest" classname="Tests.Property.LimitEnforcementPropertyTest" assertions="3" time="0.050660"/>
          <testcase name="test_at_or_over_limit_returns_403_subscription_limit_reached with data set &quot;iteration_103_products_limit_1_usage_4&quot;" file="E:\coupony-backend\tests\Property\LimitEnforcementPropertyTest.php" line="70" class="Tests\Property\LimitEnforcementPropertyTest" classname="Tests.Property.LimitEnforcementPropertyTest" assertions="3" time="0.047585"/>
          <testcase name="test_at_or_over_limit_returns_403_subscription_limit_reached with data set &quot;iteration_104_branches_limit_5_usage_10&quot;" file="E:\coupony-backend\tests\Property\LimitEnforcementPropertyTest.php" line="70" class="Tests\Property\LimitEnforcementPropertyTest" classname="Tests.Property.LimitEnforcementPropertyTest" assertions="3" time="0.050454"/>
        </testsuite>
      </testsuite>
      <testsuite name="Tests\Property\PaymentRestoresActiveStatusPropertyTest" file="E:\coupony-backend\tests\Property\PaymentRestoresActiveStatusPropertyTest.php" tests="110" assertions="220" errors="0" failures="0" skipped="0" time="5.742328">
        <testsuite name="Tests\Property\PaymentRestoresActiveStatusPropertyTest::test_payment_transitions_subscription_back_to_active" tests="110" assertions="220" errors="0" failures="0" skipped="0" time="5.742328">
          <testcase name="test_payment_transitions_subscription_back_to_active with data set &quot;iteration_0_from_degraded&quot;" file="E:\coupony-backend\tests\Property\PaymentRestoresActiveStatusPropertyTest.php" line="66" class="Tests\Property\PaymentRestoresActiveStatusPropertyTest" classname="Tests.Property.PaymentRestoresActiveStatusPropertyTest" assertions="2" time="0.114166"/>
          <testcase name="test_payment_transitions_subscription_back_to_active with data set &quot;iteration_1_from_degraded&quot;" file="E:\coupony-backend\tests\Property\PaymentRestoresActiveStatusPropertyTest.php" line="66" class="Tests\Property\PaymentRestoresActiveStatusPropertyTest" classname="Tests.Property.PaymentRestoresActiveStatusPropertyTest" assertions="2" time="0.042371"/>
          <testcase name="test_payment_transitions_subscription_back_to_active with data set &quot;iteration_2_from_grace&quot;" file="E:\coupony-backend\tests\Property\PaymentRestoresActiveStatusPropertyTest.php" line="66" class="Tests\Property\PaymentRestoresActiveStatusPropertyTest" classname="Tests.Property.PaymentRestoresActiveStatusPropertyTest" assertions="2" time="0.047822"/>
          <testcase name="test_payment_transitions_subscription_back_to_active with data set &quot;iteration_3_from_grace&quot;" file="E:\coupony-backend\tests\Property\PaymentRestoresActiveStatusPropertyTest.php" line="66" class="Tests\Property\PaymentRestoresActiveStatusPropertyTest" classname="Tests.Property.PaymentRestoresActiveStatusPropertyTest" assertions="2" time="0.039938"/>
          <testcase name="test_payment_transitions_subscription_back_to_active with data set &quot;iteration_4_from_degraded&quot;" file="E:\coupony-backend\tests\Property\PaymentRestoresActiveStatusPropertyTest.php" line="66" class="Tests\Property\PaymentRestoresActiveStatusPropertyTest" classname="Tests.Property.PaymentRestoresActiveStatusPropertyTest" assertions="2" time="0.039713"/>
          <testcase name="test_payment_transitions_subscription_back_to_active with data set &quot;iteration_5_from_grace&quot;" file="E:\coupony-backend\tests\Property\PaymentRestoresActiveStatusPropertyTest.php" line="66" class="Tests\Property\PaymentRestoresActiveStatusPropertyTest" classname="Tests.Property.PaymentRestoresActiveStatusPropertyTest" assertions="2" time="0.040780"/>
          <testcase name="test_payment_transitions_subscription_back_to_active with data set &quot;iteration_6_from_degraded&quot;" file="E:\coupony-backend\tests\Property\PaymentRestoresActiveStatusPropertyTest.php" line="66" class="Tests\Property\PaymentRestoresActiveStatusPropertyTest" classname="Tests.Property.PaymentRestoresActiveStatusPropertyTest" assertions="2" time="0.043047"/>
          <testcase name="test_payment_transitions_subscription_back_to_active with data set &quot;iteration_7_from_degraded&quot;" file="E:\coupony-backend\tests\Property\PaymentRestoresActiveStatusPropertyTest.php" line="66" class="Tests\Property\PaymentRestoresActiveStatusPropertyTest" classname="Tests.Property.PaymentRestoresActiveStatusPropertyTest" assertions="2" time="0.040018"/>
          <testcase name="test_payment_transitions_subscription_back_to_active with data set &quot;iteration_8_from_grace&quot;" file="E:\coupony-backend\tests\Property\PaymentRestoresActiveStatusPropertyTest.php" line="66" class="Tests\Property\PaymentRestoresActiveStatusPropertyTest" classname="Tests.Property.PaymentRestoresActiveStatusPropertyTest" assertions="2" time="0.039869"/>
          <testcase name="test_payment_transitions_subscription_back_to_active with data set &quot;iteration_9_from_degraded&quot;" file="E:\coupony-backend\tests\Property\PaymentRestoresActiveStatusPropertyTest.php" line="66" class="Tests\Property\PaymentRestoresActiveStatusPropertyTest" classname="Tests.Property.PaymentRestoresActiveStatusPropertyTest" assertions="2" time="0.136634"/>
          <testcase name="test_payment_transitions_subscription_back_to_active with data set &quot;iteration_10_from_degraded&quot;" file="E:\coupony-backend\tests\Property\PaymentRestoresActiveStatusPropertyTest.php" line="66" class="Tests\Property\PaymentRestoresActiveStatusPropertyTest" classname="Tests.Property.PaymentRestoresActiveStatusPropertyTest" assertions="2" time="0.040196"/>
          <testcase name="test_payment_transitions_subscription_back_to_active with data set &quot;iteration_11_from_degraded&quot;" file="E:\coupony-backend\tests\Property\PaymentRestoresActiveStatusPropertyTest.php" line="66" class="Tests\Property\PaymentRestoresActiveStatusPropertyTest" classname="Tests.Property.PaymentRestoresActiveStatusPropertyTest" assertions="2" time="0.039471"/>
          <testcase name="test_payment_transitions_subscription_back_to_active with data set &quot;iteration_12_from_degraded&quot;" file="E:\coupony-backend\tests\Property\PaymentRestoresActiveStatusPropertyTest.php" line="66" class="Tests\Property\PaymentRestoresActiveStatusPropertyTest" classname="Tests.Property.PaymentRestoresActiveStatusPropertyTest" assertions="2" time="0.040168"/>
          <testcase name="test_payment_transitions_subscription_back_to_active with data set &quot;iteration_13_from_degraded&quot;" file="E:\coupony-backend\tests\Property\PaymentRestoresActiveStatusPropertyTest.php" line="66" class="Tests\Property\PaymentRestoresActiveStatusPropertyTest" classname="Tests.Property.PaymentRestoresActiveStatusPropertyTest" assertions="2" time="0.038133"/>
          <testcase name="test_payment_transitions_subscription_back_to_active with data set &quot;iteration_14_from_grace&quot;" file="E:\coupony-backend\tests\Property\PaymentRestoresActiveStatusPropertyTest.php" line="66" class="Tests\Property\PaymentRestoresActiveStatusPropertyTest" classname="Tests.Property.PaymentRestoresActiveStatusPropertyTest" assertions="2" time="0.038420"/>
          <testcase name="test_payment_transitions_subscription_back_to_active with data set &quot;iteration_15_from_degraded&quot;" file="E:\coupony-backend\tests\Property\PaymentRestoresActiveStatusPropertyTest.php" line="66" class="Tests\Property\PaymentRestoresActiveStatusPropertyTest" classname="Tests.Property.PaymentRestoresActiveStatusPropertyTest" assertions="2" time="0.041091"/>
          <testcase name="test_payment_transitions_subscription_back_to_active with data set &quot;iteration_16_from_degraded&quot;" file="E:\coupony-backend\tests\Property\PaymentRestoresActiveStatusPropertyTest.php" line="66" class="Tests\Property\PaymentRestoresActiveStatusPropertyTest" classname="Tests.Property.PaymentRestoresActiveStatusPropertyTest" assertions="2" time="0.041898"/>
          <testcase name="test_payment_transitions_subscription_back_to_active with data set &quot;iteration_17_from_degraded&quot;" file="E:\coupony-backend\tests\Property\PaymentRestoresActiveStatusPropertyTest.php" line="66" class="Tests\Property\PaymentRestoresActiveStatusPropertyTest" classname="Tests.Property.PaymentRestoresActiveStatusPropertyTest" assertions="2" time="0.041371"/>
          <testcase name="test_payment_transitions_subscription_back_to_active with data set &quot;iteration_18_from_degraded&quot;" file="E:\coupony-backend\tests\Property\PaymentRestoresActiveStatusPropertyTest.php" line="66" class="Tests\Property\PaymentRestoresActiveStatusPropertyTest" classname="Tests.Property.PaymentRestoresActiveStatusPropertyTest" assertions="2" time="0.039255"/>
          <testcase name="test_payment_transitions_subscription_back_to_active with data set &quot;iteration_19_from_grace&quot;" file="E:\coupony-backend\tests\Property\PaymentRestoresActiveStatusPropertyTest.php" line="66" class="Tests\Property\PaymentRestoresActiveStatusPropertyTest" classname="Tests.Property.PaymentRestoresActiveStatusPropertyTest" assertions="2" time="0.114181"/>
          <testcase name="test_payment_transitions_subscription_back_to_active with data set &quot;iteration_20_from_degraded&quot;" file="E:\coupony-backend\tests\Property\PaymentRestoresActiveStatusPropertyTest.php" line="66" class="Tests\Property\PaymentRestoresActiveStatusPropertyTest" classname="Tests.Property.PaymentRestoresActiveStatusPropertyTest" assertions="2" time="0.043002"/>
          <testcase name="test_payment_transitions_subscription_back_to_active with data set &quot;iteration_21_from_grace&quot;" file="E:\coupony-backend\tests\Property\PaymentRestoresActiveStatusPropertyTest.php" line="66" class="Tests\Property\PaymentRestoresActiveStatusPropertyTest" classname="Tests.Property.PaymentRestoresActiveStatusPropertyTest" assertions="2" time="0.041354"/>
          <testcase name="test_payment_transitions_subscription_back_to_active with data set &quot;iteration_22_from_degraded&quot;" file="E:\coupony-backend\tests\Property\PaymentRestoresActiveStatusPropertyTest.php" line="66" class="Tests\Property\PaymentRestoresActiveStatusPropertyTest" classname="Tests.Property.PaymentRestoresActiveStatusPropertyTest" assertions="2" time="0.041220"/>
          <testcase name="test_payment_transitions_subscription_back_to_active with data set &quot;iteration_23_from_grace&quot;" file="E:\coupony-backend\tests\Property\PaymentRestoresActiveStatusPropertyTest.php" line="66" class="Tests\Property\PaymentRestoresActiveStatusPropertyTest" classname="Tests.Property.PaymentRestoresActiveStatusPropertyTest" assertions="2" time="0.045529"/>
          <testcase name="test_payment_transitions_subscription_back_to_active with data set &quot;iteration_24_from_degraded&quot;" file="E:\coupony-backend\tests\Property\PaymentRestoresActiveStatusPropertyTest.php" line="66" class="Tests\Property\PaymentRestoresActiveStatusPropertyTest" classname="Tests.Property.PaymentRestoresActiveStatusPropertyTest" assertions="2" time="0.040710"/>
          <testcase name="test_payment_transitions_subscription_back_to_active with data set &quot;iteration_25_from_degraded&quot;" file="E:\coupony-backend\tests\Property\PaymentRestoresActiveStatusPropertyTest.php" line="66" class="Tests\Property\PaymentRestoresActiveStatusPropertyTest" classname="Tests.Property.PaymentRestoresActiveStatusPropertyTest" assertions="2" time="0.041898"/>
          <testcase name="test_payment_transitions_subscription_back_to_active with data set &quot;iteration_26_from_grace&quot;" file="E:\coupony-backend\tests\Property\PaymentRestoresActiveStatusPropertyTest.php" line="66" class="Tests\Property\PaymentRestoresActiveStatusPropertyTest" classname="Tests.Property.PaymentRestoresActiveStatusPropertyTest" assertions="2" time="0.041338"/>
          <testcase name="test_payment_transitions_subscription_back_to_active with data set &quot;iteration_27_from_degraded&quot;" file="E:\coupony-backend\tests\Property\PaymentRestoresActiveStatusPropertyTest.php" line="66" class="Tests\Property\PaymentRestoresActiveStatusPropertyTest" classname="Tests.Property.PaymentRestoresActiveStatusPropertyTest" assertions="2" time="0.046757"/>
          <testcase name="test_payment_transitions_subscription_back_to_active with data set &quot;iteration_28_from_grace&quot;" file="E:\coupony-backend\tests\Property\PaymentRestoresActiveStatusPropertyTest.php" line="66" class="Tests\Property\PaymentRestoresActiveStatusPropertyTest" classname="Tests.Property.PaymentRestoresActiveStatusPropertyTest" assertions="2" time="0.151126"/>
          <testcase name="test_payment_transitions_subscription_back_to_active with data set &quot;iteration_29_from_degraded&quot;" file="E:\coupony-backend\tests\Property\PaymentRestoresActiveStatusPropertyTest.php" line="66" class="Tests\Property\PaymentRestoresActiveStatusPropertyTest" classname="Tests.Property.PaymentRestoresActiveStatusPropertyTest" assertions="2" time="0.041240"/>
          <testcase name="test_payment_transitions_subscription_back_to_active with data set &quot;iteration_30_from_degraded&quot;" file="E:\coupony-backend\tests\Property\PaymentRestoresActiveStatusPropertyTest.php" line="66" class="Tests\Property\PaymentRestoresActiveStatusPropertyTest" classname="Tests.Property.PaymentRestoresActiveStatusPropertyTest" assertions="2" time="0.039552"/>
          <testcase name="test_payment_transitions_subscription_back_to_active with data set &quot;iteration_31_from_grace&quot;" file="E:\coupony-backend\tests\Property\PaymentRestoresActiveStatusPropertyTest.php" line="66" class="Tests\Property\PaymentRestoresActiveStatusPropertyTest" classname="Tests.Property.PaymentRestoresActiveStatusPropertyTest" assertions="2" time="0.043238"/>
          <testcase name="test_payment_transitions_subscription_back_to_active with data set &quot;iteration_32_from_grace&quot;" file="E:\coupony-backend\tests\Property\PaymentRestoresActiveStatusPropertyTest.php" line="66" class="Tests\Property\PaymentRestoresActiveStatusPropertyTest" classname="Tests.Property.PaymentRestoresActiveStatusPropertyTest" assertions="2" time="0.041389"/>
          <testcase name="test_payment_transitions_subscription_back_to_active with data set &quot;iteration_33_from_degraded&quot;" file="E:\coupony-backend\tests\Property\PaymentRestoresActiveStatusPropertyTest.php" line="66" class="Tests\Property\PaymentRestoresActiveStatusPropertyTest" classname="Tests.Property.PaymentRestoresActiveStatusPropertyTest" assertions="2" time="0.040766"/>
          <testcase name="test_payment_transitions_subscription_back_to_active with data set &quot;iteration_34_from_grace&quot;" file="E:\coupony-backend\tests\Property\PaymentRestoresActiveStatusPropertyTest.php" line="66" class="Tests\Property\PaymentRestoresActiveStatusPropertyTest" classname="Tests.Property.PaymentRestoresActiveStatusPropertyTest" assertions="2" time="0.040916"/>
          <testcase name="test_payment_transitions_subscription_back_to_active with data set &quot;iteration_35_from_grace&quot;" file="E:\coupony-backend\tests\Property\PaymentRestoresActiveStatusPropertyTest.php" line="66" class="Tests\Property\PaymentRestoresActiveStatusPropertyTest" classname="Tests.Property.PaymentRestoresActiveStatusPropertyTest" assertions="2" time="0.041644"/>
          <testcase name="test_payment_transitions_subscription_back_to_active with data set &quot;iteration_36_from_degraded&quot;" file="E:\coupony-backend\tests\Property\PaymentRestoresActiveStatusPropertyTest.php" line="66" class="Tests\Property\PaymentRestoresActiveStatusPropertyTest" classname="Tests.Property.PaymentRestoresActiveStatusPropertyTest" assertions="2" time="0.038082"/>
          <testcase name="test_payment_transitions_subscription_back_to_active with data set &quot;iteration_37_from_degraded&quot;" file="E:\coupony-backend\tests\Property\PaymentRestoresActiveStatusPropertyTest.php" line="66" class="Tests\Property\PaymentRestoresActiveStatusPropertyTest" classname="Tests.Property.PaymentRestoresActiveStatusPropertyTest" assertions="2" time="0.038391"/>
          <testcase name="test_payment_transitions_subscription_back_to_active with data set &quot;iteration_38_from_grace&quot;" file="E:\coupony-backend\tests\Property\PaymentRestoresActiveStatusPropertyTest.php" line="66" class="Tests\Property\PaymentRestoresActiveStatusPropertyTest" classname="Tests.Property.PaymentRestoresActiveStatusPropertyTest" assertions="2" time="0.119214"/>
          <testcase name="test_payment_transitions_subscription_back_to_active with data set &quot;iteration_39_from_degraded&quot;" file="E:\coupony-backend\tests\Property\PaymentRestoresActiveStatusPropertyTest.php" line="66" class="Tests\Property\PaymentRestoresActiveStatusPropertyTest" classname="Tests.Property.PaymentRestoresActiveStatusPropertyTest" assertions="2" time="0.041179"/>
          <testcase name="test_payment_transitions_subscription_back_to_active with data set &quot;iteration_40_from_grace&quot;" file="E:\coupony-backend\tests\Property\PaymentRestoresActiveStatusPropertyTest.php" line="66" class="Tests\Property\PaymentRestoresActiveStatusPropertyTest" classname="Tests.Property.PaymentRestoresActiveStatusPropertyTest" assertions="2" time="0.040811"/>
          <testcase name="test_payment_transitions_subscription_back_to_active with data set &quot;iteration_41_from_grace&quot;" file="E:\coupony-backend\tests\Property\PaymentRestoresActiveStatusPropertyTest.php" line="66" class="Tests\Property\PaymentRestoresActiveStatusPropertyTest" classname="Tests.Property.PaymentRestoresActiveStatusPropertyTest" assertions="2" time="0.043571"/>
          <testcase name="test_payment_transitions_subscription_back_to_active with data set &quot;iteration_42_from_grace&quot;" file="E:\coupony-backend\tests\Property\PaymentRestoresActiveStatusPropertyTest.php" line="66" class="Tests\Property\PaymentRestoresActiveStatusPropertyTest" classname="Tests.Property.PaymentRestoresActiveStatusPropertyTest" assertions="2" time="0.041354"/>
          <testcase name="test_payment_transitions_subscription_back_to_active with data set &quot;iteration_43_from_grace&quot;" file="E:\coupony-backend\tests\Property\PaymentRestoresActiveStatusPropertyTest.php" line="66" class="Tests\Property\PaymentRestoresActiveStatusPropertyTest" classname="Tests.Property.PaymentRestoresActiveStatusPropertyTest" assertions="2" time="0.040523"/>
          <testcase name="test_payment_transitions_subscription_back_to_active with data set &quot;iteration_44_from_grace&quot;" file="E:\coupony-backend\tests\Property\PaymentRestoresActiveStatusPropertyTest.php" line="66" class="Tests\Property\PaymentRestoresActiveStatusPropertyTest" classname="Tests.Property.PaymentRestoresActiveStatusPropertyTest" assertions="2" time="0.044366"/>
          <testcase name="test_payment_transitions_subscription_back_to_active with data set &quot;iteration_45_from_grace&quot;" file="E:\coupony-backend\tests\Property\PaymentRestoresActiveStatusPropertyTest.php" line="66" class="Tests\Property\PaymentRestoresActiveStatusPropertyTest" classname="Tests.Property.PaymentRestoresActiveStatusPropertyTest" assertions="2" time="0.042332"/>
          <testcase name="test_payment_transitions_subscription_back_to_active with data set &quot;iteration_46_from_degraded&quot;" file="E:\coupony-backend\tests\Property\PaymentRestoresActiveStatusPropertyTest.php" line="66" class="Tests\Property\PaymentRestoresActiveStatusPropertyTest" classname="Tests.Property.PaymentRestoresActiveStatusPropertyTest" assertions="2" time="0.047935"/>
          <testcase name="test_payment_transitions_subscription_back_to_active with data set &quot;iteration_47_from_degraded&quot;" file="E:\coupony-backend\tests\Property\PaymentRestoresActiveStatusPropertyTest.php" line="66" class="Tests\Property\PaymentRestoresActiveStatusPropertyTest" classname="Tests.Property.PaymentRestoresActiveStatusPropertyTest" assertions="2" time="0.139178"/>
          <testcase name="test_payment_transitions_subscription_back_to_active with data set &quot;iteration_48_from_grace&quot;" file="E:\coupony-backend\tests\Property\PaymentRestoresActiveStatusPropertyTest.php" line="66" class="Tests\Property\PaymentRestoresActiveStatusPropertyTest" classname="Tests.Property.PaymentRestoresActiveStatusPropertyTest" assertions="2" time="0.038925"/>
          <testcase name="test_payment_transitions_subscription_back_to_active with data set &quot;iteration_49_from_degraded&quot;" file="E:\coupony-backend\tests\Property\PaymentRestoresActiveStatusPropertyTest.php" line="66" class="Tests\Property\PaymentRestoresActiveStatusPropertyTest" classname="Tests.Property.PaymentRestoresActiveStatusPropertyTest" assertions="2" time="0.042727"/>
          <testcase name="test_payment_transitions_subscription_back_to_active with data set &quot;iteration_50_from_degraded&quot;" file="E:\coupony-backend\tests\Property\PaymentRestoresActiveStatusPropertyTest.php" line="66" class="Tests\Property\PaymentRestoresActiveStatusPropertyTest" classname="Tests.Property.PaymentRestoresActiveStatusPropertyTest" assertions="2" time="0.038613"/>
          <testcase name="test_payment_transitions_subscription_back_to_active with data set &quot;iteration_51_from_grace&quot;" file="E:\coupony-backend\tests\Property\PaymentRestoresActiveStatusPropertyTest.php" line="66" class="Tests\Property\PaymentRestoresActiveStatusPropertyTest" classname="Tests.Property.PaymentRestoresActiveStatusPropertyTest" assertions="2" time="0.039081"/>
          <testcase name="test_payment_transitions_subscription_back_to_active with data set &quot;iteration_52_from_degraded&quot;" file="E:\coupony-backend\tests\Property\PaymentRestoresActiveStatusPropertyTest.php" line="66" class="Tests\Property\PaymentRestoresActiveStatusPropertyTest" classname="Tests.Property.PaymentRestoresActiveStatusPropertyTest" assertions="2" time="0.042022"/>
          <testcase name="test_payment_transitions_subscription_back_to_active with data set &quot;iteration_53_from_grace&quot;" file="E:\coupony-backend\tests\Property\PaymentRestoresActiveStatusPropertyTest.php" line="66" class="Tests\Property\PaymentRestoresActiveStatusPropertyTest" classname="Tests.Property.PaymentRestoresActiveStatusPropertyTest" assertions="2" time="0.042161"/>
          <testcase name="test_payment_transitions_subscription_back_to_active with data set &quot;iteration_54_from_degraded&quot;" file="E:\coupony-backend\tests\Property\PaymentRestoresActiveStatusPropertyTest.php" line="66" class="Tests\Property\PaymentRestoresActiveStatusPropertyTest" classname="Tests.Property.PaymentRestoresActiveStatusPropertyTest" assertions="2" time="0.039479"/>
          <testcase name="test_payment_transitions_subscription_back_to_active with data set &quot;iteration_55_from_degraded&quot;" file="E:\coupony-backend\tests\Property\PaymentRestoresActiveStatusPropertyTest.php" line="66" class="Tests\Property\PaymentRestoresActiveStatusPropertyTest" classname="Tests.Property.PaymentRestoresActiveStatusPropertyTest" assertions="2" time="0.040471"/>
          <testcase name="test_payment_transitions_subscription_back_to_active with data set &quot;iteration_56_from_grace&quot;" file="E:\coupony-backend\tests\Property\PaymentRestoresActiveStatusPropertyTest.php" line="66" class="Tests\Property\PaymentRestoresActiveStatusPropertyTest" classname="Tests.Property.PaymentRestoresActiveStatusPropertyTest" assertions="2" time="0.044110"/>
          <testcase name="test_payment_transitions_subscription_back_to_active with data set &quot;iteration_57_from_degraded&quot;" file="E:\coupony-backend\tests\Property\PaymentRestoresActiveStatusPropertyTest.php" line="66" class="Tests\Property\PaymentRestoresActiveStatusPropertyTest" classname="Tests.Property.PaymentRestoresActiveStatusPropertyTest" assertions="2" time="0.116524"/>
          <testcase name="test_payment_transitions_subscription_back_to_active with data set &quot;iteration_58_from_degraded&quot;" file="E:\coupony-backend\tests\Property\PaymentRestoresActiveStatusPropertyTest.php" line="66" class="Tests\Property\PaymentRestoresActiveStatusPropertyTest" classname="Tests.Property.PaymentRestoresActiveStatusPropertyTest" assertions="2" time="0.042490"/>
          <testcase name="test_payment_transitions_subscription_back_to_active with data set &quot;iteration_59_from_degraded&quot;" file="E:\coupony-backend\tests\Property\PaymentRestoresActiveStatusPropertyTest.php" line="66" class="Tests\Property\PaymentRestoresActiveStatusPropertyTest" classname="Tests.Property.PaymentRestoresActiveStatusPropertyTest" assertions="2" time="0.039724"/>
          <testcase name="test_payment_transitions_subscription_back_to_active with data set &quot;iteration_60_from_grace&quot;" file="E:\coupony-backend\tests\Property\PaymentRestoresActiveStatusPropertyTest.php" line="66" class="Tests\Property\PaymentRestoresActiveStatusPropertyTest" classname="Tests.Property.PaymentRestoresActiveStatusPropertyTest" assertions="2" time="0.039157"/>
          <testcase name="test_payment_transitions_subscription_back_to_active with data set &quot;iteration_61_from_degraded&quot;" file="E:\coupony-backend\tests\Property\PaymentRestoresActiveStatusPropertyTest.php" line="66" class="Tests\Property\PaymentRestoresActiveStatusPropertyTest" classname="Tests.Property.PaymentRestoresActiveStatusPropertyTest" assertions="2" time="0.040561"/>
          <testcase name="test_payment_transitions_subscription_back_to_active with data set &quot;iteration_62_from_grace&quot;" file="E:\coupony-backend\tests\Property\PaymentRestoresActiveStatusPropertyTest.php" line="66" class="Tests\Property\PaymentRestoresActiveStatusPropertyTest" classname="Tests.Property.PaymentRestoresActiveStatusPropertyTest" assertions="2" time="0.043400"/>
          <testcase name="test_payment_transitions_subscription_back_to_active with data set &quot;iteration_63_from_degraded&quot;" file="E:\coupony-backend\tests\Property\PaymentRestoresActiveStatusPropertyTest.php" line="66" class="Tests\Property\PaymentRestoresActiveStatusPropertyTest" classname="Tests.Property.PaymentRestoresActiveStatusPropertyTest" assertions="2" time="0.040447"/>
          <testcase name="test_payment_transitions_subscription_back_to_active with data set &quot;iteration_64_from_grace&quot;" file="E:\coupony-backend\tests\Property\PaymentRestoresActiveStatusPropertyTest.php" line="66" class="Tests\Property\PaymentRestoresActiveStatusPropertyTest" classname="Tests.Property.PaymentRestoresActiveStatusPropertyTest" assertions="2" time="0.043078"/>
          <testcase name="test_payment_transitions_subscription_back_to_active with data set &quot;iteration_65_from_grace&quot;" file="E:\coupony-backend\tests\Property\PaymentRestoresActiveStatusPropertyTest.php" line="66" class="Tests\Property\PaymentRestoresActiveStatusPropertyTest" classname="Tests.Property.PaymentRestoresActiveStatusPropertyTest" assertions="2" time="0.043382"/>
          <testcase name="test_payment_transitions_subscription_back_to_active with data set &quot;iteration_66_from_grace&quot;" file="E:\coupony-backend\tests\Property\PaymentRestoresActiveStatusPropertyTest.php" line="66" class="Tests\Property\PaymentRestoresActiveStatusPropertyTest" classname="Tests.Property.PaymentRestoresActiveStatusPropertyTest" assertions="2" time="0.136042"/>
          <testcase name="test_payment_transitions_subscription_back_to_active with data set &quot;iteration_67_from_grace&quot;" file="E:\coupony-backend\tests\Property\PaymentRestoresActiveStatusPropertyTest.php" line="66" class="Tests\Property\PaymentRestoresActiveStatusPropertyTest" classname="Tests.Property.PaymentRestoresActiveStatusPropertyTest" assertions="2" time="0.040979"/>
          <testcase name="test_payment_transitions_subscription_back_to_active with data set &quot;iteration_68_from_grace&quot;" file="E:\coupony-backend\tests\Property\PaymentRestoresActiveStatusPropertyTest.php" line="66" class="Tests\Property\PaymentRestoresActiveStatusPropertyTest" classname="Tests.Property.PaymentRestoresActiveStatusPropertyTest" assertions="2" time="0.038055"/>
          <testcase name="test_payment_transitions_subscription_back_to_active with data set &quot;iteration_69_from_grace&quot;" file="E:\coupony-backend\tests\Property\PaymentRestoresActiveStatusPropertyTest.php" line="66" class="Tests\Property\PaymentRestoresActiveStatusPropertyTest" classname="Tests.Property.PaymentRestoresActiveStatusPropertyTest" assertions="2" time="0.040314"/>
          <testcase name="test_payment_transitions_subscription_back_to_active with data set &quot;iteration_70_from_grace&quot;" file="E:\coupony-backend\tests\Property\PaymentRestoresActiveStatusPropertyTest.php" line="66" class="Tests\Property\PaymentRestoresActiveStatusPropertyTest" classname="Tests.Property.PaymentRestoresActiveStatusPropertyTest" assertions="2" time="0.042434"/>
          <testcase name="test_payment_transitions_subscription_back_to_active with data set &quot;iteration_71_from_degraded&quot;" file="E:\coupony-backend\tests\Property\PaymentRestoresActiveStatusPropertyTest.php" line="66" class="Tests\Property\PaymentRestoresActiveStatusPropertyTest" classname="Tests.Property.PaymentRestoresActiveStatusPropertyTest" assertions="2" time="0.040422"/>
          <testcase name="test_payment_transitions_subscription_back_to_active with data set &quot;iteration_72_from_grace&quot;" file="E:\coupony-backend\tests\Property\PaymentRestoresActiveStatusPropertyTest.php" line="66" class="Tests\Property\PaymentRestoresActiveStatusPropertyTest" classname="Tests.Property.PaymentRestoresActiveStatusPropertyTest" assertions="2" time="0.040778"/>
          <testcase name="test_payment_transitions_subscription_back_to_active with data set &quot;iteration_73_from_degraded&quot;" file="E:\coupony-backend\tests\Property\PaymentRestoresActiveStatusPropertyTest.php" line="66" class="Tests\Property\PaymentRestoresActiveStatusPropertyTest" classname="Tests.Property.PaymentRestoresActiveStatusPropertyTest" assertions="2" time="0.038617"/>
          <testcase name="test_payment_transitions_subscription_back_to_active with data set &quot;iteration_74_from_grace&quot;" file="E:\coupony-backend\tests\Property\PaymentRestoresActiveStatusPropertyTest.php" line="66" class="Tests\Property\PaymentRestoresActiveStatusPropertyTest" classname="Tests.Property.PaymentRestoresActiveStatusPropertyTest" assertions="2" time="0.037770"/>
          <testcase name="test_payment_transitions_subscription_back_to_active with data set &quot;iteration_75_from_degraded&quot;" file="E:\coupony-backend\tests\Property\PaymentRestoresActiveStatusPropertyTest.php" line="66" class="Tests\Property\PaymentRestoresActiveStatusPropertyTest" classname="Tests.Property.PaymentRestoresActiveStatusPropertyTest" assertions="2" time="0.040373"/>
          <testcase name="test_payment_transitions_subscription_back_to_active with data set &quot;iteration_76_from_grace&quot;" file="E:\coupony-backend\tests\Property\PaymentRestoresActiveStatusPropertyTest.php" line="66" class="Tests\Property\PaymentRestoresActiveStatusPropertyTest" classname="Tests.Property.PaymentRestoresActiveStatusPropertyTest" assertions="2" time="0.113682"/>
          <testcase name="test_payment_transitions_subscription_back_to_active with data set &quot;iteration_77_from_grace&quot;" file="E:\coupony-backend\tests\Property\PaymentRestoresActiveStatusPropertyTest.php" line="66" class="Tests\Property\PaymentRestoresActiveStatusPropertyTest" classname="Tests.Property.PaymentRestoresActiveStatusPropertyTest" assertions="2" time="0.040886"/>
          <testcase name="test_payment_transitions_subscription_back_to_active with data set &quot;iteration_78_from_grace&quot;" file="E:\coupony-backend\tests\Property\PaymentRestoresActiveStatusPropertyTest.php" line="66" class="Tests\Property\PaymentRestoresActiveStatusPropertyTest" classname="Tests.Property.PaymentRestoresActiveStatusPropertyTest" assertions="2" time="0.039549"/>
          <testcase name="test_payment_transitions_subscription_back_to_active with data set &quot;iteration_79_from_degraded&quot;" file="E:\coupony-backend\tests\Property\PaymentRestoresActiveStatusPropertyTest.php" line="66" class="Tests\Property\PaymentRestoresActiveStatusPropertyTest" classname="Tests.Property.PaymentRestoresActiveStatusPropertyTest" assertions="2" time="0.040041"/>
          <testcase name="test_payment_transitions_subscription_back_to_active with data set &quot;iteration_80_from_degraded&quot;" file="E:\coupony-backend\tests\Property\PaymentRestoresActiveStatusPropertyTest.php" line="66" class="Tests\Property\PaymentRestoresActiveStatusPropertyTest" classname="Tests.Property.PaymentRestoresActiveStatusPropertyTest" assertions="2" time="0.041870"/>
          <testcase name="test_payment_transitions_subscription_back_to_active with data set &quot;iteration_81_from_degraded&quot;" file="E:\coupony-backend\tests\Property\PaymentRestoresActiveStatusPropertyTest.php" line="66" class="Tests\Property\PaymentRestoresActiveStatusPropertyTest" classname="Tests.Property.PaymentRestoresActiveStatusPropertyTest" assertions="2" time="0.041083"/>
          <testcase name="test_payment_transitions_subscription_back_to_active with data set &quot;iteration_82_from_degraded&quot;" file="E:\coupony-backend\tests\Property\PaymentRestoresActiveStatusPropertyTest.php" line="66" class="Tests\Property\PaymentRestoresActiveStatusPropertyTest" classname="Tests.Property.PaymentRestoresActiveStatusPropertyTest" assertions="2" time="0.044244"/>
          <testcase name="test_payment_transitions_subscription_back_to_active with data set &quot;iteration_83_from_degraded&quot;" file="E:\coupony-backend\tests\Property\PaymentRestoresActiveStatusPropertyTest.php" line="66" class="Tests\Property\PaymentRestoresActiveStatusPropertyTest" classname="Tests.Property.PaymentRestoresActiveStatusPropertyTest" assertions="2" time="0.041700"/>
          <testcase name="test_payment_transitions_subscription_back_to_active with data set &quot;iteration_84_from_grace&quot;" file="E:\coupony-backend\tests\Property\PaymentRestoresActiveStatusPropertyTest.php" line="66" class="Tests\Property\PaymentRestoresActiveStatusPropertyTest" classname="Tests.Property.PaymentRestoresActiveStatusPropertyTest" assertions="2" time="0.040390"/>
          <testcase name="test_payment_transitions_subscription_back_to_active with data set &quot;iteration_85_from_degraded&quot;" file="E:\coupony-backend\tests\Property\PaymentRestoresActiveStatusPropertyTest.php" line="66" class="Tests\Property\PaymentRestoresActiveStatusPropertyTest" classname="Tests.Property.PaymentRestoresActiveStatusPropertyTest" assertions="2" time="0.138568"/>
          <testcase name="test_payment_transitions_subscription_back_to_active with data set &quot;iteration_86_from_grace&quot;" file="E:\coupony-backend\tests\Property\PaymentRestoresActiveStatusPropertyTest.php" line="66" class="Tests\Property\PaymentRestoresActiveStatusPropertyTest" classname="Tests.Property.PaymentRestoresActiveStatusPropertyTest" assertions="2" time="0.038724"/>
          <testcase name="test_payment_transitions_subscription_back_to_active with data set &quot;iteration_87_from_grace&quot;" file="E:\coupony-backend\tests\Property\PaymentRestoresActiveStatusPropertyTest.php" line="66" class="Tests\Property\PaymentRestoresActiveStatusPropertyTest" classname="Tests.Property.PaymentRestoresActiveStatusPropertyTest" assertions="2" time="0.043522"/>
          <testcase name="test_payment_transitions_subscription_back_to_active with data set &quot;iteration_88_from_degraded&quot;" file="E:\coupony-backend\tests\Property\PaymentRestoresActiveStatusPropertyTest.php" line="66" class="Tests\Property\PaymentRestoresActiveStatusPropertyTest" classname="Tests.Property.PaymentRestoresActiveStatusPropertyTest" assertions="2" time="0.049574"/>
          <testcase name="test_payment_transitions_subscription_back_to_active with data set &quot;iteration_89_from_degraded&quot;" file="E:\coupony-backend\tests\Property\PaymentRestoresActiveStatusPropertyTest.php" line="66" class="Tests\Property\PaymentRestoresActiveStatusPropertyTest" classname="Tests.Property.PaymentRestoresActiveStatusPropertyTest" assertions="2" time="0.046988"/>
          <testcase name="test_payment_transitions_subscription_back_to_active with data set &quot;iteration_90_from_degraded&quot;" file="E:\coupony-backend\tests\Property\PaymentRestoresActiveStatusPropertyTest.php" line="66" class="Tests\Property\PaymentRestoresActiveStatusPropertyTest" classname="Tests.Property.PaymentRestoresActiveStatusPropertyTest" assertions="2" time="0.044547"/>
          <testcase name="test_payment_transitions_subscription_back_to_active with data set &quot;iteration_91_from_grace&quot;" file="E:\coupony-backend\tests\Property\PaymentRestoresActiveStatusPropertyTest.php" line="66" class="Tests\Property\PaymentRestoresActiveStatusPropertyTest" classname="Tests.Property.PaymentRestoresActiveStatusPropertyTest" assertions="2" time="0.047510"/>
          <testcase name="test_payment_transitions_subscription_back_to_active with data set &quot;iteration_92_from_degraded&quot;" file="E:\coupony-backend\tests\Property\PaymentRestoresActiveStatusPropertyTest.php" line="66" class="Tests\Property\PaymentRestoresActiveStatusPropertyTest" classname="Tests.Property.PaymentRestoresActiveStatusPropertyTest" assertions="2" time="0.050142"/>
          <testcase name="test_payment_transitions_subscription_back_to_active with data set &quot;iteration_93_from_degraded&quot;" file="E:\coupony-backend\tests\Property\PaymentRestoresActiveStatusPropertyTest.php" line="66" class="Tests\Property\PaymentRestoresActiveStatusPropertyTest" classname="Tests.Property.PaymentRestoresActiveStatusPropertyTest" assertions="2" time="0.049781"/>
          <testcase name="test_payment_transitions_subscription_back_to_active with data set &quot;iteration_94_from_degraded&quot;" file="E:\coupony-backend\tests\Property\PaymentRestoresActiveStatusPropertyTest.php" line="66" class="Tests\Property\PaymentRestoresActiveStatusPropertyTest" classname="Tests.Property.PaymentRestoresActiveStatusPropertyTest" assertions="2" time="0.048384"/>
          <testcase name="test_payment_transitions_subscription_back_to_active with data set &quot;iteration_95_from_degraded&quot;" file="E:\coupony-backend\tests\Property\PaymentRestoresActiveStatusPropertyTest.php" line="66" class="Tests\Property\PaymentRestoresActiveStatusPropertyTest" classname="Tests.Property.PaymentRestoresActiveStatusPropertyTest" assertions="2" time="0.140746"/>
          <testcase name="test_payment_transitions_subscription_back_to_active with data set &quot;iteration_96_from_degraded&quot;" file="E:\coupony-backend\tests\Property\PaymentRestoresActiveStatusPropertyTest.php" line="66" class="Tests\Property\PaymentRestoresActiveStatusPropertyTest" classname="Tests.Property.PaymentRestoresActiveStatusPropertyTest" assertions="2" time="0.046750"/>
          <testcase name="test_payment_transitions_subscription_back_to_active with data set &quot;iteration_97_from_grace&quot;" file="E:\coupony-backend\tests\Property\PaymentRestoresActiveStatusPropertyTest.php" line="66" class="Tests\Property\PaymentRestoresActiveStatusPropertyTest" classname="Tests.Property.PaymentRestoresActiveStatusPropertyTest" assertions="2" time="0.046571"/>
          <testcase name="test_payment_transitions_subscription_back_to_active with data set &quot;iteration_98_from_degraded&quot;" file="E:\coupony-backend\tests\Property\PaymentRestoresActiveStatusPropertyTest.php" line="66" class="Tests\Property\PaymentRestoresActiveStatusPropertyTest" classname="Tests.Property.PaymentRestoresActiveStatusPropertyTest" assertions="2" time="0.043262"/>
          <testcase name="test_payment_transitions_subscription_back_to_active with data set &quot;iteration_99_from_degraded&quot;" file="E:\coupony-backend\tests\Property\PaymentRestoresActiveStatusPropertyTest.php" line="66" class="Tests\Property\PaymentRestoresActiveStatusPropertyTest" classname="Tests.Property.PaymentRestoresActiveStatusPropertyTest" assertions="2" time="0.046065"/>
          <testcase name="test_payment_transitions_subscription_back_to_active with data set &quot;iteration_100_from_degraded&quot;" file="E:\coupony-backend\tests\Property\PaymentRestoresActiveStatusPropertyTest.php" line="66" class="Tests\Property\PaymentRestoresActiveStatusPropertyTest" classname="Tests.Property.PaymentRestoresActiveStatusPropertyTest" assertions="2" time="0.053693"/>
          <testcase name="test_payment_transitions_subscription_back_to_active with data set &quot;iteration_101_from_grace&quot;" file="E:\coupony-backend\tests\Property\PaymentRestoresActiveStatusPropertyTest.php" line="66" class="Tests\Property\PaymentRestoresActiveStatusPropertyTest" classname="Tests.Property.PaymentRestoresActiveStatusPropertyTest" assertions="2" time="0.048779"/>
          <testcase name="test_payment_transitions_subscription_back_to_active with data set &quot;iteration_102_from_degraded&quot;" file="E:\coupony-backend\tests\Property\PaymentRestoresActiveStatusPropertyTest.php" line="66" class="Tests\Property\PaymentRestoresActiveStatusPropertyTest" classname="Tests.Property.PaymentRestoresActiveStatusPropertyTest" assertions="2" time="0.049305"/>
          <testcase name="test_payment_transitions_subscription_back_to_active with data set &quot;iteration_103_from_degraded&quot;" file="E:\coupony-backend\tests\Property\PaymentRestoresActiveStatusPropertyTest.php" line="66" class="Tests\Property\PaymentRestoresActiveStatusPropertyTest" classname="Tests.Property.PaymentRestoresActiveStatusPropertyTest" assertions="2" time="0.049895"/>
          <testcase name="test_payment_transitions_subscription_back_to_active with data set &quot;iteration_104_from_degraded&quot;" file="E:\coupony-backend\tests\Property\PaymentRestoresActiveStatusPropertyTest.php" line="66" class="Tests\Property\PaymentRestoresActiveStatusPropertyTest" classname="Tests.Property.PaymentRestoresActiveStatusPropertyTest" assertions="2" time="0.172991"/>
          <testcase name="test_payment_transitions_subscription_back_to_active with data set &quot;iteration_105_from_degraded&quot;" file="E:\coupony-backend\tests\Property\PaymentRestoresActiveStatusPropertyTest.php" line="66" class="Tests\Property\PaymentRestoresActiveStatusPropertyTest" classname="Tests.Property.PaymentRestoresActiveStatusPropertyTest" assertions="2" time="0.042998"/>
          <testcase name="test_payment_transitions_subscription_back_to_active with data set &quot;iteration_106_from_grace&quot;" file="E:\coupony-backend\tests\Property\PaymentRestoresActiveStatusPropertyTest.php" line="66" class="Tests\Property\PaymentRestoresActiveStatusPropertyTest" classname="Tests.Property.PaymentRestoresActiveStatusPropertyTest" assertions="2" time="0.044501"/>
          <testcase name="test_payment_transitions_subscription_back_to_active with data set &quot;iteration_107_from_grace&quot;" file="E:\coupony-backend\tests\Property\PaymentRestoresActiveStatusPropertyTest.php" line="66" class="Tests\Property\PaymentRestoresActiveStatusPropertyTest" classname="Tests.Property.PaymentRestoresActiveStatusPropertyTest" assertions="2" time="0.044429"/>
          <testcase name="test_payment_transitions_subscription_back_to_active with data set &quot;iteration_108_from_grace&quot;" file="E:\coupony-backend\tests\Property\PaymentRestoresActiveStatusPropertyTest.php" line="66" class="Tests\Property\PaymentRestoresActiveStatusPropertyTest" classname="Tests.Property.PaymentRestoresActiveStatusPropertyTest" assertions="2" time="0.040972"/>
          <testcase name="test_payment_transitions_subscription_back_to_active with data set &quot;iteration_109_from_grace&quot;" file="E:\coupony-backend\tests\Property\PaymentRestoresActiveStatusPropertyTest.php" line="66" class="Tests\Property\PaymentRestoresActiveStatusPropertyTest" classname="Tests.Property.PaymentRestoresActiveStatusPropertyTest" assertions="2" time="0.040893"/>
        </testsuite>
      </testsuite>
      <testsuite name="Tests\Property\PendingSessionUniquenessPropertyTest" file="E:\coupony-backend\tests\Property\PendingSessionUniquenessPropertyTest.php" tests="105" assertions="105" errors="0" failures="0" skipped="0" time="5.314665">
        <testsuite name="Tests\Property\PendingSessionUniquenessPropertyTest::test_initiating_payment_with_existing_pending_session_throws_exception" tests="105" assertions="105" errors="0" failures="0" skipped="0" time="5.314665">
          <testcase name="test_initiating_payment_with_existing_pending_session_throws_exception with data set &quot;iteration_0_monthly_ttl_13m&quot;" file="E:\coupony-backend\tests\Property\PendingSessionUniquenessPropertyTest.php" line="59" class="Tests\Property\PendingSessionUniquenessPropertyTest" classname="Tests.Property.PendingSessionUniquenessPropertyTest" assertions="1" time="0.040625"/>
          <testcase name="test_initiating_payment_with_existing_pending_session_throws_exception with data set &quot;iteration_1_yearly_ttl_15m&quot;" file="E:\coupony-backend\tests\Property\PendingSessionUniquenessPropertyTest.php" line="59" class="Tests\Property\PendingSessionUniquenessPropertyTest" classname="Tests.Property.PendingSessionUniquenessPropertyTest" assertions="1" time="0.041195"/>
          <testcase name="test_initiating_payment_with_existing_pending_session_throws_exception with data set &quot;iteration_2_monthly_ttl_105m&quot;" file="E:\coupony-backend\tests\Property\PendingSessionUniquenessPropertyTest.php" line="59" class="Tests\Property\PendingSessionUniquenessPropertyTest" classname="Tests.Property.PendingSessionUniquenessPropertyTest" assertions="1" time="0.115498"/>
          <testcase name="test_initiating_payment_with_existing_pending_session_throws_exception with data set &quot;iteration_3_monthly_ttl_6m&quot;" file="E:\coupony-backend\tests\Property\PendingSessionUniquenessPropertyTest.php" line="59" class="Tests\Property\PendingSessionUniquenessPropertyTest" classname="Tests.Property.PendingSessionUniquenessPropertyTest" assertions="1" time="0.041336"/>
          <testcase name="test_initiating_payment_with_existing_pending_session_throws_exception with data set &quot;iteration_4_yearly_ttl_62m&quot;" file="E:\coupony-backend\tests\Property\PendingSessionUniquenessPropertyTest.php" line="59" class="Tests\Property\PendingSessionUniquenessPropertyTest" classname="Tests.Property.PendingSessionUniquenessPropertyTest" assertions="1" time="0.040681"/>
          <testcase name="test_initiating_payment_with_existing_pending_session_throws_exception with data set &quot;iteration_5_monthly_ttl_111m&quot;" file="E:\coupony-backend\tests\Property\PendingSessionUniquenessPropertyTest.php" line="59" class="Tests\Property\PendingSessionUniquenessPropertyTest" classname="Tests.Property.PendingSessionUniquenessPropertyTest" assertions="1" time="0.040452"/>
          <testcase name="test_initiating_payment_with_existing_pending_session_throws_exception with data set &quot;iteration_6_monthly_ttl_118m&quot;" file="E:\coupony-backend\tests\Property\PendingSessionUniquenessPropertyTest.php" line="59" class="Tests\Property\PendingSessionUniquenessPropertyTest" classname="Tests.Property.PendingSessionUniquenessPropertyTest" assertions="1" time="0.039996"/>
          <testcase name="test_initiating_payment_with_existing_pending_session_throws_exception with data set &quot;iteration_7_yearly_ttl_37m&quot;" file="E:\coupony-backend\tests\Property\PendingSessionUniquenessPropertyTest.php" line="59" class="Tests\Property\PendingSessionUniquenessPropertyTest" classname="Tests.Property.PendingSessionUniquenessPropertyTest" assertions="1" time="0.041686"/>
          <testcase name="test_initiating_payment_with_existing_pending_session_throws_exception with data set &quot;iteration_8_yearly_ttl_67m&quot;" file="E:\coupony-backend\tests\Property\PendingSessionUniquenessPropertyTest.php" line="59" class="Tests\Property\PendingSessionUniquenessPropertyTest" classname="Tests.Property.PendingSessionUniquenessPropertyTest" assertions="1" time="0.043875"/>
          <testcase name="test_initiating_payment_with_existing_pending_session_throws_exception with data set &quot;iteration_9_yearly_ttl_117m&quot;" file="E:\coupony-backend\tests\Property\PendingSessionUniquenessPropertyTest.php" line="59" class="Tests\Property\PendingSessionUniquenessPropertyTest" classname="Tests.Property.PendingSessionUniquenessPropertyTest" assertions="1" time="0.040819"/>
          <testcase name="test_initiating_payment_with_existing_pending_session_throws_exception with data set &quot;iteration_10_yearly_ttl_104m&quot;" file="E:\coupony-backend\tests\Property\PendingSessionUniquenessPropertyTest.php" line="59" class="Tests\Property\PendingSessionUniquenessPropertyTest" classname="Tests.Property.PendingSessionUniquenessPropertyTest" assertions="1" time="0.041271"/>
          <testcase name="test_initiating_payment_with_existing_pending_session_throws_exception with data set &quot;iteration_11_yearly_ttl_50m&quot;" file="E:\coupony-backend\tests\Property\PendingSessionUniquenessPropertyTest.php" line="59" class="Tests\Property\PendingSessionUniquenessPropertyTest" classname="Tests.Property.PendingSessionUniquenessPropertyTest" assertions="1" time="0.038553"/>
          <testcase name="test_initiating_payment_with_existing_pending_session_throws_exception with data set &quot;iteration_12_monthly_ttl_8m&quot;" file="E:\coupony-backend\tests\Property\PendingSessionUniquenessPropertyTest.php" line="59" class="Tests\Property\PendingSessionUniquenessPropertyTest" classname="Tests.Property.PendingSessionUniquenessPropertyTest" assertions="1" time="0.113658"/>
          <testcase name="test_initiating_payment_with_existing_pending_session_throws_exception with data set &quot;iteration_13_yearly_ttl_77m&quot;" file="E:\coupony-backend\tests\Property\PendingSessionUniquenessPropertyTest.php" line="59" class="Tests\Property\PendingSessionUniquenessPropertyTest" classname="Tests.Property.PendingSessionUniquenessPropertyTest" assertions="1" time="0.038803"/>
          <testcase name="test_initiating_payment_with_existing_pending_session_throws_exception with data set &quot;iteration_14_monthly_ttl_61m&quot;" file="E:\coupony-backend\tests\Property\PendingSessionUniquenessPropertyTest.php" line="59" class="Tests\Property\PendingSessionUniquenessPropertyTest" classname="Tests.Property.PendingSessionUniquenessPropertyTest" assertions="1" time="0.037925"/>
          <testcase name="test_initiating_payment_with_existing_pending_session_throws_exception with data set &quot;iteration_15_yearly_ttl_8m&quot;" file="E:\coupony-backend\tests\Property\PendingSessionUniquenessPropertyTest.php" line="59" class="Tests\Property\PendingSessionUniquenessPropertyTest" classname="Tests.Property.PendingSessionUniquenessPropertyTest" assertions="1" time="0.037637"/>
          <testcase name="test_initiating_payment_with_existing_pending_session_throws_exception with data set &quot;iteration_16_monthly_ttl_98m&quot;" file="E:\coupony-backend\tests\Property\PendingSessionUniquenessPropertyTest.php" line="59" class="Tests\Property\PendingSessionUniquenessPropertyTest" classname="Tests.Property.PendingSessionUniquenessPropertyTest" assertions="1" time="0.039795"/>
          <testcase name="test_initiating_payment_with_existing_pending_session_throws_exception with data set &quot;iteration_17_yearly_ttl_11m&quot;" file="E:\coupony-backend\tests\Property\PendingSessionUniquenessPropertyTest.php" line="59" class="Tests\Property\PendingSessionUniquenessPropertyTest" classname="Tests.Property.PendingSessionUniquenessPropertyTest" assertions="1" time="0.038592"/>
          <testcase name="test_initiating_payment_with_existing_pending_session_throws_exception with data set &quot;iteration_18_yearly_ttl_96m&quot;" file="E:\coupony-backend\tests\Property\PendingSessionUniquenessPropertyTest.php" line="59" class="Tests\Property\PendingSessionUniquenessPropertyTest" classname="Tests.Property.PendingSessionUniquenessPropertyTest" assertions="1" time="0.042603"/>
          <testcase name="test_initiating_payment_with_existing_pending_session_throws_exception with data set &quot;iteration_19_yearly_ttl_14m&quot;" file="E:\coupony-backend\tests\Property\PendingSessionUniquenessPropertyTest.php" line="59" class="Tests\Property\PendingSessionUniquenessPropertyTest" classname="Tests.Property.PendingSessionUniquenessPropertyTest" assertions="1" time="0.039208"/>
          <testcase name="test_initiating_payment_with_existing_pending_session_throws_exception with data set &quot;iteration_20_monthly_ttl_28m&quot;" file="E:\coupony-backend\tests\Property\PendingSessionUniquenessPropertyTest.php" line="59" class="Tests\Property\PendingSessionUniquenessPropertyTest" classname="Tests.Property.PendingSessionUniquenessPropertyTest" assertions="1" time="0.040071"/>
          <testcase name="test_initiating_payment_with_existing_pending_session_throws_exception with data set &quot;iteration_21_monthly_ttl_58m&quot;" file="E:\coupony-backend\tests\Property\PendingSessionUniquenessPropertyTest.php" line="59" class="Tests\Property\PendingSessionUniquenessPropertyTest" classname="Tests.Property.PendingSessionUniquenessPropertyTest" assertions="1" time="0.138854"/>
          <testcase name="test_initiating_payment_with_existing_pending_session_throws_exception with data set &quot;iteration_22_monthly_ttl_39m&quot;" file="E:\coupony-backend\tests\Property\PendingSessionUniquenessPropertyTest.php" line="59" class="Tests\Property\PendingSessionUniquenessPropertyTest" classname="Tests.Property.PendingSessionUniquenessPropertyTest" assertions="1" time="0.039467"/>
          <testcase name="test_initiating_payment_with_existing_pending_session_throws_exception with data set &quot;iteration_23_monthly_ttl_15m&quot;" file="E:\coupony-backend\tests\Property\PendingSessionUniquenessPropertyTest.php" line="59" class="Tests\Property\PendingSessionUniquenessPropertyTest" classname="Tests.Property.PendingSessionUniquenessPropertyTest" assertions="1" time="0.041276"/>
          <testcase name="test_initiating_payment_with_existing_pending_session_throws_exception with data set &quot;iteration_24_monthly_ttl_57m&quot;" file="E:\coupony-backend\tests\Property\PendingSessionUniquenessPropertyTest.php" line="59" class="Tests\Property\PendingSessionUniquenessPropertyTest" classname="Tests.Property.PendingSessionUniquenessPropertyTest" assertions="1" time="0.040574"/>
          <testcase name="test_initiating_payment_with_existing_pending_session_throws_exception with data set &quot;iteration_25_yearly_ttl_23m&quot;" file="E:\coupony-backend\tests\Property\PendingSessionUniquenessPropertyTest.php" line="59" class="Tests\Property\PendingSessionUniquenessPropertyTest" classname="Tests.Property.PendingSessionUniquenessPropertyTest" assertions="1" time="0.039244"/>
          <testcase name="test_initiating_payment_with_existing_pending_session_throws_exception with data set &quot;iteration_26_yearly_ttl_96m&quot;" file="E:\coupony-backend\tests\Property\PendingSessionUniquenessPropertyTest.php" line="59" class="Tests\Property\PendingSessionUniquenessPropertyTest" classname="Tests.Property.PendingSessionUniquenessPropertyTest" assertions="1" time="0.042657"/>
          <testcase name="test_initiating_payment_with_existing_pending_session_throws_exception with data set &quot;iteration_27_monthly_ttl_43m&quot;" file="E:\coupony-backend\tests\Property\PendingSessionUniquenessPropertyTest.php" line="59" class="Tests\Property\PendingSessionUniquenessPropertyTest" classname="Tests.Property.PendingSessionUniquenessPropertyTest" assertions="1" time="0.044580"/>
          <testcase name="test_initiating_payment_with_existing_pending_session_throws_exception with data set &quot;iteration_28_monthly_ttl_43m&quot;" file="E:\coupony-backend\tests\Property\PendingSessionUniquenessPropertyTest.php" line="59" class="Tests\Property\PendingSessionUniquenessPropertyTest" classname="Tests.Property.PendingSessionUniquenessPropertyTest" assertions="1" time="0.063530"/>
          <testcase name="test_initiating_payment_with_existing_pending_session_throws_exception with data set &quot;iteration_29_yearly_ttl_120m&quot;" file="E:\coupony-backend\tests\Property\PendingSessionUniquenessPropertyTest.php" line="59" class="Tests\Property\PendingSessionUniquenessPropertyTest" classname="Tests.Property.PendingSessionUniquenessPropertyTest" assertions="1" time="0.058496"/>
          <testcase name="test_initiating_payment_with_existing_pending_session_throws_exception with data set &quot;iteration_30_yearly_ttl_115m&quot;" file="E:\coupony-backend\tests\Property\PendingSessionUniquenessPropertyTest.php" line="59" class="Tests\Property\PendingSessionUniquenessPropertyTest" classname="Tests.Property.PendingSessionUniquenessPropertyTest" assertions="1" time="0.041394"/>
          <testcase name="test_initiating_payment_with_existing_pending_session_throws_exception with data set &quot;iteration_31_yearly_ttl_60m&quot;" file="E:\coupony-backend\tests\Property\PendingSessionUniquenessPropertyTest.php" line="59" class="Tests\Property\PendingSessionUniquenessPropertyTest" classname="Tests.Property.PendingSessionUniquenessPropertyTest" assertions="1" time="0.123059"/>
          <testcase name="test_initiating_payment_with_existing_pending_session_throws_exception with data set &quot;iteration_32_yearly_ttl_26m&quot;" file="E:\coupony-backend\tests\Property\PendingSessionUniquenessPropertyTest.php" line="59" class="Tests\Property\PendingSessionUniquenessPropertyTest" classname="Tests.Property.PendingSessionUniquenessPropertyTest" assertions="1" time="0.042301"/>
          <testcase name="test_initiating_payment_with_existing_pending_session_throws_exception with data set &quot;iteration_33_monthly_ttl_106m&quot;" file="E:\coupony-backend\tests\Property\PendingSessionUniquenessPropertyTest.php" line="59" class="Tests\Property\PendingSessionUniquenessPropertyTest" classname="Tests.Property.PendingSessionUniquenessPropertyTest" assertions="1" time="0.041443"/>
          <testcase name="test_initiating_payment_with_existing_pending_session_throws_exception with data set &quot;iteration_34_monthly_ttl_91m&quot;" file="E:\coupony-backend\tests\Property\PendingSessionUniquenessPropertyTest.php" line="59" class="Tests\Property\PendingSessionUniquenessPropertyTest" classname="Tests.Property.PendingSessionUniquenessPropertyTest" assertions="1" time="0.039906"/>
          <testcase name="test_initiating_payment_with_existing_pending_session_throws_exception with data set &quot;iteration_35_yearly_ttl_19m&quot;" file="E:\coupony-backend\tests\Property\PendingSessionUniquenessPropertyTest.php" line="59" class="Tests\Property\PendingSessionUniquenessPropertyTest" classname="Tests.Property.PendingSessionUniquenessPropertyTest" assertions="1" time="0.049227"/>
          <testcase name="test_initiating_payment_with_existing_pending_session_throws_exception with data set &quot;iteration_36_yearly_ttl_118m&quot;" file="E:\coupony-backend\tests\Property\PendingSessionUniquenessPropertyTest.php" line="59" class="Tests\Property\PendingSessionUniquenessPropertyTest" classname="Tests.Property.PendingSessionUniquenessPropertyTest" assertions="1" time="0.062247"/>
          <testcase name="test_initiating_payment_with_existing_pending_session_throws_exception with data set &quot;iteration_37_monthly_ttl_36m&quot;" file="E:\coupony-backend\tests\Property\PendingSessionUniquenessPropertyTest.php" line="59" class="Tests\Property\PendingSessionUniquenessPropertyTest" classname="Tests.Property.PendingSessionUniquenessPropertyTest" assertions="1" time="0.048115"/>
          <testcase name="test_initiating_payment_with_existing_pending_session_throws_exception with data set &quot;iteration_38_yearly_ttl_63m&quot;" file="E:\coupony-backend\tests\Property\PendingSessionUniquenessPropertyTest.php" line="59" class="Tests\Property\PendingSessionUniquenessPropertyTest" classname="Tests.Property.PendingSessionUniquenessPropertyTest" assertions="1" time="0.039513"/>
          <testcase name="test_initiating_payment_with_existing_pending_session_throws_exception with data set &quot;iteration_39_yearly_ttl_12m&quot;" file="E:\coupony-backend\tests\Property\PendingSessionUniquenessPropertyTest.php" line="59" class="Tests\Property\PendingSessionUniquenessPropertyTest" classname="Tests.Property.PendingSessionUniquenessPropertyTest" assertions="1" time="0.039448"/>
          <testcase name="test_initiating_payment_with_existing_pending_session_throws_exception with data set &quot;iteration_40_monthly_ttl_8m&quot;" file="E:\coupony-backend\tests\Property\PendingSessionUniquenessPropertyTest.php" line="59" class="Tests\Property\PendingSessionUniquenessPropertyTest" classname="Tests.Property.PendingSessionUniquenessPropertyTest" assertions="1" time="0.144669"/>
          <testcase name="test_initiating_payment_with_existing_pending_session_throws_exception with data set &quot;iteration_41_monthly_ttl_46m&quot;" file="E:\coupony-backend\tests\Property\PendingSessionUniquenessPropertyTest.php" line="59" class="Tests\Property\PendingSessionUniquenessPropertyTest" classname="Tests.Property.PendingSessionUniquenessPropertyTest" assertions="1" time="0.038408"/>
          <testcase name="test_initiating_payment_with_existing_pending_session_throws_exception with data set &quot;iteration_42_yearly_ttl_55m&quot;" file="E:\coupony-backend\tests\Property\PendingSessionUniquenessPropertyTest.php" line="59" class="Tests\Property\PendingSessionUniquenessPropertyTest" classname="Tests.Property.PendingSessionUniquenessPropertyTest" assertions="1" time="0.040240"/>
          <testcase name="test_initiating_payment_with_existing_pending_session_throws_exception with data set &quot;iteration_43_monthly_ttl_17m&quot;" file="E:\coupony-backend\tests\Property\PendingSessionUniquenessPropertyTest.php" line="59" class="Tests\Property\PendingSessionUniquenessPropertyTest" classname="Tests.Property.PendingSessionUniquenessPropertyTest" assertions="1" time="0.038185"/>
          <testcase name="test_initiating_payment_with_existing_pending_session_throws_exception with data set &quot;iteration_44_monthly_ttl_32m&quot;" file="E:\coupony-backend\tests\Property\PendingSessionUniquenessPropertyTest.php" line="59" class="Tests\Property\PendingSessionUniquenessPropertyTest" classname="Tests.Property.PendingSessionUniquenessPropertyTest" assertions="1" time="0.039345"/>
          <testcase name="test_initiating_payment_with_existing_pending_session_throws_exception with data set &quot;iteration_45_yearly_ttl_81m&quot;" file="E:\coupony-backend\tests\Property\PendingSessionUniquenessPropertyTest.php" line="59" class="Tests\Property\PendingSessionUniquenessPropertyTest" classname="Tests.Property.PendingSessionUniquenessPropertyTest" assertions="1" time="0.042569"/>
          <testcase name="test_initiating_payment_with_existing_pending_session_throws_exception with data set &quot;iteration_46_yearly_ttl_24m&quot;" file="E:\coupony-backend\tests\Property\PendingSessionUniquenessPropertyTest.php" line="59" class="Tests\Property\PendingSessionUniquenessPropertyTest" classname="Tests.Property.PendingSessionUniquenessPropertyTest" assertions="1" time="0.041779"/>
          <testcase name="test_initiating_payment_with_existing_pending_session_throws_exception with data set &quot;iteration_47_yearly_ttl_112m&quot;" file="E:\coupony-backend\tests\Property\PendingSessionUniquenessPropertyTest.php" line="59" class="Tests\Property\PendingSessionUniquenessPropertyTest" classname="Tests.Property.PendingSessionUniquenessPropertyTest" assertions="1" time="0.042754"/>
          <testcase name="test_initiating_payment_with_existing_pending_session_throws_exception with data set &quot;iteration_48_yearly_ttl_47m&quot;" file="E:\coupony-backend\tests\Property\PendingSessionUniquenessPropertyTest.php" line="59" class="Tests\Property\PendingSessionUniquenessPropertyTest" classname="Tests.Property.PendingSessionUniquenessPropertyTest" assertions="1" time="0.041251"/>
          <testcase name="test_initiating_payment_with_existing_pending_session_throws_exception with data set &quot;iteration_49_monthly_ttl_28m&quot;" file="E:\coupony-backend\tests\Property\PendingSessionUniquenessPropertyTest.php" line="59" class="Tests\Property\PendingSessionUniquenessPropertyTest" classname="Tests.Property.PendingSessionUniquenessPropertyTest" assertions="1" time="0.038654"/>
          <testcase name="test_initiating_payment_with_existing_pending_session_throws_exception with data set &quot;iteration_50_monthly_ttl_91m&quot;" file="E:\coupony-backend\tests\Property\PendingSessionUniquenessPropertyTest.php" line="59" class="Tests\Property\PendingSessionUniquenessPropertyTest" classname="Tests.Property.PendingSessionUniquenessPropertyTest" assertions="1" time="0.118448"/>
          <testcase name="test_initiating_payment_with_existing_pending_session_throws_exception with data set &quot;iteration_51_yearly_ttl_90m&quot;" file="E:\coupony-backend\tests\Property\PendingSessionUniquenessPropertyTest.php" line="59" class="Tests\Property\PendingSessionUniquenessPropertyTest" classname="Tests.Property.PendingSessionUniquenessPropertyTest" assertions="1" time="0.042168"/>
          <testcase name="test_initiating_payment_with_existing_pending_session_throws_exception with data set &quot;iteration_52_monthly_ttl_92m&quot;" file="E:\coupony-backend\tests\Property\PendingSessionUniquenessPropertyTest.php" line="59" class="Tests\Property\PendingSessionUniquenessPropertyTest" classname="Tests.Property.PendingSessionUniquenessPropertyTest" assertions="1" time="0.039685"/>
          <testcase name="test_initiating_payment_with_existing_pending_session_throws_exception with data set &quot;iteration_53_monthly_ttl_103m&quot;" file="E:\coupony-backend\tests\Property\PendingSessionUniquenessPropertyTest.php" line="59" class="Tests\Property\PendingSessionUniquenessPropertyTest" classname="Tests.Property.PendingSessionUniquenessPropertyTest" assertions="1" time="0.038391"/>
          <testcase name="test_initiating_payment_with_existing_pending_session_throws_exception with data set &quot;iteration_54_monthly_ttl_114m&quot;" file="E:\coupony-backend\tests\Property\PendingSessionUniquenessPropertyTest.php" line="59" class="Tests\Property\PendingSessionUniquenessPropertyTest" classname="Tests.Property.PendingSessionUniquenessPropertyTest" assertions="1" time="0.041292"/>
          <testcase name="test_initiating_payment_with_existing_pending_session_throws_exception with data set &quot;iteration_55_yearly_ttl_70m&quot;" file="E:\coupony-backend\tests\Property\PendingSessionUniquenessPropertyTest.php" line="59" class="Tests\Property\PendingSessionUniquenessPropertyTest" classname="Tests.Property.PendingSessionUniquenessPropertyTest" assertions="1" time="0.042225"/>
          <testcase name="test_initiating_payment_with_existing_pending_session_throws_exception with data set &quot;iteration_56_monthly_ttl_103m&quot;" file="E:\coupony-backend\tests\Property\PendingSessionUniquenessPropertyTest.php" line="59" class="Tests\Property\PendingSessionUniquenessPropertyTest" classname="Tests.Property.PendingSessionUniquenessPropertyTest" assertions="1" time="0.039915"/>
          <testcase name="test_initiating_payment_with_existing_pending_session_throws_exception with data set &quot;iteration_57_monthly_ttl_71m&quot;" file="E:\coupony-backend\tests\Property\PendingSessionUniquenessPropertyTest.php" line="59" class="Tests\Property\PendingSessionUniquenessPropertyTest" classname="Tests.Property.PendingSessionUniquenessPropertyTest" assertions="1" time="0.039510"/>
          <testcase name="test_initiating_payment_with_existing_pending_session_throws_exception with data set &quot;iteration_58_yearly_ttl_30m&quot;" file="E:\coupony-backend\tests\Property\PendingSessionUniquenessPropertyTest.php" line="59" class="Tests\Property\PendingSessionUniquenessPropertyTest" classname="Tests.Property.PendingSessionUniquenessPropertyTest" assertions="1" time="0.038545"/>
          <testcase name="test_initiating_payment_with_existing_pending_session_throws_exception with data set &quot;iteration_59_yearly_ttl_81m&quot;" file="E:\coupony-backend\tests\Property\PendingSessionUniquenessPropertyTest.php" line="59" class="Tests\Property\PendingSessionUniquenessPropertyTest" classname="Tests.Property.PendingSessionUniquenessPropertyTest" assertions="1" time="0.147054"/>
          <testcase name="test_initiating_payment_with_existing_pending_session_throws_exception with data set &quot;iteration_60_yearly_ttl_7m&quot;" file="E:\coupony-backend\tests\Property\PendingSessionUniquenessPropertyTest.php" line="59" class="Tests\Property\PendingSessionUniquenessPropertyTest" classname="Tests.Property.PendingSessionUniquenessPropertyTest" assertions="1" time="0.038279"/>
          <testcase name="test_initiating_payment_with_existing_pending_session_throws_exception with data set &quot;iteration_61_yearly_ttl_5m&quot;" file="E:\coupony-backend\tests\Property\PendingSessionUniquenessPropertyTest.php" line="59" class="Tests\Property\PendingSessionUniquenessPropertyTest" classname="Tests.Property.PendingSessionUniquenessPropertyTest" assertions="1" time="0.038052"/>
          <testcase name="test_initiating_payment_with_existing_pending_session_throws_exception with data set &quot;iteration_62_yearly_ttl_61m&quot;" file="E:\coupony-backend\tests\Property\PendingSessionUniquenessPropertyTest.php" line="59" class="Tests\Property\PendingSessionUniquenessPropertyTest" classname="Tests.Property.PendingSessionUniquenessPropertyTest" assertions="1" time="0.038199"/>
          <testcase name="test_initiating_payment_with_existing_pending_session_throws_exception with data set &quot;iteration_63_yearly_ttl_21m&quot;" file="E:\coupony-backend\tests\Property\PendingSessionUniquenessPropertyTest.php" line="59" class="Tests\Property\PendingSessionUniquenessPropertyTest" classname="Tests.Property.PendingSessionUniquenessPropertyTest" assertions="1" time="0.038162"/>
          <testcase name="test_initiating_payment_with_existing_pending_session_throws_exception with data set &quot;iteration_64_monthly_ttl_115m&quot;" file="E:\coupony-backend\tests\Property\PendingSessionUniquenessPropertyTest.php" line="59" class="Tests\Property\PendingSessionUniquenessPropertyTest" classname="Tests.Property.PendingSessionUniquenessPropertyTest" assertions="1" time="0.039879"/>
          <testcase name="test_initiating_payment_with_existing_pending_session_throws_exception with data set &quot;iteration_65_yearly_ttl_7m&quot;" file="E:\coupony-backend\tests\Property\PendingSessionUniquenessPropertyTest.php" line="59" class="Tests\Property\PendingSessionUniquenessPropertyTest" classname="Tests.Property.PendingSessionUniquenessPropertyTest" assertions="1" time="0.042707"/>
          <testcase name="test_initiating_payment_with_existing_pending_session_throws_exception with data set &quot;iteration_66_monthly_ttl_95m&quot;" file="E:\coupony-backend\tests\Property\PendingSessionUniquenessPropertyTest.php" line="59" class="Tests\Property\PendingSessionUniquenessPropertyTest" classname="Tests.Property.PendingSessionUniquenessPropertyTest" assertions="1" time="0.040629"/>
          <testcase name="test_initiating_payment_with_existing_pending_session_throws_exception with data set &quot;iteration_67_monthly_ttl_22m&quot;" file="E:\coupony-backend\tests\Property\PendingSessionUniquenessPropertyTest.php" line="59" class="Tests\Property\PendingSessionUniquenessPropertyTest" classname="Tests.Property.PendingSessionUniquenessPropertyTest" assertions="1" time="0.040700"/>
          <testcase name="test_initiating_payment_with_existing_pending_session_throws_exception with data set &quot;iteration_68_yearly_ttl_85m&quot;" file="E:\coupony-backend\tests\Property\PendingSessionUniquenessPropertyTest.php" line="59" class="Tests\Property\PendingSessionUniquenessPropertyTest" classname="Tests.Property.PendingSessionUniquenessPropertyTest" assertions="1" time="0.042382"/>
          <testcase name="test_initiating_payment_with_existing_pending_session_throws_exception with data set &quot;iteration_69_monthly_ttl_95m&quot;" file="E:\coupony-backend\tests\Property\PendingSessionUniquenessPropertyTest.php" line="59" class="Tests\Property\PendingSessionUniquenessPropertyTest" classname="Tests.Property.PendingSessionUniquenessPropertyTest" assertions="1" time="0.115010"/>
          <testcase name="test_initiating_payment_with_existing_pending_session_throws_exception with data set &quot;iteration_70_monthly_ttl_30m&quot;" file="E:\coupony-backend\tests\Property\PendingSessionUniquenessPropertyTest.php" line="59" class="Tests\Property\PendingSessionUniquenessPropertyTest" classname="Tests.Property.PendingSessionUniquenessPropertyTest" assertions="1" time="0.039861"/>
          <testcase name="test_initiating_payment_with_existing_pending_session_throws_exception with data set &quot;iteration_71_yearly_ttl_8m&quot;" file="E:\coupony-backend\tests\Property\PendingSessionUniquenessPropertyTest.php" line="59" class="Tests\Property\PendingSessionUniquenessPropertyTest" classname="Tests.Property.PendingSessionUniquenessPropertyTest" assertions="1" time="0.038442"/>
          <testcase name="test_initiating_payment_with_existing_pending_session_throws_exception with data set &quot;iteration_72_yearly_ttl_23m&quot;" file="E:\coupony-backend\tests\Property\PendingSessionUniquenessPropertyTest.php" line="59" class="Tests\Property\PendingSessionUniquenessPropertyTest" classname="Tests.Property.PendingSessionUniquenessPropertyTest" assertions="1" time="0.040040"/>
          <testcase name="test_initiating_payment_with_existing_pending_session_throws_exception with data set &quot;iteration_73_yearly_ttl_93m&quot;" file="E:\coupony-backend\tests\Property\PendingSessionUniquenessPropertyTest.php" line="59" class="Tests\Property\PendingSessionUniquenessPropertyTest" classname="Tests.Property.PendingSessionUniquenessPropertyTest" assertions="1" time="0.044411"/>
          <testcase name="test_initiating_payment_with_existing_pending_session_throws_exception with data set &quot;iteration_74_yearly_ttl_34m&quot;" file="E:\coupony-backend\tests\Property\PendingSessionUniquenessPropertyTest.php" line="59" class="Tests\Property\PendingSessionUniquenessPropertyTest" classname="Tests.Property.PendingSessionUniquenessPropertyTest" assertions="1" time="0.037499"/>
          <testcase name="test_initiating_payment_with_existing_pending_session_throws_exception with data set &quot;iteration_75_monthly_ttl_74m&quot;" file="E:\coupony-backend\tests\Property\PendingSessionUniquenessPropertyTest.php" line="59" class="Tests\Property\PendingSessionUniquenessPropertyTest" classname="Tests.Property.PendingSessionUniquenessPropertyTest" assertions="1" time="0.039871"/>
          <testcase name="test_initiating_payment_with_existing_pending_session_throws_exception with data set &quot;iteration_76_yearly_ttl_97m&quot;" file="E:\coupony-backend\tests\Property\PendingSessionUniquenessPropertyTest.php" line="59" class="Tests\Property\PendingSessionUniquenessPropertyTest" classname="Tests.Property.PendingSessionUniquenessPropertyTest" assertions="1" time="0.041021"/>
          <testcase name="test_initiating_payment_with_existing_pending_session_throws_exception with data set &quot;iteration_77_monthly_ttl_72m&quot;" file="E:\coupony-backend\tests\Property\PendingSessionUniquenessPropertyTest.php" line="59" class="Tests\Property\PendingSessionUniquenessPropertyTest" classname="Tests.Property.PendingSessionUniquenessPropertyTest" assertions="1" time="0.039960"/>
          <testcase name="test_initiating_payment_with_existing_pending_session_throws_exception with data set &quot;iteration_78_monthly_ttl_108m&quot;" file="E:\coupony-backend\tests\Property\PendingSessionUniquenessPropertyTest.php" line="59" class="Tests\Property\PendingSessionUniquenessPropertyTest" classname="Tests.Property.PendingSessionUniquenessPropertyTest" assertions="1" time="0.150502"/>
          <testcase name="test_initiating_payment_with_existing_pending_session_throws_exception with data set &quot;iteration_79_yearly_ttl_76m&quot;" file="E:\coupony-backend\tests\Property\PendingSessionUniquenessPropertyTest.php" line="59" class="Tests\Property\PendingSessionUniquenessPropertyTest" classname="Tests.Property.PendingSessionUniquenessPropertyTest" assertions="1" time="0.040430"/>
          <testcase name="test_initiating_payment_with_existing_pending_session_throws_exception with data set &quot;iteration_80_monthly_ttl_21m&quot;" file="E:\coupony-backend\tests\Property\PendingSessionUniquenessPropertyTest.php" line="59" class="Tests\Property\PendingSessionUniquenessPropertyTest" classname="Tests.Property.PendingSessionUniquenessPropertyTest" assertions="1" time="0.040469"/>
          <testcase name="test_initiating_payment_with_existing_pending_session_throws_exception with data set &quot;iteration_81_monthly_ttl_40m&quot;" file="E:\coupony-backend\tests\Property\PendingSessionUniquenessPropertyTest.php" line="59" class="Tests\Property\PendingSessionUniquenessPropertyTest" classname="Tests.Property.PendingSessionUniquenessPropertyTest" assertions="1" time="0.043645"/>
          <testcase name="test_initiating_payment_with_existing_pending_session_throws_exception with data set &quot;iteration_82_yearly_ttl_51m&quot;" file="E:\coupony-backend\tests\Property\PendingSessionUniquenessPropertyTest.php" line="59" class="Tests\Property\PendingSessionUniquenessPropertyTest" classname="Tests.Property.PendingSessionUniquenessPropertyTest" assertions="1" time="0.040874"/>
          <testcase name="test_initiating_payment_with_existing_pending_session_throws_exception with data set &quot;iteration_83_monthly_ttl_94m&quot;" file="E:\coupony-backend\tests\Property\PendingSessionUniquenessPropertyTest.php" line="59" class="Tests\Property\PendingSessionUniquenessPropertyTest" classname="Tests.Property.PendingSessionUniquenessPropertyTest" assertions="1" time="0.042141"/>
          <testcase name="test_initiating_payment_with_existing_pending_session_throws_exception with data set &quot;iteration_84_monthly_ttl_61m&quot;" file="E:\coupony-backend\tests\Property\PendingSessionUniquenessPropertyTest.php" line="59" class="Tests\Property\PendingSessionUniquenessPropertyTest" classname="Tests.Property.PendingSessionUniquenessPropertyTest" assertions="1" time="0.043145"/>
          <testcase name="test_initiating_payment_with_existing_pending_session_throws_exception with data set &quot;iteration_85_monthly_ttl_24m&quot;" file="E:\coupony-backend\tests\Property\PendingSessionUniquenessPropertyTest.php" line="59" class="Tests\Property\PendingSessionUniquenessPropertyTest" classname="Tests.Property.PendingSessionUniquenessPropertyTest" assertions="1" time="0.044500"/>
          <testcase name="test_initiating_payment_with_existing_pending_session_throws_exception with data set &quot;iteration_86_monthly_ttl_75m&quot;" file="E:\coupony-backend\tests\Property\PendingSessionUniquenessPropertyTest.php" line="59" class="Tests\Property\PendingSessionUniquenessPropertyTest" classname="Tests.Property.PendingSessionUniquenessPropertyTest" assertions="1" time="0.042239"/>
          <testcase name="test_initiating_payment_with_existing_pending_session_throws_exception with data set &quot;iteration_87_monthly_ttl_51m&quot;" file="E:\coupony-backend\tests\Property\PendingSessionUniquenessPropertyTest.php" line="59" class="Tests\Property\PendingSessionUniquenessPropertyTest" classname="Tests.Property.PendingSessionUniquenessPropertyTest" assertions="1" time="0.039806"/>
          <testcase name="test_initiating_payment_with_existing_pending_session_throws_exception with data set &quot;iteration_88_monthly_ttl_9m&quot;" file="E:\coupony-backend\tests\Property\PendingSessionUniquenessPropertyTest.php" line="59" class="Tests\Property\PendingSessionUniquenessPropertyTest" classname="Tests.Property.PendingSessionUniquenessPropertyTest" assertions="1" time="0.118934"/>
          <testcase name="test_initiating_payment_with_existing_pending_session_throws_exception with data set &quot;iteration_89_yearly_ttl_49m&quot;" file="E:\coupony-backend\tests\Property\PendingSessionUniquenessPropertyTest.php" line="59" class="Tests\Property\PendingSessionUniquenessPropertyTest" classname="Tests.Property.PendingSessionUniquenessPropertyTest" assertions="1" time="0.040712"/>
          <testcase name="test_initiating_payment_with_existing_pending_session_throws_exception with data set &quot;iteration_90_monthly_ttl_27m&quot;" file="E:\coupony-backend\tests\Property\PendingSessionUniquenessPropertyTest.php" line="59" class="Tests\Property\PendingSessionUniquenessPropertyTest" classname="Tests.Property.PendingSessionUniquenessPropertyTest" assertions="1" time="0.043806"/>
          <testcase name="test_initiating_payment_with_existing_pending_session_throws_exception with data set &quot;iteration_91_monthly_ttl_80m&quot;" file="E:\coupony-backend\tests\Property\PendingSessionUniquenessPropertyTest.php" line="59" class="Tests\Property\PendingSessionUniquenessPropertyTest" classname="Tests.Property.PendingSessionUniquenessPropertyTest" assertions="1" time="0.041084"/>
          <testcase name="test_initiating_payment_with_existing_pending_session_throws_exception with data set &quot;iteration_92_yearly_ttl_36m&quot;" file="E:\coupony-backend\tests\Property\PendingSessionUniquenessPropertyTest.php" line="59" class="Tests\Property\PendingSessionUniquenessPropertyTest" classname="Tests.Property.PendingSessionUniquenessPropertyTest" assertions="1" time="0.040310"/>
          <testcase name="test_initiating_payment_with_existing_pending_session_throws_exception with data set &quot;iteration_93_monthly_ttl_77m&quot;" file="E:\coupony-backend\tests\Property\PendingSessionUniquenessPropertyTest.php" line="59" class="Tests\Property\PendingSessionUniquenessPropertyTest" classname="Tests.Property.PendingSessionUniquenessPropertyTest" assertions="1" time="0.039170"/>
          <testcase name="test_initiating_payment_with_existing_pending_session_throws_exception with data set &quot;iteration_94_monthly_ttl_59m&quot;" file="E:\coupony-backend\tests\Property\PendingSessionUniquenessPropertyTest.php" line="59" class="Tests\Property\PendingSessionUniquenessPropertyTest" classname="Tests.Property.PendingSessionUniquenessPropertyTest" assertions="1" time="0.039467"/>
          <testcase name="test_initiating_payment_with_existing_pending_session_throws_exception with data set &quot;iteration_95_yearly_ttl_67m&quot;" file="E:\coupony-backend\tests\Property\PendingSessionUniquenessPropertyTest.php" line="59" class="Tests\Property\PendingSessionUniquenessPropertyTest" classname="Tests.Property.PendingSessionUniquenessPropertyTest" assertions="1" time="0.043178"/>
          <testcase name="test_initiating_payment_with_existing_pending_session_throws_exception with data set &quot;iteration_96_yearly_ttl_88m&quot;" file="E:\coupony-backend\tests\Property\PendingSessionUniquenessPropertyTest.php" line="59" class="Tests\Property\PendingSessionUniquenessPropertyTest" classname="Tests.Property.PendingSessionUniquenessPropertyTest" assertions="1" time="0.041066"/>
          <testcase name="test_initiating_payment_with_existing_pending_session_throws_exception with data set &quot;iteration_97_yearly_ttl_113m&quot;" file="E:\coupony-backend\tests\Property\PendingSessionUniquenessPropertyTest.php" line="59" class="Tests\Property\PendingSessionUniquenessPropertyTest" classname="Tests.Property.PendingSessionUniquenessPropertyTest" assertions="1" time="0.141942"/>
          <testcase name="test_initiating_payment_with_existing_pending_session_throws_exception with data set &quot;iteration_98_monthly_ttl_73m&quot;" file="E:\coupony-backend\tests\Property\PendingSessionUniquenessPropertyTest.php" line="59" class="Tests\Property\PendingSessionUniquenessPropertyTest" classname="Tests.Property.PendingSessionUniquenessPropertyTest" assertions="1" time="0.041040"/>
          <testcase name="test_initiating_payment_with_existing_pending_session_throws_exception with data set &quot;iteration_99_monthly_ttl_70m&quot;" file="E:\coupony-backend\tests\Property\PendingSessionUniquenessPropertyTest.php" line="59" class="Tests\Property\PendingSessionUniquenessPropertyTest" classname="Tests.Property.PendingSessionUniquenessPropertyTest" assertions="1" time="0.039605"/>
          <testcase name="test_initiating_payment_with_existing_pending_session_throws_exception with data set &quot;iteration_100_yearly_ttl_36m&quot;" file="E:\coupony-backend\tests\Property\PendingSessionUniquenessPropertyTest.php" line="59" class="Tests\Property\PendingSessionUniquenessPropertyTest" classname="Tests.Property.PendingSessionUniquenessPropertyTest" assertions="1" time="0.039178"/>
          <testcase name="test_initiating_payment_with_existing_pending_session_throws_exception with data set &quot;iteration_101_monthly_ttl_68m&quot;" file="E:\coupony-backend\tests\Property\PendingSessionUniquenessPropertyTest.php" line="59" class="Tests\Property\PendingSessionUniquenessPropertyTest" classname="Tests.Property.PendingSessionUniquenessPropertyTest" assertions="1" time="0.038772"/>
          <testcase name="test_initiating_payment_with_existing_pending_session_throws_exception with data set &quot;iteration_102_monthly_ttl_74m&quot;" file="E:\coupony-backend\tests\Property\PendingSessionUniquenessPropertyTest.php" line="59" class="Tests\Property\PendingSessionUniquenessPropertyTest" classname="Tests.Property.PendingSessionUniquenessPropertyTest" assertions="1" time="0.039081"/>
          <testcase name="test_initiating_payment_with_existing_pending_session_throws_exception with data set &quot;iteration_103_yearly_ttl_18m&quot;" file="E:\coupony-backend\tests\Property\PendingSessionUniquenessPropertyTest.php" line="59" class="Tests\Property\PendingSessionUniquenessPropertyTest" classname="Tests.Property.PendingSessionUniquenessPropertyTest" assertions="1" time="0.038404"/>
          <testcase name="test_initiating_payment_with_existing_pending_session_throws_exception with data set &quot;iteration_104_yearly_ttl_118m&quot;" file="E:\coupony-backend\tests\Property\PendingSessionUniquenessPropertyTest.php" line="59" class="Tests\Property\PendingSessionUniquenessPropertyTest" classname="Tests.Property.PendingSessionUniquenessPropertyTest" assertions="1" time="0.041362"/>
        </testsuite>
      </testsuite>
      <testsuite name="Tests\Property\ReviewModeLogicInvariancePropertyTest" file="E:\coupony-backend\tests\Property\ReviewModeLogicInvariancePropertyTest.php" tests="105" assertions="315" errors="0" failures="0" skipped="0" time="6.891650">
        <testsuite name="Tests\Property\ReviewModeLogicInvariancePropertyTest::test_subscription_operations_produce_identical_outcomes_regardless_of_review_mode" tests="105" assertions="315" errors="0" failures="0" skipped="0" time="6.891650">
          <testcase name="test_subscription_operations_produce_identical_outcomes_regardless_of_review_mode with data set &quot;iteration_0_endpoint_2_active&quot;" file="E:\coupony-backend\tests\Property\ReviewModeLogicInvariancePropertyTest.php" line="71" class="Tests\Property\ReviewModeLogicInvariancePropertyTest" classname="Tests.Property.ReviewModeLogicInvariancePropertyTest" assertions="3" time="0.129727"/>
          <testcase name="test_subscription_operations_produce_identical_outcomes_regardless_of_review_mode with data set &quot;iteration_1_endpoint_1_active&quot;" file="E:\coupony-backend\tests\Property\ReviewModeLogicInvariancePropertyTest.php" line="71" class="Tests\Property\ReviewModeLogicInvariancePropertyTest" classname="Tests.Property.ReviewModeLogicInvariancePropertyTest" assertions="3" time="0.050529"/>
          <testcase name="test_subscription_operations_produce_identical_outcomes_regardless_of_review_mode with data set &quot;iteration_2_endpoint_3_trial&quot;" file="E:\coupony-backend\tests\Property\ReviewModeLogicInvariancePropertyTest.php" line="71" class="Tests\Property\ReviewModeLogicInvariancePropertyTest" classname="Tests.Property.ReviewModeLogicInvariancePropertyTest" assertions="3" time="0.049006"/>
          <testcase name="test_subscription_operations_produce_identical_outcomes_regardless_of_review_mode with data set &quot;iteration_3_endpoint_2_active&quot;" file="E:\coupony-backend\tests\Property\ReviewModeLogicInvariancePropertyTest.php" line="71" class="Tests\Property\ReviewModeLogicInvariancePropertyTest" classname="Tests.Property.ReviewModeLogicInvariancePropertyTest" assertions="3" time="0.049276"/>
          <testcase name="test_subscription_operations_produce_identical_outcomes_regardless_of_review_mode with data set &quot;iteration_4_endpoint_2_active&quot;" file="E:\coupony-backend\tests\Property\ReviewModeLogicInvariancePropertyTest.php" line="71" class="Tests\Property\ReviewModeLogicInvariancePropertyTest" classname="Tests.Property.ReviewModeLogicInvariancePropertyTest" assertions="3" time="0.051950"/>
          <testcase name="test_subscription_operations_produce_identical_outcomes_regardless_of_review_mode with data set &quot;iteration_5_endpoint_0_active&quot;" file="E:\coupony-backend\tests\Property\ReviewModeLogicInvariancePropertyTest.php" line="71" class="Tests\Property\ReviewModeLogicInvariancePropertyTest" classname="Tests.Property.ReviewModeLogicInvariancePropertyTest" assertions="3" time="0.051673"/>
          <testcase name="test_subscription_operations_produce_identical_outcomes_regardless_of_review_mode with data set &quot;iteration_6_endpoint_3_grace&quot;" file="E:\coupony-backend\tests\Property\ReviewModeLogicInvariancePropertyTest.php" line="71" class="Tests\Property\ReviewModeLogicInvariancePropertyTest" classname="Tests.Property.ReviewModeLogicInvariancePropertyTest" assertions="3" time="0.048173"/>
          <testcase name="test_subscription_operations_produce_identical_outcomes_regardless_of_review_mode with data set &quot;iteration_7_endpoint_2_trial&quot;" file="E:\coupony-backend\tests\Property\ReviewModeLogicInvariancePropertyTest.php" line="71" class="Tests\Property\ReviewModeLogicInvariancePropertyTest" classname="Tests.Property.ReviewModeLogicInvariancePropertyTest" assertions="3" time="0.123519"/>
          <testcase name="test_subscription_operations_produce_identical_outcomes_regardless_of_review_mode with data set &quot;iteration_8_endpoint_4_grace&quot;" file="E:\coupony-backend\tests\Property\ReviewModeLogicInvariancePropertyTest.php" line="71" class="Tests\Property\ReviewModeLogicInvariancePropertyTest" classname="Tests.Property.ReviewModeLogicInvariancePropertyTest" assertions="3" time="0.055431"/>
          <testcase name="test_subscription_operations_produce_identical_outcomes_regardless_of_review_mode with data set &quot;iteration_9_endpoint_3_grace&quot;" file="E:\coupony-backend\tests\Property\ReviewModeLogicInvariancePropertyTest.php" line="71" class="Tests\Property\ReviewModeLogicInvariancePropertyTest" classname="Tests.Property.ReviewModeLogicInvariancePropertyTest" assertions="3" time="0.057750"/>
          <testcase name="test_subscription_operations_produce_identical_outcomes_regardless_of_review_mode with data set &quot;iteration_10_endpoint_4_active&quot;" file="E:\coupony-backend\tests\Property\ReviewModeLogicInvariancePropertyTest.php" line="71" class="Tests\Property\ReviewModeLogicInvariancePropertyTest" classname="Tests.Property.ReviewModeLogicInvariancePropertyTest" assertions="3" time="0.053235"/>
          <testcase name="test_subscription_operations_produce_identical_outcomes_regardless_of_review_mode with data set &quot;iteration_11_endpoint_3_trial&quot;" file="E:\coupony-backend\tests\Property\ReviewModeLogicInvariancePropertyTest.php" line="71" class="Tests\Property\ReviewModeLogicInvariancePropertyTest" classname="Tests.Property.ReviewModeLogicInvariancePropertyTest" assertions="3" time="0.051154"/>
          <testcase name="test_subscription_operations_produce_identical_outcomes_regardless_of_review_mode with data set &quot;iteration_12_endpoint_2_trial&quot;" file="E:\coupony-backend\tests\Property\ReviewModeLogicInvariancePropertyTest.php" line="71" class="Tests\Property\ReviewModeLogicInvariancePropertyTest" classname="Tests.Property.ReviewModeLogicInvariancePropertyTest" assertions="3" time="0.049614"/>
          <testcase name="test_subscription_operations_produce_identical_outcomes_regardless_of_review_mode with data set &quot;iteration_13_endpoint_3_active&quot;" file="E:\coupony-backend\tests\Property\ReviewModeLogicInvariancePropertyTest.php" line="71" class="Tests\Property\ReviewModeLogicInvariancePropertyTest" classname="Tests.Property.ReviewModeLogicInvariancePropertyTest" assertions="3" time="0.126868"/>
          <testcase name="test_subscription_operations_produce_identical_outcomes_regardless_of_review_mode with data set &quot;iteration_14_endpoint_1_degraded&quot;" file="E:\coupony-backend\tests\Property\ReviewModeLogicInvariancePropertyTest.php" line="71" class="Tests\Property\ReviewModeLogicInvariancePropertyTest" classname="Tests.Property.ReviewModeLogicInvariancePropertyTest" assertions="3" time="0.049546"/>
          <testcase name="test_subscription_operations_produce_identical_outcomes_regardless_of_review_mode with data set &quot;iteration_15_endpoint_1_degraded&quot;" file="E:\coupony-backend\tests\Property\ReviewModeLogicInvariancePropertyTest.php" line="71" class="Tests\Property\ReviewModeLogicInvariancePropertyTest" classname="Tests.Property.ReviewModeLogicInvariancePropertyTest" assertions="3" time="0.049059"/>
          <testcase name="test_subscription_operations_produce_identical_outcomes_regardless_of_review_mode with data set &quot;iteration_16_endpoint_2_grace&quot;" file="E:\coupony-backend\tests\Property\ReviewModeLogicInvariancePropertyTest.php" line="71" class="Tests\Property\ReviewModeLogicInvariancePropertyTest" classname="Tests.Property.ReviewModeLogicInvariancePropertyTest" assertions="3" time="0.050495"/>
          <testcase name="test_subscription_operations_produce_identical_outcomes_regardless_of_review_mode with data set &quot;iteration_17_endpoint_4_active&quot;" file="E:\coupony-backend\tests\Property\ReviewModeLogicInvariancePropertyTest.php" line="71" class="Tests\Property\ReviewModeLogicInvariancePropertyTest" classname="Tests.Property.ReviewModeLogicInvariancePropertyTest" assertions="3" time="0.057528"/>
          <testcase name="test_subscription_operations_produce_identical_outcomes_regardless_of_review_mode with data set &quot;iteration_18_endpoint_4_grace&quot;" file="E:\coupony-backend\tests\Property\ReviewModeLogicInvariancePropertyTest.php" line="71" class="Tests\Property\ReviewModeLogicInvariancePropertyTest" classname="Tests.Property.ReviewModeLogicInvariancePropertyTest" assertions="3" time="0.053992"/>
          <testcase name="test_subscription_operations_produce_identical_outcomes_regardless_of_review_mode with data set &quot;iteration_19_endpoint_3_active&quot;" file="E:\coupony-backend\tests\Property\ReviewModeLogicInvariancePropertyTest.php" line="71" class="Tests\Property\ReviewModeLogicInvariancePropertyTest" classname="Tests.Property.ReviewModeLogicInvariancePropertyTest" assertions="3" time="0.049841"/>
          <testcase name="test_subscription_operations_produce_identical_outcomes_regardless_of_review_mode with data set &quot;iteration_20_endpoint_2_degraded&quot;" file="E:\coupony-backend\tests\Property\ReviewModeLogicInvariancePropertyTest.php" line="71" class="Tests\Property\ReviewModeLogicInvariancePropertyTest" classname="Tests.Property.ReviewModeLogicInvariancePropertyTest" assertions="3" time="0.127729"/>
          <testcase name="test_subscription_operations_produce_identical_outcomes_regardless_of_review_mode with data set &quot;iteration_21_endpoint_2_degraded&quot;" file="E:\coupony-backend\tests\Property\ReviewModeLogicInvariancePropertyTest.php" line="71" class="Tests\Property\ReviewModeLogicInvariancePropertyTest" classname="Tests.Property.ReviewModeLogicInvariancePropertyTest" assertions="3" time="0.049744"/>
          <testcase name="test_subscription_operations_produce_identical_outcomes_regardless_of_review_mode with data set &quot;iteration_22_endpoint_0_degraded&quot;" file="E:\coupony-backend\tests\Property\ReviewModeLogicInvariancePropertyTest.php" line="71" class="Tests\Property\ReviewModeLogicInvariancePropertyTest" classname="Tests.Property.ReviewModeLogicInvariancePropertyTest" assertions="3" time="0.052971"/>
          <testcase name="test_subscription_operations_produce_identical_outcomes_regardless_of_review_mode with data set &quot;iteration_23_endpoint_1_trial&quot;" file="E:\coupony-backend\tests\Property\ReviewModeLogicInvariancePropertyTest.php" line="71" class="Tests\Property\ReviewModeLogicInvariancePropertyTest" classname="Tests.Property.ReviewModeLogicInvariancePropertyTest" assertions="3" time="0.049303"/>
          <testcase name="test_subscription_operations_produce_identical_outcomes_regardless_of_review_mode with data set &quot;iteration_24_endpoint_2_degraded&quot;" file="E:\coupony-backend\tests\Property\ReviewModeLogicInvariancePropertyTest.php" line="71" class="Tests\Property\ReviewModeLogicInvariancePropertyTest" classname="Tests.Property.ReviewModeLogicInvariancePropertyTest" assertions="3" time="0.049138"/>
          <testcase name="test_subscription_operations_produce_identical_outcomes_regardless_of_review_mode with data set &quot;iteration_25_endpoint_1_trial&quot;" file="E:\coupony-backend\tests\Property\ReviewModeLogicInvariancePropertyTest.php" line="71" class="Tests\Property\ReviewModeLogicInvariancePropertyTest" classname="Tests.Property.ReviewModeLogicInvariancePropertyTest" assertions="3" time="0.048691"/>
          <testcase name="test_subscription_operations_produce_identical_outcomes_regardless_of_review_mode with data set &quot;iteration_26_endpoint_3_active&quot;" file="E:\coupony-backend\tests\Property\ReviewModeLogicInvariancePropertyTest.php" line="71" class="Tests\Property\ReviewModeLogicInvariancePropertyTest" classname="Tests.Property.ReviewModeLogicInvariancePropertyTest" assertions="3" time="0.051352"/>
          <testcase name="test_subscription_operations_produce_identical_outcomes_regardless_of_review_mode with data set &quot;iteration_27_endpoint_1_active&quot;" file="E:\coupony-backend\tests\Property\ReviewModeLogicInvariancePropertyTest.php" line="71" class="Tests\Property\ReviewModeLogicInvariancePropertyTest" classname="Tests.Property.ReviewModeLogicInvariancePropertyTest" assertions="3" time="0.168659"/>
          <testcase name="test_subscription_operations_produce_identical_outcomes_regardless_of_review_mode with data set &quot;iteration_28_endpoint_4_active&quot;" file="E:\coupony-backend\tests\Property\ReviewModeLogicInvariancePropertyTest.php" line="71" class="Tests\Property\ReviewModeLogicInvariancePropertyTest" classname="Tests.Property.ReviewModeLogicInvariancePropertyTest" assertions="3" time="0.062420"/>
          <testcase name="test_subscription_operations_produce_identical_outcomes_regardless_of_review_mode with data set &quot;iteration_29_endpoint_3_active&quot;" file="E:\coupony-backend\tests\Property\ReviewModeLogicInvariancePropertyTest.php" line="71" class="Tests\Property\ReviewModeLogicInvariancePropertyTest" classname="Tests.Property.ReviewModeLogicInvariancePropertyTest" assertions="3" time="0.057086"/>
          <testcase name="test_subscription_operations_produce_identical_outcomes_regardless_of_review_mode with data set &quot;iteration_30_endpoint_4_trial&quot;" file="E:\coupony-backend\tests\Property\ReviewModeLogicInvariancePropertyTest.php" line="71" class="Tests\Property\ReviewModeLogicInvariancePropertyTest" classname="Tests.Property.ReviewModeLogicInvariancePropertyTest" assertions="3" time="0.065807"/>
          <testcase name="test_subscription_operations_produce_identical_outcomes_regardless_of_review_mode with data set &quot;iteration_31_endpoint_2_trial&quot;" file="E:\coupony-backend\tests\Property\ReviewModeLogicInvariancePropertyTest.php" line="71" class="Tests\Property\ReviewModeLogicInvariancePropertyTest" classname="Tests.Property.ReviewModeLogicInvariancePropertyTest" assertions="3" time="0.062936"/>
          <testcase name="test_subscription_operations_produce_identical_outcomes_regardless_of_review_mode with data set &quot;iteration_32_endpoint_3_active&quot;" file="E:\coupony-backend\tests\Property\ReviewModeLogicInvariancePropertyTest.php" line="71" class="Tests\Property\ReviewModeLogicInvariancePropertyTest" classname="Tests.Property.ReviewModeLogicInvariancePropertyTest" assertions="3" time="0.061029"/>
          <testcase name="test_subscription_operations_produce_identical_outcomes_regardless_of_review_mode with data set &quot;iteration_33_endpoint_0_degraded&quot;" file="E:\coupony-backend\tests\Property\ReviewModeLogicInvariancePropertyTest.php" line="71" class="Tests\Property\ReviewModeLogicInvariancePropertyTest" classname="Tests.Property.ReviewModeLogicInvariancePropertyTest" assertions="3" time="0.157861"/>
          <testcase name="test_subscription_operations_produce_identical_outcomes_regardless_of_review_mode with data set &quot;iteration_34_endpoint_0_degraded&quot;" file="E:\coupony-backend\tests\Property\ReviewModeLogicInvariancePropertyTest.php" line="71" class="Tests\Property\ReviewModeLogicInvariancePropertyTest" classname="Tests.Property.ReviewModeLogicInvariancePropertyTest" assertions="3" time="0.066727"/>
          <testcase name="test_subscription_operations_produce_identical_outcomes_regardless_of_review_mode with data set &quot;iteration_35_endpoint_4_grace&quot;" file="E:\coupony-backend\tests\Property\ReviewModeLogicInvariancePropertyTest.php" line="71" class="Tests\Property\ReviewModeLogicInvariancePropertyTest" classname="Tests.Property.ReviewModeLogicInvariancePropertyTest" assertions="3" time="0.057643"/>
          <testcase name="test_subscription_operations_produce_identical_outcomes_regardless_of_review_mode with data set &quot;iteration_36_endpoint_1_degraded&quot;" file="E:\coupony-backend\tests\Property\ReviewModeLogicInvariancePropertyTest.php" line="71" class="Tests\Property\ReviewModeLogicInvariancePropertyTest" classname="Tests.Property.ReviewModeLogicInvariancePropertyTest" assertions="3" time="0.057421"/>
          <testcase name="test_subscription_operations_produce_identical_outcomes_regardless_of_review_mode with data set &quot;iteration_37_endpoint_1_grace&quot;" file="E:\coupony-backend\tests\Property\ReviewModeLogicInvariancePropertyTest.php" line="71" class="Tests\Property\ReviewModeLogicInvariancePropertyTest" classname="Tests.Property.ReviewModeLogicInvariancePropertyTest" assertions="3" time="0.058086"/>
          <testcase name="test_subscription_operations_produce_identical_outcomes_regardless_of_review_mode with data set &quot;iteration_38_endpoint_3_trial&quot;" file="E:\coupony-backend\tests\Property\ReviewModeLogicInvariancePropertyTest.php" line="71" class="Tests\Property\ReviewModeLogicInvariancePropertyTest" classname="Tests.Property.ReviewModeLogicInvariancePropertyTest" assertions="3" time="0.056481"/>
          <testcase name="test_subscription_operations_produce_identical_outcomes_regardless_of_review_mode with data set &quot;iteration_39_endpoint_2_degraded&quot;" file="E:\coupony-backend\tests\Property\ReviewModeLogicInvariancePropertyTest.php" line="71" class="Tests\Property\ReviewModeLogicInvariancePropertyTest" classname="Tests.Property.ReviewModeLogicInvariancePropertyTest" assertions="3" time="0.059250"/>
          <testcase name="test_subscription_operations_produce_identical_outcomes_regardless_of_review_mode with data set &quot;iteration_40_endpoint_1_trial&quot;" file="E:\coupony-backend\tests\Property\ReviewModeLogicInvariancePropertyTest.php" line="71" class="Tests\Property\ReviewModeLogicInvariancePropertyTest" classname="Tests.Property.ReviewModeLogicInvariancePropertyTest" assertions="3" time="0.190236"/>
          <testcase name="test_subscription_operations_produce_identical_outcomes_regardless_of_review_mode with data set &quot;iteration_41_endpoint_2_active&quot;" file="E:\coupony-backend\tests\Property\ReviewModeLogicInvariancePropertyTest.php" line="71" class="Tests\Property\ReviewModeLogicInvariancePropertyTest" classname="Tests.Property.ReviewModeLogicInvariancePropertyTest" assertions="3" time="0.062135"/>
          <testcase name="test_subscription_operations_produce_identical_outcomes_regardless_of_review_mode with data set &quot;iteration_42_endpoint_4_active&quot;" file="E:\coupony-backend\tests\Property\ReviewModeLogicInvariancePropertyTest.php" line="71" class="Tests\Property\ReviewModeLogicInvariancePropertyTest" classname="Tests.Property.ReviewModeLogicInvariancePropertyTest" assertions="3" time="0.050560"/>
          <testcase name="test_subscription_operations_produce_identical_outcomes_regardless_of_review_mode with data set &quot;iteration_43_endpoint_1_active&quot;" file="E:\coupony-backend\tests\Property\ReviewModeLogicInvariancePropertyTest.php" line="71" class="Tests\Property\ReviewModeLogicInvariancePropertyTest" classname="Tests.Property.ReviewModeLogicInvariancePropertyTest" assertions="3" time="0.049347"/>
          <testcase name="test_subscription_operations_produce_identical_outcomes_regardless_of_review_mode with data set &quot;iteration_44_endpoint_3_active&quot;" file="E:\coupony-backend\tests\Property\ReviewModeLogicInvariancePropertyTest.php" line="71" class="Tests\Property\ReviewModeLogicInvariancePropertyTest" classname="Tests.Property.ReviewModeLogicInvariancePropertyTest" assertions="3" time="0.049366"/>
          <testcase name="test_subscription_operations_produce_identical_outcomes_regardless_of_review_mode with data set &quot;iteration_45_endpoint_0_degraded&quot;" file="E:\coupony-backend\tests\Property\ReviewModeLogicInvariancePropertyTest.php" line="71" class="Tests\Property\ReviewModeLogicInvariancePropertyTest" classname="Tests.Property.ReviewModeLogicInvariancePropertyTest" assertions="3" time="0.053471"/>
          <testcase name="test_subscription_operations_produce_identical_outcomes_regardless_of_review_mode with data set &quot;iteration_46_endpoint_1_degraded&quot;" file="E:\coupony-backend\tests\Property\ReviewModeLogicInvariancePropertyTest.php" line="71" class="Tests\Property\ReviewModeLogicInvariancePropertyTest" classname="Tests.Property.ReviewModeLogicInvariancePropertyTest" assertions="3" time="0.048868"/>
          <testcase name="test_subscription_operations_produce_identical_outcomes_regardless_of_review_mode with data set &quot;iteration_47_endpoint_0_trial&quot;" file="E:\coupony-backend\tests\Property\ReviewModeLogicInvariancePropertyTest.php" line="71" class="Tests\Property\ReviewModeLogicInvariancePropertyTest" classname="Tests.Property.ReviewModeLogicInvariancePropertyTest" assertions="3" time="0.160346"/>
          <testcase name="test_subscription_operations_produce_identical_outcomes_regardless_of_review_mode with data set &quot;iteration_48_endpoint_3_active&quot;" file="E:\coupony-backend\tests\Property\ReviewModeLogicInvariancePropertyTest.php" line="71" class="Tests\Property\ReviewModeLogicInvariancePropertyTest" classname="Tests.Property.ReviewModeLogicInvariancePropertyTest" assertions="3" time="0.050188"/>
          <testcase name="test_subscription_operations_produce_identical_outcomes_regardless_of_review_mode with data set &quot;iteration_49_endpoint_3_active&quot;" file="E:\coupony-backend\tests\Property\ReviewModeLogicInvariancePropertyTest.php" line="71" class="Tests\Property\ReviewModeLogicInvariancePropertyTest" classname="Tests.Property.ReviewModeLogicInvariancePropertyTest" assertions="3" time="0.048509"/>
          <testcase name="test_subscription_operations_produce_identical_outcomes_regardless_of_review_mode with data set &quot;iteration_50_endpoint_2_degraded&quot;" file="E:\coupony-backend\tests\Property\ReviewModeLogicInvariancePropertyTest.php" line="71" class="Tests\Property\ReviewModeLogicInvariancePropertyTest" classname="Tests.Property.ReviewModeLogicInvariancePropertyTest" assertions="3" time="0.049405"/>
          <testcase name="test_subscription_operations_produce_identical_outcomes_regardless_of_review_mode with data set &quot;iteration_51_endpoint_1_grace&quot;" file="E:\coupony-backend\tests\Property\ReviewModeLogicInvariancePropertyTest.php" line="71" class="Tests\Property\ReviewModeLogicInvariancePropertyTest" classname="Tests.Property.ReviewModeLogicInvariancePropertyTest" assertions="3" time="0.047970"/>
          <testcase name="test_subscription_operations_produce_identical_outcomes_regardless_of_review_mode with data set &quot;iteration_52_endpoint_1_degraded&quot;" file="E:\coupony-backend\tests\Property\ReviewModeLogicInvariancePropertyTest.php" line="71" class="Tests\Property\ReviewModeLogicInvariancePropertyTest" classname="Tests.Property.ReviewModeLogicInvariancePropertyTest" assertions="3" time="0.048153"/>
          <testcase name="test_subscription_operations_produce_identical_outcomes_regardless_of_review_mode with data set &quot;iteration_53_endpoint_3_degraded&quot;" file="E:\coupony-backend\tests\Property\ReviewModeLogicInvariancePropertyTest.php" line="71" class="Tests\Property\ReviewModeLogicInvariancePropertyTest" classname="Tests.Property.ReviewModeLogicInvariancePropertyTest" assertions="3" time="0.126941"/>
          <testcase name="test_subscription_operations_produce_identical_outcomes_regardless_of_review_mode with data set &quot;iteration_54_endpoint_4_trial&quot;" file="E:\coupony-backend\tests\Property\ReviewModeLogicInvariancePropertyTest.php" line="71" class="Tests\Property\ReviewModeLogicInvariancePropertyTest" classname="Tests.Property.ReviewModeLogicInvariancePropertyTest" assertions="3" time="0.050095"/>
          <testcase name="test_subscription_operations_produce_identical_outcomes_regardless_of_review_mode with data set &quot;iteration_55_endpoint_0_trial&quot;" file="E:\coupony-backend\tests\Property\ReviewModeLogicInvariancePropertyTest.php" line="71" class="Tests\Property\ReviewModeLogicInvariancePropertyTest" classname="Tests.Property.ReviewModeLogicInvariancePropertyTest" assertions="3" time="0.051766"/>
          <testcase name="test_subscription_operations_produce_identical_outcomes_regardless_of_review_mode with data set &quot;iteration_56_endpoint_2_trial&quot;" file="E:\coupony-backend\tests\Property\ReviewModeLogicInvariancePropertyTest.php" line="71" class="Tests\Property\ReviewModeLogicInvariancePropertyTest" classname="Tests.Property.ReviewModeLogicInvariancePropertyTest" assertions="3" time="0.048476"/>
          <testcase name="test_subscription_operations_produce_identical_outcomes_regardless_of_review_mode with data set &quot;iteration_57_endpoint_3_active&quot;" file="E:\coupony-backend\tests\Property\ReviewModeLogicInvariancePropertyTest.php" line="71" class="Tests\Property\ReviewModeLogicInvariancePropertyTest" classname="Tests.Property.ReviewModeLogicInvariancePropertyTest" assertions="3" time="0.051518"/>
          <testcase name="test_subscription_operations_produce_identical_outcomes_regardless_of_review_mode with data set &quot;iteration_58_endpoint_4_grace&quot;" file="E:\coupony-backend\tests\Property\ReviewModeLogicInvariancePropertyTest.php" line="71" class="Tests\Property\ReviewModeLogicInvariancePropertyTest" classname="Tests.Property.ReviewModeLogicInvariancePropertyTest" assertions="3" time="0.050223"/>
          <testcase name="test_subscription_operations_produce_identical_outcomes_regardless_of_review_mode with data set &quot;iteration_59_endpoint_3_degraded&quot;" file="E:\coupony-backend\tests\Property\ReviewModeLogicInvariancePropertyTest.php" line="71" class="Tests\Property\ReviewModeLogicInvariancePropertyTest" classname="Tests.Property.ReviewModeLogicInvariancePropertyTest" assertions="3" time="0.048294"/>
          <testcase name="test_subscription_operations_produce_identical_outcomes_regardless_of_review_mode with data set &quot;iteration_60_endpoint_4_active&quot;" file="E:\coupony-backend\tests\Property\ReviewModeLogicInvariancePropertyTest.php" line="71" class="Tests\Property\ReviewModeLogicInvariancePropertyTest" classname="Tests.Property.ReviewModeLogicInvariancePropertyTest" assertions="3" time="0.130853"/>
          <testcase name="test_subscription_operations_produce_identical_outcomes_regardless_of_review_mode with data set &quot;iteration_61_endpoint_1_trial&quot;" file="E:\coupony-backend\tests\Property\ReviewModeLogicInvariancePropertyTest.php" line="71" class="Tests\Property\ReviewModeLogicInvariancePropertyTest" classname="Tests.Property.ReviewModeLogicInvariancePropertyTest" assertions="3" time="0.051435"/>
          <testcase name="test_subscription_operations_produce_identical_outcomes_regardless_of_review_mode with data set &quot;iteration_62_endpoint_0_degraded&quot;" file="E:\coupony-backend\tests\Property\ReviewModeLogicInvariancePropertyTest.php" line="71" class="Tests\Property\ReviewModeLogicInvariancePropertyTest" classname="Tests.Property.ReviewModeLogicInvariancePropertyTest" assertions="3" time="0.054011"/>
          <testcase name="test_subscription_operations_produce_identical_outcomes_regardless_of_review_mode with data set &quot;iteration_63_endpoint_3_trial&quot;" file="E:\coupony-backend\tests\Property\ReviewModeLogicInvariancePropertyTest.php" line="71" class="Tests\Property\ReviewModeLogicInvariancePropertyTest" classname="Tests.Property.ReviewModeLogicInvariancePropertyTest" assertions="3" time="0.049753"/>
          <testcase name="test_subscription_operations_produce_identical_outcomes_regardless_of_review_mode with data set &quot;iteration_64_endpoint_0_trial&quot;" file="E:\coupony-backend\tests\Property\ReviewModeLogicInvariancePropertyTest.php" line="71" class="Tests\Property\ReviewModeLogicInvariancePropertyTest" classname="Tests.Property.ReviewModeLogicInvariancePropertyTest" assertions="3" time="0.050049"/>
          <testcase name="test_subscription_operations_produce_identical_outcomes_regardless_of_review_mode with data set &quot;iteration_65_endpoint_2_active&quot;" file="E:\coupony-backend\tests\Property\ReviewModeLogicInvariancePropertyTest.php" line="71" class="Tests\Property\ReviewModeLogicInvariancePropertyTest" classname="Tests.Property.ReviewModeLogicInvariancePropertyTest" assertions="3" time="0.050095"/>
          <testcase name="test_subscription_operations_produce_identical_outcomes_regardless_of_review_mode with data set &quot;iteration_66_endpoint_1_active&quot;" file="E:\coupony-backend\tests\Property\ReviewModeLogicInvariancePropertyTest.php" line="71" class="Tests\Property\ReviewModeLogicInvariancePropertyTest" classname="Tests.Property.ReviewModeLogicInvariancePropertyTest" assertions="3" time="0.046575"/>
          <testcase name="test_subscription_operations_produce_identical_outcomes_regardless_of_review_mode with data set &quot;iteration_67_endpoint_0_degraded&quot;" file="E:\coupony-backend\tests\Property\ReviewModeLogicInvariancePropertyTest.php" line="71" class="Tests\Property\ReviewModeLogicInvariancePropertyTest" classname="Tests.Property.ReviewModeLogicInvariancePropertyTest" assertions="3" time="0.131031"/>
          <testcase name="test_subscription_operations_produce_identical_outcomes_regardless_of_review_mode with data set &quot;iteration_68_endpoint_0_active&quot;" file="E:\coupony-backend\tests\Property\ReviewModeLogicInvariancePropertyTest.php" line="71" class="Tests\Property\ReviewModeLogicInvariancePropertyTest" classname="Tests.Property.ReviewModeLogicInvariancePropertyTest" assertions="3" time="0.052989"/>
          <testcase name="test_subscription_operations_produce_identical_outcomes_regardless_of_review_mode with data set &quot;iteration_69_endpoint_2_active&quot;" file="E:\coupony-backend\tests\Property\ReviewModeLogicInvariancePropertyTest.php" line="71" class="Tests\Property\ReviewModeLogicInvariancePropertyTest" classname="Tests.Property.ReviewModeLogicInvariancePropertyTest" assertions="3" time="0.050155"/>
          <testcase name="test_subscription_operations_produce_identical_outcomes_regardless_of_review_mode with data set &quot;iteration_70_endpoint_2_grace&quot;" file="E:\coupony-backend\tests\Property\ReviewModeLogicInvariancePropertyTest.php" line="71" class="Tests\Property\ReviewModeLogicInvariancePropertyTest" classname="Tests.Property.ReviewModeLogicInvariancePropertyTest" assertions="3" time="0.051196"/>
          <testcase name="test_subscription_operations_produce_identical_outcomes_regardless_of_review_mode with data set &quot;iteration_71_endpoint_4_degraded&quot;" file="E:\coupony-backend\tests\Property\ReviewModeLogicInvariancePropertyTest.php" line="71" class="Tests\Property\ReviewModeLogicInvariancePropertyTest" classname="Tests.Property.ReviewModeLogicInvariancePropertyTest" assertions="3" time="0.053545"/>
          <testcase name="test_subscription_operations_produce_identical_outcomes_regardless_of_review_mode with data set &quot;iteration_72_endpoint_2_trial&quot;" file="E:\coupony-backend\tests\Property\ReviewModeLogicInvariancePropertyTest.php" line="71" class="Tests\Property\ReviewModeLogicInvariancePropertyTest" classname="Tests.Property.ReviewModeLogicInvariancePropertyTest" assertions="3" time="0.051245"/>
          <testcase name="test_subscription_operations_produce_identical_outcomes_regardless_of_review_mode with data set &quot;iteration_73_endpoint_0_active&quot;" file="E:\coupony-backend\tests\Property\ReviewModeLogicInvariancePropertyTest.php" line="71" class="Tests\Property\ReviewModeLogicInvariancePropertyTest" classname="Tests.Property.ReviewModeLogicInvariancePropertyTest" assertions="3" time="0.130783"/>
          <testcase name="test_subscription_operations_produce_identical_outcomes_regardless_of_review_mode with data set &quot;iteration_74_endpoint_1_trial&quot;" file="E:\coupony-backend\tests\Property\ReviewModeLogicInvariancePropertyTest.php" line="71" class="Tests\Property\ReviewModeLogicInvariancePropertyTest" classname="Tests.Property.ReviewModeLogicInvariancePropertyTest" assertions="3" time="0.048139"/>
          <testcase name="test_subscription_operations_produce_identical_outcomes_regardless_of_review_mode with data set &quot;iteration_75_endpoint_1_active&quot;" file="E:\coupony-backend\tests\Property\ReviewModeLogicInvariancePropertyTest.php" line="71" class="Tests\Property\ReviewModeLogicInvariancePropertyTest" classname="Tests.Property.ReviewModeLogicInvariancePropertyTest" assertions="3" time="0.047422"/>
          <testcase name="test_subscription_operations_produce_identical_outcomes_regardless_of_review_mode with data set &quot;iteration_76_endpoint_2_active&quot;" file="E:\coupony-backend\tests\Property\ReviewModeLogicInvariancePropertyTest.php" line="71" class="Tests\Property\ReviewModeLogicInvariancePropertyTest" classname="Tests.Property.ReviewModeLogicInvariancePropertyTest" assertions="3" time="0.054098"/>
          <testcase name="test_subscription_operations_produce_identical_outcomes_regardless_of_review_mode with data set &quot;iteration_77_endpoint_2_degraded&quot;" file="E:\coupony-backend\tests\Property\ReviewModeLogicInvariancePropertyTest.php" line="71" class="Tests\Property\ReviewModeLogicInvariancePropertyTest" classname="Tests.Property.ReviewModeLogicInvariancePropertyTest" assertions="3" time="0.051485"/>
          <testcase name="test_subscription_operations_produce_identical_outcomes_regardless_of_review_mode with data set &quot;iteration_78_endpoint_0_active&quot;" file="E:\coupony-backend\tests\Property\ReviewModeLogicInvariancePropertyTest.php" line="71" class="Tests\Property\ReviewModeLogicInvariancePropertyTest" classname="Tests.Property.ReviewModeLogicInvariancePropertyTest" assertions="3" time="0.050015"/>
          <testcase name="test_subscription_operations_produce_identical_outcomes_regardless_of_review_mode with data set &quot;iteration_79_endpoint_0_trial&quot;" file="E:\coupony-backend\tests\Property\ReviewModeLogicInvariancePropertyTest.php" line="71" class="Tests\Property\ReviewModeLogicInvariancePropertyTest" classname="Tests.Property.ReviewModeLogicInvariancePropertyTest" assertions="3" time="0.053175"/>
          <testcase name="test_subscription_operations_produce_identical_outcomes_regardless_of_review_mode with data set &quot;iteration_80_endpoint_3_degraded&quot;" file="E:\coupony-backend\tests\Property\ReviewModeLogicInvariancePropertyTest.php" line="71" class="Tests\Property\ReviewModeLogicInvariancePropertyTest" classname="Tests.Property.ReviewModeLogicInvariancePropertyTest" assertions="3" time="0.156785"/>
          <testcase name="test_subscription_operations_produce_identical_outcomes_regardless_of_review_mode with data set &quot;iteration_81_endpoint_1_active&quot;" file="E:\coupony-backend\tests\Property\ReviewModeLogicInvariancePropertyTest.php" line="71" class="Tests\Property\ReviewModeLogicInvariancePropertyTest" classname="Tests.Property.ReviewModeLogicInvariancePropertyTest" assertions="3" time="0.050055"/>
          <testcase name="test_subscription_operations_produce_identical_outcomes_regardless_of_review_mode with data set &quot;iteration_82_endpoint_4_grace&quot;" file="E:\coupony-backend\tests\Property\ReviewModeLogicInvariancePropertyTest.php" line="71" class="Tests\Property\ReviewModeLogicInvariancePropertyTest" classname="Tests.Property.ReviewModeLogicInvariancePropertyTest" assertions="3" time="0.051093"/>
          <testcase name="test_subscription_operations_produce_identical_outcomes_regardless_of_review_mode with data set &quot;iteration_83_endpoint_3_active&quot;" file="E:\coupony-backend\tests\Property\ReviewModeLogicInvariancePropertyTest.php" line="71" class="Tests\Property\ReviewModeLogicInvariancePropertyTest" classname="Tests.Property.ReviewModeLogicInvariancePropertyTest" assertions="3" time="0.049286"/>
          <testcase name="test_subscription_operations_produce_identical_outcomes_regardless_of_review_mode with data set &quot;iteration_84_endpoint_0_active&quot;" file="E:\coupony-backend\tests\Property\ReviewModeLogicInvariancePropertyTest.php" line="71" class="Tests\Property\ReviewModeLogicInvariancePropertyTest" classname="Tests.Property.ReviewModeLogicInvariancePropertyTest" assertions="3" time="0.052519"/>
          <testcase name="test_subscription_operations_produce_identical_outcomes_regardless_of_review_mode with data set &quot;iteration_85_endpoint_0_active&quot;" file="E:\coupony-backend\tests\Property\ReviewModeLogicInvariancePropertyTest.php" line="71" class="Tests\Property\ReviewModeLogicInvariancePropertyTest" classname="Tests.Property.ReviewModeLogicInvariancePropertyTest" assertions="3" time="0.049952"/>
          <testcase name="test_subscription_operations_produce_identical_outcomes_regardless_of_review_mode with data set &quot;iteration_86_endpoint_2_degraded&quot;" file="E:\coupony-backend\tests\Property\ReviewModeLogicInvariancePropertyTest.php" line="71" class="Tests\Property\ReviewModeLogicInvariancePropertyTest" classname="Tests.Property.ReviewModeLogicInvariancePropertyTest" assertions="3" time="0.047622"/>
          <testcase name="test_subscription_operations_produce_identical_outcomes_regardless_of_review_mode with data set &quot;iteration_87_endpoint_3_active&quot;" file="E:\coupony-backend\tests\Property\ReviewModeLogicInvariancePropertyTest.php" line="71" class="Tests\Property\ReviewModeLogicInvariancePropertyTest" classname="Tests.Property.ReviewModeLogicInvariancePropertyTest" assertions="3" time="0.157294"/>
          <testcase name="test_subscription_operations_produce_identical_outcomes_regardless_of_review_mode with data set &quot;iteration_88_endpoint_1_active&quot;" file="E:\coupony-backend\tests\Property\ReviewModeLogicInvariancePropertyTest.php" line="71" class="Tests\Property\ReviewModeLogicInvariancePropertyTest" classname="Tests.Property.ReviewModeLogicInvariancePropertyTest" assertions="3" time="0.049308"/>
          <testcase name="test_subscription_operations_produce_identical_outcomes_regardless_of_review_mode with data set &quot;iteration_89_endpoint_1_degraded&quot;" file="E:\coupony-backend\tests\Property\ReviewModeLogicInvariancePropertyTest.php" line="71" class="Tests\Property\ReviewModeLogicInvariancePropertyTest" classname="Tests.Property.ReviewModeLogicInvariancePropertyTest" assertions="3" time="0.052098"/>
          <testcase name="test_subscription_operations_produce_identical_outcomes_regardless_of_review_mode with data set &quot;iteration_90_endpoint_2_grace&quot;" file="E:\coupony-backend\tests\Property\ReviewModeLogicInvariancePropertyTest.php" line="71" class="Tests\Property\ReviewModeLogicInvariancePropertyTest" classname="Tests.Property.ReviewModeLogicInvariancePropertyTest" assertions="3" time="0.050551"/>
          <testcase name="test_subscription_operations_produce_identical_outcomes_regardless_of_review_mode with data set &quot;iteration_91_endpoint_4_active&quot;" file="E:\coupony-backend\tests\Property\ReviewModeLogicInvariancePropertyTest.php" line="71" class="Tests\Property\ReviewModeLogicInvariancePropertyTest" classname="Tests.Property.ReviewModeLogicInvariancePropertyTest" assertions="3" time="0.056280"/>
          <testcase name="test_subscription_operations_produce_identical_outcomes_regardless_of_review_mode with data set &quot;iteration_92_endpoint_1_active&quot;" file="E:\coupony-backend\tests\Property\ReviewModeLogicInvariancePropertyTest.php" line="71" class="Tests\Property\ReviewModeLogicInvariancePropertyTest" classname="Tests.Property.ReviewModeLogicInvariancePropertyTest" assertions="3" time="0.050379"/>
          <testcase name="test_subscription_operations_produce_identical_outcomes_regardless_of_review_mode with data set &quot;iteration_93_endpoint_3_grace&quot;" file="E:\coupony-backend\tests\Property\ReviewModeLogicInvariancePropertyTest.php" line="71" class="Tests\Property\ReviewModeLogicInvariancePropertyTest" classname="Tests.Property.ReviewModeLogicInvariancePropertyTest" assertions="3" time="0.127138"/>
          <testcase name="test_subscription_operations_produce_identical_outcomes_regardless_of_review_mode with data set &quot;iteration_94_endpoint_2_trial&quot;" file="E:\coupony-backend\tests\Property\ReviewModeLogicInvariancePropertyTest.php" line="71" class="Tests\Property\ReviewModeLogicInvariancePropertyTest" classname="Tests.Property.ReviewModeLogicInvariancePropertyTest" assertions="3" time="0.047877"/>
          <testcase name="test_subscription_operations_produce_identical_outcomes_regardless_of_review_mode with data set &quot;iteration_95_endpoint_4_trial&quot;" file="E:\coupony-backend\tests\Property\ReviewModeLogicInvariancePropertyTest.php" line="71" class="Tests\Property\ReviewModeLogicInvariancePropertyTest" classname="Tests.Property.ReviewModeLogicInvariancePropertyTest" assertions="3" time="0.050187"/>
          <testcase name="test_subscription_operations_produce_identical_outcomes_regardless_of_review_mode with data set &quot;iteration_96_endpoint_3_trial&quot;" file="E:\coupony-backend\tests\Property\ReviewModeLogicInvariancePropertyTest.php" line="71" class="Tests\Property\ReviewModeLogicInvariancePropertyTest" classname="Tests.Property.ReviewModeLogicInvariancePropertyTest" assertions="3" time="0.048707"/>
          <testcase name="test_subscription_operations_produce_identical_outcomes_regardless_of_review_mode with data set &quot;iteration_97_endpoint_3_active&quot;" file="E:\coupony-backend\tests\Property\ReviewModeLogicInvariancePropertyTest.php" line="71" class="Tests\Property\ReviewModeLogicInvariancePropertyTest" classname="Tests.Property.ReviewModeLogicInvariancePropertyTest" assertions="3" time="0.045475"/>
          <testcase name="test_subscription_operations_produce_identical_outcomes_regardless_of_review_mode with data set &quot;iteration_98_endpoint_2_degraded&quot;" file="E:\coupony-backend\tests\Property\ReviewModeLogicInvariancePropertyTest.php" line="71" class="Tests\Property\ReviewModeLogicInvariancePropertyTest" classname="Tests.Property.ReviewModeLogicInvariancePropertyTest" assertions="3" time="0.049452"/>
          <testcase name="test_subscription_operations_produce_identical_outcomes_regardless_of_review_mode with data set &quot;iteration_99_endpoint_4_degraded&quot;" file="E:\coupony-backend\tests\Property\ReviewModeLogicInvariancePropertyTest.php" line="71" class="Tests\Property\ReviewModeLogicInvariancePropertyTest" classname="Tests.Property.ReviewModeLogicInvariancePropertyTest" assertions="3" time="0.050287"/>
          <testcase name="test_subscription_operations_produce_identical_outcomes_regardless_of_review_mode with data set &quot;iteration_100_endpoint_4_trial&quot;" file="E:\coupony-backend\tests\Property\ReviewModeLogicInvariancePropertyTest.php" line="71" class="Tests\Property\ReviewModeLogicInvariancePropertyTest" classname="Tests.Property.ReviewModeLogicInvariancePropertyTest" assertions="3" time="0.132235"/>
          <testcase name="test_subscription_operations_produce_identical_outcomes_regardless_of_review_mode with data set &quot;iteration_101_endpoint_1_trial&quot;" file="E:\coupony-backend\tests\Property\ReviewModeLogicInvariancePropertyTest.php" line="71" class="Tests\Property\ReviewModeLogicInvariancePropertyTest" classname="Tests.Property.ReviewModeLogicInvariancePropertyTest" assertions="3" time="0.049059"/>
          <testcase name="test_subscription_operations_produce_identical_outcomes_regardless_of_review_mode with data set &quot;iteration_102_endpoint_1_grace&quot;" file="E:\coupony-backend\tests\Property\ReviewModeLogicInvariancePropertyTest.php" line="71" class="Tests\Property\ReviewModeLogicInvariancePropertyTest" classname="Tests.Property.ReviewModeLogicInvariancePropertyTest" assertions="3" time="0.049557"/>
          <testcase name="test_subscription_operations_produce_identical_outcomes_regardless_of_review_mode with data set &quot;iteration_103_endpoint_3_grace&quot;" file="E:\coupony-backend\tests\Property\ReviewModeLogicInvariancePropertyTest.php" line="71" class="Tests\Property\ReviewModeLogicInvariancePropertyTest" classname="Tests.Property.ReviewModeLogicInvariancePropertyTest" assertions="3" time="0.046164"/>
          <testcase name="test_subscription_operations_produce_identical_outcomes_regardless_of_review_mode with data set &quot;iteration_104_endpoint_4_active&quot;" file="E:\coupony-backend\tests\Property\ReviewModeLogicInvariancePropertyTest.php" line="71" class="Tests\Property\ReviewModeLogicInvariancePropertyTest" classname="Tests.Property.ReviewModeLogicInvariancePropertyTest" assertions="3" time="0.049678"/>
        </testsuite>
      </testsuite>
      <testsuite name="Tests\Property\ScheduledJobIdempotencyPropertyTest" file="E:\coupony-backend\tests\Property\ScheduledJobIdempotencyPropertyTest.php" tests="105" assertions="1023" errors="0" failures="0" skipped="0" time="259.086428">
        <testsuite name="Tests\Property\ScheduledJobIdempotencyPropertyTest::test_scheduled_job_produces_same_state_regardless_of_execution_count" tests="105" assertions="1023" errors="0" failures="0" skipped="0" time="259.086428">
          <testcase name="test_scheduled_job_produces_same_state_regardless_of_execution_count with data set &quot;iteration_0_subscription:transition-to-grace_x2&quot;" file="E:\coupony-backend\tests\Property\ScheduledJobIdempotencyPropertyTest.php" line="163" class="Tests\Property\ScheduledJobIdempotencyPropertyTest" classname="Tests.Property.ScheduledJobIdempotencyPropertyTest" assertions="16" time="1.390571"/>
          <testcase name="test_scheduled_job_produces_same_state_regardless_of_execution_count with data set &quot;iteration_1_subscription:transition-to-suspended_x2&quot;" file="E:\coupony-backend\tests\Property\ScheduledJobIdempotencyPropertyTest.php" line="163" class="Tests\Property\ScheduledJobIdempotencyPropertyTest" classname="Tests.Property.ScheduledJobIdempotencyPropertyTest" assertions="10" time="1.582939"/>
          <testcase name="test_scheduled_job_produces_same_state_regardless_of_execution_count with data set &quot;iteration_2_subscription:transition-to-grace_x5&quot;" file="E:\coupony-backend\tests\Property\ScheduledJobIdempotencyPropertyTest.php" line="163" class="Tests\Property\ScheduledJobIdempotencyPropertyTest" classname="Tests.Property.ScheduledJobIdempotencyPropertyTest" assertions="13" time="3.300385"/>
          <testcase name="test_scheduled_job_produces_same_state_regardless_of_execution_count with data set &quot;iteration_3_subscription:transition-to-grace_x3&quot;" file="E:\coupony-backend\tests\Property\ScheduledJobIdempotencyPropertyTest.php" line="163" class="Tests\Property\ScheduledJobIdempotencyPropertyTest" classname="Tests.Property.ScheduledJobIdempotencyPropertyTest" assertions="7" time="1.909745"/>
          <testcase name="test_scheduled_job_produces_same_state_regardless_of_execution_count with data set &quot;iteration_4_subscription:transition-to-degraded_x4&quot;" file="E:\coupony-backend\tests\Property\ScheduledJobIdempotencyPropertyTest.php" line="163" class="Tests\Property\ScheduledJobIdempotencyPropertyTest" classname="Tests.Property.ScheduledJobIdempotencyPropertyTest" assertions="7" time="2.676415"/>
          <testcase name="test_scheduled_job_produces_same_state_regardless_of_execution_count with data set &quot;iteration_5_subscription:transition-to-degraded_x2&quot;" file="E:\coupony-backend\tests\Property\ScheduledJobIdempotencyPropertyTest.php" line="163" class="Tests\Property\ScheduledJobIdempotencyPropertyTest" classname="Tests.Property.ScheduledJobIdempotencyPropertyTest" assertions="4" time="1.328572"/>
          <testcase name="test_scheduled_job_produces_same_state_regardless_of_execution_count with data set &quot;iteration_6_subscription:transition-to-degraded_x4&quot;" file="E:\coupony-backend\tests\Property\ScheduledJobIdempotencyPropertyTest.php" line="163" class="Tests\Property\ScheduledJobIdempotencyPropertyTest" classname="Tests.Property.ScheduledJobIdempotencyPropertyTest" assertions="16" time="3.100866"/>
          <testcase name="test_scheduled_job_produces_same_state_regardless_of_execution_count with data set &quot;iteration_7_subscription:transition-to-grace_x5&quot;" file="E:\coupony-backend\tests\Property\ScheduledJobIdempotencyPropertyTest.php" line="163" class="Tests\Property\ScheduledJobIdempotencyPropertyTest" classname="Tests.Property.ScheduledJobIdempotencyPropertyTest" assertions="7" time="3.352816"/>
          <testcase name="test_scheduled_job_produces_same_state_regardless_of_execution_count with data set &quot;iteration_8_subscription:transition-to-suspended_x4&quot;" file="E:\coupony-backend\tests\Property\ScheduledJobIdempotencyPropertyTest.php" line="163" class="Tests\Property\ScheduledJobIdempotencyPropertyTest" classname="Tests.Property.ScheduledJobIdempotencyPropertyTest" assertions="16" time="2.846157"/>
          <testcase name="test_scheduled_job_produces_same_state_regardless_of_execution_count with data set &quot;iteration_9_subscription:transition-to-degraded_x3&quot;" file="E:\coupony-backend\tests\Property\ScheduledJobIdempotencyPropertyTest.php" line="163" class="Tests\Property\ScheduledJobIdempotencyPropertyTest" classname="Tests.Property.ScheduledJobIdempotencyPropertyTest" assertions="7" time="2.149595"/>
          <testcase name="test_scheduled_job_produces_same_state_regardless_of_execution_count with data set &quot;iteration_10_subscription:transition-to-degraded_x2&quot;" file="E:\coupony-backend\tests\Property\ScheduledJobIdempotencyPropertyTest.php" line="163" class="Tests\Property\ScheduledJobIdempotencyPropertyTest" classname="Tests.Property.ScheduledJobIdempotencyPropertyTest" assertions="10" time="1.616307"/>
          <testcase name="test_scheduled_job_produces_same_state_regardless_of_execution_count with data set &quot;iteration_11_subscription:transition-to-grace_x3&quot;" file="E:\coupony-backend\tests\Property\ScheduledJobIdempotencyPropertyTest.php" line="163" class="Tests\Property\ScheduledJobIdempotencyPropertyTest" classname="Tests.Property.ScheduledJobIdempotencyPropertyTest" assertions="16" time="2.405686"/>
          <testcase name="test_scheduled_job_produces_same_state_regardless_of_execution_count with data set &quot;iteration_12_subscription:transition-to-grace_x3&quot;" file="E:\coupony-backend\tests\Property\ScheduledJobIdempotencyPropertyTest.php" line="163" class="Tests\Property\ScheduledJobIdempotencyPropertyTest" classname="Tests.Property.ScheduledJobIdempotencyPropertyTest" assertions="10" time="2.217980"/>
          <testcase name="test_scheduled_job_produces_same_state_regardless_of_execution_count with data set &quot;iteration_13_subscription:transition-to-degraded_x4&quot;" file="E:\coupony-backend\tests\Property\ScheduledJobIdempotencyPropertyTest.php" line="163" class="Tests\Property\ScheduledJobIdempotencyPropertyTest" classname="Tests.Property.ScheduledJobIdempotencyPropertyTest" assertions="10" time="3.170184"/>
          <testcase name="test_scheduled_job_produces_same_state_regardless_of_execution_count with data set &quot;iteration_14_subscription:transition-to-suspended_x3&quot;" file="E:\coupony-backend\tests\Property\ScheduledJobIdempotencyPropertyTest.php" line="163" class="Tests\Property\ScheduledJobIdempotencyPropertyTest" classname="Tests.Property.ScheduledJobIdempotencyPropertyTest" assertions="13" time="2.299338"/>
          <testcase name="test_scheduled_job_produces_same_state_regardless_of_execution_count with data set &quot;iteration_15_subscription:transition-to-degraded_x3&quot;" file="E:\coupony-backend\tests\Property\ScheduledJobIdempotencyPropertyTest.php" line="163" class="Tests\Property\ScheduledJobIdempotencyPropertyTest" classname="Tests.Property.ScheduledJobIdempotencyPropertyTest" assertions="13" time="2.237428"/>
          <testcase name="test_scheduled_job_produces_same_state_regardless_of_execution_count with data set &quot;iteration_16_subscription:transition-to-grace_x5&quot;" file="E:\coupony-backend\tests\Property\ScheduledJobIdempotencyPropertyTest.php" line="163" class="Tests\Property\ScheduledJobIdempotencyPropertyTest" classname="Tests.Property.ScheduledJobIdempotencyPropertyTest" assertions="13" time="3.561394"/>
          <testcase name="test_scheduled_job_produces_same_state_regardless_of_execution_count with data set &quot;iteration_17_subscription:transition-to-suspended_x2&quot;" file="E:\coupony-backend\tests\Property\ScheduledJobIdempotencyPropertyTest.php" line="163" class="Tests\Property\ScheduledJobIdempotencyPropertyTest" classname="Tests.Property.ScheduledJobIdempotencyPropertyTest" assertions="4" time="1.421010"/>
          <testcase name="test_scheduled_job_produces_same_state_regardless_of_execution_count with data set &quot;iteration_18_subscription:transition-to-grace_x4&quot;" file="E:\coupony-backend\tests\Property\ScheduledJobIdempotencyPropertyTest.php" line="163" class="Tests\Property\ScheduledJobIdempotencyPropertyTest" classname="Tests.Property.ScheduledJobIdempotencyPropertyTest" assertions="4" time="3.705797"/>
          <testcase name="test_scheduled_job_produces_same_state_regardless_of_execution_count with data set &quot;iteration_19_subscription:transition-to-degraded_x5&quot;" file="E:\coupony-backend\tests\Property\ScheduledJobIdempotencyPropertyTest.php" line="163" class="Tests\Property\ScheduledJobIdempotencyPropertyTest" classname="Tests.Property.ScheduledJobIdempotencyPropertyTest" assertions="4" time="3.999333"/>
          <testcase name="test_scheduled_job_produces_same_state_regardless_of_execution_count with data set &quot;iteration_20_subscription:transition-to-grace_x4&quot;" file="E:\coupony-backend\tests\Property\ScheduledJobIdempotencyPropertyTest.php" line="163" class="Tests\Property\ScheduledJobIdempotencyPropertyTest" classname="Tests.Property.ScheduledJobIdempotencyPropertyTest" assertions="16" time="3.235117"/>
          <testcase name="test_scheduled_job_produces_same_state_regardless_of_execution_count with data set &quot;iteration_21_subscription:transition-to-grace_x4&quot;" file="E:\coupony-backend\tests\Property\ScheduledJobIdempotencyPropertyTest.php" line="163" class="Tests\Property\ScheduledJobIdempotencyPropertyTest" classname="Tests.Property.ScheduledJobIdempotencyPropertyTest" assertions="10" time="2.984566"/>
          <testcase name="test_scheduled_job_produces_same_state_regardless_of_execution_count with data set &quot;iteration_22_subscription:transition-to-suspended_x4&quot;" file="E:\coupony-backend\tests\Property\ScheduledJobIdempotencyPropertyTest.php" line="163" class="Tests\Property\ScheduledJobIdempotencyPropertyTest" classname="Tests.Property.ScheduledJobIdempotencyPropertyTest" assertions="4" time="3.128367"/>
          <testcase name="test_scheduled_job_produces_same_state_regardless_of_execution_count with data set &quot;iteration_23_subscription:transition-to-grace_x2&quot;" file="E:\coupony-backend\tests\Property\ScheduledJobIdempotencyPropertyTest.php" line="163" class="Tests\Property\ScheduledJobIdempotencyPropertyTest" classname="Tests.Property.ScheduledJobIdempotencyPropertyTest" assertions="4" time="1.606193"/>
          <testcase name="test_scheduled_job_produces_same_state_regardless_of_execution_count with data set &quot;iteration_24_subscription:transition-to-degraded_x5&quot;" file="E:\coupony-backend\tests\Property\ScheduledJobIdempotencyPropertyTest.php" line="163" class="Tests\Property\ScheduledJobIdempotencyPropertyTest" classname="Tests.Property.ScheduledJobIdempotencyPropertyTest" assertions="7" time="3.417418"/>
          <testcase name="test_scheduled_job_produces_same_state_regardless_of_execution_count with data set &quot;iteration_25_subscription:transition-to-grace_x2&quot;" file="E:\coupony-backend\tests\Property\ScheduledJobIdempotencyPropertyTest.php" line="163" class="Tests\Property\ScheduledJobIdempotencyPropertyTest" classname="Tests.Property.ScheduledJobIdempotencyPropertyTest" assertions="13" time="1.551850"/>
          <testcase name="test_scheduled_job_produces_same_state_regardless_of_execution_count with data set &quot;iteration_26_subscription:transition-to-suspended_x2&quot;" file="E:\coupony-backend\tests\Property\ScheduledJobIdempotencyPropertyTest.php" line="163" class="Tests\Property\ScheduledJobIdempotencyPropertyTest" classname="Tests.Property.ScheduledJobIdempotencyPropertyTest" assertions="7" time="1.312801"/>
          <testcase name="test_scheduled_job_produces_same_state_regardless_of_execution_count with data set &quot;iteration_27_subscription:transition-to-degraded_x3&quot;" file="E:\coupony-backend\tests\Property\ScheduledJobIdempotencyPropertyTest.php" line="163" class="Tests\Property\ScheduledJobIdempotencyPropertyTest" classname="Tests.Property.ScheduledJobIdempotencyPropertyTest" assertions="13" time="2.227930"/>
          <testcase name="test_scheduled_job_produces_same_state_regardless_of_execution_count with data set &quot;iteration_28_subscription:transition-to-grace_x2&quot;" file="E:\coupony-backend\tests\Property\ScheduledJobIdempotencyPropertyTest.php" line="163" class="Tests\Property\ScheduledJobIdempotencyPropertyTest" classname="Tests.Property.ScheduledJobIdempotencyPropertyTest" assertions="10" time="1.546395"/>
          <testcase name="test_scheduled_job_produces_same_state_regardless_of_execution_count with data set &quot;iteration_29_subscription:transition-to-degraded_x5&quot;" file="E:\coupony-backend\tests\Property\ScheduledJobIdempotencyPropertyTest.php" line="163" class="Tests\Property\ScheduledJobIdempotencyPropertyTest" classname="Tests.Property.ScheduledJobIdempotencyPropertyTest" assertions="7" time="3.719698"/>
          <testcase name="test_scheduled_job_produces_same_state_regardless_of_execution_count with data set &quot;iteration_30_subscription:transition-to-suspended_x4&quot;" file="E:\coupony-backend\tests\Property\ScheduledJobIdempotencyPropertyTest.php" line="163" class="Tests\Property\ScheduledJobIdempotencyPropertyTest" classname="Tests.Property.ScheduledJobIdempotencyPropertyTest" assertions="10" time="2.921232"/>
          <testcase name="test_scheduled_job_produces_same_state_regardless_of_execution_count with data set &quot;iteration_31_subscription:transition-to-suspended_x2&quot;" file="E:\coupony-backend\tests\Property\ScheduledJobIdempotencyPropertyTest.php" line="163" class="Tests\Property\ScheduledJobIdempotencyPropertyTest" classname="Tests.Property.ScheduledJobIdempotencyPropertyTest" assertions="7" time="1.672980"/>
          <testcase name="test_scheduled_job_produces_same_state_regardless_of_execution_count with data set &quot;iteration_32_subscription:transition-to-degraded_x2&quot;" file="E:\coupony-backend\tests\Property\ScheduledJobIdempotencyPropertyTest.php" line="163" class="Tests\Property\ScheduledJobIdempotencyPropertyTest" classname="Tests.Property.ScheduledJobIdempotencyPropertyTest" assertions="16" time="1.512731"/>
          <testcase name="test_scheduled_job_produces_same_state_regardless_of_execution_count with data set &quot;iteration_33_subscription:transition-to-degraded_x4&quot;" file="E:\coupony-backend\tests\Property\ScheduledJobIdempotencyPropertyTest.php" line="163" class="Tests\Property\ScheduledJobIdempotencyPropertyTest" classname="Tests.Property.ScheduledJobIdempotencyPropertyTest" assertions="16" time="3.105922"/>
          <testcase name="test_scheduled_job_produces_same_state_regardless_of_execution_count with data set &quot;iteration_34_subscription:transition-to-degraded_x4&quot;" file="E:\coupony-backend\tests\Property\ScheduledJobIdempotencyPropertyTest.php" line="163" class="Tests\Property\ScheduledJobIdempotencyPropertyTest" classname="Tests.Property.ScheduledJobIdempotencyPropertyTest" assertions="16" time="3.004647"/>
          <testcase name="test_scheduled_job_produces_same_state_regardless_of_execution_count with data set &quot;iteration_35_subscription:transition-to-degraded_x4&quot;" file="E:\coupony-backend\tests\Property\ScheduledJobIdempotencyPropertyTest.php" line="163" class="Tests\Property\ScheduledJobIdempotencyPropertyTest" classname="Tests.Property.ScheduledJobIdempotencyPropertyTest" assertions="13" time="2.911974"/>
          <testcase name="test_scheduled_job_produces_same_state_regardless_of_execution_count with data set &quot;iteration_36_subscription:transition-to-degraded_x3&quot;" file="E:\coupony-backend\tests\Property\ScheduledJobIdempotencyPropertyTest.php" line="163" class="Tests\Property\ScheduledJobIdempotencyPropertyTest" classname="Tests.Property.ScheduledJobIdempotencyPropertyTest" assertions="13" time="2.512176"/>
          <testcase name="test_scheduled_job_produces_same_state_regardless_of_execution_count with data set &quot;iteration_37_subscription:transition-to-suspended_x3&quot;" file="E:\coupony-backend\tests\Property\ScheduledJobIdempotencyPropertyTest.php" line="163" class="Tests\Property\ScheduledJobIdempotencyPropertyTest" classname="Tests.Property.ScheduledJobIdempotencyPropertyTest" assertions="13" time="2.200385"/>
          <testcase name="test_scheduled_job_produces_same_state_regardless_of_execution_count with data set &quot;iteration_38_subscription:transition-to-degraded_x4&quot;" file="E:\coupony-backend\tests\Property\ScheduledJobIdempotencyPropertyTest.php" line="163" class="Tests\Property\ScheduledJobIdempotencyPropertyTest" classname="Tests.Property.ScheduledJobIdempotencyPropertyTest" assertions="13" time="3.235651"/>
          <testcase name="test_scheduled_job_produces_same_state_regardless_of_execution_count with data set &quot;iteration_39_subscription:transition-to-suspended_x4&quot;" file="E:\coupony-backend\tests\Property\ScheduledJobIdempotencyPropertyTest.php" line="163" class="Tests\Property\ScheduledJobIdempotencyPropertyTest" classname="Tests.Property.ScheduledJobIdempotencyPropertyTest" assertions="10" time="3.183944"/>
          <testcase name="test_scheduled_job_produces_same_state_regardless_of_execution_count with data set &quot;iteration_40_subscription:transition-to-grace_x2&quot;" file="E:\coupony-backend\tests\Property\ScheduledJobIdempotencyPropertyTest.php" line="163" class="Tests\Property\ScheduledJobIdempotencyPropertyTest" classname="Tests.Property.ScheduledJobIdempotencyPropertyTest" assertions="10" time="1.366447"/>
          <testcase name="test_scheduled_job_produces_same_state_regardless_of_execution_count with data set &quot;iteration_41_subscription:transition-to-grace_x5&quot;" file="E:\coupony-backend\tests\Property\ScheduledJobIdempotencyPropertyTest.php" line="163" class="Tests\Property\ScheduledJobIdempotencyPropertyTest" classname="Tests.Property.ScheduledJobIdempotencyPropertyTest" assertions="7" time="3.550932"/>
          <testcase name="test_scheduled_job_produces_same_state_regardless_of_execution_count with data set &quot;iteration_42_subscription:transition-to-suspended_x2&quot;" file="E:\coupony-backend\tests\Property\ScheduledJobIdempotencyPropertyTest.php" line="163" class="Tests\Property\ScheduledJobIdempotencyPropertyTest" classname="Tests.Property.ScheduledJobIdempotencyPropertyTest" assertions="4" time="1.426703"/>
          <testcase name="test_scheduled_job_produces_same_state_regardless_of_execution_count with data set &quot;iteration_43_subscription:transition-to-degraded_x2&quot;" file="E:\coupony-backend\tests\Property\ScheduledJobIdempotencyPropertyTest.php" line="163" class="Tests\Property\ScheduledJobIdempotencyPropertyTest" classname="Tests.Property.ScheduledJobIdempotencyPropertyTest" assertions="16" time="1.675821"/>
          <testcase name="test_scheduled_job_produces_same_state_regardless_of_execution_count with data set &quot;iteration_44_subscription:transition-to-grace_x3&quot;" file="E:\coupony-backend\tests\Property\ScheduledJobIdempotencyPropertyTest.php" line="163" class="Tests\Property\ScheduledJobIdempotencyPropertyTest" classname="Tests.Property.ScheduledJobIdempotencyPropertyTest" assertions="16" time="2.396650"/>
          <testcase name="test_scheduled_job_produces_same_state_regardless_of_execution_count with data set &quot;iteration_45_subscription:transition-to-suspended_x3&quot;" file="E:\coupony-backend\tests\Property\ScheduledJobIdempotencyPropertyTest.php" line="163" class="Tests\Property\ScheduledJobIdempotencyPropertyTest" classname="Tests.Property.ScheduledJobIdempotencyPropertyTest" assertions="7" time="2.226982"/>
          <testcase name="test_scheduled_job_produces_same_state_regardless_of_execution_count with data set &quot;iteration_46_subscription:transition-to-suspended_x3&quot;" file="E:\coupony-backend\tests\Property\ScheduledJobIdempotencyPropertyTest.php" line="163" class="Tests\Property\ScheduledJobIdempotencyPropertyTest" classname="Tests.Property.ScheduledJobIdempotencyPropertyTest" assertions="16" time="2.248536"/>
          <testcase name="test_scheduled_job_produces_same_state_regardless_of_execution_count with data set &quot;iteration_47_subscription:transition-to-grace_x3&quot;" file="E:\coupony-backend\tests\Property\ScheduledJobIdempotencyPropertyTest.php" line="163" class="Tests\Property\ScheduledJobIdempotencyPropertyTest" classname="Tests.Property.ScheduledJobIdempotencyPropertyTest" assertions="16" time="2.186619"/>
          <testcase name="test_scheduled_job_produces_same_state_regardless_of_execution_count with data set &quot;iteration_48_subscription:transition-to-grace_x5&quot;" file="E:\coupony-backend\tests\Property\ScheduledJobIdempotencyPropertyTest.php" line="163" class="Tests\Property\ScheduledJobIdempotencyPropertyTest" classname="Tests.Property.ScheduledJobIdempotencyPropertyTest" assertions="7" time="3.295380"/>
          <testcase name="test_scheduled_job_produces_same_state_regardless_of_execution_count with data set &quot;iteration_49_subscription:transition-to-grace_x4&quot;" file="E:\coupony-backend\tests\Property\ScheduledJobIdempotencyPropertyTest.php" line="163" class="Tests\Property\ScheduledJobIdempotencyPropertyTest" classname="Tests.Property.ScheduledJobIdempotencyPropertyTest" assertions="7" time="2.702115"/>
          <testcase name="test_scheduled_job_produces_same_state_regardless_of_execution_count with data set &quot;iteration_50_subscription:transition-to-grace_x3&quot;" file="E:\coupony-backend\tests\Property\ScheduledJobIdempotencyPropertyTest.php" line="163" class="Tests\Property\ScheduledJobIdempotencyPropertyTest" classname="Tests.Property.ScheduledJobIdempotencyPropertyTest" assertions="13" time="1.945739"/>
          <testcase name="test_scheduled_job_produces_same_state_regardless_of_execution_count with data set &quot;iteration_51_subscription:transition-to-suspended_x5&quot;" file="E:\coupony-backend\tests\Property\ScheduledJobIdempotencyPropertyTest.php" line="163" class="Tests\Property\ScheduledJobIdempotencyPropertyTest" classname="Tests.Property.ScheduledJobIdempotencyPropertyTest" assertions="10" time="3.460947"/>
          <testcase name="test_scheduled_job_produces_same_state_regardless_of_execution_count with data set &quot;iteration_52_subscription:transition-to-degraded_x3&quot;" file="E:\coupony-backend\tests\Property\ScheduledJobIdempotencyPropertyTest.php" line="163" class="Tests\Property\ScheduledJobIdempotencyPropertyTest" classname="Tests.Property.ScheduledJobIdempotencyPropertyTest" assertions="16" time="1.984479"/>
          <testcase name="test_scheduled_job_produces_same_state_regardless_of_execution_count with data set &quot;iteration_53_subscription:transition-to-suspended_x4&quot;" file="E:\coupony-backend\tests\Property\ScheduledJobIdempotencyPropertyTest.php" line="163" class="Tests\Property\ScheduledJobIdempotencyPropertyTest" classname="Tests.Property.ScheduledJobIdempotencyPropertyTest" assertions="7" time="2.715013"/>
          <testcase name="test_scheduled_job_produces_same_state_regardless_of_execution_count with data set &quot;iteration_54_subscription:transition-to-degraded_x2&quot;" file="E:\coupony-backend\tests\Property\ScheduledJobIdempotencyPropertyTest.php" line="163" class="Tests\Property\ScheduledJobIdempotencyPropertyTest" classname="Tests.Property.ScheduledJobIdempotencyPropertyTest" assertions="7" time="1.583255"/>
          <testcase name="test_scheduled_job_produces_same_state_regardless_of_execution_count with data set &quot;iteration_55_subscription:transition-to-suspended_x4&quot;" file="E:\coupony-backend\tests\Property\ScheduledJobIdempotencyPropertyTest.php" line="163" class="Tests\Property\ScheduledJobIdempotencyPropertyTest" classname="Tests.Property.ScheduledJobIdempotencyPropertyTest" assertions="10" time="2.625439"/>
          <testcase name="test_scheduled_job_produces_same_state_regardless_of_execution_count with data set &quot;iteration_56_subscription:transition-to-grace_x5&quot;" file="E:\coupony-backend\tests\Property\ScheduledJobIdempotencyPropertyTest.php" line="163" class="Tests\Property\ScheduledJobIdempotencyPropertyTest" classname="Tests.Property.ScheduledJobIdempotencyPropertyTest" assertions="7" time="3.323044"/>
          <testcase name="test_scheduled_job_produces_same_state_regardless_of_execution_count with data set &quot;iteration_57_subscription:transition-to-degraded_x3&quot;" file="E:\coupony-backend\tests\Property\ScheduledJobIdempotencyPropertyTest.php" line="163" class="Tests\Property\ScheduledJobIdempotencyPropertyTest" classname="Tests.Property.ScheduledJobIdempotencyPropertyTest" assertions="4" time="1.942648"/>
          <testcase name="test_scheduled_job_produces_same_state_regardless_of_execution_count with data set &quot;iteration_58_subscription:transition-to-grace_x3&quot;" file="E:\coupony-backend\tests\Property\ScheduledJobIdempotencyPropertyTest.php" line="163" class="Tests\Property\ScheduledJobIdempotencyPropertyTest" classname="Tests.Property.ScheduledJobIdempotencyPropertyTest" assertions="13" time="1.947308"/>
          <testcase name="test_scheduled_job_produces_same_state_regardless_of_execution_count with data set &quot;iteration_59_subscription:transition-to-degraded_x4&quot;" file="E:\coupony-backend\tests\Property\ScheduledJobIdempotencyPropertyTest.php" line="163" class="Tests\Property\ScheduledJobIdempotencyPropertyTest" classname="Tests.Property.ScheduledJobIdempotencyPropertyTest" assertions="4" time="2.475168"/>
          <testcase name="test_scheduled_job_produces_same_state_regardless_of_execution_count with data set &quot;iteration_60_subscription:transition-to-grace_x4&quot;" file="E:\coupony-backend\tests\Property\ScheduledJobIdempotencyPropertyTest.php" line="163" class="Tests\Property\ScheduledJobIdempotencyPropertyTest" classname="Tests.Property.ScheduledJobIdempotencyPropertyTest" assertions="4" time="2.487693"/>
          <testcase name="test_scheduled_job_produces_same_state_regardless_of_execution_count with data set &quot;iteration_61_subscription:transition-to-grace_x3&quot;" file="E:\coupony-backend\tests\Property\ScheduledJobIdempotencyPropertyTest.php" line="163" class="Tests\Property\ScheduledJobIdempotencyPropertyTest" classname="Tests.Property.ScheduledJobIdempotencyPropertyTest" assertions="16" time="1.999848"/>
          <testcase name="test_scheduled_job_produces_same_state_regardless_of_execution_count with data set &quot;iteration_62_subscription:transition-to-degraded_x5&quot;" file="E:\coupony-backend\tests\Property\ScheduledJobIdempotencyPropertyTest.php" line="163" class="Tests\Property\ScheduledJobIdempotencyPropertyTest" classname="Tests.Property.ScheduledJobIdempotencyPropertyTest" assertions="13" time="3.322999"/>
          <testcase name="test_scheduled_job_produces_same_state_regardless_of_execution_count with data set &quot;iteration_63_subscription:transition-to-degraded_x2&quot;" file="E:\coupony-backend\tests\Property\ScheduledJobIdempotencyPropertyTest.php" line="163" class="Tests\Property\ScheduledJobIdempotencyPropertyTest" classname="Tests.Property.ScheduledJobIdempotencyPropertyTest" assertions="4" time="1.436465"/>
          <testcase name="test_scheduled_job_produces_same_state_regardless_of_execution_count with data set &quot;iteration_64_subscription:transition-to-suspended_x4&quot;" file="E:\coupony-backend\tests\Property\ScheduledJobIdempotencyPropertyTest.php" line="163" class="Tests\Property\ScheduledJobIdempotencyPropertyTest" classname="Tests.Property.ScheduledJobIdempotencyPropertyTest" assertions="4" time="2.775921"/>
          <testcase name="test_scheduled_job_produces_same_state_regardless_of_execution_count with data set &quot;iteration_65_subscription:transition-to-suspended_x3&quot;" file="E:\coupony-backend\tests\Property\ScheduledJobIdempotencyPropertyTest.php" line="163" class="Tests\Property\ScheduledJobIdempotencyPropertyTest" classname="Tests.Property.ScheduledJobIdempotencyPropertyTest" assertions="16" time="2.297786"/>
          <testcase name="test_scheduled_job_produces_same_state_regardless_of_execution_count with data set &quot;iteration_66_subscription:transition-to-grace_x4&quot;" file="E:\coupony-backend\tests\Property\ScheduledJobIdempotencyPropertyTest.php" line="163" class="Tests\Property\ScheduledJobIdempotencyPropertyTest" classname="Tests.Property.ScheduledJobIdempotencyPropertyTest" assertions="10" time="2.904555"/>
          <testcase name="test_scheduled_job_produces_same_state_regardless_of_execution_count with data set &quot;iteration_67_subscription:transition-to-degraded_x2&quot;" file="E:\coupony-backend\tests\Property\ScheduledJobIdempotencyPropertyTest.php" line="163" class="Tests\Property\ScheduledJobIdempotencyPropertyTest" classname="Tests.Property.ScheduledJobIdempotencyPropertyTest" assertions="16" time="1.372438"/>
          <testcase name="test_scheduled_job_produces_same_state_regardless_of_execution_count with data set &quot;iteration_68_subscription:transition-to-degraded_x3&quot;" file="E:\coupony-backend\tests\Property\ScheduledJobIdempotencyPropertyTest.php" line="163" class="Tests\Property\ScheduledJobIdempotencyPropertyTest" classname="Tests.Property.ScheduledJobIdempotencyPropertyTest" assertions="10" time="2.026652"/>
          <testcase name="test_scheduled_job_produces_same_state_regardless_of_execution_count with data set &quot;iteration_69_subscription:transition-to-degraded_x2&quot;" file="E:\coupony-backend\tests\Property\ScheduledJobIdempotencyPropertyTest.php" line="163" class="Tests\Property\ScheduledJobIdempotencyPropertyTest" classname="Tests.Property.ScheduledJobIdempotencyPropertyTest" assertions="4" time="1.458535"/>
          <testcase name="test_scheduled_job_produces_same_state_regardless_of_execution_count with data set &quot;iteration_70_subscription:transition-to-suspended_x4&quot;" file="E:\coupony-backend\tests\Property\ScheduledJobIdempotencyPropertyTest.php" line="163" class="Tests\Property\ScheduledJobIdempotencyPropertyTest" classname="Tests.Property.ScheduledJobIdempotencyPropertyTest" assertions="16" time="3.257534"/>
          <testcase name="test_scheduled_job_produces_same_state_regardless_of_execution_count with data set &quot;iteration_71_subscription:transition-to-grace_x3&quot;" file="E:\coupony-backend\tests\Property\ScheduledJobIdempotencyPropertyTest.php" line="163" class="Tests\Property\ScheduledJobIdempotencyPropertyTest" classname="Tests.Property.ScheduledJobIdempotencyPropertyTest" assertions="10" time="2.056996"/>
          <testcase name="test_scheduled_job_produces_same_state_regardless_of_execution_count with data set &quot;iteration_72_subscription:transition-to-grace_x4&quot;" file="E:\coupony-backend\tests\Property\ScheduledJobIdempotencyPropertyTest.php" line="163" class="Tests\Property\ScheduledJobIdempotencyPropertyTest" classname="Tests.Property.ScheduledJobIdempotencyPropertyTest" assertions="4" time="2.586103"/>
          <testcase name="test_scheduled_job_produces_same_state_regardless_of_execution_count with data set &quot;iteration_73_subscription:transition-to-grace_x4&quot;" file="E:\coupony-backend\tests\Property\ScheduledJobIdempotencyPropertyTest.php" line="163" class="Tests\Property\ScheduledJobIdempotencyPropertyTest" classname="Tests.Property.ScheduledJobIdempotencyPropertyTest" assertions="7" time="2.675126"/>
          <testcase name="test_scheduled_job_produces_same_state_regardless_of_execution_count with data set &quot;iteration_74_subscription:transition-to-suspended_x5&quot;" file="E:\coupony-backend\tests\Property\ScheduledJobIdempotencyPropertyTest.php" line="163" class="Tests\Property\ScheduledJobIdempotencyPropertyTest" classname="Tests.Property.ScheduledJobIdempotencyPropertyTest" assertions="10" time="3.163260"/>
          <testcase name="test_scheduled_job_produces_same_state_regardless_of_execution_count with data set &quot;iteration_75_subscription:transition-to-grace_x5&quot;" file="E:\coupony-backend\tests\Property\ScheduledJobIdempotencyPropertyTest.php" line="163" class="Tests\Property\ScheduledJobIdempotencyPropertyTest" classname="Tests.Property.ScheduledJobIdempotencyPropertyTest" assertions="7" time="3.281864"/>
          <testcase name="test_scheduled_job_produces_same_state_regardless_of_execution_count with data set &quot;iteration_76_subscription:transition-to-grace_x3&quot;" file="E:\coupony-backend\tests\Property\ScheduledJobIdempotencyPropertyTest.php" line="163" class="Tests\Property\ScheduledJobIdempotencyPropertyTest" classname="Tests.Property.ScheduledJobIdempotencyPropertyTest" assertions="16" time="2.180636"/>
          <testcase name="test_scheduled_job_produces_same_state_regardless_of_execution_count with data set &quot;iteration_77_subscription:transition-to-grace_x3&quot;" file="E:\coupony-backend\tests\Property\ScheduledJobIdempotencyPropertyTest.php" line="163" class="Tests\Property\ScheduledJobIdempotencyPropertyTest" classname="Tests.Property.ScheduledJobIdempotencyPropertyTest" assertions="16" time="2.192037"/>
          <testcase name="test_scheduled_job_produces_same_state_regardless_of_execution_count with data set &quot;iteration_78_subscription:transition-to-grace_x4&quot;" file="E:\coupony-backend\tests\Property\ScheduledJobIdempotencyPropertyTest.php" line="163" class="Tests\Property\ScheduledJobIdempotencyPropertyTest" classname="Tests.Property.ScheduledJobIdempotencyPropertyTest" assertions="7" time="2.432942"/>
          <testcase name="test_scheduled_job_produces_same_state_regardless_of_execution_count with data set &quot;iteration_79_subscription:transition-to-suspended_x4&quot;" file="E:\coupony-backend\tests\Property\ScheduledJobIdempotencyPropertyTest.php" line="163" class="Tests\Property\ScheduledJobIdempotencyPropertyTest" classname="Tests.Property.ScheduledJobIdempotencyPropertyTest" assertions="13" time="2.561284"/>
          <testcase name="test_scheduled_job_produces_same_state_regardless_of_execution_count with data set &quot;iteration_80_subscription:transition-to-grace_x5&quot;" file="E:\coupony-backend\tests\Property\ScheduledJobIdempotencyPropertyTest.php" line="163" class="Tests\Property\ScheduledJobIdempotencyPropertyTest" classname="Tests.Property.ScheduledJobIdempotencyPropertyTest" assertions="13" time="3.083558"/>
          <testcase name="test_scheduled_job_produces_same_state_regardless_of_execution_count with data set &quot;iteration_81_subscription:transition-to-degraded_x2&quot;" file="E:\coupony-backend\tests\Property\ScheduledJobIdempotencyPropertyTest.php" line="163" class="Tests\Property\ScheduledJobIdempotencyPropertyTest" classname="Tests.Property.ScheduledJobIdempotencyPropertyTest" assertions="10" time="1.460734"/>
          <testcase name="test_scheduled_job_produces_same_state_regardless_of_execution_count with data set &quot;iteration_82_subscription:transition-to-suspended_x5&quot;" file="E:\coupony-backend\tests\Property\ScheduledJobIdempotencyPropertyTest.php" line="163" class="Tests\Property\ScheduledJobIdempotencyPropertyTest" classname="Tests.Property.ScheduledJobIdempotencyPropertyTest" assertions="7" time="3.484362"/>
          <testcase name="test_scheduled_job_produces_same_state_regardless_of_execution_count with data set &quot;iteration_83_subscription:transition-to-grace_x3&quot;" file="E:\coupony-backend\tests\Property\ScheduledJobIdempotencyPropertyTest.php" line="163" class="Tests\Property\ScheduledJobIdempotencyPropertyTest" classname="Tests.Property.ScheduledJobIdempotencyPropertyTest" assertions="13" time="2.246272"/>
          <testcase name="test_scheduled_job_produces_same_state_regardless_of_execution_count with data set &quot;iteration_84_subscription:transition-to-suspended_x5&quot;" file="E:\coupony-backend\tests\Property\ScheduledJobIdempotencyPropertyTest.php" line="163" class="Tests\Property\ScheduledJobIdempotencyPropertyTest" classname="Tests.Property.ScheduledJobIdempotencyPropertyTest" assertions="10" time="4.038278"/>
          <testcase name="test_scheduled_job_produces_same_state_regardless_of_execution_count with data set &quot;iteration_85_subscription:transition-to-degraded_x4&quot;" file="E:\coupony-backend\tests\Property\ScheduledJobIdempotencyPropertyTest.php" line="163" class="Tests\Property\ScheduledJobIdempotencyPropertyTest" classname="Tests.Property.ScheduledJobIdempotencyPropertyTest" assertions="13" time="3.075422"/>
          <testcase name="test_scheduled_job_produces_same_state_regardless_of_execution_count with data set &quot;iteration_86_subscription:transition-to-grace_x3&quot;" file="E:\coupony-backend\tests\Property\ScheduledJobIdempotencyPropertyTest.php" line="163" class="Tests\Property\ScheduledJobIdempotencyPropertyTest" classname="Tests.Property.ScheduledJobIdempotencyPropertyTest" assertions="7" time="2.547557"/>
          <testcase name="test_scheduled_job_produces_same_state_regardless_of_execution_count with data set &quot;iteration_87_subscription:transition-to-suspended_x3&quot;" file="E:\coupony-backend\tests\Property\ScheduledJobIdempotencyPropertyTest.php" line="163" class="Tests\Property\ScheduledJobIdempotencyPropertyTest" classname="Tests.Property.ScheduledJobIdempotencyPropertyTest" assertions="10" time="2.345244"/>
          <testcase name="test_scheduled_job_produces_same_state_regardless_of_execution_count with data set &quot;iteration_88_subscription:transition-to-grace_x5&quot;" file="E:\coupony-backend\tests\Property\ScheduledJobIdempotencyPropertyTest.php" line="163" class="Tests\Property\ScheduledJobIdempotencyPropertyTest" classname="Tests.Property.ScheduledJobIdempotencyPropertyTest" assertions="4" time="3.793299"/>
          <testcase name="test_scheduled_job_produces_same_state_regardless_of_execution_count with data set &quot;iteration_89_subscription:transition-to-degraded_x4&quot;" file="E:\coupony-backend\tests\Property\ScheduledJobIdempotencyPropertyTest.php" line="163" class="Tests\Property\ScheduledJobIdempotencyPropertyTest" classname="Tests.Property.ScheduledJobIdempotencyPropertyTest" assertions="4" time="3.118968"/>
          <testcase name="test_scheduled_job_produces_same_state_regardless_of_execution_count with data set &quot;iteration_90_subscription:transition-to-grace_x4&quot;" file="E:\coupony-backend\tests\Property\ScheduledJobIdempotencyPropertyTest.php" line="163" class="Tests\Property\ScheduledJobIdempotencyPropertyTest" classname="Tests.Property.ScheduledJobIdempotencyPropertyTest" assertions="4" time="2.875627"/>
          <testcase name="test_scheduled_job_produces_same_state_regardless_of_execution_count with data set &quot;iteration_91_subscription:transition-to-degraded_x3&quot;" file="E:\coupony-backend\tests\Property\ScheduledJobIdempotencyPropertyTest.php" line="163" class="Tests\Property\ScheduledJobIdempotencyPropertyTest" classname="Tests.Property.ScheduledJobIdempotencyPropertyTest" assertions="10" time="2.257739"/>
          <testcase name="test_scheduled_job_produces_same_state_regardless_of_execution_count with data set &quot;iteration_92_subscription:transition-to-grace_x3&quot;" file="E:\coupony-backend\tests\Property\ScheduledJobIdempotencyPropertyTest.php" line="163" class="Tests\Property\ScheduledJobIdempotencyPropertyTest" classname="Tests.Property.ScheduledJobIdempotencyPropertyTest" assertions="7" time="2.046021"/>
          <testcase name="test_scheduled_job_produces_same_state_regardless_of_execution_count with data set &quot;iteration_93_subscription:transition-to-degraded_x3&quot;" file="E:\coupony-backend\tests\Property\ScheduledJobIdempotencyPropertyTest.php" line="163" class="Tests\Property\ScheduledJobIdempotencyPropertyTest" classname="Tests.Property.ScheduledJobIdempotencyPropertyTest" assertions="7" time="2.038908"/>
          <testcase name="test_scheduled_job_produces_same_state_regardless_of_execution_count with data set &quot;iteration_94_subscription:transition-to-suspended_x2&quot;" file="E:\coupony-backend\tests\Property\ScheduledJobIdempotencyPropertyTest.php" line="163" class="Tests\Property\ScheduledJobIdempotencyPropertyTest" classname="Tests.Property.ScheduledJobIdempotencyPropertyTest" assertions="7" time="1.379031"/>
          <testcase name="test_scheduled_job_produces_same_state_regardless_of_execution_count with data set &quot;iteration_95_subscription:transition-to-degraded_x4&quot;" file="E:\coupony-backend\tests\Property\ScheduledJobIdempotencyPropertyTest.php" line="163" class="Tests\Property\ScheduledJobIdempotencyPropertyTest" classname="Tests.Property.ScheduledJobIdempotencyPropertyTest" assertions="7" time="2.776602"/>
          <testcase name="test_scheduled_job_produces_same_state_regardless_of_execution_count with data set &quot;iteration_96_subscription:transition-to-grace_x5&quot;" file="E:\coupony-backend\tests\Property\ScheduledJobIdempotencyPropertyTest.php" line="163" class="Tests\Property\ScheduledJobIdempotencyPropertyTest" classname="Tests.Property.ScheduledJobIdempotencyPropertyTest" assertions="7" time="3.545790"/>
          <testcase name="test_scheduled_job_produces_same_state_regardless_of_execution_count with data set &quot;iteration_97_subscription:transition-to-grace_x2&quot;" file="E:\coupony-backend\tests\Property\ScheduledJobIdempotencyPropertyTest.php" line="163" class="Tests\Property\ScheduledJobIdempotencyPropertyTest" classname="Tests.Property.ScheduledJobIdempotencyPropertyTest" assertions="7" time="1.439418"/>
          <testcase name="test_scheduled_job_produces_same_state_regardless_of_execution_count with data set &quot;iteration_98_subscription:transition-to-degraded_x4&quot;" file="E:\coupony-backend\tests\Property\ScheduledJobIdempotencyPropertyTest.php" line="163" class="Tests\Property\ScheduledJobIdempotencyPropertyTest" classname="Tests.Property.ScheduledJobIdempotencyPropertyTest" assertions="10" time="2.898113"/>
          <testcase name="test_scheduled_job_produces_same_state_regardless_of_execution_count with data set &quot;iteration_99_subscription:transition-to-degraded_x2&quot;" file="E:\coupony-backend\tests\Property\ScheduledJobIdempotencyPropertyTest.php" line="163" class="Tests\Property\ScheduledJobIdempotencyPropertyTest" classname="Tests.Property.ScheduledJobIdempotencyPropertyTest" assertions="10" time="1.452328"/>
          <testcase name="test_scheduled_job_produces_same_state_regardless_of_execution_count with data set &quot;iteration_100_subscription:transition-to-degraded_x4&quot;" file="E:\coupony-backend\tests\Property\ScheduledJobIdempotencyPropertyTest.php" line="163" class="Tests\Property\ScheduledJobIdempotencyPropertyTest" classname="Tests.Property.ScheduledJobIdempotencyPropertyTest" assertions="7" time="2.636165"/>
          <testcase name="test_scheduled_job_produces_same_state_regardless_of_execution_count with data set &quot;iteration_101_subscription:transition-to-suspended_x3&quot;" file="E:\coupony-backend\tests\Property\ScheduledJobIdempotencyPropertyTest.php" line="163" class="Tests\Property\ScheduledJobIdempotencyPropertyTest" classname="Tests.Property.ScheduledJobIdempotencyPropertyTest" assertions="4" time="1.933893"/>
          <testcase name="test_scheduled_job_produces_same_state_regardless_of_execution_count with data set &quot;iteration_102_subscription:transition-to-grace_x3&quot;" file="E:\coupony-backend\tests\Property\ScheduledJobIdempotencyPropertyTest.php" line="163" class="Tests\Property\ScheduledJobIdempotencyPropertyTest" classname="Tests.Property.ScheduledJobIdempotencyPropertyTest" assertions="13" time="1.934178"/>
          <testcase name="test_scheduled_job_produces_same_state_regardless_of_execution_count with data set &quot;iteration_103_subscription:transition-to-degraded_x2&quot;" file="E:\coupony-backend\tests\Property\ScheduledJobIdempotencyPropertyTest.php" line="163" class="Tests\Property\ScheduledJobIdempotencyPropertyTest" classname="Tests.Property.ScheduledJobIdempotencyPropertyTest" assertions="10" time="1.284328"/>
          <testcase name="test_scheduled_job_produces_same_state_regardless_of_execution_count with data set &quot;iteration_104_subscription:transition-to-suspended_x4&quot;" file="E:\coupony-backend\tests\Property\ScheduledJobIdempotencyPropertyTest.php" line="163" class="Tests\Property\ScheduledJobIdempotencyPropertyTest" classname="Tests.Property.ScheduledJobIdempotencyPropertyTest" assertions="4" time="2.580201"/>
        </testsuite>
      </testsuite>
      <testsuite name="Tests\Property\ServerSidePriceCalculationPropertyTest" file="E:\coupony-backend\tests\Property\ServerSidePriceCalculationPropertyTest.php" tests="110" assertions="440" errors="0" failures="0" skipped="0" time="5.619600">
        <testsuite name="Tests\Property\ServerSidePriceCalculationPropertyTest::test_payment_session_amount_equals_plan_price_not_client_supplied_value" tests="110" assertions="440" errors="0" failures="0" skipped="0" time="5.619600">
          <testcase name="test_payment_session_amount_equals_plan_price_not_client_supplied_value with data set &quot;iteration_0&quot;" file="E:\coupony-backend\tests\Property\ServerSidePriceCalculationPropertyTest.php" line="49" class="Tests\Property\ServerSidePriceCalculationPropertyTest" classname="Tests.Property.ServerSidePriceCalculationPropertyTest" assertions="4" time="0.120740"/>
          <testcase name="test_payment_session_amount_equals_plan_price_not_client_supplied_value with data set &quot;iteration_1&quot;" file="E:\coupony-backend\tests\Property\ServerSidePriceCalculationPropertyTest.php" line="49" class="Tests\Property\ServerSidePriceCalculationPropertyTest" classname="Tests.Property.ServerSidePriceCalculationPropertyTest" assertions="4" time="0.040584"/>
          <testcase name="test_payment_session_amount_equals_plan_price_not_client_supplied_value with data set &quot;iteration_2&quot;" file="E:\coupony-backend\tests\Property\ServerSidePriceCalculationPropertyTest.php" line="49" class="Tests\Property\ServerSidePriceCalculationPropertyTest" classname="Tests.Property.ServerSidePriceCalculationPropertyTest" assertions="4" time="0.043093"/>
          <testcase name="test_payment_session_amount_equals_plan_price_not_client_supplied_value with data set &quot;iteration_3&quot;" file="E:\coupony-backend\tests\Property\ServerSidePriceCalculationPropertyTest.php" line="49" class="Tests\Property\ServerSidePriceCalculationPropertyTest" classname="Tests.Property.ServerSidePriceCalculationPropertyTest" assertions="4" time="0.041113"/>
          <testcase name="test_payment_session_amount_equals_plan_price_not_client_supplied_value with data set &quot;iteration_4&quot;" file="E:\coupony-backend\tests\Property\ServerSidePriceCalculationPropertyTest.php" line="49" class="Tests\Property\ServerSidePriceCalculationPropertyTest" classname="Tests.Property.ServerSidePriceCalculationPropertyTest" assertions="4" time="0.037727"/>
          <testcase name="test_payment_session_amount_equals_plan_price_not_client_supplied_value with data set &quot;iteration_5&quot;" file="E:\coupony-backend\tests\Property\ServerSidePriceCalculationPropertyTest.php" line="49" class="Tests\Property\ServerSidePriceCalculationPropertyTest" classname="Tests.Property.ServerSidePriceCalculationPropertyTest" assertions="4" time="0.040252"/>
          <testcase name="test_payment_session_amount_equals_plan_price_not_client_supplied_value with data set &quot;iteration_6&quot;" file="E:\coupony-backend\tests\Property\ServerSidePriceCalculationPropertyTest.php" line="49" class="Tests\Property\ServerSidePriceCalculationPropertyTest" classname="Tests.Property.ServerSidePriceCalculationPropertyTest" assertions="4" time="0.038654"/>
          <testcase name="test_payment_session_amount_equals_plan_price_not_client_supplied_value with data set &quot;iteration_7&quot;" file="E:\coupony-backend\tests\Property\ServerSidePriceCalculationPropertyTest.php" line="49" class="Tests\Property\ServerSidePriceCalculationPropertyTest" classname="Tests.Property.ServerSidePriceCalculationPropertyTest" assertions="4" time="0.039440"/>
          <testcase name="test_payment_session_amount_equals_plan_price_not_client_supplied_value with data set &quot;iteration_8&quot;" file="E:\coupony-backend\tests\Property\ServerSidePriceCalculationPropertyTest.php" line="49" class="Tests\Property\ServerSidePriceCalculationPropertyTest" classname="Tests.Property.ServerSidePriceCalculationPropertyTest" assertions="4" time="0.123230"/>
          <testcase name="test_payment_session_amount_equals_plan_price_not_client_supplied_value with data set &quot;iteration_9&quot;" file="E:\coupony-backend\tests\Property\ServerSidePriceCalculationPropertyTest.php" line="49" class="Tests\Property\ServerSidePriceCalculationPropertyTest" classname="Tests.Property.ServerSidePriceCalculationPropertyTest" assertions="4" time="0.046807"/>
          <testcase name="test_payment_session_amount_equals_plan_price_not_client_supplied_value with data set &quot;iteration_10&quot;" file="E:\coupony-backend\tests\Property\ServerSidePriceCalculationPropertyTest.php" line="49" class="Tests\Property\ServerSidePriceCalculationPropertyTest" classname="Tests.Property.ServerSidePriceCalculationPropertyTest" assertions="4" time="0.040789"/>
          <testcase name="test_payment_session_amount_equals_plan_price_not_client_supplied_value with data set &quot;iteration_11&quot;" file="E:\coupony-backend\tests\Property\ServerSidePriceCalculationPropertyTest.php" line="49" class="Tests\Property\ServerSidePriceCalculationPropertyTest" classname="Tests.Property.ServerSidePriceCalculationPropertyTest" assertions="4" time="0.050134"/>
          <testcase name="test_payment_session_amount_equals_plan_price_not_client_supplied_value with data set &quot;iteration_12&quot;" file="E:\coupony-backend\tests\Property\ServerSidePriceCalculationPropertyTest.php" line="49" class="Tests\Property\ServerSidePriceCalculationPropertyTest" classname="Tests.Property.ServerSidePriceCalculationPropertyTest" assertions="4" time="0.041598"/>
          <testcase name="test_payment_session_amount_equals_plan_price_not_client_supplied_value with data set &quot;iteration_13&quot;" file="E:\coupony-backend\tests\Property\ServerSidePriceCalculationPropertyTest.php" line="49" class="Tests\Property\ServerSidePriceCalculationPropertyTest" classname="Tests.Property.ServerSidePriceCalculationPropertyTest" assertions="4" time="0.042149"/>
          <testcase name="test_payment_session_amount_equals_plan_price_not_client_supplied_value with data set &quot;iteration_14&quot;" file="E:\coupony-backend\tests\Property\ServerSidePriceCalculationPropertyTest.php" line="49" class="Tests\Property\ServerSidePriceCalculationPropertyTest" classname="Tests.Property.ServerSidePriceCalculationPropertyTest" assertions="4" time="0.037730"/>
          <testcase name="test_payment_session_amount_equals_plan_price_not_client_supplied_value with data set &quot;iteration_15&quot;" file="E:\coupony-backend\tests\Property\ServerSidePriceCalculationPropertyTest.php" line="49" class="Tests\Property\ServerSidePriceCalculationPropertyTest" classname="Tests.Property.ServerSidePriceCalculationPropertyTest" assertions="4" time="0.038265"/>
          <testcase name="test_payment_session_amount_equals_plan_price_not_client_supplied_value with data set &quot;iteration_16&quot;" file="E:\coupony-backend\tests\Property\ServerSidePriceCalculationPropertyTest.php" line="49" class="Tests\Property\ServerSidePriceCalculationPropertyTest" classname="Tests.Property.ServerSidePriceCalculationPropertyTest" assertions="4" time="0.039576"/>
          <testcase name="test_payment_session_amount_equals_plan_price_not_client_supplied_value with data set &quot;iteration_17&quot;" file="E:\coupony-backend\tests\Property\ServerSidePriceCalculationPropertyTest.php" line="49" class="Tests\Property\ServerSidePriceCalculationPropertyTest" classname="Tests.Property.ServerSidePriceCalculationPropertyTest" assertions="4" time="0.146120"/>
          <testcase name="test_payment_session_amount_equals_plan_price_not_client_supplied_value with data set &quot;iteration_18&quot;" file="E:\coupony-backend\tests\Property\ServerSidePriceCalculationPropertyTest.php" line="49" class="Tests\Property\ServerSidePriceCalculationPropertyTest" classname="Tests.Property.ServerSidePriceCalculationPropertyTest" assertions="4" time="0.043625"/>
          <testcase name="test_payment_session_amount_equals_plan_price_not_client_supplied_value with data set &quot;iteration_19&quot;" file="E:\coupony-backend\tests\Property\ServerSidePriceCalculationPropertyTest.php" line="49" class="Tests\Property\ServerSidePriceCalculationPropertyTest" classname="Tests.Property.ServerSidePriceCalculationPropertyTest" assertions="4" time="0.045078"/>
          <testcase name="test_payment_session_amount_equals_plan_price_not_client_supplied_value with data set &quot;iteration_20&quot;" file="E:\coupony-backend\tests\Property\ServerSidePriceCalculationPropertyTest.php" line="49" class="Tests\Property\ServerSidePriceCalculationPropertyTest" classname="Tests.Property.ServerSidePriceCalculationPropertyTest" assertions="4" time="0.048043"/>
          <testcase name="test_payment_session_amount_equals_plan_price_not_client_supplied_value with data set &quot;iteration_21&quot;" file="E:\coupony-backend\tests\Property\ServerSidePriceCalculationPropertyTest.php" line="49" class="Tests\Property\ServerSidePriceCalculationPropertyTest" classname="Tests.Property.ServerSidePriceCalculationPropertyTest" assertions="4" time="0.043273"/>
          <testcase name="test_payment_session_amount_equals_plan_price_not_client_supplied_value with data set &quot;iteration_22&quot;" file="E:\coupony-backend\tests\Property\ServerSidePriceCalculationPropertyTest.php" line="49" class="Tests\Property\ServerSidePriceCalculationPropertyTest" classname="Tests.Property.ServerSidePriceCalculationPropertyTest" assertions="4" time="0.050472"/>
          <testcase name="test_payment_session_amount_equals_plan_price_not_client_supplied_value with data set &quot;iteration_23&quot;" file="E:\coupony-backend\tests\Property\ServerSidePriceCalculationPropertyTest.php" line="49" class="Tests\Property\ServerSidePriceCalculationPropertyTest" classname="Tests.Property.ServerSidePriceCalculationPropertyTest" assertions="4" time="0.044621"/>
          <testcase name="test_payment_session_amount_equals_plan_price_not_client_supplied_value with data set &quot;iteration_24&quot;" file="E:\coupony-backend\tests\Property\ServerSidePriceCalculationPropertyTest.php" line="49" class="Tests\Property\ServerSidePriceCalculationPropertyTest" classname="Tests.Property.ServerSidePriceCalculationPropertyTest" assertions="4" time="0.046248"/>
          <testcase name="test_payment_session_amount_equals_plan_price_not_client_supplied_value with data set &quot;iteration_25&quot;" file="E:\coupony-backend\tests\Property\ServerSidePriceCalculationPropertyTest.php" line="49" class="Tests\Property\ServerSidePriceCalculationPropertyTest" classname="Tests.Property.ServerSidePriceCalculationPropertyTest" assertions="4" time="0.043405"/>
          <testcase name="test_payment_session_amount_equals_plan_price_not_client_supplied_value with data set &quot;iteration_26&quot;" file="E:\coupony-backend\tests\Property\ServerSidePriceCalculationPropertyTest.php" line="49" class="Tests\Property\ServerSidePriceCalculationPropertyTest" classname="Tests.Property.ServerSidePriceCalculationPropertyTest" assertions="4" time="0.140763"/>
          <testcase name="test_payment_session_amount_equals_plan_price_not_client_supplied_value with data set &quot;iteration_27&quot;" file="E:\coupony-backend\tests\Property\ServerSidePriceCalculationPropertyTest.php" line="49" class="Tests\Property\ServerSidePriceCalculationPropertyTest" classname="Tests.Property.ServerSidePriceCalculationPropertyTest" assertions="4" time="0.044991"/>
          <testcase name="test_payment_session_amount_equals_plan_price_not_client_supplied_value with data set &quot;iteration_28&quot;" file="E:\coupony-backend\tests\Property\ServerSidePriceCalculationPropertyTest.php" line="49" class="Tests\Property\ServerSidePriceCalculationPropertyTest" classname="Tests.Property.ServerSidePriceCalculationPropertyTest" assertions="4" time="0.043480"/>
          <testcase name="test_payment_session_amount_equals_plan_price_not_client_supplied_value with data set &quot;iteration_29&quot;" file="E:\coupony-backend\tests\Property\ServerSidePriceCalculationPropertyTest.php" line="49" class="Tests\Property\ServerSidePriceCalculationPropertyTest" classname="Tests.Property.ServerSidePriceCalculationPropertyTest" assertions="4" time="0.042917"/>
          <testcase name="test_payment_session_amount_equals_plan_price_not_client_supplied_value with data set &quot;iteration_30&quot;" file="E:\coupony-backend\tests\Property\ServerSidePriceCalculationPropertyTest.php" line="49" class="Tests\Property\ServerSidePriceCalculationPropertyTest" classname="Tests.Property.ServerSidePriceCalculationPropertyTest" assertions="4" time="0.043733"/>
          <testcase name="test_payment_session_amount_equals_plan_price_not_client_supplied_value with data set &quot;iteration_31&quot;" file="E:\coupony-backend\tests\Property\ServerSidePriceCalculationPropertyTest.php" line="49" class="Tests\Property\ServerSidePriceCalculationPropertyTest" classname="Tests.Property.ServerSidePriceCalculationPropertyTest" assertions="4" time="0.045637"/>
          <testcase name="test_payment_session_amount_equals_plan_price_not_client_supplied_value with data set &quot;iteration_32&quot;" file="E:\coupony-backend\tests\Property\ServerSidePriceCalculationPropertyTest.php" line="49" class="Tests\Property\ServerSidePriceCalculationPropertyTest" classname="Tests.Property.ServerSidePriceCalculationPropertyTest" assertions="4" time="0.052789"/>
          <testcase name="test_payment_session_amount_equals_plan_price_not_client_supplied_value with data set &quot;iteration_33&quot;" file="E:\coupony-backend\tests\Property\ServerSidePriceCalculationPropertyTest.php" line="49" class="Tests\Property\ServerSidePriceCalculationPropertyTest" classname="Tests.Property.ServerSidePriceCalculationPropertyTest" assertions="4" time="0.045554"/>
          <testcase name="test_payment_session_amount_equals_plan_price_not_client_supplied_value with data set &quot;iteration_34&quot;" file="E:\coupony-backend\tests\Property\ServerSidePriceCalculationPropertyTest.php" line="49" class="Tests\Property\ServerSidePriceCalculationPropertyTest" classname="Tests.Property.ServerSidePriceCalculationPropertyTest" assertions="4" time="0.046475"/>
          <testcase name="test_payment_session_amount_equals_plan_price_not_client_supplied_value with data set &quot;iteration_35&quot;" file="E:\coupony-backend\tests\Property\ServerSidePriceCalculationPropertyTest.php" line="49" class="Tests\Property\ServerSidePriceCalculationPropertyTest" classname="Tests.Property.ServerSidePriceCalculationPropertyTest" assertions="4" time="0.142346"/>
          <testcase name="test_payment_session_amount_equals_plan_price_not_client_supplied_value with data set &quot;iteration_36&quot;" file="E:\coupony-backend\tests\Property\ServerSidePriceCalculationPropertyTest.php" line="49" class="Tests\Property\ServerSidePriceCalculationPropertyTest" classname="Tests.Property.ServerSidePriceCalculationPropertyTest" assertions="4" time="0.048504"/>
          <testcase name="test_payment_session_amount_equals_plan_price_not_client_supplied_value with data set &quot;iteration_37&quot;" file="E:\coupony-backend\tests\Property\ServerSidePriceCalculationPropertyTest.php" line="49" class="Tests\Property\ServerSidePriceCalculationPropertyTest" classname="Tests.Property.ServerSidePriceCalculationPropertyTest" assertions="4" time="0.047254"/>
          <testcase name="test_payment_session_amount_equals_plan_price_not_client_supplied_value with data set &quot;iteration_38&quot;" file="E:\coupony-backend\tests\Property\ServerSidePriceCalculationPropertyTest.php" line="49" class="Tests\Property\ServerSidePriceCalculationPropertyTest" classname="Tests.Property.ServerSidePriceCalculationPropertyTest" assertions="4" time="0.043604"/>
          <testcase name="test_payment_session_amount_equals_plan_price_not_client_supplied_value with data set &quot;iteration_39&quot;" file="E:\coupony-backend\tests\Property\ServerSidePriceCalculationPropertyTest.php" line="49" class="Tests\Property\ServerSidePriceCalculationPropertyTest" classname="Tests.Property.ServerSidePriceCalculationPropertyTest" assertions="4" time="0.046379"/>
          <testcase name="test_payment_session_amount_equals_plan_price_not_client_supplied_value with data set &quot;iteration_40&quot;" file="E:\coupony-backend\tests\Property\ServerSidePriceCalculationPropertyTest.php" line="49" class="Tests\Property\ServerSidePriceCalculationPropertyTest" classname="Tests.Property.ServerSidePriceCalculationPropertyTest" assertions="4" time="0.046465"/>
          <testcase name="test_payment_session_amount_equals_plan_price_not_client_supplied_value with data set &quot;iteration_41&quot;" file="E:\coupony-backend\tests\Property\ServerSidePriceCalculationPropertyTest.php" line="49" class="Tests\Property\ServerSidePriceCalculationPropertyTest" classname="Tests.Property.ServerSidePriceCalculationPropertyTest" assertions="4" time="0.053511"/>
          <testcase name="test_payment_session_amount_equals_plan_price_not_client_supplied_value with data set &quot;iteration_42&quot;" file="E:\coupony-backend\tests\Property\ServerSidePriceCalculationPropertyTest.php" line="49" class="Tests\Property\ServerSidePriceCalculationPropertyTest" classname="Tests.Property.ServerSidePriceCalculationPropertyTest" assertions="4" time="0.046723"/>
          <testcase name="test_payment_session_amount_equals_plan_price_not_client_supplied_value with data set &quot;iteration_43&quot;" file="E:\coupony-backend\tests\Property\ServerSidePriceCalculationPropertyTest.php" line="49" class="Tests\Property\ServerSidePriceCalculationPropertyTest" classname="Tests.Property.ServerSidePriceCalculationPropertyTest" assertions="4" time="0.041843"/>
          <testcase name="test_payment_session_amount_equals_plan_price_not_client_supplied_value with data set &quot;iteration_44&quot;" file="E:\coupony-backend\tests\Property\ServerSidePriceCalculationPropertyTest.php" line="49" class="Tests\Property\ServerSidePriceCalculationPropertyTest" classname="Tests.Property.ServerSidePriceCalculationPropertyTest" assertions="4" time="0.139864"/>
          <testcase name="test_payment_session_amount_equals_plan_price_not_client_supplied_value with data set &quot;iteration_45&quot;" file="E:\coupony-backend\tests\Property\ServerSidePriceCalculationPropertyTest.php" line="49" class="Tests\Property\ServerSidePriceCalculationPropertyTest" classname="Tests.Property.ServerSidePriceCalculationPropertyTest" assertions="4" time="0.039151"/>
          <testcase name="test_payment_session_amount_equals_plan_price_not_client_supplied_value with data set &quot;iteration_46&quot;" file="E:\coupony-backend\tests\Property\ServerSidePriceCalculationPropertyTest.php" line="49" class="Tests\Property\ServerSidePriceCalculationPropertyTest" classname="Tests.Property.ServerSidePriceCalculationPropertyTest" assertions="4" time="0.039145"/>
          <testcase name="test_payment_session_amount_equals_plan_price_not_client_supplied_value with data set &quot;iteration_47&quot;" file="E:\coupony-backend\tests\Property\ServerSidePriceCalculationPropertyTest.php" line="49" class="Tests\Property\ServerSidePriceCalculationPropertyTest" classname="Tests.Property.ServerSidePriceCalculationPropertyTest" assertions="4" time="0.038539"/>
          <testcase name="test_payment_session_amount_equals_plan_price_not_client_supplied_value with data set &quot;iteration_48&quot;" file="E:\coupony-backend\tests\Property\ServerSidePriceCalculationPropertyTest.php" line="49" class="Tests\Property\ServerSidePriceCalculationPropertyTest" classname="Tests.Property.ServerSidePriceCalculationPropertyTest" assertions="4" time="0.039743"/>
          <testcase name="test_payment_session_amount_equals_plan_price_not_client_supplied_value with data set &quot;iteration_49&quot;" file="E:\coupony-backend\tests\Property\ServerSidePriceCalculationPropertyTest.php" line="49" class="Tests\Property\ServerSidePriceCalculationPropertyTest" classname="Tests.Property.ServerSidePriceCalculationPropertyTest" assertions="4" time="0.039543"/>
          <testcase name="test_payment_session_amount_equals_plan_price_not_client_supplied_value with data set &quot;iteration_50&quot;" file="E:\coupony-backend\tests\Property\ServerSidePriceCalculationPropertyTest.php" line="49" class="Tests\Property\ServerSidePriceCalculationPropertyTest" classname="Tests.Property.ServerSidePriceCalculationPropertyTest" assertions="4" time="0.037971"/>
          <testcase name="test_payment_session_amount_equals_plan_price_not_client_supplied_value with data set &quot;iteration_51&quot;" file="E:\coupony-backend\tests\Property\ServerSidePriceCalculationPropertyTest.php" line="49" class="Tests\Property\ServerSidePriceCalculationPropertyTest" classname="Tests.Property.ServerSidePriceCalculationPropertyTest" assertions="4" time="0.037821"/>
          <testcase name="test_payment_session_amount_equals_plan_price_not_client_supplied_value with data set &quot;iteration_52&quot;" file="E:\coupony-backend\tests\Property\ServerSidePriceCalculationPropertyTest.php" line="49" class="Tests\Property\ServerSidePriceCalculationPropertyTest" classname="Tests.Property.ServerSidePriceCalculationPropertyTest" assertions="4" time="0.039927"/>
          <testcase name="test_payment_session_amount_equals_plan_price_not_client_supplied_value with data set &quot;iteration_53&quot;" file="E:\coupony-backend\tests\Property\ServerSidePriceCalculationPropertyTest.php" line="49" class="Tests\Property\ServerSidePriceCalculationPropertyTest" classname="Tests.Property.ServerSidePriceCalculationPropertyTest" assertions="4" time="0.132490"/>
          <testcase name="test_payment_session_amount_equals_plan_price_not_client_supplied_value with data set &quot;iteration_54&quot;" file="E:\coupony-backend\tests\Property\ServerSidePriceCalculationPropertyTest.php" line="49" class="Tests\Property\ServerSidePriceCalculationPropertyTest" classname="Tests.Property.ServerSidePriceCalculationPropertyTest" assertions="4" time="0.035604"/>
          <testcase name="test_payment_session_amount_equals_plan_price_not_client_supplied_value with data set &quot;iteration_55&quot;" file="E:\coupony-backend\tests\Property\ServerSidePriceCalculationPropertyTest.php" line="49" class="Tests\Property\ServerSidePriceCalculationPropertyTest" classname="Tests.Property.ServerSidePriceCalculationPropertyTest" assertions="4" time="0.038070"/>
          <testcase name="test_payment_session_amount_equals_plan_price_not_client_supplied_value with data set &quot;iteration_56&quot;" file="E:\coupony-backend\tests\Property\ServerSidePriceCalculationPropertyTest.php" line="49" class="Tests\Property\ServerSidePriceCalculationPropertyTest" classname="Tests.Property.ServerSidePriceCalculationPropertyTest" assertions="4" time="0.037212"/>
          <testcase name="test_payment_session_amount_equals_plan_price_not_client_supplied_value with data set &quot;iteration_57&quot;" file="E:\coupony-backend\tests\Property\ServerSidePriceCalculationPropertyTest.php" line="49" class="Tests\Property\ServerSidePriceCalculationPropertyTest" classname="Tests.Property.ServerSidePriceCalculationPropertyTest" assertions="4" time="0.044796"/>
          <testcase name="test_payment_session_amount_equals_plan_price_not_client_supplied_value with data set &quot;iteration_58&quot;" file="E:\coupony-backend\tests\Property\ServerSidePriceCalculationPropertyTest.php" line="49" class="Tests\Property\ServerSidePriceCalculationPropertyTest" classname="Tests.Property.ServerSidePriceCalculationPropertyTest" assertions="4" time="0.040886"/>
          <testcase name="test_payment_session_amount_equals_plan_price_not_client_supplied_value with data set &quot;iteration_59&quot;" file="E:\coupony-backend\tests\Property\ServerSidePriceCalculationPropertyTest.php" line="49" class="Tests\Property\ServerSidePriceCalculationPropertyTest" classname="Tests.Property.ServerSidePriceCalculationPropertyTest" assertions="4" time="0.041011"/>
          <testcase name="test_payment_session_amount_equals_plan_price_not_client_supplied_value with data set &quot;iteration_60&quot;" file="E:\coupony-backend\tests\Property\ServerSidePriceCalculationPropertyTest.php" line="49" class="Tests\Property\ServerSidePriceCalculationPropertyTest" classname="Tests.Property.ServerSidePriceCalculationPropertyTest" assertions="4" time="0.041082"/>
          <testcase name="test_payment_session_amount_equals_plan_price_not_client_supplied_value with data set &quot;iteration_61&quot;" file="E:\coupony-backend\tests\Property\ServerSidePriceCalculationPropertyTest.php" line="49" class="Tests\Property\ServerSidePriceCalculationPropertyTest" classname="Tests.Property.ServerSidePriceCalculationPropertyTest" assertions="4" time="0.040477"/>
          <testcase name="test_payment_session_amount_equals_plan_price_not_client_supplied_value with data set &quot;iteration_62&quot;" file="E:\coupony-backend\tests\Property\ServerSidePriceCalculationPropertyTest.php" line="49" class="Tests\Property\ServerSidePriceCalculationPropertyTest" classname="Tests.Property.ServerSidePriceCalculationPropertyTest" assertions="4" time="0.115001"/>
          <testcase name="test_payment_session_amount_equals_plan_price_not_client_supplied_value with data set &quot;iteration_63&quot;" file="E:\coupony-backend\tests\Property\ServerSidePriceCalculationPropertyTest.php" line="49" class="Tests\Property\ServerSidePriceCalculationPropertyTest" classname="Tests.Property.ServerSidePriceCalculationPropertyTest" assertions="4" time="0.036651"/>
          <testcase name="test_payment_session_amount_equals_plan_price_not_client_supplied_value with data set &quot;iteration_64&quot;" file="E:\coupony-backend\tests\Property\ServerSidePriceCalculationPropertyTest.php" line="49" class="Tests\Property\ServerSidePriceCalculationPropertyTest" classname="Tests.Property.ServerSidePriceCalculationPropertyTest" assertions="4" time="0.037609"/>
          <testcase name="test_payment_session_amount_equals_plan_price_not_client_supplied_value with data set &quot;iteration_65&quot;" file="E:\coupony-backend\tests\Property\ServerSidePriceCalculationPropertyTest.php" line="49" class="Tests\Property\ServerSidePriceCalculationPropertyTest" classname="Tests.Property.ServerSidePriceCalculationPropertyTest" assertions="4" time="0.035867"/>
          <testcase name="test_payment_session_amount_equals_plan_price_not_client_supplied_value with data set &quot;iteration_66&quot;" file="E:\coupony-backend\tests\Property\ServerSidePriceCalculationPropertyTest.php" line="49" class="Tests\Property\ServerSidePriceCalculationPropertyTest" classname="Tests.Property.ServerSidePriceCalculationPropertyTest" assertions="4" time="0.035857"/>
          <testcase name="test_payment_session_amount_equals_plan_price_not_client_supplied_value with data set &quot;iteration_67&quot;" file="E:\coupony-backend\tests\Property\ServerSidePriceCalculationPropertyTest.php" line="49" class="Tests\Property\ServerSidePriceCalculationPropertyTest" classname="Tests.Property.ServerSidePriceCalculationPropertyTest" assertions="4" time="0.037044"/>
          <testcase name="test_payment_session_amount_equals_plan_price_not_client_supplied_value with data set &quot;iteration_68&quot;" file="E:\coupony-backend\tests\Property\ServerSidePriceCalculationPropertyTest.php" line="49" class="Tests\Property\ServerSidePriceCalculationPropertyTest" classname="Tests.Property.ServerSidePriceCalculationPropertyTest" assertions="4" time="0.036548"/>
          <testcase name="test_payment_session_amount_equals_plan_price_not_client_supplied_value with data set &quot;iteration_69&quot;" file="E:\coupony-backend\tests\Property\ServerSidePriceCalculationPropertyTest.php" line="49" class="Tests\Property\ServerSidePriceCalculationPropertyTest" classname="Tests.Property.ServerSidePriceCalculationPropertyTest" assertions="4" time="0.037795"/>
          <testcase name="test_payment_session_amount_equals_plan_price_not_client_supplied_value with data set &quot;iteration_70&quot;" file="E:\coupony-backend\tests\Property\ServerSidePriceCalculationPropertyTest.php" line="49" class="Tests\Property\ServerSidePriceCalculationPropertyTest" classname="Tests.Property.ServerSidePriceCalculationPropertyTest" assertions="4" time="0.034648"/>
          <testcase name="test_payment_session_amount_equals_plan_price_not_client_supplied_value with data set &quot;iteration_71&quot;" file="E:\coupony-backend\tests\Property\ServerSidePriceCalculationPropertyTest.php" line="49" class="Tests\Property\ServerSidePriceCalculationPropertyTest" classname="Tests.Property.ServerSidePriceCalculationPropertyTest" assertions="4" time="0.117024"/>
          <testcase name="test_payment_session_amount_equals_plan_price_not_client_supplied_value with data set &quot;iteration_72&quot;" file="E:\coupony-backend\tests\Property\ServerSidePriceCalculationPropertyTest.php" line="49" class="Tests\Property\ServerSidePriceCalculationPropertyTest" classname="Tests.Property.ServerSidePriceCalculationPropertyTest" assertions="4" time="0.039256"/>
          <testcase name="test_payment_session_amount_equals_plan_price_not_client_supplied_value with data set &quot;iteration_73&quot;" file="E:\coupony-backend\tests\Property\ServerSidePriceCalculationPropertyTest.php" line="49" class="Tests\Property\ServerSidePriceCalculationPropertyTest" classname="Tests.Property.ServerSidePriceCalculationPropertyTest" assertions="4" time="0.037653"/>
          <testcase name="test_payment_session_amount_equals_plan_price_not_client_supplied_value with data set &quot;iteration_74&quot;" file="E:\coupony-backend\tests\Property\ServerSidePriceCalculationPropertyTest.php" line="49" class="Tests\Property\ServerSidePriceCalculationPropertyTest" classname="Tests.Property.ServerSidePriceCalculationPropertyTest" assertions="4" time="0.039499"/>
          <testcase name="test_payment_session_amount_equals_plan_price_not_client_supplied_value with data set &quot;iteration_75&quot;" file="E:\coupony-backend\tests\Property\ServerSidePriceCalculationPropertyTest.php" line="49" class="Tests\Property\ServerSidePriceCalculationPropertyTest" classname="Tests.Property.ServerSidePriceCalculationPropertyTest" assertions="4" time="0.046575"/>
          <testcase name="test_payment_session_amount_equals_plan_price_not_client_supplied_value with data set &quot;iteration_76&quot;" file="E:\coupony-backend\tests\Property\ServerSidePriceCalculationPropertyTest.php" line="49" class="Tests\Property\ServerSidePriceCalculationPropertyTest" classname="Tests.Property.ServerSidePriceCalculationPropertyTest" assertions="4" time="0.037454"/>
          <testcase name="test_payment_session_amount_equals_plan_price_not_client_supplied_value with data set &quot;iteration_77&quot;" file="E:\coupony-backend\tests\Property\ServerSidePriceCalculationPropertyTest.php" line="49" class="Tests\Property\ServerSidePriceCalculationPropertyTest" classname="Tests.Property.ServerSidePriceCalculationPropertyTest" assertions="4" time="0.038689"/>
          <testcase name="test_payment_session_amount_equals_plan_price_not_client_supplied_value with data set &quot;iteration_78&quot;" file="E:\coupony-backend\tests\Property\ServerSidePriceCalculationPropertyTest.php" line="49" class="Tests\Property\ServerSidePriceCalculationPropertyTest" classname="Tests.Property.ServerSidePriceCalculationPropertyTest" assertions="4" time="0.038759"/>
          <testcase name="test_payment_session_amount_equals_plan_price_not_client_supplied_value with data set &quot;iteration_79&quot;" file="E:\coupony-backend\tests\Property\ServerSidePriceCalculationPropertyTest.php" line="49" class="Tests\Property\ServerSidePriceCalculationPropertyTest" classname="Tests.Property.ServerSidePriceCalculationPropertyTest" assertions="4" time="0.038061"/>
          <testcase name="test_payment_session_amount_equals_plan_price_not_client_supplied_value with data set &quot;iteration_80&quot;" file="E:\coupony-backend\tests\Property\ServerSidePriceCalculationPropertyTest.php" line="49" class="Tests\Property\ServerSidePriceCalculationPropertyTest" classname="Tests.Property.ServerSidePriceCalculationPropertyTest" assertions="4" time="0.120900"/>
          <testcase name="test_payment_session_amount_equals_plan_price_not_client_supplied_value with data set &quot;iteration_81&quot;" file="E:\coupony-backend\tests\Property\ServerSidePriceCalculationPropertyTest.php" line="49" class="Tests\Property\ServerSidePriceCalculationPropertyTest" classname="Tests.Property.ServerSidePriceCalculationPropertyTest" assertions="4" time="0.039126"/>
          <testcase name="test_payment_session_amount_equals_plan_price_not_client_supplied_value with data set &quot;iteration_82&quot;" file="E:\coupony-backend\tests\Property\ServerSidePriceCalculationPropertyTest.php" line="49" class="Tests\Property\ServerSidePriceCalculationPropertyTest" classname="Tests.Property.ServerSidePriceCalculationPropertyTest" assertions="4" time="0.038453"/>
          <testcase name="test_payment_session_amount_equals_plan_price_not_client_supplied_value with data set &quot;iteration_83&quot;" file="E:\coupony-backend\tests\Property\ServerSidePriceCalculationPropertyTest.php" line="49" class="Tests\Property\ServerSidePriceCalculationPropertyTest" classname="Tests.Property.ServerSidePriceCalculationPropertyTest" assertions="4" time="0.037522"/>
          <testcase name="test_payment_session_amount_equals_plan_price_not_client_supplied_value with data set &quot;iteration_84&quot;" file="E:\coupony-backend\tests\Property\ServerSidePriceCalculationPropertyTest.php" line="49" class="Tests\Property\ServerSidePriceCalculationPropertyTest" classname="Tests.Property.ServerSidePriceCalculationPropertyTest" assertions="4" time="0.036599"/>
          <testcase name="test_payment_session_amount_equals_plan_price_not_client_supplied_value with data set &quot;iteration_85&quot;" file="E:\coupony-backend\tests\Property\ServerSidePriceCalculationPropertyTest.php" line="49" class="Tests\Property\ServerSidePriceCalculationPropertyTest" classname="Tests.Property.ServerSidePriceCalculationPropertyTest" assertions="4" time="0.038091"/>
          <testcase name="test_payment_session_amount_equals_plan_price_not_client_supplied_value with data set &quot;iteration_86&quot;" file="E:\coupony-backend\tests\Property\ServerSidePriceCalculationPropertyTest.php" line="49" class="Tests\Property\ServerSidePriceCalculationPropertyTest" classname="Tests.Property.ServerSidePriceCalculationPropertyTest" assertions="4" time="0.038243"/>
          <testcase name="test_payment_session_amount_equals_plan_price_not_client_supplied_value with data set &quot;iteration_87&quot;" file="E:\coupony-backend\tests\Property\ServerSidePriceCalculationPropertyTest.php" line="49" class="Tests\Property\ServerSidePriceCalculationPropertyTest" classname="Tests.Property.ServerSidePriceCalculationPropertyTest" assertions="4" time="0.038231"/>
          <testcase name="test_payment_session_amount_equals_plan_price_not_client_supplied_value with data set &quot;iteration_88&quot;" file="E:\coupony-backend\tests\Property\ServerSidePriceCalculationPropertyTest.php" line="49" class="Tests\Property\ServerSidePriceCalculationPropertyTest" classname="Tests.Property.ServerSidePriceCalculationPropertyTest" assertions="4" time="0.034674"/>
          <testcase name="test_payment_session_amount_equals_plan_price_not_client_supplied_value with data set &quot;iteration_89&quot;" file="E:\coupony-backend\tests\Property\ServerSidePriceCalculationPropertyTest.php" line="49" class="Tests\Property\ServerSidePriceCalculationPropertyTest" classname="Tests.Property.ServerSidePriceCalculationPropertyTest" assertions="4" time="0.115235"/>
          <testcase name="test_payment_session_amount_equals_plan_price_not_client_supplied_value with data set &quot;iteration_90&quot;" file="E:\coupony-backend\tests\Property\ServerSidePriceCalculationPropertyTest.php" line="49" class="Tests\Property\ServerSidePriceCalculationPropertyTest" classname="Tests.Property.ServerSidePriceCalculationPropertyTest" assertions="4" time="0.036752"/>
          <testcase name="test_payment_session_amount_equals_plan_price_not_client_supplied_value with data set &quot;iteration_91&quot;" file="E:\coupony-backend\tests\Property\ServerSidePriceCalculationPropertyTest.php" line="49" class="Tests\Property\ServerSidePriceCalculationPropertyTest" classname="Tests.Property.ServerSidePriceCalculationPropertyTest" assertions="4" time="0.034465"/>
          <testcase name="test_payment_session_amount_equals_plan_price_not_client_supplied_value with data set &quot;iteration_92&quot;" file="E:\coupony-backend\tests\Property\ServerSidePriceCalculationPropertyTest.php" line="49" class="Tests\Property\ServerSidePriceCalculationPropertyTest" classname="Tests.Property.ServerSidePriceCalculationPropertyTest" assertions="4" time="0.036571"/>
          <testcase name="test_payment_session_amount_equals_plan_price_not_client_supplied_value with data set &quot;iteration_93&quot;" file="E:\coupony-backend\tests\Property\ServerSidePriceCalculationPropertyTest.php" line="49" class="Tests\Property\ServerSidePriceCalculationPropertyTest" classname="Tests.Property.ServerSidePriceCalculationPropertyTest" assertions="4" time="0.035942"/>
          <testcase name="test_payment_session_amount_equals_plan_price_not_client_supplied_value with data set &quot;iteration_94&quot;" file="E:\coupony-backend\tests\Property\ServerSidePriceCalculationPropertyTest.php" line="49" class="Tests\Property\ServerSidePriceCalculationPropertyTest" classname="Tests.Property.ServerSidePriceCalculationPropertyTest" assertions="4" time="0.040739"/>
          <testcase name="test_payment_session_amount_equals_plan_price_not_client_supplied_value with data set &quot;iteration_95&quot;" file="E:\coupony-backend\tests\Property\ServerSidePriceCalculationPropertyTest.php" line="49" class="Tests\Property\ServerSidePriceCalculationPropertyTest" classname="Tests.Property.ServerSidePriceCalculationPropertyTest" assertions="4" time="0.037952"/>
          <testcase name="test_payment_session_amount_equals_plan_price_not_client_supplied_value with data set &quot;iteration_96&quot;" file="E:\coupony-backend\tests\Property\ServerSidePriceCalculationPropertyTest.php" line="49" class="Tests\Property\ServerSidePriceCalculationPropertyTest" classname="Tests.Property.ServerSidePriceCalculationPropertyTest" assertions="4" time="0.036174"/>
          <testcase name="test_payment_session_amount_equals_plan_price_not_client_supplied_value with data set &quot;iteration_97&quot;" file="E:\coupony-backend\tests\Property\ServerSidePriceCalculationPropertyTest.php" line="49" class="Tests\Property\ServerSidePriceCalculationPropertyTest" classname="Tests.Property.ServerSidePriceCalculationPropertyTest" assertions="4" time="0.037598"/>
          <testcase name="test_payment_session_amount_equals_plan_price_not_client_supplied_value with data set &quot;iteration_98&quot;" file="E:\coupony-backend\tests\Property\ServerSidePriceCalculationPropertyTest.php" line="49" class="Tests\Property\ServerSidePriceCalculationPropertyTest" classname="Tests.Property.ServerSidePriceCalculationPropertyTest" assertions="4" time="0.117476"/>
          <testcase name="test_payment_session_amount_equals_plan_price_not_client_supplied_value with data set &quot;iteration_99&quot;" file="E:\coupony-backend\tests\Property\ServerSidePriceCalculationPropertyTest.php" line="49" class="Tests\Property\ServerSidePriceCalculationPropertyTest" classname="Tests.Property.ServerSidePriceCalculationPropertyTest" assertions="4" time="0.036983"/>
          <testcase name="test_payment_session_amount_equals_plan_price_not_client_supplied_value with data set &quot;iteration_100&quot;" file="E:\coupony-backend\tests\Property\ServerSidePriceCalculationPropertyTest.php" line="49" class="Tests\Property\ServerSidePriceCalculationPropertyTest" classname="Tests.Property.ServerSidePriceCalculationPropertyTest" assertions="4" time="0.035266"/>
          <testcase name="test_payment_session_amount_equals_plan_price_not_client_supplied_value with data set &quot;iteration_101&quot;" file="E:\coupony-backend\tests\Property\ServerSidePriceCalculationPropertyTest.php" line="49" class="Tests\Property\ServerSidePriceCalculationPropertyTest" classname="Tests.Property.ServerSidePriceCalculationPropertyTest" assertions="4" time="0.037755"/>
          <testcase name="test_payment_session_amount_equals_plan_price_not_client_supplied_value with data set &quot;iteration_102&quot;" file="E:\coupony-backend\tests\Property\ServerSidePriceCalculationPropertyTest.php" line="49" class="Tests\Property\ServerSidePriceCalculationPropertyTest" classname="Tests.Property.ServerSidePriceCalculationPropertyTest" assertions="4" time="0.041701"/>
          <testcase name="test_payment_session_amount_equals_plan_price_not_client_supplied_value with data set &quot;iteration_103&quot;" file="E:\coupony-backend\tests\Property\ServerSidePriceCalculationPropertyTest.php" line="49" class="Tests\Property\ServerSidePriceCalculationPropertyTest" classname="Tests.Property.ServerSidePriceCalculationPropertyTest" assertions="4" time="0.045445"/>
          <testcase name="test_payment_session_amount_equals_plan_price_not_client_supplied_value with data set &quot;iteration_104&quot;" file="E:\coupony-backend\tests\Property\ServerSidePriceCalculationPropertyTest.php" line="49" class="Tests\Property\ServerSidePriceCalculationPropertyTest" classname="Tests.Property.ServerSidePriceCalculationPropertyTest" assertions="4" time="0.049890"/>
          <testcase name="test_payment_session_amount_equals_plan_price_not_client_supplied_value with data set &quot;iteration_105&quot;" file="E:\coupony-backend\tests\Property\ServerSidePriceCalculationPropertyTest.php" line="49" class="Tests\Property\ServerSidePriceCalculationPropertyTest" classname="Tests.Property.ServerSidePriceCalculationPropertyTest" assertions="4" time="0.041616"/>
          <testcase name="test_payment_session_amount_equals_plan_price_not_client_supplied_value with data set &quot;iteration_106&quot;" file="E:\coupony-backend\tests\Property\ServerSidePriceCalculationPropertyTest.php" line="49" class="Tests\Property\ServerSidePriceCalculationPropertyTest" classname="Tests.Property.ServerSidePriceCalculationPropertyTest" assertions="4" time="0.039295"/>
          <testcase name="test_payment_session_amount_equals_plan_price_not_client_supplied_value with data set &quot;iteration_107&quot;" file="E:\coupony-backend\tests\Property\ServerSidePriceCalculationPropertyTest.php" line="49" class="Tests\Property\ServerSidePriceCalculationPropertyTest" classname="Tests.Property.ServerSidePriceCalculationPropertyTest" assertions="4" time="0.120505"/>
          <testcase name="test_payment_session_amount_equals_plan_price_not_client_supplied_value with data set &quot;iteration_108&quot;" file="E:\coupony-backend\tests\Property\ServerSidePriceCalculationPropertyTest.php" line="49" class="Tests\Property\ServerSidePriceCalculationPropertyTest" classname="Tests.Property.ServerSidePriceCalculationPropertyTest" assertions="4" time="0.039488"/>
          <testcase name="test_payment_session_amount_equals_plan_price_not_client_supplied_value with data set &quot;iteration_109&quot;" file="E:\coupony-backend\tests\Property\ServerSidePriceCalculationPropertyTest.php" line="49" class="Tests\Property\ServerSidePriceCalculationPropertyTest" classname="Tests.Property.ServerSidePriceCalculationPropertyTest" assertions="4" time="0.041851"/>
        </testsuite>
      </testsuite>
      <testsuite name="Tests\Property\SessionSingleUseEnforcementPropertyTest" file="E:\coupony-backend\tests\Property\SessionSingleUseEnforcementPropertyTest.php" tests="100" assertions="100" errors="0" failures="0" skipped="0" time="4.810742">
        <testsuite name="Tests\Property\SessionSingleUseEnforcementPropertyTest::test_confirming_a_failed_session_throws_payment_session_already_used_exception" tests="100" assertions="100" errors="0" failures="0" skipped="0" time="4.810742">
          <testcase name="test_confirming_a_failed_session_throws_payment_session_already_used_exception with data set &quot;iteration_0_monthly&quot;" file="E:\coupony-backend\tests\Property\SessionSingleUseEnforcementPropertyTest.php" line="59" class="Tests\Property\SessionSingleUseEnforcementPropertyTest" classname="Tests.Property.SessionSingleUseEnforcementPropertyTest" assertions="1" time="0.046582"/>
          <testcase name="test_confirming_a_failed_session_throws_payment_session_already_used_exception with data set &quot;iteration_1_yearly&quot;" file="E:\coupony-backend\tests\Property\SessionSingleUseEnforcementPropertyTest.php" line="59" class="Tests\Property\SessionSingleUseEnforcementPropertyTest" classname="Tests.Property.SessionSingleUseEnforcementPropertyTest" assertions="1" time="0.037060"/>
          <testcase name="test_confirming_a_failed_session_throws_payment_session_already_used_exception with data set &quot;iteration_2_yearly&quot;" file="E:\coupony-backend\tests\Property\SessionSingleUseEnforcementPropertyTest.php" line="59" class="Tests\Property\SessionSingleUseEnforcementPropertyTest" classname="Tests.Property.SessionSingleUseEnforcementPropertyTest" assertions="1" time="0.037040"/>
          <testcase name="test_confirming_a_failed_session_throws_payment_session_already_used_exception with data set &quot;iteration_3_monthly&quot;" file="E:\coupony-backend\tests\Property\SessionSingleUseEnforcementPropertyTest.php" line="59" class="Tests\Property\SessionSingleUseEnforcementPropertyTest" classname="Tests.Property.SessionSingleUseEnforcementPropertyTest" assertions="1" time="0.038600"/>
          <testcase name="test_confirming_a_failed_session_throws_payment_session_already_used_exception with data set &quot;iteration_4_yearly&quot;" file="E:\coupony-backend\tests\Property\SessionSingleUseEnforcementPropertyTest.php" line="59" class="Tests\Property\SessionSingleUseEnforcementPropertyTest" classname="Tests.Property.SessionSingleUseEnforcementPropertyTest" assertions="1" time="0.035376"/>
          <testcase name="test_confirming_a_failed_session_throws_payment_session_already_used_exception with data set &quot;iteration_5_yearly&quot;" file="E:\coupony-backend\tests\Property\SessionSingleUseEnforcementPropertyTest.php" line="59" class="Tests\Property\SessionSingleUseEnforcementPropertyTest" classname="Tests.Property.SessionSingleUseEnforcementPropertyTest" assertions="1" time="0.115715"/>
          <testcase name="test_confirming_a_failed_session_throws_payment_session_already_used_exception with data set &quot;iteration_6_monthly&quot;" file="E:\coupony-backend\tests\Property\SessionSingleUseEnforcementPropertyTest.php" line="59" class="Tests\Property\SessionSingleUseEnforcementPropertyTest" classname="Tests.Property.SessionSingleUseEnforcementPropertyTest" assertions="1" time="0.037287"/>
          <testcase name="test_confirming_a_failed_session_throws_payment_session_already_used_exception with data set &quot;iteration_7_yearly&quot;" file="E:\coupony-backend\tests\Property\SessionSingleUseEnforcementPropertyTest.php" line="59" class="Tests\Property\SessionSingleUseEnforcementPropertyTest" classname="Tests.Property.SessionSingleUseEnforcementPropertyTest" assertions="1" time="0.036988"/>
          <testcase name="test_confirming_a_failed_session_throws_payment_session_already_used_exception with data set &quot;iteration_8_monthly&quot;" file="E:\coupony-backend\tests\Property\SessionSingleUseEnforcementPropertyTest.php" line="59" class="Tests\Property\SessionSingleUseEnforcementPropertyTest" classname="Tests.Property.SessionSingleUseEnforcementPropertyTest" assertions="1" time="0.037532"/>
          <testcase name="test_confirming_a_failed_session_throws_payment_session_already_used_exception with data set &quot;iteration_9_yearly&quot;" file="E:\coupony-backend\tests\Property\SessionSingleUseEnforcementPropertyTest.php" line="59" class="Tests\Property\SessionSingleUseEnforcementPropertyTest" classname="Tests.Property.SessionSingleUseEnforcementPropertyTest" assertions="1" time="0.039129"/>
          <testcase name="test_confirming_a_failed_session_throws_payment_session_already_used_exception with data set &quot;iteration_10_monthly&quot;" file="E:\coupony-backend\tests\Property\SessionSingleUseEnforcementPropertyTest.php" line="59" class="Tests\Property\SessionSingleUseEnforcementPropertyTest" classname="Tests.Property.SessionSingleUseEnforcementPropertyTest" assertions="1" time="0.040474"/>
          <testcase name="test_confirming_a_failed_session_throws_payment_session_already_used_exception with data set &quot;iteration_11_monthly&quot;" file="E:\coupony-backend\tests\Property\SessionSingleUseEnforcementPropertyTest.php" line="59" class="Tests\Property\SessionSingleUseEnforcementPropertyTest" classname="Tests.Property.SessionSingleUseEnforcementPropertyTest" assertions="1" time="0.037744"/>
          <testcase name="test_confirming_a_failed_session_throws_payment_session_already_used_exception with data set &quot;iteration_12_yearly&quot;" file="E:\coupony-backend\tests\Property\SessionSingleUseEnforcementPropertyTest.php" line="59" class="Tests\Property\SessionSingleUseEnforcementPropertyTest" classname="Tests.Property.SessionSingleUseEnforcementPropertyTest" assertions="1" time="0.042326"/>
          <testcase name="test_confirming_a_failed_session_throws_payment_session_already_used_exception with data set &quot;iteration_13_monthly&quot;" file="E:\coupony-backend\tests\Property\SessionSingleUseEnforcementPropertyTest.php" line="59" class="Tests\Property\SessionSingleUseEnforcementPropertyTest" classname="Tests.Property.SessionSingleUseEnforcementPropertyTest" assertions="1" time="0.038752"/>
          <testcase name="test_confirming_a_failed_session_throws_payment_session_already_used_exception with data set &quot;iteration_14_monthly&quot;" file="E:\coupony-backend\tests\Property\SessionSingleUseEnforcementPropertyTest.php" line="59" class="Tests\Property\SessionSingleUseEnforcementPropertyTest" classname="Tests.Property.SessionSingleUseEnforcementPropertyTest" assertions="1" time="0.037749"/>
          <testcase name="test_confirming_a_failed_session_throws_payment_session_already_used_exception with data set &quot;iteration_15_monthly&quot;" file="E:\coupony-backend\tests\Property\SessionSingleUseEnforcementPropertyTest.php" line="59" class="Tests\Property\SessionSingleUseEnforcementPropertyTest" classname="Tests.Property.SessionSingleUseEnforcementPropertyTest" assertions="1" time="0.124032"/>
          <testcase name="test_confirming_a_failed_session_throws_payment_session_already_used_exception with data set &quot;iteration_16_yearly&quot;" file="E:\coupony-backend\tests\Property\SessionSingleUseEnforcementPropertyTest.php" line="59" class="Tests\Property\SessionSingleUseEnforcementPropertyTest" classname="Tests.Property.SessionSingleUseEnforcementPropertyTest" assertions="1" time="0.035115"/>
          <testcase name="test_confirming_a_failed_session_throws_payment_session_already_used_exception with data set &quot;iteration_17_yearly&quot;" file="E:\coupony-backend\tests\Property\SessionSingleUseEnforcementPropertyTest.php" line="59" class="Tests\Property\SessionSingleUseEnforcementPropertyTest" classname="Tests.Property.SessionSingleUseEnforcementPropertyTest" assertions="1" time="0.037089"/>
          <testcase name="test_confirming_a_failed_session_throws_payment_session_already_used_exception with data set &quot;iteration_18_monthly&quot;" file="E:\coupony-backend\tests\Property\SessionSingleUseEnforcementPropertyTest.php" line="59" class="Tests\Property\SessionSingleUseEnforcementPropertyTest" classname="Tests.Property.SessionSingleUseEnforcementPropertyTest" assertions="1" time="0.036209"/>
          <testcase name="test_confirming_a_failed_session_throws_payment_session_already_used_exception with data set &quot;iteration_19_yearly&quot;" file="E:\coupony-backend\tests\Property\SessionSingleUseEnforcementPropertyTest.php" line="59" class="Tests\Property\SessionSingleUseEnforcementPropertyTest" classname="Tests.Property.SessionSingleUseEnforcementPropertyTest" assertions="1" time="0.035932"/>
          <testcase name="test_confirming_a_failed_session_throws_payment_session_already_used_exception with data set &quot;iteration_20_yearly&quot;" file="E:\coupony-backend\tests\Property\SessionSingleUseEnforcementPropertyTest.php" line="59" class="Tests\Property\SessionSingleUseEnforcementPropertyTest" classname="Tests.Property.SessionSingleUseEnforcementPropertyTest" assertions="1" time="0.035083"/>
          <testcase name="test_confirming_a_failed_session_throws_payment_session_already_used_exception with data set &quot;iteration_21_yearly&quot;" file="E:\coupony-backend\tests\Property\SessionSingleUseEnforcementPropertyTest.php" line="59" class="Tests\Property\SessionSingleUseEnforcementPropertyTest" classname="Tests.Property.SessionSingleUseEnforcementPropertyTest" assertions="1" time="0.035251"/>
          <testcase name="test_confirming_a_failed_session_throws_payment_session_already_used_exception with data set &quot;iteration_22_monthly&quot;" file="E:\coupony-backend\tests\Property\SessionSingleUseEnforcementPropertyTest.php" line="59" class="Tests\Property\SessionSingleUseEnforcementPropertyTest" classname="Tests.Property.SessionSingleUseEnforcementPropertyTest" assertions="1" time="0.033624"/>
          <testcase name="test_confirming_a_failed_session_throws_payment_session_already_used_exception with data set &quot;iteration_23_yearly&quot;" file="E:\coupony-backend\tests\Property\SessionSingleUseEnforcementPropertyTest.php" line="59" class="Tests\Property\SessionSingleUseEnforcementPropertyTest" classname="Tests.Property.SessionSingleUseEnforcementPropertyTest" assertions="1" time="0.035229"/>
          <testcase name="test_confirming_a_failed_session_throws_payment_session_already_used_exception with data set &quot;iteration_24_monthly&quot;" file="E:\coupony-backend\tests\Property\SessionSingleUseEnforcementPropertyTest.php" line="59" class="Tests\Property\SessionSingleUseEnforcementPropertyTest" classname="Tests.Property.SessionSingleUseEnforcementPropertyTest" assertions="1" time="0.139068"/>
          <testcase name="test_confirming_a_failed_session_throws_payment_session_already_used_exception with data set &quot;iteration_25_monthly&quot;" file="E:\coupony-backend\tests\Property\SessionSingleUseEnforcementPropertyTest.php" line="59" class="Tests\Property\SessionSingleUseEnforcementPropertyTest" classname="Tests.Property.SessionSingleUseEnforcementPropertyTest" assertions="1" time="0.042998"/>
          <testcase name="test_confirming_a_failed_session_throws_payment_session_already_used_exception with data set &quot;iteration_26_monthly&quot;" file="E:\coupony-backend\tests\Property\SessionSingleUseEnforcementPropertyTest.php" line="59" class="Tests\Property\SessionSingleUseEnforcementPropertyTest" classname="Tests.Property.SessionSingleUseEnforcementPropertyTest" assertions="1" time="0.038209"/>
          <testcase name="test_confirming_a_failed_session_throws_payment_session_already_used_exception with data set &quot;iteration_27_monthly&quot;" file="E:\coupony-backend\tests\Property\SessionSingleUseEnforcementPropertyTest.php" line="59" class="Tests\Property\SessionSingleUseEnforcementPropertyTest" classname="Tests.Property.SessionSingleUseEnforcementPropertyTest" assertions="1" time="0.036387"/>
          <testcase name="test_confirming_a_failed_session_throws_payment_session_already_used_exception with data set &quot;iteration_28_monthly&quot;" file="E:\coupony-backend\tests\Property\SessionSingleUseEnforcementPropertyTest.php" line="59" class="Tests\Property\SessionSingleUseEnforcementPropertyTest" classname="Tests.Property.SessionSingleUseEnforcementPropertyTest" assertions="1" time="0.035815"/>
          <testcase name="test_confirming_a_failed_session_throws_payment_session_already_used_exception with data set &quot;iteration_29_yearly&quot;" file="E:\coupony-backend\tests\Property\SessionSingleUseEnforcementPropertyTest.php" line="59" class="Tests\Property\SessionSingleUseEnforcementPropertyTest" classname="Tests.Property.SessionSingleUseEnforcementPropertyTest" assertions="1" time="0.038009"/>
          <testcase name="test_confirming_a_failed_session_throws_payment_session_already_used_exception with data set &quot;iteration_30_yearly&quot;" file="E:\coupony-backend\tests\Property\SessionSingleUseEnforcementPropertyTest.php" line="59" class="Tests\Property\SessionSingleUseEnforcementPropertyTest" classname="Tests.Property.SessionSingleUseEnforcementPropertyTest" assertions="1" time="0.037035"/>
          <testcase name="test_confirming_a_failed_session_throws_payment_session_already_used_exception with data set &quot;iteration_31_yearly&quot;" file="E:\coupony-backend\tests\Property\SessionSingleUseEnforcementPropertyTest.php" line="59" class="Tests\Property\SessionSingleUseEnforcementPropertyTest" classname="Tests.Property.SessionSingleUseEnforcementPropertyTest" assertions="1" time="0.037368"/>
          <testcase name="test_confirming_a_failed_session_throws_payment_session_already_used_exception with data set &quot;iteration_32_yearly&quot;" file="E:\coupony-backend\tests\Property\SessionSingleUseEnforcementPropertyTest.php" line="59" class="Tests\Property\SessionSingleUseEnforcementPropertyTest" classname="Tests.Property.SessionSingleUseEnforcementPropertyTest" assertions="1" time="0.039356"/>
          <testcase name="test_confirming_a_failed_session_throws_payment_session_already_used_exception with data set &quot;iteration_33_monthly&quot;" file="E:\coupony-backend\tests\Property\SessionSingleUseEnforcementPropertyTest.php" line="59" class="Tests\Property\SessionSingleUseEnforcementPropertyTest" classname="Tests.Property.SessionSingleUseEnforcementPropertyTest" assertions="1" time="0.035904"/>
          <testcase name="test_confirming_a_failed_session_throws_payment_session_already_used_exception with data set &quot;iteration_34_monthly&quot;" file="E:\coupony-backend\tests\Property\SessionSingleUseEnforcementPropertyTest.php" line="59" class="Tests\Property\SessionSingleUseEnforcementPropertyTest" classname="Tests.Property.SessionSingleUseEnforcementPropertyTest" assertions="1" time="0.113112"/>
          <testcase name="test_confirming_a_failed_session_throws_payment_session_already_used_exception with data set &quot;iteration_35_monthly&quot;" file="E:\coupony-backend\tests\Property\SessionSingleUseEnforcementPropertyTest.php" line="59" class="Tests\Property\SessionSingleUseEnforcementPropertyTest" classname="Tests.Property.SessionSingleUseEnforcementPropertyTest" assertions="1" time="0.035602"/>
          <testcase name="test_confirming_a_failed_session_throws_payment_session_already_used_exception with data set &quot;iteration_36_monthly&quot;" file="E:\coupony-backend\tests\Property\SessionSingleUseEnforcementPropertyTest.php" line="59" class="Tests\Property\SessionSingleUseEnforcementPropertyTest" classname="Tests.Property.SessionSingleUseEnforcementPropertyTest" assertions="1" time="0.037556"/>
          <testcase name="test_confirming_a_failed_session_throws_payment_session_already_used_exception with data set &quot;iteration_37_monthly&quot;" file="E:\coupony-backend\tests\Property\SessionSingleUseEnforcementPropertyTest.php" line="59" class="Tests\Property\SessionSingleUseEnforcementPropertyTest" classname="Tests.Property.SessionSingleUseEnforcementPropertyTest" assertions="1" time="0.035263"/>
          <testcase name="test_confirming_a_failed_session_throws_payment_session_already_used_exception with data set &quot;iteration_38_monthly&quot;" file="E:\coupony-backend\tests\Property\SessionSingleUseEnforcementPropertyTest.php" line="59" class="Tests\Property\SessionSingleUseEnforcementPropertyTest" classname="Tests.Property.SessionSingleUseEnforcementPropertyTest" assertions="1" time="0.038317"/>
          <testcase name="test_confirming_a_failed_session_throws_payment_session_already_used_exception with data set &quot;iteration_39_monthly&quot;" file="E:\coupony-backend\tests\Property\SessionSingleUseEnforcementPropertyTest.php" line="59" class="Tests\Property\SessionSingleUseEnforcementPropertyTest" classname="Tests.Property.SessionSingleUseEnforcementPropertyTest" assertions="1" time="0.035343"/>
          <testcase name="test_confirming_a_failed_session_throws_payment_session_already_used_exception with data set &quot;iteration_40_yearly&quot;" file="E:\coupony-backend\tests\Property\SessionSingleUseEnforcementPropertyTest.php" line="59" class="Tests\Property\SessionSingleUseEnforcementPropertyTest" classname="Tests.Property.SessionSingleUseEnforcementPropertyTest" assertions="1" time="0.037238"/>
          <testcase name="test_confirming_a_failed_session_throws_payment_session_already_used_exception with data set &quot;iteration_41_monthly&quot;" file="E:\coupony-backend\tests\Property\SessionSingleUseEnforcementPropertyTest.php" line="59" class="Tests\Property\SessionSingleUseEnforcementPropertyTest" classname="Tests.Property.SessionSingleUseEnforcementPropertyTest" assertions="1" time="0.037032"/>
          <testcase name="test_confirming_a_failed_session_throws_payment_session_already_used_exception with data set &quot;iteration_42_monthly&quot;" file="E:\coupony-backend\tests\Property\SessionSingleUseEnforcementPropertyTest.php" line="59" class="Tests\Property\SessionSingleUseEnforcementPropertyTest" classname="Tests.Property.SessionSingleUseEnforcementPropertyTest" assertions="1" time="0.036203"/>
          <testcase name="test_confirming_a_failed_session_throws_payment_session_already_used_exception with data set &quot;iteration_43_monthly&quot;" file="E:\coupony-backend\tests\Property\SessionSingleUseEnforcementPropertyTest.php" line="59" class="Tests\Property\SessionSingleUseEnforcementPropertyTest" classname="Tests.Property.SessionSingleUseEnforcementPropertyTest" assertions="1" time="0.142651"/>
          <testcase name="test_confirming_a_failed_session_throws_payment_session_already_used_exception with data set &quot;iteration_44_monthly&quot;" file="E:\coupony-backend\tests\Property\SessionSingleUseEnforcementPropertyTest.php" line="59" class="Tests\Property\SessionSingleUseEnforcementPropertyTest" classname="Tests.Property.SessionSingleUseEnforcementPropertyTest" assertions="1" time="0.036083"/>
          <testcase name="test_confirming_a_failed_session_throws_payment_session_already_used_exception with data set &quot;iteration_45_yearly&quot;" file="E:\coupony-backend\tests\Property\SessionSingleUseEnforcementPropertyTest.php" line="59" class="Tests\Property\SessionSingleUseEnforcementPropertyTest" classname="Tests.Property.SessionSingleUseEnforcementPropertyTest" assertions="1" time="0.035208"/>
          <testcase name="test_confirming_a_failed_session_throws_payment_session_already_used_exception with data set &quot;iteration_46_yearly&quot;" file="E:\coupony-backend\tests\Property\SessionSingleUseEnforcementPropertyTest.php" line="59" class="Tests\Property\SessionSingleUseEnforcementPropertyTest" classname="Tests.Property.SessionSingleUseEnforcementPropertyTest" assertions="1" time="0.036531"/>
          <testcase name="test_confirming_a_failed_session_throws_payment_session_already_used_exception with data set &quot;iteration_47_monthly&quot;" file="E:\coupony-backend\tests\Property\SessionSingleUseEnforcementPropertyTest.php" line="59" class="Tests\Property\SessionSingleUseEnforcementPropertyTest" classname="Tests.Property.SessionSingleUseEnforcementPropertyTest" assertions="1" time="0.036478"/>
          <testcase name="test_confirming_a_failed_session_throws_payment_session_already_used_exception with data set &quot;iteration_48_monthly&quot;" file="E:\coupony-backend\tests\Property\SessionSingleUseEnforcementPropertyTest.php" line="59" class="Tests\Property\SessionSingleUseEnforcementPropertyTest" classname="Tests.Property.SessionSingleUseEnforcementPropertyTest" assertions="1" time="0.035386"/>
          <testcase name="test_confirming_a_failed_session_throws_payment_session_already_used_exception with data set &quot;iteration_49_monthly&quot;" file="E:\coupony-backend\tests\Property\SessionSingleUseEnforcementPropertyTest.php" line="59" class="Tests\Property\SessionSingleUseEnforcementPropertyTest" classname="Tests.Property.SessionSingleUseEnforcementPropertyTest" assertions="1" time="0.043605"/>
          <testcase name="test_confirming_a_failed_session_throws_payment_session_already_used_exception with data set &quot;iteration_50_yearly&quot;" file="E:\coupony-backend\tests\Property\SessionSingleUseEnforcementPropertyTest.php" line="59" class="Tests\Property\SessionSingleUseEnforcementPropertyTest" classname="Tests.Property.SessionSingleUseEnforcementPropertyTest" assertions="1" time="0.074167"/>
          <testcase name="test_confirming_a_failed_session_throws_payment_session_already_used_exception with data set &quot;iteration_51_monthly&quot;" file="E:\coupony-backend\tests\Property\SessionSingleUseEnforcementPropertyTest.php" line="59" class="Tests\Property\SessionSingleUseEnforcementPropertyTest" classname="Tests.Property.SessionSingleUseEnforcementPropertyTest" assertions="1" time="0.073192"/>
          <testcase name="test_confirming_a_failed_session_throws_payment_session_already_used_exception with data set &quot;iteration_52_yearly&quot;" file="E:\coupony-backend\tests\Property\SessionSingleUseEnforcementPropertyTest.php" line="59" class="Tests\Property\SessionSingleUseEnforcementPropertyTest" classname="Tests.Property.SessionSingleUseEnforcementPropertyTest" assertions="1" time="0.042848"/>
          <testcase name="test_confirming_a_failed_session_throws_payment_session_already_used_exception with data set &quot;iteration_53_monthly&quot;" file="E:\coupony-backend\tests\Property\SessionSingleUseEnforcementPropertyTest.php" line="59" class="Tests\Property\SessionSingleUseEnforcementPropertyTest" classname="Tests.Property.SessionSingleUseEnforcementPropertyTest" assertions="1" time="0.135960"/>
          <testcase name="test_confirming_a_failed_session_throws_payment_session_already_used_exception with data set &quot;iteration_54_yearly&quot;" file="E:\coupony-backend\tests\Property\SessionSingleUseEnforcementPropertyTest.php" line="59" class="Tests\Property\SessionSingleUseEnforcementPropertyTest" classname="Tests.Property.SessionSingleUseEnforcementPropertyTest" assertions="1" time="0.042277"/>
          <testcase name="test_confirming_a_failed_session_throws_payment_session_already_used_exception with data set &quot;iteration_55_yearly&quot;" file="E:\coupony-backend\tests\Property\SessionSingleUseEnforcementPropertyTest.php" line="59" class="Tests\Property\SessionSingleUseEnforcementPropertyTest" classname="Tests.Property.SessionSingleUseEnforcementPropertyTest" assertions="1" time="0.040820"/>
          <testcase name="test_confirming_a_failed_session_throws_payment_session_already_used_exception with data set &quot;iteration_56_yearly&quot;" file="E:\coupony-backend\tests\Property\SessionSingleUseEnforcementPropertyTest.php" line="59" class="Tests\Property\SessionSingleUseEnforcementPropertyTest" classname="Tests.Property.SessionSingleUseEnforcementPropertyTest" assertions="1" time="0.037611"/>
          <testcase name="test_confirming_a_failed_session_throws_payment_session_already_used_exception with data set &quot;iteration_57_yearly&quot;" file="E:\coupony-backend\tests\Property\SessionSingleUseEnforcementPropertyTest.php" line="59" class="Tests\Property\SessionSingleUseEnforcementPropertyTest" classname="Tests.Property.SessionSingleUseEnforcementPropertyTest" assertions="1" time="0.037416"/>
          <testcase name="test_confirming_a_failed_session_throws_payment_session_already_used_exception with data set &quot;iteration_58_yearly&quot;" file="E:\coupony-backend\tests\Property\SessionSingleUseEnforcementPropertyTest.php" line="59" class="Tests\Property\SessionSingleUseEnforcementPropertyTest" classname="Tests.Property.SessionSingleUseEnforcementPropertyTest" assertions="1" time="0.037718"/>
          <testcase name="test_confirming_a_failed_session_throws_payment_session_already_used_exception with data set &quot;iteration_59_yearly&quot;" file="E:\coupony-backend\tests\Property\SessionSingleUseEnforcementPropertyTest.php" line="59" class="Tests\Property\SessionSingleUseEnforcementPropertyTest" classname="Tests.Property.SessionSingleUseEnforcementPropertyTest" assertions="1" time="0.036700"/>
          <testcase name="test_confirming_a_failed_session_throws_payment_session_already_used_exception with data set &quot;iteration_60_monthly&quot;" file="E:\coupony-backend\tests\Property\SessionSingleUseEnforcementPropertyTest.php" line="59" class="Tests\Property\SessionSingleUseEnforcementPropertyTest" classname="Tests.Property.SessionSingleUseEnforcementPropertyTest" assertions="1" time="0.037966"/>
          <testcase name="test_confirming_a_failed_session_throws_payment_session_already_used_exception with data set &quot;iteration_61_yearly&quot;" file="E:\coupony-backend\tests\Property\SessionSingleUseEnforcementPropertyTest.php" line="59" class="Tests\Property\SessionSingleUseEnforcementPropertyTest" classname="Tests.Property.SessionSingleUseEnforcementPropertyTest" assertions="1" time="0.041028"/>
          <testcase name="test_confirming_a_failed_session_throws_payment_session_already_used_exception with data set &quot;iteration_62_yearly&quot;" file="E:\coupony-backend\tests\Property\SessionSingleUseEnforcementPropertyTest.php" line="59" class="Tests\Property\SessionSingleUseEnforcementPropertyTest" classname="Tests.Property.SessionSingleUseEnforcementPropertyTest" assertions="1" time="0.150455"/>
          <testcase name="test_confirming_a_failed_session_throws_payment_session_already_used_exception with data set &quot;iteration_63_monthly&quot;" file="E:\coupony-backend\tests\Property\SessionSingleUseEnforcementPropertyTest.php" line="59" class="Tests\Property\SessionSingleUseEnforcementPropertyTest" classname="Tests.Property.SessionSingleUseEnforcementPropertyTest" assertions="1" time="0.044983"/>
          <testcase name="test_confirming_a_failed_session_throws_payment_session_already_used_exception with data set &quot;iteration_64_yearly&quot;" file="E:\coupony-backend\tests\Property\SessionSingleUseEnforcementPropertyTest.php" line="59" class="Tests\Property\SessionSingleUseEnforcementPropertyTest" classname="Tests.Property.SessionSingleUseEnforcementPropertyTest" assertions="1" time="0.037216"/>
          <testcase name="test_confirming_a_failed_session_throws_payment_session_already_used_exception with data set &quot;iteration_65_monthly&quot;" file="E:\coupony-backend\tests\Property\SessionSingleUseEnforcementPropertyTest.php" line="59" class="Tests\Property\SessionSingleUseEnforcementPropertyTest" classname="Tests.Property.SessionSingleUseEnforcementPropertyTest" assertions="1" time="0.039510"/>
          <testcase name="test_confirming_a_failed_session_throws_payment_session_already_used_exception with data set &quot;iteration_66_monthly&quot;" file="E:\coupony-backend\tests\Property\SessionSingleUseEnforcementPropertyTest.php" line="59" class="Tests\Property\SessionSingleUseEnforcementPropertyTest" classname="Tests.Property.SessionSingleUseEnforcementPropertyTest" assertions="1" time="0.035992"/>
          <testcase name="test_confirming_a_failed_session_throws_payment_session_already_used_exception with data set &quot;iteration_67_monthly&quot;" file="E:\coupony-backend\tests\Property\SessionSingleUseEnforcementPropertyTest.php" line="59" class="Tests\Property\SessionSingleUseEnforcementPropertyTest" classname="Tests.Property.SessionSingleUseEnforcementPropertyTest" assertions="1" time="0.038674"/>
          <testcase name="test_confirming_a_failed_session_throws_payment_session_already_used_exception with data set &quot;iteration_68_yearly&quot;" file="E:\coupony-backend\tests\Property\SessionSingleUseEnforcementPropertyTest.php" line="59" class="Tests\Property\SessionSingleUseEnforcementPropertyTest" classname="Tests.Property.SessionSingleUseEnforcementPropertyTest" assertions="1" time="0.038480"/>
          <testcase name="test_confirming_a_failed_session_throws_payment_session_already_used_exception with data set &quot;iteration_69_yearly&quot;" file="E:\coupony-backend\tests\Property\SessionSingleUseEnforcementPropertyTest.php" line="59" class="Tests\Property\SessionSingleUseEnforcementPropertyTest" classname="Tests.Property.SessionSingleUseEnforcementPropertyTest" assertions="1" time="0.038004"/>
          <testcase name="test_confirming_a_failed_session_throws_payment_session_already_used_exception with data set &quot;iteration_70_monthly&quot;" file="E:\coupony-backend\tests\Property\SessionSingleUseEnforcementPropertyTest.php" line="59" class="Tests\Property\SessionSingleUseEnforcementPropertyTest" classname="Tests.Property.SessionSingleUseEnforcementPropertyTest" assertions="1" time="0.040842"/>
          <testcase name="test_confirming_a_failed_session_throws_payment_session_already_used_exception with data set &quot;iteration_71_yearly&quot;" file="E:\coupony-backend\tests\Property\SessionSingleUseEnforcementPropertyTest.php" line="59" class="Tests\Property\SessionSingleUseEnforcementPropertyTest" classname="Tests.Property.SessionSingleUseEnforcementPropertyTest" assertions="1" time="0.034613"/>
          <testcase name="test_confirming_a_failed_session_throws_payment_session_already_used_exception with data set &quot;iteration_72_yearly&quot;" file="E:\coupony-backend\tests\Property\SessionSingleUseEnforcementPropertyTest.php" line="59" class="Tests\Property\SessionSingleUseEnforcementPropertyTest" classname="Tests.Property.SessionSingleUseEnforcementPropertyTest" assertions="1" time="0.122874"/>
          <testcase name="test_confirming_a_failed_session_throws_payment_session_already_used_exception with data set &quot;iteration_73_yearly&quot;" file="E:\coupony-backend\tests\Property\SessionSingleUseEnforcementPropertyTest.php" line="59" class="Tests\Property\SessionSingleUseEnforcementPropertyTest" classname="Tests.Property.SessionSingleUseEnforcementPropertyTest" assertions="1" time="0.035699"/>
          <testcase name="test_confirming_a_failed_session_throws_payment_session_already_used_exception with data set &quot;iteration_74_monthly&quot;" file="E:\coupony-backend\tests\Property\SessionSingleUseEnforcementPropertyTest.php" line="59" class="Tests\Property\SessionSingleUseEnforcementPropertyTest" classname="Tests.Property.SessionSingleUseEnforcementPropertyTest" assertions="1" time="0.036406"/>
          <testcase name="test_confirming_a_failed_session_throws_payment_session_already_used_exception with data set &quot;iteration_75_monthly&quot;" file="E:\coupony-backend\tests\Property\SessionSingleUseEnforcementPropertyTest.php" line="59" class="Tests\Property\SessionSingleUseEnforcementPropertyTest" classname="Tests.Property.SessionSingleUseEnforcementPropertyTest" assertions="1" time="0.036276"/>
          <testcase name="test_confirming_a_failed_session_throws_payment_session_already_used_exception with data set &quot;iteration_76_yearly&quot;" file="E:\coupony-backend\tests\Property\SessionSingleUseEnforcementPropertyTest.php" line="59" class="Tests\Property\SessionSingleUseEnforcementPropertyTest" classname="Tests.Property.SessionSingleUseEnforcementPropertyTest" assertions="1" time="0.040066"/>
          <testcase name="test_confirming_a_failed_session_throws_payment_session_already_used_exception with data set &quot;iteration_77_yearly&quot;" file="E:\coupony-backend\tests\Property\SessionSingleUseEnforcementPropertyTest.php" line="59" class="Tests\Property\SessionSingleUseEnforcementPropertyTest" classname="Tests.Property.SessionSingleUseEnforcementPropertyTest" assertions="1" time="0.037971"/>
          <testcase name="test_confirming_a_failed_session_throws_payment_session_already_used_exception with data set &quot;iteration_78_yearly&quot;" file="E:\coupony-backend\tests\Property\SessionSingleUseEnforcementPropertyTest.php" line="59" class="Tests\Property\SessionSingleUseEnforcementPropertyTest" classname="Tests.Property.SessionSingleUseEnforcementPropertyTest" assertions="1" time="0.039510"/>
          <testcase name="test_confirming_a_failed_session_throws_payment_session_already_used_exception with data set &quot;iteration_79_yearly&quot;" file="E:\coupony-backend\tests\Property\SessionSingleUseEnforcementPropertyTest.php" line="59" class="Tests\Property\SessionSingleUseEnforcementPropertyTest" classname="Tests.Property.SessionSingleUseEnforcementPropertyTest" assertions="1" time="0.037208"/>
          <testcase name="test_confirming_a_failed_session_throws_payment_session_already_used_exception with data set &quot;iteration_80_monthly&quot;" file="E:\coupony-backend\tests\Property\SessionSingleUseEnforcementPropertyTest.php" line="59" class="Tests\Property\SessionSingleUseEnforcementPropertyTest" classname="Tests.Property.SessionSingleUseEnforcementPropertyTest" assertions="1" time="0.038765"/>
          <testcase name="test_confirming_a_failed_session_throws_payment_session_already_used_exception with data set &quot;iteration_81_yearly&quot;" file="E:\coupony-backend\tests\Property\SessionSingleUseEnforcementPropertyTest.php" line="59" class="Tests\Property\SessionSingleUseEnforcementPropertyTest" classname="Tests.Property.SessionSingleUseEnforcementPropertyTest" assertions="1" time="0.151795"/>
          <testcase name="test_confirming_a_failed_session_throws_payment_session_already_used_exception with data set &quot;iteration_82_monthly&quot;" file="E:\coupony-backend\tests\Property\SessionSingleUseEnforcementPropertyTest.php" line="59" class="Tests\Property\SessionSingleUseEnforcementPropertyTest" classname="Tests.Property.SessionSingleUseEnforcementPropertyTest" assertions="1" time="0.034788"/>
          <testcase name="test_confirming_a_failed_session_throws_payment_session_already_used_exception with data set &quot;iteration_83_yearly&quot;" file="E:\coupony-backend\tests\Property\SessionSingleUseEnforcementPropertyTest.php" line="59" class="Tests\Property\SessionSingleUseEnforcementPropertyTest" classname="Tests.Property.SessionSingleUseEnforcementPropertyTest" assertions="1" time="0.037602"/>
          <testcase name="test_confirming_a_failed_session_throws_payment_session_already_used_exception with data set &quot;iteration_84_yearly&quot;" file="E:\coupony-backend\tests\Property\SessionSingleUseEnforcementPropertyTest.php" line="59" class="Tests\Property\SessionSingleUseEnforcementPropertyTest" classname="Tests.Property.SessionSingleUseEnforcementPropertyTest" assertions="1" time="0.035662"/>
          <testcase name="test_confirming_a_failed_session_throws_payment_session_already_used_exception with data set &quot;iteration_85_monthly&quot;" file="E:\coupony-backend\tests\Property\SessionSingleUseEnforcementPropertyTest.php" line="59" class="Tests\Property\SessionSingleUseEnforcementPropertyTest" classname="Tests.Property.SessionSingleUseEnforcementPropertyTest" assertions="1" time="0.036709"/>
          <testcase name="test_confirming_a_failed_session_throws_payment_session_already_used_exception with data set &quot;iteration_86_monthly&quot;" file="E:\coupony-backend\tests\Property\SessionSingleUseEnforcementPropertyTest.php" line="59" class="Tests\Property\SessionSingleUseEnforcementPropertyTest" classname="Tests.Property.SessionSingleUseEnforcementPropertyTest" assertions="1" time="0.043928"/>
          <testcase name="test_confirming_a_failed_session_throws_payment_session_already_used_exception with data set &quot;iteration_87_yearly&quot;" file="E:\coupony-backend\tests\Property\SessionSingleUseEnforcementPropertyTest.php" line="59" class="Tests\Property\SessionSingleUseEnforcementPropertyTest" classname="Tests.Property.SessionSingleUseEnforcementPropertyTest" assertions="1" time="0.036808"/>
          <testcase name="test_confirming_a_failed_session_throws_payment_session_already_used_exception with data set &quot;iteration_88_yearly&quot;" file="E:\coupony-backend\tests\Property\SessionSingleUseEnforcementPropertyTest.php" line="59" class="Tests\Property\SessionSingleUseEnforcementPropertyTest" classname="Tests.Property.SessionSingleUseEnforcementPropertyTest" assertions="1" time="0.036446"/>
          <testcase name="test_confirming_a_failed_session_throws_payment_session_already_used_exception with data set &quot;iteration_89_yearly&quot;" file="E:\coupony-backend\tests\Property\SessionSingleUseEnforcementPropertyTest.php" line="59" class="Tests\Property\SessionSingleUseEnforcementPropertyTest" classname="Tests.Property.SessionSingleUseEnforcementPropertyTest" assertions="1" time="0.047691"/>
          <testcase name="test_confirming_a_failed_session_throws_payment_session_already_used_exception with data set &quot;iteration_90_yearly&quot;" file="E:\coupony-backend\tests\Property\SessionSingleUseEnforcementPropertyTest.php" line="59" class="Tests\Property\SessionSingleUseEnforcementPropertyTest" classname="Tests.Property.SessionSingleUseEnforcementPropertyTest" assertions="1" time="0.037282"/>
          <testcase name="test_confirming_a_failed_session_throws_payment_session_already_used_exception with data set &quot;iteration_91_monthly&quot;" file="E:\coupony-backend\tests\Property\SessionSingleUseEnforcementPropertyTest.php" line="59" class="Tests\Property\SessionSingleUseEnforcementPropertyTest" classname="Tests.Property.SessionSingleUseEnforcementPropertyTest" assertions="1" time="0.123426"/>
          <testcase name="test_confirming_a_failed_session_throws_payment_session_already_used_exception with data set &quot;iteration_92_yearly&quot;" file="E:\coupony-backend\tests\Property\SessionSingleUseEnforcementPropertyTest.php" line="59" class="Tests\Property\SessionSingleUseEnforcementPropertyTest" classname="Tests.Property.SessionSingleUseEnforcementPropertyTest" assertions="1" time="0.039616"/>
          <testcase name="test_confirming_a_failed_session_throws_payment_session_already_used_exception with data set &quot;iteration_93_monthly&quot;" file="E:\coupony-backend\tests\Property\SessionSingleUseEnforcementPropertyTest.php" line="59" class="Tests\Property\SessionSingleUseEnforcementPropertyTest" classname="Tests.Property.SessionSingleUseEnforcementPropertyTest" assertions="1" time="0.043006"/>
          <testcase name="test_confirming_a_failed_session_throws_payment_session_already_used_exception with data set &quot;iteration_94_monthly&quot;" file="E:\coupony-backend\tests\Property\SessionSingleUseEnforcementPropertyTest.php" line="59" class="Tests\Property\SessionSingleUseEnforcementPropertyTest" classname="Tests.Property.SessionSingleUseEnforcementPropertyTest" assertions="1" time="0.037759"/>
          <testcase name="test_confirming_a_failed_session_throws_payment_session_already_used_exception with data set &quot;iteration_95_yearly&quot;" file="E:\coupony-backend\tests\Property\SessionSingleUseEnforcementPropertyTest.php" line="59" class="Tests\Property\SessionSingleUseEnforcementPropertyTest" classname="Tests.Property.SessionSingleUseEnforcementPropertyTest" assertions="1" time="0.037542"/>
          <testcase name="test_confirming_a_failed_session_throws_payment_session_already_used_exception with data set &quot;iteration_96_monthly&quot;" file="E:\coupony-backend\tests\Property\SessionSingleUseEnforcementPropertyTest.php" line="59" class="Tests\Property\SessionSingleUseEnforcementPropertyTest" classname="Tests.Property.SessionSingleUseEnforcementPropertyTest" assertions="1" time="0.039176"/>
          <testcase name="test_confirming_a_failed_session_throws_payment_session_already_used_exception with data set &quot;iteration_97_yearly&quot;" file="E:\coupony-backend\tests\Property\SessionSingleUseEnforcementPropertyTest.php" line="59" class="Tests\Property\SessionSingleUseEnforcementPropertyTest" classname="Tests.Property.SessionSingleUseEnforcementPropertyTest" assertions="1" time="0.037233"/>
          <testcase name="test_confirming_a_failed_session_throws_payment_session_already_used_exception with data set &quot;iteration_98_monthly&quot;" file="E:\coupony-backend\tests\Property\SessionSingleUseEnforcementPropertyTest.php" line="59" class="Tests\Property\SessionSingleUseEnforcementPropertyTest" classname="Tests.Property.SessionSingleUseEnforcementPropertyTest" assertions="1" time="0.039378"/>
          <testcase name="test_confirming_a_failed_session_throws_payment_session_already_used_exception with data set &quot;iteration_99_yearly&quot;" file="E:\coupony-backend\tests\Property\SessionSingleUseEnforcementPropertyTest.php" line="59" class="Tests\Property\SessionSingleUseEnforcementPropertyTest" classname="Tests.Property.SessionSingleUseEnforcementPropertyTest" assertions="1" time="0.035978"/>
        </testsuite>
      </testsuite>
      <testsuite name="Tests\Property\SessionTtlInvariantPropertyTest" file="E:\coupony-backend\tests\Property\SessionTtlInvariantPropertyTest.php" tests="300" assertions="600" errors="0" failures="0" skipped="0" time="14.253558">
        <testsuite name="Tests\Property\SessionTtlInvariantPropertyTest::test_session_expires_at_equals_creation_time_plus_configured_ttl" tests="100" assertions="200" errors="0" failures="0" skipped="0" time="4.924879">
          <testcase name="test_session_expires_at_equals_creation_time_plus_configured_ttl with data set &quot;iteration_0_ttl_32m&quot;" file="E:\coupony-backend\tests\Property\SessionTtlInvariantPropertyTest.php" line="51" class="Tests\Property\SessionTtlInvariantPropertyTest" classname="Tests.Property.SessionTtlInvariantPropertyTest" assertions="2" time="0.039544"/>
          <testcase name="test_session_expires_at_equals_creation_time_plus_configured_ttl with data set &quot;iteration_1_ttl_45m&quot;" file="E:\coupony-backend\tests\Property\SessionTtlInvariantPropertyTest.php" line="51" class="Tests\Property\SessionTtlInvariantPropertyTest" classname="Tests.Property.SessionTtlInvariantPropertyTest" assertions="2" time="0.040859"/>
          <testcase name="test_session_expires_at_equals_creation_time_plus_configured_ttl with data set &quot;iteration_2_ttl_101m&quot;" file="E:\coupony-backend\tests\Property\SessionTtlInvariantPropertyTest.php" line="51" class="Tests\Property\SessionTtlInvariantPropertyTest" classname="Tests.Property.SessionTtlInvariantPropertyTest" assertions="2" time="0.039711"/>
          <testcase name="test_session_expires_at_equals_creation_time_plus_configured_ttl with data set &quot;iteration_3_ttl_44m&quot;" file="E:\coupony-backend\tests\Property\SessionTtlInvariantPropertyTest.php" line="51" class="Tests\Property\SessionTtlInvariantPropertyTest" classname="Tests.Property.SessionTtlInvariantPropertyTest" assertions="2" time="0.038909"/>
          <testcase name="test_session_expires_at_equals_creation_time_plus_configured_ttl with data set &quot;iteration_4_ttl_80m&quot;" file="E:\coupony-backend\tests\Property\SessionTtlInvariantPropertyTest.php" line="51" class="Tests\Property\SessionTtlInvariantPropertyTest" classname="Tests.Property.SessionTtlInvariantPropertyTest" assertions="2" time="0.040098"/>
          <testcase name="test_session_expires_at_equals_creation_time_plus_configured_ttl with data set &quot;iteration_5_ttl_42m&quot;" file="E:\coupony-backend\tests\Property\SessionTtlInvariantPropertyTest.php" line="51" class="Tests\Property\SessionTtlInvariantPropertyTest" classname="Tests.Property.SessionTtlInvariantPropertyTest" assertions="2" time="0.042993"/>
          <testcase name="test_session_expires_at_equals_creation_time_plus_configured_ttl with data set &quot;iteration_6_ttl_41m&quot;" file="E:\coupony-backend\tests\Property\SessionTtlInvariantPropertyTest.php" line="51" class="Tests\Property\SessionTtlInvariantPropertyTest" classname="Tests.Property.SessionTtlInvariantPropertyTest" assertions="2" time="0.037065"/>
          <testcase name="test_session_expires_at_equals_creation_time_plus_configured_ttl with data set &quot;iteration_7_ttl_69m&quot;" file="E:\coupony-backend\tests\Property\SessionTtlInvariantPropertyTest.php" line="51" class="Tests\Property\SessionTtlInvariantPropertyTest" classname="Tests.Property.SessionTtlInvariantPropertyTest" assertions="2" time="0.038858"/>
          <testcase name="test_session_expires_at_equals_creation_time_plus_configured_ttl with data set &quot;iteration_8_ttl_27m&quot;" file="E:\coupony-backend\tests\Property\SessionTtlInvariantPropertyTest.php" line="51" class="Tests\Property\SessionTtlInvariantPropertyTest" classname="Tests.Property.SessionTtlInvariantPropertyTest" assertions="2" time="0.128636"/>
          <testcase name="test_session_expires_at_equals_creation_time_plus_configured_ttl with data set &quot;iteration_9_ttl_87m&quot;" file="E:\coupony-backend\tests\Property\SessionTtlInvariantPropertyTest.php" line="51" class="Tests\Property\SessionTtlInvariantPropertyTest" classname="Tests.Property.SessionTtlInvariantPropertyTest" assertions="2" time="0.042924"/>
          <testcase name="test_session_expires_at_equals_creation_time_plus_configured_ttl with data set &quot;iteration_10_ttl_23m&quot;" file="E:\coupony-backend\tests\Property\SessionTtlInvariantPropertyTest.php" line="51" class="Tests\Property\SessionTtlInvariantPropertyTest" classname="Tests.Property.SessionTtlInvariantPropertyTest" assertions="2" time="0.042048"/>
          <testcase name="test_session_expires_at_equals_creation_time_plus_configured_ttl with data set &quot;iteration_11_ttl_14m&quot;" file="E:\coupony-backend\tests\Property\SessionTtlInvariantPropertyTest.php" line="51" class="Tests\Property\SessionTtlInvariantPropertyTest" classname="Tests.Property.SessionTtlInvariantPropertyTest" assertions="2" time="0.039835"/>
          <testcase name="test_session_expires_at_equals_creation_time_plus_configured_ttl with data set &quot;iteration_12_ttl_48m&quot;" file="E:\coupony-backend\tests\Property\SessionTtlInvariantPropertyTest.php" line="51" class="Tests\Property\SessionTtlInvariantPropertyTest" classname="Tests.Property.SessionTtlInvariantPropertyTest" assertions="2" time="0.037840"/>
          <testcase name="test_session_expires_at_equals_creation_time_plus_configured_ttl with data set &quot;iteration_13_ttl_99m&quot;" file="E:\coupony-backend\tests\Property\SessionTtlInvariantPropertyTest.php" line="51" class="Tests\Property\SessionTtlInvariantPropertyTest" classname="Tests.Property.SessionTtlInvariantPropertyTest" assertions="2" time="0.043549"/>
          <testcase name="test_session_expires_at_equals_creation_time_plus_configured_ttl with data set &quot;iteration_14_ttl_111m&quot;" file="E:\coupony-backend\tests\Property\SessionTtlInvariantPropertyTest.php" line="51" class="Tests\Property\SessionTtlInvariantPropertyTest" classname="Tests.Property.SessionTtlInvariantPropertyTest" assertions="2" time="0.042031"/>
          <testcase name="test_session_expires_at_equals_creation_time_plus_configured_ttl with data set &quot;iteration_15_ttl_69m&quot;" file="E:\coupony-backend\tests\Property\SessionTtlInvariantPropertyTest.php" line="51" class="Tests\Property\SessionTtlInvariantPropertyTest" classname="Tests.Property.SessionTtlInvariantPropertyTest" assertions="2" time="0.038885"/>
          <testcase name="test_session_expires_at_equals_creation_time_plus_configured_ttl with data set &quot;iteration_16_ttl_119m&quot;" file="E:\coupony-backend\tests\Property\SessionTtlInvariantPropertyTest.php" line="51" class="Tests\Property\SessionTtlInvariantPropertyTest" classname="Tests.Property.SessionTtlInvariantPropertyTest" assertions="2" time="0.039444"/>
          <testcase name="test_session_expires_at_equals_creation_time_plus_configured_ttl with data set &quot;iteration_17_ttl_19m&quot;" file="E:\coupony-backend\tests\Property\SessionTtlInvariantPropertyTest.php" line="51" class="Tests\Property\SessionTtlInvariantPropertyTest" classname="Tests.Property.SessionTtlInvariantPropertyTest" assertions="2" time="0.042836"/>
          <testcase name="test_session_expires_at_equals_creation_time_plus_configured_ttl with data set &quot;iteration_18_ttl_12m&quot;" file="E:\coupony-backend\tests\Property\SessionTtlInvariantPropertyTest.php" line="51" class="Tests\Property\SessionTtlInvariantPropertyTest" classname="Tests.Property.SessionTtlInvariantPropertyTest" assertions="2" time="0.156156"/>
          <testcase name="test_session_expires_at_equals_creation_time_plus_configured_ttl with data set &quot;iteration_19_ttl_12m&quot;" file="E:\coupony-backend\tests\Property\SessionTtlInvariantPropertyTest.php" line="51" class="Tests\Property\SessionTtlInvariantPropertyTest" classname="Tests.Property.SessionTtlInvariantPropertyTest" assertions="2" time="0.037010"/>
          <testcase name="test_session_expires_at_equals_creation_time_plus_configured_ttl with data set &quot;iteration_20_ttl_60m&quot;" file="E:\coupony-backend\tests\Property\SessionTtlInvariantPropertyTest.php" line="51" class="Tests\Property\SessionTtlInvariantPropertyTest" classname="Tests.Property.SessionTtlInvariantPropertyTest" assertions="2" time="0.038296"/>
          <testcase name="test_session_expires_at_equals_creation_time_plus_configured_ttl with data set &quot;iteration_21_ttl_97m&quot;" file="E:\coupony-backend\tests\Property\SessionTtlInvariantPropertyTest.php" line="51" class="Tests\Property\SessionTtlInvariantPropertyTest" classname="Tests.Property.SessionTtlInvariantPropertyTest" assertions="2" time="0.039181"/>
          <testcase name="test_session_expires_at_equals_creation_time_plus_configured_ttl with data set &quot;iteration_22_ttl_94m&quot;" file="E:\coupony-backend\tests\Property\SessionTtlInvariantPropertyTest.php" line="51" class="Tests\Property\SessionTtlInvariantPropertyTest" classname="Tests.Property.SessionTtlInvariantPropertyTest" assertions="2" time="0.037469"/>
          <testcase name="test_session_expires_at_equals_creation_time_plus_configured_ttl with data set &quot;iteration_23_ttl_106m&quot;" file="E:\coupony-backend\tests\Property\SessionTtlInvariantPropertyTest.php" line="51" class="Tests\Property\SessionTtlInvariantPropertyTest" classname="Tests.Property.SessionTtlInvariantPropertyTest" assertions="2" time="0.038645"/>
          <testcase name="test_session_expires_at_equals_creation_time_plus_configured_ttl with data set &quot;iteration_24_ttl_52m&quot;" file="E:\coupony-backend\tests\Property\SessionTtlInvariantPropertyTest.php" line="51" class="Tests\Property\SessionTtlInvariantPropertyTest" classname="Tests.Property.SessionTtlInvariantPropertyTest" assertions="2" time="0.038942"/>
          <testcase name="test_session_expires_at_equals_creation_time_plus_configured_ttl with data set &quot;iteration_25_ttl_99m&quot;" file="E:\coupony-backend\tests\Property\SessionTtlInvariantPropertyTest.php" line="51" class="Tests\Property\SessionTtlInvariantPropertyTest" classname="Tests.Property.SessionTtlInvariantPropertyTest" assertions="2" time="0.040147"/>
          <testcase name="test_session_expires_at_equals_creation_time_plus_configured_ttl with data set &quot;iteration_26_ttl_100m&quot;" file="E:\coupony-backend\tests\Property\SessionTtlInvariantPropertyTest.php" line="51" class="Tests\Property\SessionTtlInvariantPropertyTest" classname="Tests.Property.SessionTtlInvariantPropertyTest" assertions="2" time="0.041056"/>
          <testcase name="test_session_expires_at_equals_creation_time_plus_configured_ttl with data set &quot;iteration_27_ttl_15m&quot;" file="E:\coupony-backend\tests\Property\SessionTtlInvariantPropertyTest.php" line="51" class="Tests\Property\SessionTtlInvariantPropertyTest" classname="Tests.Property.SessionTtlInvariantPropertyTest" assertions="2" time="0.127849"/>
          <testcase name="test_session_expires_at_equals_creation_time_plus_configured_ttl with data set &quot;iteration_28_ttl_67m&quot;" file="E:\coupony-backend\tests\Property\SessionTtlInvariantPropertyTest.php" line="51" class="Tests\Property\SessionTtlInvariantPropertyTest" classname="Tests.Property.SessionTtlInvariantPropertyTest" assertions="2" time="0.042338"/>
          <testcase name="test_session_expires_at_equals_creation_time_plus_configured_ttl with data set &quot;iteration_29_ttl_115m&quot;" file="E:\coupony-backend\tests\Property\SessionTtlInvariantPropertyTest.php" line="51" class="Tests\Property\SessionTtlInvariantPropertyTest" classname="Tests.Property.SessionTtlInvariantPropertyTest" assertions="2" time="0.040149"/>
          <testcase name="test_session_expires_at_equals_creation_time_plus_configured_ttl with data set &quot;iteration_30_ttl_83m&quot;" file="E:\coupony-backend\tests\Property\SessionTtlInvariantPropertyTest.php" line="51" class="Tests\Property\SessionTtlInvariantPropertyTest" classname="Tests.Property.SessionTtlInvariantPropertyTest" assertions="2" time="0.040644"/>
          <testcase name="test_session_expires_at_equals_creation_time_plus_configured_ttl with data set &quot;iteration_31_ttl_21m&quot;" file="E:\coupony-backend\tests\Property\SessionTtlInvariantPropertyTest.php" line="51" class="Tests\Property\SessionTtlInvariantPropertyTest" classname="Tests.Property.SessionTtlInvariantPropertyTest" assertions="2" time="0.039951"/>
          <testcase name="test_session_expires_at_equals_creation_time_plus_configured_ttl with data set &quot;iteration_32_ttl_65m&quot;" file="E:\coupony-backend\tests\Property\SessionTtlInvariantPropertyTest.php" line="51" class="Tests\Property\SessionTtlInvariantPropertyTest" classname="Tests.Property.SessionTtlInvariantPropertyTest" assertions="2" time="0.038926"/>
          <testcase name="test_session_expires_at_equals_creation_time_plus_configured_ttl with data set &quot;iteration_33_ttl_37m&quot;" file="E:\coupony-backend\tests\Property\SessionTtlInvariantPropertyTest.php" line="51" class="Tests\Property\SessionTtlInvariantPropertyTest" classname="Tests.Property.SessionTtlInvariantPropertyTest" assertions="2" time="0.041697"/>
          <testcase name="test_session_expires_at_equals_creation_time_plus_configured_ttl with data set &quot;iteration_34_ttl_72m&quot;" file="E:\coupony-backend\tests\Property\SessionTtlInvariantPropertyTest.php" line="51" class="Tests\Property\SessionTtlInvariantPropertyTest" classname="Tests.Property.SessionTtlInvariantPropertyTest" assertions="2" time="0.038758"/>
          <testcase name="test_session_expires_at_equals_creation_time_plus_configured_ttl with data set &quot;iteration_35_ttl_36m&quot;" file="E:\coupony-backend\tests\Property\SessionTtlInvariantPropertyTest.php" line="51" class="Tests\Property\SessionTtlInvariantPropertyTest" classname="Tests.Property.SessionTtlInvariantPropertyTest" assertions="2" time="0.039341"/>
          <testcase name="test_session_expires_at_equals_creation_time_plus_configured_ttl with data set &quot;iteration_36_ttl_50m&quot;" file="E:\coupony-backend\tests\Property\SessionTtlInvariantPropertyTest.php" line="51" class="Tests\Property\SessionTtlInvariantPropertyTest" classname="Tests.Property.SessionTtlInvariantPropertyTest" assertions="2" time="0.037663"/>
          <testcase name="test_session_expires_at_equals_creation_time_plus_configured_ttl with data set &quot;iteration_37_ttl_8m&quot;" file="E:\coupony-backend\tests\Property\SessionTtlInvariantPropertyTest.php" line="51" class="Tests\Property\SessionTtlInvariantPropertyTest" classname="Tests.Property.SessionTtlInvariantPropertyTest" assertions="2" time="0.127062"/>
          <testcase name="test_session_expires_at_equals_creation_time_plus_configured_ttl with data set &quot;iteration_38_ttl_40m&quot;" file="E:\coupony-backend\tests\Property\SessionTtlInvariantPropertyTest.php" line="51" class="Tests\Property\SessionTtlInvariantPropertyTest" classname="Tests.Property.SessionTtlInvariantPropertyTest" assertions="2" time="0.043344"/>
          <testcase name="test_session_expires_at_equals_creation_time_plus_configured_ttl with data set &quot;iteration_39_ttl_27m&quot;" file="E:\coupony-backend\tests\Property\SessionTtlInvariantPropertyTest.php" line="51" class="Tests\Property\SessionTtlInvariantPropertyTest" classname="Tests.Property.SessionTtlInvariantPropertyTest" assertions="2" time="0.038413"/>
          <testcase name="test_session_expires_at_equals_creation_time_plus_configured_ttl with data set &quot;iteration_40_ttl_87m&quot;" file="E:\coupony-backend\tests\Property\SessionTtlInvariantPropertyTest.php" line="51" class="Tests\Property\SessionTtlInvariantPropertyTest" classname="Tests.Property.SessionTtlInvariantPropertyTest" assertions="2" time="0.044911"/>
          <testcase name="test_session_expires_at_equals_creation_time_plus_configured_ttl with data set &quot;iteration_41_ttl_92m&quot;" file="E:\coupony-backend\tests\Property\SessionTtlInvariantPropertyTest.php" line="51" class="Tests\Property\SessionTtlInvariantPropertyTest" classname="Tests.Property.SessionTtlInvariantPropertyTest" assertions="2" time="0.042113"/>
          <testcase name="test_session_expires_at_equals_creation_time_plus_configured_ttl with data set &quot;iteration_42_ttl_91m&quot;" file="E:\coupony-backend\tests\Property\SessionTtlInvariantPropertyTest.php" line="51" class="Tests\Property\SessionTtlInvariantPropertyTest" classname="Tests.Property.SessionTtlInvariantPropertyTest" assertions="2" time="0.039239"/>
          <testcase name="test_session_expires_at_equals_creation_time_plus_configured_ttl with data set &quot;iteration_43_ttl_33m&quot;" file="E:\coupony-backend\tests\Property\SessionTtlInvariantPropertyTest.php" line="51" class="Tests\Property\SessionTtlInvariantPropertyTest" classname="Tests.Property.SessionTtlInvariantPropertyTest" assertions="2" time="0.042893"/>
          <testcase name="test_session_expires_at_equals_creation_time_plus_configured_ttl with data set &quot;iteration_44_ttl_12m&quot;" file="E:\coupony-backend\tests\Property\SessionTtlInvariantPropertyTest.php" line="51" class="Tests\Property\SessionTtlInvariantPropertyTest" classname="Tests.Property.SessionTtlInvariantPropertyTest" assertions="2" time="0.038849"/>
          <testcase name="test_session_expires_at_equals_creation_time_plus_configured_ttl with data set &quot;iteration_45_ttl_79m&quot;" file="E:\coupony-backend\tests\Property\SessionTtlInvariantPropertyTest.php" line="51" class="Tests\Property\SessionTtlInvariantPropertyTest" classname="Tests.Property.SessionTtlInvariantPropertyTest" assertions="2" time="0.038091"/>
          <testcase name="test_session_expires_at_equals_creation_time_plus_configured_ttl with data set &quot;iteration_46_ttl_61m&quot;" file="E:\coupony-backend\tests\Property\SessionTtlInvariantPropertyTest.php" line="51" class="Tests\Property\SessionTtlInvariantPropertyTest" classname="Tests.Property.SessionTtlInvariantPropertyTest" assertions="2" time="0.119221"/>
          <testcase name="test_session_expires_at_equals_creation_time_plus_configured_ttl with data set &quot;iteration_47_ttl_78m&quot;" file="E:\coupony-backend\tests\Property\SessionTtlInvariantPropertyTest.php" line="51" class="Tests\Property\SessionTtlInvariantPropertyTest" classname="Tests.Property.SessionTtlInvariantPropertyTest" assertions="2" time="0.045651"/>
          <testcase name="test_session_expires_at_equals_creation_time_plus_configured_ttl with data set &quot;iteration_48_ttl_36m&quot;" file="E:\coupony-backend\tests\Property\SessionTtlInvariantPropertyTest.php" line="51" class="Tests\Property\SessionTtlInvariantPropertyTest" classname="Tests.Property.SessionTtlInvariantPropertyTest" assertions="2" time="0.038123"/>
          <testcase name="test_session_expires_at_equals_creation_time_plus_configured_ttl with data set &quot;iteration_49_ttl_120m&quot;" file="E:\coupony-backend\tests\Property\SessionTtlInvariantPropertyTest.php" line="51" class="Tests\Property\SessionTtlInvariantPropertyTest" classname="Tests.Property.SessionTtlInvariantPropertyTest" assertions="2" time="0.038229"/>
          <testcase name="test_session_expires_at_equals_creation_time_plus_configured_ttl with data set &quot;iteration_50_ttl_58m&quot;" file="E:\coupony-backend\tests\Property\SessionTtlInvariantPropertyTest.php" line="51" class="Tests\Property\SessionTtlInvariantPropertyTest" classname="Tests.Property.SessionTtlInvariantPropertyTest" assertions="2" time="0.039454"/>
          <testcase name="test_session_expires_at_equals_creation_time_plus_configured_ttl with data set &quot;iteration_51_ttl_83m&quot;" file="E:\coupony-backend\tests\Property\SessionTtlInvariantPropertyTest.php" line="51" class="Tests\Property\SessionTtlInvariantPropertyTest" classname="Tests.Property.SessionTtlInvariantPropertyTest" assertions="2" time="0.041949"/>
          <testcase name="test_session_expires_at_equals_creation_time_plus_configured_ttl with data set &quot;iteration_52_ttl_112m&quot;" file="E:\coupony-backend\tests\Property\SessionTtlInvariantPropertyTest.php" line="51" class="Tests\Property\SessionTtlInvariantPropertyTest" classname="Tests.Property.SessionTtlInvariantPropertyTest" assertions="2" time="0.039879"/>
          <testcase name="test_session_expires_at_equals_creation_time_plus_configured_ttl with data set &quot;iteration_53_ttl_47m&quot;" file="E:\coupony-backend\tests\Property\SessionTtlInvariantPropertyTest.php" line="51" class="Tests\Property\SessionTtlInvariantPropertyTest" classname="Tests.Property.SessionTtlInvariantPropertyTest" assertions="2" time="0.042427"/>
          <testcase name="test_session_expires_at_equals_creation_time_plus_configured_ttl with data set &quot;iteration_54_ttl_72m&quot;" file="E:\coupony-backend\tests\Property\SessionTtlInvariantPropertyTest.php" line="51" class="Tests\Property\SessionTtlInvariantPropertyTest" classname="Tests.Property.SessionTtlInvariantPropertyTest" assertions="2" time="0.042294"/>
          <testcase name="test_session_expires_at_equals_creation_time_plus_configured_ttl with data set &quot;iteration_55_ttl_33m&quot;" file="E:\coupony-backend\tests\Property\SessionTtlInvariantPropertyTest.php" line="51" class="Tests\Property\SessionTtlInvariantPropertyTest" classname="Tests.Property.SessionTtlInvariantPropertyTest" assertions="2" time="0.041597"/>
          <testcase name="test_session_expires_at_equals_creation_time_plus_configured_ttl with data set &quot;iteration_56_ttl_78m&quot;" file="E:\coupony-backend\tests\Property\SessionTtlInvariantPropertyTest.php" line="51" class="Tests\Property\SessionTtlInvariantPropertyTest" classname="Tests.Property.SessionTtlInvariantPropertyTest" assertions="2" time="0.150572"/>
          <testcase name="test_session_expires_at_equals_creation_time_plus_configured_ttl with data set &quot;iteration_57_ttl_59m&quot;" file="E:\coupony-backend\tests\Property\SessionTtlInvariantPropertyTest.php" line="51" class="Tests\Property\SessionTtlInvariantPropertyTest" classname="Tests.Property.SessionTtlInvariantPropertyTest" assertions="2" time="0.046337"/>
          <testcase name="test_session_expires_at_equals_creation_time_plus_configured_ttl with data set &quot;iteration_58_ttl_118m&quot;" file="E:\coupony-backend\tests\Property\SessionTtlInvariantPropertyTest.php" line="51" class="Tests\Property\SessionTtlInvariantPropertyTest" classname="Tests.Property.SessionTtlInvariantPropertyTest" assertions="2" time="0.041749"/>
          <testcase name="test_session_expires_at_equals_creation_time_plus_configured_ttl with data set &quot;iteration_59_ttl_105m&quot;" file="E:\coupony-backend\tests\Property\SessionTtlInvariantPropertyTest.php" line="51" class="Tests\Property\SessionTtlInvariantPropertyTest" classname="Tests.Property.SessionTtlInvariantPropertyTest" assertions="2" time="0.041205"/>
          <testcase name="test_session_expires_at_equals_creation_time_plus_configured_ttl with data set &quot;iteration_60_ttl_19m&quot;" file="E:\coupony-backend\tests\Property\SessionTtlInvariantPropertyTest.php" line="51" class="Tests\Property\SessionTtlInvariantPropertyTest" classname="Tests.Property.SessionTtlInvariantPropertyTest" assertions="2" time="0.037898"/>
          <testcase name="test_session_expires_at_equals_creation_time_plus_configured_ttl with data set &quot;iteration_61_ttl_46m&quot;" file="E:\coupony-backend\tests\Property\SessionTtlInvariantPropertyTest.php" line="51" class="Tests\Property\SessionTtlInvariantPropertyTest" classname="Tests.Property.SessionTtlInvariantPropertyTest" assertions="2" time="0.040809"/>
          <testcase name="test_session_expires_at_equals_creation_time_plus_configured_ttl with data set &quot;iteration_62_ttl_119m&quot;" file="E:\coupony-backend\tests\Property\SessionTtlInvariantPropertyTest.php" line="51" class="Tests\Property\SessionTtlInvariantPropertyTest" classname="Tests.Property.SessionTtlInvariantPropertyTest" assertions="2" time="0.041529"/>
          <testcase name="test_session_expires_at_equals_creation_time_plus_configured_ttl with data set &quot;iteration_63_ttl_37m&quot;" file="E:\coupony-backend\tests\Property\SessionTtlInvariantPropertyTest.php" line="51" class="Tests\Property\SessionTtlInvariantPropertyTest" classname="Tests.Property.SessionTtlInvariantPropertyTest" assertions="2" time="0.038768"/>
          <testcase name="test_session_expires_at_equals_creation_time_plus_configured_ttl with data set &quot;iteration_64_ttl_49m&quot;" file="E:\coupony-backend\tests\Property\SessionTtlInvariantPropertyTest.php" line="51" class="Tests\Property\SessionTtlInvariantPropertyTest" classname="Tests.Property.SessionTtlInvariantPropertyTest" assertions="2" time="0.039786"/>
          <testcase name="test_session_expires_at_equals_creation_time_plus_configured_ttl with data set &quot;iteration_65_ttl_81m&quot;" file="E:\coupony-backend\tests\Property\SessionTtlInvariantPropertyTest.php" line="51" class="Tests\Property\SessionTtlInvariantPropertyTest" classname="Tests.Property.SessionTtlInvariantPropertyTest" assertions="2" time="0.129719"/>
          <testcase name="test_session_expires_at_equals_creation_time_plus_configured_ttl with data set &quot;iteration_66_ttl_51m&quot;" file="E:\coupony-backend\tests\Property\SessionTtlInvariantPropertyTest.php" line="51" class="Tests\Property\SessionTtlInvariantPropertyTest" classname="Tests.Property.SessionTtlInvariantPropertyTest" assertions="2" time="0.041760"/>
          <testcase name="test_session_expires_at_equals_creation_time_plus_configured_ttl with data set &quot;iteration_67_ttl_67m&quot;" file="E:\coupony-backend\tests\Property\SessionTtlInvariantPropertyTest.php" line="51" class="Tests\Property\SessionTtlInvariantPropertyTest" classname="Tests.Property.SessionTtlInvariantPropertyTest" assertions="2" time="0.042354"/>
          <testcase name="test_session_expires_at_equals_creation_time_plus_configured_ttl with data set &quot;iteration_68_ttl_46m&quot;" file="E:\coupony-backend\tests\Property\SessionTtlInvariantPropertyTest.php" line="51" class="Tests\Property\SessionTtlInvariantPropertyTest" classname="Tests.Property.SessionTtlInvariantPropertyTest" assertions="2" time="0.036923"/>
          <testcase name="test_session_expires_at_equals_creation_time_plus_configured_ttl with data set &quot;iteration_69_ttl_44m&quot;" file="E:\coupony-backend\tests\Property\SessionTtlInvariantPropertyTest.php" line="51" class="Tests\Property\SessionTtlInvariantPropertyTest" classname="Tests.Property.SessionTtlInvariantPropertyTest" assertions="2" time="0.039060"/>
          <testcase name="test_session_expires_at_equals_creation_time_plus_configured_ttl with data set &quot;iteration_70_ttl_8m&quot;" file="E:\coupony-backend\tests\Property\SessionTtlInvariantPropertyTest.php" line="51" class="Tests\Property\SessionTtlInvariantPropertyTest" classname="Tests.Property.SessionTtlInvariantPropertyTest" assertions="2" time="0.037188"/>
          <testcase name="test_session_expires_at_equals_creation_time_plus_configured_ttl with data set &quot;iteration_71_ttl_120m&quot;" file="E:\coupony-backend\tests\Property\SessionTtlInvariantPropertyTest.php" line="51" class="Tests\Property\SessionTtlInvariantPropertyTest" classname="Tests.Property.SessionTtlInvariantPropertyTest" assertions="2" time="0.040078"/>
          <testcase name="test_session_expires_at_equals_creation_time_plus_configured_ttl with data set &quot;iteration_72_ttl_33m&quot;" file="E:\coupony-backend\tests\Property\SessionTtlInvariantPropertyTest.php" line="51" class="Tests\Property\SessionTtlInvariantPropertyTest" classname="Tests.Property.SessionTtlInvariantPropertyTest" assertions="2" time="0.039517"/>
          <testcase name="test_session_expires_at_equals_creation_time_plus_configured_ttl with data set &quot;iteration_73_ttl_40m&quot;" file="E:\coupony-backend\tests\Property\SessionTtlInvariantPropertyTest.php" line="51" class="Tests\Property\SessionTtlInvariantPropertyTest" classname="Tests.Property.SessionTtlInvariantPropertyTest" assertions="2" time="0.040310"/>
          <testcase name="test_session_expires_at_equals_creation_time_plus_configured_ttl with data set &quot;iteration_74_ttl_106m&quot;" file="E:\coupony-backend\tests\Property\SessionTtlInvariantPropertyTest.php" line="51" class="Tests\Property\SessionTtlInvariantPropertyTest" classname="Tests.Property.SessionTtlInvariantPropertyTest" assertions="2" time="0.036823"/>
          <testcase name="test_session_expires_at_equals_creation_time_plus_configured_ttl with data set &quot;iteration_75_ttl_56m&quot;" file="E:\coupony-backend\tests\Property\SessionTtlInvariantPropertyTest.php" line="51" class="Tests\Property\SessionTtlInvariantPropertyTest" classname="Tests.Property.SessionTtlInvariantPropertyTest" assertions="2" time="0.123260"/>
          <testcase name="test_session_expires_at_equals_creation_time_plus_configured_ttl with data set &quot;iteration_76_ttl_18m&quot;" file="E:\coupony-backend\tests\Property\SessionTtlInvariantPropertyTest.php" line="51" class="Tests\Property\SessionTtlInvariantPropertyTest" classname="Tests.Property.SessionTtlInvariantPropertyTest" assertions="2" time="0.037606"/>
          <testcase name="test_session_expires_at_equals_creation_time_plus_configured_ttl with data set &quot;iteration_77_ttl_117m&quot;" file="E:\coupony-backend\tests\Property\SessionTtlInvariantPropertyTest.php" line="51" class="Tests\Property\SessionTtlInvariantPropertyTest" classname="Tests.Property.SessionTtlInvariantPropertyTest" assertions="2" time="0.045547"/>
          <testcase name="test_session_expires_at_equals_creation_time_plus_configured_ttl with data set &quot;iteration_78_ttl_115m&quot;" file="E:\coupony-backend\tests\Property\SessionTtlInvariantPropertyTest.php" line="51" class="Tests\Property\SessionTtlInvariantPropertyTest" classname="Tests.Property.SessionTtlInvariantPropertyTest" assertions="2" time="0.040182"/>
          <testcase name="test_session_expires_at_equals_creation_time_plus_configured_ttl with data set &quot;iteration_79_ttl_40m&quot;" file="E:\coupony-backend\tests\Property\SessionTtlInvariantPropertyTest.php" line="51" class="Tests\Property\SessionTtlInvariantPropertyTest" classname="Tests.Property.SessionTtlInvariantPropertyTest" assertions="2" time="0.039261"/>
          <testcase name="test_session_expires_at_equals_creation_time_plus_configured_ttl with data set &quot;iteration_80_ttl_110m&quot;" file="E:\coupony-backend\tests\Property\SessionTtlInvariantPropertyTest.php" line="51" class="Tests\Property\SessionTtlInvariantPropertyTest" classname="Tests.Property.SessionTtlInvariantPropertyTest" assertions="2" time="0.038038"/>
          <testcase name="test_session_expires_at_equals_creation_time_plus_configured_ttl with data set &quot;iteration_81_ttl_33m&quot;" file="E:\coupony-backend\tests\Property\SessionTtlInvariantPropertyTest.php" line="51" class="Tests\Property\SessionTtlInvariantPropertyTest" classname="Tests.Property.SessionTtlInvariantPropertyTest" assertions="2" time="0.039292"/>
          <testcase name="test_session_expires_at_equals_creation_time_plus_configured_ttl with data set &quot;iteration_82_ttl_81m&quot;" file="E:\coupony-backend\tests\Property\SessionTtlInvariantPropertyTest.php" line="51" class="Tests\Property\SessionTtlInvariantPropertyTest" classname="Tests.Property.SessionTtlInvariantPropertyTest" assertions="2" time="0.050538"/>
          <testcase name="test_session_expires_at_equals_creation_time_plus_configured_ttl with data set &quot;iteration_83_ttl_112m&quot;" file="E:\coupony-backend\tests\Property\SessionTtlInvariantPropertyTest.php" line="51" class="Tests\Property\SessionTtlInvariantPropertyTest" classname="Tests.Property.SessionTtlInvariantPropertyTest" assertions="2" time="0.049956"/>
          <testcase name="test_session_expires_at_equals_creation_time_plus_configured_ttl with data set &quot;iteration_84_ttl_32m&quot;" file="E:\coupony-backend\tests\Property\SessionTtlInvariantPropertyTest.php" line="51" class="Tests\Property\SessionTtlInvariantPropertyTest" classname="Tests.Property.SessionTtlInvariantPropertyTest" assertions="2" time="0.120438"/>
          <testcase name="test_session_expires_at_equals_creation_time_plus_configured_ttl with data set &quot;iteration_85_ttl_41m&quot;" file="E:\coupony-backend\tests\Property\SessionTtlInvariantPropertyTest.php" line="51" class="Tests\Property\SessionTtlInvariantPropertyTest" classname="Tests.Property.SessionTtlInvariantPropertyTest" assertions="2" time="0.038567"/>
          <testcase name="test_session_expires_at_equals_creation_time_plus_configured_ttl with data set &quot;iteration_86_ttl_77m&quot;" file="E:\coupony-backend\tests\Property\SessionTtlInvariantPropertyTest.php" line="51" class="Tests\Property\SessionTtlInvariantPropertyTest" classname="Tests.Property.SessionTtlInvariantPropertyTest" assertions="2" time="0.036999"/>
          <testcase name="test_session_expires_at_equals_creation_time_plus_configured_ttl with data set &quot;iteration_87_ttl_115m&quot;" file="E:\coupony-backend\tests\Property\SessionTtlInvariantPropertyTest.php" line="51" class="Tests\Property\SessionTtlInvariantPropertyTest" classname="Tests.Property.SessionTtlInvariantPropertyTest" assertions="2" time="0.040775"/>
          <testcase name="test_session_expires_at_equals_creation_time_plus_configured_ttl with data set &quot;iteration_88_ttl_24m&quot;" file="E:\coupony-backend\tests\Property\SessionTtlInvariantPropertyTest.php" line="51" class="Tests\Property\SessionTtlInvariantPropertyTest" classname="Tests.Property.SessionTtlInvariantPropertyTest" assertions="2" time="0.039055"/>
          <testcase name="test_session_expires_at_equals_creation_time_plus_configured_ttl with data set &quot;iteration_89_ttl_20m&quot;" file="E:\coupony-backend\tests\Property\SessionTtlInvariantPropertyTest.php" line="51" class="Tests\Property\SessionTtlInvariantPropertyTest" classname="Tests.Property.SessionTtlInvariantPropertyTest" assertions="2" time="0.042779"/>
          <testcase name="test_session_expires_at_equals_creation_time_plus_configured_ttl with data set &quot;iteration_90_ttl_56m&quot;" file="E:\coupony-backend\tests\Property\SessionTtlInvariantPropertyTest.php" line="51" class="Tests\Property\SessionTtlInvariantPropertyTest" classname="Tests.Property.SessionTtlInvariantPropertyTest" assertions="2" time="0.038480"/>
          <testcase name="test_session_expires_at_equals_creation_time_plus_configured_ttl with data set &quot;iteration_91_ttl_32m&quot;" file="E:\coupony-backend\tests\Property\SessionTtlInvariantPropertyTest.php" line="51" class="Tests\Property\SessionTtlInvariantPropertyTest" classname="Tests.Property.SessionTtlInvariantPropertyTest" assertions="2" time="0.037280"/>
          <testcase name="test_session_expires_at_equals_creation_time_plus_configured_ttl with data set &quot;iteration_92_ttl_88m&quot;" file="E:\coupony-backend\tests\Property\SessionTtlInvariantPropertyTest.php" line="51" class="Tests\Property\SessionTtlInvariantPropertyTest" classname="Tests.Property.SessionTtlInvariantPropertyTest" assertions="2" time="0.039266"/>
          <testcase name="test_session_expires_at_equals_creation_time_plus_configured_ttl with data set &quot;iteration_93_ttl_57m&quot;" file="E:\coupony-backend\tests\Property\SessionTtlInvariantPropertyTest.php" line="51" class="Tests\Property\SessionTtlInvariantPropertyTest" classname="Tests.Property.SessionTtlInvariantPropertyTest" assertions="2" time="0.036344"/>
          <testcase name="test_session_expires_at_equals_creation_time_plus_configured_ttl with data set &quot;iteration_94_ttl_33m&quot;" file="E:\coupony-backend\tests\Property\SessionTtlInvariantPropertyTest.php" line="51" class="Tests\Property\SessionTtlInvariantPropertyTest" classname="Tests.Property.SessionTtlInvariantPropertyTest" assertions="2" time="0.131443"/>
          <testcase name="test_session_expires_at_equals_creation_time_plus_configured_ttl with data set &quot;iteration_95_ttl_54m&quot;" file="E:\coupony-backend\tests\Property\SessionTtlInvariantPropertyTest.php" line="51" class="Tests\Property\SessionTtlInvariantPropertyTest" classname="Tests.Property.SessionTtlInvariantPropertyTest" assertions="2" time="0.041232"/>
          <testcase name="test_session_expires_at_equals_creation_time_plus_configured_ttl with data set &quot;iteration_96_ttl_114m&quot;" file="E:\coupony-backend\tests\Property\SessionTtlInvariantPropertyTest.php" line="51" class="Tests\Property\SessionTtlInvariantPropertyTest" classname="Tests.Property.SessionTtlInvariantPropertyTest" assertions="2" time="0.036889"/>
          <testcase name="test_session_expires_at_equals_creation_time_plus_configured_ttl with data set &quot;iteration_97_ttl_22m&quot;" file="E:\coupony-backend\tests\Property\SessionTtlInvariantPropertyTest.php" line="51" class="Tests\Property\SessionTtlInvariantPropertyTest" classname="Tests.Property.SessionTtlInvariantPropertyTest" assertions="2" time="0.035741"/>
          <testcase name="test_session_expires_at_equals_creation_time_plus_configured_ttl with data set &quot;iteration_98_ttl_35m&quot;" file="E:\coupony-backend\tests\Property\SessionTtlInvariantPropertyTest.php" line="51" class="Tests\Property\SessionTtlInvariantPropertyTest" classname="Tests.Property.SessionTtlInvariantPropertyTest" assertions="2" time="0.034413"/>
          <testcase name="test_session_expires_at_equals_creation_time_plus_configured_ttl with data set &quot;iteration_99_ttl_23m&quot;" file="E:\coupony-backend\tests\Property\SessionTtlInvariantPropertyTest.php" line="51" class="Tests\Property\SessionTtlInvariantPropertyTest" classname="Tests.Property.SessionTtlInvariantPropertyTest" assertions="2" time="0.035090"/>
        </testsuite>
        <testsuite name="Tests\Property\SessionTtlInvariantPropertyTest::test_session_past_expires_at_is_treated_as_expired" tests="100" assertions="200" errors="0" failures="0" skipped="0" time="4.563877">
          <testcase name="test_session_past_expires_at_is_treated_as_expired with data set &quot;iteration_0_ttl_119m&quot;" file="E:\coupony-backend\tests\Property\SessionTtlInvariantPropertyTest.php" line="94" class="Tests\Property\SessionTtlInvariantPropertyTest" classname="Tests.Property.SessionTtlInvariantPropertyTest" assertions="2" time="0.037251"/>
          <testcase name="test_session_past_expires_at_is_treated_as_expired with data set &quot;iteration_1_ttl_77m&quot;" file="E:\coupony-backend\tests\Property\SessionTtlInvariantPropertyTest.php" line="94" class="Tests\Property\SessionTtlInvariantPropertyTest" classname="Tests.Property.SessionTtlInvariantPropertyTest" assertions="2" time="0.036721"/>
          <testcase name="test_session_past_expires_at_is_treated_as_expired with data set &quot;iteration_2_ttl_96m&quot;" file="E:\coupony-backend\tests\Property\SessionTtlInvariantPropertyTest.php" line="94" class="Tests\Property\SessionTtlInvariantPropertyTest" classname="Tests.Property.SessionTtlInvariantPropertyTest" assertions="2" time="0.034783"/>
          <testcase name="test_session_past_expires_at_is_treated_as_expired with data set &quot;iteration_3_ttl_97m&quot;" file="E:\coupony-backend\tests\Property\SessionTtlInvariantPropertyTest.php" line="94" class="Tests\Property\SessionTtlInvariantPropertyTest" classname="Tests.Property.SessionTtlInvariantPropertyTest" assertions="2" time="0.125274"/>
          <testcase name="test_session_past_expires_at_is_treated_as_expired with data set &quot;iteration_4_ttl_15m&quot;" file="E:\coupony-backend\tests\Property\SessionTtlInvariantPropertyTest.php" line="94" class="Tests\Property\SessionTtlInvariantPropertyTest" classname="Tests.Property.SessionTtlInvariantPropertyTest" assertions="2" time="0.041202"/>
          <testcase name="test_session_past_expires_at_is_treated_as_expired with data set &quot;iteration_5_ttl_37m&quot;" file="E:\coupony-backend\tests\Property\SessionTtlInvariantPropertyTest.php" line="94" class="Tests\Property\SessionTtlInvariantPropertyTest" classname="Tests.Property.SessionTtlInvariantPropertyTest" assertions="2" time="0.039657"/>
          <testcase name="test_session_past_expires_at_is_treated_as_expired with data set &quot;iteration_6_ttl_49m&quot;" file="E:\coupony-backend\tests\Property\SessionTtlInvariantPropertyTest.php" line="94" class="Tests\Property\SessionTtlInvariantPropertyTest" classname="Tests.Property.SessionTtlInvariantPropertyTest" assertions="2" time="0.035985"/>
          <testcase name="test_session_past_expires_at_is_treated_as_expired with data set &quot;iteration_7_ttl_116m&quot;" file="E:\coupony-backend\tests\Property\SessionTtlInvariantPropertyTest.php" line="94" class="Tests\Property\SessionTtlInvariantPropertyTest" classname="Tests.Property.SessionTtlInvariantPropertyTest" assertions="2" time="0.037478"/>
          <testcase name="test_session_past_expires_at_is_treated_as_expired with data set &quot;iteration_8_ttl_76m&quot;" file="E:\coupony-backend\tests\Property\SessionTtlInvariantPropertyTest.php" line="94" class="Tests\Property\SessionTtlInvariantPropertyTest" classname="Tests.Property.SessionTtlInvariantPropertyTest" assertions="2" time="0.035861"/>
          <testcase name="test_session_past_expires_at_is_treated_as_expired with data set &quot;iteration_9_ttl_33m&quot;" file="E:\coupony-backend\tests\Property\SessionTtlInvariantPropertyTest.php" line="94" class="Tests\Property\SessionTtlInvariantPropertyTest" classname="Tests.Property.SessionTtlInvariantPropertyTest" assertions="2" time="0.035716"/>
          <testcase name="test_session_past_expires_at_is_treated_as_expired with data set &quot;iteration_10_ttl_37m&quot;" file="E:\coupony-backend\tests\Property\SessionTtlInvariantPropertyTest.php" line="94" class="Tests\Property\SessionTtlInvariantPropertyTest" classname="Tests.Property.SessionTtlInvariantPropertyTest" assertions="2" time="0.038443"/>
          <testcase name="test_session_past_expires_at_is_treated_as_expired with data set &quot;iteration_11_ttl_24m&quot;" file="E:\coupony-backend\tests\Property\SessionTtlInvariantPropertyTest.php" line="94" class="Tests\Property\SessionTtlInvariantPropertyTest" classname="Tests.Property.SessionTtlInvariantPropertyTest" assertions="2" time="0.036649"/>
          <testcase name="test_session_past_expires_at_is_treated_as_expired with data set &quot;iteration_12_ttl_112m&quot;" file="E:\coupony-backend\tests\Property\SessionTtlInvariantPropertyTest.php" line="94" class="Tests\Property\SessionTtlInvariantPropertyTest" classname="Tests.Property.SessionTtlInvariantPropertyTest" assertions="2" time="0.121226"/>
          <testcase name="test_session_past_expires_at_is_treated_as_expired with data set &quot;iteration_13_ttl_10m&quot;" file="E:\coupony-backend\tests\Property\SessionTtlInvariantPropertyTest.php" line="94" class="Tests\Property\SessionTtlInvariantPropertyTest" classname="Tests.Property.SessionTtlInvariantPropertyTest" assertions="2" time="0.038338"/>
          <testcase name="test_session_past_expires_at_is_treated_as_expired with data set &quot;iteration_14_ttl_71m&quot;" file="E:\coupony-backend\tests\Property\SessionTtlInvariantPropertyTest.php" line="94" class="Tests\Property\SessionTtlInvariantPropertyTest" classname="Tests.Property.SessionTtlInvariantPropertyTest" assertions="2" time="0.037205"/>
          <testcase name="test_session_past_expires_at_is_treated_as_expired with data set &quot;iteration_15_ttl_117m&quot;" file="E:\coupony-backend\tests\Property\SessionTtlInvariantPropertyTest.php" line="94" class="Tests\Property\SessionTtlInvariantPropertyTest" classname="Tests.Property.SessionTtlInvariantPropertyTest" assertions="2" time="0.037122"/>
          <testcase name="test_session_past_expires_at_is_treated_as_expired with data set &quot;iteration_16_ttl_22m&quot;" file="E:\coupony-backend\tests\Property\SessionTtlInvariantPropertyTest.php" line="94" class="Tests\Property\SessionTtlInvariantPropertyTest" classname="Tests.Property.SessionTtlInvariantPropertyTest" assertions="2" time="0.035883"/>
          <testcase name="test_session_past_expires_at_is_treated_as_expired with data set &quot;iteration_17_ttl_35m&quot;" file="E:\coupony-backend\tests\Property\SessionTtlInvariantPropertyTest.php" line="94" class="Tests\Property\SessionTtlInvariantPropertyTest" classname="Tests.Property.SessionTtlInvariantPropertyTest" assertions="2" time="0.038485"/>
          <testcase name="test_session_past_expires_at_is_treated_as_expired with data set &quot;iteration_18_ttl_96m&quot;" file="E:\coupony-backend\tests\Property\SessionTtlInvariantPropertyTest.php" line="94" class="Tests\Property\SessionTtlInvariantPropertyTest" classname="Tests.Property.SessionTtlInvariantPropertyTest" assertions="2" time="0.036885"/>
          <testcase name="test_session_past_expires_at_is_treated_as_expired with data set &quot;iteration_19_ttl_94m&quot;" file="E:\coupony-backend\tests\Property\SessionTtlInvariantPropertyTest.php" line="94" class="Tests\Property\SessionTtlInvariantPropertyTest" classname="Tests.Property.SessionTtlInvariantPropertyTest" assertions="2" time="0.037502"/>
          <testcase name="test_session_past_expires_at_is_treated_as_expired with data set &quot;iteration_20_ttl_64m&quot;" file="E:\coupony-backend\tests\Property\SessionTtlInvariantPropertyTest.php" line="94" class="Tests\Property\SessionTtlInvariantPropertyTest" classname="Tests.Property.SessionTtlInvariantPropertyTest" assertions="2" time="0.036140"/>
          <testcase name="test_session_past_expires_at_is_treated_as_expired with data set &quot;iteration_21_ttl_20m&quot;" file="E:\coupony-backend\tests\Property\SessionTtlInvariantPropertyTest.php" line="94" class="Tests\Property\SessionTtlInvariantPropertyTest" classname="Tests.Property.SessionTtlInvariantPropertyTest" assertions="2" time="0.037380"/>
          <testcase name="test_session_past_expires_at_is_treated_as_expired with data set &quot;iteration_22_ttl_109m&quot;" file="E:\coupony-backend\tests\Property\SessionTtlInvariantPropertyTest.php" line="94" class="Tests\Property\SessionTtlInvariantPropertyTest" classname="Tests.Property.SessionTtlInvariantPropertyTest" assertions="2" time="0.117577"/>
          <testcase name="test_session_past_expires_at_is_treated_as_expired with data set &quot;iteration_23_ttl_107m&quot;" file="E:\coupony-backend\tests\Property\SessionTtlInvariantPropertyTest.php" line="94" class="Tests\Property\SessionTtlInvariantPropertyTest" classname="Tests.Property.SessionTtlInvariantPropertyTest" assertions="2" time="0.036222"/>
          <testcase name="test_session_past_expires_at_is_treated_as_expired with data set &quot;iteration_24_ttl_86m&quot;" file="E:\coupony-backend\tests\Property\SessionTtlInvariantPropertyTest.php" line="94" class="Tests\Property\SessionTtlInvariantPropertyTest" classname="Tests.Property.SessionTtlInvariantPropertyTest" assertions="2" time="0.035442"/>
          <testcase name="test_session_past_expires_at_is_treated_as_expired with data set &quot;iteration_25_ttl_112m&quot;" file="E:\coupony-backend\tests\Property\SessionTtlInvariantPropertyTest.php" line="94" class="Tests\Property\SessionTtlInvariantPropertyTest" classname="Tests.Property.SessionTtlInvariantPropertyTest" assertions="2" time="0.035172"/>
          <testcase name="test_session_past_expires_at_is_treated_as_expired with data set &quot;iteration_26_ttl_17m&quot;" file="E:\coupony-backend\tests\Property\SessionTtlInvariantPropertyTest.php" line="94" class="Tests\Property\SessionTtlInvariantPropertyTest" classname="Tests.Property.SessionTtlInvariantPropertyTest" assertions="2" time="0.035131"/>
          <testcase name="test_session_past_expires_at_is_treated_as_expired with data set &quot;iteration_27_ttl_52m&quot;" file="E:\coupony-backend\tests\Property\SessionTtlInvariantPropertyTest.php" line="94" class="Tests\Property\SessionTtlInvariantPropertyTest" classname="Tests.Property.SessionTtlInvariantPropertyTest" assertions="2" time="0.035315"/>
          <testcase name="test_session_past_expires_at_is_treated_as_expired with data set &quot;iteration_28_ttl_85m&quot;" file="E:\coupony-backend\tests\Property\SessionTtlInvariantPropertyTest.php" line="94" class="Tests\Property\SessionTtlInvariantPropertyTest" classname="Tests.Property.SessionTtlInvariantPropertyTest" assertions="2" time="0.035274"/>
          <testcase name="test_session_past_expires_at_is_treated_as_expired with data set &quot;iteration_29_ttl_20m&quot;" file="E:\coupony-backend\tests\Property\SessionTtlInvariantPropertyTest.php" line="94" class="Tests\Property\SessionTtlInvariantPropertyTest" classname="Tests.Property.SessionTtlInvariantPropertyTest" assertions="2" time="0.036866"/>
          <testcase name="test_session_past_expires_at_is_treated_as_expired with data set &quot;iteration_30_ttl_12m&quot;" file="E:\coupony-backend\tests\Property\SessionTtlInvariantPropertyTest.php" line="94" class="Tests\Property\SessionTtlInvariantPropertyTest" classname="Tests.Property.SessionTtlInvariantPropertyTest" assertions="2" time="0.034142"/>
          <testcase name="test_session_past_expires_at_is_treated_as_expired with data set &quot;iteration_31_ttl_28m&quot;" file="E:\coupony-backend\tests\Property\SessionTtlInvariantPropertyTest.php" line="94" class="Tests\Property\SessionTtlInvariantPropertyTest" classname="Tests.Property.SessionTtlInvariantPropertyTest" assertions="2" time="0.035581"/>
          <testcase name="test_session_past_expires_at_is_treated_as_expired with data set &quot;iteration_32_ttl_64m&quot;" file="E:\coupony-backend\tests\Property\SessionTtlInvariantPropertyTest.php" line="94" class="Tests\Property\SessionTtlInvariantPropertyTest" classname="Tests.Property.SessionTtlInvariantPropertyTest" assertions="2" time="0.120075"/>
          <testcase name="test_session_past_expires_at_is_treated_as_expired with data set &quot;iteration_33_ttl_19m&quot;" file="E:\coupony-backend\tests\Property\SessionTtlInvariantPropertyTest.php" line="94" class="Tests\Property\SessionTtlInvariantPropertyTest" classname="Tests.Property.SessionTtlInvariantPropertyTest" assertions="2" time="0.037345"/>
          <testcase name="test_session_past_expires_at_is_treated_as_expired with data set &quot;iteration_34_ttl_99m&quot;" file="E:\coupony-backend\tests\Property\SessionTtlInvariantPropertyTest.php" line="94" class="Tests\Property\SessionTtlInvariantPropertyTest" classname="Tests.Property.SessionTtlInvariantPropertyTest" assertions="2" time="0.038279"/>
          <testcase name="test_session_past_expires_at_is_treated_as_expired with data set &quot;iteration_35_ttl_97m&quot;" file="E:\coupony-backend\tests\Property\SessionTtlInvariantPropertyTest.php" line="94" class="Tests\Property\SessionTtlInvariantPropertyTest" classname="Tests.Property.SessionTtlInvariantPropertyTest" assertions="2" time="0.036217"/>
          <testcase name="test_session_past_expires_at_is_treated_as_expired with data set &quot;iteration_36_ttl_14m&quot;" file="E:\coupony-backend\tests\Property\SessionTtlInvariantPropertyTest.php" line="94" class="Tests\Property\SessionTtlInvariantPropertyTest" classname="Tests.Property.SessionTtlInvariantPropertyTest" assertions="2" time="0.036672"/>
          <testcase name="test_session_past_expires_at_is_treated_as_expired with data set &quot;iteration_37_ttl_9m&quot;" file="E:\coupony-backend\tests\Property\SessionTtlInvariantPropertyTest.php" line="94" class="Tests\Property\SessionTtlInvariantPropertyTest" classname="Tests.Property.SessionTtlInvariantPropertyTest" assertions="2" time="0.036654"/>
          <testcase name="test_session_past_expires_at_is_treated_as_expired with data set &quot;iteration_38_ttl_116m&quot;" file="E:\coupony-backend\tests\Property\SessionTtlInvariantPropertyTest.php" line="94" class="Tests\Property\SessionTtlInvariantPropertyTest" classname="Tests.Property.SessionTtlInvariantPropertyTest" assertions="2" time="0.035691"/>
          <testcase name="test_session_past_expires_at_is_treated_as_expired with data set &quot;iteration_39_ttl_23m&quot;" file="E:\coupony-backend\tests\Property\SessionTtlInvariantPropertyTest.php" line="94" class="Tests\Property\SessionTtlInvariantPropertyTest" classname="Tests.Property.SessionTtlInvariantPropertyTest" assertions="2" time="0.034471"/>
          <testcase name="test_session_past_expires_at_is_treated_as_expired with data set &quot;iteration_40_ttl_73m&quot;" file="E:\coupony-backend\tests\Property\SessionTtlInvariantPropertyTest.php" line="94" class="Tests\Property\SessionTtlInvariantPropertyTest" classname="Tests.Property.SessionTtlInvariantPropertyTest" assertions="2" time="0.035654"/>
          <testcase name="test_session_past_expires_at_is_treated_as_expired with data set &quot;iteration_41_ttl_54m&quot;" file="E:\coupony-backend\tests\Property\SessionTtlInvariantPropertyTest.php" line="94" class="Tests\Property\SessionTtlInvariantPropertyTest" classname="Tests.Property.SessionTtlInvariantPropertyTest" assertions="2" time="0.034185"/>
          <testcase name="test_session_past_expires_at_is_treated_as_expired with data set &quot;iteration_42_ttl_17m&quot;" file="E:\coupony-backend\tests\Property\SessionTtlInvariantPropertyTest.php" line="94" class="Tests\Property\SessionTtlInvariantPropertyTest" classname="Tests.Property.SessionTtlInvariantPropertyTest" assertions="2" time="0.116594"/>
          <testcase name="test_session_past_expires_at_is_treated_as_expired with data set &quot;iteration_43_ttl_12m&quot;" file="E:\coupony-backend\tests\Property\SessionTtlInvariantPropertyTest.php" line="94" class="Tests\Property\SessionTtlInvariantPropertyTest" classname="Tests.Property.SessionTtlInvariantPropertyTest" assertions="2" time="0.036819"/>
          <testcase name="test_session_past_expires_at_is_treated_as_expired with data set &quot;iteration_44_ttl_60m&quot;" file="E:\coupony-backend\tests\Property\SessionTtlInvariantPropertyTest.php" line="94" class="Tests\Property\SessionTtlInvariantPropertyTest" classname="Tests.Property.SessionTtlInvariantPropertyTest" assertions="2" time="0.039274"/>
          <testcase name="test_session_past_expires_at_is_treated_as_expired with data set &quot;iteration_45_ttl_44m&quot;" file="E:\coupony-backend\tests\Property\SessionTtlInvariantPropertyTest.php" line="94" class="Tests\Property\SessionTtlInvariantPropertyTest" classname="Tests.Property.SessionTtlInvariantPropertyTest" assertions="2" time="0.043749"/>
          <testcase name="test_session_past_expires_at_is_treated_as_expired with data set &quot;iteration_46_ttl_74m&quot;" file="E:\coupony-backend\tests\Property\SessionTtlInvariantPropertyTest.php" line="94" class="Tests\Property\SessionTtlInvariantPropertyTest" classname="Tests.Property.SessionTtlInvariantPropertyTest" assertions="2" time="0.048250"/>
          <testcase name="test_session_past_expires_at_is_treated_as_expired with data set &quot;iteration_47_ttl_73m&quot;" file="E:\coupony-backend\tests\Property\SessionTtlInvariantPropertyTest.php" line="94" class="Tests\Property\SessionTtlInvariantPropertyTest" classname="Tests.Property.SessionTtlInvariantPropertyTest" assertions="2" time="0.048199"/>
          <testcase name="test_session_past_expires_at_is_treated_as_expired with data set &quot;iteration_48_ttl_85m&quot;" file="E:\coupony-backend\tests\Property\SessionTtlInvariantPropertyTest.php" line="94" class="Tests\Property\SessionTtlInvariantPropertyTest" classname="Tests.Property.SessionTtlInvariantPropertyTest" assertions="2" time="0.038135"/>
          <testcase name="test_session_past_expires_at_is_treated_as_expired with data set &quot;iteration_49_ttl_85m&quot;" file="E:\coupony-backend\tests\Property\SessionTtlInvariantPropertyTest.php" line="94" class="Tests\Property\SessionTtlInvariantPropertyTest" classname="Tests.Property.SessionTtlInvariantPropertyTest" assertions="2" time="0.036014"/>
          <testcase name="test_session_past_expires_at_is_treated_as_expired with data set &quot;iteration_50_ttl_50m&quot;" file="E:\coupony-backend\tests\Property\SessionTtlInvariantPropertyTest.php" line="94" class="Tests\Property\SessionTtlInvariantPropertyTest" classname="Tests.Property.SessionTtlInvariantPropertyTest" assertions="2" time="0.035598"/>
          <testcase name="test_session_past_expires_at_is_treated_as_expired with data set &quot;iteration_51_ttl_19m&quot;" file="E:\coupony-backend\tests\Property\SessionTtlInvariantPropertyTest.php" line="94" class="Tests\Property\SessionTtlInvariantPropertyTest" classname="Tests.Property.SessionTtlInvariantPropertyTest" assertions="2" time="0.036911"/>
          <testcase name="test_session_past_expires_at_is_treated_as_expired with data set &quot;iteration_52_ttl_112m&quot;" file="E:\coupony-backend\tests\Property\SessionTtlInvariantPropertyTest.php" line="94" class="Tests\Property\SessionTtlInvariantPropertyTest" classname="Tests.Property.SessionTtlInvariantPropertyTest" assertions="2" time="0.118276"/>
          <testcase name="test_session_past_expires_at_is_treated_as_expired with data set &quot;iteration_53_ttl_17m&quot;" file="E:\coupony-backend\tests\Property\SessionTtlInvariantPropertyTest.php" line="94" class="Tests\Property\SessionTtlInvariantPropertyTest" classname="Tests.Property.SessionTtlInvariantPropertyTest" assertions="2" time="0.036808"/>
          <testcase name="test_session_past_expires_at_is_treated_as_expired with data set &quot;iteration_54_ttl_32m&quot;" file="E:\coupony-backend\tests\Property\SessionTtlInvariantPropertyTest.php" line="94" class="Tests\Property\SessionTtlInvariantPropertyTest" classname="Tests.Property.SessionTtlInvariantPropertyTest" assertions="2" time="0.035755"/>
          <testcase name="test_session_past_expires_at_is_treated_as_expired with data set &quot;iteration_55_ttl_111m&quot;" file="E:\coupony-backend\tests\Property\SessionTtlInvariantPropertyTest.php" line="94" class="Tests\Property\SessionTtlInvariantPropertyTest" classname="Tests.Property.SessionTtlInvariantPropertyTest" assertions="2" time="0.041478"/>
          <testcase name="test_session_past_expires_at_is_treated_as_expired with data set &quot;iteration_56_ttl_113m&quot;" file="E:\coupony-backend\tests\Property\SessionTtlInvariantPropertyTest.php" line="94" class="Tests\Property\SessionTtlInvariantPropertyTest" classname="Tests.Property.SessionTtlInvariantPropertyTest" assertions="2" time="0.038567"/>
          <testcase name="test_session_past_expires_at_is_treated_as_expired with data set &quot;iteration_57_ttl_98m&quot;" file="E:\coupony-backend\tests\Property\SessionTtlInvariantPropertyTest.php" line="94" class="Tests\Property\SessionTtlInvariantPropertyTest" classname="Tests.Property.SessionTtlInvariantPropertyTest" assertions="2" time="0.042544"/>
          <testcase name="test_session_past_expires_at_is_treated_as_expired with data set &quot;iteration_58_ttl_53m&quot;" file="E:\coupony-backend\tests\Property\SessionTtlInvariantPropertyTest.php" line="94" class="Tests\Property\SessionTtlInvariantPropertyTest" classname="Tests.Property.SessionTtlInvariantPropertyTest" assertions="2" time="0.044069"/>
          <testcase name="test_session_past_expires_at_is_treated_as_expired with data set &quot;iteration_59_ttl_104m&quot;" file="E:\coupony-backend\tests\Property\SessionTtlInvariantPropertyTest.php" line="94" class="Tests\Property\SessionTtlInvariantPropertyTest" classname="Tests.Property.SessionTtlInvariantPropertyTest" assertions="2" time="0.041242"/>
          <testcase name="test_session_past_expires_at_is_treated_as_expired with data set &quot;iteration_60_ttl_45m&quot;" file="E:\coupony-backend\tests\Property\SessionTtlInvariantPropertyTest.php" line="94" class="Tests\Property\SessionTtlInvariantPropertyTest" classname="Tests.Property.SessionTtlInvariantPropertyTest" assertions="2" time="0.039763"/>
          <testcase name="test_session_past_expires_at_is_treated_as_expired with data set &quot;iteration_61_ttl_12m&quot;" file="E:\coupony-backend\tests\Property\SessionTtlInvariantPropertyTest.php" line="94" class="Tests\Property\SessionTtlInvariantPropertyTest" classname="Tests.Property.SessionTtlInvariantPropertyTest" assertions="2" time="0.036831"/>
          <testcase name="test_session_past_expires_at_is_treated_as_expired with data set &quot;iteration_62_ttl_58m&quot;" file="E:\coupony-backend\tests\Property\SessionTtlInvariantPropertyTest.php" line="94" class="Tests\Property\SessionTtlInvariantPropertyTest" classname="Tests.Property.SessionTtlInvariantPropertyTest" assertions="2" time="0.124182"/>
          <testcase name="test_session_past_expires_at_is_treated_as_expired with data set &quot;iteration_63_ttl_21m&quot;" file="E:\coupony-backend\tests\Property\SessionTtlInvariantPropertyTest.php" line="94" class="Tests\Property\SessionTtlInvariantPropertyTest" classname="Tests.Property.SessionTtlInvariantPropertyTest" assertions="2" time="0.035881"/>
          <testcase name="test_session_past_expires_at_is_treated_as_expired with data set &quot;iteration_64_ttl_115m&quot;" file="E:\coupony-backend\tests\Property\SessionTtlInvariantPropertyTest.php" line="94" class="Tests\Property\SessionTtlInvariantPropertyTest" classname="Tests.Property.SessionTtlInvariantPropertyTest" assertions="2" time="0.037917"/>
          <testcase name="test_session_past_expires_at_is_treated_as_expired with data set &quot;iteration_65_ttl_43m&quot;" file="E:\coupony-backend\tests\Property\SessionTtlInvariantPropertyTest.php" line="94" class="Tests\Property\SessionTtlInvariantPropertyTest" classname="Tests.Property.SessionTtlInvariantPropertyTest" assertions="2" time="0.035992"/>
          <testcase name="test_session_past_expires_at_is_treated_as_expired with data set &quot;iteration_66_ttl_28m&quot;" file="E:\coupony-backend\tests\Property\SessionTtlInvariantPropertyTest.php" line="94" class="Tests\Property\SessionTtlInvariantPropertyTest" classname="Tests.Property.SessionTtlInvariantPropertyTest" assertions="2" time="0.037674"/>
          <testcase name="test_session_past_expires_at_is_treated_as_expired with data set &quot;iteration_67_ttl_78m&quot;" file="E:\coupony-backend\tests\Property\SessionTtlInvariantPropertyTest.php" line="94" class="Tests\Property\SessionTtlInvariantPropertyTest" classname="Tests.Property.SessionTtlInvariantPropertyTest" assertions="2" time="0.036088"/>
          <testcase name="test_session_past_expires_at_is_treated_as_expired with data set &quot;iteration_68_ttl_56m&quot;" file="E:\coupony-backend\tests\Property\SessionTtlInvariantPropertyTest.php" line="94" class="Tests\Property\SessionTtlInvariantPropertyTest" classname="Tests.Property.SessionTtlInvariantPropertyTest" assertions="2" time="0.040481"/>
          <testcase name="test_session_past_expires_at_is_treated_as_expired with data set &quot;iteration_69_ttl_49m&quot;" file="E:\coupony-backend\tests\Property\SessionTtlInvariantPropertyTest.php" line="94" class="Tests\Property\SessionTtlInvariantPropertyTest" classname="Tests.Property.SessionTtlInvariantPropertyTest" assertions="2" time="0.035181"/>
          <testcase name="test_session_past_expires_at_is_treated_as_expired with data set &quot;iteration_70_ttl_89m&quot;" file="E:\coupony-backend\tests\Property\SessionTtlInvariantPropertyTest.php" line="94" class="Tests\Property\SessionTtlInvariantPropertyTest" classname="Tests.Property.SessionTtlInvariantPropertyTest" assertions="2" time="0.034683"/>
          <testcase name="test_session_past_expires_at_is_treated_as_expired with data set &quot;iteration_71_ttl_57m&quot;" file="E:\coupony-backend\tests\Property\SessionTtlInvariantPropertyTest.php" line="94" class="Tests\Property\SessionTtlInvariantPropertyTest" classname="Tests.Property.SessionTtlInvariantPropertyTest" assertions="2" time="0.033267"/>
          <testcase name="test_session_past_expires_at_is_treated_as_expired with data set &quot;iteration_72_ttl_29m&quot;" file="E:\coupony-backend\tests\Property\SessionTtlInvariantPropertyTest.php" line="94" class="Tests\Property\SessionTtlInvariantPropertyTest" classname="Tests.Property.SessionTtlInvariantPropertyTest" assertions="2" time="0.119662"/>
          <testcase name="test_session_past_expires_at_is_treated_as_expired with data set &quot;iteration_73_ttl_67m&quot;" file="E:\coupony-backend\tests\Property\SessionTtlInvariantPropertyTest.php" line="94" class="Tests\Property\SessionTtlInvariantPropertyTest" classname="Tests.Property.SessionTtlInvariantPropertyTest" assertions="2" time="0.034865"/>
          <testcase name="test_session_past_expires_at_is_treated_as_expired with data set &quot;iteration_74_ttl_11m&quot;" file="E:\coupony-backend\tests\Property\SessionTtlInvariantPropertyTest.php" line="94" class="Tests\Property\SessionTtlInvariantPropertyTest" classname="Tests.Property.SessionTtlInvariantPropertyTest" assertions="2" time="0.034994"/>
          <testcase name="test_session_past_expires_at_is_treated_as_expired with data set &quot;iteration_75_ttl_40m&quot;" file="E:\coupony-backend\tests\Property\SessionTtlInvariantPropertyTest.php" line="94" class="Tests\Property\SessionTtlInvariantPropertyTest" classname="Tests.Property.SessionTtlInvariantPropertyTest" assertions="2" time="0.036221"/>
          <testcase name="test_session_past_expires_at_is_treated_as_expired with data set &quot;iteration_76_ttl_79m&quot;" file="E:\coupony-backend\tests\Property\SessionTtlInvariantPropertyTest.php" line="94" class="Tests\Property\SessionTtlInvariantPropertyTest" classname="Tests.Property.SessionTtlInvariantPropertyTest" assertions="2" time="0.034909"/>
          <testcase name="test_session_past_expires_at_is_treated_as_expired with data set &quot;iteration_77_ttl_52m&quot;" file="E:\coupony-backend\tests\Property\SessionTtlInvariantPropertyTest.php" line="94" class="Tests\Property\SessionTtlInvariantPropertyTest" classname="Tests.Property.SessionTtlInvariantPropertyTest" assertions="2" time="0.037592"/>
          <testcase name="test_session_past_expires_at_is_treated_as_expired with data set &quot;iteration_78_ttl_11m&quot;" file="E:\coupony-backend\tests\Property\SessionTtlInvariantPropertyTest.php" line="94" class="Tests\Property\SessionTtlInvariantPropertyTest" classname="Tests.Property.SessionTtlInvariantPropertyTest" assertions="2" time="0.042844"/>
          <testcase name="test_session_past_expires_at_is_treated_as_expired with data set &quot;iteration_79_ttl_111m&quot;" file="E:\coupony-backend\tests\Property\SessionTtlInvariantPropertyTest.php" line="94" class="Tests\Property\SessionTtlInvariantPropertyTest" classname="Tests.Property.SessionTtlInvariantPropertyTest" assertions="2" time="0.038907"/>
          <testcase name="test_session_past_expires_at_is_treated_as_expired with data set &quot;iteration_80_ttl_41m&quot;" file="E:\coupony-backend\tests\Property\SessionTtlInvariantPropertyTest.php" line="94" class="Tests\Property\SessionTtlInvariantPropertyTest" classname="Tests.Property.SessionTtlInvariantPropertyTest" assertions="2" time="0.038214"/>
          <testcase name="test_session_past_expires_at_is_treated_as_expired with data set &quot;iteration_81_ttl_14m&quot;" file="E:\coupony-backend\tests\Property\SessionTtlInvariantPropertyTest.php" line="94" class="Tests\Property\SessionTtlInvariantPropertyTest" classname="Tests.Property.SessionTtlInvariantPropertyTest" assertions="2" time="0.035016"/>
          <testcase name="test_session_past_expires_at_is_treated_as_expired with data set &quot;iteration_82_ttl_91m&quot;" file="E:\coupony-backend\tests\Property\SessionTtlInvariantPropertyTest.php" line="94" class="Tests\Property\SessionTtlInvariantPropertyTest" classname="Tests.Property.SessionTtlInvariantPropertyTest" assertions="2" time="0.118635"/>
          <testcase name="test_session_past_expires_at_is_treated_as_expired with data set &quot;iteration_83_ttl_86m&quot;" file="E:\coupony-backend\tests\Property\SessionTtlInvariantPropertyTest.php" line="94" class="Tests\Property\SessionTtlInvariantPropertyTest" classname="Tests.Property.SessionTtlInvariantPropertyTest" assertions="2" time="0.043366"/>
          <testcase name="test_session_past_expires_at_is_treated_as_expired with data set &quot;iteration_84_ttl_85m&quot;" file="E:\coupony-backend\tests\Property\SessionTtlInvariantPropertyTest.php" line="94" class="Tests\Property\SessionTtlInvariantPropertyTest" classname="Tests.Property.SessionTtlInvariantPropertyTest" assertions="2" time="0.037154"/>
          <testcase name="test_session_past_expires_at_is_treated_as_expired with data set &quot;iteration_85_ttl_46m&quot;" file="E:\coupony-backend\tests\Property\SessionTtlInvariantPropertyTest.php" line="94" class="Tests\Property\SessionTtlInvariantPropertyTest" classname="Tests.Property.SessionTtlInvariantPropertyTest" assertions="2" time="0.035464"/>
          <testcase name="test_session_past_expires_at_is_treated_as_expired with data set &quot;iteration_86_ttl_56m&quot;" file="E:\coupony-backend\tests\Property\SessionTtlInvariantPropertyTest.php" line="94" class="Tests\Property\SessionTtlInvariantPropertyTest" classname="Tests.Property.SessionTtlInvariantPropertyTest" assertions="2" time="0.036413"/>
          <testcase name="test_session_past_expires_at_is_treated_as_expired with data set &quot;iteration_87_ttl_105m&quot;" file="E:\coupony-backend\tests\Property\SessionTtlInvariantPropertyTest.php" line="94" class="Tests\Property\SessionTtlInvariantPropertyTest" classname="Tests.Property.SessionTtlInvariantPropertyTest" assertions="2" time="0.037976"/>
          <testcase name="test_session_past_expires_at_is_treated_as_expired with data set &quot;iteration_88_ttl_21m&quot;" file="E:\coupony-backend\tests\Property\SessionTtlInvariantPropertyTest.php" line="94" class="Tests\Property\SessionTtlInvariantPropertyTest" classname="Tests.Property.SessionTtlInvariantPropertyTest" assertions="2" time="0.035756"/>
          <testcase name="test_session_past_expires_at_is_treated_as_expired with data set &quot;iteration_89_ttl_99m&quot;" file="E:\coupony-backend\tests\Property\SessionTtlInvariantPropertyTest.php" line="94" class="Tests\Property\SessionTtlInvariantPropertyTest" classname="Tests.Property.SessionTtlInvariantPropertyTest" assertions="2" time="0.037456"/>
          <testcase name="test_session_past_expires_at_is_treated_as_expired with data set &quot;iteration_90_ttl_54m&quot;" file="E:\coupony-backend\tests\Property\SessionTtlInvariantPropertyTest.php" line="94" class="Tests\Property\SessionTtlInvariantPropertyTest" classname="Tests.Property.SessionTtlInvariantPropertyTest" assertions="2" time="0.041284"/>
          <testcase name="test_session_past_expires_at_is_treated_as_expired with data set &quot;iteration_91_ttl_9m&quot;" file="E:\coupony-backend\tests\Property\SessionTtlInvariantPropertyTest.php" line="94" class="Tests\Property\SessionTtlInvariantPropertyTest" classname="Tests.Property.SessionTtlInvariantPropertyTest" assertions="2" time="0.034928"/>
          <testcase name="test_session_past_expires_at_is_treated_as_expired with data set &quot;iteration_92_ttl_18m&quot;" file="E:\coupony-backend\tests\Property\SessionTtlInvariantPropertyTest.php" line="94" class="Tests\Property\SessionTtlInvariantPropertyTest" classname="Tests.Property.SessionTtlInvariantPropertyTest" assertions="2" time="0.122268"/>
          <testcase name="test_session_past_expires_at_is_treated_as_expired with data set &quot;iteration_93_ttl_15m&quot;" file="E:\coupony-backend\tests\Property\SessionTtlInvariantPropertyTest.php" line="94" class="Tests\Property\SessionTtlInvariantPropertyTest" classname="Tests.Property.SessionTtlInvariantPropertyTest" assertions="2" time="0.037726"/>
          <testcase name="test_session_past_expires_at_is_treated_as_expired with data set &quot;iteration_94_ttl_55m&quot;" file="E:\coupony-backend\tests\Property\SessionTtlInvariantPropertyTest.php" line="94" class="Tests\Property\SessionTtlInvariantPropertyTest" classname="Tests.Property.SessionTtlInvariantPropertyTest" assertions="2" time="0.035762"/>
          <testcase name="test_session_past_expires_at_is_treated_as_expired with data set &quot;iteration_95_ttl_19m&quot;" file="E:\coupony-backend\tests\Property\SessionTtlInvariantPropertyTest.php" line="94" class="Tests\Property\SessionTtlInvariantPropertyTest" classname="Tests.Property.SessionTtlInvariantPropertyTest" assertions="2" time="0.034023"/>
          <testcase name="test_session_past_expires_at_is_treated_as_expired with data set &quot;iteration_96_ttl_116m&quot;" file="E:\coupony-backend\tests\Property\SessionTtlInvariantPropertyTest.php" line="94" class="Tests\Property\SessionTtlInvariantPropertyTest" classname="Tests.Property.SessionTtlInvariantPropertyTest" assertions="2" time="0.036867"/>
          <testcase name="test_session_past_expires_at_is_treated_as_expired with data set &quot;iteration_97_ttl_89m&quot;" file="E:\coupony-backend\tests\Property\SessionTtlInvariantPropertyTest.php" line="94" class="Tests\Property\SessionTtlInvariantPropertyTest" classname="Tests.Property.SessionTtlInvariantPropertyTest" assertions="2" time="0.034317"/>
          <testcase name="test_session_past_expires_at_is_treated_as_expired with data set &quot;iteration_98_ttl_114m&quot;" file="E:\coupony-backend\tests\Property\SessionTtlInvariantPropertyTest.php" line="94" class="Tests\Property\SessionTtlInvariantPropertyTest" classname="Tests.Property.SessionTtlInvariantPropertyTest" assertions="2" time="0.035352"/>
          <testcase name="test_session_past_expires_at_is_treated_as_expired with data set &quot;iteration_99_ttl_100m&quot;" file="E:\coupony-backend\tests\Property\SessionTtlInvariantPropertyTest.php" line="94" class="Tests\Property\SessionTtlInvariantPropertyTest" classname="Tests.Property.SessionTtlInvariantPropertyTest" assertions="2" time="0.036535"/>
        </testsuite>
        <testsuite name="Tests\Property\SessionTtlInvariantPropertyTest::test_session_before_expires_at_is_not_expired" tests="100" assertions="200" errors="0" failures="0" skipped="0" time="4.764802">
          <testcase name="test_session_before_expires_at_is_not_expired with data set &quot;iteration_0_ttl_103m&quot;" file="E:\coupony-backend\tests\Property\SessionTtlInvariantPropertyTest.php" line="131" class="Tests\Property\SessionTtlInvariantPropertyTest" classname="Tests.Property.SessionTtlInvariantPropertyTest" assertions="2" time="0.034328"/>
          <testcase name="test_session_before_expires_at_is_not_expired with data set &quot;iteration_1_ttl_17m&quot;" file="E:\coupony-backend\tests\Property\SessionTtlInvariantPropertyTest.php" line="131" class="Tests\Property\SessionTtlInvariantPropertyTest" classname="Tests.Property.SessionTtlInvariantPropertyTest" assertions="2" time="0.118946"/>
          <testcase name="test_session_before_expires_at_is_not_expired with data set &quot;iteration_2_ttl_72m&quot;" file="E:\coupony-backend\tests\Property\SessionTtlInvariantPropertyTest.php" line="131" class="Tests\Property\SessionTtlInvariantPropertyTest" classname="Tests.Property.SessionTtlInvariantPropertyTest" assertions="2" time="0.033852"/>
          <testcase name="test_session_before_expires_at_is_not_expired with data set &quot;iteration_3_ttl_11m&quot;" file="E:\coupony-backend\tests\Property\SessionTtlInvariantPropertyTest.php" line="131" class="Tests\Property\SessionTtlInvariantPropertyTest" classname="Tests.Property.SessionTtlInvariantPropertyTest" assertions="2" time="0.036471"/>
          <testcase name="test_session_before_expires_at_is_not_expired with data set &quot;iteration_4_ttl_39m&quot;" file="E:\coupony-backend\tests\Property\SessionTtlInvariantPropertyTest.php" line="131" class="Tests\Property\SessionTtlInvariantPropertyTest" classname="Tests.Property.SessionTtlInvariantPropertyTest" assertions="2" time="0.036409"/>
          <testcase name="test_session_before_expires_at_is_not_expired with data set &quot;iteration_5_ttl_80m&quot;" file="E:\coupony-backend\tests\Property\SessionTtlInvariantPropertyTest.php" line="131" class="Tests\Property\SessionTtlInvariantPropertyTest" classname="Tests.Property.SessionTtlInvariantPropertyTest" assertions="2" time="0.037549"/>
          <testcase name="test_session_before_expires_at_is_not_expired with data set &quot;iteration_6_ttl_40m&quot;" file="E:\coupony-backend\tests\Property\SessionTtlInvariantPropertyTest.php" line="131" class="Tests\Property\SessionTtlInvariantPropertyTest" classname="Tests.Property.SessionTtlInvariantPropertyTest" assertions="2" time="0.037381"/>
          <testcase name="test_session_before_expires_at_is_not_expired with data set &quot;iteration_7_ttl_44m&quot;" file="E:\coupony-backend\tests\Property\SessionTtlInvariantPropertyTest.php" line="131" class="Tests\Property\SessionTtlInvariantPropertyTest" classname="Tests.Property.SessionTtlInvariantPropertyTest" assertions="2" time="0.036549"/>
          <testcase name="test_session_before_expires_at_is_not_expired with data set &quot;iteration_8_ttl_107m&quot;" file="E:\coupony-backend\tests\Property\SessionTtlInvariantPropertyTest.php" line="131" class="Tests\Property\SessionTtlInvariantPropertyTest" classname="Tests.Property.SessionTtlInvariantPropertyTest" assertions="2" time="0.037585"/>
          <testcase name="test_session_before_expires_at_is_not_expired with data set &quot;iteration_9_ttl_72m&quot;" file="E:\coupony-backend\tests\Property\SessionTtlInvariantPropertyTest.php" line="131" class="Tests\Property\SessionTtlInvariantPropertyTest" classname="Tests.Property.SessionTtlInvariantPropertyTest" assertions="2" time="0.033950"/>
          <testcase name="test_session_before_expires_at_is_not_expired with data set &quot;iteration_10_ttl_117m&quot;" file="E:\coupony-backend\tests\Property\SessionTtlInvariantPropertyTest.php" line="131" class="Tests\Property\SessionTtlInvariantPropertyTest" classname="Tests.Property.SessionTtlInvariantPropertyTest" assertions="2" time="0.034795"/>
          <testcase name="test_session_before_expires_at_is_not_expired with data set &quot;iteration_11_ttl_83m&quot;" file="E:\coupony-backend\tests\Property\SessionTtlInvariantPropertyTest.php" line="131" class="Tests\Property\SessionTtlInvariantPropertyTest" classname="Tests.Property.SessionTtlInvariantPropertyTest" assertions="2" time="0.118440"/>
          <testcase name="test_session_before_expires_at_is_not_expired with data set &quot;iteration_12_ttl_71m&quot;" file="E:\coupony-backend\tests\Property\SessionTtlInvariantPropertyTest.php" line="131" class="Tests\Property\SessionTtlInvariantPropertyTest" classname="Tests.Property.SessionTtlInvariantPropertyTest" assertions="2" time="0.035291"/>
          <testcase name="test_session_before_expires_at_is_not_expired with data set &quot;iteration_13_ttl_109m&quot;" file="E:\coupony-backend\tests\Property\SessionTtlInvariantPropertyTest.php" line="131" class="Tests\Property\SessionTtlInvariantPropertyTest" classname="Tests.Property.SessionTtlInvariantPropertyTest" assertions="2" time="0.035887"/>
          <testcase name="test_session_before_expires_at_is_not_expired with data set &quot;iteration_14_ttl_20m&quot;" file="E:\coupony-backend\tests\Property\SessionTtlInvariantPropertyTest.php" line="131" class="Tests\Property\SessionTtlInvariantPropertyTest" classname="Tests.Property.SessionTtlInvariantPropertyTest" assertions="2" time="0.035768"/>
          <testcase name="test_session_before_expires_at_is_not_expired with data set &quot;iteration_15_ttl_76m&quot;" file="E:\coupony-backend\tests\Property\SessionTtlInvariantPropertyTest.php" line="131" class="Tests\Property\SessionTtlInvariantPropertyTest" classname="Tests.Property.SessionTtlInvariantPropertyTest" assertions="2" time="0.035078"/>
          <testcase name="test_session_before_expires_at_is_not_expired with data set &quot;iteration_16_ttl_105m&quot;" file="E:\coupony-backend\tests\Property\SessionTtlInvariantPropertyTest.php" line="131" class="Tests\Property\SessionTtlInvariantPropertyTest" classname="Tests.Property.SessionTtlInvariantPropertyTest" assertions="2" time="0.035542"/>
          <testcase name="test_session_before_expires_at_is_not_expired with data set &quot;iteration_17_ttl_29m&quot;" file="E:\coupony-backend\tests\Property\SessionTtlInvariantPropertyTest.php" line="131" class="Tests\Property\SessionTtlInvariantPropertyTest" classname="Tests.Property.SessionTtlInvariantPropertyTest" assertions="2" time="0.037715"/>
          <testcase name="test_session_before_expires_at_is_not_expired with data set &quot;iteration_18_ttl_10m&quot;" file="E:\coupony-backend\tests\Property\SessionTtlInvariantPropertyTest.php" line="131" class="Tests\Property\SessionTtlInvariantPropertyTest" classname="Tests.Property.SessionTtlInvariantPropertyTest" assertions="2" time="0.038159"/>
          <testcase name="test_session_before_expires_at_is_not_expired with data set &quot;iteration_19_ttl_86m&quot;" file="E:\coupony-backend\tests\Property\SessionTtlInvariantPropertyTest.php" line="131" class="Tests\Property\SessionTtlInvariantPropertyTest" classname="Tests.Property.SessionTtlInvariantPropertyTest" assertions="2" time="0.047220"/>
          <testcase name="test_session_before_expires_at_is_not_expired with data set &quot;iteration_20_ttl_38m&quot;" file="E:\coupony-backend\tests\Property\SessionTtlInvariantPropertyTest.php" line="131" class="Tests\Property\SessionTtlInvariantPropertyTest" classname="Tests.Property.SessionTtlInvariantPropertyTest" assertions="2" time="0.047550"/>
          <testcase name="test_session_before_expires_at_is_not_expired with data set &quot;iteration_21_ttl_76m&quot;" file="E:\coupony-backend\tests\Property\SessionTtlInvariantPropertyTest.php" line="131" class="Tests\Property\SessionTtlInvariantPropertyTest" classname="Tests.Property.SessionTtlInvariantPropertyTest" assertions="2" time="0.135475"/>
          <testcase name="test_session_before_expires_at_is_not_expired with data set &quot;iteration_22_ttl_104m&quot;" file="E:\coupony-backend\tests\Property\SessionTtlInvariantPropertyTest.php" line="131" class="Tests\Property\SessionTtlInvariantPropertyTest" classname="Tests.Property.SessionTtlInvariantPropertyTest" assertions="2" time="0.045815"/>
          <testcase name="test_session_before_expires_at_is_not_expired with data set &quot;iteration_23_ttl_46m&quot;" file="E:\coupony-backend\tests\Property\SessionTtlInvariantPropertyTest.php" line="131" class="Tests\Property\SessionTtlInvariantPropertyTest" classname="Tests.Property.SessionTtlInvariantPropertyTest" assertions="2" time="0.042286"/>
          <testcase name="test_session_before_expires_at_is_not_expired with data set &quot;iteration_24_ttl_117m&quot;" file="E:\coupony-backend\tests\Property\SessionTtlInvariantPropertyTest.php" line="131" class="Tests\Property\SessionTtlInvariantPropertyTest" classname="Tests.Property.SessionTtlInvariantPropertyTest" assertions="2" time="0.036664"/>
          <testcase name="test_session_before_expires_at_is_not_expired with data set &quot;iteration_25_ttl_77m&quot;" file="E:\coupony-backend\tests\Property\SessionTtlInvariantPropertyTest.php" line="131" class="Tests\Property\SessionTtlInvariantPropertyTest" classname="Tests.Property.SessionTtlInvariantPropertyTest" assertions="2" time="0.037499"/>
          <testcase name="test_session_before_expires_at_is_not_expired with data set &quot;iteration_26_ttl_28m&quot;" file="E:\coupony-backend\tests\Property\SessionTtlInvariantPropertyTest.php" line="131" class="Tests\Property\SessionTtlInvariantPropertyTest" classname="Tests.Property.SessionTtlInvariantPropertyTest" assertions="2" time="0.038719"/>
          <testcase name="test_session_before_expires_at_is_not_expired with data set &quot;iteration_27_ttl_41m&quot;" file="E:\coupony-backend\tests\Property\SessionTtlInvariantPropertyTest.php" line="131" class="Tests\Property\SessionTtlInvariantPropertyTest" classname="Tests.Property.SessionTtlInvariantPropertyTest" assertions="2" time="0.037536"/>
          <testcase name="test_session_before_expires_at_is_not_expired with data set &quot;iteration_28_ttl_8m&quot;" file="E:\coupony-backend\tests\Property\SessionTtlInvariantPropertyTest.php" line="131" class="Tests\Property\SessionTtlInvariantPropertyTest" classname="Tests.Property.SessionTtlInvariantPropertyTest" assertions="2" time="0.036802"/>
          <testcase name="test_session_before_expires_at_is_not_expired with data set &quot;iteration_29_ttl_32m&quot;" file="E:\coupony-backend\tests\Property\SessionTtlInvariantPropertyTest.php" line="131" class="Tests\Property\SessionTtlInvariantPropertyTest" classname="Tests.Property.SessionTtlInvariantPropertyTest" assertions="2" time="0.037219"/>
          <testcase name="test_session_before_expires_at_is_not_expired with data set &quot;iteration_30_ttl_94m&quot;" file="E:\coupony-backend\tests\Property\SessionTtlInvariantPropertyTest.php" line="131" class="Tests\Property\SessionTtlInvariantPropertyTest" classname="Tests.Property.SessionTtlInvariantPropertyTest" assertions="2" time="0.040127"/>
          <testcase name="test_session_before_expires_at_is_not_expired with data set &quot;iteration_31_ttl_20m&quot;" file="E:\coupony-backend\tests\Property\SessionTtlInvariantPropertyTest.php" line="131" class="Tests\Property\SessionTtlInvariantPropertyTest" classname="Tests.Property.SessionTtlInvariantPropertyTest" assertions="2" time="0.127742"/>
          <testcase name="test_session_before_expires_at_is_not_expired with data set &quot;iteration_32_ttl_72m&quot;" file="E:\coupony-backend\tests\Property\SessionTtlInvariantPropertyTest.php" line="131" class="Tests\Property\SessionTtlInvariantPropertyTest" classname="Tests.Property.SessionTtlInvariantPropertyTest" assertions="2" time="0.039992"/>
          <testcase name="test_session_before_expires_at_is_not_expired with data set &quot;iteration_33_ttl_42m&quot;" file="E:\coupony-backend\tests\Property\SessionTtlInvariantPropertyTest.php" line="131" class="Tests\Property\SessionTtlInvariantPropertyTest" classname="Tests.Property.SessionTtlInvariantPropertyTest" assertions="2" time="0.038625"/>
          <testcase name="test_session_before_expires_at_is_not_expired with data set &quot;iteration_34_ttl_104m&quot;" file="E:\coupony-backend\tests\Property\SessionTtlInvariantPropertyTest.php" line="131" class="Tests\Property\SessionTtlInvariantPropertyTest" classname="Tests.Property.SessionTtlInvariantPropertyTest" assertions="2" time="0.039298"/>
          <testcase name="test_session_before_expires_at_is_not_expired with data set &quot;iteration_35_ttl_9m&quot;" file="E:\coupony-backend\tests\Property\SessionTtlInvariantPropertyTest.php" line="131" class="Tests\Property\SessionTtlInvariantPropertyTest" classname="Tests.Property.SessionTtlInvariantPropertyTest" assertions="2" time="0.039034"/>
          <testcase name="test_session_before_expires_at_is_not_expired with data set &quot;iteration_36_ttl_48m&quot;" file="E:\coupony-backend\tests\Property\SessionTtlInvariantPropertyTest.php" line="131" class="Tests\Property\SessionTtlInvariantPropertyTest" classname="Tests.Property.SessionTtlInvariantPropertyTest" assertions="2" time="0.041570"/>
          <testcase name="test_session_before_expires_at_is_not_expired with data set &quot;iteration_37_ttl_38m&quot;" file="E:\coupony-backend\tests\Property\SessionTtlInvariantPropertyTest.php" line="131" class="Tests\Property\SessionTtlInvariantPropertyTest" classname="Tests.Property.SessionTtlInvariantPropertyTest" assertions="2" time="0.040409"/>
          <testcase name="test_session_before_expires_at_is_not_expired with data set &quot;iteration_38_ttl_99m&quot;" file="E:\coupony-backend\tests\Property\SessionTtlInvariantPropertyTest.php" line="131" class="Tests\Property\SessionTtlInvariantPropertyTest" classname="Tests.Property.SessionTtlInvariantPropertyTest" assertions="2" time="0.039074"/>
          <testcase name="test_session_before_expires_at_is_not_expired with data set &quot;iteration_39_ttl_50m&quot;" file="E:\coupony-backend\tests\Property\SessionTtlInvariantPropertyTest.php" line="131" class="Tests\Property\SessionTtlInvariantPropertyTest" classname="Tests.Property.SessionTtlInvariantPropertyTest" assertions="2" time="0.037323"/>
          <testcase name="test_session_before_expires_at_is_not_expired with data set &quot;iteration_40_ttl_28m&quot;" file="E:\coupony-backend\tests\Property\SessionTtlInvariantPropertyTest.php" line="131" class="Tests\Property\SessionTtlInvariantPropertyTest" classname="Tests.Property.SessionTtlInvariantPropertyTest" assertions="2" time="0.038600"/>
          <testcase name="test_session_before_expires_at_is_not_expired with data set &quot;iteration_41_ttl_42m&quot;" file="E:\coupony-backend\tests\Property\SessionTtlInvariantPropertyTest.php" line="131" class="Tests\Property\SessionTtlInvariantPropertyTest" classname="Tests.Property.SessionTtlInvariantPropertyTest" assertions="2" time="0.123179"/>
          <testcase name="test_session_before_expires_at_is_not_expired with data set &quot;iteration_42_ttl_115m&quot;" file="E:\coupony-backend\tests\Property\SessionTtlInvariantPropertyTest.php" line="131" class="Tests\Property\SessionTtlInvariantPropertyTest" classname="Tests.Property.SessionTtlInvariantPropertyTest" assertions="2" time="0.037916"/>
          <testcase name="test_session_before_expires_at_is_not_expired with data set &quot;iteration_43_ttl_96m&quot;" file="E:\coupony-backend\tests\Property\SessionTtlInvariantPropertyTest.php" line="131" class="Tests\Property\SessionTtlInvariantPropertyTest" classname="Tests.Property.SessionTtlInvariantPropertyTest" assertions="2" time="0.039461"/>
          <testcase name="test_session_before_expires_at_is_not_expired with data set &quot;iteration_44_ttl_105m&quot;" file="E:\coupony-backend\tests\Property\SessionTtlInvariantPropertyTest.php" line="131" class="Tests\Property\SessionTtlInvariantPropertyTest" classname="Tests.Property.SessionTtlInvariantPropertyTest" assertions="2" time="0.038480"/>
          <testcase name="test_session_before_expires_at_is_not_expired with data set &quot;iteration_45_ttl_67m&quot;" file="E:\coupony-backend\tests\Property\SessionTtlInvariantPropertyTest.php" line="131" class="Tests\Property\SessionTtlInvariantPropertyTest" classname="Tests.Property.SessionTtlInvariantPropertyTest" assertions="2" time="0.037047"/>
          <testcase name="test_session_before_expires_at_is_not_expired with data set &quot;iteration_46_ttl_111m&quot;" file="E:\coupony-backend\tests\Property\SessionTtlInvariantPropertyTest.php" line="131" class="Tests\Property\SessionTtlInvariantPropertyTest" classname="Tests.Property.SessionTtlInvariantPropertyTest" assertions="2" time="0.040045"/>
          <testcase name="test_session_before_expires_at_is_not_expired with data set &quot;iteration_47_ttl_80m&quot;" file="E:\coupony-backend\tests\Property\SessionTtlInvariantPropertyTest.php" line="131" class="Tests\Property\SessionTtlInvariantPropertyTest" classname="Tests.Property.SessionTtlInvariantPropertyTest" assertions="2" time="0.038410"/>
          <testcase name="test_session_before_expires_at_is_not_expired with data set &quot;iteration_48_ttl_79m&quot;" file="E:\coupony-backend\tests\Property\SessionTtlInvariantPropertyTest.php" line="131" class="Tests\Property\SessionTtlInvariantPropertyTest" classname="Tests.Property.SessionTtlInvariantPropertyTest" assertions="2" time="0.040610"/>
          <testcase name="test_session_before_expires_at_is_not_expired with data set &quot;iteration_49_ttl_74m&quot;" file="E:\coupony-backend\tests\Property\SessionTtlInvariantPropertyTest.php" line="131" class="Tests\Property\SessionTtlInvariantPropertyTest" classname="Tests.Property.SessionTtlInvariantPropertyTest" assertions="2" time="0.037835"/>
          <testcase name="test_session_before_expires_at_is_not_expired with data set &quot;iteration_50_ttl_49m&quot;" file="E:\coupony-backend\tests\Property\SessionTtlInvariantPropertyTest.php" line="131" class="Tests\Property\SessionTtlInvariantPropertyTest" classname="Tests.Property.SessionTtlInvariantPropertyTest" assertions="2" time="0.039539"/>
          <testcase name="test_session_before_expires_at_is_not_expired with data set &quot;iteration_51_ttl_66m&quot;" file="E:\coupony-backend\tests\Property\SessionTtlInvariantPropertyTest.php" line="131" class="Tests\Property\SessionTtlInvariantPropertyTest" classname="Tests.Property.SessionTtlInvariantPropertyTest" assertions="2" time="0.122173"/>
          <testcase name="test_session_before_expires_at_is_not_expired with data set &quot;iteration_52_ttl_46m&quot;" file="E:\coupony-backend\tests\Property\SessionTtlInvariantPropertyTest.php" line="131" class="Tests\Property\SessionTtlInvariantPropertyTest" classname="Tests.Property.SessionTtlInvariantPropertyTest" assertions="2" time="0.035508"/>
          <testcase name="test_session_before_expires_at_is_not_expired with data set &quot;iteration_53_ttl_12m&quot;" file="E:\coupony-backend\tests\Property\SessionTtlInvariantPropertyTest.php" line="131" class="Tests\Property\SessionTtlInvariantPropertyTest" classname="Tests.Property.SessionTtlInvariantPropertyTest" assertions="2" time="0.037074"/>
          <testcase name="test_session_before_expires_at_is_not_expired with data set &quot;iteration_54_ttl_64m&quot;" file="E:\coupony-backend\tests\Property\SessionTtlInvariantPropertyTest.php" line="131" class="Tests\Property\SessionTtlInvariantPropertyTest" classname="Tests.Property.SessionTtlInvariantPropertyTest" assertions="2" time="0.036119"/>
          <testcase name="test_session_before_expires_at_is_not_expired with data set &quot;iteration_55_ttl_93m&quot;" file="E:\coupony-backend\tests\Property\SessionTtlInvariantPropertyTest.php" line="131" class="Tests\Property\SessionTtlInvariantPropertyTest" classname="Tests.Property.SessionTtlInvariantPropertyTest" assertions="2" time="0.037936"/>
          <testcase name="test_session_before_expires_at_is_not_expired with data set &quot;iteration_56_ttl_6m&quot;" file="E:\coupony-backend\tests\Property\SessionTtlInvariantPropertyTest.php" line="131" class="Tests\Property\SessionTtlInvariantPropertyTest" classname="Tests.Property.SessionTtlInvariantPropertyTest" assertions="2" time="0.038581"/>
          <testcase name="test_session_before_expires_at_is_not_expired with data set &quot;iteration_57_ttl_49m&quot;" file="E:\coupony-backend\tests\Property\SessionTtlInvariantPropertyTest.php" line="131" class="Tests\Property\SessionTtlInvariantPropertyTest" classname="Tests.Property.SessionTtlInvariantPropertyTest" assertions="2" time="0.037359"/>
          <testcase name="test_session_before_expires_at_is_not_expired with data set &quot;iteration_58_ttl_77m&quot;" file="E:\coupony-backend\tests\Property\SessionTtlInvariantPropertyTest.php" line="131" class="Tests\Property\SessionTtlInvariantPropertyTest" classname="Tests.Property.SessionTtlInvariantPropertyTest" assertions="2" time="0.039049"/>
          <testcase name="test_session_before_expires_at_is_not_expired with data set &quot;iteration_59_ttl_39m&quot;" file="E:\coupony-backend\tests\Property\SessionTtlInvariantPropertyTest.php" line="131" class="Tests\Property\SessionTtlInvariantPropertyTest" classname="Tests.Property.SessionTtlInvariantPropertyTest" assertions="2" time="0.038265"/>
          <testcase name="test_session_before_expires_at_is_not_expired with data set &quot;iteration_60_ttl_51m&quot;" file="E:\coupony-backend\tests\Property\SessionTtlInvariantPropertyTest.php" line="131" class="Tests\Property\SessionTtlInvariantPropertyTest" classname="Tests.Property.SessionTtlInvariantPropertyTest" assertions="2" time="0.038909"/>
          <testcase name="test_session_before_expires_at_is_not_expired with data set &quot;iteration_61_ttl_59m&quot;" file="E:\coupony-backend\tests\Property\SessionTtlInvariantPropertyTest.php" line="131" class="Tests\Property\SessionTtlInvariantPropertyTest" classname="Tests.Property.SessionTtlInvariantPropertyTest" assertions="2" time="0.126715"/>
          <testcase name="test_session_before_expires_at_is_not_expired with data set &quot;iteration_62_ttl_119m&quot;" file="E:\coupony-backend\tests\Property\SessionTtlInvariantPropertyTest.php" line="131" class="Tests\Property\SessionTtlInvariantPropertyTest" classname="Tests.Property.SessionTtlInvariantPropertyTest" assertions="2" time="0.037973"/>
          <testcase name="test_session_before_expires_at_is_not_expired with data set &quot;iteration_63_ttl_49m&quot;" file="E:\coupony-backend\tests\Property\SessionTtlInvariantPropertyTest.php" line="131" class="Tests\Property\SessionTtlInvariantPropertyTest" classname="Tests.Property.SessionTtlInvariantPropertyTest" assertions="2" time="0.047898"/>
          <testcase name="test_session_before_expires_at_is_not_expired with data set &quot;iteration_64_ttl_111m&quot;" file="E:\coupony-backend\tests\Property\SessionTtlInvariantPropertyTest.php" line="131" class="Tests\Property\SessionTtlInvariantPropertyTest" classname="Tests.Property.SessionTtlInvariantPropertyTest" assertions="2" time="0.037729"/>
          <testcase name="test_session_before_expires_at_is_not_expired with data set &quot;iteration_65_ttl_60m&quot;" file="E:\coupony-backend\tests\Property\SessionTtlInvariantPropertyTest.php" line="131" class="Tests\Property\SessionTtlInvariantPropertyTest" classname="Tests.Property.SessionTtlInvariantPropertyTest" assertions="2" time="0.041189"/>
          <testcase name="test_session_before_expires_at_is_not_expired with data set &quot;iteration_66_ttl_23m&quot;" file="E:\coupony-backend\tests\Property\SessionTtlInvariantPropertyTest.php" line="131" class="Tests\Property\SessionTtlInvariantPropertyTest" classname="Tests.Property.SessionTtlInvariantPropertyTest" assertions="2" time="0.036713"/>
          <testcase name="test_session_before_expires_at_is_not_expired with data set &quot;iteration_67_ttl_13m&quot;" file="E:\coupony-backend\tests\Property\SessionTtlInvariantPropertyTest.php" line="131" class="Tests\Property\SessionTtlInvariantPropertyTest" classname="Tests.Property.SessionTtlInvariantPropertyTest" assertions="2" time="0.038865"/>
          <testcase name="test_session_before_expires_at_is_not_expired with data set &quot;iteration_68_ttl_59m&quot;" file="E:\coupony-backend\tests\Property\SessionTtlInvariantPropertyTest.php" line="131" class="Tests\Property\SessionTtlInvariantPropertyTest" classname="Tests.Property.SessionTtlInvariantPropertyTest" assertions="2" time="0.038862"/>
          <testcase name="test_session_before_expires_at_is_not_expired with data set &quot;iteration_69_ttl_103m&quot;" file="E:\coupony-backend\tests\Property\SessionTtlInvariantPropertyTest.php" line="131" class="Tests\Property\SessionTtlInvariantPropertyTest" classname="Tests.Property.SessionTtlInvariantPropertyTest" assertions="2" time="0.043979"/>
          <testcase name="test_session_before_expires_at_is_not_expired with data set &quot;iteration_70_ttl_103m&quot;" file="E:\coupony-backend\tests\Property\SessionTtlInvariantPropertyTest.php" line="131" class="Tests\Property\SessionTtlInvariantPropertyTest" classname="Tests.Property.SessionTtlInvariantPropertyTest" assertions="2" time="0.041754"/>
          <testcase name="test_session_before_expires_at_is_not_expired with data set &quot;iteration_71_ttl_38m&quot;" file="E:\coupony-backend\tests\Property\SessionTtlInvariantPropertyTest.php" line="131" class="Tests\Property\SessionTtlInvariantPropertyTest" classname="Tests.Property.SessionTtlInvariantPropertyTest" assertions="2" time="0.124965"/>
          <testcase name="test_session_before_expires_at_is_not_expired with data set &quot;iteration_72_ttl_12m&quot;" file="E:\coupony-backend\tests\Property\SessionTtlInvariantPropertyTest.php" line="131" class="Tests\Property\SessionTtlInvariantPropertyTest" classname="Tests.Property.SessionTtlInvariantPropertyTest" assertions="2" time="0.040039"/>
          <testcase name="test_session_before_expires_at_is_not_expired with data set &quot;iteration_73_ttl_85m&quot;" file="E:\coupony-backend\tests\Property\SessionTtlInvariantPropertyTest.php" line="131" class="Tests\Property\SessionTtlInvariantPropertyTest" classname="Tests.Property.SessionTtlInvariantPropertyTest" assertions="2" time="0.041140"/>
          <testcase name="test_session_before_expires_at_is_not_expired with data set &quot;iteration_74_ttl_74m&quot;" file="E:\coupony-backend\tests\Property\SessionTtlInvariantPropertyTest.php" line="131" class="Tests\Property\SessionTtlInvariantPropertyTest" classname="Tests.Property.SessionTtlInvariantPropertyTest" assertions="2" time="0.038973"/>
          <testcase name="test_session_before_expires_at_is_not_expired with data set &quot;iteration_75_ttl_116m&quot;" file="E:\coupony-backend\tests\Property\SessionTtlInvariantPropertyTest.php" line="131" class="Tests\Property\SessionTtlInvariantPropertyTest" classname="Tests.Property.SessionTtlInvariantPropertyTest" assertions="2" time="0.039575"/>
          <testcase name="test_session_before_expires_at_is_not_expired with data set &quot;iteration_76_ttl_52m&quot;" file="E:\coupony-backend\tests\Property\SessionTtlInvariantPropertyTest.php" line="131" class="Tests\Property\SessionTtlInvariantPropertyTest" classname="Tests.Property.SessionTtlInvariantPropertyTest" assertions="2" time="0.040520"/>
          <testcase name="test_session_before_expires_at_is_not_expired with data set &quot;iteration_77_ttl_77m&quot;" file="E:\coupony-backend\tests\Property\SessionTtlInvariantPropertyTest.php" line="131" class="Tests\Property\SessionTtlInvariantPropertyTest" classname="Tests.Property.SessionTtlInvariantPropertyTest" assertions="2" time="0.038707"/>
          <testcase name="test_session_before_expires_at_is_not_expired with data set &quot;iteration_78_ttl_16m&quot;" file="E:\coupony-backend\tests\Property\SessionTtlInvariantPropertyTest.php" line="131" class="Tests\Property\SessionTtlInvariantPropertyTest" classname="Tests.Property.SessionTtlInvariantPropertyTest" assertions="2" time="0.036433"/>
          <testcase name="test_session_before_expires_at_is_not_expired with data set &quot;iteration_79_ttl_99m&quot;" file="E:\coupony-backend\tests\Property\SessionTtlInvariantPropertyTest.php" line="131" class="Tests\Property\SessionTtlInvariantPropertyTest" classname="Tests.Property.SessionTtlInvariantPropertyTest" assertions="2" time="0.039579"/>
          <testcase name="test_session_before_expires_at_is_not_expired with data set &quot;iteration_80_ttl_56m&quot;" file="E:\coupony-backend\tests\Property\SessionTtlInvariantPropertyTest.php" line="131" class="Tests\Property\SessionTtlInvariantPropertyTest" classname="Tests.Property.SessionTtlInvariantPropertyTest" assertions="2" time="0.038885"/>
          <testcase name="test_session_before_expires_at_is_not_expired with data set &quot;iteration_81_ttl_29m&quot;" file="E:\coupony-backend\tests\Property\SessionTtlInvariantPropertyTest.php" line="131" class="Tests\Property\SessionTtlInvariantPropertyTest" classname="Tests.Property.SessionTtlInvariantPropertyTest" assertions="2" time="0.132992"/>
          <testcase name="test_session_before_expires_at_is_not_expired with data set &quot;iteration_82_ttl_117m&quot;" file="E:\coupony-backend\tests\Property\SessionTtlInvariantPropertyTest.php" line="131" class="Tests\Property\SessionTtlInvariantPropertyTest" classname="Tests.Property.SessionTtlInvariantPropertyTest" assertions="2" time="0.036616"/>
          <testcase name="test_session_before_expires_at_is_not_expired with data set &quot;iteration_83_ttl_51m&quot;" file="E:\coupony-backend\tests\Property\SessionTtlInvariantPropertyTest.php" line="131" class="Tests\Property\SessionTtlInvariantPropertyTest" classname="Tests.Property.SessionTtlInvariantPropertyTest" assertions="2" time="0.037628"/>
          <testcase name="test_session_before_expires_at_is_not_expired with data set &quot;iteration_84_ttl_80m&quot;" file="E:\coupony-backend\tests\Property\SessionTtlInvariantPropertyTest.php" line="131" class="Tests\Property\SessionTtlInvariantPropertyTest" classname="Tests.Property.SessionTtlInvariantPropertyTest" assertions="2" time="0.039391"/>
          <testcase name="test_session_before_expires_at_is_not_expired with data set &quot;iteration_85_ttl_101m&quot;" file="E:\coupony-backend\tests\Property\SessionTtlInvariantPropertyTest.php" line="131" class="Tests\Property\SessionTtlInvariantPropertyTest" classname="Tests.Property.SessionTtlInvariantPropertyTest" assertions="2" time="0.045230"/>
          <testcase name="test_session_before_expires_at_is_not_expired with data set &quot;iteration_86_ttl_33m&quot;" file="E:\coupony-backend\tests\Property\SessionTtlInvariantPropertyTest.php" line="131" class="Tests\Property\SessionTtlInvariantPropertyTest" classname="Tests.Property.SessionTtlInvariantPropertyTest" assertions="2" time="0.041966"/>
          <testcase name="test_session_before_expires_at_is_not_expired with data set &quot;iteration_87_ttl_39m&quot;" file="E:\coupony-backend\tests\Property\SessionTtlInvariantPropertyTest.php" line="131" class="Tests\Property\SessionTtlInvariantPropertyTest" classname="Tests.Property.SessionTtlInvariantPropertyTest" assertions="2" time="0.037504"/>
          <testcase name="test_session_before_expires_at_is_not_expired with data set &quot;iteration_88_ttl_20m&quot;" file="E:\coupony-backend\tests\Property\SessionTtlInvariantPropertyTest.php" line="131" class="Tests\Property\SessionTtlInvariantPropertyTest" classname="Tests.Property.SessionTtlInvariantPropertyTest" assertions="2" time="0.037956"/>
          <testcase name="test_session_before_expires_at_is_not_expired with data set &quot;iteration_89_ttl_89m&quot;" file="E:\coupony-backend\tests\Property\SessionTtlInvariantPropertyTest.php" line="131" class="Tests\Property\SessionTtlInvariantPropertyTest" classname="Tests.Property.SessionTtlInvariantPropertyTest" assertions="2" time="0.040032"/>
          <testcase name="test_session_before_expires_at_is_not_expired with data set &quot;iteration_90_ttl_49m&quot;" file="E:\coupony-backend\tests\Property\SessionTtlInvariantPropertyTest.php" line="131" class="Tests\Property\SessionTtlInvariantPropertyTest" classname="Tests.Property.SessionTtlInvariantPropertyTest" assertions="2" time="0.040881"/>
          <testcase name="test_session_before_expires_at_is_not_expired with data set &quot;iteration_91_ttl_38m&quot;" file="E:\coupony-backend\tests\Property\SessionTtlInvariantPropertyTest.php" line="131" class="Tests\Property\SessionTtlInvariantPropertyTest" classname="Tests.Property.SessionTtlInvariantPropertyTest" assertions="2" time="0.138107"/>
          <testcase name="test_session_before_expires_at_is_not_expired with data set &quot;iteration_92_ttl_106m&quot;" file="E:\coupony-backend\tests\Property\SessionTtlInvariantPropertyTest.php" line="131" class="Tests\Property\SessionTtlInvariantPropertyTest" classname="Tests.Property.SessionTtlInvariantPropertyTest" assertions="2" time="0.037721"/>
          <testcase name="test_session_before_expires_at_is_not_expired with data set &quot;iteration_93_ttl_56m&quot;" file="E:\coupony-backend\tests\Property\SessionTtlInvariantPropertyTest.php" line="131" class="Tests\Property\SessionTtlInvariantPropertyTest" classname="Tests.Property.SessionTtlInvariantPropertyTest" assertions="2" time="0.037784"/>
          <testcase name="test_session_before_expires_at_is_not_expired with data set &quot;iteration_94_ttl_34m&quot;" file="E:\coupony-backend\tests\Property\SessionTtlInvariantPropertyTest.php" line="131" class="Tests\Property\SessionTtlInvariantPropertyTest" classname="Tests.Property.SessionTtlInvariantPropertyTest" assertions="2" time="0.040822"/>
          <testcase name="test_session_before_expires_at_is_not_expired with data set &quot;iteration_95_ttl_13m&quot;" file="E:\coupony-backend\tests\Property\SessionTtlInvariantPropertyTest.php" line="131" class="Tests\Property\SessionTtlInvariantPropertyTest" classname="Tests.Property.SessionTtlInvariantPropertyTest" assertions="2" time="0.041939"/>
          <testcase name="test_session_before_expires_at_is_not_expired with data set &quot;iteration_96_ttl_105m&quot;" file="E:\coupony-backend\tests\Property\SessionTtlInvariantPropertyTest.php" line="131" class="Tests\Property\SessionTtlInvariantPropertyTest" classname="Tests.Property.SessionTtlInvariantPropertyTest" assertions="2" time="0.039775"/>
          <testcase name="test_session_before_expires_at_is_not_expired with data set &quot;iteration_97_ttl_76m&quot;" file="E:\coupony-backend\tests\Property\SessionTtlInvariantPropertyTest.php" line="131" class="Tests\Property\SessionTtlInvariantPropertyTest" classname="Tests.Property.SessionTtlInvariantPropertyTest" assertions="2" time="0.038347"/>
          <testcase name="test_session_before_expires_at_is_not_expired with data set &quot;iteration_98_ttl_15m&quot;" file="E:\coupony-backend\tests\Property\SessionTtlInvariantPropertyTest.php" line="131" class="Tests\Property\SessionTtlInvariantPropertyTest" classname="Tests.Property.SessionTtlInvariantPropertyTest" assertions="2" time="0.038604"/>
          <testcase name="test_session_before_expires_at_is_not_expired with data set &quot;iteration_99_ttl_103m&quot;" file="E:\coupony-backend\tests\Property\SessionTtlInvariantPropertyTest.php" line="131" class="Tests\Property\SessionTtlInvariantPropertyTest" classname="Tests.Property.SessionTtlInvariantPropertyTest" assertions="2" time="0.043241"/>
        </testsuite>
      </testsuite>
      <testsuite name="Tests\Property\StoreOwnershipAuthorizationPropertyTest" file="E:\coupony-backend\tests\Property\StoreOwnershipAuthorizationPropertyTest.php" tests="105" assertions="315" errors="0" failures="0" skipped="0" time="6.461134">
        <testsuite name="Tests\Property\StoreOwnershipAuthorizationPropertyTest::test_non_owner_user_receives_403_on_subscription_endpoints" tests="105" assertions="315" errors="0" failures="0" skipped="0" time="6.461134">
          <testcase name="test_non_owner_user_receives_403_on_subscription_endpoints with data set &quot;iteration_0_endpoint_5&quot;" file="E:\coupony-backend\tests\Property\StoreOwnershipAuthorizationPropertyTest.php" line="63" class="Tests\Property\StoreOwnershipAuthorizationPropertyTest" classname="Tests.Property.StoreOwnershipAuthorizationPropertyTest" assertions="3" time="0.136716"/>
          <testcase name="test_non_owner_user_receives_403_on_subscription_endpoints with data set &quot;iteration_1_endpoint_1&quot;" file="E:\coupony-backend\tests\Property\StoreOwnershipAuthorizationPropertyTest.php" line="63" class="Tests\Property\StoreOwnershipAuthorizationPropertyTest" classname="Tests.Property.StoreOwnershipAuthorizationPropertyTest" assertions="3" time="0.050476"/>
          <testcase name="test_non_owner_user_receives_403_on_subscription_endpoints with data set &quot;iteration_2_endpoint_5&quot;" file="E:\coupony-backend\tests\Property\StoreOwnershipAuthorizationPropertyTest.php" line="63" class="Tests\Property\StoreOwnershipAuthorizationPropertyTest" classname="Tests.Property.StoreOwnershipAuthorizationPropertyTest" assertions="3" time="0.046045"/>
          <testcase name="test_non_owner_user_receives_403_on_subscription_endpoints with data set &quot;iteration_3_endpoint_2&quot;" file="E:\coupony-backend\tests\Property\StoreOwnershipAuthorizationPropertyTest.php" line="63" class="Tests\Property\StoreOwnershipAuthorizationPropertyTest" classname="Tests.Property.StoreOwnershipAuthorizationPropertyTest" assertions="3" time="0.046794"/>
          <testcase name="test_non_owner_user_receives_403_on_subscription_endpoints with data set &quot;iteration_4_endpoint_5&quot;" file="E:\coupony-backend\tests\Property\StoreOwnershipAuthorizationPropertyTest.php" line="63" class="Tests\Property\StoreOwnershipAuthorizationPropertyTest" classname="Tests.Property.StoreOwnershipAuthorizationPropertyTest" assertions="3" time="0.044143"/>
          <testcase name="test_non_owner_user_receives_403_on_subscription_endpoints with data set &quot;iteration_5_endpoint_5&quot;" file="E:\coupony-backend\tests\Property\StoreOwnershipAuthorizationPropertyTest.php" line="63" class="Tests\Property\StoreOwnershipAuthorizationPropertyTest" classname="Tests.Property.StoreOwnershipAuthorizationPropertyTest" assertions="3" time="0.051637"/>
          <testcase name="test_non_owner_user_receives_403_on_subscription_endpoints with data set &quot;iteration_6_endpoint_5&quot;" file="E:\coupony-backend\tests\Property\StoreOwnershipAuthorizationPropertyTest.php" line="63" class="Tests\Property\StoreOwnershipAuthorizationPropertyTest" classname="Tests.Property.StoreOwnershipAuthorizationPropertyTest" assertions="3" time="0.136486"/>
          <testcase name="test_non_owner_user_receives_403_on_subscription_endpoints with data set &quot;iteration_7_endpoint_4&quot;" file="E:\coupony-backend\tests\Property\StoreOwnershipAuthorizationPropertyTest.php" line="63" class="Tests\Property\StoreOwnershipAuthorizationPropertyTest" classname="Tests.Property.StoreOwnershipAuthorizationPropertyTest" assertions="3" time="0.044941"/>
          <testcase name="test_non_owner_user_receives_403_on_subscription_endpoints with data set &quot;iteration_8_endpoint_6&quot;" file="E:\coupony-backend\tests\Property\StoreOwnershipAuthorizationPropertyTest.php" line="63" class="Tests\Property\StoreOwnershipAuthorizationPropertyTest" classname="Tests.Property.StoreOwnershipAuthorizationPropertyTest" assertions="3" time="0.044120"/>
          <testcase name="test_non_owner_user_receives_403_on_subscription_endpoints with data set &quot;iteration_9_endpoint_1&quot;" file="E:\coupony-backend\tests\Property\StoreOwnershipAuthorizationPropertyTest.php" line="63" class="Tests\Property\StoreOwnershipAuthorizationPropertyTest" classname="Tests.Property.StoreOwnershipAuthorizationPropertyTest" assertions="3" time="0.047467"/>
          <testcase name="test_non_owner_user_receives_403_on_subscription_endpoints with data set &quot;iteration_10_endpoint_1&quot;" file="E:\coupony-backend\tests\Property\StoreOwnershipAuthorizationPropertyTest.php" line="63" class="Tests\Property\StoreOwnershipAuthorizationPropertyTest" classname="Tests.Property.StoreOwnershipAuthorizationPropertyTest" assertions="3" time="0.046425"/>
          <testcase name="test_non_owner_user_receives_403_on_subscription_endpoints with data set &quot;iteration_11_endpoint_5&quot;" file="E:\coupony-backend\tests\Property\StoreOwnershipAuthorizationPropertyTest.php" line="63" class="Tests\Property\StoreOwnershipAuthorizationPropertyTest" classname="Tests.Property.StoreOwnershipAuthorizationPropertyTest" assertions="3" time="0.043769"/>
          <testcase name="test_non_owner_user_receives_403_on_subscription_endpoints with data set &quot;iteration_12_endpoint_2&quot;" file="E:\coupony-backend\tests\Property\StoreOwnershipAuthorizationPropertyTest.php" line="63" class="Tests\Property\StoreOwnershipAuthorizationPropertyTest" classname="Tests.Property.StoreOwnershipAuthorizationPropertyTest" assertions="3" time="0.046162"/>
          <testcase name="test_non_owner_user_receives_403_on_subscription_endpoints with data set &quot;iteration_13_endpoint_0&quot;" file="E:\coupony-backend\tests\Property\StoreOwnershipAuthorizationPropertyTest.php" line="63" class="Tests\Property\StoreOwnershipAuthorizationPropertyTest" classname="Tests.Property.StoreOwnershipAuthorizationPropertyTest" assertions="3" time="0.136247"/>
          <testcase name="test_non_owner_user_receives_403_on_subscription_endpoints with data set &quot;iteration_14_endpoint_3&quot;" file="E:\coupony-backend\tests\Property\StoreOwnershipAuthorizationPropertyTest.php" line="63" class="Tests\Property\StoreOwnershipAuthorizationPropertyTest" classname="Tests.Property.StoreOwnershipAuthorizationPropertyTest" assertions="3" time="0.041511"/>
          <testcase name="test_non_owner_user_receives_403_on_subscription_endpoints with data set &quot;iteration_15_endpoint_4&quot;" file="E:\coupony-backend\tests\Property\StoreOwnershipAuthorizationPropertyTest.php" line="63" class="Tests\Property\StoreOwnershipAuthorizationPropertyTest" classname="Tests.Property.StoreOwnershipAuthorizationPropertyTest" assertions="3" time="0.044346"/>
          <testcase name="test_non_owner_user_receives_403_on_subscription_endpoints with data set &quot;iteration_16_endpoint_2&quot;" file="E:\coupony-backend\tests\Property\StoreOwnershipAuthorizationPropertyTest.php" line="63" class="Tests\Property\StoreOwnershipAuthorizationPropertyTest" classname="Tests.Property.StoreOwnershipAuthorizationPropertyTest" assertions="3" time="0.041813"/>
          <testcase name="test_non_owner_user_receives_403_on_subscription_endpoints with data set &quot;iteration_17_endpoint_0&quot;" file="E:\coupony-backend\tests\Property\StoreOwnershipAuthorizationPropertyTest.php" line="63" class="Tests\Property\StoreOwnershipAuthorizationPropertyTest" classname="Tests.Property.StoreOwnershipAuthorizationPropertyTest" assertions="3" time="0.046129"/>
          <testcase name="test_non_owner_user_receives_403_on_subscription_endpoints with data set &quot;iteration_18_endpoint_2&quot;" file="E:\coupony-backend\tests\Property\StoreOwnershipAuthorizationPropertyTest.php" line="63" class="Tests\Property\StoreOwnershipAuthorizationPropertyTest" classname="Tests.Property.StoreOwnershipAuthorizationPropertyTest" assertions="3" time="0.045031"/>
          <testcase name="test_non_owner_user_receives_403_on_subscription_endpoints with data set &quot;iteration_19_endpoint_4&quot;" file="E:\coupony-backend\tests\Property\StoreOwnershipAuthorizationPropertyTest.php" line="63" class="Tests\Property\StoreOwnershipAuthorizationPropertyTest" classname="Tests.Property.StoreOwnershipAuthorizationPropertyTest" assertions="3" time="0.044875"/>
          <testcase name="test_non_owner_user_receives_403_on_subscription_endpoints with data set &quot;iteration_20_endpoint_0&quot;" file="E:\coupony-backend\tests\Property\StoreOwnershipAuthorizationPropertyTest.php" line="63" class="Tests\Property\StoreOwnershipAuthorizationPropertyTest" classname="Tests.Property.StoreOwnershipAuthorizationPropertyTest" assertions="3" time="0.173048"/>
          <testcase name="test_non_owner_user_receives_403_on_subscription_endpoints with data set &quot;iteration_21_endpoint_0&quot;" file="E:\coupony-backend\tests\Property\StoreOwnershipAuthorizationPropertyTest.php" line="63" class="Tests\Property\StoreOwnershipAuthorizationPropertyTest" classname="Tests.Property.StoreOwnershipAuthorizationPropertyTest" assertions="3" time="0.046220"/>
          <testcase name="test_non_owner_user_receives_403_on_subscription_endpoints with data set &quot;iteration_22_endpoint_6&quot;" file="E:\coupony-backend\tests\Property\StoreOwnershipAuthorizationPropertyTest.php" line="63" class="Tests\Property\StoreOwnershipAuthorizationPropertyTest" classname="Tests.Property.StoreOwnershipAuthorizationPropertyTest" assertions="3" time="0.043306"/>
          <testcase name="test_non_owner_user_receives_403_on_subscription_endpoints with data set &quot;iteration_23_endpoint_2&quot;" file="E:\coupony-backend\tests\Property\StoreOwnershipAuthorizationPropertyTest.php" line="63" class="Tests\Property\StoreOwnershipAuthorizationPropertyTest" classname="Tests.Property.StoreOwnershipAuthorizationPropertyTest" assertions="3" time="0.042380"/>
          <testcase name="test_non_owner_user_receives_403_on_subscription_endpoints with data set &quot;iteration_24_endpoint_2&quot;" file="E:\coupony-backend\tests\Property\StoreOwnershipAuthorizationPropertyTest.php" line="63" class="Tests\Property\StoreOwnershipAuthorizationPropertyTest" classname="Tests.Property.StoreOwnershipAuthorizationPropertyTest" assertions="3" time="0.044773"/>
          <testcase name="test_non_owner_user_receives_403_on_subscription_endpoints with data set &quot;iteration_25_endpoint_2&quot;" file="E:\coupony-backend\tests\Property\StoreOwnershipAuthorizationPropertyTest.php" line="63" class="Tests\Property\StoreOwnershipAuthorizationPropertyTest" classname="Tests.Property.StoreOwnershipAuthorizationPropertyTest" assertions="3" time="0.046448"/>
          <testcase name="test_non_owner_user_receives_403_on_subscription_endpoints with data set &quot;iteration_26_endpoint_3&quot;" file="E:\coupony-backend\tests\Property\StoreOwnershipAuthorizationPropertyTest.php" line="63" class="Tests\Property\StoreOwnershipAuthorizationPropertyTest" classname="Tests.Property.StoreOwnershipAuthorizationPropertyTest" assertions="3" time="0.044555"/>
          <testcase name="test_non_owner_user_receives_403_on_subscription_endpoints with data set &quot;iteration_27_endpoint_0&quot;" file="E:\coupony-backend\tests\Property\StoreOwnershipAuthorizationPropertyTest.php" line="63" class="Tests\Property\StoreOwnershipAuthorizationPropertyTest" classname="Tests.Property.StoreOwnershipAuthorizationPropertyTest" assertions="3" time="0.173902"/>
          <testcase name="test_non_owner_user_receives_403_on_subscription_endpoints with data set &quot;iteration_28_endpoint_3&quot;" file="E:\coupony-backend\tests\Property\StoreOwnershipAuthorizationPropertyTest.php" line="63" class="Tests\Property\StoreOwnershipAuthorizationPropertyTest" classname="Tests.Property.StoreOwnershipAuthorizationPropertyTest" assertions="3" time="0.046145"/>
          <testcase name="test_non_owner_user_receives_403_on_subscription_endpoints with data set &quot;iteration_29_endpoint_5&quot;" file="E:\coupony-backend\tests\Property\StoreOwnershipAuthorizationPropertyTest.php" line="63" class="Tests\Property\StoreOwnershipAuthorizationPropertyTest" classname="Tests.Property.StoreOwnershipAuthorizationPropertyTest" assertions="3" time="0.044678"/>
          <testcase name="test_non_owner_user_receives_403_on_subscription_endpoints with data set &quot;iteration_30_endpoint_0&quot;" file="E:\coupony-backend\tests\Property\StoreOwnershipAuthorizationPropertyTest.php" line="63" class="Tests\Property\StoreOwnershipAuthorizationPropertyTest" classname="Tests.Property.StoreOwnershipAuthorizationPropertyTest" assertions="3" time="0.049563"/>
          <testcase name="test_non_owner_user_receives_403_on_subscription_endpoints with data set &quot;iteration_31_endpoint_5&quot;" file="E:\coupony-backend\tests\Property\StoreOwnershipAuthorizationPropertyTest.php" line="63" class="Tests\Property\StoreOwnershipAuthorizationPropertyTest" classname="Tests.Property.StoreOwnershipAuthorizationPropertyTest" assertions="3" time="0.044354"/>
          <testcase name="test_non_owner_user_receives_403_on_subscription_endpoints with data set &quot;iteration_32_endpoint_5&quot;" file="E:\coupony-backend\tests\Property\StoreOwnershipAuthorizationPropertyTest.php" line="63" class="Tests\Property\StoreOwnershipAuthorizationPropertyTest" classname="Tests.Property.StoreOwnershipAuthorizationPropertyTest" assertions="3" time="0.048837"/>
          <testcase name="test_non_owner_user_receives_403_on_subscription_endpoints with data set &quot;iteration_33_endpoint_3&quot;" file="E:\coupony-backend\tests\Property\StoreOwnershipAuthorizationPropertyTest.php" line="63" class="Tests\Property\StoreOwnershipAuthorizationPropertyTest" classname="Tests.Property.StoreOwnershipAuthorizationPropertyTest" assertions="3" time="0.043294"/>
          <testcase name="test_non_owner_user_receives_403_on_subscription_endpoints with data set &quot;iteration_34_endpoint_1&quot;" file="E:\coupony-backend\tests\Property\StoreOwnershipAuthorizationPropertyTest.php" line="63" class="Tests\Property\StoreOwnershipAuthorizationPropertyTest" classname="Tests.Property.StoreOwnershipAuthorizationPropertyTest" assertions="3" time="0.172072"/>
          <testcase name="test_non_owner_user_receives_403_on_subscription_endpoints with data set &quot;iteration_35_endpoint_6&quot;" file="E:\coupony-backend\tests\Property\StoreOwnershipAuthorizationPropertyTest.php" line="63" class="Tests\Property\StoreOwnershipAuthorizationPropertyTest" classname="Tests.Property.StoreOwnershipAuthorizationPropertyTest" assertions="3" time="0.046782"/>
          <testcase name="test_non_owner_user_receives_403_on_subscription_endpoints with data set &quot;iteration_36_endpoint_0&quot;" file="E:\coupony-backend\tests\Property\StoreOwnershipAuthorizationPropertyTest.php" line="63" class="Tests\Property\StoreOwnershipAuthorizationPropertyTest" classname="Tests.Property.StoreOwnershipAuthorizationPropertyTest" assertions="3" time="0.055633"/>
          <testcase name="test_non_owner_user_receives_403_on_subscription_endpoints with data set &quot;iteration_37_endpoint_1&quot;" file="E:\coupony-backend\tests\Property\StoreOwnershipAuthorizationPropertyTest.php" line="63" class="Tests\Property\StoreOwnershipAuthorizationPropertyTest" classname="Tests.Property.StoreOwnershipAuthorizationPropertyTest" assertions="3" time="0.057911"/>
          <testcase name="test_non_owner_user_receives_403_on_subscription_endpoints with data set &quot;iteration_38_endpoint_0&quot;" file="E:\coupony-backend\tests\Property\StoreOwnershipAuthorizationPropertyTest.php" line="63" class="Tests\Property\StoreOwnershipAuthorizationPropertyTest" classname="Tests.Property.StoreOwnershipAuthorizationPropertyTest" assertions="3" time="0.044778"/>
          <testcase name="test_non_owner_user_receives_403_on_subscription_endpoints with data set &quot;iteration_39_endpoint_1&quot;" file="E:\coupony-backend\tests\Property\StoreOwnershipAuthorizationPropertyTest.php" line="63" class="Tests\Property\StoreOwnershipAuthorizationPropertyTest" classname="Tests.Property.StoreOwnershipAuthorizationPropertyTest" assertions="3" time="0.045795"/>
          <testcase name="test_non_owner_user_receives_403_on_subscription_endpoints with data set &quot;iteration_40_endpoint_2&quot;" file="E:\coupony-backend\tests\Property\StoreOwnershipAuthorizationPropertyTest.php" line="63" class="Tests\Property\StoreOwnershipAuthorizationPropertyTest" classname="Tests.Property.StoreOwnershipAuthorizationPropertyTest" assertions="3" time="0.044459"/>
          <testcase name="test_non_owner_user_receives_403_on_subscription_endpoints with data set &quot;iteration_41_endpoint_3&quot;" file="E:\coupony-backend\tests\Property\StoreOwnershipAuthorizationPropertyTest.php" line="63" class="Tests\Property\StoreOwnershipAuthorizationPropertyTest" classname="Tests.Property.StoreOwnershipAuthorizationPropertyTest" assertions="3" time="0.161152"/>
          <testcase name="test_non_owner_user_receives_403_on_subscription_endpoints with data set &quot;iteration_42_endpoint_0&quot;" file="E:\coupony-backend\tests\Property\StoreOwnershipAuthorizationPropertyTest.php" line="63" class="Tests\Property\StoreOwnershipAuthorizationPropertyTest" classname="Tests.Property.StoreOwnershipAuthorizationPropertyTest" assertions="3" time="0.043613"/>
          <testcase name="test_non_owner_user_receives_403_on_subscription_endpoints with data set &quot;iteration_43_endpoint_2&quot;" file="E:\coupony-backend\tests\Property\StoreOwnershipAuthorizationPropertyTest.php" line="63" class="Tests\Property\StoreOwnershipAuthorizationPropertyTest" classname="Tests.Property.StoreOwnershipAuthorizationPropertyTest" assertions="3" time="0.041247"/>
          <testcase name="test_non_owner_user_receives_403_on_subscription_endpoints with data set &quot;iteration_44_endpoint_0&quot;" file="E:\coupony-backend\tests\Property\StoreOwnershipAuthorizationPropertyTest.php" line="63" class="Tests\Property\StoreOwnershipAuthorizationPropertyTest" classname="Tests.Property.StoreOwnershipAuthorizationPropertyTest" assertions="3" time="0.042694"/>
          <testcase name="test_non_owner_user_receives_403_on_subscription_endpoints with data set &quot;iteration_45_endpoint_4&quot;" file="E:\coupony-backend\tests\Property\StoreOwnershipAuthorizationPropertyTest.php" line="63" class="Tests\Property\StoreOwnershipAuthorizationPropertyTest" classname="Tests.Property.StoreOwnershipAuthorizationPropertyTest" assertions="3" time="0.042596"/>
          <testcase name="test_non_owner_user_receives_403_on_subscription_endpoints with data set &quot;iteration_46_endpoint_5&quot;" file="E:\coupony-backend\tests\Property\StoreOwnershipAuthorizationPropertyTest.php" line="63" class="Tests\Property\StoreOwnershipAuthorizationPropertyTest" classname="Tests.Property.StoreOwnershipAuthorizationPropertyTest" assertions="3" time="0.043994"/>
          <testcase name="test_non_owner_user_receives_403_on_subscription_endpoints with data set &quot;iteration_47_endpoint_0&quot;" file="E:\coupony-backend\tests\Property\StoreOwnershipAuthorizationPropertyTest.php" line="63" class="Tests\Property\StoreOwnershipAuthorizationPropertyTest" classname="Tests.Property.StoreOwnershipAuthorizationPropertyTest" assertions="3" time="0.045009"/>
          <testcase name="test_non_owner_user_receives_403_on_subscription_endpoints with data set &quot;iteration_48_endpoint_6&quot;" file="E:\coupony-backend\tests\Property\StoreOwnershipAuthorizationPropertyTest.php" line="63" class="Tests\Property\StoreOwnershipAuthorizationPropertyTest" classname="Tests.Property.StoreOwnershipAuthorizationPropertyTest" assertions="3" time="0.162486"/>
          <testcase name="test_non_owner_user_receives_403_on_subscription_endpoints with data set &quot;iteration_49_endpoint_1&quot;" file="E:\coupony-backend\tests\Property\StoreOwnershipAuthorizationPropertyTest.php" line="63" class="Tests\Property\StoreOwnershipAuthorizationPropertyTest" classname="Tests.Property.StoreOwnershipAuthorizationPropertyTest" assertions="3" time="0.042090"/>
          <testcase name="test_non_owner_user_receives_403_on_subscription_endpoints with data set &quot;iteration_50_endpoint_2&quot;" file="E:\coupony-backend\tests\Property\StoreOwnershipAuthorizationPropertyTest.php" line="63" class="Tests\Property\StoreOwnershipAuthorizationPropertyTest" classname="Tests.Property.StoreOwnershipAuthorizationPropertyTest" assertions="3" time="0.045196"/>
          <testcase name="test_non_owner_user_receives_403_on_subscription_endpoints with data set &quot;iteration_51_endpoint_0&quot;" file="E:\coupony-backend\tests\Property\StoreOwnershipAuthorizationPropertyTest.php" line="63" class="Tests\Property\StoreOwnershipAuthorizationPropertyTest" classname="Tests.Property.StoreOwnershipAuthorizationPropertyTest" assertions="3" time="0.046177"/>
          <testcase name="test_non_owner_user_receives_403_on_subscription_endpoints with data set &quot;iteration_52_endpoint_3&quot;" file="E:\coupony-backend\tests\Property\StoreOwnershipAuthorizationPropertyTest.php" line="63" class="Tests\Property\StoreOwnershipAuthorizationPropertyTest" classname="Tests.Property.StoreOwnershipAuthorizationPropertyTest" assertions="3" time="0.042728"/>
          <testcase name="test_non_owner_user_receives_403_on_subscription_endpoints with data set &quot;iteration_53_endpoint_5&quot;" file="E:\coupony-backend\tests\Property\StoreOwnershipAuthorizationPropertyTest.php" line="63" class="Tests\Property\StoreOwnershipAuthorizationPropertyTest" classname="Tests.Property.StoreOwnershipAuthorizationPropertyTest" assertions="3" time="0.043720"/>
          <testcase name="test_non_owner_user_receives_403_on_subscription_endpoints with data set &quot;iteration_54_endpoint_3&quot;" file="E:\coupony-backend\tests\Property\StoreOwnershipAuthorizationPropertyTest.php" line="63" class="Tests\Property\StoreOwnershipAuthorizationPropertyTest" classname="Tests.Property.StoreOwnershipAuthorizationPropertyTest" assertions="3" time="0.042201"/>
          <testcase name="test_non_owner_user_receives_403_on_subscription_endpoints with data set &quot;iteration_55_endpoint_4&quot;" file="E:\coupony-backend\tests\Property\StoreOwnershipAuthorizationPropertyTest.php" line="63" class="Tests\Property\StoreOwnershipAuthorizationPropertyTest" classname="Tests.Property.StoreOwnershipAuthorizationPropertyTest" assertions="3" time="0.168857"/>
          <testcase name="test_non_owner_user_receives_403_on_subscription_endpoints with data set &quot;iteration_56_endpoint_2&quot;" file="E:\coupony-backend\tests\Property\StoreOwnershipAuthorizationPropertyTest.php" line="63" class="Tests\Property\StoreOwnershipAuthorizationPropertyTest" classname="Tests.Property.StoreOwnershipAuthorizationPropertyTest" assertions="3" time="0.043413"/>
          <testcase name="test_non_owner_user_receives_403_on_subscription_endpoints with data set &quot;iteration_57_endpoint_3&quot;" file="E:\coupony-backend\tests\Property\StoreOwnershipAuthorizationPropertyTest.php" line="63" class="Tests\Property\StoreOwnershipAuthorizationPropertyTest" classname="Tests.Property.StoreOwnershipAuthorizationPropertyTest" assertions="3" time="0.042168"/>
          <testcase name="test_non_owner_user_receives_403_on_subscription_endpoints with data set &quot;iteration_58_endpoint_2&quot;" file="E:\coupony-backend\tests\Property\StoreOwnershipAuthorizationPropertyTest.php" line="63" class="Tests\Property\StoreOwnershipAuthorizationPropertyTest" classname="Tests.Property.StoreOwnershipAuthorizationPropertyTest" assertions="3" time="0.051421"/>
          <testcase name="test_non_owner_user_receives_403_on_subscription_endpoints with data set &quot;iteration_59_endpoint_5&quot;" file="E:\coupony-backend\tests\Property\StoreOwnershipAuthorizationPropertyTest.php" line="63" class="Tests\Property\StoreOwnershipAuthorizationPropertyTest" classname="Tests.Property.StoreOwnershipAuthorizationPropertyTest" assertions="3" time="0.047712"/>
          <testcase name="test_non_owner_user_receives_403_on_subscription_endpoints with data set &quot;iteration_60_endpoint_3&quot;" file="E:\coupony-backend\tests\Property\StoreOwnershipAuthorizationPropertyTest.php" line="63" class="Tests\Property\StoreOwnershipAuthorizationPropertyTest" classname="Tests.Property.StoreOwnershipAuthorizationPropertyTest" assertions="3" time="0.041554"/>
          <testcase name="test_non_owner_user_receives_403_on_subscription_endpoints with data set &quot;iteration_61_endpoint_3&quot;" file="E:\coupony-backend\tests\Property\StoreOwnershipAuthorizationPropertyTest.php" line="63" class="Tests\Property\StoreOwnershipAuthorizationPropertyTest" classname="Tests.Property.StoreOwnershipAuthorizationPropertyTest" assertions="3" time="0.042358"/>
          <testcase name="test_non_owner_user_receives_403_on_subscription_endpoints with data set &quot;iteration_62_endpoint_0&quot;" file="E:\coupony-backend\tests\Property\StoreOwnershipAuthorizationPropertyTest.php" line="63" class="Tests\Property\StoreOwnershipAuthorizationPropertyTest" classname="Tests.Property.StoreOwnershipAuthorizationPropertyTest" assertions="3" time="0.153850"/>
          <testcase name="test_non_owner_user_receives_403_on_subscription_endpoints with data set &quot;iteration_63_endpoint_0&quot;" file="E:\coupony-backend\tests\Property\StoreOwnershipAuthorizationPropertyTest.php" line="63" class="Tests\Property\StoreOwnershipAuthorizationPropertyTest" classname="Tests.Property.StoreOwnershipAuthorizationPropertyTest" assertions="3" time="0.043432"/>
          <testcase name="test_non_owner_user_receives_403_on_subscription_endpoints with data set &quot;iteration_64_endpoint_5&quot;" file="E:\coupony-backend\tests\Property\StoreOwnershipAuthorizationPropertyTest.php" line="63" class="Tests\Property\StoreOwnershipAuthorizationPropertyTest" classname="Tests.Property.StoreOwnershipAuthorizationPropertyTest" assertions="3" time="0.038973"/>
          <testcase name="test_non_owner_user_receives_403_on_subscription_endpoints with data set &quot;iteration_65_endpoint_1&quot;" file="E:\coupony-backend\tests\Property\StoreOwnershipAuthorizationPropertyTest.php" line="63" class="Tests\Property\StoreOwnershipAuthorizationPropertyTest" classname="Tests.Property.StoreOwnershipAuthorizationPropertyTest" assertions="3" time="0.041577"/>
          <testcase name="test_non_owner_user_receives_403_on_subscription_endpoints with data set &quot;iteration_66_endpoint_0&quot;" file="E:\coupony-backend\tests\Property\StoreOwnershipAuthorizationPropertyTest.php" line="63" class="Tests\Property\StoreOwnershipAuthorizationPropertyTest" classname="Tests.Property.StoreOwnershipAuthorizationPropertyTest" assertions="3" time="0.043182"/>
          <testcase name="test_non_owner_user_receives_403_on_subscription_endpoints with data set &quot;iteration_67_endpoint_2&quot;" file="E:\coupony-backend\tests\Property\StoreOwnershipAuthorizationPropertyTest.php" line="63" class="Tests\Property\StoreOwnershipAuthorizationPropertyTest" classname="Tests.Property.StoreOwnershipAuthorizationPropertyTest" assertions="3" time="0.041613"/>
          <testcase name="test_non_owner_user_receives_403_on_subscription_endpoints with data set &quot;iteration_68_endpoint_2&quot;" file="E:\coupony-backend\tests\Property\StoreOwnershipAuthorizationPropertyTest.php" line="63" class="Tests\Property\StoreOwnershipAuthorizationPropertyTest" classname="Tests.Property.StoreOwnershipAuthorizationPropertyTest" assertions="3" time="0.040132"/>
          <testcase name="test_non_owner_user_receives_403_on_subscription_endpoints with data set &quot;iteration_69_endpoint_5&quot;" file="E:\coupony-backend\tests\Property\StoreOwnershipAuthorizationPropertyTest.php" line="63" class="Tests\Property\StoreOwnershipAuthorizationPropertyTest" classname="Tests.Property.StoreOwnershipAuthorizationPropertyTest" assertions="3" time="0.127249"/>
          <testcase name="test_non_owner_user_receives_403_on_subscription_endpoints with data set &quot;iteration_70_endpoint_1&quot;" file="E:\coupony-backend\tests\Property\StoreOwnershipAuthorizationPropertyTest.php" line="63" class="Tests\Property\StoreOwnershipAuthorizationPropertyTest" classname="Tests.Property.StoreOwnershipAuthorizationPropertyTest" assertions="3" time="0.043877"/>
          <testcase name="test_non_owner_user_receives_403_on_subscription_endpoints with data set &quot;iteration_71_endpoint_0&quot;" file="E:\coupony-backend\tests\Property\StoreOwnershipAuthorizationPropertyTest.php" line="63" class="Tests\Property\StoreOwnershipAuthorizationPropertyTest" classname="Tests.Property.StoreOwnershipAuthorizationPropertyTest" assertions="3" time="0.041340"/>
          <testcase name="test_non_owner_user_receives_403_on_subscription_endpoints with data set &quot;iteration_72_endpoint_6&quot;" file="E:\coupony-backend\tests\Property\StoreOwnershipAuthorizationPropertyTest.php" line="63" class="Tests\Property\StoreOwnershipAuthorizationPropertyTest" classname="Tests.Property.StoreOwnershipAuthorizationPropertyTest" assertions="3" time="0.039572"/>
          <testcase name="test_non_owner_user_receives_403_on_subscription_endpoints with data set &quot;iteration_73_endpoint_5&quot;" file="E:\coupony-backend\tests\Property\StoreOwnershipAuthorizationPropertyTest.php" line="63" class="Tests\Property\StoreOwnershipAuthorizationPropertyTest" classname="Tests.Property.StoreOwnershipAuthorizationPropertyTest" assertions="3" time="0.040033"/>
          <testcase name="test_non_owner_user_receives_403_on_subscription_endpoints with data set &quot;iteration_74_endpoint_1&quot;" file="E:\coupony-backend\tests\Property\StoreOwnershipAuthorizationPropertyTest.php" line="63" class="Tests\Property\StoreOwnershipAuthorizationPropertyTest" classname="Tests.Property.StoreOwnershipAuthorizationPropertyTest" assertions="3" time="0.041889"/>
          <testcase name="test_non_owner_user_receives_403_on_subscription_endpoints with data set &quot;iteration_75_endpoint_5&quot;" file="E:\coupony-backend\tests\Property\StoreOwnershipAuthorizationPropertyTest.php" line="63" class="Tests\Property\StoreOwnershipAuthorizationPropertyTest" classname="Tests.Property.StoreOwnershipAuthorizationPropertyTest" assertions="3" time="0.039673"/>
          <testcase name="test_non_owner_user_receives_403_on_subscription_endpoints with data set &quot;iteration_76_endpoint_5&quot;" file="E:\coupony-backend\tests\Property\StoreOwnershipAuthorizationPropertyTest.php" line="63" class="Tests\Property\StoreOwnershipAuthorizationPropertyTest" classname="Tests.Property.StoreOwnershipAuthorizationPropertyTest" assertions="3" time="0.157643"/>
          <testcase name="test_non_owner_user_receives_403_on_subscription_endpoints with data set &quot;iteration_77_endpoint_5&quot;" file="E:\coupony-backend\tests\Property\StoreOwnershipAuthorizationPropertyTest.php" line="63" class="Tests\Property\StoreOwnershipAuthorizationPropertyTest" classname="Tests.Property.StoreOwnershipAuthorizationPropertyTest" assertions="3" time="0.041900"/>
          <testcase name="test_non_owner_user_receives_403_on_subscription_endpoints with data set &quot;iteration_78_endpoint_1&quot;" file="E:\coupony-backend\tests\Property\StoreOwnershipAuthorizationPropertyTest.php" line="63" class="Tests\Property\StoreOwnershipAuthorizationPropertyTest" classname="Tests.Property.StoreOwnershipAuthorizationPropertyTest" assertions="3" time="0.042822"/>
          <testcase name="test_non_owner_user_receives_403_on_subscription_endpoints with data set &quot;iteration_79_endpoint_2&quot;" file="E:\coupony-backend\tests\Property\StoreOwnershipAuthorizationPropertyTest.php" line="63" class="Tests\Property\StoreOwnershipAuthorizationPropertyTest" classname="Tests.Property.StoreOwnershipAuthorizationPropertyTest" assertions="3" time="0.041105"/>
          <testcase name="test_non_owner_user_receives_403_on_subscription_endpoints with data set &quot;iteration_80_endpoint_0&quot;" file="E:\coupony-backend\tests\Property\StoreOwnershipAuthorizationPropertyTest.php" line="63" class="Tests\Property\StoreOwnershipAuthorizationPropertyTest" classname="Tests.Property.StoreOwnershipAuthorizationPropertyTest" assertions="3" time="0.043490"/>
          <testcase name="test_non_owner_user_receives_403_on_subscription_endpoints with data set &quot;iteration_81_endpoint_1&quot;" file="E:\coupony-backend\tests\Property\StoreOwnershipAuthorizationPropertyTest.php" line="63" class="Tests\Property\StoreOwnershipAuthorizationPropertyTest" classname="Tests.Property.StoreOwnershipAuthorizationPropertyTest" assertions="3" time="0.042365"/>
          <testcase name="test_non_owner_user_receives_403_on_subscription_endpoints with data set &quot;iteration_82_endpoint_3&quot;" file="E:\coupony-backend\tests\Property\StoreOwnershipAuthorizationPropertyTest.php" line="63" class="Tests\Property\StoreOwnershipAuthorizationPropertyTest" classname="Tests.Property.StoreOwnershipAuthorizationPropertyTest" assertions="3" time="0.041184"/>
          <testcase name="test_non_owner_user_receives_403_on_subscription_endpoints with data set &quot;iteration_83_endpoint_0&quot;" file="E:\coupony-backend\tests\Property\StoreOwnershipAuthorizationPropertyTest.php" line="63" class="Tests\Property\StoreOwnershipAuthorizationPropertyTest" classname="Tests.Property.StoreOwnershipAuthorizationPropertyTest" assertions="3" time="0.154260"/>
          <testcase name="test_non_owner_user_receives_403_on_subscription_endpoints with data set &quot;iteration_84_endpoint_6&quot;" file="E:\coupony-backend\tests\Property\StoreOwnershipAuthorizationPropertyTest.php" line="63" class="Tests\Property\StoreOwnershipAuthorizationPropertyTest" classname="Tests.Property.StoreOwnershipAuthorizationPropertyTest" assertions="3" time="0.047344"/>
          <testcase name="test_non_owner_user_receives_403_on_subscription_endpoints with data set &quot;iteration_85_endpoint_5&quot;" file="E:\coupony-backend\tests\Property\StoreOwnershipAuthorizationPropertyTest.php" line="63" class="Tests\Property\StoreOwnershipAuthorizationPropertyTest" classname="Tests.Property.StoreOwnershipAuthorizationPropertyTest" assertions="3" time="0.075101"/>
          <testcase name="test_non_owner_user_receives_403_on_subscription_endpoints with data set &quot;iteration_86_endpoint_3&quot;" file="E:\coupony-backend\tests\Property\StoreOwnershipAuthorizationPropertyTest.php" line="63" class="Tests\Property\StoreOwnershipAuthorizationPropertyTest" classname="Tests.Property.StoreOwnershipAuthorizationPropertyTest" assertions="3" time="0.046858"/>
          <testcase name="test_non_owner_user_receives_403_on_subscription_endpoints with data set &quot;iteration_87_endpoint_5&quot;" file="E:\coupony-backend\tests\Property\StoreOwnershipAuthorizationPropertyTest.php" line="63" class="Tests\Property\StoreOwnershipAuthorizationPropertyTest" classname="Tests.Property.StoreOwnershipAuthorizationPropertyTest" assertions="3" time="0.044811"/>
          <testcase name="test_non_owner_user_receives_403_on_subscription_endpoints with data set &quot;iteration_88_endpoint_1&quot;" file="E:\coupony-backend\tests\Property\StoreOwnershipAuthorizationPropertyTest.php" line="63" class="Tests\Property\StoreOwnershipAuthorizationPropertyTest" classname="Tests.Property.StoreOwnershipAuthorizationPropertyTest" assertions="3" time="0.045602"/>
          <testcase name="test_non_owner_user_receives_403_on_subscription_endpoints with data set &quot;iteration_89_endpoint_3&quot;" file="E:\coupony-backend\tests\Property\StoreOwnershipAuthorizationPropertyTest.php" line="63" class="Tests\Property\StoreOwnershipAuthorizationPropertyTest" classname="Tests.Property.StoreOwnershipAuthorizationPropertyTest" assertions="3" time="0.040594"/>
          <testcase name="test_non_owner_user_receives_403_on_subscription_endpoints with data set &quot;iteration_90_endpoint_2&quot;" file="E:\coupony-backend\tests\Property\StoreOwnershipAuthorizationPropertyTest.php" line="63" class="Tests\Property\StoreOwnershipAuthorizationPropertyTest" classname="Tests.Property.StoreOwnershipAuthorizationPropertyTest" assertions="3" time="0.164370"/>
          <testcase name="test_non_owner_user_receives_403_on_subscription_endpoints with data set &quot;iteration_91_endpoint_4&quot;" file="E:\coupony-backend\tests\Property\StoreOwnershipAuthorizationPropertyTest.php" line="63" class="Tests\Property\StoreOwnershipAuthorizationPropertyTest" classname="Tests.Property.StoreOwnershipAuthorizationPropertyTest" assertions="3" time="0.042485"/>
          <testcase name="test_non_owner_user_receives_403_on_subscription_endpoints with data set &quot;iteration_92_endpoint_0&quot;" file="E:\coupony-backend\tests\Property\StoreOwnershipAuthorizationPropertyTest.php" line="63" class="Tests\Property\StoreOwnershipAuthorizationPropertyTest" classname="Tests.Property.StoreOwnershipAuthorizationPropertyTest" assertions="3" time="0.043685"/>
          <testcase name="test_non_owner_user_receives_403_on_subscription_endpoints with data set &quot;iteration_93_endpoint_3&quot;" file="E:\coupony-backend\tests\Property\StoreOwnershipAuthorizationPropertyTest.php" line="63" class="Tests\Property\StoreOwnershipAuthorizationPropertyTest" classname="Tests.Property.StoreOwnershipAuthorizationPropertyTest" assertions="3" time="0.041171"/>
          <testcase name="test_non_owner_user_receives_403_on_subscription_endpoints with data set &quot;iteration_94_endpoint_3&quot;" file="E:\coupony-backend\tests\Property\StoreOwnershipAuthorizationPropertyTest.php" line="63" class="Tests\Property\StoreOwnershipAuthorizationPropertyTest" classname="Tests.Property.StoreOwnershipAuthorizationPropertyTest" assertions="3" time="0.042418"/>
          <testcase name="test_non_owner_user_receives_403_on_subscription_endpoints with data set &quot;iteration_95_endpoint_4&quot;" file="E:\coupony-backend\tests\Property\StoreOwnershipAuthorizationPropertyTest.php" line="63" class="Tests\Property\StoreOwnershipAuthorizationPropertyTest" classname="Tests.Property.StoreOwnershipAuthorizationPropertyTest" assertions="3" time="0.040374"/>
          <testcase name="test_non_owner_user_receives_403_on_subscription_endpoints with data set &quot;iteration_96_endpoint_3&quot;" file="E:\coupony-backend\tests\Property\StoreOwnershipAuthorizationPropertyTest.php" line="63" class="Tests\Property\StoreOwnershipAuthorizationPropertyTest" classname="Tests.Property.StoreOwnershipAuthorizationPropertyTest" assertions="3" time="0.042601"/>
          <testcase name="test_non_owner_user_receives_403_on_subscription_endpoints with data set &quot;iteration_97_endpoint_5&quot;" file="E:\coupony-backend\tests\Property\StoreOwnershipAuthorizationPropertyTest.php" line="63" class="Tests\Property\StoreOwnershipAuthorizationPropertyTest" classname="Tests.Property.StoreOwnershipAuthorizationPropertyTest" assertions="3" time="0.164878"/>
          <testcase name="test_non_owner_user_receives_403_on_subscription_endpoints with data set &quot;iteration_98_endpoint_6&quot;" file="E:\coupony-backend\tests\Property\StoreOwnershipAuthorizationPropertyTest.php" line="63" class="Tests\Property\StoreOwnershipAuthorizationPropertyTest" classname="Tests.Property.StoreOwnershipAuthorizationPropertyTest" assertions="3" time="0.040419"/>
          <testcase name="test_non_owner_user_receives_403_on_subscription_endpoints with data set &quot;iteration_99_endpoint_3&quot;" file="E:\coupony-backend\tests\Property\StoreOwnershipAuthorizationPropertyTest.php" line="63" class="Tests\Property\StoreOwnershipAuthorizationPropertyTest" classname="Tests.Property.StoreOwnershipAuthorizationPropertyTest" assertions="3" time="0.041989"/>
          <testcase name="test_non_owner_user_receives_403_on_subscription_endpoints with data set &quot;iteration_100_endpoint_4&quot;" file="E:\coupony-backend\tests\Property\StoreOwnershipAuthorizationPropertyTest.php" line="63" class="Tests\Property\StoreOwnershipAuthorizationPropertyTest" classname="Tests.Property.StoreOwnershipAuthorizationPropertyTest" assertions="3" time="0.040878"/>
          <testcase name="test_non_owner_user_receives_403_on_subscription_endpoints with data set &quot;iteration_101_endpoint_1&quot;" file="E:\coupony-backend\tests\Property\StoreOwnershipAuthorizationPropertyTest.php" line="63" class="Tests\Property\StoreOwnershipAuthorizationPropertyTest" classname="Tests.Property.StoreOwnershipAuthorizationPropertyTest" assertions="3" time="0.044590"/>
          <testcase name="test_non_owner_user_receives_403_on_subscription_endpoints with data set &quot;iteration_102_endpoint_0&quot;" file="E:\coupony-backend\tests\Property\StoreOwnershipAuthorizationPropertyTest.php" line="63" class="Tests\Property\StoreOwnershipAuthorizationPropertyTest" classname="Tests.Property.StoreOwnershipAuthorizationPropertyTest" assertions="3" time="0.044660"/>
          <testcase name="test_non_owner_user_receives_403_on_subscription_endpoints with data set &quot;iteration_103_endpoint_0&quot;" file="E:\coupony-backend\tests\Property\StoreOwnershipAuthorizationPropertyTest.php" line="63" class="Tests\Property\StoreOwnershipAuthorizationPropertyTest" classname="Tests.Property.StoreOwnershipAuthorizationPropertyTest" assertions="3" time="0.042929"/>
          <testcase name="test_non_owner_user_receives_403_on_subscription_endpoints with data set &quot;iteration_104_endpoint_1&quot;" file="E:\coupony-backend\tests\Property\StoreOwnershipAuthorizationPropertyTest.php" line="63" class="Tests\Property\StoreOwnershipAuthorizationPropertyTest" classname="Tests.Property.StoreOwnershipAuthorizationPropertyTest" assertions="3" time="0.155757"/>
        </testsuite>
      </testsuite>
      <testsuite name="Tests\Property\SubscriptionStateMachineTransitionsPropertyTest" file="E:\coupony-backend\tests\Property\SubscriptionStateMachineTransitionsPropertyTest.php" tests="400" assertions="1100" errors="0" failures="0" skipped="0" time="19.012012">
        <testsuite name="Tests\Property\SubscriptionStateMachineTransitionsPropertyTest::test_allowed_transitions_are_executed_successfully" tests="100" assertions="300" errors="0" failures="0" skipped="0" time="4.754839">
          <testcase name="test_allowed_transitions_are_executed_successfully with data set &quot;iteration_0_from_trial_to_active&quot;" file="E:\coupony-backend\tests\Property\SubscriptionStateMachineTransitionsPropertyTest.php" line="203" class="Tests\Property\SubscriptionStateMachineTransitionsPropertyTest" classname="Tests.Property.SubscriptionStateMachineTransitionsPropertyTest" assertions="3" time="0.034511"/>
          <testcase name="test_allowed_transitions_are_executed_successfully with data set &quot;iteration_1_from_degraded_to_active&quot;" file="E:\coupony-backend\tests\Property\SubscriptionStateMachineTransitionsPropertyTest.php" line="203" class="Tests\Property\SubscriptionStateMachineTransitionsPropertyTest" classname="Tests.Property.SubscriptionStateMachineTransitionsPropertyTest" assertions="3" time="0.035739"/>
          <testcase name="test_allowed_transitions_are_executed_successfully with data set &quot;iteration_2_from_suspended_to_active&quot;" file="E:\coupony-backend\tests\Property\SubscriptionStateMachineTransitionsPropertyTest.php" line="203" class="Tests\Property\SubscriptionStateMachineTransitionsPropertyTest" classname="Tests.Property.SubscriptionStateMachineTransitionsPropertyTest" assertions="3" time="0.034800"/>
          <testcase name="test_allowed_transitions_are_executed_successfully with data set &quot;iteration_3_from_trial_to_active&quot;" file="E:\coupony-backend\tests\Property\SubscriptionStateMachineTransitionsPropertyTest.php" line="203" class="Tests\Property\SubscriptionStateMachineTransitionsPropertyTest" classname="Tests.Property.SubscriptionStateMachineTransitionsPropertyTest" assertions="3" time="0.039420"/>
          <testcase name="test_allowed_transitions_are_executed_successfully with data set &quot;iteration_4_from_suspended_to_archived&quot;" file="E:\coupony-backend\tests\Property\SubscriptionStateMachineTransitionsPropertyTest.php" line="203" class="Tests\Property\SubscriptionStateMachineTransitionsPropertyTest" classname="Tests.Property.SubscriptionStateMachineTransitionsPropertyTest" assertions="3" time="0.035126"/>
          <testcase name="test_allowed_transitions_are_executed_successfully with data set &quot;iteration_5_from_degraded_to_active&quot;" file="E:\coupony-backend\tests\Property\SubscriptionStateMachineTransitionsPropertyTest.php" line="203" class="Tests\Property\SubscriptionStateMachineTransitionsPropertyTest" classname="Tests.Property.SubscriptionStateMachineTransitionsPropertyTest" assertions="3" time="0.035836"/>
          <testcase name="test_allowed_transitions_are_executed_successfully with data set &quot;iteration_6_from_suspended_to_active&quot;" file="E:\coupony-backend\tests\Property\SubscriptionStateMachineTransitionsPropertyTest.php" line="203" class="Tests\Property\SubscriptionStateMachineTransitionsPropertyTest" classname="Tests.Property.SubscriptionStateMachineTransitionsPropertyTest" assertions="3" time="0.151836"/>
          <testcase name="test_allowed_transitions_are_executed_successfully with data set &quot;iteration_7_from_none_to_trial&quot;" file="E:\coupony-backend\tests\Property\SubscriptionStateMachineTransitionsPropertyTest.php" line="203" class="Tests\Property\SubscriptionStateMachineTransitionsPropertyTest" classname="Tests.Property.SubscriptionStateMachineTransitionsPropertyTest" assertions="3" time="0.033596"/>
          <testcase name="test_allowed_transitions_are_executed_successfully with data set &quot;iteration_8_from_none_to_active&quot;" file="E:\coupony-backend\tests\Property\SubscriptionStateMachineTransitionsPropertyTest.php" line="203" class="Tests\Property\SubscriptionStateMachineTransitionsPropertyTest" classname="Tests.Property.SubscriptionStateMachineTransitionsPropertyTest" assertions="3" time="0.033742"/>
          <testcase name="test_allowed_transitions_are_executed_successfully with data set &quot;iteration_9_from_grace_to_active&quot;" file="E:\coupony-backend\tests\Property\SubscriptionStateMachineTransitionsPropertyTest.php" line="203" class="Tests\Property\SubscriptionStateMachineTransitionsPropertyTest" classname="Tests.Property.SubscriptionStateMachineTransitionsPropertyTest" assertions="3" time="0.034342"/>
          <testcase name="test_allowed_transitions_are_executed_successfully with data set &quot;iteration_10_from_suspended_to_active&quot;" file="E:\coupony-backend\tests\Property\SubscriptionStateMachineTransitionsPropertyTest.php" line="203" class="Tests\Property\SubscriptionStateMachineTransitionsPropertyTest" classname="Tests.Property.SubscriptionStateMachineTransitionsPropertyTest" assertions="3" time="0.034770"/>
          <testcase name="test_allowed_transitions_are_executed_successfully with data set &quot;iteration_11_from_suspended_to_archived&quot;" file="E:\coupony-backend\tests\Property\SubscriptionStateMachineTransitionsPropertyTest.php" line="203" class="Tests\Property\SubscriptionStateMachineTransitionsPropertyTest" classname="Tests.Property.SubscriptionStateMachineTransitionsPropertyTest" assertions="3" time="0.038647"/>
          <testcase name="test_allowed_transitions_are_executed_successfully with data set &quot;iteration_12_from_active_to_grace&quot;" file="E:\coupony-backend\tests\Property\SubscriptionStateMachineTransitionsPropertyTest.php" line="203" class="Tests\Property\SubscriptionStateMachineTransitionsPropertyTest" classname="Tests.Property.SubscriptionStateMachineTransitionsPropertyTest" assertions="3" time="0.035886"/>
          <testcase name="test_allowed_transitions_are_executed_successfully with data set &quot;iteration_13_from_none_to_trial&quot;" file="E:\coupony-backend\tests\Property\SubscriptionStateMachineTransitionsPropertyTest.php" line="203" class="Tests\Property\SubscriptionStateMachineTransitionsPropertyTest" classname="Tests.Property.SubscriptionStateMachineTransitionsPropertyTest" assertions="3" time="0.033708"/>
          <testcase name="test_allowed_transitions_are_executed_successfully with data set &quot;iteration_14_from_none_to_trial&quot;" file="E:\coupony-backend\tests\Property\SubscriptionStateMachineTransitionsPropertyTest.php" line="203" class="Tests\Property\SubscriptionStateMachineTransitionsPropertyTest" classname="Tests.Property.SubscriptionStateMachineTransitionsPropertyTest" assertions="3" time="0.034732"/>
          <testcase name="test_allowed_transitions_are_executed_successfully with data set &quot;iteration_15_from_grace_to_active&quot;" file="E:\coupony-backend\tests\Property\SubscriptionStateMachineTransitionsPropertyTest.php" line="203" class="Tests\Property\SubscriptionStateMachineTransitionsPropertyTest" classname="Tests.Property.SubscriptionStateMachineTransitionsPropertyTest" assertions="3" time="0.037180"/>
          <testcase name="test_allowed_transitions_are_executed_successfully with data set &quot;iteration_16_from_grace_to_active&quot;" file="E:\coupony-backend\tests\Property\SubscriptionStateMachineTransitionsPropertyTest.php" line="203" class="Tests\Property\SubscriptionStateMachineTransitionsPropertyTest" classname="Tests.Property.SubscriptionStateMachineTransitionsPropertyTest" assertions="3" time="0.155372"/>
          <testcase name="test_allowed_transitions_are_executed_successfully with data set &quot;iteration_17_from_trial_to_none&quot;" file="E:\coupony-backend\tests\Property\SubscriptionStateMachineTransitionsPropertyTest.php" line="203" class="Tests\Property\SubscriptionStateMachineTransitionsPropertyTest" classname="Tests.Property.SubscriptionStateMachineTransitionsPropertyTest" assertions="3" time="0.037217"/>
          <testcase name="test_allowed_transitions_are_executed_successfully with data set &quot;iteration_18_from_suspended_to_active&quot;" file="E:\coupony-backend\tests\Property\SubscriptionStateMachineTransitionsPropertyTest.php" line="203" class="Tests\Property\SubscriptionStateMachineTransitionsPropertyTest" classname="Tests.Property.SubscriptionStateMachineTransitionsPropertyTest" assertions="3" time="0.035167"/>
          <testcase name="test_allowed_transitions_are_executed_successfully with data set &quot;iteration_19_from_degraded_to_suspended&quot;" file="E:\coupony-backend\tests\Property\SubscriptionStateMachineTransitionsPropertyTest.php" line="203" class="Tests\Property\SubscriptionStateMachineTransitionsPropertyTest" classname="Tests.Property.SubscriptionStateMachineTransitionsPropertyTest" assertions="3" time="0.037352"/>
          <testcase name="test_allowed_transitions_are_executed_successfully with data set &quot;iteration_20_from_active_to_grace&quot;" file="E:\coupony-backend\tests\Property\SubscriptionStateMachineTransitionsPropertyTest.php" line="203" class="Tests\Property\SubscriptionStateMachineTransitionsPropertyTest" classname="Tests.Property.SubscriptionStateMachineTransitionsPropertyTest" assertions="3" time="0.036026"/>
          <testcase name="test_allowed_transitions_are_executed_successfully with data set &quot;iteration_21_from_active_to_grace&quot;" file="E:\coupony-backend\tests\Property\SubscriptionStateMachineTransitionsPropertyTest.php" line="203" class="Tests\Property\SubscriptionStateMachineTransitionsPropertyTest" classname="Tests.Property.SubscriptionStateMachineTransitionsPropertyTest" assertions="3" time="0.033766"/>
          <testcase name="test_allowed_transitions_are_executed_successfully with data set &quot;iteration_22_from_none_to_trial&quot;" file="E:\coupony-backend\tests\Property\SubscriptionStateMachineTransitionsPropertyTest.php" line="203" class="Tests\Property\SubscriptionStateMachineTransitionsPropertyTest" classname="Tests.Property.SubscriptionStateMachineTransitionsPropertyTest" assertions="3" time="0.034655"/>
          <testcase name="test_allowed_transitions_are_executed_successfully with data set &quot;iteration_23_from_trial_to_active&quot;" file="E:\coupony-backend\tests\Property\SubscriptionStateMachineTransitionsPropertyTest.php" line="203" class="Tests\Property\SubscriptionStateMachineTransitionsPropertyTest" classname="Tests.Property.SubscriptionStateMachineTransitionsPropertyTest" assertions="3" time="0.034028"/>
          <testcase name="test_allowed_transitions_are_executed_successfully with data set &quot;iteration_24_from_trial_to_none&quot;" file="E:\coupony-backend\tests\Property\SubscriptionStateMachineTransitionsPropertyTest.php" line="203" class="Tests\Property\SubscriptionStateMachineTransitionsPropertyTest" classname="Tests.Property.SubscriptionStateMachineTransitionsPropertyTest" assertions="3" time="0.035654"/>
          <testcase name="test_allowed_transitions_are_executed_successfully with data set &quot;iteration_25_from_suspended_to_active&quot;" file="E:\coupony-backend\tests\Property\SubscriptionStateMachineTransitionsPropertyTest.php" line="203" class="Tests\Property\SubscriptionStateMachineTransitionsPropertyTest" classname="Tests.Property.SubscriptionStateMachineTransitionsPropertyTest" assertions="3" time="0.152559"/>
          <testcase name="test_allowed_transitions_are_executed_successfully with data set &quot;iteration_26_from_grace_to_active&quot;" file="E:\coupony-backend\tests\Property\SubscriptionStateMachineTransitionsPropertyTest.php" line="203" class="Tests\Property\SubscriptionStateMachineTransitionsPropertyTest" classname="Tests.Property.SubscriptionStateMachineTransitionsPropertyTest" assertions="3" time="0.035152"/>
          <testcase name="test_allowed_transitions_are_executed_successfully with data set &quot;iteration_27_from_grace_to_active&quot;" file="E:\coupony-backend\tests\Property\SubscriptionStateMachineTransitionsPropertyTest.php" line="203" class="Tests\Property\SubscriptionStateMachineTransitionsPropertyTest" classname="Tests.Property.SubscriptionStateMachineTransitionsPropertyTest" assertions="3" time="0.036756"/>
          <testcase name="test_allowed_transitions_are_executed_successfully with data set &quot;iteration_28_from_degraded_to_active&quot;" file="E:\coupony-backend\tests\Property\SubscriptionStateMachineTransitionsPropertyTest.php" line="203" class="Tests\Property\SubscriptionStateMachineTransitionsPropertyTest" classname="Tests.Property.SubscriptionStateMachineTransitionsPropertyTest" assertions="3" time="0.035242"/>
          <testcase name="test_allowed_transitions_are_executed_successfully with data set &quot;iteration_29_from_none_to_trial&quot;" file="E:\coupony-backend\tests\Property\SubscriptionStateMachineTransitionsPropertyTest.php" line="203" class="Tests\Property\SubscriptionStateMachineTransitionsPropertyTest" classname="Tests.Property.SubscriptionStateMachineTransitionsPropertyTest" assertions="3" time="0.037089"/>
          <testcase name="test_allowed_transitions_are_executed_successfully with data set &quot;iteration_30_from_trial_to_active&quot;" file="E:\coupony-backend\tests\Property\SubscriptionStateMachineTransitionsPropertyTest.php" line="203" class="Tests\Property\SubscriptionStateMachineTransitionsPropertyTest" classname="Tests.Property.SubscriptionStateMachineTransitionsPropertyTest" assertions="3" time="0.035923"/>
          <testcase name="test_allowed_transitions_are_executed_successfully with data set &quot;iteration_31_from_degraded_to_active&quot;" file="E:\coupony-backend\tests\Property\SubscriptionStateMachineTransitionsPropertyTest.php" line="203" class="Tests\Property\SubscriptionStateMachineTransitionsPropertyTest" classname="Tests.Property.SubscriptionStateMachineTransitionsPropertyTest" assertions="3" time="0.034226"/>
          <testcase name="test_allowed_transitions_are_executed_successfully with data set &quot;iteration_32_from_none_to_active&quot;" file="E:\coupony-backend\tests\Property\SubscriptionStateMachineTransitionsPropertyTest.php" line="203" class="Tests\Property\SubscriptionStateMachineTransitionsPropertyTest" classname="Tests.Property.SubscriptionStateMachineTransitionsPropertyTest" assertions="3" time="0.036775"/>
          <testcase name="test_allowed_transitions_are_executed_successfully with data set &quot;iteration_33_from_suspended_to_active&quot;" file="E:\coupony-backend\tests\Property\SubscriptionStateMachineTransitionsPropertyTest.php" line="203" class="Tests\Property\SubscriptionStateMachineTransitionsPropertyTest" classname="Tests.Property.SubscriptionStateMachineTransitionsPropertyTest" assertions="3" time="0.035340"/>
          <testcase name="test_allowed_transitions_are_executed_successfully with data set &quot;iteration_34_from_grace_to_degraded&quot;" file="E:\coupony-backend\tests\Property\SubscriptionStateMachineTransitionsPropertyTest.php" line="203" class="Tests\Property\SubscriptionStateMachineTransitionsPropertyTest" classname="Tests.Property.SubscriptionStateMachineTransitionsPropertyTest" assertions="3" time="0.034451"/>
          <testcase name="test_allowed_transitions_are_executed_successfully with data set &quot;iteration_35_from_grace_to_active&quot;" file="E:\coupony-backend\tests\Property\SubscriptionStateMachineTransitionsPropertyTest.php" line="203" class="Tests\Property\SubscriptionStateMachineTransitionsPropertyTest" classname="Tests.Property.SubscriptionStateMachineTransitionsPropertyTest" assertions="3" time="0.121844"/>
          <testcase name="test_allowed_transitions_are_executed_successfully with data set &quot;iteration_36_from_trial_to_active&quot;" file="E:\coupony-backend\tests\Property\SubscriptionStateMachineTransitionsPropertyTest.php" line="203" class="Tests\Property\SubscriptionStateMachineTransitionsPropertyTest" classname="Tests.Property.SubscriptionStateMachineTransitionsPropertyTest" assertions="3" time="0.037544"/>
          <testcase name="test_allowed_transitions_are_executed_successfully with data set &quot;iteration_37_from_none_to_trial&quot;" file="E:\coupony-backend\tests\Property\SubscriptionStateMachineTransitionsPropertyTest.php" line="203" class="Tests\Property\SubscriptionStateMachineTransitionsPropertyTest" classname="Tests.Property.SubscriptionStateMachineTransitionsPropertyTest" assertions="3" time="0.035333"/>
          <testcase name="test_allowed_transitions_are_executed_successfully with data set &quot;iteration_38_from_none_to_active&quot;" file="E:\coupony-backend\tests\Property\SubscriptionStateMachineTransitionsPropertyTest.php" line="203" class="Tests\Property\SubscriptionStateMachineTransitionsPropertyTest" classname="Tests.Property.SubscriptionStateMachineTransitionsPropertyTest" assertions="3" time="0.035678"/>
          <testcase name="test_allowed_transitions_are_executed_successfully with data set &quot;iteration_39_from_trial_to_active&quot;" file="E:\coupony-backend\tests\Property\SubscriptionStateMachineTransitionsPropertyTest.php" line="203" class="Tests\Property\SubscriptionStateMachineTransitionsPropertyTest" classname="Tests.Property.SubscriptionStateMachineTransitionsPropertyTest" assertions="3" time="0.037363"/>
          <testcase name="test_allowed_transitions_are_executed_successfully with data set &quot;iteration_40_from_none_to_active&quot;" file="E:\coupony-backend\tests\Property\SubscriptionStateMachineTransitionsPropertyTest.php" line="203" class="Tests\Property\SubscriptionStateMachineTransitionsPropertyTest" classname="Tests.Property.SubscriptionStateMachineTransitionsPropertyTest" assertions="3" time="0.037131"/>
          <testcase name="test_allowed_transitions_are_executed_successfully with data set &quot;iteration_41_from_grace_to_degraded&quot;" file="E:\coupony-backend\tests\Property\SubscriptionStateMachineTransitionsPropertyTest.php" line="203" class="Tests\Property\SubscriptionStateMachineTransitionsPropertyTest" classname="Tests.Property.SubscriptionStateMachineTransitionsPropertyTest" assertions="3" time="0.035326"/>
          <testcase name="test_allowed_transitions_are_executed_successfully with data set &quot;iteration_42_from_grace_to_degraded&quot;" file="E:\coupony-backend\tests\Property\SubscriptionStateMachineTransitionsPropertyTest.php" line="203" class="Tests\Property\SubscriptionStateMachineTransitionsPropertyTest" classname="Tests.Property.SubscriptionStateMachineTransitionsPropertyTest" assertions="3" time="0.036443"/>
          <testcase name="test_allowed_transitions_are_executed_successfully with data set &quot;iteration_43_from_suspended_to_archived&quot;" file="E:\coupony-backend\tests\Property\SubscriptionStateMachineTransitionsPropertyTest.php" line="203" class="Tests\Property\SubscriptionStateMachineTransitionsPropertyTest" classname="Tests.Property.SubscriptionStateMachineTransitionsPropertyTest" assertions="3" time="0.037895"/>
          <testcase name="test_allowed_transitions_are_executed_successfully with data set &quot;iteration_44_from_grace_to_degraded&quot;" file="E:\coupony-backend\tests\Property\SubscriptionStateMachineTransitionsPropertyTest.php" line="203" class="Tests\Property\SubscriptionStateMachineTransitionsPropertyTest" classname="Tests.Property.SubscriptionStateMachineTransitionsPropertyTest" assertions="3" time="0.156107"/>
          <testcase name="test_allowed_transitions_are_executed_successfully with data set &quot;iteration_45_from_degraded_to_active&quot;" file="E:\coupony-backend\tests\Property\SubscriptionStateMachineTransitionsPropertyTest.php" line="203" class="Tests\Property\SubscriptionStateMachineTransitionsPropertyTest" classname="Tests.Property.SubscriptionStateMachineTransitionsPropertyTest" assertions="3" time="0.034796"/>
          <testcase name="test_allowed_transitions_are_executed_successfully with data set &quot;iteration_46_from_degraded_to_suspended&quot;" file="E:\coupony-backend\tests\Property\SubscriptionStateMachineTransitionsPropertyTest.php" line="203" class="Tests\Property\SubscriptionStateMachineTransitionsPropertyTest" classname="Tests.Property.SubscriptionStateMachineTransitionsPropertyTest" assertions="3" time="0.034997"/>
          <testcase name="test_allowed_transitions_are_executed_successfully with data set &quot;iteration_47_from_trial_to_none&quot;" file="E:\coupony-backend\tests\Property\SubscriptionStateMachineTransitionsPropertyTest.php" line="203" class="Tests\Property\SubscriptionStateMachineTransitionsPropertyTest" classname="Tests.Property.SubscriptionStateMachineTransitionsPropertyTest" assertions="3" time="0.034113"/>
          <testcase name="test_allowed_transitions_are_executed_successfully with data set &quot;iteration_48_from_degraded_to_active&quot;" file="E:\coupony-backend\tests\Property\SubscriptionStateMachineTransitionsPropertyTest.php" line="203" class="Tests\Property\SubscriptionStateMachineTransitionsPropertyTest" classname="Tests.Property.SubscriptionStateMachineTransitionsPropertyTest" assertions="3" time="0.034057"/>
          <testcase name="test_allowed_transitions_are_executed_successfully with data set &quot;iteration_49_from_none_to_active&quot;" file="E:\coupony-backend\tests\Property\SubscriptionStateMachineTransitionsPropertyTest.php" line="203" class="Tests\Property\SubscriptionStateMachineTransitionsPropertyTest" classname="Tests.Property.SubscriptionStateMachineTransitionsPropertyTest" assertions="3" time="0.036296"/>
          <testcase name="test_allowed_transitions_are_executed_successfully with data set &quot;iteration_50_from_suspended_to_archived&quot;" file="E:\coupony-backend\tests\Property\SubscriptionStateMachineTransitionsPropertyTest.php" line="203" class="Tests\Property\SubscriptionStateMachineTransitionsPropertyTest" classname="Tests.Property.SubscriptionStateMachineTransitionsPropertyTest" assertions="3" time="0.034700"/>
          <testcase name="test_allowed_transitions_are_executed_successfully with data set &quot;iteration_51_from_degraded_to_active&quot;" file="E:\coupony-backend\tests\Property\SubscriptionStateMachineTransitionsPropertyTest.php" line="203" class="Tests\Property\SubscriptionStateMachineTransitionsPropertyTest" classname="Tests.Property.SubscriptionStateMachineTransitionsPropertyTest" assertions="3" time="0.035723"/>
          <testcase name="test_allowed_transitions_are_executed_successfully with data set &quot;iteration_52_from_none_to_active&quot;" file="E:\coupony-backend\tests\Property\SubscriptionStateMachineTransitionsPropertyTest.php" line="203" class="Tests\Property\SubscriptionStateMachineTransitionsPropertyTest" classname="Tests.Property.SubscriptionStateMachineTransitionsPropertyTest" assertions="3" time="0.036129"/>
          <testcase name="test_allowed_transitions_are_executed_successfully with data set &quot;iteration_53_from_suspended_to_active&quot;" file="E:\coupony-backend\tests\Property\SubscriptionStateMachineTransitionsPropertyTest.php" line="203" class="Tests\Property\SubscriptionStateMachineTransitionsPropertyTest" classname="Tests.Property.SubscriptionStateMachineTransitionsPropertyTest" assertions="3" time="0.035684"/>
          <testcase name="test_allowed_transitions_are_executed_successfully with data set &quot;iteration_54_from_active_to_grace&quot;" file="E:\coupony-backend\tests\Property\SubscriptionStateMachineTransitionsPropertyTest.php" line="203" class="Tests\Property\SubscriptionStateMachineTransitionsPropertyTest" classname="Tests.Property.SubscriptionStateMachineTransitionsPropertyTest" assertions="3" time="0.124938"/>
          <testcase name="test_allowed_transitions_are_executed_successfully with data set &quot;iteration_55_from_trial_to_active&quot;" file="E:\coupony-backend\tests\Property\SubscriptionStateMachineTransitionsPropertyTest.php" line="203" class="Tests\Property\SubscriptionStateMachineTransitionsPropertyTest" classname="Tests.Property.SubscriptionStateMachineTransitionsPropertyTest" assertions="3" time="0.036618"/>
          <testcase name="test_allowed_transitions_are_executed_successfully with data set &quot;iteration_56_from_none_to_active&quot;" file="E:\coupony-backend\tests\Property\SubscriptionStateMachineTransitionsPropertyTest.php" line="203" class="Tests\Property\SubscriptionStateMachineTransitionsPropertyTest" classname="Tests.Property.SubscriptionStateMachineTransitionsPropertyTest" assertions="3" time="0.035103"/>
          <testcase name="test_allowed_transitions_are_executed_successfully with data set &quot;iteration_57_from_grace_to_degraded&quot;" file="E:\coupony-backend\tests\Property\SubscriptionStateMachineTransitionsPropertyTest.php" line="203" class="Tests\Property\SubscriptionStateMachineTransitionsPropertyTest" classname="Tests.Property.SubscriptionStateMachineTransitionsPropertyTest" assertions="3" time="0.035687"/>
          <testcase name="test_allowed_transitions_are_executed_successfully with data set &quot;iteration_58_from_degraded_to_suspended&quot;" file="E:\coupony-backend\tests\Property\SubscriptionStateMachineTransitionsPropertyTest.php" line="203" class="Tests\Property\SubscriptionStateMachineTransitionsPropertyTest" classname="Tests.Property.SubscriptionStateMachineTransitionsPropertyTest" assertions="3" time="0.035976"/>
          <testcase name="test_allowed_transitions_are_executed_successfully with data set &quot;iteration_59_from_suspended_to_archived&quot;" file="E:\coupony-backend\tests\Property\SubscriptionStateMachineTransitionsPropertyTest.php" line="203" class="Tests\Property\SubscriptionStateMachineTransitionsPropertyTest" classname="Tests.Property.SubscriptionStateMachineTransitionsPropertyTest" assertions="3" time="0.036443"/>
          <testcase name="test_allowed_transitions_are_executed_successfully with data set &quot;iteration_60_from_grace_to_active&quot;" file="E:\coupony-backend\tests\Property\SubscriptionStateMachineTransitionsPropertyTest.php" line="203" class="Tests\Property\SubscriptionStateMachineTransitionsPropertyTest" classname="Tests.Property.SubscriptionStateMachineTransitionsPropertyTest" assertions="3" time="0.035595"/>
          <testcase name="test_allowed_transitions_are_executed_successfully with data set &quot;iteration_61_from_trial_to_none&quot;" file="E:\coupony-backend\tests\Property\SubscriptionStateMachineTransitionsPropertyTest.php" line="203" class="Tests\Property\SubscriptionStateMachineTransitionsPropertyTest" classname="Tests.Property.SubscriptionStateMachineTransitionsPropertyTest" assertions="3" time="0.036962"/>
          <testcase name="test_allowed_transitions_are_executed_successfully with data set &quot;iteration_62_from_grace_to_degraded&quot;" file="E:\coupony-backend\tests\Property\SubscriptionStateMachineTransitionsPropertyTest.php" line="203" class="Tests\Property\SubscriptionStateMachineTransitionsPropertyTest" classname="Tests.Property.SubscriptionStateMachineTransitionsPropertyTest" assertions="3" time="0.034624"/>
          <testcase name="test_allowed_transitions_are_executed_successfully with data set &quot;iteration_63_from_suspended_to_archived&quot;" file="E:\coupony-backend\tests\Property\SubscriptionStateMachineTransitionsPropertyTest.php" line="203" class="Tests\Property\SubscriptionStateMachineTransitionsPropertyTest" classname="Tests.Property.SubscriptionStateMachineTransitionsPropertyTest" assertions="3" time="0.153582"/>
          <testcase name="test_allowed_transitions_are_executed_successfully with data set &quot;iteration_64_from_trial_to_active&quot;" file="E:\coupony-backend\tests\Property\SubscriptionStateMachineTransitionsPropertyTest.php" line="203" class="Tests\Property\SubscriptionStateMachineTransitionsPropertyTest" classname="Tests.Property.SubscriptionStateMachineTransitionsPropertyTest" assertions="3" time="0.036603"/>
          <testcase name="test_allowed_transitions_are_executed_successfully with data set &quot;iteration_65_from_active_to_grace&quot;" file="E:\coupony-backend\tests\Property\SubscriptionStateMachineTransitionsPropertyTest.php" line="203" class="Tests\Property\SubscriptionStateMachineTransitionsPropertyTest" classname="Tests.Property.SubscriptionStateMachineTransitionsPropertyTest" assertions="3" time="0.035352"/>
          <testcase name="test_allowed_transitions_are_executed_successfully with data set &quot;iteration_66_from_active_to_grace&quot;" file="E:\coupony-backend\tests\Property\SubscriptionStateMachineTransitionsPropertyTest.php" line="203" class="Tests\Property\SubscriptionStateMachineTransitionsPropertyTest" classname="Tests.Property.SubscriptionStateMachineTransitionsPropertyTest" assertions="3" time="0.036591"/>
          <testcase name="test_allowed_transitions_are_executed_successfully with data set &quot;iteration_67_from_suspended_to_archived&quot;" file="E:\coupony-backend\tests\Property\SubscriptionStateMachineTransitionsPropertyTest.php" line="203" class="Tests\Property\SubscriptionStateMachineTransitionsPropertyTest" classname="Tests.Property.SubscriptionStateMachineTransitionsPropertyTest" assertions="3" time="0.037495"/>
          <testcase name="test_allowed_transitions_are_executed_successfully with data set &quot;iteration_68_from_degraded_to_active&quot;" file="E:\coupony-backend\tests\Property\SubscriptionStateMachineTransitionsPropertyTest.php" line="203" class="Tests\Property\SubscriptionStateMachineTransitionsPropertyTest" classname="Tests.Property.SubscriptionStateMachineTransitionsPropertyTest" assertions="3" time="0.035352"/>
          <testcase name="test_allowed_transitions_are_executed_successfully with data set &quot;iteration_69_from_grace_to_active&quot;" file="E:\coupony-backend\tests\Property\SubscriptionStateMachineTransitionsPropertyTest.php" line="203" class="Tests\Property\SubscriptionStateMachineTransitionsPropertyTest" classname="Tests.Property.SubscriptionStateMachineTransitionsPropertyTest" assertions="3" time="0.034509"/>
          <testcase name="test_allowed_transitions_are_executed_successfully with data set &quot;iteration_70_from_none_to_trial&quot;" file="E:\coupony-backend\tests\Property\SubscriptionStateMachineTransitionsPropertyTest.php" line="203" class="Tests\Property\SubscriptionStateMachineTransitionsPropertyTest" classname="Tests.Property.SubscriptionStateMachineTransitionsPropertyTest" assertions="3" time="0.036721"/>
          <testcase name="test_allowed_transitions_are_executed_successfully with data set &quot;iteration_71_from_suspended_to_active&quot;" file="E:\coupony-backend\tests\Property\SubscriptionStateMachineTransitionsPropertyTest.php" line="203" class="Tests\Property\SubscriptionStateMachineTransitionsPropertyTest" classname="Tests.Property.SubscriptionStateMachineTransitionsPropertyTest" assertions="3" time="0.034228"/>
          <testcase name="test_allowed_transitions_are_executed_successfully with data set &quot;iteration_72_from_degraded_to_suspended&quot;" file="E:\coupony-backend\tests\Property\SubscriptionStateMachineTransitionsPropertyTest.php" line="203" class="Tests\Property\SubscriptionStateMachineTransitionsPropertyTest" classname="Tests.Property.SubscriptionStateMachineTransitionsPropertyTest" assertions="3" time="0.034625"/>
          <testcase name="test_allowed_transitions_are_executed_successfully with data set &quot;iteration_73_from_suspended_to_active&quot;" file="E:\coupony-backend\tests\Property\SubscriptionStateMachineTransitionsPropertyTest.php" line="203" class="Tests\Property\SubscriptionStateMachineTransitionsPropertyTest" classname="Tests.Property.SubscriptionStateMachineTransitionsPropertyTest" assertions="3" time="0.124239"/>
          <testcase name="test_allowed_transitions_are_executed_successfully with data set &quot;iteration_74_from_active_to_grace&quot;" file="E:\coupony-backend\tests\Property\SubscriptionStateMachineTransitionsPropertyTest.php" line="203" class="Tests\Property\SubscriptionStateMachineTransitionsPropertyTest" classname="Tests.Property.SubscriptionStateMachineTransitionsPropertyTest" assertions="3" time="0.034385"/>
          <testcase name="test_allowed_transitions_are_executed_successfully with data set &quot;iteration_75_from_grace_to_active&quot;" file="E:\coupony-backend\tests\Property\SubscriptionStateMachineTransitionsPropertyTest.php" line="203" class="Tests\Property\SubscriptionStateMachineTransitionsPropertyTest" classname="Tests.Property.SubscriptionStateMachineTransitionsPropertyTest" assertions="3" time="0.036751"/>
          <testcase name="test_allowed_transitions_are_executed_successfully with data set &quot;iteration_76_from_none_to_active&quot;" file="E:\coupony-backend\tests\Property\SubscriptionStateMachineTransitionsPropertyTest.php" line="203" class="Tests\Property\SubscriptionStateMachineTransitionsPropertyTest" classname="Tests.Property.SubscriptionStateMachineTransitionsPropertyTest" assertions="3" time="0.035792"/>
          <testcase name="test_allowed_transitions_are_executed_successfully with data set &quot;iteration_77_from_degraded_to_active&quot;" file="E:\coupony-backend\tests\Property\SubscriptionStateMachineTransitionsPropertyTest.php" line="203" class="Tests\Property\SubscriptionStateMachineTransitionsPropertyTest" classname="Tests.Property.SubscriptionStateMachineTransitionsPropertyTest" assertions="3" time="0.036674"/>
          <testcase name="test_allowed_transitions_are_executed_successfully with data set &quot;iteration_78_from_degraded_to_suspended&quot;" file="E:\coupony-backend\tests\Property\SubscriptionStateMachineTransitionsPropertyTest.php" line="203" class="Tests\Property\SubscriptionStateMachineTransitionsPropertyTest" classname="Tests.Property.SubscriptionStateMachineTransitionsPropertyTest" assertions="3" time="0.035516"/>
          <testcase name="test_allowed_transitions_are_executed_successfully with data set &quot;iteration_79_from_grace_to_active&quot;" file="E:\coupony-backend\tests\Property\SubscriptionStateMachineTransitionsPropertyTest.php" line="203" class="Tests\Property\SubscriptionStateMachineTransitionsPropertyTest" classname="Tests.Property.SubscriptionStateMachineTransitionsPropertyTest" assertions="3" time="0.036147"/>
          <testcase name="test_allowed_transitions_are_executed_successfully with data set &quot;iteration_80_from_degraded_to_active&quot;" file="E:\coupony-backend\tests\Property\SubscriptionStateMachineTransitionsPropertyTest.php" line="203" class="Tests\Property\SubscriptionStateMachineTransitionsPropertyTest" classname="Tests.Property.SubscriptionStateMachineTransitionsPropertyTest" assertions="3" time="0.036309"/>
          <testcase name="test_allowed_transitions_are_executed_successfully with data set &quot;iteration_81_from_none_to_active&quot;" file="E:\coupony-backend\tests\Property\SubscriptionStateMachineTransitionsPropertyTest.php" line="203" class="Tests\Property\SubscriptionStateMachineTransitionsPropertyTest" classname="Tests.Property.SubscriptionStateMachineTransitionsPropertyTest" assertions="3" time="0.038164"/>
          <testcase name="test_allowed_transitions_are_executed_successfully with data set &quot;iteration_82_from_trial_to_active&quot;" file="E:\coupony-backend\tests\Property\SubscriptionStateMachineTransitionsPropertyTest.php" line="203" class="Tests\Property\SubscriptionStateMachineTransitionsPropertyTest" classname="Tests.Property.SubscriptionStateMachineTransitionsPropertyTest" assertions="3" time="0.195647"/>
          <testcase name="test_allowed_transitions_are_executed_successfully with data set &quot;iteration_83_from_grace_to_degraded&quot;" file="E:\coupony-backend\tests\Property\SubscriptionStateMachineTransitionsPropertyTest.php" line="203" class="Tests\Property\SubscriptionStateMachineTransitionsPropertyTest" classname="Tests.Property.SubscriptionStateMachineTransitionsPropertyTest" assertions="3" time="0.041454"/>
          <testcase name="test_allowed_transitions_are_executed_successfully with data set &quot;iteration_84_from_degraded_to_active&quot;" file="E:\coupony-backend\tests\Property\SubscriptionStateMachineTransitionsPropertyTest.php" line="203" class="Tests\Property\SubscriptionStateMachineTransitionsPropertyTest" classname="Tests.Property.SubscriptionStateMachineTransitionsPropertyTest" assertions="3" time="0.036158"/>
          <testcase name="test_allowed_transitions_are_executed_successfully with data set &quot;iteration_85_from_active_to_grace&quot;" file="E:\coupony-backend\tests\Property\SubscriptionStateMachineTransitionsPropertyTest.php" line="203" class="Tests\Property\SubscriptionStateMachineTransitionsPropertyTest" classname="Tests.Property.SubscriptionStateMachineTransitionsPropertyTest" assertions="3" time="0.072881"/>
          <testcase name="test_allowed_transitions_are_executed_successfully with data set &quot;iteration_86_from_suspended_to_archived&quot;" file="E:\coupony-backend\tests\Property\SubscriptionStateMachineTransitionsPropertyTest.php" line="203" class="Tests\Property\SubscriptionStateMachineTransitionsPropertyTest" classname="Tests.Property.SubscriptionStateMachineTransitionsPropertyTest" assertions="3" time="0.057048"/>
          <testcase name="test_allowed_transitions_are_executed_successfully with data set &quot;iteration_87_from_trial_to_none&quot;" file="E:\coupony-backend\tests\Property\SubscriptionStateMachineTransitionsPropertyTest.php" line="203" class="Tests\Property\SubscriptionStateMachineTransitionsPropertyTest" classname="Tests.Property.SubscriptionStateMachineTransitionsPropertyTest" assertions="3" time="0.034171"/>
          <testcase name="test_allowed_transitions_are_executed_successfully with data set &quot;iteration_88_from_none_to_active&quot;" file="E:\coupony-backend\tests\Property\SubscriptionStateMachineTransitionsPropertyTest.php" line="203" class="Tests\Property\SubscriptionStateMachineTransitionsPropertyTest" classname="Tests.Property.SubscriptionStateMachineTransitionsPropertyTest" assertions="3" time="0.035886"/>
          <testcase name="test_allowed_transitions_are_executed_successfully with data set &quot;iteration_89_from_none_to_active&quot;" file="E:\coupony-backend\tests\Property\SubscriptionStateMachineTransitionsPropertyTest.php" line="203" class="Tests\Property\SubscriptionStateMachineTransitionsPropertyTest" classname="Tests.Property.SubscriptionStateMachineTransitionsPropertyTest" assertions="3" time="0.035685"/>
          <testcase name="test_allowed_transitions_are_executed_successfully with data set &quot;iteration_90_from_suspended_to_archived&quot;" file="E:\coupony-backend\tests\Property\SubscriptionStateMachineTransitionsPropertyTest.php" line="203" class="Tests\Property\SubscriptionStateMachineTransitionsPropertyTest" classname="Tests.Property.SubscriptionStateMachineTransitionsPropertyTest" assertions="3" time="0.043923"/>
          <testcase name="test_allowed_transitions_are_executed_successfully with data set &quot;iteration_91_from_suspended_to_active&quot;" file="E:\coupony-backend\tests\Property\SubscriptionStateMachineTransitionsPropertyTest.php" line="203" class="Tests\Property\SubscriptionStateMachineTransitionsPropertyTest" classname="Tests.Property.SubscriptionStateMachineTransitionsPropertyTest" assertions="3" time="0.035467"/>
          <testcase name="test_allowed_transitions_are_executed_successfully with data set &quot;iteration_92_from_degraded_to_active&quot;" file="E:\coupony-backend\tests\Property\SubscriptionStateMachineTransitionsPropertyTest.php" line="203" class="Tests\Property\SubscriptionStateMachineTransitionsPropertyTest" classname="Tests.Property.SubscriptionStateMachineTransitionsPropertyTest" assertions="3" time="0.123164"/>
          <testcase name="test_allowed_transitions_are_executed_successfully with data set &quot;iteration_93_from_suspended_to_archived&quot;" file="E:\coupony-backend\tests\Property\SubscriptionStateMachineTransitionsPropertyTest.php" line="203" class="Tests\Property\SubscriptionStateMachineTransitionsPropertyTest" classname="Tests.Property.SubscriptionStateMachineTransitionsPropertyTest" assertions="3" time="0.036760"/>
          <testcase name="test_allowed_transitions_are_executed_successfully with data set &quot;iteration_94_from_trial_to_active&quot;" file="E:\coupony-backend\tests\Property\SubscriptionStateMachineTransitionsPropertyTest.php" line="203" class="Tests\Property\SubscriptionStateMachineTransitionsPropertyTest" classname="Tests.Property.SubscriptionStateMachineTransitionsPropertyTest" assertions="3" time="0.037729"/>
          <testcase name="test_allowed_transitions_are_executed_successfully with data set &quot;iteration_95_from_suspended_to_active&quot;" file="E:\coupony-backend\tests\Property\SubscriptionStateMachineTransitionsPropertyTest.php" line="203" class="Tests\Property\SubscriptionStateMachineTransitionsPropertyTest" classname="Tests.Property.SubscriptionStateMachineTransitionsPropertyTest" assertions="3" time="0.036941"/>
          <testcase name="test_allowed_transitions_are_executed_successfully with data set &quot;iteration_96_from_degraded_to_suspended&quot;" file="E:\coupony-backend\tests\Property\SubscriptionStateMachineTransitionsPropertyTest.php" line="203" class="Tests\Property\SubscriptionStateMachineTransitionsPropertyTest" classname="Tests.Property.SubscriptionStateMachineTransitionsPropertyTest" assertions="3" time="0.036839"/>
          <testcase name="test_allowed_transitions_are_executed_successfully with data set &quot;iteration_97_from_degraded_to_suspended&quot;" file="E:\coupony-backend\tests\Property\SubscriptionStateMachineTransitionsPropertyTest.php" line="203" class="Tests\Property\SubscriptionStateMachineTransitionsPropertyTest" classname="Tests.Property.SubscriptionStateMachineTransitionsPropertyTest" assertions="3" time="0.037616"/>
          <testcase name="test_allowed_transitions_are_executed_successfully with data set &quot;iteration_98_from_trial_to_none&quot;" file="E:\coupony-backend\tests\Property\SubscriptionStateMachineTransitionsPropertyTest.php" line="203" class="Tests\Property\SubscriptionStateMachineTransitionsPropertyTest" classname="Tests.Property.SubscriptionStateMachineTransitionsPropertyTest" assertions="3" time="0.035931"/>
          <testcase name="test_allowed_transitions_are_executed_successfully with data set &quot;iteration_99_from_suspended_to_active&quot;" file="E:\coupony-backend\tests\Property\SubscriptionStateMachineTransitionsPropertyTest.php" line="203" class="Tests\Property\SubscriptionStateMachineTransitionsPropertyTest" classname="Tests.Property.SubscriptionStateMachineTransitionsPropertyTest" assertions="3" time="0.036775"/>
        </testsuite>
        <testsuite name="Tests\Property\SubscriptionStateMachineTransitionsPropertyTest::test_disallowed_transitions_are_rejected" tests="100" assertions="200" errors="0" failures="0" skipped="0" time="4.632506">
          <testcase name="test_disallowed_transitions_are_rejected with data set &quot;iteration_0_from_degraded_to_none&quot;" file="E:\coupony-backend\tests\Property\SubscriptionStateMachineTransitionsPropertyTest.php" line="255" class="Tests\Property\SubscriptionStateMachineTransitionsPropertyTest" classname="Tests.Property.SubscriptionStateMachineTransitionsPropertyTest" assertions="2" time="0.036182"/>
          <testcase name="test_disallowed_transitions_are_rejected with data set &quot;iteration_1_from_archived_to_trial&quot;" file="E:\coupony-backend\tests\Property\SubscriptionStateMachineTransitionsPropertyTest.php" line="255" class="Tests\Property\SubscriptionStateMachineTransitionsPropertyTest" classname="Tests.Property.SubscriptionStateMachineTransitionsPropertyTest" assertions="2" time="0.158315"/>
          <testcase name="test_disallowed_transitions_are_rejected with data set &quot;iteration_2_from_grace_to_none&quot;" file="E:\coupony-backend\tests\Property\SubscriptionStateMachineTransitionsPropertyTest.php" line="255" class="Tests\Property\SubscriptionStateMachineTransitionsPropertyTest" classname="Tests.Property.SubscriptionStateMachineTransitionsPropertyTest" assertions="2" time="0.036188"/>
          <testcase name="test_disallowed_transitions_are_rejected with data set &quot;iteration_3_from_archived_to_suspended&quot;" file="E:\coupony-backend\tests\Property\SubscriptionStateMachineTransitionsPropertyTest.php" line="255" class="Tests\Property\SubscriptionStateMachineTransitionsPropertyTest" classname="Tests.Property.SubscriptionStateMachineTransitionsPropertyTest" assertions="2" time="0.033936"/>
          <testcase name="test_disallowed_transitions_are_rejected with data set &quot;iteration_4_from_none_to_archived&quot;" file="E:\coupony-backend\tests\Property\SubscriptionStateMachineTransitionsPropertyTest.php" line="255" class="Tests\Property\SubscriptionStateMachineTransitionsPropertyTest" classname="Tests.Property.SubscriptionStateMachineTransitionsPropertyTest" assertions="2" time="0.039822"/>
          <testcase name="test_disallowed_transitions_are_rejected with data set &quot;iteration_5_from_archived_to_suspended&quot;" file="E:\coupony-backend\tests\Property\SubscriptionStateMachineTransitionsPropertyTest.php" line="255" class="Tests\Property\SubscriptionStateMachineTransitionsPropertyTest" classname="Tests.Property.SubscriptionStateMachineTransitionsPropertyTest" assertions="2" time="0.038556"/>
          <testcase name="test_disallowed_transitions_are_rejected with data set &quot;iteration_6_from_archived_to_suspended&quot;" file="E:\coupony-backend\tests\Property\SubscriptionStateMachineTransitionsPropertyTest.php" line="255" class="Tests\Property\SubscriptionStateMachineTransitionsPropertyTest" classname="Tests.Property.SubscriptionStateMachineTransitionsPropertyTest" assertions="2" time="0.036206"/>
          <testcase name="test_disallowed_transitions_are_rejected with data set &quot;iteration_7_from_active_to_none&quot;" file="E:\coupony-backend\tests\Property\SubscriptionStateMachineTransitionsPropertyTest.php" line="255" class="Tests\Property\SubscriptionStateMachineTransitionsPropertyTest" classname="Tests.Property.SubscriptionStateMachineTransitionsPropertyTest" assertions="2" time="0.038344"/>
          <testcase name="test_disallowed_transitions_are_rejected with data set &quot;iteration_8_from_active_to_trial&quot;" file="E:\coupony-backend\tests\Property\SubscriptionStateMachineTransitionsPropertyTest.php" line="255" class="Tests\Property\SubscriptionStateMachineTransitionsPropertyTest" classname="Tests.Property.SubscriptionStateMachineTransitionsPropertyTest" assertions="2" time="0.033947"/>
          <testcase name="test_disallowed_transitions_are_rejected with data set &quot;iteration_9_from_degraded_to_grace&quot;" file="E:\coupony-backend\tests\Property\SubscriptionStateMachineTransitionsPropertyTest.php" line="255" class="Tests\Property\SubscriptionStateMachineTransitionsPropertyTest" classname="Tests.Property.SubscriptionStateMachineTransitionsPropertyTest" assertions="2" time="0.034425"/>
          <testcase name="test_disallowed_transitions_are_rejected with data set &quot;iteration_10_from_grace_to_trial&quot;" file="E:\coupony-backend\tests\Property\SubscriptionStateMachineTransitionsPropertyTest.php" line="255" class="Tests\Property\SubscriptionStateMachineTransitionsPropertyTest" classname="Tests.Property.SubscriptionStateMachineTransitionsPropertyTest" assertions="2" time="0.151561"/>
          <testcase name="test_disallowed_transitions_are_rejected with data set &quot;iteration_11_from_suspended_to_trial&quot;" file="E:\coupony-backend\tests\Property\SubscriptionStateMachineTransitionsPropertyTest.php" line="255" class="Tests\Property\SubscriptionStateMachineTransitionsPropertyTest" classname="Tests.Property.SubscriptionStateMachineTransitionsPropertyTest" assertions="2" time="0.033118"/>
          <testcase name="test_disallowed_transitions_are_rejected with data set &quot;iteration_12_from_trial_to_archived&quot;" file="E:\coupony-backend\tests\Property\SubscriptionStateMachineTransitionsPropertyTest.php" line="255" class="Tests\Property\SubscriptionStateMachineTransitionsPropertyTest" classname="Tests.Property.SubscriptionStateMachineTransitionsPropertyTest" assertions="2" time="0.034843"/>
          <testcase name="test_disallowed_transitions_are_rejected with data set &quot;iteration_13_from_grace_to_trial&quot;" file="E:\coupony-backend\tests\Property\SubscriptionStateMachineTransitionsPropertyTest.php" line="255" class="Tests\Property\SubscriptionStateMachineTransitionsPropertyTest" classname="Tests.Property.SubscriptionStateMachineTransitionsPropertyTest" assertions="2" time="0.033398"/>
          <testcase name="test_disallowed_transitions_are_rejected with data set &quot;iteration_14_from_archived_to_none&quot;" file="E:\coupony-backend\tests\Property\SubscriptionStateMachineTransitionsPropertyTest.php" line="255" class="Tests\Property\SubscriptionStateMachineTransitionsPropertyTest" classname="Tests.Property.SubscriptionStateMachineTransitionsPropertyTest" assertions="2" time="0.035043"/>
          <testcase name="test_disallowed_transitions_are_rejected with data set &quot;iteration_15_from_none_to_archived&quot;" file="E:\coupony-backend\tests\Property\SubscriptionStateMachineTransitionsPropertyTest.php" line="255" class="Tests\Property\SubscriptionStateMachineTransitionsPropertyTest" classname="Tests.Property.SubscriptionStateMachineTransitionsPropertyTest" assertions="2" time="0.034619"/>
          <testcase name="test_disallowed_transitions_are_rejected with data set &quot;iteration_16_from_archived_to_degraded&quot;" file="E:\coupony-backend\tests\Property\SubscriptionStateMachineTransitionsPropertyTest.php" line="255" class="Tests\Property\SubscriptionStateMachineTransitionsPropertyTest" classname="Tests.Property.SubscriptionStateMachineTransitionsPropertyTest" assertions="2" time="0.034800"/>
          <testcase name="test_disallowed_transitions_are_rejected with data set &quot;iteration_17_from_degraded_to_trial&quot;" file="E:\coupony-backend\tests\Property\SubscriptionStateMachineTransitionsPropertyTest.php" line="255" class="Tests\Property\SubscriptionStateMachineTransitionsPropertyTest" classname="Tests.Property.SubscriptionStateMachineTransitionsPropertyTest" assertions="2" time="0.032942"/>
          <testcase name="test_disallowed_transitions_are_rejected with data set &quot;iteration_18_from_none_to_archived&quot;" file="E:\coupony-backend\tests\Property\SubscriptionStateMachineTransitionsPropertyTest.php" line="255" class="Tests\Property\SubscriptionStateMachineTransitionsPropertyTest" classname="Tests.Property.SubscriptionStateMachineTransitionsPropertyTest" assertions="2" time="0.034591"/>
          <testcase name="test_disallowed_transitions_are_rejected with data set &quot;iteration_19_from_trial_to_grace&quot;" file="E:\coupony-backend\tests\Property\SubscriptionStateMachineTransitionsPropertyTest.php" line="255" class="Tests\Property\SubscriptionStateMachineTransitionsPropertyTest" classname="Tests.Property.SubscriptionStateMachineTransitionsPropertyTest" assertions="2" time="0.035379"/>
          <testcase name="test_disallowed_transitions_are_rejected with data set &quot;iteration_20_from_suspended_to_trial&quot;" file="E:\coupony-backend\tests\Property\SubscriptionStateMachineTransitionsPropertyTest.php" line="255" class="Tests\Property\SubscriptionStateMachineTransitionsPropertyTest" classname="Tests.Property.SubscriptionStateMachineTransitionsPropertyTest" assertions="2" time="0.123444"/>
          <testcase name="test_disallowed_transitions_are_rejected with data set &quot;iteration_21_from_grace_to_archived&quot;" file="E:\coupony-backend\tests\Property\SubscriptionStateMachineTransitionsPropertyTest.php" line="255" class="Tests\Property\SubscriptionStateMachineTransitionsPropertyTest" classname="Tests.Property.SubscriptionStateMachineTransitionsPropertyTest" assertions="2" time="0.034352"/>
          <testcase name="test_disallowed_transitions_are_rejected with data set &quot;iteration_22_from_active_to_trial&quot;" file="E:\coupony-backend\tests\Property\SubscriptionStateMachineTransitionsPropertyTest.php" line="255" class="Tests\Property\SubscriptionStateMachineTransitionsPropertyTest" classname="Tests.Property.SubscriptionStateMachineTransitionsPropertyTest" assertions="2" time="0.032991"/>
          <testcase name="test_disallowed_transitions_are_rejected with data set &quot;iteration_23_from_trial_to_grace&quot;" file="E:\coupony-backend\tests\Property\SubscriptionStateMachineTransitionsPropertyTest.php" line="255" class="Tests\Property\SubscriptionStateMachineTransitionsPropertyTest" classname="Tests.Property.SubscriptionStateMachineTransitionsPropertyTest" assertions="2" time="0.033640"/>
          <testcase name="test_disallowed_transitions_are_rejected with data set &quot;iteration_24_from_trial_to_suspended&quot;" file="E:\coupony-backend\tests\Property\SubscriptionStateMachineTransitionsPropertyTest.php" line="255" class="Tests\Property\SubscriptionStateMachineTransitionsPropertyTest" classname="Tests.Property.SubscriptionStateMachineTransitionsPropertyTest" assertions="2" time="0.033011"/>
          <testcase name="test_disallowed_transitions_are_rejected with data set &quot;iteration_25_from_trial_to_grace&quot;" file="E:\coupony-backend\tests\Property\SubscriptionStateMachineTransitionsPropertyTest.php" line="255" class="Tests\Property\SubscriptionStateMachineTransitionsPropertyTest" classname="Tests.Property.SubscriptionStateMachineTransitionsPropertyTest" assertions="2" time="0.032408"/>
          <testcase name="test_disallowed_transitions_are_rejected with data set &quot;iteration_26_from_archived_to_trial&quot;" file="E:\coupony-backend\tests\Property\SubscriptionStateMachineTransitionsPropertyTest.php" line="255" class="Tests\Property\SubscriptionStateMachineTransitionsPropertyTest" classname="Tests.Property.SubscriptionStateMachineTransitionsPropertyTest" assertions="2" time="0.033824"/>
          <testcase name="test_disallowed_transitions_are_rejected with data set &quot;iteration_27_from_grace_to_archived&quot;" file="E:\coupony-backend\tests\Property\SubscriptionStateMachineTransitionsPropertyTest.php" line="255" class="Tests\Property\SubscriptionStateMachineTransitionsPropertyTest" classname="Tests.Property.SubscriptionStateMachineTransitionsPropertyTest" assertions="2" time="0.034234"/>
          <testcase name="test_disallowed_transitions_are_rejected with data set &quot;iteration_28_from_active_to_none&quot;" file="E:\coupony-backend\tests\Property\SubscriptionStateMachineTransitionsPropertyTest.php" line="255" class="Tests\Property\SubscriptionStateMachineTransitionsPropertyTest" classname="Tests.Property.SubscriptionStateMachineTransitionsPropertyTest" assertions="2" time="0.036649"/>
          <testcase name="test_disallowed_transitions_are_rejected with data set &quot;iteration_29_from_archived_to_active&quot;" file="E:\coupony-backend\tests\Property\SubscriptionStateMachineTransitionsPropertyTest.php" line="255" class="Tests\Property\SubscriptionStateMachineTransitionsPropertyTest" classname="Tests.Property.SubscriptionStateMachineTransitionsPropertyTest" assertions="2" time="0.039166"/>
          <testcase name="test_disallowed_transitions_are_rejected with data set &quot;iteration_30_from_active_to_archived&quot;" file="E:\coupony-backend\tests\Property\SubscriptionStateMachineTransitionsPropertyTest.php" line="255" class="Tests\Property\SubscriptionStateMachineTransitionsPropertyTest" classname="Tests.Property.SubscriptionStateMachineTransitionsPropertyTest" assertions="2" time="0.156172"/>
          <testcase name="test_disallowed_transitions_are_rejected with data set &quot;iteration_31_from_none_to_suspended&quot;" file="E:\coupony-backend\tests\Property\SubscriptionStateMachineTransitionsPropertyTest.php" line="255" class="Tests\Property\SubscriptionStateMachineTransitionsPropertyTest" classname="Tests.Property.SubscriptionStateMachineTransitionsPropertyTest" assertions="2" time="0.033243"/>
          <testcase name="test_disallowed_transitions_are_rejected with data set &quot;iteration_32_from_active_to_none&quot;" file="E:\coupony-backend\tests\Property\SubscriptionStateMachineTransitionsPropertyTest.php" line="255" class="Tests\Property\SubscriptionStateMachineTransitionsPropertyTest" classname="Tests.Property.SubscriptionStateMachineTransitionsPropertyTest" assertions="2" time="0.033065"/>
          <testcase name="test_disallowed_transitions_are_rejected with data set &quot;iteration_33_from_grace_to_archived&quot;" file="E:\coupony-backend\tests\Property\SubscriptionStateMachineTransitionsPropertyTest.php" line="255" class="Tests\Property\SubscriptionStateMachineTransitionsPropertyTest" classname="Tests.Property.SubscriptionStateMachineTransitionsPropertyTest" assertions="2" time="0.032183"/>
          <testcase name="test_disallowed_transitions_are_rejected with data set &quot;iteration_34_from_archived_to_degraded&quot;" file="E:\coupony-backend\tests\Property\SubscriptionStateMachineTransitionsPropertyTest.php" line="255" class="Tests\Property\SubscriptionStateMachineTransitionsPropertyTest" classname="Tests.Property.SubscriptionStateMachineTransitionsPropertyTest" assertions="2" time="0.035085"/>
          <testcase name="test_disallowed_transitions_are_rejected with data set &quot;iteration_35_from_none_to_grace&quot;" file="E:\coupony-backend\tests\Property\SubscriptionStateMachineTransitionsPropertyTest.php" line="255" class="Tests\Property\SubscriptionStateMachineTransitionsPropertyTest" classname="Tests.Property.SubscriptionStateMachineTransitionsPropertyTest" assertions="2" time="0.032945"/>
          <testcase name="test_disallowed_transitions_are_rejected with data set &quot;iteration_36_from_grace_to_suspended&quot;" file="E:\coupony-backend\tests\Property\SubscriptionStateMachineTransitionsPropertyTest.php" line="255" class="Tests\Property\SubscriptionStateMachineTransitionsPropertyTest" classname="Tests.Property.SubscriptionStateMachineTransitionsPropertyTest" assertions="2" time="0.032217"/>
          <testcase name="test_disallowed_transitions_are_rejected with data set &quot;iteration_37_from_none_to_degraded&quot;" file="E:\coupony-backend\tests\Property\SubscriptionStateMachineTransitionsPropertyTest.php" line="255" class="Tests\Property\SubscriptionStateMachineTransitionsPropertyTest" classname="Tests.Property.SubscriptionStateMachineTransitionsPropertyTest" assertions="2" time="0.032963"/>
          <testcase name="test_disallowed_transitions_are_rejected with data set &quot;iteration_38_from_suspended_to_none&quot;" file="E:\coupony-backend\tests\Property\SubscriptionStateMachineTransitionsPropertyTest.php" line="255" class="Tests\Property\SubscriptionStateMachineTransitionsPropertyTest" classname="Tests.Property.SubscriptionStateMachineTransitionsPropertyTest" assertions="2" time="0.034054"/>
          <testcase name="test_disallowed_transitions_are_rejected with data set &quot;iteration_39_from_active_to_archived&quot;" file="E:\coupony-backend\tests\Property\SubscriptionStateMachineTransitionsPropertyTest.php" line="255" class="Tests\Property\SubscriptionStateMachineTransitionsPropertyTest" classname="Tests.Property.SubscriptionStateMachineTransitionsPropertyTest" assertions="2" time="0.032620"/>
          <testcase name="test_disallowed_transitions_are_rejected with data set &quot;iteration_40_from_archived_to_none&quot;" file="E:\coupony-backend\tests\Property\SubscriptionStateMachineTransitionsPropertyTest.php" line="255" class="Tests\Property\SubscriptionStateMachineTransitionsPropertyTest" classname="Tests.Property.SubscriptionStateMachineTransitionsPropertyTest" assertions="2" time="0.152129"/>
          <testcase name="test_disallowed_transitions_are_rejected with data set &quot;iteration_41_from_archived_to_active&quot;" file="E:\coupony-backend\tests\Property\SubscriptionStateMachineTransitionsPropertyTest.php" line="255" class="Tests\Property\SubscriptionStateMachineTransitionsPropertyTest" classname="Tests.Property.SubscriptionStateMachineTransitionsPropertyTest" assertions="2" time="0.035924"/>
          <testcase name="test_disallowed_transitions_are_rejected with data set &quot;iteration_42_from_active_to_trial&quot;" file="E:\coupony-backend\tests\Property\SubscriptionStateMachineTransitionsPropertyTest.php" line="255" class="Tests\Property\SubscriptionStateMachineTransitionsPropertyTest" classname="Tests.Property.SubscriptionStateMachineTransitionsPropertyTest" assertions="2" time="0.035456"/>
          <testcase name="test_disallowed_transitions_are_rejected with data set &quot;iteration_43_from_active_to_suspended&quot;" file="E:\coupony-backend\tests\Property\SubscriptionStateMachineTransitionsPropertyTest.php" line="255" class="Tests\Property\SubscriptionStateMachineTransitionsPropertyTest" classname="Tests.Property.SubscriptionStateMachineTransitionsPropertyTest" assertions="2" time="0.036440"/>
          <testcase name="test_disallowed_transitions_are_rejected with data set &quot;iteration_44_from_archived_to_active&quot;" file="E:\coupony-backend\tests\Property\SubscriptionStateMachineTransitionsPropertyTest.php" line="255" class="Tests\Property\SubscriptionStateMachineTransitionsPropertyTest" classname="Tests.Property.SubscriptionStateMachineTransitionsPropertyTest" assertions="2" time="0.034682"/>
          <testcase name="test_disallowed_transitions_are_rejected with data set &quot;iteration_45_from_active_to_archived&quot;" file="E:\coupony-backend\tests\Property\SubscriptionStateMachineTransitionsPropertyTest.php" line="255" class="Tests\Property\SubscriptionStateMachineTransitionsPropertyTest" classname="Tests.Property.SubscriptionStateMachineTransitionsPropertyTest" assertions="2" time="0.033514"/>
          <testcase name="test_disallowed_transitions_are_rejected with data set &quot;iteration_46_from_trial_to_grace&quot;" file="E:\coupony-backend\tests\Property\SubscriptionStateMachineTransitionsPropertyTest.php" line="255" class="Tests\Property\SubscriptionStateMachineTransitionsPropertyTest" classname="Tests.Property.SubscriptionStateMachineTransitionsPropertyTest" assertions="2" time="0.034915"/>
          <testcase name="test_disallowed_transitions_are_rejected with data set &quot;iteration_47_from_degraded_to_archived&quot;" file="E:\coupony-backend\tests\Property\SubscriptionStateMachineTransitionsPropertyTest.php" line="255" class="Tests\Property\SubscriptionStateMachineTransitionsPropertyTest" classname="Tests.Property.SubscriptionStateMachineTransitionsPropertyTest" assertions="2" time="0.036650"/>
          <testcase name="test_disallowed_transitions_are_rejected with data set &quot;iteration_48_from_active_to_degraded&quot;" file="E:\coupony-backend\tests\Property\SubscriptionStateMachineTransitionsPropertyTest.php" line="255" class="Tests\Property\SubscriptionStateMachineTransitionsPropertyTest" classname="Tests.Property.SubscriptionStateMachineTransitionsPropertyTest" assertions="2" time="0.034628"/>
          <testcase name="test_disallowed_transitions_are_rejected with data set &quot;iteration_49_from_archived_to_grace&quot;" file="E:\coupony-backend\tests\Property\SubscriptionStateMachineTransitionsPropertyTest.php" line="255" class="Tests\Property\SubscriptionStateMachineTransitionsPropertyTest" classname="Tests.Property.SubscriptionStateMachineTransitionsPropertyTest" assertions="2" time="0.034669"/>
          <testcase name="test_disallowed_transitions_are_rejected with data set &quot;iteration_50_from_none_to_degraded&quot;" file="E:\coupony-backend\tests\Property\SubscriptionStateMachineTransitionsPropertyTest.php" line="255" class="Tests\Property\SubscriptionStateMachineTransitionsPropertyTest" classname="Tests.Property.SubscriptionStateMachineTransitionsPropertyTest" assertions="2" time="0.154797"/>
          <testcase name="test_disallowed_transitions_are_rejected with data set &quot;iteration_51_from_trial_to_degraded&quot;" file="E:\coupony-backend\tests\Property\SubscriptionStateMachineTransitionsPropertyTest.php" line="255" class="Tests\Property\SubscriptionStateMachineTransitionsPropertyTest" classname="Tests.Property.SubscriptionStateMachineTransitionsPropertyTest" assertions="2" time="0.035408"/>
          <testcase name="test_disallowed_transitions_are_rejected with data set &quot;iteration_52_from_none_to_degraded&quot;" file="E:\coupony-backend\tests\Property\SubscriptionStateMachineTransitionsPropertyTest.php" line="255" class="Tests\Property\SubscriptionStateMachineTransitionsPropertyTest" classname="Tests.Property.SubscriptionStateMachineTransitionsPropertyTest" assertions="2" time="0.034139"/>
          <testcase name="test_disallowed_transitions_are_rejected with data set &quot;iteration_53_from_trial_to_archived&quot;" file="E:\coupony-backend\tests\Property\SubscriptionStateMachineTransitionsPropertyTest.php" line="255" class="Tests\Property\SubscriptionStateMachineTransitionsPropertyTest" classname="Tests.Property.SubscriptionStateMachineTransitionsPropertyTest" assertions="2" time="0.033609"/>
          <testcase name="test_disallowed_transitions_are_rejected with data set &quot;iteration_54_from_active_to_trial&quot;" file="E:\coupony-backend\tests\Property\SubscriptionStateMachineTransitionsPropertyTest.php" line="255" class="Tests\Property\SubscriptionStateMachineTransitionsPropertyTest" classname="Tests.Property.SubscriptionStateMachineTransitionsPropertyTest" assertions="2" time="0.035733"/>
          <testcase name="test_disallowed_transitions_are_rejected with data set &quot;iteration_55_from_none_to_suspended&quot;" file="E:\coupony-backend\tests\Property\SubscriptionStateMachineTransitionsPropertyTest.php" line="255" class="Tests\Property\SubscriptionStateMachineTransitionsPropertyTest" classname="Tests.Property.SubscriptionStateMachineTransitionsPropertyTest" assertions="2" time="0.035321"/>
          <testcase name="test_disallowed_transitions_are_rejected with data set &quot;iteration_56_from_none_to_suspended&quot;" file="E:\coupony-backend\tests\Property\SubscriptionStateMachineTransitionsPropertyTest.php" line="255" class="Tests\Property\SubscriptionStateMachineTransitionsPropertyTest" classname="Tests.Property.SubscriptionStateMachineTransitionsPropertyTest" assertions="2" time="0.036577"/>
          <testcase name="test_disallowed_transitions_are_rejected with data set &quot;iteration_57_from_suspended_to_trial&quot;" file="E:\coupony-backend\tests\Property\SubscriptionStateMachineTransitionsPropertyTest.php" line="255" class="Tests\Property\SubscriptionStateMachineTransitionsPropertyTest" classname="Tests.Property.SubscriptionStateMachineTransitionsPropertyTest" assertions="2" time="0.035912"/>
          <testcase name="test_disallowed_transitions_are_rejected with data set &quot;iteration_58_from_trial_to_grace&quot;" file="E:\coupony-backend\tests\Property\SubscriptionStateMachineTransitionsPropertyTest.php" line="255" class="Tests\Property\SubscriptionStateMachineTransitionsPropertyTest" classname="Tests.Property.SubscriptionStateMachineTransitionsPropertyTest" assertions="2" time="0.033768"/>
          <testcase name="test_disallowed_transitions_are_rejected with data set &quot;iteration_59_from_grace_to_suspended&quot;" file="E:\coupony-backend\tests\Property\SubscriptionStateMachineTransitionsPropertyTest.php" line="255" class="Tests\Property\SubscriptionStateMachineTransitionsPropertyTest" classname="Tests.Property.SubscriptionStateMachineTransitionsPropertyTest" assertions="2" time="0.034294"/>
          <testcase name="test_disallowed_transitions_are_rejected with data set &quot;iteration_60_from_suspended_to_degraded&quot;" file="E:\coupony-backend\tests\Property\SubscriptionStateMachineTransitionsPropertyTest.php" line="255" class="Tests\Property\SubscriptionStateMachineTransitionsPropertyTest" classname="Tests.Property.SubscriptionStateMachineTransitionsPropertyTest" assertions="2" time="0.156790"/>
          <testcase name="test_disallowed_transitions_are_rejected with data set &quot;iteration_61_from_grace_to_suspended&quot;" file="E:\coupony-backend\tests\Property\SubscriptionStateMachineTransitionsPropertyTest.php" line="255" class="Tests\Property\SubscriptionStateMachineTransitionsPropertyTest" classname="Tests.Property.SubscriptionStateMachineTransitionsPropertyTest" assertions="2" time="0.032487"/>
          <testcase name="test_disallowed_transitions_are_rejected with data set &quot;iteration_62_from_active_to_archived&quot;" file="E:\coupony-backend\tests\Property\SubscriptionStateMachineTransitionsPropertyTest.php" line="255" class="Tests\Property\SubscriptionStateMachineTransitionsPropertyTest" classname="Tests.Property.SubscriptionStateMachineTransitionsPropertyTest" assertions="2" time="0.034789"/>
          <testcase name="test_disallowed_transitions_are_rejected with data set &quot;iteration_63_from_suspended_to_trial&quot;" file="E:\coupony-backend\tests\Property\SubscriptionStateMachineTransitionsPropertyTest.php" line="255" class="Tests\Property\SubscriptionStateMachineTransitionsPropertyTest" classname="Tests.Property.SubscriptionStateMachineTransitionsPropertyTest" assertions="2" time="0.034821"/>
          <testcase name="test_disallowed_transitions_are_rejected with data set &quot;iteration_64_from_suspended_to_grace&quot;" file="E:\coupony-backend\tests\Property\SubscriptionStateMachineTransitionsPropertyTest.php" line="255" class="Tests\Property\SubscriptionStateMachineTransitionsPropertyTest" classname="Tests.Property.SubscriptionStateMachineTransitionsPropertyTest" assertions="2" time="0.033179"/>
          <testcase name="test_disallowed_transitions_are_rejected with data set &quot;iteration_65_from_none_to_suspended&quot;" file="E:\coupony-backend\tests\Property\SubscriptionStateMachineTransitionsPropertyTest.php" line="255" class="Tests\Property\SubscriptionStateMachineTransitionsPropertyTest" classname="Tests.Property.SubscriptionStateMachineTransitionsPropertyTest" assertions="2" time="0.034870"/>
          <testcase name="test_disallowed_transitions_are_rejected with data set &quot;iteration_66_from_grace_to_suspended&quot;" file="E:\coupony-backend\tests\Property\SubscriptionStateMachineTransitionsPropertyTest.php" line="255" class="Tests\Property\SubscriptionStateMachineTransitionsPropertyTest" classname="Tests.Property.SubscriptionStateMachineTransitionsPropertyTest" assertions="2" time="0.034873"/>
          <testcase name="test_disallowed_transitions_are_rejected with data set &quot;iteration_67_from_grace_to_none&quot;" file="E:\coupony-backend\tests\Property\SubscriptionStateMachineTransitionsPropertyTest.php" line="255" class="Tests\Property\SubscriptionStateMachineTransitionsPropertyTest" classname="Tests.Property.SubscriptionStateMachineTransitionsPropertyTest" assertions="2" time="0.033904"/>
          <testcase name="test_disallowed_transitions_are_rejected with data set &quot;iteration_68_from_degraded_to_grace&quot;" file="E:\coupony-backend\tests\Property\SubscriptionStateMachineTransitionsPropertyTest.php" line="255" class="Tests\Property\SubscriptionStateMachineTransitionsPropertyTest" classname="Tests.Property.SubscriptionStateMachineTransitionsPropertyTest" assertions="2" time="0.034923"/>
          <testcase name="test_disallowed_transitions_are_rejected with data set &quot;iteration_69_from_grace_to_none&quot;" file="E:\coupony-backend\tests\Property\SubscriptionStateMachineTransitionsPropertyTest.php" line="255" class="Tests\Property\SubscriptionStateMachineTransitionsPropertyTest" classname="Tests.Property.SubscriptionStateMachineTransitionsPropertyTest" assertions="2" time="0.034062"/>
          <testcase name="test_disallowed_transitions_are_rejected with data set &quot;iteration_70_from_suspended_to_trial&quot;" file="E:\coupony-backend\tests\Property\SubscriptionStateMachineTransitionsPropertyTest.php" line="255" class="Tests\Property\SubscriptionStateMachineTransitionsPropertyTest" classname="Tests.Property.SubscriptionStateMachineTransitionsPropertyTest" assertions="2" time="0.159414"/>
          <testcase name="test_disallowed_transitions_are_rejected with data set &quot;iteration_71_from_degraded_to_none&quot;" file="E:\coupony-backend\tests\Property\SubscriptionStateMachineTransitionsPropertyTest.php" line="255" class="Tests\Property\SubscriptionStateMachineTransitionsPropertyTest" classname="Tests.Property.SubscriptionStateMachineTransitionsPropertyTest" assertions="2" time="0.036200"/>
          <testcase name="test_disallowed_transitions_are_rejected with data set &quot;iteration_72_from_degraded_to_none&quot;" file="E:\coupony-backend\tests\Property\SubscriptionStateMachineTransitionsPropertyTest.php" line="255" class="Tests\Property\SubscriptionStateMachineTransitionsPropertyTest" classname="Tests.Property.SubscriptionStateMachineTransitionsPropertyTest" assertions="2" time="0.033676"/>
          <testcase name="test_disallowed_transitions_are_rejected with data set &quot;iteration_73_from_grace_to_trial&quot;" file="E:\coupony-backend\tests\Property\SubscriptionStateMachineTransitionsPropertyTest.php" line="255" class="Tests\Property\SubscriptionStateMachineTransitionsPropertyTest" classname="Tests.Property.SubscriptionStateMachineTransitionsPropertyTest" assertions="2" time="0.033891"/>
          <testcase name="test_disallowed_transitions_are_rejected with data set &quot;iteration_74_from_none_to_degraded&quot;" file="E:\coupony-backend\tests\Property\SubscriptionStateMachineTransitionsPropertyTest.php" line="255" class="Tests\Property\SubscriptionStateMachineTransitionsPropertyTest" classname="Tests.Property.SubscriptionStateMachineTransitionsPropertyTest" assertions="2" time="0.033329"/>
          <testcase name="test_disallowed_transitions_are_rejected with data set &quot;iteration_75_from_archived_to_grace&quot;" file="E:\coupony-backend\tests\Property\SubscriptionStateMachineTransitionsPropertyTest.php" line="255" class="Tests\Property\SubscriptionStateMachineTransitionsPropertyTest" classname="Tests.Property.SubscriptionStateMachineTransitionsPropertyTest" assertions="2" time="0.033255"/>
          <testcase name="test_disallowed_transitions_are_rejected with data set &quot;iteration_76_from_archived_to_degraded&quot;" file="E:\coupony-backend\tests\Property\SubscriptionStateMachineTransitionsPropertyTest.php" line="255" class="Tests\Property\SubscriptionStateMachineTransitionsPropertyTest" classname="Tests.Property.SubscriptionStateMachineTransitionsPropertyTest" assertions="2" time="0.033981"/>
          <testcase name="test_disallowed_transitions_are_rejected with data set &quot;iteration_77_from_active_to_trial&quot;" file="E:\coupony-backend\tests\Property\SubscriptionStateMachineTransitionsPropertyTest.php" line="255" class="Tests\Property\SubscriptionStateMachineTransitionsPropertyTest" classname="Tests.Property.SubscriptionStateMachineTransitionsPropertyTest" assertions="2" time="0.033348"/>
          <testcase name="test_disallowed_transitions_are_rejected with data set &quot;iteration_78_from_archived_to_active&quot;" file="E:\coupony-backend\tests\Property\SubscriptionStateMachineTransitionsPropertyTest.php" line="255" class="Tests\Property\SubscriptionStateMachineTransitionsPropertyTest" classname="Tests.Property.SubscriptionStateMachineTransitionsPropertyTest" assertions="2" time="0.033097"/>
          <testcase name="test_disallowed_transitions_are_rejected with data set &quot;iteration_79_from_archived_to_none&quot;" file="E:\coupony-backend\tests\Property\SubscriptionStateMachineTransitionsPropertyTest.php" line="255" class="Tests\Property\SubscriptionStateMachineTransitionsPropertyTest" classname="Tests.Property.SubscriptionStateMachineTransitionsPropertyTest" assertions="2" time="0.033464"/>
          <testcase name="test_disallowed_transitions_are_rejected with data set &quot;iteration_80_from_trial_to_grace&quot;" file="E:\coupony-backend\tests\Property\SubscriptionStateMachineTransitionsPropertyTest.php" line="255" class="Tests\Property\SubscriptionStateMachineTransitionsPropertyTest" classname="Tests.Property.SubscriptionStateMachineTransitionsPropertyTest" assertions="2" time="0.157815"/>
          <testcase name="test_disallowed_transitions_are_rejected with data set &quot;iteration_81_from_none_to_grace&quot;" file="E:\coupony-backend\tests\Property\SubscriptionStateMachineTransitionsPropertyTest.php" line="255" class="Tests\Property\SubscriptionStateMachineTransitionsPropertyTest" classname="Tests.Property.SubscriptionStateMachineTransitionsPropertyTest" assertions="2" time="0.034648"/>
          <testcase name="test_disallowed_transitions_are_rejected with data set &quot;iteration_82_from_active_to_degraded&quot;" file="E:\coupony-backend\tests\Property\SubscriptionStateMachineTransitionsPropertyTest.php" line="255" class="Tests\Property\SubscriptionStateMachineTransitionsPropertyTest" classname="Tests.Property.SubscriptionStateMachineTransitionsPropertyTest" assertions="2" time="0.034789"/>
          <testcase name="test_disallowed_transitions_are_rejected with data set &quot;iteration_83_from_degraded_to_trial&quot;" file="E:\coupony-backend\tests\Property\SubscriptionStateMachineTransitionsPropertyTest.php" line="255" class="Tests\Property\SubscriptionStateMachineTransitionsPropertyTest" classname="Tests.Property.SubscriptionStateMachineTransitionsPropertyTest" assertions="2" time="0.032898"/>
          <testcase name="test_disallowed_transitions_are_rejected with data set &quot;iteration_84_from_archived_to_trial&quot;" file="E:\coupony-backend\tests\Property\SubscriptionStateMachineTransitionsPropertyTest.php" line="255" class="Tests\Property\SubscriptionStateMachineTransitionsPropertyTest" classname="Tests.Property.SubscriptionStateMachineTransitionsPropertyTest" assertions="2" time="0.036159"/>
          <testcase name="test_disallowed_transitions_are_rejected with data set &quot;iteration_85_from_grace_to_suspended&quot;" file="E:\coupony-backend\tests\Property\SubscriptionStateMachineTransitionsPropertyTest.php" line="255" class="Tests\Property\SubscriptionStateMachineTransitionsPropertyTest" classname="Tests.Property.SubscriptionStateMachineTransitionsPropertyTest" assertions="2" time="0.035374"/>
          <testcase name="test_disallowed_transitions_are_rejected with data set &quot;iteration_86_from_archived_to_grace&quot;" file="E:\coupony-backend\tests\Property\SubscriptionStateMachineTransitionsPropertyTest.php" line="255" class="Tests\Property\SubscriptionStateMachineTransitionsPropertyTest" classname="Tests.Property.SubscriptionStateMachineTransitionsPropertyTest" assertions="2" time="0.034249"/>
          <testcase name="test_disallowed_transitions_are_rejected with data set &quot;iteration_87_from_none_to_archived&quot;" file="E:\coupony-backend\tests\Property\SubscriptionStateMachineTransitionsPropertyTest.php" line="255" class="Tests\Property\SubscriptionStateMachineTransitionsPropertyTest" classname="Tests.Property.SubscriptionStateMachineTransitionsPropertyTest" assertions="2" time="0.036169"/>
          <testcase name="test_disallowed_transitions_are_rejected with data set &quot;iteration_88_from_grace_to_trial&quot;" file="E:\coupony-backend\tests\Property\SubscriptionStateMachineTransitionsPropertyTest.php" line="255" class="Tests\Property\SubscriptionStateMachineTransitionsPropertyTest" classname="Tests.Property.SubscriptionStateMachineTransitionsPropertyTest" assertions="2" time="0.032757"/>
          <testcase name="test_disallowed_transitions_are_rejected with data set &quot;iteration_89_from_active_to_archived&quot;" file="E:\coupony-backend\tests\Property\SubscriptionStateMachineTransitionsPropertyTest.php" line="255" class="Tests\Property\SubscriptionStateMachineTransitionsPropertyTest" classname="Tests.Property.SubscriptionStateMachineTransitionsPropertyTest" assertions="2" time="0.032332"/>
          <testcase name="test_disallowed_transitions_are_rejected with data set &quot;iteration_90_from_grace_to_suspended&quot;" file="E:\coupony-backend\tests\Property\SubscriptionStateMachineTransitionsPropertyTest.php" line="255" class="Tests\Property\SubscriptionStateMachineTransitionsPropertyTest" classname="Tests.Property.SubscriptionStateMachineTransitionsPropertyTest" assertions="2" time="0.152988"/>
          <testcase name="test_disallowed_transitions_are_rejected with data set &quot;iteration_91_from_suspended_to_grace&quot;" file="E:\coupony-backend\tests\Property\SubscriptionStateMachineTransitionsPropertyTest.php" line="255" class="Tests\Property\SubscriptionStateMachineTransitionsPropertyTest" classname="Tests.Property.SubscriptionStateMachineTransitionsPropertyTest" assertions="2" time="0.032646"/>
          <testcase name="test_disallowed_transitions_are_rejected with data set &quot;iteration_92_from_active_to_archived&quot;" file="E:\coupony-backend\tests\Property\SubscriptionStateMachineTransitionsPropertyTest.php" line="255" class="Tests\Property\SubscriptionStateMachineTransitionsPropertyTest" classname="Tests.Property.SubscriptionStateMachineTransitionsPropertyTest" assertions="2" time="0.034185"/>
          <testcase name="test_disallowed_transitions_are_rejected with data set &quot;iteration_93_from_none_to_degraded&quot;" file="E:\coupony-backend\tests\Property\SubscriptionStateMachineTransitionsPropertyTest.php" line="255" class="Tests\Property\SubscriptionStateMachineTransitionsPropertyTest" classname="Tests.Property.SubscriptionStateMachineTransitionsPropertyTest" assertions="2" time="0.035564"/>
          <testcase name="test_disallowed_transitions_are_rejected with data set &quot;iteration_94_from_trial_to_suspended&quot;" file="E:\coupony-backend\tests\Property\SubscriptionStateMachineTransitionsPropertyTest.php" line="255" class="Tests\Property\SubscriptionStateMachineTransitionsPropertyTest" classname="Tests.Property.SubscriptionStateMachineTransitionsPropertyTest" assertions="2" time="0.033913"/>
          <testcase name="test_disallowed_transitions_are_rejected with data set &quot;iteration_95_from_archived_to_suspended&quot;" file="E:\coupony-backend\tests\Property\SubscriptionStateMachineTransitionsPropertyTest.php" line="255" class="Tests\Property\SubscriptionStateMachineTransitionsPropertyTest" classname="Tests.Property.SubscriptionStateMachineTransitionsPropertyTest" assertions="2" time="0.036466"/>
          <testcase name="test_disallowed_transitions_are_rejected with data set &quot;iteration_96_from_suspended_to_grace&quot;" file="E:\coupony-backend\tests\Property\SubscriptionStateMachineTransitionsPropertyTest.php" line="255" class="Tests\Property\SubscriptionStateMachineTransitionsPropertyTest" classname="Tests.Property.SubscriptionStateMachineTransitionsPropertyTest" assertions="2" time="0.033925"/>
          <testcase name="test_disallowed_transitions_are_rejected with data set &quot;iteration_97_from_grace_to_archived&quot;" file="E:\coupony-backend\tests\Property\SubscriptionStateMachineTransitionsPropertyTest.php" line="255" class="Tests\Property\SubscriptionStateMachineTransitionsPropertyTest" classname="Tests.Property.SubscriptionStateMachineTransitionsPropertyTest" assertions="2" time="0.035268"/>
          <testcase name="test_disallowed_transitions_are_rejected with data set &quot;iteration_98_from_grace_to_none&quot;" file="E:\coupony-backend\tests\Property\SubscriptionStateMachineTransitionsPropertyTest.php" line="255" class="Tests\Property\SubscriptionStateMachineTransitionsPropertyTest" classname="Tests.Property.SubscriptionStateMachineTransitionsPropertyTest" assertions="2" time="0.035849"/>
          <testcase name="test_disallowed_transitions_are_rejected with data set &quot;iteration_99_from_trial_to_grace&quot;" file="E:\coupony-backend\tests\Property\SubscriptionStateMachineTransitionsPropertyTest.php" line="255" class="Tests\Property\SubscriptionStateMachineTransitionsPropertyTest" classname="Tests.Property.SubscriptionStateMachineTransitionsPropertyTest" assertions="2" time="0.033111"/>
        </testsuite>
        <testsuite name="Tests\Property\SubscriptionStateMachineTransitionsPropertyTest::test_valid_transitions_create_audit_log_entry" tests="100" assertions="200" errors="0" failures="0" skipped="0" time="4.807882">
          <testcase name="test_valid_transitions_create_audit_log_entry with data set &quot;iteration_0_from_suspended_to_archived&quot;" file="E:\coupony-backend\tests\Property\SubscriptionStateMachineTransitionsPropertyTest.php" line="293" class="Tests\Property\SubscriptionStateMachineTransitionsPropertyTest" classname="Tests.Property.SubscriptionStateMachineTransitionsPropertyTest" assertions="2" time="0.159999"/>
          <testcase name="test_valid_transitions_create_audit_log_entry with data set &quot;iteration_1_from_grace_to_degraded&quot;" file="E:\coupony-backend\tests\Property\SubscriptionStateMachineTransitionsPropertyTest.php" line="293" class="Tests\Property\SubscriptionStateMachineTransitionsPropertyTest" classname="Tests.Property.SubscriptionStateMachineTransitionsPropertyTest" assertions="2" time="0.034887"/>
          <testcase name="test_valid_transitions_create_audit_log_entry with data set &quot;iteration_2_from_trial_to_active&quot;" file="E:\coupony-backend\tests\Property\SubscriptionStateMachineTransitionsPropertyTest.php" line="293" class="Tests\Property\SubscriptionStateMachineTransitionsPropertyTest" classname="Tests.Property.SubscriptionStateMachineTransitionsPropertyTest" assertions="2" time="0.035343"/>
          <testcase name="test_valid_transitions_create_audit_log_entry with data set &quot;iteration_3_from_active_to_grace&quot;" file="E:\coupony-backend\tests\Property\SubscriptionStateMachineTransitionsPropertyTest.php" line="293" class="Tests\Property\SubscriptionStateMachineTransitionsPropertyTest" classname="Tests.Property.SubscriptionStateMachineTransitionsPropertyTest" assertions="2" time="0.035715"/>
          <testcase name="test_valid_transitions_create_audit_log_entry with data set &quot;iteration_4_from_degraded_to_suspended&quot;" file="E:\coupony-backend\tests\Property\SubscriptionStateMachineTransitionsPropertyTest.php" line="293" class="Tests\Property\SubscriptionStateMachineTransitionsPropertyTest" classname="Tests.Property.SubscriptionStateMachineTransitionsPropertyTest" assertions="2" time="0.034774"/>
          <testcase name="test_valid_transitions_create_audit_log_entry with data set &quot;iteration_5_from_grace_to_active&quot;" file="E:\coupony-backend\tests\Property\SubscriptionStateMachineTransitionsPropertyTest.php" line="293" class="Tests\Property\SubscriptionStateMachineTransitionsPropertyTest" classname="Tests.Property.SubscriptionStateMachineTransitionsPropertyTest" assertions="2" time="0.038268"/>
          <testcase name="test_valid_transitions_create_audit_log_entry with data set &quot;iteration_6_from_none_to_trial&quot;" file="E:\coupony-backend\tests\Property\SubscriptionStateMachineTransitionsPropertyTest.php" line="293" class="Tests\Property\SubscriptionStateMachineTransitionsPropertyTest" classname="Tests.Property.SubscriptionStateMachineTransitionsPropertyTest" assertions="2" time="0.035901"/>
          <testcase name="test_valid_transitions_create_audit_log_entry with data set &quot;iteration_7_from_active_to_grace&quot;" file="E:\coupony-backend\tests\Property\SubscriptionStateMachineTransitionsPropertyTest.php" line="293" class="Tests\Property\SubscriptionStateMachineTransitionsPropertyTest" classname="Tests.Property.SubscriptionStateMachineTransitionsPropertyTest" assertions="2" time="0.037758"/>
          <testcase name="test_valid_transitions_create_audit_log_entry with data set &quot;iteration_8_from_trial_to_none&quot;" file="E:\coupony-backend\tests\Property\SubscriptionStateMachineTransitionsPropertyTest.php" line="293" class="Tests\Property\SubscriptionStateMachineTransitionsPropertyTest" classname="Tests.Property.SubscriptionStateMachineTransitionsPropertyTest" assertions="2" time="0.034607"/>
          <testcase name="test_valid_transitions_create_audit_log_entry with data set &quot;iteration_9_from_trial_to_none&quot;" file="E:\coupony-backend\tests\Property\SubscriptionStateMachineTransitionsPropertyTest.php" line="293" class="Tests\Property\SubscriptionStateMachineTransitionsPropertyTest" classname="Tests.Property.SubscriptionStateMachineTransitionsPropertyTest" assertions="2" time="0.160373"/>
          <testcase name="test_valid_transitions_create_audit_log_entry with data set &quot;iteration_10_from_none_to_active&quot;" file="E:\coupony-backend\tests\Property\SubscriptionStateMachineTransitionsPropertyTest.php" line="293" class="Tests\Property\SubscriptionStateMachineTransitionsPropertyTest" classname="Tests.Property.SubscriptionStateMachineTransitionsPropertyTest" assertions="2" time="0.035673"/>
          <testcase name="test_valid_transitions_create_audit_log_entry with data set &quot;iteration_11_from_none_to_trial&quot;" file="E:\coupony-backend\tests\Property\SubscriptionStateMachineTransitionsPropertyTest.php" line="293" class="Tests\Property\SubscriptionStateMachineTransitionsPropertyTest" classname="Tests.Property.SubscriptionStateMachineTransitionsPropertyTest" assertions="2" time="0.036596"/>
          <testcase name="test_valid_transitions_create_audit_log_entry with data set &quot;iteration_12_from_degraded_to_active&quot;" file="E:\coupony-backend\tests\Property\SubscriptionStateMachineTransitionsPropertyTest.php" line="293" class="Tests\Property\SubscriptionStateMachineTransitionsPropertyTest" classname="Tests.Property.SubscriptionStateMachineTransitionsPropertyTest" assertions="2" time="0.035736"/>
          <testcase name="test_valid_transitions_create_audit_log_entry with data set &quot;iteration_13_from_trial_to_active&quot;" file="E:\coupony-backend\tests\Property\SubscriptionStateMachineTransitionsPropertyTest.php" line="293" class="Tests\Property\SubscriptionStateMachineTransitionsPropertyTest" classname="Tests.Property.SubscriptionStateMachineTransitionsPropertyTest" assertions="2" time="0.041144"/>
          <testcase name="test_valid_transitions_create_audit_log_entry with data set &quot;iteration_14_from_trial_to_active&quot;" file="E:\coupony-backend\tests\Property\SubscriptionStateMachineTransitionsPropertyTest.php" line="293" class="Tests\Property\SubscriptionStateMachineTransitionsPropertyTest" classname="Tests.Property.SubscriptionStateMachineTransitionsPropertyTest" assertions="2" time="0.038733"/>
          <testcase name="test_valid_transitions_create_audit_log_entry with data set &quot;iteration_15_from_trial_to_active&quot;" file="E:\coupony-backend\tests\Property\SubscriptionStateMachineTransitionsPropertyTest.php" line="293" class="Tests\Property\SubscriptionStateMachineTransitionsPropertyTest" classname="Tests.Property.SubscriptionStateMachineTransitionsPropertyTest" assertions="2" time="0.035300"/>
          <testcase name="test_valid_transitions_create_audit_log_entry with data set &quot;iteration_16_from_trial_to_none&quot;" file="E:\coupony-backend\tests\Property\SubscriptionStateMachineTransitionsPropertyTest.php" line="293" class="Tests\Property\SubscriptionStateMachineTransitionsPropertyTest" classname="Tests.Property.SubscriptionStateMachineTransitionsPropertyTest" assertions="2" time="0.036028"/>
          <testcase name="test_valid_transitions_create_audit_log_entry with data set &quot;iteration_17_from_trial_to_active&quot;" file="E:\coupony-backend\tests\Property\SubscriptionStateMachineTransitionsPropertyTest.php" line="293" class="Tests\Property\SubscriptionStateMachineTransitionsPropertyTest" classname="Tests.Property.SubscriptionStateMachineTransitionsPropertyTest" assertions="2" time="0.036261"/>
          <testcase name="test_valid_transitions_create_audit_log_entry with data set &quot;iteration_18_from_trial_to_active&quot;" file="E:\coupony-backend\tests\Property\SubscriptionStateMachineTransitionsPropertyTest.php" line="293" class="Tests\Property\SubscriptionStateMachineTransitionsPropertyTest" classname="Tests.Property.SubscriptionStateMachineTransitionsPropertyTest" assertions="2" time="0.035231"/>
          <testcase name="test_valid_transitions_create_audit_log_entry with data set &quot;iteration_19_from_trial_to_active&quot;" file="E:\coupony-backend\tests\Property\SubscriptionStateMachineTransitionsPropertyTest.php" line="293" class="Tests\Property\SubscriptionStateMachineTransitionsPropertyTest" classname="Tests.Property.SubscriptionStateMachineTransitionsPropertyTest" assertions="2" time="0.127713"/>
          <testcase name="test_valid_transitions_create_audit_log_entry with data set &quot;iteration_20_from_trial_to_active&quot;" file="E:\coupony-backend\tests\Property\SubscriptionStateMachineTransitionsPropertyTest.php" line="293" class="Tests\Property\SubscriptionStateMachineTransitionsPropertyTest" classname="Tests.Property.SubscriptionStateMachineTransitionsPropertyTest" assertions="2" time="0.035815"/>
          <testcase name="test_valid_transitions_create_audit_log_entry with data set &quot;iteration_21_from_suspended_to_active&quot;" file="E:\coupony-backend\tests\Property\SubscriptionStateMachineTransitionsPropertyTest.php" line="293" class="Tests\Property\SubscriptionStateMachineTransitionsPropertyTest" classname="Tests.Property.SubscriptionStateMachineTransitionsPropertyTest" assertions="2" time="0.034989"/>
          <testcase name="test_valid_transitions_create_audit_log_entry with data set &quot;iteration_22_from_none_to_trial&quot;" file="E:\coupony-backend\tests\Property\SubscriptionStateMachineTransitionsPropertyTest.php" line="293" class="Tests\Property\SubscriptionStateMachineTransitionsPropertyTest" classname="Tests.Property.SubscriptionStateMachineTransitionsPropertyTest" assertions="2" time="0.036205"/>
          <testcase name="test_valid_transitions_create_audit_log_entry with data set &quot;iteration_23_from_active_to_grace&quot;" file="E:\coupony-backend\tests\Property\SubscriptionStateMachineTransitionsPropertyTest.php" line="293" class="Tests\Property\SubscriptionStateMachineTransitionsPropertyTest" classname="Tests.Property.SubscriptionStateMachineTransitionsPropertyTest" assertions="2" time="0.033664"/>
          <testcase name="test_valid_transitions_create_audit_log_entry with data set &quot;iteration_24_from_none_to_active&quot;" file="E:\coupony-backend\tests\Property\SubscriptionStateMachineTransitionsPropertyTest.php" line="293" class="Tests\Property\SubscriptionStateMachineTransitionsPropertyTest" classname="Tests.Property.SubscriptionStateMachineTransitionsPropertyTest" assertions="2" time="0.035203"/>
          <testcase name="test_valid_transitions_create_audit_log_entry with data set &quot;iteration_25_from_suspended_to_archived&quot;" file="E:\coupony-backend\tests\Property\SubscriptionStateMachineTransitionsPropertyTest.php" line="293" class="Tests\Property\SubscriptionStateMachineTransitionsPropertyTest" classname="Tests.Property.SubscriptionStateMachineTransitionsPropertyTest" assertions="2" time="0.034788"/>
          <testcase name="test_valid_transitions_create_audit_log_entry with data set &quot;iteration_26_from_grace_to_active&quot;" file="E:\coupony-backend\tests\Property\SubscriptionStateMachineTransitionsPropertyTest.php" line="293" class="Tests\Property\SubscriptionStateMachineTransitionsPropertyTest" classname="Tests.Property.SubscriptionStateMachineTransitionsPropertyTest" assertions="2" time="0.034976"/>
          <testcase name="test_valid_transitions_create_audit_log_entry with data set &quot;iteration_27_from_degraded_to_active&quot;" file="E:\coupony-backend\tests\Property\SubscriptionStateMachineTransitionsPropertyTest.php" line="293" class="Tests\Property\SubscriptionStateMachineTransitionsPropertyTest" classname="Tests.Property.SubscriptionStateMachineTransitionsPropertyTest" assertions="2" time="0.034411"/>
          <testcase name="test_valid_transitions_create_audit_log_entry with data set &quot;iteration_28_from_grace_to_active&quot;" file="E:\coupony-backend\tests\Property\SubscriptionStateMachineTransitionsPropertyTest.php" line="293" class="Tests\Property\SubscriptionStateMachineTransitionsPropertyTest" classname="Tests.Property.SubscriptionStateMachineTransitionsPropertyTest" assertions="2" time="0.157443"/>
          <testcase name="test_valid_transitions_create_audit_log_entry with data set &quot;iteration_29_from_grace_to_degraded&quot;" file="E:\coupony-backend\tests\Property\SubscriptionStateMachineTransitionsPropertyTest.php" line="293" class="Tests\Property\SubscriptionStateMachineTransitionsPropertyTest" classname="Tests.Property.SubscriptionStateMachineTransitionsPropertyTest" assertions="2" time="0.037374"/>
          <testcase name="test_valid_transitions_create_audit_log_entry with data set &quot;iteration_30_from_none_to_trial&quot;" file="E:\coupony-backend\tests\Property\SubscriptionStateMachineTransitionsPropertyTest.php" line="293" class="Tests\Property\SubscriptionStateMachineTransitionsPropertyTest" classname="Tests.Property.SubscriptionStateMachineTransitionsPropertyTest" assertions="2" time="0.038644"/>
          <testcase name="test_valid_transitions_create_audit_log_entry with data set &quot;iteration_31_from_suspended_to_active&quot;" file="E:\coupony-backend\tests\Property\SubscriptionStateMachineTransitionsPropertyTest.php" line="293" class="Tests\Property\SubscriptionStateMachineTransitionsPropertyTest" classname="Tests.Property.SubscriptionStateMachineTransitionsPropertyTest" assertions="2" time="0.039071"/>
          <testcase name="test_valid_transitions_create_audit_log_entry with data set &quot;iteration_32_from_suspended_to_active&quot;" file="E:\coupony-backend\tests\Property\SubscriptionStateMachineTransitionsPropertyTest.php" line="293" class="Tests\Property\SubscriptionStateMachineTransitionsPropertyTest" classname="Tests.Property.SubscriptionStateMachineTransitionsPropertyTest" assertions="2" time="0.038386"/>
          <testcase name="test_valid_transitions_create_audit_log_entry with data set &quot;iteration_33_from_none_to_trial&quot;" file="E:\coupony-backend\tests\Property\SubscriptionStateMachineTransitionsPropertyTest.php" line="293" class="Tests\Property\SubscriptionStateMachineTransitionsPropertyTest" classname="Tests.Property.SubscriptionStateMachineTransitionsPropertyTest" assertions="2" time="0.036017"/>
          <testcase name="test_valid_transitions_create_audit_log_entry with data set &quot;iteration_34_from_active_to_grace&quot;" file="E:\coupony-backend\tests\Property\SubscriptionStateMachineTransitionsPropertyTest.php" line="293" class="Tests\Property\SubscriptionStateMachineTransitionsPropertyTest" classname="Tests.Property.SubscriptionStateMachineTransitionsPropertyTest" assertions="2" time="0.038435"/>
          <testcase name="test_valid_transitions_create_audit_log_entry with data set &quot;iteration_35_from_grace_to_degraded&quot;" file="E:\coupony-backend\tests\Property\SubscriptionStateMachineTransitionsPropertyTest.php" line="293" class="Tests\Property\SubscriptionStateMachineTransitionsPropertyTest" classname="Tests.Property.SubscriptionStateMachineTransitionsPropertyTest" assertions="2" time="0.036572"/>
          <testcase name="test_valid_transitions_create_audit_log_entry with data set &quot;iteration_36_from_degraded_to_suspended&quot;" file="E:\coupony-backend\tests\Property\SubscriptionStateMachineTransitionsPropertyTest.php" line="293" class="Tests\Property\SubscriptionStateMachineTransitionsPropertyTest" classname="Tests.Property.SubscriptionStateMachineTransitionsPropertyTest" assertions="2" time="0.036562"/>
          <testcase name="test_valid_transitions_create_audit_log_entry with data set &quot;iteration_37_from_suspended_to_archived&quot;" file="E:\coupony-backend\tests\Property\SubscriptionStateMachineTransitionsPropertyTest.php" line="293" class="Tests\Property\SubscriptionStateMachineTransitionsPropertyTest" classname="Tests.Property.SubscriptionStateMachineTransitionsPropertyTest" assertions="2" time="0.036662"/>
          <testcase name="test_valid_transitions_create_audit_log_entry with data set &quot;iteration_38_from_grace_to_active&quot;" file="E:\coupony-backend\tests\Property\SubscriptionStateMachineTransitionsPropertyTest.php" line="293" class="Tests\Property\SubscriptionStateMachineTransitionsPropertyTest" classname="Tests.Property.SubscriptionStateMachineTransitionsPropertyTest" assertions="2" time="0.125643"/>
          <testcase name="test_valid_transitions_create_audit_log_entry with data set &quot;iteration_39_from_grace_to_active&quot;" file="E:\coupony-backend\tests\Property\SubscriptionStateMachineTransitionsPropertyTest.php" line="293" class="Tests\Property\SubscriptionStateMachineTransitionsPropertyTest" classname="Tests.Property.SubscriptionStateMachineTransitionsPropertyTest" assertions="2" time="0.035477"/>
          <testcase name="test_valid_transitions_create_audit_log_entry with data set &quot;iteration_40_from_suspended_to_active&quot;" file="E:\coupony-backend\tests\Property\SubscriptionStateMachineTransitionsPropertyTest.php" line="293" class="Tests\Property\SubscriptionStateMachineTransitionsPropertyTest" classname="Tests.Property.SubscriptionStateMachineTransitionsPropertyTest" assertions="2" time="0.034919"/>
          <testcase name="test_valid_transitions_create_audit_log_entry with data set &quot;iteration_41_from_degraded_to_suspended&quot;" file="E:\coupony-backend\tests\Property\SubscriptionStateMachineTransitionsPropertyTest.php" line="293" class="Tests\Property\SubscriptionStateMachineTransitionsPropertyTest" classname="Tests.Property.SubscriptionStateMachineTransitionsPropertyTest" assertions="2" time="0.034340"/>
          <testcase name="test_valid_transitions_create_audit_log_entry with data set &quot;iteration_42_from_degraded_to_suspended&quot;" file="E:\coupony-backend\tests\Property\SubscriptionStateMachineTransitionsPropertyTest.php" line="293" class="Tests\Property\SubscriptionStateMachineTransitionsPropertyTest" classname="Tests.Property.SubscriptionStateMachineTransitionsPropertyTest" assertions="2" time="0.035333"/>
          <testcase name="test_valid_transitions_create_audit_log_entry with data set &quot;iteration_43_from_grace_to_degraded&quot;" file="E:\coupony-backend\tests\Property\SubscriptionStateMachineTransitionsPropertyTest.php" line="293" class="Tests\Property\SubscriptionStateMachineTransitionsPropertyTest" classname="Tests.Property.SubscriptionStateMachineTransitionsPropertyTest" assertions="2" time="0.035140"/>
          <testcase name="test_valid_transitions_create_audit_log_entry with data set &quot;iteration_44_from_trial_to_none&quot;" file="E:\coupony-backend\tests\Property\SubscriptionStateMachineTransitionsPropertyTest.php" line="293" class="Tests\Property\SubscriptionStateMachineTransitionsPropertyTest" classname="Tests.Property.SubscriptionStateMachineTransitionsPropertyTest" assertions="2" time="0.035147"/>
          <testcase name="test_valid_transitions_create_audit_log_entry with data set &quot;iteration_45_from_degraded_to_suspended&quot;" file="E:\coupony-backend\tests\Property\SubscriptionStateMachineTransitionsPropertyTest.php" line="293" class="Tests\Property\SubscriptionStateMachineTransitionsPropertyTest" classname="Tests.Property.SubscriptionStateMachineTransitionsPropertyTest" assertions="2" time="0.034533"/>
          <testcase name="test_valid_transitions_create_audit_log_entry with data set &quot;iteration_46_from_grace_to_active&quot;" file="E:\coupony-backend\tests\Property\SubscriptionStateMachineTransitionsPropertyTest.php" line="293" class="Tests\Property\SubscriptionStateMachineTransitionsPropertyTest" classname="Tests.Property.SubscriptionStateMachineTransitionsPropertyTest" assertions="2" time="0.034199"/>
          <testcase name="test_valid_transitions_create_audit_log_entry with data set &quot;iteration_47_from_trial_to_active&quot;" file="E:\coupony-backend\tests\Property\SubscriptionStateMachineTransitionsPropertyTest.php" line="293" class="Tests\Property\SubscriptionStateMachineTransitionsPropertyTest" classname="Tests.Property.SubscriptionStateMachineTransitionsPropertyTest" assertions="2" time="0.164035"/>
          <testcase name="test_valid_transitions_create_audit_log_entry with data set &quot;iteration_48_from_none_to_trial&quot;" file="E:\coupony-backend\tests\Property\SubscriptionStateMachineTransitionsPropertyTest.php" line="293" class="Tests\Property\SubscriptionStateMachineTransitionsPropertyTest" classname="Tests.Property.SubscriptionStateMachineTransitionsPropertyTest" assertions="2" time="0.035221"/>
          <testcase name="test_valid_transitions_create_audit_log_entry with data set &quot;iteration_49_from_grace_to_degraded&quot;" file="E:\coupony-backend\tests\Property\SubscriptionStateMachineTransitionsPropertyTest.php" line="293" class="Tests\Property\SubscriptionStateMachineTransitionsPropertyTest" classname="Tests.Property.SubscriptionStateMachineTransitionsPropertyTest" assertions="2" time="0.045414"/>
          <testcase name="test_valid_transitions_create_audit_log_entry with data set &quot;iteration_50_from_grace_to_active&quot;" file="E:\coupony-backend\tests\Property\SubscriptionStateMachineTransitionsPropertyTest.php" line="293" class="Tests\Property\SubscriptionStateMachineTransitionsPropertyTest" classname="Tests.Property.SubscriptionStateMachineTransitionsPropertyTest" assertions="2" time="0.039264"/>
          <testcase name="test_valid_transitions_create_audit_log_entry with data set &quot;iteration_51_from_grace_to_active&quot;" file="E:\coupony-backend\tests\Property\SubscriptionStateMachineTransitionsPropertyTest.php" line="293" class="Tests\Property\SubscriptionStateMachineTransitionsPropertyTest" classname="Tests.Property.SubscriptionStateMachineTransitionsPropertyTest" assertions="2" time="0.035047"/>
          <testcase name="test_valid_transitions_create_audit_log_entry with data set &quot;iteration_52_from_trial_to_none&quot;" file="E:\coupony-backend\tests\Property\SubscriptionStateMachineTransitionsPropertyTest.php" line="293" class="Tests\Property\SubscriptionStateMachineTransitionsPropertyTest" classname="Tests.Property.SubscriptionStateMachineTransitionsPropertyTest" assertions="2" time="0.036032"/>
          <testcase name="test_valid_transitions_create_audit_log_entry with data set &quot;iteration_53_from_none_to_active&quot;" file="E:\coupony-backend\tests\Property\SubscriptionStateMachineTransitionsPropertyTest.php" line="293" class="Tests\Property\SubscriptionStateMachineTransitionsPropertyTest" classname="Tests.Property.SubscriptionStateMachineTransitionsPropertyTest" assertions="2" time="0.034856"/>
          <testcase name="test_valid_transitions_create_audit_log_entry with data set &quot;iteration_54_from_trial_to_none&quot;" file="E:\coupony-backend\tests\Property\SubscriptionStateMachineTransitionsPropertyTest.php" line="293" class="Tests\Property\SubscriptionStateMachineTransitionsPropertyTest" classname="Tests.Property.SubscriptionStateMachineTransitionsPropertyTest" assertions="2" time="0.035019"/>
          <testcase name="test_valid_transitions_create_audit_log_entry with data set &quot;iteration_55_from_none_to_active&quot;" file="E:\coupony-backend\tests\Property\SubscriptionStateMachineTransitionsPropertyTest.php" line="293" class="Tests\Property\SubscriptionStateMachineTransitionsPropertyTest" classname="Tests.Property.SubscriptionStateMachineTransitionsPropertyTest" assertions="2" time="0.035849"/>
          <testcase name="test_valid_transitions_create_audit_log_entry with data set &quot;iteration_56_from_trial_to_active&quot;" file="E:\coupony-backend\tests\Property\SubscriptionStateMachineTransitionsPropertyTest.php" line="293" class="Tests\Property\SubscriptionStateMachineTransitionsPropertyTest" classname="Tests.Property.SubscriptionStateMachineTransitionsPropertyTest" assertions="2" time="0.035056"/>
          <testcase name="test_valid_transitions_create_audit_log_entry with data set &quot;iteration_57_from_trial_to_active&quot;" file="E:\coupony-backend\tests\Property\SubscriptionStateMachineTransitionsPropertyTest.php" line="293" class="Tests\Property\SubscriptionStateMachineTransitionsPropertyTest" classname="Tests.Property.SubscriptionStateMachineTransitionsPropertyTest" assertions="2" time="0.126683"/>
          <testcase name="test_valid_transitions_create_audit_log_entry with data set &quot;iteration_58_from_grace_to_degraded&quot;" file="E:\coupony-backend\tests\Property\SubscriptionStateMachineTransitionsPropertyTest.php" line="293" class="Tests\Property\SubscriptionStateMachineTransitionsPropertyTest" classname="Tests.Property.SubscriptionStateMachineTransitionsPropertyTest" assertions="2" time="0.036439"/>
          <testcase name="test_valid_transitions_create_audit_log_entry with data set &quot;iteration_59_from_trial_to_active&quot;" file="E:\coupony-backend\tests\Property\SubscriptionStateMachineTransitionsPropertyTest.php" line="293" class="Tests\Property\SubscriptionStateMachineTransitionsPropertyTest" classname="Tests.Property.SubscriptionStateMachineTransitionsPropertyTest" assertions="2" time="0.034466"/>
          <testcase name="test_valid_transitions_create_audit_log_entry with data set &quot;iteration_60_from_grace_to_degraded&quot;" file="E:\coupony-backend\tests\Property\SubscriptionStateMachineTransitionsPropertyTest.php" line="293" class="Tests\Property\SubscriptionStateMachineTransitionsPropertyTest" classname="Tests.Property.SubscriptionStateMachineTransitionsPropertyTest" assertions="2" time="0.037416"/>
          <testcase name="test_valid_transitions_create_audit_log_entry with data set &quot;iteration_61_from_degraded_to_active&quot;" file="E:\coupony-backend\tests\Property\SubscriptionStateMachineTransitionsPropertyTest.php" line="293" class="Tests\Property\SubscriptionStateMachineTransitionsPropertyTest" classname="Tests.Property.SubscriptionStateMachineTransitionsPropertyTest" assertions="2" time="0.034337"/>
          <testcase name="test_valid_transitions_create_audit_log_entry with data set &quot;iteration_62_from_suspended_to_active&quot;" file="E:\coupony-backend\tests\Property\SubscriptionStateMachineTransitionsPropertyTest.php" line="293" class="Tests\Property\SubscriptionStateMachineTransitionsPropertyTest" classname="Tests.Property.SubscriptionStateMachineTransitionsPropertyTest" assertions="2" time="0.035146"/>
          <testcase name="test_valid_transitions_create_audit_log_entry with data set &quot;iteration_63_from_degraded_to_active&quot;" file="E:\coupony-backend\tests\Property\SubscriptionStateMachineTransitionsPropertyTest.php" line="293" class="Tests\Property\SubscriptionStateMachineTransitionsPropertyTest" classname="Tests.Property.SubscriptionStateMachineTransitionsPropertyTest" assertions="2" time="0.034823"/>
          <testcase name="test_valid_transitions_create_audit_log_entry with data set &quot;iteration_64_from_grace_to_active&quot;" file="E:\coupony-backend\tests\Property\SubscriptionStateMachineTransitionsPropertyTest.php" line="293" class="Tests\Property\SubscriptionStateMachineTransitionsPropertyTest" classname="Tests.Property.SubscriptionStateMachineTransitionsPropertyTest" assertions="2" time="0.035536"/>
          <testcase name="test_valid_transitions_create_audit_log_entry with data set &quot;iteration_65_from_trial_to_none&quot;" file="E:\coupony-backend\tests\Property\SubscriptionStateMachineTransitionsPropertyTest.php" line="293" class="Tests\Property\SubscriptionStateMachineTransitionsPropertyTest" classname="Tests.Property.SubscriptionStateMachineTransitionsPropertyTest" assertions="2" time="0.035557"/>
          <testcase name="test_valid_transitions_create_audit_log_entry with data set &quot;iteration_66_from_active_to_grace&quot;" file="E:\coupony-backend\tests\Property\SubscriptionStateMachineTransitionsPropertyTest.php" line="293" class="Tests\Property\SubscriptionStateMachineTransitionsPropertyTest" classname="Tests.Property.SubscriptionStateMachineTransitionsPropertyTest" assertions="2" time="0.156855"/>
          <testcase name="test_valid_transitions_create_audit_log_entry with data set &quot;iteration_67_from_grace_to_degraded&quot;" file="E:\coupony-backend\tests\Property\SubscriptionStateMachineTransitionsPropertyTest.php" line="293" class="Tests\Property\SubscriptionStateMachineTransitionsPropertyTest" classname="Tests.Property.SubscriptionStateMachineTransitionsPropertyTest" assertions="2" time="0.034544"/>
          <testcase name="test_valid_transitions_create_audit_log_entry with data set &quot;iteration_68_from_trial_to_none&quot;" file="E:\coupony-backend\tests\Property\SubscriptionStateMachineTransitionsPropertyTest.php" line="293" class="Tests\Property\SubscriptionStateMachineTransitionsPropertyTest" classname="Tests.Property.SubscriptionStateMachineTransitionsPropertyTest" assertions="2" time="0.035120"/>
          <testcase name="test_valid_transitions_create_audit_log_entry with data set &quot;iteration_69_from_none_to_active&quot;" file="E:\coupony-backend\tests\Property\SubscriptionStateMachineTransitionsPropertyTest.php" line="293" class="Tests\Property\SubscriptionStateMachineTransitionsPropertyTest" classname="Tests.Property.SubscriptionStateMachineTransitionsPropertyTest" assertions="2" time="0.035638"/>
          <testcase name="test_valid_transitions_create_audit_log_entry with data set &quot;iteration_70_from_none_to_active&quot;" file="E:\coupony-backend\tests\Property\SubscriptionStateMachineTransitionsPropertyTest.php" line="293" class="Tests\Property\SubscriptionStateMachineTransitionsPropertyTest" classname="Tests.Property.SubscriptionStateMachineTransitionsPropertyTest" assertions="2" time="0.038018"/>
          <testcase name="test_valid_transitions_create_audit_log_entry with data set &quot;iteration_71_from_active_to_grace&quot;" file="E:\coupony-backend\tests\Property\SubscriptionStateMachineTransitionsPropertyTest.php" line="293" class="Tests\Property\SubscriptionStateMachineTransitionsPropertyTest" classname="Tests.Property.SubscriptionStateMachineTransitionsPropertyTest" assertions="2" time="0.037156"/>
          <testcase name="test_valid_transitions_create_audit_log_entry with data set &quot;iteration_72_from_trial_to_active&quot;" file="E:\coupony-backend\tests\Property\SubscriptionStateMachineTransitionsPropertyTest.php" line="293" class="Tests\Property\SubscriptionStateMachineTransitionsPropertyTest" classname="Tests.Property.SubscriptionStateMachineTransitionsPropertyTest" assertions="2" time="0.036555"/>
          <testcase name="test_valid_transitions_create_audit_log_entry with data set &quot;iteration_73_from_grace_to_active&quot;" file="E:\coupony-backend\tests\Property\SubscriptionStateMachineTransitionsPropertyTest.php" line="293" class="Tests\Property\SubscriptionStateMachineTransitionsPropertyTest" classname="Tests.Property.SubscriptionStateMachineTransitionsPropertyTest" assertions="2" time="0.035731"/>
          <testcase name="test_valid_transitions_create_audit_log_entry with data set &quot;iteration_74_from_grace_to_degraded&quot;" file="E:\coupony-backend\tests\Property\SubscriptionStateMachineTransitionsPropertyTest.php" line="293" class="Tests\Property\SubscriptionStateMachineTransitionsPropertyTest" classname="Tests.Property.SubscriptionStateMachineTransitionsPropertyTest" assertions="2" time="0.034649"/>
          <testcase name="test_valid_transitions_create_audit_log_entry with data set &quot;iteration_75_from_none_to_active&quot;" file="E:\coupony-backend\tests\Property\SubscriptionStateMachineTransitionsPropertyTest.php" line="293" class="Tests\Property\SubscriptionStateMachineTransitionsPropertyTest" classname="Tests.Property.SubscriptionStateMachineTransitionsPropertyTest" assertions="2" time="0.037279"/>
          <testcase name="test_valid_transitions_create_audit_log_entry with data set &quot;iteration_76_from_active_to_grace&quot;" file="E:\coupony-backend\tests\Property\SubscriptionStateMachineTransitionsPropertyTest.php" line="293" class="Tests\Property\SubscriptionStateMachineTransitionsPropertyTest" classname="Tests.Property.SubscriptionStateMachineTransitionsPropertyTest" assertions="2" time="0.126331"/>
          <testcase name="test_valid_transitions_create_audit_log_entry with data set &quot;iteration_77_from_suspended_to_active&quot;" file="E:\coupony-backend\tests\Property\SubscriptionStateMachineTransitionsPropertyTest.php" line="293" class="Tests\Property\SubscriptionStateMachineTransitionsPropertyTest" classname="Tests.Property.SubscriptionStateMachineTransitionsPropertyTest" assertions="2" time="0.033955"/>
          <testcase name="test_valid_transitions_create_audit_log_entry with data set &quot;iteration_78_from_degraded_to_suspended&quot;" file="E:\coupony-backend\tests\Property\SubscriptionStateMachineTransitionsPropertyTest.php" line="293" class="Tests\Property\SubscriptionStateMachineTransitionsPropertyTest" classname="Tests.Property.SubscriptionStateMachineTransitionsPropertyTest" assertions="2" time="0.039126"/>
          <testcase name="test_valid_transitions_create_audit_log_entry with data set &quot;iteration_79_from_grace_to_active&quot;" file="E:\coupony-backend\tests\Property\SubscriptionStateMachineTransitionsPropertyTest.php" line="293" class="Tests\Property\SubscriptionStateMachineTransitionsPropertyTest" classname="Tests.Property.SubscriptionStateMachineTransitionsPropertyTest" assertions="2" time="0.035037"/>
          <testcase name="test_valid_transitions_create_audit_log_entry with data set &quot;iteration_80_from_none_to_trial&quot;" file="E:\coupony-backend\tests\Property\SubscriptionStateMachineTransitionsPropertyTest.php" line="293" class="Tests\Property\SubscriptionStateMachineTransitionsPropertyTest" classname="Tests.Property.SubscriptionStateMachineTransitionsPropertyTest" assertions="2" time="0.037161"/>
          <testcase name="test_valid_transitions_create_audit_log_entry with data set &quot;iteration_81_from_grace_to_degraded&quot;" file="E:\coupony-backend\tests\Property\SubscriptionStateMachineTransitionsPropertyTest.php" line="293" class="Tests\Property\SubscriptionStateMachineTransitionsPropertyTest" classname="Tests.Property.SubscriptionStateMachineTransitionsPropertyTest" assertions="2" time="0.036445"/>
          <testcase name="test_valid_transitions_create_audit_log_entry with data set &quot;iteration_82_from_none_to_active&quot;" file="E:\coupony-backend\tests\Property\SubscriptionStateMachineTransitionsPropertyTest.php" line="293" class="Tests\Property\SubscriptionStateMachineTransitionsPropertyTest" classname="Tests.Property.SubscriptionStateMachineTransitionsPropertyTest" assertions="2" time="0.036188"/>
          <testcase name="test_valid_transitions_create_audit_log_entry with data set &quot;iteration_83_from_grace_to_active&quot;" file="E:\coupony-backend\tests\Property\SubscriptionStateMachineTransitionsPropertyTest.php" line="293" class="Tests\Property\SubscriptionStateMachineTransitionsPropertyTest" classname="Tests.Property.SubscriptionStateMachineTransitionsPropertyTest" assertions="2" time="0.035756"/>
          <testcase name="test_valid_transitions_create_audit_log_entry with data set &quot;iteration_84_from_suspended_to_active&quot;" file="E:\coupony-backend\tests\Property\SubscriptionStateMachineTransitionsPropertyTest.php" line="293" class="Tests\Property\SubscriptionStateMachineTransitionsPropertyTest" classname="Tests.Property.SubscriptionStateMachineTransitionsPropertyTest" assertions="2" time="0.034679"/>
          <testcase name="test_valid_transitions_create_audit_log_entry with data set &quot;iteration_85_from_trial_to_none&quot;" file="E:\coupony-backend\tests\Property\SubscriptionStateMachineTransitionsPropertyTest.php" line="293" class="Tests\Property\SubscriptionStateMachineTransitionsPropertyTest" classname="Tests.Property.SubscriptionStateMachineTransitionsPropertyTest" assertions="2" time="0.162550"/>
          <testcase name="test_valid_transitions_create_audit_log_entry with data set &quot;iteration_86_from_grace_to_active&quot;" file="E:\coupony-backend\tests\Property\SubscriptionStateMachineTransitionsPropertyTest.php" line="293" class="Tests\Property\SubscriptionStateMachineTransitionsPropertyTest" classname="Tests.Property.SubscriptionStateMachineTransitionsPropertyTest" assertions="2" time="0.036616"/>
          <testcase name="test_valid_transitions_create_audit_log_entry with data set &quot;iteration_87_from_trial_to_none&quot;" file="E:\coupony-backend\tests\Property\SubscriptionStateMachineTransitionsPropertyTest.php" line="293" class="Tests\Property\SubscriptionStateMachineTransitionsPropertyTest" classname="Tests.Property.SubscriptionStateMachineTransitionsPropertyTest" assertions="2" time="0.034695"/>
          <testcase name="test_valid_transitions_create_audit_log_entry with data set &quot;iteration_88_from_trial_to_none&quot;" file="E:\coupony-backend\tests\Property\SubscriptionStateMachineTransitionsPropertyTest.php" line="293" class="Tests\Property\SubscriptionStateMachineTransitionsPropertyTest" classname="Tests.Property.SubscriptionStateMachineTransitionsPropertyTest" assertions="2" time="0.036553"/>
          <testcase name="test_valid_transitions_create_audit_log_entry with data set &quot;iteration_89_from_degraded_to_suspended&quot;" file="E:\coupony-backend\tests\Property\SubscriptionStateMachineTransitionsPropertyTest.php" line="293" class="Tests\Property\SubscriptionStateMachineTransitionsPropertyTest" classname="Tests.Property.SubscriptionStateMachineTransitionsPropertyTest" assertions="2" time="0.034676"/>
          <testcase name="test_valid_transitions_create_audit_log_entry with data set &quot;iteration_90_from_grace_to_active&quot;" file="E:\coupony-backend\tests\Property\SubscriptionStateMachineTransitionsPropertyTest.php" line="293" class="Tests\Property\SubscriptionStateMachineTransitionsPropertyTest" classname="Tests.Property.SubscriptionStateMachineTransitionsPropertyTest" assertions="2" time="0.036626"/>
          <testcase name="test_valid_transitions_create_audit_log_entry with data set &quot;iteration_91_from_trial_to_none&quot;" file="E:\coupony-backend\tests\Property\SubscriptionStateMachineTransitionsPropertyTest.php" line="293" class="Tests\Property\SubscriptionStateMachineTransitionsPropertyTest" classname="Tests.Property.SubscriptionStateMachineTransitionsPropertyTest" assertions="2" time="0.034584"/>
          <testcase name="test_valid_transitions_create_audit_log_entry with data set &quot;iteration_92_from_grace_to_degraded&quot;" file="E:\coupony-backend\tests\Property\SubscriptionStateMachineTransitionsPropertyTest.php" line="293" class="Tests\Property\SubscriptionStateMachineTransitionsPropertyTest" classname="Tests.Property.SubscriptionStateMachineTransitionsPropertyTest" assertions="2" time="0.037787"/>
          <testcase name="test_valid_transitions_create_audit_log_entry with data set &quot;iteration_93_from_suspended_to_archived&quot;" file="E:\coupony-backend\tests\Property\SubscriptionStateMachineTransitionsPropertyTest.php" line="293" class="Tests\Property\SubscriptionStateMachineTransitionsPropertyTest" classname="Tests.Property.SubscriptionStateMachineTransitionsPropertyTest" assertions="2" time="0.034894"/>
          <testcase name="test_valid_transitions_create_audit_log_entry with data set &quot;iteration_94_from_degraded_to_suspended&quot;" file="E:\coupony-backend\tests\Property\SubscriptionStateMachineTransitionsPropertyTest.php" line="293" class="Tests\Property\SubscriptionStateMachineTransitionsPropertyTest" classname="Tests.Property.SubscriptionStateMachineTransitionsPropertyTest" assertions="2" time="0.036514"/>
          <testcase name="test_valid_transitions_create_audit_log_entry with data set &quot;iteration_95_from_grace_to_active&quot;" file="E:\coupony-backend\tests\Property\SubscriptionStateMachineTransitionsPropertyTest.php" line="293" class="Tests\Property\SubscriptionStateMachineTransitionsPropertyTest" classname="Tests.Property.SubscriptionStateMachineTransitionsPropertyTest" assertions="2" time="0.128442"/>
          <testcase name="test_valid_transitions_create_audit_log_entry with data set &quot;iteration_96_from_active_to_grace&quot;" file="E:\coupony-backend\tests\Property\SubscriptionStateMachineTransitionsPropertyTest.php" line="293" class="Tests\Property\SubscriptionStateMachineTransitionsPropertyTest" classname="Tests.Property.SubscriptionStateMachineTransitionsPropertyTest" assertions="2" time="0.036072"/>
          <testcase name="test_valid_transitions_create_audit_log_entry with data set &quot;iteration_97_from_none_to_active&quot;" file="E:\coupony-backend\tests\Property\SubscriptionStateMachineTransitionsPropertyTest.php" line="293" class="Tests\Property\SubscriptionStateMachineTransitionsPropertyTest" classname="Tests.Property.SubscriptionStateMachineTransitionsPropertyTest" assertions="2" time="0.036063"/>
          <testcase name="test_valid_transitions_create_audit_log_entry with data set &quot;iteration_98_from_degraded_to_suspended&quot;" file="E:\coupony-backend\tests\Property\SubscriptionStateMachineTransitionsPropertyTest.php" line="293" class="Tests\Property\SubscriptionStateMachineTransitionsPropertyTest" classname="Tests.Property.SubscriptionStateMachineTransitionsPropertyTest" assertions="2" time="0.037328"/>
          <testcase name="test_valid_transitions_create_audit_log_entry with data set &quot;iteration_99_from_degraded_to_suspended&quot;" file="E:\coupony-backend\tests\Property\SubscriptionStateMachineTransitionsPropertyTest.php" line="293" class="Tests\Property\SubscriptionStateMachineTransitionsPropertyTest" classname="Tests.Property.SubscriptionStateMachineTransitionsPropertyTest" assertions="2" time="0.036073"/>
        </testsuite>
        <testsuite name="Tests\Property\SubscriptionStateMachineTransitionsPropertyTest::test_lifecycle_transitions_execute_correctly_when_period_expired" tests="100" assertions="400" errors="0" failures="0" skipped="0" time="4.816786">
          <testcase name="test_lifecycle_transitions_execute_correctly_when_period_expired with data set &quot;iteration_0_active_to_grace_expired_54d&quot;" file="E:\coupony-backend\tests\Property\SubscriptionStateMachineTransitionsPropertyTest.php" line="344" class="Tests\Property\SubscriptionStateMachineTransitionsPropertyTest" classname="Tests.Property.SubscriptionStateMachineTransitionsPropertyTest" assertions="4" time="0.034339"/>
          <testcase name="test_lifecycle_transitions_execute_correctly_when_period_expired with data set &quot;iteration_1_grace_to_degraded_expired_14d&quot;" file="E:\coupony-backend\tests\Property\SubscriptionStateMachineTransitionsPropertyTest.php" line="344" class="Tests\Property\SubscriptionStateMachineTransitionsPropertyTest" classname="Tests.Property.SubscriptionStateMachineTransitionsPropertyTest" assertions="4" time="0.034459"/>
          <testcase name="test_lifecycle_transitions_execute_correctly_when_period_expired with data set &quot;iteration_2_grace_to_degraded_expired_44d&quot;" file="E:\coupony-backend\tests\Property\SubscriptionStateMachineTransitionsPropertyTest.php" line="344" class="Tests\Property\SubscriptionStateMachineTransitionsPropertyTest" classname="Tests.Property.SubscriptionStateMachineTransitionsPropertyTest" assertions="4" time="0.035550"/>
          <testcase name="test_lifecycle_transitions_execute_correctly_when_period_expired with data set &quot;iteration_3_grace_to_degraded_expired_11d&quot;" file="E:\coupony-backend\tests\Property\SubscriptionStateMachineTransitionsPropertyTest.php" line="344" class="Tests\Property\SubscriptionStateMachineTransitionsPropertyTest" classname="Tests.Property.SubscriptionStateMachineTransitionsPropertyTest" assertions="4" time="0.035402"/>
          <testcase name="test_lifecycle_transitions_execute_correctly_when_period_expired with data set &quot;iteration_4_active_to_grace_expired_31d&quot;" file="E:\coupony-backend\tests\Property\SubscriptionStateMachineTransitionsPropertyTest.php" line="344" class="Tests\Property\SubscriptionStateMachineTransitionsPropertyTest" classname="Tests.Property.SubscriptionStateMachineTransitionsPropertyTest" assertions="4" time="0.159094"/>
          <testcase name="test_lifecycle_transitions_execute_correctly_when_period_expired with data set &quot;iteration_5_active_to_grace_expired_33d&quot;" file="E:\coupony-backend\tests\Property\SubscriptionStateMachineTransitionsPropertyTest.php" line="344" class="Tests\Property\SubscriptionStateMachineTransitionsPropertyTest" classname="Tests.Property.SubscriptionStateMachineTransitionsPropertyTest" assertions="4" time="0.035247"/>
          <testcase name="test_lifecycle_transitions_execute_correctly_when_period_expired with data set &quot;iteration_6_degraded_to_suspended_expired_6d&quot;" file="E:\coupony-backend\tests\Property\SubscriptionStateMachineTransitionsPropertyTest.php" line="344" class="Tests\Property\SubscriptionStateMachineTransitionsPropertyTest" classname="Tests.Property.SubscriptionStateMachineTransitionsPropertyTest" assertions="4" time="0.036234"/>
          <testcase name="test_lifecycle_transitions_execute_correctly_when_period_expired with data set &quot;iteration_7_degraded_to_suspended_expired_46d&quot;" file="E:\coupony-backend\tests\Property\SubscriptionStateMachineTransitionsPropertyTest.php" line="344" class="Tests\Property\SubscriptionStateMachineTransitionsPropertyTest" classname="Tests.Property.SubscriptionStateMachineTransitionsPropertyTest" assertions="4" time="0.036963"/>
          <testcase name="test_lifecycle_transitions_execute_correctly_when_period_expired with data set &quot;iteration_8_active_to_grace_expired_2d&quot;" file="E:\coupony-backend\tests\Property\SubscriptionStateMachineTransitionsPropertyTest.php" line="344" class="Tests\Property\SubscriptionStateMachineTransitionsPropertyTest" classname="Tests.Property.SubscriptionStateMachineTransitionsPropertyTest" assertions="4" time="0.034411"/>
          <testcase name="test_lifecycle_transitions_execute_correctly_when_period_expired with data set &quot;iteration_9_degraded_to_suspended_expired_28d&quot;" file="E:\coupony-backend\tests\Property\SubscriptionStateMachineTransitionsPropertyTest.php" line="344" class="Tests\Property\SubscriptionStateMachineTransitionsPropertyTest" classname="Tests.Property.SubscriptionStateMachineTransitionsPropertyTest" assertions="4" time="0.036291"/>
          <testcase name="test_lifecycle_transitions_execute_correctly_when_period_expired with data set &quot;iteration_10_active_to_grace_expired_22d&quot;" file="E:\coupony-backend\tests\Property\SubscriptionStateMachineTransitionsPropertyTest.php" line="344" class="Tests\Property\SubscriptionStateMachineTransitionsPropertyTest" classname="Tests.Property.SubscriptionStateMachineTransitionsPropertyTest" assertions="4" time="0.036090"/>
          <testcase name="test_lifecycle_transitions_execute_correctly_when_period_expired with data set &quot;iteration_11_grace_to_degraded_expired_9d&quot;" file="E:\coupony-backend\tests\Property\SubscriptionStateMachineTransitionsPropertyTest.php" line="344" class="Tests\Property\SubscriptionStateMachineTransitionsPropertyTest" classname="Tests.Property.SubscriptionStateMachineTransitionsPropertyTest" assertions="4" time="0.036316"/>
          <testcase name="test_lifecycle_transitions_execute_correctly_when_period_expired with data set &quot;iteration_12_degraded_to_suspended_expired_18d&quot;" file="E:\coupony-backend\tests\Property\SubscriptionStateMachineTransitionsPropertyTest.php" line="344" class="Tests\Property\SubscriptionStateMachineTransitionsPropertyTest" classname="Tests.Property.SubscriptionStateMachineTransitionsPropertyTest" assertions="4" time="0.037117"/>
          <testcase name="test_lifecycle_transitions_execute_correctly_when_period_expired with data set &quot;iteration_13_active_to_grace_expired_31d&quot;" file="E:\coupony-backend\tests\Property\SubscriptionStateMachineTransitionsPropertyTest.php" line="344" class="Tests\Property\SubscriptionStateMachineTransitionsPropertyTest" classname="Tests.Property.SubscriptionStateMachineTransitionsPropertyTest" assertions="4" time="0.160496"/>
          <testcase name="test_lifecycle_transitions_execute_correctly_when_period_expired with data set &quot;iteration_14_grace_to_degraded_expired_43d&quot;" file="E:\coupony-backend\tests\Property\SubscriptionStateMachineTransitionsPropertyTest.php" line="344" class="Tests\Property\SubscriptionStateMachineTransitionsPropertyTest" classname="Tests.Property.SubscriptionStateMachineTransitionsPropertyTest" assertions="4" time="0.037289"/>
          <testcase name="test_lifecycle_transitions_execute_correctly_when_period_expired with data set &quot;iteration_15_grace_to_degraded_expired_19d&quot;" file="E:\coupony-backend\tests\Property\SubscriptionStateMachineTransitionsPropertyTest.php" line="344" class="Tests\Property\SubscriptionStateMachineTransitionsPropertyTest" classname="Tests.Property.SubscriptionStateMachineTransitionsPropertyTest" assertions="4" time="0.035963"/>
          <testcase name="test_lifecycle_transitions_execute_correctly_when_period_expired with data set &quot;iteration_16_grace_to_degraded_expired_52d&quot;" file="E:\coupony-backend\tests\Property\SubscriptionStateMachineTransitionsPropertyTest.php" line="344" class="Tests\Property\SubscriptionStateMachineTransitionsPropertyTest" classname="Tests.Property.SubscriptionStateMachineTransitionsPropertyTest" assertions="4" time="0.035159"/>
          <testcase name="test_lifecycle_transitions_execute_correctly_when_period_expired with data set &quot;iteration_17_active_to_grace_expired_38d&quot;" file="E:\coupony-backend\tests\Property\SubscriptionStateMachineTransitionsPropertyTest.php" line="344" class="Tests\Property\SubscriptionStateMachineTransitionsPropertyTest" classname="Tests.Property.SubscriptionStateMachineTransitionsPropertyTest" assertions="4" time="0.035471"/>
          <testcase name="test_lifecycle_transitions_execute_correctly_when_period_expired with data set &quot;iteration_18_degraded_to_suspended_expired_26d&quot;" file="E:\coupony-backend\tests\Property\SubscriptionStateMachineTransitionsPropertyTest.php" line="344" class="Tests\Property\SubscriptionStateMachineTransitionsPropertyTest" classname="Tests.Property.SubscriptionStateMachineTransitionsPropertyTest" assertions="4" time="0.035974"/>
          <testcase name="test_lifecycle_transitions_execute_correctly_when_period_expired with data set &quot;iteration_19_grace_to_degraded_expired_57d&quot;" file="E:\coupony-backend\tests\Property\SubscriptionStateMachineTransitionsPropertyTest.php" line="344" class="Tests\Property\SubscriptionStateMachineTransitionsPropertyTest" classname="Tests.Property.SubscriptionStateMachineTransitionsPropertyTest" assertions="4" time="0.036011"/>
          <testcase name="test_lifecycle_transitions_execute_correctly_when_period_expired with data set &quot;iteration_20_active_to_grace_expired_36d&quot;" file="E:\coupony-backend\tests\Property\SubscriptionStateMachineTransitionsPropertyTest.php" line="344" class="Tests\Property\SubscriptionStateMachineTransitionsPropertyTest" classname="Tests.Property.SubscriptionStateMachineTransitionsPropertyTest" assertions="4" time="0.035276"/>
          <testcase name="test_lifecycle_transitions_execute_correctly_when_period_expired with data set &quot;iteration_21_degraded_to_suspended_expired_60d&quot;" file="E:\coupony-backend\tests\Property\SubscriptionStateMachineTransitionsPropertyTest.php" line="344" class="Tests\Property\SubscriptionStateMachineTransitionsPropertyTest" classname="Tests.Property.SubscriptionStateMachineTransitionsPropertyTest" assertions="4" time="0.035174"/>
          <testcase name="test_lifecycle_transitions_execute_correctly_when_period_expired with data set &quot;iteration_22_active_to_grace_expired_46d&quot;" file="E:\coupony-backend\tests\Property\SubscriptionStateMachineTransitionsPropertyTest.php" line="344" class="Tests\Property\SubscriptionStateMachineTransitionsPropertyTest" classname="Tests.Property.SubscriptionStateMachineTransitionsPropertyTest" assertions="4" time="0.034496"/>
          <testcase name="test_lifecycle_transitions_execute_correctly_when_period_expired with data set &quot;iteration_23_active_to_grace_expired_58d&quot;" file="E:\coupony-backend\tests\Property\SubscriptionStateMachineTransitionsPropertyTest.php" line="344" class="Tests\Property\SubscriptionStateMachineTransitionsPropertyTest" classname="Tests.Property.SubscriptionStateMachineTransitionsPropertyTest" assertions="4" time="0.129796"/>
          <testcase name="test_lifecycle_transitions_execute_correctly_when_period_expired with data set &quot;iteration_24_degraded_to_suspended_expired_12d&quot;" file="E:\coupony-backend\tests\Property\SubscriptionStateMachineTransitionsPropertyTest.php" line="344" class="Tests\Property\SubscriptionStateMachineTransitionsPropertyTest" classname="Tests.Property.SubscriptionStateMachineTransitionsPropertyTest" assertions="4" time="0.034050"/>
          <testcase name="test_lifecycle_transitions_execute_correctly_when_period_expired with data set &quot;iteration_25_grace_to_degraded_expired_1d&quot;" file="E:\coupony-backend\tests\Property\SubscriptionStateMachineTransitionsPropertyTest.php" line="344" class="Tests\Property\SubscriptionStateMachineTransitionsPropertyTest" classname="Tests.Property.SubscriptionStateMachineTransitionsPropertyTest" assertions="4" time="0.035437"/>
          <testcase name="test_lifecycle_transitions_execute_correctly_when_period_expired with data set &quot;iteration_26_degraded_to_suspended_expired_54d&quot;" file="E:\coupony-backend\tests\Property\SubscriptionStateMachineTransitionsPropertyTest.php" line="344" class="Tests\Property\SubscriptionStateMachineTransitionsPropertyTest" classname="Tests.Property.SubscriptionStateMachineTransitionsPropertyTest" assertions="4" time="0.035117"/>
          <testcase name="test_lifecycle_transitions_execute_correctly_when_period_expired with data set &quot;iteration_27_degraded_to_suspended_expired_33d&quot;" file="E:\coupony-backend\tests\Property\SubscriptionStateMachineTransitionsPropertyTest.php" line="344" class="Tests\Property\SubscriptionStateMachineTransitionsPropertyTest" classname="Tests.Property.SubscriptionStateMachineTransitionsPropertyTest" assertions="4" time="0.036433"/>
          <testcase name="test_lifecycle_transitions_execute_correctly_when_period_expired with data set &quot;iteration_28_active_to_grace_expired_21d&quot;" file="E:\coupony-backend\tests\Property\SubscriptionStateMachineTransitionsPropertyTest.php" line="344" class="Tests\Property\SubscriptionStateMachineTransitionsPropertyTest" classname="Tests.Property.SubscriptionStateMachineTransitionsPropertyTest" assertions="4" time="0.034619"/>
          <testcase name="test_lifecycle_transitions_execute_correctly_when_period_expired with data set &quot;iteration_29_grace_to_degraded_expired_39d&quot;" file="E:\coupony-backend\tests\Property\SubscriptionStateMachineTransitionsPropertyTest.php" line="344" class="Tests\Property\SubscriptionStateMachineTransitionsPropertyTest" classname="Tests.Property.SubscriptionStateMachineTransitionsPropertyTest" assertions="4" time="0.035854"/>
          <testcase name="test_lifecycle_transitions_execute_correctly_when_period_expired with data set &quot;iteration_30_degraded_to_suspended_expired_7d&quot;" file="E:\coupony-backend\tests\Property\SubscriptionStateMachineTransitionsPropertyTest.php" line="344" class="Tests\Property\SubscriptionStateMachineTransitionsPropertyTest" classname="Tests.Property.SubscriptionStateMachineTransitionsPropertyTest" assertions="4" time="0.035870"/>
          <testcase name="test_lifecycle_transitions_execute_correctly_when_period_expired with data set &quot;iteration_31_active_to_grace_expired_41d&quot;" file="E:\coupony-backend\tests\Property\SubscriptionStateMachineTransitionsPropertyTest.php" line="344" class="Tests\Property\SubscriptionStateMachineTransitionsPropertyTest" classname="Tests.Property.SubscriptionStateMachineTransitionsPropertyTest" assertions="4" time="0.036360"/>
          <testcase name="test_lifecycle_transitions_execute_correctly_when_period_expired with data set &quot;iteration_32_active_to_grace_expired_49d&quot;" file="E:\coupony-backend\tests\Property\SubscriptionStateMachineTransitionsPropertyTest.php" line="344" class="Tests\Property\SubscriptionStateMachineTransitionsPropertyTest" classname="Tests.Property.SubscriptionStateMachineTransitionsPropertyTest" assertions="4" time="0.165844"/>
          <testcase name="test_lifecycle_transitions_execute_correctly_when_period_expired with data set &quot;iteration_33_grace_to_degraded_expired_17d&quot;" file="E:\coupony-backend\tests\Property\SubscriptionStateMachineTransitionsPropertyTest.php" line="344" class="Tests\Property\SubscriptionStateMachineTransitionsPropertyTest" classname="Tests.Property.SubscriptionStateMachineTransitionsPropertyTest" assertions="4" time="0.037232"/>
          <testcase name="test_lifecycle_transitions_execute_correctly_when_period_expired with data set &quot;iteration_34_active_to_grace_expired_40d&quot;" file="E:\coupony-backend\tests\Property\SubscriptionStateMachineTransitionsPropertyTest.php" line="344" class="Tests\Property\SubscriptionStateMachineTransitionsPropertyTest" classname="Tests.Property.SubscriptionStateMachineTransitionsPropertyTest" assertions="4" time="0.035619"/>
          <testcase name="test_lifecycle_transitions_execute_correctly_when_period_expired with data set &quot;iteration_35_active_to_grace_expired_17d&quot;" file="E:\coupony-backend\tests\Property\SubscriptionStateMachineTransitionsPropertyTest.php" line="344" class="Tests\Property\SubscriptionStateMachineTransitionsPropertyTest" classname="Tests.Property.SubscriptionStateMachineTransitionsPropertyTest" assertions="4" time="0.036350"/>
          <testcase name="test_lifecycle_transitions_execute_correctly_when_period_expired with data set &quot;iteration_36_degraded_to_suspended_expired_21d&quot;" file="E:\coupony-backend\tests\Property\SubscriptionStateMachineTransitionsPropertyTest.php" line="344" class="Tests\Property\SubscriptionStateMachineTransitionsPropertyTest" classname="Tests.Property.SubscriptionStateMachineTransitionsPropertyTest" assertions="4" time="0.035357"/>
          <testcase name="test_lifecycle_transitions_execute_correctly_when_period_expired with data set &quot;iteration_37_degraded_to_suspended_expired_3d&quot;" file="E:\coupony-backend\tests\Property\SubscriptionStateMachineTransitionsPropertyTest.php" line="344" class="Tests\Property\SubscriptionStateMachineTransitionsPropertyTest" classname="Tests.Property.SubscriptionStateMachineTransitionsPropertyTest" assertions="4" time="0.033572"/>
          <testcase name="test_lifecycle_transitions_execute_correctly_when_period_expired with data set &quot;iteration_38_active_to_grace_expired_26d&quot;" file="E:\coupony-backend\tests\Property\SubscriptionStateMachineTransitionsPropertyTest.php" line="344" class="Tests\Property\SubscriptionStateMachineTransitionsPropertyTest" classname="Tests.Property.SubscriptionStateMachineTransitionsPropertyTest" assertions="4" time="0.035104"/>
          <testcase name="test_lifecycle_transitions_execute_correctly_when_period_expired with data set &quot;iteration_39_active_to_grace_expired_21d&quot;" file="E:\coupony-backend\tests\Property\SubscriptionStateMachineTransitionsPropertyTest.php" line="344" class="Tests\Property\SubscriptionStateMachineTransitionsPropertyTest" classname="Tests.Property.SubscriptionStateMachineTransitionsPropertyTest" assertions="4" time="0.034415"/>
          <testcase name="test_lifecycle_transitions_execute_correctly_when_period_expired with data set &quot;iteration_40_degraded_to_suspended_expired_55d&quot;" file="E:\coupony-backend\tests\Property\SubscriptionStateMachineTransitionsPropertyTest.php" line="344" class="Tests\Property\SubscriptionStateMachineTransitionsPropertyTest" classname="Tests.Property.SubscriptionStateMachineTransitionsPropertyTest" assertions="4" time="0.033918"/>
          <testcase name="test_lifecycle_transitions_execute_correctly_when_period_expired with data set &quot;iteration_41_active_to_grace_expired_57d&quot;" file="E:\coupony-backend\tests\Property\SubscriptionStateMachineTransitionsPropertyTest.php" line="344" class="Tests\Property\SubscriptionStateMachineTransitionsPropertyTest" classname="Tests.Property.SubscriptionStateMachineTransitionsPropertyTest" assertions="4" time="0.035188"/>
          <testcase name="test_lifecycle_transitions_execute_correctly_when_period_expired with data set &quot;iteration_42_grace_to_degraded_expired_9d&quot;" file="E:\coupony-backend\tests\Property\SubscriptionStateMachineTransitionsPropertyTest.php" line="344" class="Tests\Property\SubscriptionStateMachineTransitionsPropertyTest" classname="Tests.Property.SubscriptionStateMachineTransitionsPropertyTest" assertions="4" time="0.132290"/>
          <testcase name="test_lifecycle_transitions_execute_correctly_when_period_expired with data set &quot;iteration_43_active_to_grace_expired_14d&quot;" file="E:\coupony-backend\tests\Property\SubscriptionStateMachineTransitionsPropertyTest.php" line="344" class="Tests\Property\SubscriptionStateMachineTransitionsPropertyTest" classname="Tests.Property.SubscriptionStateMachineTransitionsPropertyTest" assertions="4" time="0.035245"/>
          <testcase name="test_lifecycle_transitions_execute_correctly_when_period_expired with data set &quot;iteration_44_active_to_grace_expired_48d&quot;" file="E:\coupony-backend\tests\Property\SubscriptionStateMachineTransitionsPropertyTest.php" line="344" class="Tests\Property\SubscriptionStateMachineTransitionsPropertyTest" classname="Tests.Property.SubscriptionStateMachineTransitionsPropertyTest" assertions="4" time="0.035112"/>
          <testcase name="test_lifecycle_transitions_execute_correctly_when_period_expired with data set &quot;iteration_45_grace_to_degraded_expired_7d&quot;" file="E:\coupony-backend\tests\Property\SubscriptionStateMachineTransitionsPropertyTest.php" line="344" class="Tests\Property\SubscriptionStateMachineTransitionsPropertyTest" classname="Tests.Property.SubscriptionStateMachineTransitionsPropertyTest" assertions="4" time="0.035063"/>
          <testcase name="test_lifecycle_transitions_execute_correctly_when_period_expired with data set &quot;iteration_46_active_to_grace_expired_3d&quot;" file="E:\coupony-backend\tests\Property\SubscriptionStateMachineTransitionsPropertyTest.php" line="344" class="Tests\Property\SubscriptionStateMachineTransitionsPropertyTest" classname="Tests.Property.SubscriptionStateMachineTransitionsPropertyTest" assertions="4" time="0.034470"/>
          <testcase name="test_lifecycle_transitions_execute_correctly_when_period_expired with data set &quot;iteration_47_degraded_to_suspended_expired_49d&quot;" file="E:\coupony-backend\tests\Property\SubscriptionStateMachineTransitionsPropertyTest.php" line="344" class="Tests\Property\SubscriptionStateMachineTransitionsPropertyTest" classname="Tests.Property.SubscriptionStateMachineTransitionsPropertyTest" assertions="4" time="0.035309"/>
          <testcase name="test_lifecycle_transitions_execute_correctly_when_period_expired with data set &quot;iteration_48_grace_to_degraded_expired_58d&quot;" file="E:\coupony-backend\tests\Property\SubscriptionStateMachineTransitionsPropertyTest.php" line="344" class="Tests\Property\SubscriptionStateMachineTransitionsPropertyTest" classname="Tests.Property.SubscriptionStateMachineTransitionsPropertyTest" assertions="4" time="0.036505"/>
          <testcase name="test_lifecycle_transitions_execute_correctly_when_period_expired with data set &quot;iteration_49_degraded_to_suspended_expired_42d&quot;" file="E:\coupony-backend\tests\Property\SubscriptionStateMachineTransitionsPropertyTest.php" line="344" class="Tests\Property\SubscriptionStateMachineTransitionsPropertyTest" classname="Tests.Property.SubscriptionStateMachineTransitionsPropertyTest" assertions="4" time="0.035235"/>
          <testcase name="test_lifecycle_transitions_execute_correctly_when_period_expired with data set &quot;iteration_50_active_to_grace_expired_51d&quot;" file="E:\coupony-backend\tests\Property\SubscriptionStateMachineTransitionsPropertyTest.php" line="344" class="Tests\Property\SubscriptionStateMachineTransitionsPropertyTest" classname="Tests.Property.SubscriptionStateMachineTransitionsPropertyTest" assertions="4" time="0.036231"/>
          <testcase name="test_lifecycle_transitions_execute_correctly_when_period_expired with data set &quot;iteration_51_active_to_grace_expired_43d&quot;" file="E:\coupony-backend\tests\Property\SubscriptionStateMachineTransitionsPropertyTest.php" line="344" class="Tests\Property\SubscriptionStateMachineTransitionsPropertyTest" classname="Tests.Property.SubscriptionStateMachineTransitionsPropertyTest" assertions="4" time="0.163430"/>
          <testcase name="test_lifecycle_transitions_execute_correctly_when_period_expired with data set &quot;iteration_52_active_to_grace_expired_34d&quot;" file="E:\coupony-backend\tests\Property\SubscriptionStateMachineTransitionsPropertyTest.php" line="344" class="Tests\Property\SubscriptionStateMachineTransitionsPropertyTest" classname="Tests.Property.SubscriptionStateMachineTransitionsPropertyTest" assertions="4" time="0.037629"/>
          <testcase name="test_lifecycle_transitions_execute_correctly_when_period_expired with data set &quot;iteration_53_active_to_grace_expired_12d&quot;" file="E:\coupony-backend\tests\Property\SubscriptionStateMachineTransitionsPropertyTest.php" line="344" class="Tests\Property\SubscriptionStateMachineTransitionsPropertyTest" classname="Tests.Property.SubscriptionStateMachineTransitionsPropertyTest" assertions="4" time="0.035736"/>
          <testcase name="test_lifecycle_transitions_execute_correctly_when_period_expired with data set &quot;iteration_54_grace_to_degraded_expired_45d&quot;" file="E:\coupony-backend\tests\Property\SubscriptionStateMachineTransitionsPropertyTest.php" line="344" class="Tests\Property\SubscriptionStateMachineTransitionsPropertyTest" classname="Tests.Property.SubscriptionStateMachineTransitionsPropertyTest" assertions="4" time="0.040361"/>
          <testcase name="test_lifecycle_transitions_execute_correctly_when_period_expired with data set &quot;iteration_55_degraded_to_suspended_expired_14d&quot;" file="E:\coupony-backend\tests\Property\SubscriptionStateMachineTransitionsPropertyTest.php" line="344" class="Tests\Property\SubscriptionStateMachineTransitionsPropertyTest" classname="Tests.Property.SubscriptionStateMachineTransitionsPropertyTest" assertions="4" time="0.036863"/>
          <testcase name="test_lifecycle_transitions_execute_correctly_when_period_expired with data set &quot;iteration_56_grace_to_degraded_expired_45d&quot;" file="E:\coupony-backend\tests\Property\SubscriptionStateMachineTransitionsPropertyTest.php" line="344" class="Tests\Property\SubscriptionStateMachineTransitionsPropertyTest" classname="Tests.Property.SubscriptionStateMachineTransitionsPropertyTest" assertions="4" time="0.038682"/>
          <testcase name="test_lifecycle_transitions_execute_correctly_when_period_expired with data set &quot;iteration_57_degraded_to_suspended_expired_24d&quot;" file="E:\coupony-backend\tests\Property\SubscriptionStateMachineTransitionsPropertyTest.php" line="344" class="Tests\Property\SubscriptionStateMachineTransitionsPropertyTest" classname="Tests.Property.SubscriptionStateMachineTransitionsPropertyTest" assertions="4" time="0.039494"/>
          <testcase name="test_lifecycle_transitions_execute_correctly_when_period_expired with data set &quot;iteration_58_active_to_grace_expired_44d&quot;" file="E:\coupony-backend\tests\Property\SubscriptionStateMachineTransitionsPropertyTest.php" line="344" class="Tests\Property\SubscriptionStateMachineTransitionsPropertyTest" classname="Tests.Property.SubscriptionStateMachineTransitionsPropertyTest" assertions="4" time="0.036939"/>
          <testcase name="test_lifecycle_transitions_execute_correctly_when_period_expired with data set &quot;iteration_59_active_to_grace_expired_3d&quot;" file="E:\coupony-backend\tests\Property\SubscriptionStateMachineTransitionsPropertyTest.php" line="344" class="Tests\Property\SubscriptionStateMachineTransitionsPropertyTest" classname="Tests.Property.SubscriptionStateMachineTransitionsPropertyTest" assertions="4" time="0.036837"/>
          <testcase name="test_lifecycle_transitions_execute_correctly_when_period_expired with data set &quot;iteration_60_degraded_to_suspended_expired_44d&quot;" file="E:\coupony-backend\tests\Property\SubscriptionStateMachineTransitionsPropertyTest.php" line="344" class="Tests\Property\SubscriptionStateMachineTransitionsPropertyTest" classname="Tests.Property.SubscriptionStateMachineTransitionsPropertyTest" assertions="4" time="0.036952"/>
          <testcase name="test_lifecycle_transitions_execute_correctly_when_period_expired with data set &quot;iteration_61_active_to_grace_expired_25d&quot;" file="E:\coupony-backend\tests\Property\SubscriptionStateMachineTransitionsPropertyTest.php" line="344" class="Tests\Property\SubscriptionStateMachineTransitionsPropertyTest" classname="Tests.Property.SubscriptionStateMachineTransitionsPropertyTest" assertions="4" time="0.129751"/>
          <testcase name="test_lifecycle_transitions_execute_correctly_when_period_expired with data set &quot;iteration_62_active_to_grace_expired_45d&quot;" file="E:\coupony-backend\tests\Property\SubscriptionStateMachineTransitionsPropertyTest.php" line="344" class="Tests\Property\SubscriptionStateMachineTransitionsPropertyTest" classname="Tests.Property.SubscriptionStateMachineTransitionsPropertyTest" assertions="4" time="0.033474"/>
          <testcase name="test_lifecycle_transitions_execute_correctly_when_period_expired with data set &quot;iteration_63_active_to_grace_expired_32d&quot;" file="E:\coupony-backend\tests\Property\SubscriptionStateMachineTransitionsPropertyTest.php" line="344" class="Tests\Property\SubscriptionStateMachineTransitionsPropertyTest" classname="Tests.Property.SubscriptionStateMachineTransitionsPropertyTest" assertions="4" time="0.035848"/>
          <testcase name="test_lifecycle_transitions_execute_correctly_when_period_expired with data set &quot;iteration_64_grace_to_degraded_expired_10d&quot;" file="E:\coupony-backend\tests\Property\SubscriptionStateMachineTransitionsPropertyTest.php" line="344" class="Tests\Property\SubscriptionStateMachineTransitionsPropertyTest" classname="Tests.Property.SubscriptionStateMachineTransitionsPropertyTest" assertions="4" time="0.034739"/>
          <testcase name="test_lifecycle_transitions_execute_correctly_when_period_expired with data set &quot;iteration_65_grace_to_degraded_expired_31d&quot;" file="E:\coupony-backend\tests\Property\SubscriptionStateMachineTransitionsPropertyTest.php" line="344" class="Tests\Property\SubscriptionStateMachineTransitionsPropertyTest" classname="Tests.Property.SubscriptionStateMachineTransitionsPropertyTest" assertions="4" time="0.035392"/>
          <testcase name="test_lifecycle_transitions_execute_correctly_when_period_expired with data set &quot;iteration_66_grace_to_degraded_expired_45d&quot;" file="E:\coupony-backend\tests\Property\SubscriptionStateMachineTransitionsPropertyTest.php" line="344" class="Tests\Property\SubscriptionStateMachineTransitionsPropertyTest" classname="Tests.Property.SubscriptionStateMachineTransitionsPropertyTest" assertions="4" time="0.035356"/>
          <testcase name="test_lifecycle_transitions_execute_correctly_when_period_expired with data set &quot;iteration_67_grace_to_degraded_expired_35d&quot;" file="E:\coupony-backend\tests\Property\SubscriptionStateMachineTransitionsPropertyTest.php" line="344" class="Tests\Property\SubscriptionStateMachineTransitionsPropertyTest" classname="Tests.Property.SubscriptionStateMachineTransitionsPropertyTest" assertions="4" time="0.035336"/>
          <testcase name="test_lifecycle_transitions_execute_correctly_when_period_expired with data set &quot;iteration_68_grace_to_degraded_expired_6d&quot;" file="E:\coupony-backend\tests\Property\SubscriptionStateMachineTransitionsPropertyTest.php" line="344" class="Tests\Property\SubscriptionStateMachineTransitionsPropertyTest" classname="Tests.Property.SubscriptionStateMachineTransitionsPropertyTest" assertions="4" time="0.035551"/>
          <testcase name="test_lifecycle_transitions_execute_correctly_when_period_expired with data set &quot;iteration_69_active_to_grace_expired_25d&quot;" file="E:\coupony-backend\tests\Property\SubscriptionStateMachineTransitionsPropertyTest.php" line="344" class="Tests\Property\SubscriptionStateMachineTransitionsPropertyTest" classname="Tests.Property.SubscriptionStateMachineTransitionsPropertyTest" assertions="4" time="0.035617"/>
          <testcase name="test_lifecycle_transitions_execute_correctly_when_period_expired with data set &quot;iteration_70_grace_to_degraded_expired_23d&quot;" file="E:\coupony-backend\tests\Property\SubscriptionStateMachineTransitionsPropertyTest.php" line="344" class="Tests\Property\SubscriptionStateMachineTransitionsPropertyTest" classname="Tests.Property.SubscriptionStateMachineTransitionsPropertyTest" assertions="4" time="0.161100"/>
          <testcase name="test_lifecycle_transitions_execute_correctly_when_period_expired with data set &quot;iteration_71_grace_to_degraded_expired_26d&quot;" file="E:\coupony-backend\tests\Property\SubscriptionStateMachineTransitionsPropertyTest.php" line="344" class="Tests\Property\SubscriptionStateMachineTransitionsPropertyTest" classname="Tests.Property.SubscriptionStateMachineTransitionsPropertyTest" assertions="4" time="0.035821"/>
          <testcase name="test_lifecycle_transitions_execute_correctly_when_period_expired with data set &quot;iteration_72_grace_to_degraded_expired_40d&quot;" file="E:\coupony-backend\tests\Property\SubscriptionStateMachineTransitionsPropertyTest.php" line="344" class="Tests\Property\SubscriptionStateMachineTransitionsPropertyTest" classname="Tests.Property.SubscriptionStateMachineTransitionsPropertyTest" assertions="4" time="0.034284"/>
          <testcase name="test_lifecycle_transitions_execute_correctly_when_period_expired with data set &quot;iteration_73_grace_to_degraded_expired_43d&quot;" file="E:\coupony-backend\tests\Property\SubscriptionStateMachineTransitionsPropertyTest.php" line="344" class="Tests\Property\SubscriptionStateMachineTransitionsPropertyTest" classname="Tests.Property.SubscriptionStateMachineTransitionsPropertyTest" assertions="4" time="0.038751"/>
          <testcase name="test_lifecycle_transitions_execute_correctly_when_period_expired with data set &quot;iteration_74_grace_to_degraded_expired_5d&quot;" file="E:\coupony-backend\tests\Property\SubscriptionStateMachineTransitionsPropertyTest.php" line="344" class="Tests\Property\SubscriptionStateMachineTransitionsPropertyTest" classname="Tests.Property.SubscriptionStateMachineTransitionsPropertyTest" assertions="4" time="0.035918"/>
          <testcase name="test_lifecycle_transitions_execute_correctly_when_period_expired with data set &quot;iteration_75_active_to_grace_expired_2d&quot;" file="E:\coupony-backend\tests\Property\SubscriptionStateMachineTransitionsPropertyTest.php" line="344" class="Tests\Property\SubscriptionStateMachineTransitionsPropertyTest" classname="Tests.Property.SubscriptionStateMachineTransitionsPropertyTest" assertions="4" time="0.036723"/>
          <testcase name="test_lifecycle_transitions_execute_correctly_when_period_expired with data set &quot;iteration_76_degraded_to_suspended_expired_56d&quot;" file="E:\coupony-backend\tests\Property\SubscriptionStateMachineTransitionsPropertyTest.php" line="344" class="Tests\Property\SubscriptionStateMachineTransitionsPropertyTest" classname="Tests.Property.SubscriptionStateMachineTransitionsPropertyTest" assertions="4" time="0.035172"/>
          <testcase name="test_lifecycle_transitions_execute_correctly_when_period_expired with data set &quot;iteration_77_degraded_to_suspended_expired_41d&quot;" file="E:\coupony-backend\tests\Property\SubscriptionStateMachineTransitionsPropertyTest.php" line="344" class="Tests\Property\SubscriptionStateMachineTransitionsPropertyTest" classname="Tests.Property.SubscriptionStateMachineTransitionsPropertyTest" assertions="4" time="0.034499"/>
          <testcase name="test_lifecycle_transitions_execute_correctly_when_period_expired with data set &quot;iteration_78_degraded_to_suspended_expired_18d&quot;" file="E:\coupony-backend\tests\Property\SubscriptionStateMachineTransitionsPropertyTest.php" line="344" class="Tests\Property\SubscriptionStateMachineTransitionsPropertyTest" classname="Tests.Property.SubscriptionStateMachineTransitionsPropertyTest" assertions="4" time="0.034689"/>
          <testcase name="test_lifecycle_transitions_execute_correctly_when_period_expired with data set &quot;iteration_79_degraded_to_suspended_expired_60d&quot;" file="E:\coupony-backend\tests\Property\SubscriptionStateMachineTransitionsPropertyTest.php" line="344" class="Tests\Property\SubscriptionStateMachineTransitionsPropertyTest" classname="Tests.Property.SubscriptionStateMachineTransitionsPropertyTest" assertions="4" time="0.035048"/>
          <testcase name="test_lifecycle_transitions_execute_correctly_when_period_expired with data set &quot;iteration_80_grace_to_degraded_expired_24d&quot;" file="E:\coupony-backend\tests\Property\SubscriptionStateMachineTransitionsPropertyTest.php" line="344" class="Tests\Property\SubscriptionStateMachineTransitionsPropertyTest" classname="Tests.Property.SubscriptionStateMachineTransitionsPropertyTest" assertions="4" time="0.128847"/>
          <testcase name="test_lifecycle_transitions_execute_correctly_when_period_expired with data set &quot;iteration_81_active_to_grace_expired_49d&quot;" file="E:\coupony-backend\tests\Property\SubscriptionStateMachineTransitionsPropertyTest.php" line="344" class="Tests\Property\SubscriptionStateMachineTransitionsPropertyTest" classname="Tests.Property.SubscriptionStateMachineTransitionsPropertyTest" assertions="4" time="0.037083"/>
          <testcase name="test_lifecycle_transitions_execute_correctly_when_period_expired with data set &quot;iteration_82_degraded_to_suspended_expired_50d&quot;" file="E:\coupony-backend\tests\Property\SubscriptionStateMachineTransitionsPropertyTest.php" line="344" class="Tests\Property\SubscriptionStateMachineTransitionsPropertyTest" classname="Tests.Property.SubscriptionStateMachineTransitionsPropertyTest" assertions="4" time="0.036679"/>
          <testcase name="test_lifecycle_transitions_execute_correctly_when_period_expired with data set &quot;iteration_83_grace_to_degraded_expired_15d&quot;" file="E:\coupony-backend\tests\Property\SubscriptionStateMachineTransitionsPropertyTest.php" line="344" class="Tests\Property\SubscriptionStateMachineTransitionsPropertyTest" classname="Tests.Property.SubscriptionStateMachineTransitionsPropertyTest" assertions="4" time="0.033883"/>
          <testcase name="test_lifecycle_transitions_execute_correctly_when_period_expired with data set &quot;iteration_84_active_to_grace_expired_40d&quot;" file="E:\coupony-backend\tests\Property\SubscriptionStateMachineTransitionsPropertyTest.php" line="344" class="Tests\Property\SubscriptionStateMachineTransitionsPropertyTest" classname="Tests.Property.SubscriptionStateMachineTransitionsPropertyTest" assertions="4" time="0.036052"/>
          <testcase name="test_lifecycle_transitions_execute_correctly_when_period_expired with data set &quot;iteration_85_degraded_to_suspended_expired_55d&quot;" file="E:\coupony-backend\tests\Property\SubscriptionStateMachineTransitionsPropertyTest.php" line="344" class="Tests\Property\SubscriptionStateMachineTransitionsPropertyTest" classname="Tests.Property.SubscriptionStateMachineTransitionsPropertyTest" assertions="4" time="0.038943"/>
          <testcase name="test_lifecycle_transitions_execute_correctly_when_period_expired with data set &quot;iteration_86_grace_to_degraded_expired_23d&quot;" file="E:\coupony-backend\tests\Property\SubscriptionStateMachineTransitionsPropertyTest.php" line="344" class="Tests\Property\SubscriptionStateMachineTransitionsPropertyTest" classname="Tests.Property.SubscriptionStateMachineTransitionsPropertyTest" assertions="4" time="0.042667"/>
          <testcase name="test_lifecycle_transitions_execute_correctly_when_period_expired with data set &quot;iteration_87_grace_to_degraded_expired_9d&quot;" file="E:\coupony-backend\tests\Property\SubscriptionStateMachineTransitionsPropertyTest.php" line="344" class="Tests\Property\SubscriptionStateMachineTransitionsPropertyTest" classname="Tests.Property.SubscriptionStateMachineTransitionsPropertyTest" assertions="4" time="0.036343"/>
          <testcase name="test_lifecycle_transitions_execute_correctly_when_period_expired with data set &quot;iteration_88_grace_to_degraded_expired_52d&quot;" file="E:\coupony-backend\tests\Property\SubscriptionStateMachineTransitionsPropertyTest.php" line="344" class="Tests\Property\SubscriptionStateMachineTransitionsPropertyTest" classname="Tests.Property.SubscriptionStateMachineTransitionsPropertyTest" assertions="4" time="0.035919"/>
          <testcase name="test_lifecycle_transitions_execute_correctly_when_period_expired with data set &quot;iteration_89_grace_to_degraded_expired_1d&quot;" file="E:\coupony-backend\tests\Property\SubscriptionStateMachineTransitionsPropertyTest.php" line="344" class="Tests\Property\SubscriptionStateMachineTransitionsPropertyTest" classname="Tests.Property.SubscriptionStateMachineTransitionsPropertyTest" assertions="4" time="0.163243"/>
          <testcase name="test_lifecycle_transitions_execute_correctly_when_period_expired with data set &quot;iteration_90_degraded_to_suspended_expired_36d&quot;" file="E:\coupony-backend\tests\Property\SubscriptionStateMachineTransitionsPropertyTest.php" line="344" class="Tests\Property\SubscriptionStateMachineTransitionsPropertyTest" classname="Tests.Property.SubscriptionStateMachineTransitionsPropertyTest" assertions="4" time="0.034303"/>
          <testcase name="test_lifecycle_transitions_execute_correctly_when_period_expired with data set &quot;iteration_91_active_to_grace_expired_21d&quot;" file="E:\coupony-backend\tests\Property\SubscriptionStateMachineTransitionsPropertyTest.php" line="344" class="Tests\Property\SubscriptionStateMachineTransitionsPropertyTest" classname="Tests.Property.SubscriptionStateMachineTransitionsPropertyTest" assertions="4" time="0.033459"/>
          <testcase name="test_lifecycle_transitions_execute_correctly_when_period_expired with data set &quot;iteration_92_degraded_to_suspended_expired_54d&quot;" file="E:\coupony-backend\tests\Property\SubscriptionStateMachineTransitionsPropertyTest.php" line="344" class="Tests\Property\SubscriptionStateMachineTransitionsPropertyTest" classname="Tests.Property.SubscriptionStateMachineTransitionsPropertyTest" assertions="4" time="0.034947"/>
          <testcase name="test_lifecycle_transitions_execute_correctly_when_period_expired with data set &quot;iteration_93_degraded_to_suspended_expired_6d&quot;" file="E:\coupony-backend\tests\Property\SubscriptionStateMachineTransitionsPropertyTest.php" line="344" class="Tests\Property\SubscriptionStateMachineTransitionsPropertyTest" classname="Tests.Property.SubscriptionStateMachineTransitionsPropertyTest" assertions="4" time="0.033931"/>
          <testcase name="test_lifecycle_transitions_execute_correctly_when_period_expired with data set &quot;iteration_94_active_to_grace_expired_56d&quot;" file="E:\coupony-backend\tests\Property\SubscriptionStateMachineTransitionsPropertyTest.php" line="344" class="Tests\Property\SubscriptionStateMachineTransitionsPropertyTest" classname="Tests.Property.SubscriptionStateMachineTransitionsPropertyTest" assertions="4" time="0.034530"/>
          <testcase name="test_lifecycle_transitions_execute_correctly_when_period_expired with data set &quot;iteration_95_grace_to_degraded_expired_44d&quot;" file="E:\coupony-backend\tests\Property\SubscriptionStateMachineTransitionsPropertyTest.php" line="344" class="Tests\Property\SubscriptionStateMachineTransitionsPropertyTest" classname="Tests.Property.SubscriptionStateMachineTransitionsPropertyTest" assertions="4" time="0.038922"/>
          <testcase name="test_lifecycle_transitions_execute_correctly_when_period_expired with data set &quot;iteration_96_grace_to_degraded_expired_16d&quot;" file="E:\coupony-backend\tests\Property\SubscriptionStateMachineTransitionsPropertyTest.php" line="344" class="Tests\Property\SubscriptionStateMachineTransitionsPropertyTest" classname="Tests.Property.SubscriptionStateMachineTransitionsPropertyTest" assertions="4" time="0.035741"/>
          <testcase name="test_lifecycle_transitions_execute_correctly_when_period_expired with data set &quot;iteration_97_active_to_grace_expired_14d&quot;" file="E:\coupony-backend\tests\Property\SubscriptionStateMachineTransitionsPropertyTest.php" line="344" class="Tests\Property\SubscriptionStateMachineTransitionsPropertyTest" classname="Tests.Property.SubscriptionStateMachineTransitionsPropertyTest" assertions="4" time="0.038448"/>
          <testcase name="test_lifecycle_transitions_execute_correctly_when_period_expired with data set &quot;iteration_98_degraded_to_suspended_expired_29d&quot;" file="E:\coupony-backend\tests\Property\SubscriptionStateMachineTransitionsPropertyTest.php" line="344" class="Tests\Property\SubscriptionStateMachineTransitionsPropertyTest" classname="Tests.Property.SubscriptionStateMachineTransitionsPropertyTest" assertions="4" time="0.036314"/>
          <testcase name="test_lifecycle_transitions_execute_correctly_when_period_expired with data set &quot;iteration_99_grace_to_degraded_expired_6d&quot;" file="E:\coupony-backend\tests\Property\SubscriptionStateMachineTransitionsPropertyTest.php" line="344" class="Tests\Property\SubscriptionStateMachineTransitionsPropertyTest" classname="Tests.Property.SubscriptionStateMachineTransitionsPropertyTest" assertions="4" time="0.130126"/>
        </testsuite>
      </testsuite>
      <testsuite name="Tests\Property\SuccessfulPaymentActivationPropertyTest" file="E:\coupony-backend\tests\Property\SuccessfulPaymentActivationPropertyTest.php" tests="100" assertions="300" errors="0" failures="0" skipped="0" time="5.696078">
        <testsuite name="Tests\Property\SuccessfulPaymentActivationPropertyTest::test_successful_payment_webhook_activates_subscription" tests="100" assertions="300" errors="0" failures="0" skipped="0" time="5.696078">
          <testcase name="test_successful_payment_webhook_activates_subscription with data set &quot;iteration_0_cycle_monthly_order_970561&quot;" file="E:\coupony-backend\tests\Property\SuccessfulPaymentActivationPropertyTest.php" line="62" class="Tests\Property\SuccessfulPaymentActivationPropertyTest" classname="Tests.Property.SuccessfulPaymentActivationPropertyTest" assertions="3" time="0.042502"/>
          <testcase name="test_successful_payment_webhook_activates_subscription with data set &quot;iteration_1_cycle_monthly_order_135721&quot;" file="E:\coupony-backend\tests\Property\SuccessfulPaymentActivationPropertyTest.php" line="62" class="Tests\Property\SuccessfulPaymentActivationPropertyTest" classname="Tests.Property.SuccessfulPaymentActivationPropertyTest" assertions="3" time="0.040465"/>
          <testcase name="test_successful_payment_webhook_activates_subscription with data set &quot;iteration_2_cycle_yearly_order_209761&quot;" file="E:\coupony-backend\tests\Property\SuccessfulPaymentActivationPropertyTest.php" line="62" class="Tests\Property\SuccessfulPaymentActivationPropertyTest" classname="Tests.Property.SuccessfulPaymentActivationPropertyTest" assertions="3" time="0.041364"/>
          <testcase name="test_successful_payment_webhook_activates_subscription with data set &quot;iteration_3_cycle_monthly_order_708743&quot;" file="E:\coupony-backend\tests\Property\SuccessfulPaymentActivationPropertyTest.php" line="62" class="Tests\Property\SuccessfulPaymentActivationPropertyTest" classname="Tests.Property.SuccessfulPaymentActivationPropertyTest" assertions="3" time="0.042776"/>
          <testcase name="test_successful_payment_webhook_activates_subscription with data set &quot;iteration_4_cycle_monthly_order_960610&quot;" file="E:\coupony-backend\tests\Property\SuccessfulPaymentActivationPropertyTest.php" line="62" class="Tests\Property\SuccessfulPaymentActivationPropertyTest" classname="Tests.Property.SuccessfulPaymentActivationPropertyTest" assertions="3" time="0.041444"/>
          <testcase name="test_successful_payment_webhook_activates_subscription with data set &quot;iteration_5_cycle_monthly_order_839704&quot;" file="E:\coupony-backend\tests\Property\SuccessfulPaymentActivationPropertyTest.php" line="62" class="Tests\Property\SuccessfulPaymentActivationPropertyTest" classname="Tests.Property.SuccessfulPaymentActivationPropertyTest" assertions="3" time="0.042110"/>
          <testcase name="test_successful_payment_webhook_activates_subscription with data set &quot;iteration_6_cycle_yearly_order_864198&quot;" file="E:\coupony-backend\tests\Property\SuccessfulPaymentActivationPropertyTest.php" line="62" class="Tests\Property\SuccessfulPaymentActivationPropertyTest" classname="Tests.Property.SuccessfulPaymentActivationPropertyTest" assertions="3" time="0.167417"/>
          <testcase name="test_successful_payment_webhook_activates_subscription with data set &quot;iteration_7_cycle_yearly_order_672142&quot;" file="E:\coupony-backend\tests\Property\SuccessfulPaymentActivationPropertyTest.php" line="62" class="Tests\Property\SuccessfulPaymentActivationPropertyTest" classname="Tests.Property.SuccessfulPaymentActivationPropertyTest" assertions="3" time="0.040878"/>
          <testcase name="test_successful_payment_webhook_activates_subscription with data set &quot;iteration_8_cycle_monthly_order_535321&quot;" file="E:\coupony-backend\tests\Property\SuccessfulPaymentActivationPropertyTest.php" line="62" class="Tests\Property\SuccessfulPaymentActivationPropertyTest" classname="Tests.Property.SuccessfulPaymentActivationPropertyTest" assertions="3" time="0.042329"/>
          <testcase name="test_successful_payment_webhook_activates_subscription with data set &quot;iteration_9_cycle_monthly_order_489890&quot;" file="E:\coupony-backend\tests\Property\SuccessfulPaymentActivationPropertyTest.php" line="62" class="Tests\Property\SuccessfulPaymentActivationPropertyTest" classname="Tests.Property.SuccessfulPaymentActivationPropertyTest" assertions="3" time="0.042028"/>
          <testcase name="test_successful_payment_webhook_activates_subscription with data set &quot;iteration_10_cycle_monthly_order_260949&quot;" file="E:\coupony-backend\tests\Property\SuccessfulPaymentActivationPropertyTest.php" line="62" class="Tests\Property\SuccessfulPaymentActivationPropertyTest" classname="Tests.Property.SuccessfulPaymentActivationPropertyTest" assertions="3" time="0.041047"/>
          <testcase name="test_successful_payment_webhook_activates_subscription with data set &quot;iteration_11_cycle_monthly_order_684181&quot;" file="E:\coupony-backend\tests\Property\SuccessfulPaymentActivationPropertyTest.php" line="62" class="Tests\Property\SuccessfulPaymentActivationPropertyTest" classname="Tests.Property.SuccessfulPaymentActivationPropertyTest" assertions="3" time="0.043736"/>
          <testcase name="test_successful_payment_webhook_activates_subscription with data set &quot;iteration_12_cycle_monthly_order_559189&quot;" file="E:\coupony-backend\tests\Property\SuccessfulPaymentActivationPropertyTest.php" line="62" class="Tests\Property\SuccessfulPaymentActivationPropertyTest" classname="Tests.Property.SuccessfulPaymentActivationPropertyTest" assertions="3" time="0.041181"/>
          <testcase name="test_successful_payment_webhook_activates_subscription with data set &quot;iteration_13_cycle_monthly_order_652999&quot;" file="E:\coupony-backend\tests\Property\SuccessfulPaymentActivationPropertyTest.php" line="62" class="Tests\Property\SuccessfulPaymentActivationPropertyTest" classname="Tests.Property.SuccessfulPaymentActivationPropertyTest" assertions="3" time="0.041877"/>
          <testcase name="test_successful_payment_webhook_activates_subscription with data set &quot;iteration_14_cycle_yearly_order_604967&quot;" file="E:\coupony-backend\tests\Property\SuccessfulPaymentActivationPropertyTest.php" line="62" class="Tests\Property\SuccessfulPaymentActivationPropertyTest" classname="Tests.Property.SuccessfulPaymentActivationPropertyTest" assertions="3" time="0.042119"/>
          <testcase name="test_successful_payment_webhook_activates_subscription with data set &quot;iteration_15_cycle_yearly_order_250564&quot;" file="E:\coupony-backend\tests\Property\SuccessfulPaymentActivationPropertyTest.php" line="62" class="Tests\Property\SuccessfulPaymentActivationPropertyTest" classname="Tests.Property.SuccessfulPaymentActivationPropertyTest" assertions="3" time="0.169930"/>
          <testcase name="test_successful_payment_webhook_activates_subscription with data set &quot;iteration_16_cycle_monthly_order_751521&quot;" file="E:\coupony-backend\tests\Property\SuccessfulPaymentActivationPropertyTest.php" line="62" class="Tests\Property\SuccessfulPaymentActivationPropertyTest" classname="Tests.Property.SuccessfulPaymentActivationPropertyTest" assertions="3" time="0.044614"/>
          <testcase name="test_successful_payment_webhook_activates_subscription with data set &quot;iteration_17_cycle_monthly_order_360953&quot;" file="E:\coupony-backend\tests\Property\SuccessfulPaymentActivationPropertyTest.php" line="62" class="Tests\Property\SuccessfulPaymentActivationPropertyTest" classname="Tests.Property.SuccessfulPaymentActivationPropertyTest" assertions="3" time="0.041207"/>
          <testcase name="test_successful_payment_webhook_activates_subscription with data set &quot;iteration_18_cycle_yearly_order_144302&quot;" file="E:\coupony-backend\tests\Property\SuccessfulPaymentActivationPropertyTest.php" line="62" class="Tests\Property\SuccessfulPaymentActivationPropertyTest" classname="Tests.Property.SuccessfulPaymentActivationPropertyTest" assertions="3" time="0.044377"/>
          <testcase name="test_successful_payment_webhook_activates_subscription with data set &quot;iteration_19_cycle_yearly_order_732397&quot;" file="E:\coupony-backend\tests\Property\SuccessfulPaymentActivationPropertyTest.php" line="62" class="Tests\Property\SuccessfulPaymentActivationPropertyTest" classname="Tests.Property.SuccessfulPaymentActivationPropertyTest" assertions="3" time="0.041506"/>
          <testcase name="test_successful_payment_webhook_activates_subscription with data set &quot;iteration_20_cycle_yearly_order_959537&quot;" file="E:\coupony-backend\tests\Property\SuccessfulPaymentActivationPropertyTest.php" line="62" class="Tests\Property\SuccessfulPaymentActivationPropertyTest" classname="Tests.Property.SuccessfulPaymentActivationPropertyTest" assertions="3" time="0.044089"/>
          <testcase name="test_successful_payment_webhook_activates_subscription with data set &quot;iteration_21_cycle_monthly_order_177644&quot;" file="E:\coupony-backend\tests\Property\SuccessfulPaymentActivationPropertyTest.php" line="62" class="Tests\Property\SuccessfulPaymentActivationPropertyTest" classname="Tests.Property.SuccessfulPaymentActivationPropertyTest" assertions="3" time="0.043361"/>
          <testcase name="test_successful_payment_webhook_activates_subscription with data set &quot;iteration_22_cycle_yearly_order_516235&quot;" file="E:\coupony-backend\tests\Property\SuccessfulPaymentActivationPropertyTest.php" line="62" class="Tests\Property\SuccessfulPaymentActivationPropertyTest" classname="Tests.Property.SuccessfulPaymentActivationPropertyTest" assertions="3" time="0.040024"/>
          <testcase name="test_successful_payment_webhook_activates_subscription with data set &quot;iteration_23_cycle_monthly_order_729243&quot;" file="E:\coupony-backend\tests\Property\SuccessfulPaymentActivationPropertyTest.php" line="62" class="Tests\Property\SuccessfulPaymentActivationPropertyTest" classname="Tests.Property.SuccessfulPaymentActivationPropertyTest" assertions="3" time="0.041490"/>
          <testcase name="test_successful_payment_webhook_activates_subscription with data set &quot;iteration_24_cycle_monthly_order_648493&quot;" file="E:\coupony-backend\tests\Property\SuccessfulPaymentActivationPropertyTest.php" line="62" class="Tests\Property\SuccessfulPaymentActivationPropertyTest" classname="Tests.Property.SuccessfulPaymentActivationPropertyTest" assertions="3" time="0.167772"/>
          <testcase name="test_successful_payment_webhook_activates_subscription with data set &quot;iteration_25_cycle_yearly_order_552116&quot;" file="E:\coupony-backend\tests\Property\SuccessfulPaymentActivationPropertyTest.php" line="62" class="Tests\Property\SuccessfulPaymentActivationPropertyTest" classname="Tests.Property.SuccessfulPaymentActivationPropertyTest" assertions="3" time="0.040845"/>
          <testcase name="test_successful_payment_webhook_activates_subscription with data set &quot;iteration_26_cycle_monthly_order_296400&quot;" file="E:\coupony-backend\tests\Property\SuccessfulPaymentActivationPropertyTest.php" line="62" class="Tests\Property\SuccessfulPaymentActivationPropertyTest" classname="Tests.Property.SuccessfulPaymentActivationPropertyTest" assertions="3" time="0.043120"/>
          <testcase name="test_successful_payment_webhook_activates_subscription with data set &quot;iteration_27_cycle_monthly_order_638146&quot;" file="E:\coupony-backend\tests\Property\SuccessfulPaymentActivationPropertyTest.php" line="62" class="Tests\Property\SuccessfulPaymentActivationPropertyTest" classname="Tests.Property.SuccessfulPaymentActivationPropertyTest" assertions="3" time="0.041526"/>
          <testcase name="test_successful_payment_webhook_activates_subscription with data set &quot;iteration_28_cycle_yearly_order_394404&quot;" file="E:\coupony-backend\tests\Property\SuccessfulPaymentActivationPropertyTest.php" line="62" class="Tests\Property\SuccessfulPaymentActivationPropertyTest" classname="Tests.Property.SuccessfulPaymentActivationPropertyTest" assertions="3" time="0.042292"/>
          <testcase name="test_successful_payment_webhook_activates_subscription with data set &quot;iteration_29_cycle_monthly_order_577691&quot;" file="E:\coupony-backend\tests\Property\SuccessfulPaymentActivationPropertyTest.php" line="62" class="Tests\Property\SuccessfulPaymentActivationPropertyTest" classname="Tests.Property.SuccessfulPaymentActivationPropertyTest" assertions="3" time="0.043550"/>
          <testcase name="test_successful_payment_webhook_activates_subscription with data set &quot;iteration_30_cycle_yearly_order_665077&quot;" file="E:\coupony-backend\tests\Property\SuccessfulPaymentActivationPropertyTest.php" line="62" class="Tests\Property\SuccessfulPaymentActivationPropertyTest" classname="Tests.Property.SuccessfulPaymentActivationPropertyTest" assertions="3" time="0.041479"/>
          <testcase name="test_successful_payment_webhook_activates_subscription with data set &quot;iteration_31_cycle_monthly_order_590457&quot;" file="E:\coupony-backend\tests\Property\SuccessfulPaymentActivationPropertyTest.php" line="62" class="Tests\Property\SuccessfulPaymentActivationPropertyTest" classname="Tests.Property.SuccessfulPaymentActivationPropertyTest" assertions="3" time="0.043100"/>
          <testcase name="test_successful_payment_webhook_activates_subscription with data set &quot;iteration_32_cycle_yearly_order_302144&quot;" file="E:\coupony-backend\tests\Property\SuccessfulPaymentActivationPropertyTest.php" line="62" class="Tests\Property\SuccessfulPaymentActivationPropertyTest" classname="Tests.Property.SuccessfulPaymentActivationPropertyTest" assertions="3" time="0.043183"/>
          <testcase name="test_successful_payment_webhook_activates_subscription with data set &quot;iteration_33_cycle_monthly_order_424584&quot;" file="E:\coupony-backend\tests\Property\SuccessfulPaymentActivationPropertyTest.php" line="62" class="Tests\Property\SuccessfulPaymentActivationPropertyTest" classname="Tests.Property.SuccessfulPaymentActivationPropertyTest" assertions="3" time="0.170888"/>
          <testcase name="test_successful_payment_webhook_activates_subscription with data set &quot;iteration_34_cycle_monthly_order_462912&quot;" file="E:\coupony-backend\tests\Property\SuccessfulPaymentActivationPropertyTest.php" line="62" class="Tests\Property\SuccessfulPaymentActivationPropertyTest" classname="Tests.Property.SuccessfulPaymentActivationPropertyTest" assertions="3" time="0.043310"/>
          <testcase name="test_successful_payment_webhook_activates_subscription with data set &quot;iteration_35_cycle_monthly_order_804552&quot;" file="E:\coupony-backend\tests\Property\SuccessfulPaymentActivationPropertyTest.php" line="62" class="Tests\Property\SuccessfulPaymentActivationPropertyTest" classname="Tests.Property.SuccessfulPaymentActivationPropertyTest" assertions="3" time="0.042177"/>
          <testcase name="test_successful_payment_webhook_activates_subscription with data set &quot;iteration_36_cycle_yearly_order_470511&quot;" file="E:\coupony-backend\tests\Property\SuccessfulPaymentActivationPropertyTest.php" line="62" class="Tests\Property\SuccessfulPaymentActivationPropertyTest" classname="Tests.Property.SuccessfulPaymentActivationPropertyTest" assertions="3" time="0.041258"/>
          <testcase name="test_successful_payment_webhook_activates_subscription with data set &quot;iteration_37_cycle_monthly_order_728191&quot;" file="E:\coupony-backend\tests\Property\SuccessfulPaymentActivationPropertyTest.php" line="62" class="Tests\Property\SuccessfulPaymentActivationPropertyTest" classname="Tests.Property.SuccessfulPaymentActivationPropertyTest" assertions="3" time="0.040835"/>
          <testcase name="test_successful_payment_webhook_activates_subscription with data set &quot;iteration_38_cycle_yearly_order_962712&quot;" file="E:\coupony-backend\tests\Property\SuccessfulPaymentActivationPropertyTest.php" line="62" class="Tests\Property\SuccessfulPaymentActivationPropertyTest" classname="Tests.Property.SuccessfulPaymentActivationPropertyTest" assertions="3" time="0.045222"/>
          <testcase name="test_successful_payment_webhook_activates_subscription with data set &quot;iteration_39_cycle_monthly_order_679004&quot;" file="E:\coupony-backend\tests\Property\SuccessfulPaymentActivationPropertyTest.php" line="62" class="Tests\Property\SuccessfulPaymentActivationPropertyTest" classname="Tests.Property.SuccessfulPaymentActivationPropertyTest" assertions="3" time="0.042951"/>
          <testcase name="test_successful_payment_webhook_activates_subscription with data set &quot;iteration_40_cycle_yearly_order_799003&quot;" file="E:\coupony-backend\tests\Property\SuccessfulPaymentActivationPropertyTest.php" line="62" class="Tests\Property\SuccessfulPaymentActivationPropertyTest" classname="Tests.Property.SuccessfulPaymentActivationPropertyTest" assertions="3" time="0.042990"/>
          <testcase name="test_successful_payment_webhook_activates_subscription with data set &quot;iteration_41_cycle_yearly_order_951279&quot;" file="E:\coupony-backend\tests\Property\SuccessfulPaymentActivationPropertyTest.php" line="62" class="Tests\Property\SuccessfulPaymentActivationPropertyTest" classname="Tests.Property.SuccessfulPaymentActivationPropertyTest" assertions="3" time="0.041914"/>
          <testcase name="test_successful_payment_webhook_activates_subscription with data set &quot;iteration_42_cycle_monthly_order_572930&quot;" file="E:\coupony-backend\tests\Property\SuccessfulPaymentActivationPropertyTest.php" line="62" class="Tests\Property\SuccessfulPaymentActivationPropertyTest" classname="Tests.Property.SuccessfulPaymentActivationPropertyTest" assertions="3" time="0.171371"/>
          <testcase name="test_successful_payment_webhook_activates_subscription with data set &quot;iteration_43_cycle_yearly_order_141721&quot;" file="E:\coupony-backend\tests\Property\SuccessfulPaymentActivationPropertyTest.php" line="62" class="Tests\Property\SuccessfulPaymentActivationPropertyTest" classname="Tests.Property.SuccessfulPaymentActivationPropertyTest" assertions="3" time="0.039843"/>
          <testcase name="test_successful_payment_webhook_activates_subscription with data set &quot;iteration_44_cycle_yearly_order_752276&quot;" file="E:\coupony-backend\tests\Property\SuccessfulPaymentActivationPropertyTest.php" line="62" class="Tests\Property\SuccessfulPaymentActivationPropertyTest" classname="Tests.Property.SuccessfulPaymentActivationPropertyTest" assertions="3" time="0.040902"/>
          <testcase name="test_successful_payment_webhook_activates_subscription with data set &quot;iteration_45_cycle_yearly_order_843848&quot;" file="E:\coupony-backend\tests\Property\SuccessfulPaymentActivationPropertyTest.php" line="62" class="Tests\Property\SuccessfulPaymentActivationPropertyTest" classname="Tests.Property.SuccessfulPaymentActivationPropertyTest" assertions="3" time="0.041109"/>
          <testcase name="test_successful_payment_webhook_activates_subscription with data set &quot;iteration_46_cycle_monthly_order_102794&quot;" file="E:\coupony-backend\tests\Property\SuccessfulPaymentActivationPropertyTest.php" line="62" class="Tests\Property\SuccessfulPaymentActivationPropertyTest" classname="Tests.Property.SuccessfulPaymentActivationPropertyTest" assertions="3" time="0.042311"/>
          <testcase name="test_successful_payment_webhook_activates_subscription with data set &quot;iteration_47_cycle_yearly_order_280987&quot;" file="E:\coupony-backend\tests\Property\SuccessfulPaymentActivationPropertyTest.php" line="62" class="Tests\Property\SuccessfulPaymentActivationPropertyTest" classname="Tests.Property.SuccessfulPaymentActivationPropertyTest" assertions="3" time="0.043209"/>
          <testcase name="test_successful_payment_webhook_activates_subscription with data set &quot;iteration_48_cycle_yearly_order_546636&quot;" file="E:\coupony-backend\tests\Property\SuccessfulPaymentActivationPropertyTest.php" line="62" class="Tests\Property\SuccessfulPaymentActivationPropertyTest" classname="Tests.Property.SuccessfulPaymentActivationPropertyTest" assertions="3" time="0.044349"/>
          <testcase name="test_successful_payment_webhook_activates_subscription with data set &quot;iteration_49_cycle_yearly_order_401649&quot;" file="E:\coupony-backend\tests\Property\SuccessfulPaymentActivationPropertyTest.php" line="62" class="Tests\Property\SuccessfulPaymentActivationPropertyTest" classname="Tests.Property.SuccessfulPaymentActivationPropertyTest" assertions="3" time="0.045884"/>
          <testcase name="test_successful_payment_webhook_activates_subscription with data set &quot;iteration_50_cycle_monthly_order_678050&quot;" file="E:\coupony-backend\tests\Property\SuccessfulPaymentActivationPropertyTest.php" line="62" class="Tests\Property\SuccessfulPaymentActivationPropertyTest" classname="Tests.Property.SuccessfulPaymentActivationPropertyTest" assertions="3" time="0.046435"/>
          <testcase name="test_successful_payment_webhook_activates_subscription with data set &quot;iteration_51_cycle_yearly_order_111508&quot;" file="E:\coupony-backend\tests\Property\SuccessfulPaymentActivationPropertyTest.php" line="62" class="Tests\Property\SuccessfulPaymentActivationPropertyTest" classname="Tests.Property.SuccessfulPaymentActivationPropertyTest" assertions="3" time="0.171536"/>
          <testcase name="test_successful_payment_webhook_activates_subscription with data set &quot;iteration_52_cycle_yearly_order_710511&quot;" file="E:\coupony-backend\tests\Property\SuccessfulPaymentActivationPropertyTest.php" line="62" class="Tests\Property\SuccessfulPaymentActivationPropertyTest" classname="Tests.Property.SuccessfulPaymentActivationPropertyTest" assertions="3" time="0.041153"/>
          <testcase name="test_successful_payment_webhook_activates_subscription with data set &quot;iteration_53_cycle_yearly_order_588190&quot;" file="E:\coupony-backend\tests\Property\SuccessfulPaymentActivationPropertyTest.php" line="62" class="Tests\Property\SuccessfulPaymentActivationPropertyTest" classname="Tests.Property.SuccessfulPaymentActivationPropertyTest" assertions="3" time="0.040524"/>
          <testcase name="test_successful_payment_webhook_activates_subscription with data set &quot;iteration_54_cycle_monthly_order_187632&quot;" file="E:\coupony-backend\tests\Property\SuccessfulPaymentActivationPropertyTest.php" line="62" class="Tests\Property\SuccessfulPaymentActivationPropertyTest" classname="Tests.Property.SuccessfulPaymentActivationPropertyTest" assertions="3" time="0.041116"/>
          <testcase name="test_successful_payment_webhook_activates_subscription with data set &quot;iteration_55_cycle_monthly_order_911520&quot;" file="E:\coupony-backend\tests\Property\SuccessfulPaymentActivationPropertyTest.php" line="62" class="Tests\Property\SuccessfulPaymentActivationPropertyTest" classname="Tests.Property.SuccessfulPaymentActivationPropertyTest" assertions="3" time="0.043760"/>
          <testcase name="test_successful_payment_webhook_activates_subscription with data set &quot;iteration_56_cycle_monthly_order_856568&quot;" file="E:\coupony-backend\tests\Property\SuccessfulPaymentActivationPropertyTest.php" line="62" class="Tests\Property\SuccessfulPaymentActivationPropertyTest" classname="Tests.Property.SuccessfulPaymentActivationPropertyTest" assertions="3" time="0.045591"/>
          <testcase name="test_successful_payment_webhook_activates_subscription with data set &quot;iteration_57_cycle_monthly_order_860000&quot;" file="E:\coupony-backend\tests\Property\SuccessfulPaymentActivationPropertyTest.php" line="62" class="Tests\Property\SuccessfulPaymentActivationPropertyTest" classname="Tests.Property.SuccessfulPaymentActivationPropertyTest" assertions="3" time="0.046393"/>
          <testcase name="test_successful_payment_webhook_activates_subscription with data set &quot;iteration_58_cycle_yearly_order_803674&quot;" file="E:\coupony-backend\tests\Property\SuccessfulPaymentActivationPropertyTest.php" line="62" class="Tests\Property\SuccessfulPaymentActivationPropertyTest" classname="Tests.Property.SuccessfulPaymentActivationPropertyTest" assertions="3" time="0.042256"/>
          <testcase name="test_successful_payment_webhook_activates_subscription with data set &quot;iteration_59_cycle_monthly_order_144142&quot;" file="E:\coupony-backend\tests\Property\SuccessfulPaymentActivationPropertyTest.php" line="62" class="Tests\Property\SuccessfulPaymentActivationPropertyTest" classname="Tests.Property.SuccessfulPaymentActivationPropertyTest" assertions="3" time="0.043001"/>
          <testcase name="test_successful_payment_webhook_activates_subscription with data set &quot;iteration_60_cycle_monthly_order_575061&quot;" file="E:\coupony-backend\tests\Property\SuccessfulPaymentActivationPropertyTest.php" line="62" class="Tests\Property\SuccessfulPaymentActivationPropertyTest" classname="Tests.Property.SuccessfulPaymentActivationPropertyTest" assertions="3" time="0.173531"/>
          <testcase name="test_successful_payment_webhook_activates_subscription with data set &quot;iteration_61_cycle_monthly_order_365745&quot;" file="E:\coupony-backend\tests\Property\SuccessfulPaymentActivationPropertyTest.php" line="62" class="Tests\Property\SuccessfulPaymentActivationPropertyTest" classname="Tests.Property.SuccessfulPaymentActivationPropertyTest" assertions="3" time="0.040274"/>
          <testcase name="test_successful_payment_webhook_activates_subscription with data set &quot;iteration_62_cycle_yearly_order_430747&quot;" file="E:\coupony-backend\tests\Property\SuccessfulPaymentActivationPropertyTest.php" line="62" class="Tests\Property\SuccessfulPaymentActivationPropertyTest" classname="Tests.Property.SuccessfulPaymentActivationPropertyTest" assertions="3" time="0.043675"/>
          <testcase name="test_successful_payment_webhook_activates_subscription with data set &quot;iteration_63_cycle_monthly_order_601746&quot;" file="E:\coupony-backend\tests\Property\SuccessfulPaymentActivationPropertyTest.php" line="62" class="Tests\Property\SuccessfulPaymentActivationPropertyTest" classname="Tests.Property.SuccessfulPaymentActivationPropertyTest" assertions="3" time="0.043093"/>
          <testcase name="test_successful_payment_webhook_activates_subscription with data set &quot;iteration_64_cycle_yearly_order_545069&quot;" file="E:\coupony-backend\tests\Property\SuccessfulPaymentActivationPropertyTest.php" line="62" class="Tests\Property\SuccessfulPaymentActivationPropertyTest" classname="Tests.Property.SuccessfulPaymentActivationPropertyTest" assertions="3" time="0.043030"/>
          <testcase name="test_successful_payment_webhook_activates_subscription with data set &quot;iteration_65_cycle_yearly_order_425475&quot;" file="E:\coupony-backend\tests\Property\SuccessfulPaymentActivationPropertyTest.php" line="62" class="Tests\Property\SuccessfulPaymentActivationPropertyTest" classname="Tests.Property.SuccessfulPaymentActivationPropertyTest" assertions="3" time="0.041698"/>
          <testcase name="test_successful_payment_webhook_activates_subscription with data set &quot;iteration_66_cycle_monthly_order_266942&quot;" file="E:\coupony-backend\tests\Property\SuccessfulPaymentActivationPropertyTest.php" line="62" class="Tests\Property\SuccessfulPaymentActivationPropertyTest" classname="Tests.Property.SuccessfulPaymentActivationPropertyTest" assertions="3" time="0.044891"/>
          <testcase name="test_successful_payment_webhook_activates_subscription with data set &quot;iteration_67_cycle_monthly_order_755806&quot;" file="E:\coupony-backend\tests\Property\SuccessfulPaymentActivationPropertyTest.php" line="62" class="Tests\Property\SuccessfulPaymentActivationPropertyTest" classname="Tests.Property.SuccessfulPaymentActivationPropertyTest" assertions="3" time="0.047207"/>
          <testcase name="test_successful_payment_webhook_activates_subscription with data set &quot;iteration_68_cycle_monthly_order_728385&quot;" file="E:\coupony-backend\tests\Property\SuccessfulPaymentActivationPropertyTest.php" line="62" class="Tests\Property\SuccessfulPaymentActivationPropertyTest" classname="Tests.Property.SuccessfulPaymentActivationPropertyTest" assertions="3" time="0.048957"/>
          <testcase name="test_successful_payment_webhook_activates_subscription with data set &quot;iteration_69_cycle_yearly_order_223560&quot;" file="E:\coupony-backend\tests\Property\SuccessfulPaymentActivationPropertyTest.php" line="62" class="Tests\Property\SuccessfulPaymentActivationPropertyTest" classname="Tests.Property.SuccessfulPaymentActivationPropertyTest" assertions="3" time="0.182198"/>
          <testcase name="test_successful_payment_webhook_activates_subscription with data set &quot;iteration_70_cycle_monthly_order_322204&quot;" file="E:\coupony-backend\tests\Property\SuccessfulPaymentActivationPropertyTest.php" line="62" class="Tests\Property\SuccessfulPaymentActivationPropertyTest" classname="Tests.Property.SuccessfulPaymentActivationPropertyTest" assertions="3" time="0.045194"/>
          <testcase name="test_successful_payment_webhook_activates_subscription with data set &quot;iteration_71_cycle_yearly_order_484080&quot;" file="E:\coupony-backend\tests\Property\SuccessfulPaymentActivationPropertyTest.php" line="62" class="Tests\Property\SuccessfulPaymentActivationPropertyTest" classname="Tests.Property.SuccessfulPaymentActivationPropertyTest" assertions="3" time="0.045256"/>
          <testcase name="test_successful_payment_webhook_activates_subscription with data set &quot;iteration_72_cycle_monthly_order_970213&quot;" file="E:\coupony-backend\tests\Property\SuccessfulPaymentActivationPropertyTest.php" line="62" class="Tests\Property\SuccessfulPaymentActivationPropertyTest" classname="Tests.Property.SuccessfulPaymentActivationPropertyTest" assertions="3" time="0.041662"/>
          <testcase name="test_successful_payment_webhook_activates_subscription with data set &quot;iteration_73_cycle_yearly_order_415400&quot;" file="E:\coupony-backend\tests\Property\SuccessfulPaymentActivationPropertyTest.php" line="62" class="Tests\Property\SuccessfulPaymentActivationPropertyTest" classname="Tests.Property.SuccessfulPaymentActivationPropertyTest" assertions="3" time="0.045665"/>
          <testcase name="test_successful_payment_webhook_activates_subscription with data set &quot;iteration_74_cycle_monthly_order_674414&quot;" file="E:\coupony-backend\tests\Property\SuccessfulPaymentActivationPropertyTest.php" line="62" class="Tests\Property\SuccessfulPaymentActivationPropertyTest" classname="Tests.Property.SuccessfulPaymentActivationPropertyTest" assertions="3" time="0.043337"/>
          <testcase name="test_successful_payment_webhook_activates_subscription with data set &quot;iteration_75_cycle_yearly_order_508275&quot;" file="E:\coupony-backend\tests\Property\SuccessfulPaymentActivationPropertyTest.php" line="62" class="Tests\Property\SuccessfulPaymentActivationPropertyTest" classname="Tests.Property.SuccessfulPaymentActivationPropertyTest" assertions="3" time="0.041445"/>
          <testcase name="test_successful_payment_webhook_activates_subscription with data set &quot;iteration_76_cycle_monthly_order_520561&quot;" file="E:\coupony-backend\tests\Property\SuccessfulPaymentActivationPropertyTest.php" line="62" class="Tests\Property\SuccessfulPaymentActivationPropertyTest" classname="Tests.Property.SuccessfulPaymentActivationPropertyTest" assertions="3" time="0.040295"/>
          <testcase name="test_successful_payment_webhook_activates_subscription with data set &quot;iteration_77_cycle_monthly_order_108931&quot;" file="E:\coupony-backend\tests\Property\SuccessfulPaymentActivationPropertyTest.php" line="62" class="Tests\Property\SuccessfulPaymentActivationPropertyTest" classname="Tests.Property.SuccessfulPaymentActivationPropertyTest" assertions="3" time="0.041565"/>
          <testcase name="test_successful_payment_webhook_activates_subscription with data set &quot;iteration_78_cycle_yearly_order_858310&quot;" file="E:\coupony-backend\tests\Property\SuccessfulPaymentActivationPropertyTest.php" line="62" class="Tests\Property\SuccessfulPaymentActivationPropertyTest" classname="Tests.Property.SuccessfulPaymentActivationPropertyTest" assertions="3" time="0.173829"/>
          <testcase name="test_successful_payment_webhook_activates_subscription with data set &quot;iteration_79_cycle_yearly_order_912113&quot;" file="E:\coupony-backend\tests\Property\SuccessfulPaymentActivationPropertyTest.php" line="62" class="Tests\Property\SuccessfulPaymentActivationPropertyTest" classname="Tests.Property.SuccessfulPaymentActivationPropertyTest" assertions="3" time="0.041740"/>
          <testcase name="test_successful_payment_webhook_activates_subscription with data set &quot;iteration_80_cycle_monthly_order_543031&quot;" file="E:\coupony-backend\tests\Property\SuccessfulPaymentActivationPropertyTest.php" line="62" class="Tests\Property\SuccessfulPaymentActivationPropertyTest" classname="Tests.Property.SuccessfulPaymentActivationPropertyTest" assertions="3" time="0.042327"/>
          <testcase name="test_successful_payment_webhook_activates_subscription with data set &quot;iteration_81_cycle_monthly_order_604676&quot;" file="E:\coupony-backend\tests\Property\SuccessfulPaymentActivationPropertyTest.php" line="62" class="Tests\Property\SuccessfulPaymentActivationPropertyTest" classname="Tests.Property.SuccessfulPaymentActivationPropertyTest" assertions="3" time="0.047190"/>
          <testcase name="test_successful_payment_webhook_activates_subscription with data set &quot;iteration_82_cycle_yearly_order_988668&quot;" file="E:\coupony-backend\tests\Property\SuccessfulPaymentActivationPropertyTest.php" line="62" class="Tests\Property\SuccessfulPaymentActivationPropertyTest" classname="Tests.Property.SuccessfulPaymentActivationPropertyTest" assertions="3" time="0.042172"/>
          <testcase name="test_successful_payment_webhook_activates_subscription with data set &quot;iteration_83_cycle_monthly_order_782582&quot;" file="E:\coupony-backend\tests\Property\SuccessfulPaymentActivationPropertyTest.php" line="62" class="Tests\Property\SuccessfulPaymentActivationPropertyTest" classname="Tests.Property.SuccessfulPaymentActivationPropertyTest" assertions="3" time="0.046998"/>
          <testcase name="test_successful_payment_webhook_activates_subscription with data set &quot;iteration_84_cycle_yearly_order_467646&quot;" file="E:\coupony-backend\tests\Property\SuccessfulPaymentActivationPropertyTest.php" line="62" class="Tests\Property\SuccessfulPaymentActivationPropertyTest" classname="Tests.Property.SuccessfulPaymentActivationPropertyTest" assertions="3" time="0.040200"/>
          <testcase name="test_successful_payment_webhook_activates_subscription with data set &quot;iteration_85_cycle_yearly_order_652208&quot;" file="E:\coupony-backend\tests\Property\SuccessfulPaymentActivationPropertyTest.php" line="62" class="Tests\Property\SuccessfulPaymentActivationPropertyTest" classname="Tests.Property.SuccessfulPaymentActivationPropertyTest" assertions="3" time="0.040073"/>
          <testcase name="test_successful_payment_webhook_activates_subscription with data set &quot;iteration_86_cycle_yearly_order_360209&quot;" file="E:\coupony-backend\tests\Property\SuccessfulPaymentActivationPropertyTest.php" line="62" class="Tests\Property\SuccessfulPaymentActivationPropertyTest" classname="Tests.Property.SuccessfulPaymentActivationPropertyTest" assertions="3" time="0.042814"/>
          <testcase name="test_successful_payment_webhook_activates_subscription with data set &quot;iteration_87_cycle_monthly_order_394231&quot;" file="E:\coupony-backend\tests\Property\SuccessfulPaymentActivationPropertyTest.php" line="62" class="Tests\Property\SuccessfulPaymentActivationPropertyTest" classname="Tests.Property.SuccessfulPaymentActivationPropertyTest" assertions="3" time="0.169278"/>
          <testcase name="test_successful_payment_webhook_activates_subscription with data set &quot;iteration_88_cycle_monthly_order_449109&quot;" file="E:\coupony-backend\tests\Property\SuccessfulPaymentActivationPropertyTest.php" line="62" class="Tests\Property\SuccessfulPaymentActivationPropertyTest" classname="Tests.Property.SuccessfulPaymentActivationPropertyTest" assertions="3" time="0.041432"/>
          <testcase name="test_successful_payment_webhook_activates_subscription with data set &quot;iteration_89_cycle_yearly_order_342671&quot;" file="E:\coupony-backend\tests\Property\SuccessfulPaymentActivationPropertyTest.php" line="62" class="Tests\Property\SuccessfulPaymentActivationPropertyTest" classname="Tests.Property.SuccessfulPaymentActivationPropertyTest" assertions="3" time="0.043213"/>
          <testcase name="test_successful_payment_webhook_activates_subscription with data set &quot;iteration_90_cycle_monthly_order_880069&quot;" file="E:\coupony-backend\tests\Property\SuccessfulPaymentActivationPropertyTest.php" line="62" class="Tests\Property\SuccessfulPaymentActivationPropertyTest" classname="Tests.Property.SuccessfulPaymentActivationPropertyTest" assertions="3" time="0.044116"/>
          <testcase name="test_successful_payment_webhook_activates_subscription with data set &quot;iteration_91_cycle_monthly_order_446097&quot;" file="E:\coupony-backend\tests\Property\SuccessfulPaymentActivationPropertyTest.php" line="62" class="Tests\Property\SuccessfulPaymentActivationPropertyTest" classname="Tests.Property.SuccessfulPaymentActivationPropertyTest" assertions="3" time="0.042570"/>
          <testcase name="test_successful_payment_webhook_activates_subscription with data set &quot;iteration_92_cycle_monthly_order_473489&quot;" file="E:\coupony-backend\tests\Property\SuccessfulPaymentActivationPropertyTest.php" line="62" class="Tests\Property\SuccessfulPaymentActivationPropertyTest" classname="Tests.Property.SuccessfulPaymentActivationPropertyTest" assertions="3" time="0.044264"/>
          <testcase name="test_successful_payment_webhook_activates_subscription with data set &quot;iteration_93_cycle_yearly_order_819460&quot;" file="E:\coupony-backend\tests\Property\SuccessfulPaymentActivationPropertyTest.php" line="62" class="Tests\Property\SuccessfulPaymentActivationPropertyTest" classname="Tests.Property.SuccessfulPaymentActivationPropertyTest" assertions="3" time="0.042678"/>
          <testcase name="test_successful_payment_webhook_activates_subscription with data set &quot;iteration_94_cycle_monthly_order_151329&quot;" file="E:\coupony-backend\tests\Property\SuccessfulPaymentActivationPropertyTest.php" line="62" class="Tests\Property\SuccessfulPaymentActivationPropertyTest" classname="Tests.Property.SuccessfulPaymentActivationPropertyTest" assertions="3" time="0.043603"/>
          <testcase name="test_successful_payment_webhook_activates_subscription with data set &quot;iteration_95_cycle_yearly_order_130725&quot;" file="E:\coupony-backend\tests\Property\SuccessfulPaymentActivationPropertyTest.php" line="62" class="Tests\Property\SuccessfulPaymentActivationPropertyTest" classname="Tests.Property.SuccessfulPaymentActivationPropertyTest" assertions="3" time="0.042659"/>
          <testcase name="test_successful_payment_webhook_activates_subscription with data set &quot;iteration_96_cycle_yearly_order_786747&quot;" file="E:\coupony-backend\tests\Property\SuccessfulPaymentActivationPropertyTest.php" line="62" class="Tests\Property\SuccessfulPaymentActivationPropertyTest" classname="Tests.Property.SuccessfulPaymentActivationPropertyTest" assertions="3" time="0.170235"/>
          <testcase name="test_successful_payment_webhook_activates_subscription with data set &quot;iteration_97_cycle_monthly_order_425544&quot;" file="E:\coupony-backend\tests\Property\SuccessfulPaymentActivationPropertyTest.php" line="62" class="Tests\Property\SuccessfulPaymentActivationPropertyTest" classname="Tests.Property.SuccessfulPaymentActivationPropertyTest" assertions="3" time="0.041858"/>
          <testcase name="test_successful_payment_webhook_activates_subscription with data set &quot;iteration_98_cycle_monthly_order_486650&quot;" file="E:\coupony-backend\tests\Property\SuccessfulPaymentActivationPropertyTest.php" line="62" class="Tests\Property\SuccessfulPaymentActivationPropertyTest" classname="Tests.Property.SuccessfulPaymentActivationPropertyTest" assertions="3" time="0.044592"/>
          <testcase name="test_successful_payment_webhook_activates_subscription with data set &quot;iteration_99_cycle_monthly_order_732872&quot;" file="E:\coupony-backend\tests\Property\SuccessfulPaymentActivationPropertyTest.php" line="62" class="Tests\Property\SuccessfulPaymentActivationPropertyTest" classname="Tests.Property.SuccessfulPaymentActivationPropertyTest" assertions="3" time="0.042234"/>
        </testsuite>
      </testsuite>
      <testsuite name="Tests\Property\WebhookIdempotencyPropertyTest" file="E:\coupony-backend\tests\Property\WebhookIdempotencyPropertyTest.php" tests="100" assertions="456" errors="0" failures="0" skipped="0" time="5.587849">
        <testsuite name="Tests\Property\WebhookIdempotencyPropertyTest::test_webhook_processing_is_idempotent" tests="100" assertions="456" errors="0" failures="0" skipped="0" time="5.587849">
          <testcase name="test_webhook_processing_is_idempotent with data set &quot;iteration_0_success__repeat_4&quot;" file="E:\coupony-backend\tests\Property\WebhookIdempotencyPropertyTest.php" line="68" class="Tests\Property\WebhookIdempotencyPropertyTest" classname="Tests.Property.WebhookIdempotencyPropertyTest" assertions="4" time="0.043554"/>
          <testcase name="test_webhook_processing_is_idempotent with data set &quot;iteration_1_success__repeat_3&quot;" file="E:\coupony-backend\tests\Property\WebhookIdempotencyPropertyTest.php" line="68" class="Tests\Property\WebhookIdempotencyPropertyTest" classname="Tests.Property.WebhookIdempotencyPropertyTest" assertions="4" time="0.040439"/>
          <testcase name="test_webhook_processing_is_idempotent with data set &quot;iteration_2_success_1_repeat_2&quot;" file="E:\coupony-backend\tests\Property\WebhookIdempotencyPropertyTest.php" line="68" class="Tests\Property\WebhookIdempotencyPropertyTest" classname="Tests.Property.WebhookIdempotencyPropertyTest" assertions="5" time="0.046949"/>
          <testcase name="test_webhook_processing_is_idempotent with data set &quot;iteration_3_success__repeat_4&quot;" file="E:\coupony-backend\tests\Property\WebhookIdempotencyPropertyTest.php" line="68" class="Tests\Property\WebhookIdempotencyPropertyTest" classname="Tests.Property.WebhookIdempotencyPropertyTest" assertions="4" time="0.041753"/>
          <testcase name="test_webhook_processing_is_idempotent with data set &quot;iteration_4_success_1_repeat_3&quot;" file="E:\coupony-backend\tests\Property\WebhookIdempotencyPropertyTest.php" line="68" class="Tests\Property\WebhookIdempotencyPropertyTest" classname="Tests.Property.WebhookIdempotencyPropertyTest" assertions="5" time="0.197191"/>
          <testcase name="test_webhook_processing_is_idempotent with data set &quot;iteration_5_success_1_repeat_2&quot;" file="E:\coupony-backend\tests\Property\WebhookIdempotencyPropertyTest.php" line="68" class="Tests\Property\WebhookIdempotencyPropertyTest" classname="Tests.Property.WebhookIdempotencyPropertyTest" assertions="5" time="0.078441"/>
          <testcase name="test_webhook_processing_is_idempotent with data set &quot;iteration_6_success_1_repeat_5&quot;" file="E:\coupony-backend\tests\Property\WebhookIdempotencyPropertyTest.php" line="68" class="Tests\Property\WebhookIdempotencyPropertyTest" classname="Tests.Property.WebhookIdempotencyPropertyTest" assertions="5" time="0.048360"/>
          <testcase name="test_webhook_processing_is_idempotent with data set &quot;iteration_7_success_1_repeat_3&quot;" file="E:\coupony-backend\tests\Property\WebhookIdempotencyPropertyTest.php" line="68" class="Tests\Property\WebhookIdempotencyPropertyTest" classname="Tests.Property.WebhookIdempotencyPropertyTest" assertions="5" time="0.052643"/>
          <testcase name="test_webhook_processing_is_idempotent with data set &quot;iteration_8_success__repeat_2&quot;" file="E:\coupony-backend\tests\Property\WebhookIdempotencyPropertyTest.php" line="68" class="Tests\Property\WebhookIdempotencyPropertyTest" classname="Tests.Property.WebhookIdempotencyPropertyTest" assertions="4" time="0.050571"/>
          <testcase name="test_webhook_processing_is_idempotent with data set &quot;iteration_9_success_1_repeat_3&quot;" file="E:\coupony-backend\tests\Property\WebhookIdempotencyPropertyTest.php" line="68" class="Tests\Property\WebhookIdempotencyPropertyTest" classname="Tests.Property.WebhookIdempotencyPropertyTest" assertions="5" time="0.059700"/>
          <testcase name="test_webhook_processing_is_idempotent with data set &quot;iteration_10_success__repeat_2&quot;" file="E:\coupony-backend\tests\Property\WebhookIdempotencyPropertyTest.php" line="68" class="Tests\Property\WebhookIdempotencyPropertyTest" classname="Tests.Property.WebhookIdempotencyPropertyTest" assertions="4" time="0.059164"/>
          <testcase name="test_webhook_processing_is_idempotent with data set &quot;iteration_11_success_1_repeat_4&quot;" file="E:\coupony-backend\tests\Property\WebhookIdempotencyPropertyTest.php" line="68" class="Tests\Property\WebhookIdempotencyPropertyTest" classname="Tests.Property.WebhookIdempotencyPropertyTest" assertions="5" time="0.049053"/>
          <testcase name="test_webhook_processing_is_idempotent with data set &quot;iteration_12_success__repeat_3&quot;" file="E:\coupony-backend\tests\Property\WebhookIdempotencyPropertyTest.php" line="68" class="Tests\Property\WebhookIdempotencyPropertyTest" classname="Tests.Property.WebhookIdempotencyPropertyTest" assertions="4" time="0.044076"/>
          <testcase name="test_webhook_processing_is_idempotent with data set &quot;iteration_13_success_1_repeat_5&quot;" file="E:\coupony-backend\tests\Property\WebhookIdempotencyPropertyTest.php" line="68" class="Tests\Property\WebhookIdempotencyPropertyTest" classname="Tests.Property.WebhookIdempotencyPropertyTest" assertions="5" time="0.143461"/>
          <testcase name="test_webhook_processing_is_idempotent with data set &quot;iteration_14_success_1_repeat_2&quot;" file="E:\coupony-backend\tests\Property\WebhookIdempotencyPropertyTest.php" line="68" class="Tests\Property\WebhookIdempotencyPropertyTest" classname="Tests.Property.WebhookIdempotencyPropertyTest" assertions="5" time="0.042539"/>
          <testcase name="test_webhook_processing_is_idempotent with data set &quot;iteration_15_success_1_repeat_5&quot;" file="E:\coupony-backend\tests\Property\WebhookIdempotencyPropertyTest.php" line="68" class="Tests\Property\WebhookIdempotencyPropertyTest" classname="Tests.Property.WebhookIdempotencyPropertyTest" assertions="5" time="0.043755"/>
          <testcase name="test_webhook_processing_is_idempotent with data set &quot;iteration_16_success_1_repeat_5&quot;" file="E:\coupony-backend\tests\Property\WebhookIdempotencyPropertyTest.php" line="68" class="Tests\Property\WebhookIdempotencyPropertyTest" classname="Tests.Property.WebhookIdempotencyPropertyTest" assertions="5" time="0.041817"/>
          <testcase name="test_webhook_processing_is_idempotent with data set &quot;iteration_17_success_1_repeat_3&quot;" file="E:\coupony-backend\tests\Property\WebhookIdempotencyPropertyTest.php" line="68" class="Tests\Property\WebhookIdempotencyPropertyTest" classname="Tests.Property.WebhookIdempotencyPropertyTest" assertions="5" time="0.042945"/>
          <testcase name="test_webhook_processing_is_idempotent with data set &quot;iteration_18_success__repeat_3&quot;" file="E:\coupony-backend\tests\Property\WebhookIdempotencyPropertyTest.php" line="68" class="Tests\Property\WebhookIdempotencyPropertyTest" classname="Tests.Property.WebhookIdempotencyPropertyTest" assertions="4" time="0.042266"/>
          <testcase name="test_webhook_processing_is_idempotent with data set &quot;iteration_19_success_1_repeat_2&quot;" file="E:\coupony-backend\tests\Property\WebhookIdempotencyPropertyTest.php" line="68" class="Tests\Property\WebhookIdempotencyPropertyTest" classname="Tests.Property.WebhookIdempotencyPropertyTest" assertions="5" time="0.044257"/>
          <testcase name="test_webhook_processing_is_idempotent with data set &quot;iteration_20_success__repeat_4&quot;" file="E:\coupony-backend\tests\Property\WebhookIdempotencyPropertyTest.php" line="68" class="Tests\Property\WebhookIdempotencyPropertyTest" classname="Tests.Property.WebhookIdempotencyPropertyTest" assertions="4" time="0.073019"/>
          <testcase name="test_webhook_processing_is_idempotent with data set &quot;iteration_21_success_1_repeat_4&quot;" file="E:\coupony-backend\tests\Property\WebhookIdempotencyPropertyTest.php" line="68" class="Tests\Property\WebhookIdempotencyPropertyTest" classname="Tests.Property.WebhookIdempotencyPropertyTest" assertions="5" time="0.056348"/>
          <testcase name="test_webhook_processing_is_idempotent with data set &quot;iteration_22_success__repeat_3&quot;" file="E:\coupony-backend\tests\Property\WebhookIdempotencyPropertyTest.php" line="68" class="Tests\Property\WebhookIdempotencyPropertyTest" classname="Tests.Property.WebhookIdempotencyPropertyTest" assertions="4" time="0.143915"/>
          <testcase name="test_webhook_processing_is_idempotent with data set &quot;iteration_23_success__repeat_4&quot;" file="E:\coupony-backend\tests\Property\WebhookIdempotencyPropertyTest.php" line="68" class="Tests\Property\WebhookIdempotencyPropertyTest" classname="Tests.Property.WebhookIdempotencyPropertyTest" assertions="4" time="0.040833"/>
          <testcase name="test_webhook_processing_is_idempotent with data set &quot;iteration_24_success__repeat_5&quot;" file="E:\coupony-backend\tests\Property\WebhookIdempotencyPropertyTest.php" line="68" class="Tests\Property\WebhookIdempotencyPropertyTest" classname="Tests.Property.WebhookIdempotencyPropertyTest" assertions="4" time="0.041647"/>
          <testcase name="test_webhook_processing_is_idempotent with data set &quot;iteration_25_success_1_repeat_3&quot;" file="E:\coupony-backend\tests\Property\WebhookIdempotencyPropertyTest.php" line="68" class="Tests\Property\WebhookIdempotencyPropertyTest" classname="Tests.Property.WebhookIdempotencyPropertyTest" assertions="5" time="0.042835"/>
          <testcase name="test_webhook_processing_is_idempotent with data set &quot;iteration_26_success__repeat_2&quot;" file="E:\coupony-backend\tests\Property\WebhookIdempotencyPropertyTest.php" line="68" class="Tests\Property\WebhookIdempotencyPropertyTest" classname="Tests.Property.WebhookIdempotencyPropertyTest" assertions="4" time="0.040364"/>
          <testcase name="test_webhook_processing_is_idempotent with data set &quot;iteration_27_success_1_repeat_3&quot;" file="E:\coupony-backend\tests\Property\WebhookIdempotencyPropertyTest.php" line="68" class="Tests\Property\WebhookIdempotencyPropertyTest" classname="Tests.Property.WebhookIdempotencyPropertyTest" assertions="5" time="0.042033"/>
          <testcase name="test_webhook_processing_is_idempotent with data set &quot;iteration_28_success_1_repeat_5&quot;" file="E:\coupony-backend\tests\Property\WebhookIdempotencyPropertyTest.php" line="68" class="Tests\Property\WebhookIdempotencyPropertyTest" classname="Tests.Property.WebhookIdempotencyPropertyTest" assertions="5" time="0.044263"/>
          <testcase name="test_webhook_processing_is_idempotent with data set &quot;iteration_29_success__repeat_4&quot;" file="E:\coupony-backend\tests\Property\WebhookIdempotencyPropertyTest.php" line="68" class="Tests\Property\WebhookIdempotencyPropertyTest" classname="Tests.Property.WebhookIdempotencyPropertyTest" assertions="4" time="0.040506"/>
          <testcase name="test_webhook_processing_is_idempotent with data set &quot;iteration_30_success__repeat_3&quot;" file="E:\coupony-backend\tests\Property\WebhookIdempotencyPropertyTest.php" line="68" class="Tests\Property\WebhookIdempotencyPropertyTest" classname="Tests.Property.WebhookIdempotencyPropertyTest" assertions="4" time="0.041149"/>
          <testcase name="test_webhook_processing_is_idempotent with data set &quot;iteration_31_success__repeat_3&quot;" file="E:\coupony-backend\tests\Property\WebhookIdempotencyPropertyTest.php" line="68" class="Tests\Property\WebhookIdempotencyPropertyTest" classname="Tests.Property.WebhookIdempotencyPropertyTest" assertions="4" time="0.136949"/>
          <testcase name="test_webhook_processing_is_idempotent with data set &quot;iteration_32_success_1_repeat_3&quot;" file="E:\coupony-backend\tests\Property\WebhookIdempotencyPropertyTest.php" line="68" class="Tests\Property\WebhookIdempotencyPropertyTest" classname="Tests.Property.WebhookIdempotencyPropertyTest" assertions="5" time="0.045683"/>
          <testcase name="test_webhook_processing_is_idempotent with data set &quot;iteration_33_success_1_repeat_4&quot;" file="E:\coupony-backend\tests\Property\WebhookIdempotencyPropertyTest.php" line="68" class="Tests\Property\WebhookIdempotencyPropertyTest" classname="Tests.Property.WebhookIdempotencyPropertyTest" assertions="5" time="0.043433"/>
          <testcase name="test_webhook_processing_is_idempotent with data set &quot;iteration_34_success_1_repeat_2&quot;" file="E:\coupony-backend\tests\Property\WebhookIdempotencyPropertyTest.php" line="68" class="Tests\Property\WebhookIdempotencyPropertyTest" classname="Tests.Property.WebhookIdempotencyPropertyTest" assertions="5" time="0.044638"/>
          <testcase name="test_webhook_processing_is_idempotent with data set &quot;iteration_35_success_1_repeat_2&quot;" file="E:\coupony-backend\tests\Property\WebhookIdempotencyPropertyTest.php" line="68" class="Tests\Property\WebhookIdempotencyPropertyTest" classname="Tests.Property.WebhookIdempotencyPropertyTest" assertions="5" time="0.044598"/>
          <testcase name="test_webhook_processing_is_idempotent with data set &quot;iteration_36_success__repeat_3&quot;" file="E:\coupony-backend\tests\Property\WebhookIdempotencyPropertyTest.php" line="68" class="Tests\Property\WebhookIdempotencyPropertyTest" classname="Tests.Property.WebhookIdempotencyPropertyTest" assertions="4" time="0.042050"/>
          <testcase name="test_webhook_processing_is_idempotent with data set &quot;iteration_37_success_1_repeat_3&quot;" file="E:\coupony-backend\tests\Property\WebhookIdempotencyPropertyTest.php" line="68" class="Tests\Property\WebhookIdempotencyPropertyTest" classname="Tests.Property.WebhookIdempotencyPropertyTest" assertions="5" time="0.043130"/>
          <testcase name="test_webhook_processing_is_idempotent with data set &quot;iteration_38_success_1_repeat_4&quot;" file="E:\coupony-backend\tests\Property\WebhookIdempotencyPropertyTest.php" line="68" class="Tests\Property\WebhookIdempotencyPropertyTest" classname="Tests.Property.WebhookIdempotencyPropertyTest" assertions="5" time="0.044568"/>
          <testcase name="test_webhook_processing_is_idempotent with data set &quot;iteration_39_success__repeat_2&quot;" file="E:\coupony-backend\tests\Property\WebhookIdempotencyPropertyTest.php" line="68" class="Tests\Property\WebhookIdempotencyPropertyTest" classname="Tests.Property.WebhookIdempotencyPropertyTest" assertions="4" time="0.040867"/>
          <testcase name="test_webhook_processing_is_idempotent with data set &quot;iteration_40_success_1_repeat_5&quot;" file="E:\coupony-backend\tests\Property\WebhookIdempotencyPropertyTest.php" line="68" class="Tests\Property\WebhookIdempotencyPropertyTest" classname="Tests.Property.WebhookIdempotencyPropertyTest" assertions="5" time="0.137835"/>
          <testcase name="test_webhook_processing_is_idempotent with data set &quot;iteration_41_success_1_repeat_4&quot;" file="E:\coupony-backend\tests\Property\WebhookIdempotencyPropertyTest.php" line="68" class="Tests\Property\WebhookIdempotencyPropertyTest" classname="Tests.Property.WebhookIdempotencyPropertyTest" assertions="5" time="0.044397"/>
          <testcase name="test_webhook_processing_is_idempotent with data set &quot;iteration_42_success__repeat_2&quot;" file="E:\coupony-backend\tests\Property\WebhookIdempotencyPropertyTest.php" line="68" class="Tests\Property\WebhookIdempotencyPropertyTest" classname="Tests.Property.WebhookIdempotencyPropertyTest" assertions="4" time="0.041696"/>
          <testcase name="test_webhook_processing_is_idempotent with data set &quot;iteration_43_success__repeat_2&quot;" file="E:\coupony-backend\tests\Property\WebhookIdempotencyPropertyTest.php" line="68" class="Tests\Property\WebhookIdempotencyPropertyTest" classname="Tests.Property.WebhookIdempotencyPropertyTest" assertions="4" time="0.041016"/>
          <testcase name="test_webhook_processing_is_idempotent with data set &quot;iteration_44_success_1_repeat_3&quot;" file="E:\coupony-backend\tests\Property\WebhookIdempotencyPropertyTest.php" line="68" class="Tests\Property\WebhookIdempotencyPropertyTest" classname="Tests.Property.WebhookIdempotencyPropertyTest" assertions="5" time="0.044403"/>
          <testcase name="test_webhook_processing_is_idempotent with data set &quot;iteration_45_success_1_repeat_2&quot;" file="E:\coupony-backend\tests\Property\WebhookIdempotencyPropertyTest.php" line="68" class="Tests\Property\WebhookIdempotencyPropertyTest" classname="Tests.Property.WebhookIdempotencyPropertyTest" assertions="5" time="0.042598"/>
          <testcase name="test_webhook_processing_is_idempotent with data set &quot;iteration_46_success__repeat_5&quot;" file="E:\coupony-backend\tests\Property\WebhookIdempotencyPropertyTest.php" line="68" class="Tests\Property\WebhookIdempotencyPropertyTest" classname="Tests.Property.WebhookIdempotencyPropertyTest" assertions="4" time="0.042177"/>
          <testcase name="test_webhook_processing_is_idempotent with data set &quot;iteration_47_success_1_repeat_2&quot;" file="E:\coupony-backend\tests\Property\WebhookIdempotencyPropertyTest.php" line="68" class="Tests\Property\WebhookIdempotencyPropertyTest" classname="Tests.Property.WebhookIdempotencyPropertyTest" assertions="5" time="0.042808"/>
          <testcase name="test_webhook_processing_is_idempotent with data set &quot;iteration_48_success_1_repeat_5&quot;" file="E:\coupony-backend\tests\Property\WebhookIdempotencyPropertyTest.php" line="68" class="Tests\Property\WebhookIdempotencyPropertyTest" classname="Tests.Property.WebhookIdempotencyPropertyTest" assertions="5" time="0.043244"/>
          <testcase name="test_webhook_processing_is_idempotent with data set &quot;iteration_49_success_1_repeat_5&quot;" file="E:\coupony-backend\tests\Property\WebhookIdempotencyPropertyTest.php" line="68" class="Tests\Property\WebhookIdempotencyPropertyTest" classname="Tests.Property.WebhookIdempotencyPropertyTest" assertions="5" time="0.138244"/>
          <testcase name="test_webhook_processing_is_idempotent with data set &quot;iteration_50_success_1_repeat_2&quot;" file="E:\coupony-backend\tests\Property\WebhookIdempotencyPropertyTest.php" line="68" class="Tests\Property\WebhookIdempotencyPropertyTest" classname="Tests.Property.WebhookIdempotencyPropertyTest" assertions="5" time="0.048569"/>
          <testcase name="test_webhook_processing_is_idempotent with data set &quot;iteration_51_success_1_repeat_3&quot;" file="E:\coupony-backend\tests\Property\WebhookIdempotencyPropertyTest.php" line="68" class="Tests\Property\WebhookIdempotencyPropertyTest" classname="Tests.Property.WebhookIdempotencyPropertyTest" assertions="5" time="0.044281"/>
          <testcase name="test_webhook_processing_is_idempotent with data set &quot;iteration_52_success__repeat_5&quot;" file="E:\coupony-backend\tests\Property\WebhookIdempotencyPropertyTest.php" line="68" class="Tests\Property\WebhookIdempotencyPropertyTest" classname="Tests.Property.WebhookIdempotencyPropertyTest" assertions="4" time="0.044873"/>
          <testcase name="test_webhook_processing_is_idempotent with data set &quot;iteration_53_success__repeat_4&quot;" file="E:\coupony-backend\tests\Property\WebhookIdempotencyPropertyTest.php" line="68" class="Tests\Property\WebhookIdempotencyPropertyTest" classname="Tests.Property.WebhookIdempotencyPropertyTest" assertions="4" time="0.043282"/>
          <testcase name="test_webhook_processing_is_idempotent with data set &quot;iteration_54_success_1_repeat_4&quot;" file="E:\coupony-backend\tests\Property\WebhookIdempotencyPropertyTest.php" line="68" class="Tests\Property\WebhookIdempotencyPropertyTest" classname="Tests.Property.WebhookIdempotencyPropertyTest" assertions="5" time="0.045281"/>
          <testcase name="test_webhook_processing_is_idempotent with data set &quot;iteration_55_success__repeat_5&quot;" file="E:\coupony-backend\tests\Property\WebhookIdempotencyPropertyTest.php" line="68" class="Tests\Property\WebhookIdempotencyPropertyTest" classname="Tests.Property.WebhookIdempotencyPropertyTest" assertions="4" time="0.042085"/>
          <testcase name="test_webhook_processing_is_idempotent with data set &quot;iteration_56_success__repeat_2&quot;" file="E:\coupony-backend\tests\Property\WebhookIdempotencyPropertyTest.php" line="68" class="Tests\Property\WebhookIdempotencyPropertyTest" classname="Tests.Property.WebhookIdempotencyPropertyTest" assertions="4" time="0.042819"/>
          <testcase name="test_webhook_processing_is_idempotent with data set &quot;iteration_57_success__repeat_2&quot;" file="E:\coupony-backend\tests\Property\WebhookIdempotencyPropertyTest.php" line="68" class="Tests\Property\WebhookIdempotencyPropertyTest" classname="Tests.Property.WebhookIdempotencyPropertyTest" assertions="4" time="0.040805"/>
          <testcase name="test_webhook_processing_is_idempotent with data set &quot;iteration_58_success__repeat_5&quot;" file="E:\coupony-backend\tests\Property\WebhookIdempotencyPropertyTest.php" line="68" class="Tests\Property\WebhookIdempotencyPropertyTest" classname="Tests.Property.WebhookIdempotencyPropertyTest" assertions="4" time="0.136494"/>
          <testcase name="test_webhook_processing_is_idempotent with data set &quot;iteration_59_success__repeat_2&quot;" file="E:\coupony-backend\tests\Property\WebhookIdempotencyPropertyTest.php" line="68" class="Tests\Property\WebhookIdempotencyPropertyTest" classname="Tests.Property.WebhookIdempotencyPropertyTest" assertions="4" time="0.041556"/>
          <testcase name="test_webhook_processing_is_idempotent with data set &quot;iteration_60_success_1_repeat_4&quot;" file="E:\coupony-backend\tests\Property\WebhookIdempotencyPropertyTest.php" line="68" class="Tests\Property\WebhookIdempotencyPropertyTest" classname="Tests.Property.WebhookIdempotencyPropertyTest" assertions="5" time="0.042483"/>
          <testcase name="test_webhook_processing_is_idempotent with data set &quot;iteration_61_success_1_repeat_3&quot;" file="E:\coupony-backend\tests\Property\WebhookIdempotencyPropertyTest.php" line="68" class="Tests\Property\WebhookIdempotencyPropertyTest" classname="Tests.Property.WebhookIdempotencyPropertyTest" assertions="5" time="0.042413"/>
          <testcase name="test_webhook_processing_is_idempotent with data set &quot;iteration_62_success__repeat_3&quot;" file="E:\coupony-backend\tests\Property\WebhookIdempotencyPropertyTest.php" line="68" class="Tests\Property\WebhookIdempotencyPropertyTest" classname="Tests.Property.WebhookIdempotencyPropertyTest" assertions="4" time="0.041777"/>
          <testcase name="test_webhook_processing_is_idempotent with data set &quot;iteration_63_success_1_repeat_3&quot;" file="E:\coupony-backend\tests\Property\WebhookIdempotencyPropertyTest.php" line="68" class="Tests\Property\WebhookIdempotencyPropertyTest" classname="Tests.Property.WebhookIdempotencyPropertyTest" assertions="5" time="0.040912"/>
          <testcase name="test_webhook_processing_is_idempotent with data set &quot;iteration_64_success_1_repeat_4&quot;" file="E:\coupony-backend\tests\Property\WebhookIdempotencyPropertyTest.php" line="68" class="Tests\Property\WebhookIdempotencyPropertyTest" classname="Tests.Property.WebhookIdempotencyPropertyTest" assertions="5" time="0.044545"/>
          <testcase name="test_webhook_processing_is_idempotent with data set &quot;iteration_65_success_1_repeat_5&quot;" file="E:\coupony-backend\tests\Property\WebhookIdempotencyPropertyTest.php" line="68" class="Tests\Property\WebhookIdempotencyPropertyTest" classname="Tests.Property.WebhookIdempotencyPropertyTest" assertions="5" time="0.043666"/>
          <testcase name="test_webhook_processing_is_idempotent with data set &quot;iteration_66_success__repeat_5&quot;" file="E:\coupony-backend\tests\Property\WebhookIdempotencyPropertyTest.php" line="68" class="Tests\Property\WebhookIdempotencyPropertyTest" classname="Tests.Property.WebhookIdempotencyPropertyTest" assertions="4" time="0.043653"/>
          <testcase name="test_webhook_processing_is_idempotent with data set &quot;iteration_67_success__repeat_2&quot;" file="E:\coupony-backend\tests\Property\WebhookIdempotencyPropertyTest.php" line="68" class="Tests\Property\WebhookIdempotencyPropertyTest" classname="Tests.Property.WebhookIdempotencyPropertyTest" assertions="4" time="0.138317"/>
          <testcase name="test_webhook_processing_is_idempotent with data set &quot;iteration_68_success__repeat_4&quot;" file="E:\coupony-backend\tests\Property\WebhookIdempotencyPropertyTest.php" line="68" class="Tests\Property\WebhookIdempotencyPropertyTest" classname="Tests.Property.WebhookIdempotencyPropertyTest" assertions="4" time="0.042602"/>
          <testcase name="test_webhook_processing_is_idempotent with data set &quot;iteration_69_success__repeat_4&quot;" file="E:\coupony-backend\tests\Property\WebhookIdempotencyPropertyTest.php" line="68" class="Tests\Property\WebhookIdempotencyPropertyTest" classname="Tests.Property.WebhookIdempotencyPropertyTest" assertions="4" time="0.039847"/>
          <testcase name="test_webhook_processing_is_idempotent with data set &quot;iteration_70_success__repeat_3&quot;" file="E:\coupony-backend\tests\Property\WebhookIdempotencyPropertyTest.php" line="68" class="Tests\Property\WebhookIdempotencyPropertyTest" classname="Tests.Property.WebhookIdempotencyPropertyTest" assertions="4" time="0.040980"/>
          <testcase name="test_webhook_processing_is_idempotent with data set &quot;iteration_71_success_1_repeat_3&quot;" file="E:\coupony-backend\tests\Property\WebhookIdempotencyPropertyTest.php" line="68" class="Tests\Property\WebhookIdempotencyPropertyTest" classname="Tests.Property.WebhookIdempotencyPropertyTest" assertions="5" time="0.042875"/>
          <testcase name="test_webhook_processing_is_idempotent with data set &quot;iteration_72_success__repeat_4&quot;" file="E:\coupony-backend\tests\Property\WebhookIdempotencyPropertyTest.php" line="68" class="Tests\Property\WebhookIdempotencyPropertyTest" classname="Tests.Property.WebhookIdempotencyPropertyTest" assertions="4" time="0.043340"/>
          <testcase name="test_webhook_processing_is_idempotent with data set &quot;iteration_73_success_1_repeat_3&quot;" file="E:\coupony-backend\tests\Property\WebhookIdempotencyPropertyTest.php" line="68" class="Tests\Property\WebhookIdempotencyPropertyTest" classname="Tests.Property.WebhookIdempotencyPropertyTest" assertions="5" time="0.057650"/>
          <testcase name="test_webhook_processing_is_idempotent with data set &quot;iteration_74_success_1_repeat_2&quot;" file="E:\coupony-backend\tests\Property\WebhookIdempotencyPropertyTest.php" line="68" class="Tests\Property\WebhookIdempotencyPropertyTest" classname="Tests.Property.WebhookIdempotencyPropertyTest" assertions="5" time="0.043580"/>
          <testcase name="test_webhook_processing_is_idempotent with data set &quot;iteration_75_success__repeat_2&quot;" file="E:\coupony-backend\tests\Property\WebhookIdempotencyPropertyTest.php" line="68" class="Tests\Property\WebhookIdempotencyPropertyTest" classname="Tests.Property.WebhookIdempotencyPropertyTest" assertions="4" time="0.044099"/>
          <testcase name="test_webhook_processing_is_idempotent with data set &quot;iteration_76_success_1_repeat_3&quot;" file="E:\coupony-backend\tests\Property\WebhookIdempotencyPropertyTest.php" line="68" class="Tests\Property\WebhookIdempotencyPropertyTest" classname="Tests.Property.WebhookIdempotencyPropertyTest" assertions="5" time="0.140877"/>
          <testcase name="test_webhook_processing_is_idempotent with data set &quot;iteration_77_success_1_repeat_5&quot;" file="E:\coupony-backend\tests\Property\WebhookIdempotencyPropertyTest.php" line="68" class="Tests\Property\WebhookIdempotencyPropertyTest" classname="Tests.Property.WebhookIdempotencyPropertyTest" assertions="5" time="0.045464"/>
          <testcase name="test_webhook_processing_is_idempotent with data set &quot;iteration_78_success__repeat_4&quot;" file="E:\coupony-backend\tests\Property\WebhookIdempotencyPropertyTest.php" line="68" class="Tests\Property\WebhookIdempotencyPropertyTest" classname="Tests.Property.WebhookIdempotencyPropertyTest" assertions="4" time="0.044987"/>
          <testcase name="test_webhook_processing_is_idempotent with data set &quot;iteration_79_success__repeat_5&quot;" file="E:\coupony-backend\tests\Property\WebhookIdempotencyPropertyTest.php" line="68" class="Tests\Property\WebhookIdempotencyPropertyTest" classname="Tests.Property.WebhookIdempotencyPropertyTest" assertions="4" time="0.043017"/>
          <testcase name="test_webhook_processing_is_idempotent with data set &quot;iteration_80_success_1_repeat_2&quot;" file="E:\coupony-backend\tests\Property\WebhookIdempotencyPropertyTest.php" line="68" class="Tests\Property\WebhookIdempotencyPropertyTest" classname="Tests.Property.WebhookIdempotencyPropertyTest" assertions="5" time="0.045144"/>
          <testcase name="test_webhook_processing_is_idempotent with data set &quot;iteration_81_success_1_repeat_4&quot;" file="E:\coupony-backend\tests\Property\WebhookIdempotencyPropertyTest.php" line="68" class="Tests\Property\WebhookIdempotencyPropertyTest" classname="Tests.Property.WebhookIdempotencyPropertyTest" assertions="5" time="0.041860"/>
          <testcase name="test_webhook_processing_is_idempotent with data set &quot;iteration_82_success_1_repeat_2&quot;" file="E:\coupony-backend\tests\Property\WebhookIdempotencyPropertyTest.php" line="68" class="Tests\Property\WebhookIdempotencyPropertyTest" classname="Tests.Property.WebhookIdempotencyPropertyTest" assertions="5" time="0.041730"/>
          <testcase name="test_webhook_processing_is_idempotent with data set &quot;iteration_83_success_1_repeat_5&quot;" file="E:\coupony-backend\tests\Property\WebhookIdempotencyPropertyTest.php" line="68" class="Tests\Property\WebhookIdempotencyPropertyTest" classname="Tests.Property.WebhookIdempotencyPropertyTest" assertions="5" time="0.041379"/>
          <testcase name="test_webhook_processing_is_idempotent with data set &quot;iteration_84_success__repeat_4&quot;" file="E:\coupony-backend\tests\Property\WebhookIdempotencyPropertyTest.php" line="68" class="Tests\Property\WebhookIdempotencyPropertyTest" classname="Tests.Property.WebhookIdempotencyPropertyTest" assertions="4" time="0.042468"/>
          <testcase name="test_webhook_processing_is_idempotent with data set &quot;iteration_85_success_1_repeat_2&quot;" file="E:\coupony-backend\tests\Property\WebhookIdempotencyPropertyTest.php" line="68" class="Tests\Property\WebhookIdempotencyPropertyTest" classname="Tests.Property.WebhookIdempotencyPropertyTest" assertions="5" time="0.141016"/>
          <testcase name="test_webhook_processing_is_idempotent with data set &quot;iteration_86_success_1_repeat_2&quot;" file="E:\coupony-backend\tests\Property\WebhookIdempotencyPropertyTest.php" line="68" class="Tests\Property\WebhookIdempotencyPropertyTest" classname="Tests.Property.WebhookIdempotencyPropertyTest" assertions="5" time="0.043359"/>
          <testcase name="test_webhook_processing_is_idempotent with data set &quot;iteration_87_success_1_repeat_5&quot;" file="E:\coupony-backend\tests\Property\WebhookIdempotencyPropertyTest.php" line="68" class="Tests\Property\WebhookIdempotencyPropertyTest" classname="Tests.Property.WebhookIdempotencyPropertyTest" assertions="5" time="0.043274"/>
          <testcase name="test_webhook_processing_is_idempotent with data set &quot;iteration_88_success__repeat_4&quot;" file="E:\coupony-backend\tests\Property\WebhookIdempotencyPropertyTest.php" line="68" class="Tests\Property\WebhookIdempotencyPropertyTest" classname="Tests.Property.WebhookIdempotencyPropertyTest" assertions="4" time="0.043828"/>
          <testcase name="test_webhook_processing_is_idempotent with data set &quot;iteration_89_success_1_repeat_4&quot;" file="E:\coupony-backend\tests\Property\WebhookIdempotencyPropertyTest.php" line="68" class="Tests\Property\WebhookIdempotencyPropertyTest" classname="Tests.Property.WebhookIdempotencyPropertyTest" assertions="5" time="0.043249"/>
          <testcase name="test_webhook_processing_is_idempotent with data set &quot;iteration_90_success_1_repeat_5&quot;" file="E:\coupony-backend\tests\Property\WebhookIdempotencyPropertyTest.php" line="68" class="Tests\Property\WebhookIdempotencyPropertyTest" classname="Tests.Property.WebhookIdempotencyPropertyTest" assertions="5" time="0.044853"/>
          <testcase name="test_webhook_processing_is_idempotent with data set &quot;iteration_91_success__repeat_4&quot;" file="E:\coupony-backend\tests\Property\WebhookIdempotencyPropertyTest.php" line="68" class="Tests\Property\WebhookIdempotencyPropertyTest" classname="Tests.Property.WebhookIdempotencyPropertyTest" assertions="4" time="0.041494"/>
          <testcase name="test_webhook_processing_is_idempotent with data set &quot;iteration_92_success__repeat_3&quot;" file="E:\coupony-backend\tests\Property\WebhookIdempotencyPropertyTest.php" line="68" class="Tests\Property\WebhookIdempotencyPropertyTest" classname="Tests.Property.WebhookIdempotencyPropertyTest" assertions="4" time="0.041008"/>
          <testcase name="test_webhook_processing_is_idempotent with data set &quot;iteration_93_success__repeat_2&quot;" file="E:\coupony-backend\tests\Property\WebhookIdempotencyPropertyTest.php" line="68" class="Tests\Property\WebhookIdempotencyPropertyTest" classname="Tests.Property.WebhookIdempotencyPropertyTest" assertions="4" time="0.044666"/>
          <testcase name="test_webhook_processing_is_idempotent with data set &quot;iteration_94_success__repeat_4&quot;" file="E:\coupony-backend\tests\Property\WebhookIdempotencyPropertyTest.php" line="68" class="Tests\Property\WebhookIdempotencyPropertyTest" classname="Tests.Property.WebhookIdempotencyPropertyTest" assertions="4" time="0.140701"/>
          <testcase name="test_webhook_processing_is_idempotent with data set &quot;iteration_95_success_1_repeat_2&quot;" file="E:\coupony-backend\tests\Property\WebhookIdempotencyPropertyTest.php" line="68" class="Tests\Property\WebhookIdempotencyPropertyTest" classname="Tests.Property.WebhookIdempotencyPropertyTest" assertions="5" time="0.044242"/>
          <testcase name="test_webhook_processing_is_idempotent with data set &quot;iteration_96_success_1_repeat_3&quot;" file="E:\coupony-backend\tests\Property\WebhookIdempotencyPropertyTest.php" line="68" class="Tests\Property\WebhookIdempotencyPropertyTest" classname="Tests.Property.WebhookIdempotencyPropertyTest" assertions="5" time="0.048032"/>
          <testcase name="test_webhook_processing_is_idempotent with data set &quot;iteration_97_success__repeat_4&quot;" file="E:\coupony-backend\tests\Property\WebhookIdempotencyPropertyTest.php" line="68" class="Tests\Property\WebhookIdempotencyPropertyTest" classname="Tests.Property.WebhookIdempotencyPropertyTest" assertions="4" time="0.045481"/>
          <testcase name="test_webhook_processing_is_idempotent with data set &quot;iteration_98_success_1_repeat_2&quot;" file="E:\coupony-backend\tests\Property\WebhookIdempotencyPropertyTest.php" line="68" class="Tests\Property\WebhookIdempotencyPropertyTest" classname="Tests.Property.WebhookIdempotencyPropertyTest" assertions="5" time="0.045021"/>
          <testcase name="test_webhook_processing_is_idempotent with data set &quot;iteration_99_success_1_repeat_2&quot;" file="E:\coupony-backend\tests\Property\WebhookIdempotencyPropertyTest.php" line="68" class="Tests\Property\WebhookIdempotencyPropertyTest" classname="Tests.Property.WebhookIdempotencyPropertyTest" assertions="5" time="0.043732"/>
        </testsuite>
      </testsuite>
    </testsuite>
    <testsuite name="Integration" tests="7" assertions="13" errors="0" failures="1" skipped="0" time="0.290346">
      <testsuite name="Tests\Integration\SubscriptionEnforcementTest" file="E:\coupony-backend\tests\Integration\SubscriptionEnforcementTest.php" tests="7" assertions="13" errors="0" failures="1" skipped="0" time="0.290346">
        <testcase name="test_store_with_no_subscription_gets_403_subscription_required" file="E:\coupony-backend\tests\Integration\SubscriptionEnforcementTest.php" line="48" class="Tests\Integration\SubscriptionEnforcementTest" classname="Tests.Integration.SubscriptionEnforcementTest" assertions="2" time="0.038994"/>
        <testcase name="test_store_with_suspended_subscription_gets_403_store_suspended" file="E:\coupony-backend\tests\Integration\SubscriptionEnforcementTest.php" line="64" class="Tests\Integration\SubscriptionEnforcementTest" classname="Tests.Integration.SubscriptionEnforcementTest" assertions="2" time="0.039819"/>
        <testcase name="test_store_with_archived_subscription_gets_403_store_archived" file="E:\coupony-backend\tests\Integration\SubscriptionEnforcementTest.php" line="80" class="Tests\Integration\SubscriptionEnforcementTest" classname="Tests.Integration.SubscriptionEnforcementTest" assertions="2" time="0.037649"/>
        <testcase name="test_store_at_product_limit_gets_403_subscription_limit_reached" file="E:\coupony-backend\tests\Integration\SubscriptionEnforcementTest.php" line="96" class="Tests\Integration\SubscriptionEnforcementTest" classname="Tests.Integration.SubscriptionEnforcementTest" assertions="2" time="0.043981"/>
        <testcase name="test_store_without_ai_assistant_feature_gets_403_feature_locked" file="E:\coupony-backend\tests\Integration\SubscriptionEnforcementTest.php" line="115" class="Tests\Integration\SubscriptionEnforcementTest" classname="Tests.Integration.SubscriptionEnforcementTest" assertions="2" time="0.044108">
          <failure type="PHPUnit\Framework\ExpectationFailedException">Tests\Integration\SubscriptionEnforcementTest::test_store_without_ai_assistant_feature_gets_403_feature_locked&#13;
Unable to find JSON: &#13;
&#13;
[{
    "success": false,
    "error_code": "SUBSCRIPTION_FEATURE_LOCKED"
}]&#13;
&#13;
within response JSON:&#13;
&#13;
[{
    "success": false,
    "message": "api.subscription.limit_reached",
    "error_code": "SUBSCRIPTION_LIMIT_REACHED"
}].&#13;
&#13;

Failed asserting that an array has the subset Array &amp;0 [
    'success' =&gt; false,
    'error_code' =&gt; 'SUBSCRIPTION_FEATURE_LOCKED',
].
--- Expected
+++ Actual
@@ @@
 array (
   'success' =&gt; false,
   'message' =&gt; 'api.subscription.limit_reached',
-  'error_code' =&gt; 'SUBSCRIPTION_FEATURE_LOCKED',
+  'error_code' =&gt; 'SUBSCRIPTION_LIMIT_REACHED',
 )
&#13;
E:\coupony-backend\vendor\laravel\framework\src\Illuminate\Testing\Constraints\ArraySubset.php:80
E:\coupony-backend\vendor\laravel\framework\src\Illuminate\Testing\Assert.php:36
E:\coupony-backend\vendor\laravel\framework\src\Illuminate\Testing\AssertableJsonString.php:319
E:\coupony-backend\vendor\laravel\framework\src\Illuminate\Testing\TestResponse.php:856
E:\coupony-backend\tests\Integration\SubscriptionEnforcementTest.php:141</failure>
        </testcase>
        <testcase name="test_degraded_store_allows_get_requests" file="E:\coupony-backend\tests\Integration\SubscriptionEnforcementTest.php" line="149" class="Tests\Integration\SubscriptionEnforcementTest" classname="Tests.Integration.SubscriptionEnforcementTest" assertions="1" time="0.042126"/>
        <testcase name="test_degraded_store_blocks_post_when_at_limit" file="E:\coupony-backend\tests\Integration\SubscriptionEnforcementTest.php" line="160" class="Tests\Integration\SubscriptionEnforcementTest" classname="Tests.Integration.SubscriptionEnforcementTest" assertions="2" time="0.043668"/>
      </testsuite>
    </testsuite>
  </testsuite>
</testsuites>
